2026-05-18 09:49:44,386 | INFO     | ======================================================================
2026-05-18 09:49:44,386 | INFO     | 🔍 VPN KEY CHECKER - Начало проверки
2026-05-18 09:49:44,386 | INFO     | ⏰ Время старта: 2026-05-18 09:49:44
2026-05-18 09:49:44,386 | INFO     | 📂 Рабочая директория: /home/runner/work/vpn-vless-configs-russia/vpn-vless-configs-russia
2026-05-18 09:49:44,386 | INFO     | ======================================================================
2026-05-18 09:49:44,387 | INFO     | 
2026-05-18 09:49:44,387 | INFO     | 🔍 Проверка наличия скриптов...
2026-05-18 09:49:44,387 | INFO     |   ✅ mirror.py
2026-05-18 09:49:44,387 | INFO     |   ✅ filter_ru_sni.py
2026-05-18 09:49:44,387 | INFO     |   ✅ filter_ru_sni_local.py
2026-05-18 09:49:44,387 | INFO     | 
2026-05-18 09:49:44,387 | INFO     | 
2026-05-18 09:49:44,387 | INFO     | ──────────────────────────────────────────────────────────────────────
2026-05-18 09:49:44,387 | INFO     | 📌 ЭТАП: Загрузка и geo-фильтрация
2026-05-18 09:49:44,387 | INFO     | ──────────────────────────────────────────────────────────────────────
2026-05-18 09:49:44,387 | INFO     | 🚀 Запуск mirror.py (Загрузка и фильтрация по РФ/СНГ/Европа)...
2026-05-18 09:52:20,991 | INFO     |   → 🚀 Старт: всего источников (старые + новые): 905
2026-05-18 09:52:20,991 | INFO     |   → 1/905: ✅ 13 взято | 🗑️ 242 мусор
2026-05-18 09:52:20,991 | INFO     |   → 2/905: ✅ 0 взято | 🗑️ 0 мусор
2026-05-18 09:52:20,991 | INFO     |   → 3/905 ❌ HTTP 404 — https://bitbucket.org/huwo1/proxy_nodes/raw/f31ca9ec67b84071515729ff45b011b6b09c10f2/clash.yaml
2026-05-18 09:52:20,992 | INFO     |   → 4/905 ❌ HTTP 404 — https://cdn.jsdelivr.net/gh/cry0ice/genode@main/public/all.txt
2026-05-18 09:52:20,992 | INFO     |   → 5/905 ❌ HTTP 404 — https://cdn.jsdelivr.net/gh/cry0ice/genode@main/public/ss.txt
2026-05-18 09:52:20,992 | INFO     |   → 6/905 ❌ HTTP 404 — https://cdn.jsdelivr.net/gh/cry0ice/genode@main/public/ssr.txt
2026-05-18 09:52:20,992 | INFO     |   → 7/905 ❌ HTTP 404 — https://cdn.jsdelivr.net/gh/cry0ice/genode@main/public/trojan.txt
2026-05-18 09:52:20,992 | INFO     |   → 8/905 ❌ HTTP 404 — https://cdn.jsdelivr.net/gh/cry0ice/genode@main/public/vless.txt
2026-05-18 09:52:20,992 | INFO     |   → 9/905 ❌ HTTP 404 — https://cdn.jsdelivr.net/gh/cry0ice/genode@main/public/vmess.txt
2026-05-18 09:52:20,992 | INFO     |   → 10/905: ✅ 0 взято | 🗑️ 0 мусор
2026-05-18 09:52:20,992 | INFO     |   → 11/905: ✅ 0 взято | 🗑️ 0 мусор
2026-05-18 09:52:20,992 | INFO     |   → 12/905: ✅ 0 взято | 🗑️ 0 мусор
2026-05-18 09:52:20,992 | INFO     |   → 13/905: ✅ 0 взято | 🗑️ 0 мусор
2026-05-18 09:52:20,992 | INFO     |   → 14/905: ✅ 0 взято | 🗑️ 0 мусор
2026-05-18 09:52:20,992 | INFO     |   → 15/905: ✅ 0 взято | 🗑️ 0 мусор
2026-05-18 09:52:20,992 | INFO     |   → 16/905: ✅ 0 взято | 🗑️ 0 мусор
2026-05-18 09:52:20,992 | INFO     |   → 17/905: ✅ 0 взято | 🗑️ 0 мусор
2026-05-18 09:52:20,992 | INFO     |   → 18/905: ✅ 0 взято | 🗑️ 0 мусор
2026-05-18 09:52:20,992 | INFO     |   → 19/905: ✅ 0 взято | 🗑️ 0 мусор
2026-05-18 09:52:20,992 | INFO     |   → 20/905: ✅ 0 взято | 🗑️ 0 мусор
2026-05-18 09:52:20,992 | INFO     |   → 21/905: ✅ 0 взято | 🗑️ 0 мусор
2026-05-18 09:52:20,992 | INFO     |   → 22/905: ✅ 0 взято | 🗑️ 0 мусор
2026-05-18 09:52:20,993 | INFO     |   → 23/905: ✅ 0 взято | 🗑️ 0 мусор
2026-05-18 09:52:20,993 | INFO     |   → 24/905: ✅ 0 взято | 🗑️ 0 мусор
2026-05-18 09:52:20,993 | INFO     |   → 25/905: ✅ 0 взято | 🗑️ 0 мусор
2026-05-18 09:52:20,993 | INFO     |   → 26/905: ✅ 0 взято | 🗑️ 0 мусор
2026-05-18 09:52:20,993 | INFO     |   → 27/905: ✅ 0 взято | 🗑️ 0 мусор
2026-05-18 09:52:20,993 | INFO     |   → 28/905: ✅ 0 взято | 🗑️ 0 мусор
2026-05-18 09:52:20,993 | INFO     |   → 29/905: ✅ 0 взято | 🗑️ 0 мусор
2026-05-18 09:52:20,993 | INFO     |   → 30/905: ✅ 0 взято | 🗑️ 0 мусор
2026-05-18 09:52:20,993 | INFO     |   → 31/905: ✅ 0 взято | 🗑️ 0 мусор
2026-05-18 09:52:20,993 | INFO     |   → 32/905: ✅ 0 взято | 🗑️ 0 мусор
2026-05-18 09:52:20,993 | INFO     |   → 33/905: ✅ 0 взято | 🗑️ 0 мусор
2026-05-18 09:52:20,993 | INFO     |   → 34/905: ✅ 0 взято | 🗑️ 0 мусор
2026-05-18 09:52:20,993 | INFO     |   → 35/905: ✅ 0 взято | 🗑️ 0 мусор
2026-05-18 09:52:20,993 | INFO     |   → 36/905: ✅ 0 взято | 🗑️ 0 мусор
2026-05-18 09:52:20,993 | INFO     |   → 37/905: ✅ 0 взято | 🗑️ 0 мусор
2026-05-18 09:52:20,993 | INFO     |   → 38/905: ✅ 0 взято | 🗑️ 0 мусор
2026-05-18 09:52:20,993 | INFO     |   → 39/905: ✅ 0 взято | 🗑️ 0 мусор
2026-05-18 09:52:20,993 | INFO     |   → 40/905: ✅ 0 взято | 🗑️ 0 мусор
2026-05-18 09:52:20,993 | INFO     |   → 41/905: ✅ 0 взято | 🗑️ 0 мусор
2026-05-18 09:52:20,993 | INFO     |   → 42/905: ✅ 0 взято | 🗑️ 0 мусор
2026-05-18 09:52:20,993 | INFO     |   → 43/905: ✅ 0 взято | 🗑️ 0 мусор
2026-05-18 09:52:20,993 | INFO     |   → 44/905: ✅ 0 взято | 🗑️ 0 мусор
2026-05-18 09:52:20,993 | INFO     |   → 45/905: ✅ 0 взято | 🗑️ 0 мусор
2026-05-18 09:52:20,994 | INFO     |   → 46/905: ✅ 0 взято | 🗑️ 0 мусор
2026-05-18 09:52:20,994 | INFO     |   → 47/905: ✅ 0 взято | 🗑️ 0 мусор
2026-05-18 09:52:20,994 | INFO     |   → 48/905: ✅ 0 взято | 🗑️ 0 мусор
2026-05-18 09:52:20,994 | INFO     |   → 49/905: ✅ 0 взято | 🗑️ 0 мусор
2026-05-18 09:52:20,994 | INFO     |   → 50/905: ✅ 0 взято | 🗑️ 0 мусор
2026-05-18 09:52:20,994 | INFO     |   → 51/905: ✅ 0 взято | 🗑️ 0 мусор
2026-05-18 09:52:20,994 | INFO     |   → 52/905: ✅ 0 взято | 🗑️ 0 мусор
2026-05-18 09:52:20,994 | INFO     |   → 53/905: ✅ 0 взято | 🗑️ 0 мусор
2026-05-18 09:52:20,994 | INFO     |   → 54/905: ✅ 0 взято | 🗑️ 0 мусор
2026-05-18 09:52:20,994 | INFO     |   → 55/905: ✅ 0 взято | 🗑️ 0 мусор
2026-05-18 09:52:20,994 | INFO     |   → 56/905: ✅ 0 взято | 🗑️ 0 мусор
2026-05-18 09:52:20,994 | INFO     |   → 57/905: ✅ 0 взято | 🗑️ 0 мусор
2026-05-18 09:52:20,994 | INFO     |   → 58/905: ✅ 0 взято | 🗑️ 0 мусор
2026-05-18 09:52:20,994 | INFO     |   → 59/905: ✅ 0 взято | 🗑️ 0 мусор
2026-05-18 09:52:20,994 | INFO     |   → 60/905: ✅ 0 взято | 🗑️ 0 мусор
2026-05-18 09:52:20,994 | INFO     |   → 61/905: ✅ 0 взято | 🗑️ 0 мусор
2026-05-18 09:52:20,994 | INFO     |   → 62/905: ✅ 0 взято | 🗑️ 0 мусор
2026-05-18 09:52:20,994 | INFO     |   → 63/905: ✅ 0 взято | 🗑️ 0 мусор
2026-05-18 09:52:20,994 | INFO     |   → 64/905: ✅ 0 взято | 🗑️ 0 мусор
2026-05-18 09:52:20,994 | INFO     |   → 65/905: ✅ 0 взято | 🗑️ 0 мусор
2026-05-18 09:52:20,994 | INFO     |   → 66/905: ✅ 0 взято | 🗑️ 0 мусор
2026-05-18 09:52:20,994 | INFO     |   → 67/905: ✅ 0 взято | 🗑️ 0 мусор
2026-05-18 09:52:20,994 | INFO     |   → 68/905: ✅ 0 взято | 🗑️ 0 мусор
2026-05-18 09:52:20,995 | INFO     |   → 69/905: ✅ 0 взято | 🗑️ 0 мусор
2026-05-18 09:52:20,995 | INFO     |   → 70/905: ✅ 0 взято | 🗑️ 0 мусор
2026-05-18 09:52:20,995 | INFO     |   → 71/905: ✅ 0 взято | 🗑️ 0 мусор
2026-05-18 09:52:20,995 | INFO     |   → 72/905: ✅ 0 взято | 🗑️ 0 мусор
2026-05-18 09:52:20,995 | INFO     |   → 73/905: ✅ 0 взято | 🗑️ 0 мусор
2026-05-18 09:52:20,995 | INFO     |   → 74/905: ✅ 0 взято | 🗑️ 0 мусор
2026-05-18 09:52:20,995 | INFO     |   → 75/905: ✅ 0 взято | 🗑️ 0 мусор
2026-05-18 09:52:20,995 | INFO     |   → 76/905: ✅ 0 взято | 🗑️ 0 мусор
2026-05-18 09:52:20,995 | INFO     |   → 77/905: ✅ 0 взято | 🗑️ 0 мусор
2026-05-18 09:52:20,995 | INFO     |   → 78/905: ✅ 0 взято | 🗑️ 0 мусор
2026-05-18 09:52:20,995 | INFO     |   → 79/905: ✅ 0 взято | 🗑️ 0 мусор
2026-05-18 09:52:20,995 | INFO     |   → 80/905: ✅ 0 взято | 🗑️ 0 мусор
2026-05-18 09:52:20,995 | INFO     |   → 81/905: ✅ 0 взято | 🗑️ 0 мусор
2026-05-18 09:52:20,995 | INFO     |   → 82/905: ✅ 0 взято | 🗑️ 0 мусор
2026-05-18 09:52:20,995 | INFO     |   → 83/905: ✅ 0 взято | 🗑️ 0 мусор
2026-05-18 09:52:20,995 | INFO     |   → 84/905: ✅ 0 взято | 🗑️ 0 мусор
2026-05-18 09:52:20,995 | INFO     |   → 85/905: ✅ 0 взято | 🗑️ 0 мусор
2026-05-18 09:52:20,995 | INFO     |   → 86/905: ✅ 0 взято | 🗑️ 0 мусор
2026-05-18 09:52:20,995 | INFO     |   → 87/905: ✅ 0 взято | 🗑️ 0 мусор
2026-05-18 09:52:20,995 | INFO     |   → 88/905: ✅ 0 взято | 🗑️ 0 мусор
2026-05-18 09:52:20,995 | INFO     |   → 89/905: ✅ 0 взято | 🗑️ 0 мусор
2026-05-18 09:52:20,995 | INFO     |   → 90/905 ❌ HTTP 404 — https://freessrnode.github.io/uploads/2024/08/0-20240822.txt
2026-05-18 09:52:20,995 | INFO     |   → 91/905 ❌ HTTP 404 — https://freessrnode.github.io/uploads/2024/08/1-20240822.txt
2026-05-18 09:52:20,996 | INFO     |   → 92/905 ❌ HTTP 404 — https://freessrnode.github.io/uploads/2024/08/2-20240822.txt
2026-05-18 09:52:20,996 | INFO     |   → 93/905 ❌ HTTP 404 — https://freessrnode.github.io/uploads/2024/08/3-20240822.txt
2026-05-18 09:52:20,996 | INFO     |   → 94/905 ❌ HTTP 404 — https://freessrnode.github.io/uploads/2024/08/4-20240822.txt
2026-05-18 09:52:20,996 | INFO     |   → 95/905 ⚠️ Ошибка: HTTPSConnectionPool(host='freevpnspy.githubrowcontent.com', port=443): Max retries exceeded with url: /2024/08/20240802_novless.yaml (Caused by NameResolutionError("HTTPSConnection(host='freevpnspy.githubrowcontent.com', port=443): Failed to resolve 'freevpnspy.githubrowcontent.com' ([Errno -2] Name or service not known)")) — https://freevpnspy.githubrowcontent.com/2024/08/20240802_novless.yaml
2026-05-18 09:52:20,996 | INFO     |   → 96/905 ⚠️ Ошибка: HTTPSConnectionPool(host='freevpnspy.githubrowcontent.com', port=443): Max retries exceeded with url: /2024/08/20240802_vless.yaml (Caused by NameResolutionError("HTTPSConnection(host='freevpnspy.githubrowcontent.com', port=443): Failed to resolve 'freevpnspy.githubrowcontent.com' ([Errno -2] Name or service not known)")) — https://freevpnspy.githubrowcontent.com/2024/08/20240802_vless.yaml
2026-05-18 09:52:20,996 | INFO     |   → 97/905 ❌ HTTP 404 — https://github.com/Epodonios/bulk-xray-v2ray-vless-vmess-...-configs/raw/main/sub/Albania/config.txt
2026-05-18 09:52:20,996 | INFO     |   → 98/905 ❌ HTTP 404 — https://github.com/Epodonios/bulk-xray-v2ray-vless-vmess-...-configs/raw/main/sub/Cura%C3%A7ao/config.txt
2026-05-18 09:52:20,996 | INFO     |   → 99/905 ❌ HTTP 404 — https://github.com/Epodonios/bulk-xray-v2ray-vless-vmess-...-configs/raw/main/sub/Finland/config.txt
2026-05-18 09:52:20,996 | INFO     |   → 100/905 ❌ HTTP 404 — https://github.com/Epodonios/bulk-xray-v2ray-vless-vmess-...-configs/raw/main/sub/Iran/config.txt
2026-05-18 09:52:20,996 | INFO     |   → 101/905 ❌ HTTP 404 — https://github.com/Epodonios/bulk-xray-v2ray-vless-vmess-...-configs/raw/main/sub/Netherlands/config.txt
2026-05-18 09:52:20,996 | INFO     |   → 102/905 ❌ HTTP 404 — https://github.com/Epodonios/bulk-xray-v2ray-vless-vmess-...-configs/raw/main/sub/Norway/config.txt
2026-05-18 09:52:20,996 | INFO     |   → 103/905 ❌ HTTP 404 — https://github.com/Epodonios/bulk-xray-v2ray-vless-vmess-...-configs/raw/main/sub/Russia/config.txt
2026-05-18 09:52:20,996 | INFO     |   → 104/905: ✅ 13 взято | 🗑️ 70 мусор
2026-05-18 09:52:20,996 | INFO     |   → 105/905: ✅ 0 взято | 🗑️ 4 мусор
2026-05-18 09:52:20,996 | INFO     |   → 106/905: ✅ 0 взято | 🗑️ 7 мусор
2026-05-18 09:52:20,996 | INFO     |   → 107/905: ✅ 0 взято | 🗑️ 51 мусор
2026-05-18 09:52:20,996 | INFO     |   → 108/905: ✅ 0 взято | 🗑️ 8 мусор
2026-05-18 09:52:20,996 | INFO     |   → 109/905: ✅ 0 взято | 🗑️ 0 мусор
2026-05-18 09:52:20,996 | INFO     |   → 110/905: ✅ 17 взято | 🗑️ 119 мусор
2026-05-18 09:52:20,996 | INFO     |   → 111/905 ❌ HTTP 404 — https://github.com/MrMohebi/xray-proxy-grabber-telegram/raw/master/collected-proxies/clash-meta/all.yaml
2026-05-18 09:52:20,996 | INFO     |   → 112/905 ❌ HTTP 404 — https://github.com/MrMohebi/xray-proxy-grabber-telegram/raw/master/collected-proxies/row-url/all.txt
2026-05-18 09:52:20,996 | INFO     |   → 113/905: ✅ 0 взято | 🗑️ 0 мусор
2026-05-18 09:52:20,996 | INFO     |   → 114/905: ✅ 0 взято | 🗑️ 113 мусор
2026-05-18 09:52:20,996 | INFO     |   → 115/905: ✅ 0 взято | 🗑️ 119 мусор
2026-05-18 09:52:20,997 | INFO     |   → 116/905 ❌ HTTP 404 — https://github.com/abbasdvd3/abbasdvd10/73ec60de7a6c6aa6df4c14b511c1da60686891ca/ppo.txt
2026-05-18 09:52:20,997 | INFO     |   → 117/905 ❌ HTTP 404 — https://github.com/acymz/AutoVPN/refs/heads/main/data/V2.txt
2026-05-18 09:52:20,997 | INFO     |   → 118/905: ✅ 0 взято | 🗑️ 0 мусор
2026-05-18 09:52:20,997 | INFO     |   → 119/905: ✅ 0 взято | 🗑️ 0 мусор
2026-05-18 09:52:20,997 | INFO     |   → 120/905: ✅ 0 взято | 🗑️ 0 мусор
2026-05-18 09:52:20,997 | INFO     |   → 121/905: ✅ 0 взято | 🗑️ 0 мусор
2026-05-18 09:52:20,997 | INFO     |   → 122/905: ✅ 0 взято | 🗑️ 0 мусор
2026-05-18 09:52:20,997 | INFO     |   → 123/905: ✅ 0 взято | 🗑️ 0 мусор
2026-05-18 09:52:20,997 | INFO     |   → 124/905: ✅ 0 взято | 🗑️ 0 мусор
2026-05-18 09:52:20,997 | INFO     |   → 125/905 ❌ HTTP 404 — https://github.com/mermeroo/V2RAY-FREE/raw/main/All_Configs_base64_Sub.txt
2026-05-18 09:52:20,997 | INFO     |   → 126/905 ❌ HTTP 404 — https://github.com/mermeroo/V2RAY-FREE/raw/main/Base64/Sub1_base64.txt
2026-05-18 09:52:20,997 | INFO     |   → 127/905 ❌ HTTP 404 — https://github.com/mermeroo/V2RAY-FREE/raw/main/Base64/Sub2_base64.txt
2026-05-18 09:52:20,997 | INFO     |   → 128/905 ❌ HTTP 404 — https://github.com/mermeroo/V2RAY-FREE/raw/main/Base64/Sub3_base64.txt
2026-05-18 09:52:20,997 | INFO     |   → 129/905 ❌ HTTP 404 — https://github.com/mermeroo/V2RAY-FREE/raw/main/Base64/Sub4_base64.txt
2026-05-18 09:52:20,997 | INFO     |   → 130/905 ❌ HTTP 404 — https://github.com/mermeroo/V2RAY-FREE/raw/main/Base64/Sub5_base64.txt
2026-05-18 09:52:20,997 | INFO     |   → 131/905 ❌ HTTP 404 — https://github.com/mermeroo/telegram-configs-collector/raw/main/protocols/hysteria
2026-05-18 09:52:20,997 | INFO     |   → 132/905 ❌ HTTP 404 — https://github.com/mermeroo/telegram-configs-collector/raw/main/protocols/juicity
2026-05-18 09:52:20,997 | INFO     |   → 133/905 ❌ HTTP 404 — https://github.com/mermeroo/telegram-configs-collector/raw/main/protocols/tuic
2026-05-18 09:52:20,997 | INFO     |   → 134/905: ✅ 5 взято | 🗑️ 16 мусор
2026-05-18 09:52:20,997 | INFO     |   → 135/905: ✅ 0 взято | 🗑️ 0 мусор
2026-05-18 09:52:20,997 | INFO     |   → 136/905: ✅ 0 взято | 🗑️ 0 мусор
2026-05-18 09:52:20,997 | INFO     |   → 137/905: ✅ 0 взято | 🗑️ 0 мусор
2026-05-18 09:52:20,997 | INFO     |   → 138/905: ✅ 3 взято | 🗑️ 238 мусор
2026-05-18 09:52:20,998 | INFO     |   → 139/905: ✅ 0 взято | 🗑️ 0 мусор
2026-05-18 09:52:20,998 | INFO     |   → 140/905: ✅ 3 взято | 🗑️ 239 мусор
2026-05-18 09:52:20,998 | INFO     |   → 141/905: ✅ 0 взято | 🗑️ 0 мусор
2026-05-18 09:52:20,998 | INFO     |   → 142/905: ✅ 0 взято | 🗑️ 255 мусор
2026-05-18 09:52:20,998 | INFO     |   → 143/905: ✅ 0 взято | 🗑️ 0 мусор
2026-05-18 09:52:20,998 | INFO     |   → 144/905: ✅ 1 взято | 🗑️ 249 мусор
2026-05-18 09:52:20,998 | INFO     |   → 145/905: ✅ 0 взято | 🗑️ 0 мусор
2026-05-18 09:52:20,998 | INFO     |   → 146/905: ✅ 0 взято | 🗑️ 207 мусор
2026-05-18 09:52:20,998 | INFO     |   → 147/905: ✅ 0 взято | 🗑️ 0 мусор
2026-05-18 09:52:20,998 | INFO     |   → 148/905: ✅ 0 взято | 🗑️ 228 мусор
2026-05-18 09:52:20,998 | INFO     |   → 149/905: ✅ 0 взято | 🗑️ 0 мусор
2026-05-18 09:52:20,998 | INFO     |   → 150/905: ✅ 1 взято | 🗑️ 291 мусор
2026-05-18 09:52:20,998 | INFO     |   → 151/905: ✅ 0 взято | 🗑️ 0 мусор
2026-05-18 09:52:20,998 | INFO     |   → 152/905: ✅ 3 взято | 🗑️ 221 мусор
2026-05-18 09:52:20,998 | INFO     |   → 153/905: ✅ 0 взято | 🗑️ 0 мусор
2026-05-18 09:52:20,998 | INFO     |   → 154/905: ✅ 1 взято | 🗑️ 222 мусор
2026-05-18 09:52:20,998 | INFO     |   → 155/905: ✅ 0 взято | 🗑️ 0 мусор
2026-05-18 09:52:20,998 | INFO     |   → 156/905: ✅ 1 взято | 🗑️ 218 мусор
2026-05-18 09:52:20,998 | INFO     |   → 157/905: ✅ 0 взято | 🗑️ 0 мусор
2026-05-18 09:52:20,998 | INFO     |   → 158/905: ✅ 0 взято | 🗑️ 193 мусор
2026-05-18 09:52:20,998 | INFO     |   → 159/905: ✅ 0 взято | 🗑️ 0 мусор
2026-05-18 09:52:20,998 | INFO     |   → 160/905: ✅ 0 взято | 🗑️ 290 мусор
2026-05-18 09:52:20,998 | INFO     |   → 161/905: ✅ 0 взято | 🗑️ 0 мусор
2026-05-18 09:52:20,999 | INFO     |   → 162/905: ✅ 0 взято | 🗑️ 238 мусор
2026-05-18 09:52:20,999 | INFO     |   → 163/905: ✅ 0 взято | 🗑️ 0 мусор
2026-05-18 09:52:20,999 | INFO     |   → 164/905: ✅ 0 взято | 🗑️ 221 мусор
2026-05-18 09:52:20,999 | INFO     |   → 165/905: ✅ 0 взято | 🗑️ 0 мусор
2026-05-18 09:52:20,999 | INFO     |   → 166/905: ✅ 0 взято | 🗑️ 248 мусор
2026-05-18 09:52:20,999 | INFO     |   → 167/905: ✅ 0 взято | 🗑️ 0 мусор
2026-05-18 09:52:20,999 | INFO     |   → 168/905: ✅ 0 взято | 🗑️ 203 мусор
2026-05-18 09:52:20,999 | INFO     |   → 169/905: ✅ 0 взято | 🗑️ 0 мусор
2026-05-18 09:52:20,999 | INFO     |   → 170/905: ✅ 0 взято | 🗑️ 208 мусор
2026-05-18 09:52:20,999 | INFO     |   → 171/905: ✅ 0 взято | 🗑️ 0 мусор
2026-05-18 09:52:20,999 | INFO     |   → 172/905: ✅ 2 взято | 🗑️ 209 мусор
2026-05-18 09:52:20,999 | INFO     |   → 173/905: ✅ 0 взято | 🗑️ 0 мусор
2026-05-18 09:52:20,999 | INFO     |   → 174/905: ✅ 0 взято | 🗑️ 258 мусор
2026-05-18 09:52:20,999 | INFO     |   → 175/905: ✅ 0 взято | 🗑️ 0 мусор
2026-05-18 09:52:20,999 | INFO     |   → 176/905: ✅ 0 взято | 🗑️ 296 мусор
2026-05-18 09:52:20,999 | INFO     |   → 177/905: ✅ 0 взято | 🗑️ 0 мусор
2026-05-18 09:52:20,999 | INFO     |   → 178/905: ✅ 1 взято | 🗑️ 286 мусор
2026-05-18 09:52:20,999 | INFO     |   → 179/905: ✅ 0 взято | 🗑️ 0 мусор
2026-05-18 09:52:20,999 | INFO     |   → 180/905: ✅ 0 взято | 🗑️ 195 мусор
2026-05-18 09:52:20,999 | INFO     |   → 181/905: ✅ 0 взято | 🗑️ 0 мусор
2026-05-18 09:52:20,999 | INFO     |   → 182/905: ✅ 0 взято | 🗑️ 170 мусор
2026-05-18 09:52:20,999 | INFO     |   → 183/905: ✅ 0 взято | 🗑️ 0 мусор
2026-05-18 09:52:20,999 | INFO     |   → 184/905: ✅ 0 взято | 🗑️ 160 мусор
2026-05-18 09:52:20,999 | INFO     |   → 185/905: ✅ 0 взято | 🗑️ 0 мусор
2026-05-18 09:52:21,000 | INFO     |   → 186/905: ✅ 0 взято | 🗑️ 121 мусор
2026-05-18 09:52:21,000 | INFO     |   → 187/905: ✅ 0 взято | 🗑️ 0 мусор
2026-05-18 09:52:21,000 | INFO     |   → 188/905: ✅ 0 взято | 🗑️ 135 мусор
2026-05-18 09:52:21,000 | INFO     |   → 189/905: ✅ 0 взято | 🗑️ 0 мусор
2026-05-18 09:52:21,000 | INFO     |   → 190/905: ✅ 1 взято | 🗑️ 129 мусор
2026-05-18 09:52:21,000 | INFO     |   → 191/905: ✅ 0 взято | 🗑️ 0 мусор
2026-05-18 09:52:21,000 | INFO     |   → 192/905: ✅ 0 взято | 🗑️ 189 мусор
2026-05-18 09:52:21,000 | INFO     |   → 193/905: ✅ 0 взято | 🗑️ 0 мусор
2026-05-18 09:52:21,000 | INFO     |   → 194/905: ✅ 3 взято | 🗑️ 147 мусор
2026-05-18 09:52:21,000 | INFO     |   → 195/905: ✅ 0 взято | 🗑️ 0 мусор
2026-05-18 09:52:21,000 | INFO     |   → 196/905: ✅ 1 взято | 🗑️ 183 мусор
2026-05-18 09:52:21,000 | INFO     |   → 197/905: ✅ 0 взято | 🗑️ 0 мусор
2026-05-18 09:52:21,000 | INFO     |   → 198/905: ✅ 0 взято | 🗑️ 155 мусор
2026-05-18 09:52:21,000 | INFO     |   → 199/905: ✅ 0 взято | 🗑️ 0 мусор
2026-05-18 09:52:21,000 | INFO     |   → 200/905: ✅ 0 взято | 🗑️ 114 мусор
2026-05-18 09:52:21,000 | INFO     |   → 201/905: ✅ 0 взято | 🗑️ 0 мусор
2026-05-18 09:52:21,000 | INFO     |   → 202/905: ✅ 0 взято | 🗑️ 239 мусор
2026-05-18 09:52:21,000 | INFO     |   → 203/905: ✅ 0 взято | 🗑️ 0 мусор
2026-05-18 09:52:21,000 | INFO     |   → 204/905: ✅ 0 взято | 🗑️ 204 мусор
2026-05-18 09:52:21,000 | INFO     |   → 205/905: ✅ 0 взято | 🗑️ 0 мусор
2026-05-18 09:52:21,000 | INFO     |   → 206/905: ✅ 0 взято | 🗑️ 232 мусор
2026-05-18 09:52:21,000 | INFO     |   → 207/905: ✅ 0 взято | 🗑️ 0 мусор
2026-05-18 09:52:21,000 | INFO     |   → 208/905: ✅ 0 взято | 🗑️ 192 мусор
2026-05-18 09:52:21,000 | INFO     |   → 209/905: ✅ 0 взято | 🗑️ 0 мусор
2026-05-18 09:52:21,001 | INFO     |   → 210/905: ✅ 0 взято | 🗑️ 183 мусор
2026-05-18 09:52:21,001 | INFO     |   → 211/905: ✅ 0 взято | 🗑️ 0 мусор
2026-05-18 09:52:21,001 | INFO     |   → 212/905: ✅ 0 взято | 🗑️ 169 мусор
2026-05-18 09:52:21,001 | INFO     |   → 213/905: ✅ 0 взято | 🗑️ 0 мусор
2026-05-18 09:52:21,001 | INFO     |   → 214/905: ✅ 0 взято | 🗑️ 167 мусор
2026-05-18 09:52:21,001 | INFO     |   → 215/905: ✅ 0 взято | 🗑️ 0 мусор
2026-05-18 09:52:21,001 | INFO     |   → 216/905: ✅ 0 взято | 🗑️ 193 мусор
2026-05-18 09:52:21,001 | INFO     |   → 217/905: ✅ 0 взято | 🗑️ 0 мусор
2026-05-18 09:52:21,001 | INFO     |   → 218/905 ⚠️ Ошибка: HTTPSConnectionPool(host='ivuxy.tech', port=443): Max retries exceeded with url: /v.txt (Caused by NameResolutionError("HTTPSConnection(host='ivuxy.tech', port=443): Failed to resolve 'ivuxy.tech' ([Errno -2] Name or service not known)")) — https://ivuxy.tech/v.txt
2026-05-18 09:52:21,001 | INFO     |   → 219/905 ⚠️ Ошибка: HTTPSConnectionPool(host='mirror.ghproxy.com', port=443): Max retries exceeded with url: /https://raw.githubusercontent.com/Barabama/FreeNodes/master/nodes/blues.txt (Caused by NameResolutionError("HTTPSConnection(host='mirror.ghproxy.com', port=443): Failed to resolve 'mirror.ghproxy.com' ([Errno -2] Name or service not known)")) — https://mirror.ghproxy.com/https://raw.githubusercontent.com/Barabama/FreeNodes/master/nodes/blues.txt
2026-05-18 09:52:21,001 | INFO     |   → 220/905 ⚠️ Ошибка: HTTPSConnectionPool(host='mirror.ghproxy.com', port=443): Max retries exceeded with url: /https://raw.githubusercontent.com/Barabama/FreeNodes/master/nodes/halekj.txt (Caused by NameResolutionError("HTTPSConnection(host='mirror.ghproxy.com', port=443): Failed to resolve 'mirror.ghproxy.com' ([Errno -2] Name or service not known)")) — https://mirror.ghproxy.com/https://raw.githubusercontent.com/Barabama/FreeNodes/master/nodes/halekj.txt
2026-05-18 09:52:21,001 | INFO     |   → 221/905 ⚠️ Ошибка: HTTPSConnectionPool(host='mirror.ghproxy.com', port=443): Max retries exceeded with url: /https://raw.githubusercontent.com/Barabama/FreeNodes/master/nodes/kkzui.txt (Caused by NameResolutionError("HTTPSConnection(host='mirror.ghproxy.com', port=443): Failed to resolve 'mirror.ghproxy.com' ([Errno -2] Name or service not known)")) — https://mirror.ghproxy.com/https://raw.githubusercontent.com/Barabama/FreeNodes/master/nodes/kkzui.txt
2026-05-18 09:52:21,001 | INFO     |   → 222/905 ⚠️ Ошибка: HTTPSConnectionPool(host='mirror.ghproxy.com', port=443): Max retries exceeded with url: /https://raw.githubusercontent.com/Barabama/FreeNodes/master/nodes/merged.txt (Caused by NameResolutionError("HTTPSConnection(host='mirror.ghproxy.com', port=443): Failed to resolve 'mirror.ghproxy.com' ([Errno -2] Name or service not known)")) — https://mirror.ghproxy.com/https://raw.githubusercontent.com/Barabama/FreeNodes/master/nodes/merged.txt
2026-05-18 09:52:21,001 | INFO     |   → 223/905 ⚠️ Ошибка: HTTPSConnectionPool(host='mirror.ghproxy.com', port=443): Max retries exceeded with url: /https://raw.githubusercontent.com/Barabama/FreeNodes/master/nodes/nodefree.txt (Caused by NameResolutionError("HTTPSConnection(host='mirror.ghproxy.com', port=443): Failed to resolve 'mirror.ghproxy.com' ([Errno -2] Name or service not known)")) — https://mirror.ghproxy.com/https://raw.githubusercontent.com/Barabama/FreeNodes/master/nodes/nodefree.txt
2026-05-18 09:52:21,001 | INFO     |   → 224/905 ⚠️ Ошибка: HTTPSConnectionPool(host='mirror.ghproxy.com', port=443): Max retries exceeded with url: /https://raw.githubusercontent.com/Barabama/FreeNodes/master/nodes/openrunner.txt (Caused by NameResolutionError("HTTPSConnection(host='mirror.ghproxy.com', port=443): Failed to resolve 'mirror.ghproxy.com' ([Errno -2] Name or service not known)")) — https://mirror.ghproxy.com/https://raw.githubusercontent.com/Barabama/FreeNodes/master/nodes/openrunner.txt
2026-05-18 09:52:21,001 | INFO     |   → 225/905 ⚠️ Ошибка: HTTPSConnectionPool(host='mirror.ghproxy.com', port=443): Max retries exceeded with url: /https://raw.githubusercontent.com/Barabama/FreeNodes/master/nodes/v2rayshare.txt (Caused by NameResolutionError("HTTPSConnection(host='mirror.ghproxy.com', port=443): Failed to resolve 'mirror.ghproxy.com' ([Errno -2] Name or service not known)")) — https://mirror.ghproxy.com/https://raw.githubusercontent.com/Barabama/FreeNodes/master/nodes/v2rayshare.txt
2026-05-18 09:52:21,001 | INFO     |   → 226/905 ⚠️ Ошибка: HTTPSConnectionPool(host='mirror.ghproxy.com', port=443): Max retries exceeded with url: /https://raw.githubusercontent.com/Barabama/FreeNodes/master/nodes/wenode.txt (Caused by NameResolutionError("HTTPSConnection(host='mirror.ghproxy.com', port=443): Failed to resolve 'mirror.ghproxy.com' ([Errno -2] Name or service not known)")) — https://mirror.ghproxy.com/https://raw.githubusercontent.com/Barabama/FreeNodes/master/nodes/wenode.txt
2026-05-18 09:52:21,001 | INFO     |   → 227/905 ⚠️ Ошибка: HTTPSConnectionPool(host='mirror.ghproxy.com', port=443): Max retries exceeded with url: /https://raw.githubusercontent.com/Barabama/FreeNodes/master/nodes/yudou66.txt (Caused by NameResolutionError("HTTPSConnection(host='mirror.ghproxy.com', port=443): Failed to resolve 'mirror.ghproxy.com' ([Errno -2] Name or service not known)")) — https://mirror.ghproxy.com/https://raw.githubusercontent.com/Barabama/FreeNodes/master/nodes/yudou66.txt
2026-05-18 09:52:21,001 | INFO     |   → 228/905: ✅ 7 взято | 🗑️ 17 мусор
2026-05-18 09:52:21,001 | INFO     |   → 229/905: ✅ 0 взято | 🗑️ 17 мусор
2026-05-18 09:52:21,001 | INFO     |   → 230/905: ✅ 14 взято | 🗑️ 14 мусор
2026-05-18 09:52:21,001 | INFO     |   → 231/905: ✅ 0 взято | 🗑️ 14 мусор
2026-05-18 09:52:21,001 | INFO     |   → 232/905: ✅ 0 взято | 🗑️ 14 мусор
2026-05-18 09:52:21,001 | INFO     |   → 233/905: ✅ 0 взято | 🗑️ 14 мусор
2026-05-18 09:52:21,002 | INFO     |   → 234/905: ✅ 0 взято | 🗑️ 14 мусор
2026-05-18 09:52:21,002 | INFO     |   → 235/905: ✅ 0 взято | 🗑️ 14 мусор
2026-05-18 09:52:21,002 | INFO     |   → 236/905: ✅ 0 взято | 🗑️ 14 мусор
2026-05-18 09:52:21,002 | INFO     |   → 237/905: ✅ 0 взято | 🗑️ 14 мусор
2026-05-18 09:52:21,002 | INFO     |   → 238/905: ✅ 0 взято | 🗑️ 14 мусор
2026-05-18 09:52:21,002 | INFO     |   → 239/905: ✅ 7 взято | 🗑️ 21 мусор
2026-05-18 09:52:21,002 | INFO     |   → 240/905: ✅ 0 взято | 🗑️ 21 мусор
2026-05-18 09:52:21,002 | INFO     |   → 241/905: ✅ 0 взято | 🗑️ 21 мусор
2026-05-18 09:52:21,002 | INFO     |   → 242/905: ✅ 0 взято | 🗑️ 21 мусор
2026-05-18 09:52:21,002 | INFO     |   → 243/905: ✅ 0 взято | 🗑️ 21 мусор
2026-05-18 09:52:21,002 | INFO     |   → 244/905: ✅ 0 взято | 🗑️ 21 мусор
2026-05-18 09:52:21,002 | INFO     |   → 245/905: ✅ 0 взято | 🗑️ 21 мусор
2026-05-18 09:52:21,002 | INFO     |   → 246/905: ✅ 0 взято | 🗑️ 21 мусор
2026-05-18 09:52:21,002 | INFO     |   → 247/905: ✅ 0 взято | 🗑️ 21 мусор
2026-05-18 09:52:21,002 | INFO     |   → 248/905: ✅ 0 взято | 🗑️ 21 мусор
2026-05-18 09:52:21,002 | INFO     |   → 249/905: ✅ 0 взято | 🗑️ 21 мусор
2026-05-18 09:52:21,002 | INFO     |   → 250/905: ✅ 5 взято | 🗑️ 15 мусор
2026-05-18 09:52:21,002 | INFO     |   → 251/905: ✅ 0 взято | 🗑️ 15 мусор
2026-05-18 09:52:21,002 | INFO     |   → 252/905: ✅ 0 взято | 🗑️ 15 мусор
2026-05-18 09:52:21,002 | INFO     |   → 253/905: ✅ 0 взято | 🗑️ 15 мусор
2026-05-18 09:52:21,002 | INFO     |   → 254/905: ✅ 0 взято | 🗑️ 15 мусор
2026-05-18 09:52:21,002 | INFO     |   → 255/905: ✅ 0 взято | 🗑️ 15 мусор
2026-05-18 09:52:21,002 | INFO     |   → 256/905: ✅ 0 взято | 🗑️ 15 мусор
2026-05-18 09:52:21,002 | INFO     |   → 257/905: ✅ 0 взято | 🗑️ 15 мусор
2026-05-18 09:52:21,002 | INFO     |   → 258/905: ✅ 0 взято | 🗑️ 15 мусор
2026-05-18 09:52:21,002 | INFO     |   → 259/905: ✅ 0 взято | 🗑️ 14 мусор
2026-05-18 09:52:21,003 | INFO     |   → 260/905: ✅ 0 взято | 🗑️ 14 мусор
2026-05-18 09:52:21,003 | INFO     |   → 261/905: ✅ 0 взято | 🗑️ 14 мусор
2026-05-18 09:52:21,003 | INFO     |   → 262/905: ✅ 0 взято | 🗑️ 14 мусор
2026-05-18 09:52:21,003 | INFO     |   → 263/905: ✅ 6 взято | 🗑️ 17 мусор
2026-05-18 09:52:21,003 | INFO     |   → 264/905: ✅ 0 взято | 🗑️ 17 мусор
2026-05-18 09:52:21,003 | INFO     |   → 265/905: ✅ 0 взято | 🗑️ 17 мусор
2026-05-18 09:52:21,003 | INFO     |   → 266/905: ✅ 0 взято | 🗑️ 17 мусор
2026-05-18 09:52:21,003 | INFO     |   → 267/905 ❌ HTTP 403 — https://nodefree.org/dy/2023/08/20230806.yaml
2026-05-18 09:52:21,003 | INFO     |   → 268/905 ❌ HTTP 403 — https://nodefree.org/dy/2023/12/20231221.txt
2026-05-18 09:52:21,003 | INFO     |   → 269/905: ✅ 0 взято | 🗑️ 17 мусор
2026-05-18 09:52:21,003 | INFO     |   → 270/905: ✅ 0 взято | 🗑️ 17 мусор
2026-05-18 09:52:21,003 | INFO     |   → 271/905: ✅ 0 взято | 🗑️ 14 мусор
2026-05-18 09:52:21,003 | INFO     |   → 272/905: ✅ 0 взято | 🗑️ 14 мусор
2026-05-18 09:52:21,003 | INFO     |   → 273/905: ✅ 0 взято | 🗑️ 14 мусор
2026-05-18 09:52:21,003 | INFO     |   → 274/905: ✅ 0 взято | 🗑️ 14 мусор
2026-05-18 09:52:21,003 | INFO     |   → 275/905: ✅ 0 взято | 🗑️ 14 мусор
2026-05-18 09:52:21,003 | INFO     |   → 276/905: ✅ 0 взято | 🗑️ 14 мусор
2026-05-18 09:52:21,003 | INFO     |   → 277/905: ✅ 0 взято | 🗑️ 14 мусор
2026-05-18 09:52:21,003 | INFO     |   → 278/905: ✅ 0 взято | 🗑️ 14 мусор
2026-05-18 09:52:21,003 | INFO     |   → 279/905: ✅ 0 взято | 🗑️ 14 мусор
2026-05-18 09:52:21,003 | INFO     |   → 280/905: ✅ 0 взято | 🗑️ 21 мусор
2026-05-18 09:52:21,003 | INFO     |   → 281/905: ✅ 0 взято | 🗑️ 21 мусор
2026-05-18 09:52:21,003 | INFO     |   → 282/905: ✅ 0 взято | 🗑️ 21 мусор
2026-05-18 09:52:21,003 | INFO     |   → 283/905: ✅ 0 взято | 🗑️ 21 мусор
2026-05-18 09:52:21,003 | INFO     |   → 284/905: ✅ 0 взято | 🗑️ 21 мусор
2026-05-18 09:52:21,004 | INFO     |   → 285/905: ✅ 0 взято | 🗑️ 21 мусор
2026-05-18 09:52:21,004 | INFO     |   → 286/905: ✅ 0 взято | 🗑️ 21 мусор
2026-05-18 09:52:21,004 | INFO     |   → 287/905: ✅ 0 взято | 🗑️ 21 мусор
2026-05-18 09:52:21,004 | INFO     |   → 288/905: ✅ 0 взято | 🗑️ 21 мусор
2026-05-18 09:52:21,004 | INFO     |   → 289/905: ✅ 0 взято | 🗑️ 21 мусор
2026-05-18 09:52:21,004 | INFO     |   → 290/905: ✅ 0 взято | 🗑️ 21 мусор
2026-05-18 09:52:21,004 | INFO     |   → 291/905: ✅ 0 взято | 🗑️ 15 мусор
2026-05-18 09:52:21,004 | INFO     |   → 292/905: ✅ 0 взято | 🗑️ 15 мусор
2026-05-18 09:52:21,004 | INFO     |   → 293/905: ✅ 0 взято | 🗑️ 15 мусор
2026-05-18 09:52:21,004 | INFO     |   → 294/905: ✅ 0 взято | 🗑️ 15 мусор
2026-05-18 09:52:21,004 | INFO     |   → 295/905: ✅ 0 взято | 🗑️ 15 мусор
2026-05-18 09:52:21,004 | INFO     |   → 296/905: ✅ 0 взято | 🗑️ 15 мусор
2026-05-18 09:52:21,004 | INFO     |   → 297/905: ✅ 0 взято | 🗑️ 15 мусор
2026-05-18 09:52:21,004 | INFO     |   → 298/905: ✅ 0 взято | 🗑️ 15 мусор
2026-05-18 09:52:21,004 | INFO     |   → 299/905: ✅ 0 взято | 🗑️ 15 мусор
2026-05-18 09:52:21,004 | INFO     |   → 300/905: ✅ 0 взято | 🗑️ 15 мусор
2026-05-18 09:52:21,004 | INFO     |   → 301/905: ✅ 0 взято | 🗑️ 14 мусор
2026-05-18 09:52:21,004 | INFO     |   → 302/905: ✅ 0 взято | 🗑️ 14 мусор
2026-05-18 09:52:21,004 | INFO     |   → 303/905: ✅ 0 взято | 🗑️ 14 мусор
2026-05-18 09:52:21,004 | INFO     |   → 304/905: ✅ 0 взято | 🗑️ 14 мусор
2026-05-18 09:52:21,004 | INFO     |   → 305/905: ✅ 0 взято | 🗑️ 17 мусор
2026-05-18 09:52:21,004 | INFO     |   → 306/905: ✅ 0 взято | 🗑️ 17 мусор
2026-05-18 09:52:21,004 | INFO     |   → 307/905: ✅ 0 взято | 🗑️ 17 мусор
2026-05-18 09:52:21,004 | INFO     |   → 308/905: ✅ 0 взято | 🗑️ 0 мусор
2026-05-18 09:52:21,004 | INFO     |   → 309/905: ✅ 0 взято | 🗑️ 0 мусор
2026-05-18 09:52:21,005 | INFO     |   → 310/905: ✅ 0 взято | 🗑️ 0 мусор
2026-05-18 09:52:21,005 | INFO     |   → 311/905: ✅ 0 взято | 🗑️ 0 мусор
2026-05-18 09:52:21,005 | INFO     |   → 312/905: ✅ 0 взято | 🗑️ 0 мусор
2026-05-18 09:52:21,005 | INFO     |   → 313/905: ✅ 0 взято | 🗑️ 0 мусор
2026-05-18 09:52:21,005 | INFO     |   → 314/905: ✅ 0 взято | 🗑️ 0 мусор
2026-05-18 09:52:21,005 | INFO     |   → 315/905: ✅ 0 взято | 🗑️ 0 мусор
2026-05-18 09:52:21,005 | INFO     |   → 316/905: ✅ 0 взято | 🗑️ 0 мусор
2026-05-18 09:52:21,005 | INFO     |   → 317/905: ✅ 0 взято | 🗑️ 0 мусор
2026-05-18 09:52:21,005 | INFO     |   → 318/905: ✅ 0 взято | 🗑️ 0 мусор
2026-05-18 09:52:21,005 | INFO     |   → 319/905: ✅ 0 взято | 🗑️ 0 мусор
2026-05-18 09:52:21,005 | INFO     |   → 320/905 ❌ HTTP 404 — https://raw.githubusercontent.com/10ium/MihomoSaz/main/Sublist/shatakvpn.yaml4_Sub.txt
2026-05-18 09:52:21,005 | INFO     |   → 321/905: ✅ 0 взято | 🗑️ 0 мусор
2026-05-18 09:52:21,005 | INFO     |   → 322/905: ✅ 0 взято | 🗑️ 0 мусор
2026-05-18 09:52:21,005 | INFO     |   → 323/905: ✅ 12 взято | 🗑️ 38 мусор
2026-05-18 09:52:21,005 | INFO     |   → 324/905: ✅ 0 взято | 🗑️ 0 мусор
2026-05-18 09:52:21,005 | INFO     |   → 325/905: ✅ 0 взято | 🗑️ 0 мусор
2026-05-18 09:52:21,005 | INFO     |   → 326/905: ✅ 11 взято | 🗑️ 399 мусор
2026-05-18 09:52:21,005 | INFO     |   → 327/905: ✅ 0 взято | 🗑️ 0 мусор
2026-05-18 09:52:21,005 | INFO     |   → 328/905 ❌ HTTP 404 — https://raw.githubusercontent.com/9Fork/openit/main/Clash.yaml
2026-05-18 09:52:21,005 | INFO     |   → 329/905: ✅ 100 взято | 🗑️ 381 мусор
2026-05-18 09:52:21,005 | INFO     |   → 330/905: ✅ 0 взято | 🗑️ 381 мусор
2026-05-18 09:52:21,005 | INFO     |   → 331/905: ✅ 19 взято | 🗑️ 81 мусор
2026-05-18 09:52:21,005 | INFO     |   → 332/905: ✅ 11 взято | 🗑️ 87 мусор
2026-05-18 09:52:21,005 | INFO     |   → 333/905: ✅ 27 взято | 🗑️ 73 мусор
2026-05-18 09:52:21,006 | INFO     |   → 334/905: ✅ 13 взято | 🗑️ 75 мусор
2026-05-18 09:52:21,006 | INFO     |   → 335/905: ✅ 10 взято | 🗑️ 83 мусор
2026-05-18 09:52:21,006 | INFO     |   → 336/905: ✅ 12 взято | 🗑️ 86 мусор
2026-05-18 09:52:21,006 | INFO     |   → 337/905: ✅ 11 взято | 🗑️ 87 мусор
2026-05-18 09:52:21,006 | INFO     |   → 338/905: ✅ 11 взято | 🗑️ 80 мусор
2026-05-18 09:52:21,006 | INFO     |   → 339/905: ✅ 9 взято | 🗑️ 82 мусор
2026-05-18 09:52:21,006 | INFO     |   → 340/905: ✅ 69 взято | 🗑️ 3 мусор
2026-05-18 09:52:21,006 | INFO     |   → 341/905: ✅ 3 взято | 🗑️ 75 мусор
2026-05-18 09:52:21,006 | INFO     |   → 342/905: ✅ 4 взято | 🗑️ 69 мусор
2026-05-18 09:52:21,006 | INFO     |   → 343/905: ✅ 4 взято | 🗑️ 80 мусор
2026-05-18 09:52:21,006 | INFO     |   → 344/905: ✅ 6 взято | 🗑️ 81 мусор
2026-05-18 09:52:21,006 | INFO     |   → 345/905: ✅ 5 взято | 🗑️ 79 мусор
2026-05-18 09:52:21,006 | INFO     |   → 346/905: ✅ 11 взято | 🗑️ 78 мусор
2026-05-18 09:52:21,006 | INFO     |   → 347/905: ✅ 3 взято | 🗑️ 83 мусор
2026-05-18 09:52:21,006 | INFO     |   → 348/905: ✅ 14 взято | 🗑️ 76 мусор
2026-05-18 09:52:21,006 | INFO     |   → 349/905: ✅ 12 взято | 🗑️ 78 мусор
2026-05-18 09:52:21,006 | INFO     |   → 350/905: ✅ 26 взято | 🗑️ 218 мусор
2026-05-18 09:52:21,006 | INFO     |   → 351/905: ✅ 44 взято | 🗑️ 141 мусор
2026-05-18 09:52:21,006 | INFO     |   → 352/905: ✅ 10 взято | 🗑️ 71 мусор
2026-05-18 09:52:21,006 | INFO     |   → 353/905: ✅ 2 взято | 🗑️ 88 мусор
2026-05-18 09:52:21,006 | INFO     |   → 354/905: ✅ 0 взято | 🗑️ 3 мусор
2026-05-18 09:52:21,006 | INFO     |   → 355/905: ✅ 14 взято | 🗑️ 4 мусор
2026-05-18 09:52:21,006 | INFO     |   → 356/905: ✅ 623 взято | 🗑️ 2545 мусор
2026-05-18 09:52:21,006 | INFO     |   → 357/905 ❌ HTTP 404 — https://raw.githubusercontent.com/Alvin9999/pac2/master/clash/1/config.yaml
2026-05-18 09:52:21,007 | INFO     |   → 358/905 ❌ HTTP 404 — https://raw.githubusercontent.com/AmirHDevo/temp2/7f15e7ddb311a6f8c5ab338bd1af0e1f2136a84b/configs.txt
2026-05-18 09:52:21,007 | INFO     |   → 359/905: ✅ 9 взято | 🗑️ 91 мусор
2026-05-18 09:52:21,007 | INFO     |   → 360/905: ✅ 1647 взято | 🗑️ 28947 мусор
2026-05-18 09:52:21,007 | INFO     |   → 361/905: ✅ 5 взято | 🗑️ 47 мусор
2026-05-18 09:52:21,007 | INFO     |   → 362/905: ✅ 4 взято | 🗑️ 57 мусор
2026-05-18 09:52:21,007 | INFO     |   → 363/905: ✅ 21 взято | 🗑️ 107 мусор
2026-05-18 09:52:21,007 | INFO     |   → 364/905: ✅ 78 взято | 🗑️ 347 мусор
2026-05-18 09:52:21,007 | INFO     |   → 365/905: ✅ 0 взято | 🗑️ 1373 мусор
2026-05-18 09:52:21,007 | INFO     |   → 366/905: ✅ 339 взято | 🗑️ 1542 мусор
2026-05-18 09:52:21,007 | INFO     |   → 367/905: ✅ 0 взято | 🗑️ 6 мусор
2026-05-18 09:52:21,007 | INFO     |   → 368/905: ✅ 0 взято | 🗑️ 0 мусор
2026-05-18 09:52:21,007 | INFO     |   → 369/905: ✅ 1 взято | 🗑️ 235 мусор
2026-05-18 09:52:21,007 | INFO     |   → 370/905: ✅ 0 взято | 🗑️ 16 мусор
2026-05-18 09:52:21,007 | INFO     |   → 371/905: ✅ 0 взято | 🗑️ 0 мусор
2026-05-18 09:52:21,007 | INFO     |   → 372/905: ✅ 0 взято | 🗑️ 14 мусор
2026-05-18 09:52:21,007 | INFO     |   → 373/905: ✅ 0 взято | 🗑️ 0 мусор
2026-05-18 09:52:21,007 | INFO     |   → 374/905: ✅ 0 взято | 🗑️ 17 мусор
2026-05-18 09:52:21,007 | INFO     |   → 375/905: ✅ 0 взято | 🗑️ 0 мусор
2026-05-18 09:52:21,007 | INFO     |   → 376/905: ✅ 0 взято | 🗑️ 17 мусор
2026-05-18 09:52:21,007 | INFO     |   → 377/905: ✅ 0 взято | 🗑️ 0 мусор
2026-05-18 09:52:21,007 | INFO     |   → 378/905: ✅ 0 взято | 🗑️ 17 мусор
2026-05-18 09:52:21,007 | INFO     |   → 379/905: ✅ 0 взято | 🗑️ 0 мусор
2026-05-18 09:52:21,007 | INFO     |   → 380/905: ✅ 0 взято | 🗑️ 17 мусор
2026-05-18 09:52:21,007 | INFO     |   → 381/905: ✅ 0 взято | 🗑️ 0 мусор
2026-05-18 09:52:21,008 | INFO     |   → 382/905: ✅ 0 взято | 🗑️ 193 мусор
2026-05-18 09:52:21,008 | INFO     |   → 383/905: ✅ 0 взято | 🗑️ 0 мусор
2026-05-18 09:52:21,008 | INFO     |   → 384/905: ✅ 5 взято | 🗑️ 76 мусор
2026-05-18 09:52:21,008 | INFO     |   → 385/905: ✅ 80 взято | 🗑️ 1110 мусор
2026-05-18 09:52:21,008 | INFO     |   → 386/905: ✅ 5 взято | 🗑️ 13 мусор
2026-05-18 09:52:21,008 | INFO     |   → 387/905 ❌ HTTP 404 — https://raw.githubusercontent.com/Epodonios/bulk-xray-v2ray-vless-vmess-...-configs/main/sub/Austria/config.txt
2026-05-18 09:52:21,008 | INFO     |   → 388/905 ❌ HTTP 404 — https://raw.githubusercontent.com/Epodonios/bulk-xray-v2ray-vless-vmess-...-configs/main/sub/Canada/config.txt
2026-05-18 09:52:21,008 | INFO     |   → 389/905 ❌ HTTP 404 — https://raw.githubusercontent.com/Epodonios/bulk-xray-v2ray-vless-vmess-...-configs/main/sub/Costa%20Rica/config.txt
2026-05-18 09:52:21,008 | INFO     |   → 390/905 ❌ HTTP 404 — https://raw.githubusercontent.com/Epodonios/bulk-xray-v2ray-vless-vmess-...-configs/main/sub/France/config.txt
2026-05-18 09:52:21,008 | INFO     |   → 391/905 ❌ HTTP 404 — https://raw.githubusercontent.com/Epodonios/bulk-xray-v2ray-vless-vmess-...-configs/main/sub/Germany/config.txt
2026-05-18 09:52:21,008 | INFO     |   → 392/905 ❌ HTTP 404 — https://raw.githubusercontent.com/Epodonios/bulk-xray-v2ray-vless-vmess-...-configs/main/sub/Indonesia/config.txt
2026-05-18 09:52:21,008 | INFO     |   → 393/905 ❌ HTTP 404 — https://raw.githubusercontent.com/Epodonios/bulk-xray-v2ray-vless-vmess-...-configs/main/sub/Ireland/config.txt
2026-05-18 09:52:21,008 | INFO     |   → 394/905 ❌ HTTP 404 — https://raw.githubusercontent.com/Epodonios/bulk-xray-v2ray-vless-vmess-...-configs/main/sub/Republic%20of%20Lithuania/config.txt
2026-05-18 09:52:21,008 | INFO     |   → 395/905 ❌ HTTP 404 — https://raw.githubusercontent.com/Epodonios/bulk-xray-v2ray-vless-vmess-...-configs/main/sub/South%20Africa/config.txt
2026-05-18 09:52:21,008 | INFO     |   → 396/905 ❌ HTTP 404 — https://raw.githubusercontent.com/Epodonios/bulk-xray-v2ray-vless-vmess-...-configs/main/sub/Sweden/config.txt
2026-05-18 09:52:21,008 | INFO     |   → 397/905 ❌ HTTP 404 — https://raw.githubusercontent.com/Epodonios/bulk-xray-v2ray-vless-vmess-...-configs/main/sub/Turkey/config.txt
2026-05-18 09:52:21,008 | INFO     |   → 398/905 ❌ HTTP 404 — https://raw.githubusercontent.com/Epodonios/bulk-xray-v2ray-vless-vmess-...-configs/main/sub/United%20Arab%20Emirates/config.txt
2026-05-18 09:52:21,008 | INFO     |   → 399/905 ❌ HTTP 404 — https://raw.githubusercontent.com/Epodonios/bulk-xray-v2ray-vless-vmess-...-configs/main/sub/United%20Kingdom/config.txt
2026-05-18 09:52:21,008 | INFO     |   → 400/905 ❌ HTTP 404 — https://raw.githubusercontent.com/Epodonios/bulk-xray-v2ray-vless-vmess-...-configs/main/sub/United%20States/config.txt
2026-05-18 09:52:21,008 | INFO     |   → 401/905: ✅ 374 взято | 🗑️ 3647 мусор
2026-05-18 09:52:21,008 | INFO     |   → 402/905 ❌ HTTP 404 — https://raw.githubusercontent.com/Epodonios/v2ray-configs/main/Splitted-By-Protocol/mix.txt
2026-05-18 09:52:21,008 | INFO     |   → 403/905: ✅ 82 взято | 🗑️ 361 мусор
2026-05-18 09:52:21,008 | INFO     |   → 404/905: ✅ 0 взято | 🗑️ 0 мусор
2026-05-18 09:52:21,008 | INFO     |   → 405/905: ✅ 2 взято | 🗑️ 242 мусор
2026-05-18 09:52:21,009 | INFO     |   → 406/905: ✅ 14 взято | 🗑️ 2590 мусор
2026-05-18 09:52:21,009 | INFO     |   → 407/905: ✅ 1 взято | 🗑️ 471 мусор
2026-05-18 09:52:21,009 | INFO     |   → 408/905 ❌ HTTP 404 — https://raw.githubusercontent.com/Epodonios/v2ray-configs/raw/main/Splitted-By-Protocol/trojan.txt
2026-05-18 09:52:21,009 | INFO     |   → 409/905 ❌ HTTP 404 — https://raw.githubusercontent.com/Epodonios/v2ray-configs/raw/main/Splitted-By-Protocol/vmess.txt
2026-05-18 09:52:21,009 | INFO     |   → 410/905: ✅ 0 взято | 🗑️ 361 мусор
2026-05-18 09:52:21,009 | INFO     |   → 411/905: ✅ 0 взято | 🗑️ 0 мусор
2026-05-18 09:52:21,009 | INFO     |   → 412/905: ✅ 0 взято | 🗑️ 242 мусор
2026-05-18 09:52:21,009 | INFO     |   → 413/905: ✅ 0 взято | 🗑️ 2590 мусор
2026-05-18 09:52:21,009 | INFO     |   → 414/905: ✅ 0 взято | 🗑️ 471 мусор
2026-05-18 09:52:21,009 | INFO     |   → 415/905 ❌ HTTP 404 — https://raw.githubusercontent.com/Fido6/FreeNodes/57221e59caddde55ffdda21d491ae952cd608049/nodes/halekj.txt
2026-05-18 09:52:21,009 | INFO     |   → 416/905 ❌ HTTP 404 — https://raw.githubusercontent.com/Fido6/FreeNodes/57221e59caddde55ffdda21d491ae952cd608049/nodes/kkzui.txt
2026-05-18 09:52:21,009 | INFO     |   → 417/905 ❌ HTTP 404 — https://raw.githubusercontent.com/Fido6/FreeNodes/57221e59caddde55ffdda21d491ae952cd608049/nodes/wenode.txt
2026-05-18 09:52:21,009 | INFO     |   → 418/905: ✅ 0 взято | 🗑️ 0 мусор
2026-05-18 09:52:21,009 | INFO     |   → 419/905: ✅ 0 взято | 🗑️ 0 мусор
2026-05-18 09:52:21,009 | INFO     |   → 420/905: ✅ 14 взято | 🗑️ 250 мусор
2026-05-18 09:52:21,009 | INFO     |   → 421/905: ✅ 0 взято | 🗑️ 16 мусор
2026-05-18 09:52:21,009 | INFO     |   → 422/905: ✅ 1 взято | 🗑️ 17 мусор
2026-05-18 09:52:21,009 | INFO     |   → 423/905: ✅ 4 взято | 🗑️ 11 мусор
2026-05-18 09:52:21,009 | INFO     |   → 424/905: ✅ 0 взято | 🗑️ 0 мусор
2026-05-18 09:52:21,009 | INFO     |   → 425/905: ✅ 0 взято | 🗑️ 137 мусор
2026-05-18 09:52:21,009 | INFO     |   → 426/905: ✅ 0 взято | 🗑️ 32 мусор
2026-05-18 09:52:21,009 | INFO     |   → 427/905: ✅ 2 взято | 🗑️ 19 мусор
2026-05-18 09:52:21,009 | INFO     |   → 428/905: ✅ 0 взято | 🗑️ 43 мусор
2026-05-18 09:52:21,010 | INFO     |   → 429/905: ✅ 0 взято | 🗑️ 43 мусор
2026-05-18 09:52:21,010 | INFO     |   → 430/905 ❌ HTTP 404 — https://raw.githubusercontent.com/Iran-v2ray/v2ray/main/v2ray
2026-05-18 09:52:21,010 | INFO     |   → 431/905: ✅ 0 взято | 🗑️ 1 мусор
2026-05-18 09:52:21,010 | INFO     |   → 432/905: ✅ 0 взято | 🗑️ 1 мусор
2026-05-18 09:52:21,010 | INFO     |   → 433/905: ✅ 0 взято | 🗑️ 28 мусор
2026-05-18 09:52:21,010 | INFO     |   → 434/905: ✅ 14 взято | 🗑️ 282 мусор
2026-05-18 09:52:21,010 | INFO     |   → 435/905: ✅ 0 взято | 🗑️ 94 мусор
2026-05-18 09:52:21,010 | INFO     |   → 436/905: ✅ 0 взято | 🗑️ 0 мусор
2026-05-18 09:52:21,010 | INFO     |   → 437/905: ✅ 0 взято | 🗑️ 0 мусор
2026-05-18 09:52:21,010 | INFO     |   → 438/905 ❌ HTTP 404 — https://raw.githubusercontent.com/Kwinshadow/TelegramV2rayCollector/raw/refs/heads/main/sublinks/mix.txt
2026-05-18 09:52:21,010 | INFO     |   → 439/905 ❌ HTTP 404 — https://raw.githubusercontent.com/LalatinaHub/Mineral/raw/refs/heads/master/result/nodes
2026-05-18 09:52:21,010 | INFO     |   → 440/905 ❌ HTTP 404 — https://raw.githubusercontent.com/Leon406/SubCrawler/main/sub/share/all3
2026-05-18 09:52:21,010 | INFO     |   → 441/905 ❌ HTTP 404 — https://raw.githubusercontent.com/Leon406/SubCrawler/main/sub/share/all4
2026-05-18 09:52:21,010 | INFO     |   → 442/905: ✅ 4 взято | 🗑️ 335 мусор
2026-05-18 09:52:21,010 | INFO     |   → 443/905: ✅ 0 взято | 🗑️ 33 мусор
2026-05-18 09:52:21,010 | INFO     |   → 444/905: ✅ 0 взято | 🗑️ 6 мусор
2026-05-18 09:52:21,010 | INFO     |   → 445/905: ✅ 0 взято | 🗑️ 147 мусор
2026-05-18 09:52:21,010 | INFO     |   → 446/905 ❌ HTTP 404 — https://raw.githubusercontent.com/M-Mashreghi/free-config-collector/main/Splitted-By-Protocol/ssr.txt
2026-05-18 09:52:21,010 | INFO     |   → 447/905: ✅ 139 взято | 🗑️ 114 мусор
2026-05-18 09:52:21,010 | INFO     |   → 448/905: ✅ 126 взято | 🗑️ 137 мусор
2026-05-18 09:52:21,010 | INFO     |   → 449/905: ✅ 0 взято | 🗑️ 12 мусор
2026-05-18 09:52:21,010 | INFO     |   → 450/905: ✅ 0 взято | 🗑️ 1 мусор
2026-05-18 09:52:21,010 | INFO     |   → 451/905: ✅ 108 взято | 🗑️ 468 мусор
2026-05-18 09:52:21,011 | INFO     |   → 452/905: ✅ 0 взято | 🗑️ 468 мусор
2026-05-18 09:52:21,011 | INFO     |   → 453/905 ❌ HTTP 404 — https://raw.githubusercontent.com/MatinGhanbari/v2ray-configs/main/subscriptions/filtered/subs/hy2.txt
2026-05-18 09:52:21,011 | INFO     |   → 454/905: ✅ 26 взято | 🗑️ 1553 мусор
2026-05-18 09:52:21,011 | INFO     |   → 455/905 ❌ HTTP 404 — https://raw.githubusercontent.com/MatinGhanbari/v2ray-configs/main/subscriptions/filtered/subs/ssr.txt
2026-05-18 09:52:21,011 | INFO     |   → 456/905: ✅ 59 взято | 🗑️ 544 мусор
2026-05-18 09:52:21,011 | INFO     |   → 457/905 ❌ HTTP 404 — https://raw.githubusercontent.com/MatinGhanbari/v2ray-configs/main/subscriptions/filtered/subs/tuic.txt
2026-05-18 09:52:21,011 | INFO     |   → 458/905: ✅ 12 взято | 🗑️ 240 мусор
2026-05-18 09:52:21,011 | INFO     |   → 459/905: ✅ 211 взято | 🗑️ 1283 мусор
2026-05-18 09:52:21,011 | INFO     |   → 460/905: ✅ 0 взято | 🗑️ 2 мусор
2026-05-18 09:52:21,011 | INFO     |   → 461/905: ✅ 73 взято | 🗑️ 704 мусор
2026-05-18 09:52:21,011 | INFO     |   → 462/905: ✅ 0 взято | 🗑️ 361 мусор
2026-05-18 09:52:21,011 | INFO     |   → 463/905: ✅ 0 взято | 🗑️ 361 мусор
2026-05-18 09:52:21,011 | INFO     |   → 464/905: ✅ 0 взято | 🗑️ 11 мусор
2026-05-18 09:52:21,011 | INFO     |   → 465/905: ✅ 0 взято | 🗑️ 2 мусор
2026-05-18 09:52:21,011 | INFO     |   → 466/905: ✅ 0 взято | 🗑️ 266 мусор
2026-05-18 09:52:21,011 | INFO     |   → 467/905: ✅ 0 взято | 🗑️ 72 мусор
2026-05-18 09:52:21,011 | INFO     |   → 468/905 ❌ HTTP 404 — https://raw.githubusercontent.com/MhdiTaheri/V2rayCollector/raw/refs/heads/main/sub/mix
2026-05-18 09:52:21,011 | INFO     |   → 469/905: ✅ 53 взято | 🗑️ 267 мусор
2026-05-18 09:52:21,011 | INFO     |   → 470/905 ❌ HTTP 404 — https://raw.githubusercontent.com/MhdiTaheri/V2rayCollector_Py/raw/refs/heads/main/sub/Mix/mix.txt
2026-05-18 09:52:21,011 | INFO     |   → 471/905: ✅ 0 взято | 🗑️ 0 мусор
2026-05-18 09:52:21,011 | INFO     |   → 472/905: ✅ 43 взято | 🗑️ 217 мусор
2026-05-18 09:52:21,011 | INFO     |   → 473/905: ✅ 0 взято | 🗑️ 31 мусор
2026-05-18 09:52:21,012 | INFO     |   → 474/905: ✅ 93 взято | 🗑️ 282 мусор
2026-05-18 09:52:21,012 | INFO     |   → 475/905: ✅ 0 взято | 🗑️ 26 мусор
2026-05-18 09:52:21,012 | INFO     |   → 476/905 ❌ HTTP 404 — https://raw.githubusercontent.com/MrMohebi/xray-proxy-grabber-telegram/master/collected-proxies/clash-meta/all.yaml
2026-05-18 09:52:21,012 | INFO     |   → 477/905 ❌ HTTP 404 — https://raw.githubusercontent.com/MrMohebi/xray-proxy-grabber-telegram/master/collected-proxies/row-url/actives.txt
2026-05-18 09:52:21,012 | INFO     |   → 478/905 ❌ HTTP 404 — https://raw.githubusercontent.com/MrMohebi/xray-proxy-grabber-telegram/master/collected-proxies/row-url/all.txt
2026-05-18 09:52:21,012 | INFO     |   → 479/905: ✅ 0 взято | 🗑️ 13 мусор
2026-05-18 09:52:21,012 | INFO     |   → 480/905: ✅ 0 взято | 🗑️ 13 мусор
2026-05-18 09:52:21,012 | INFO     |   → 481/905: ✅ 5 взято | 🗑️ 15 мусор
2026-05-18 09:52:21,012 | INFO     |   → 482/905: ✅ 0 взято | 🗑️ 30 мусор
2026-05-18 09:52:21,012 | INFO     |   → 483/905: ✅ 0 взято | 🗑️ 15 мусор
2026-05-18 09:52:21,012 | INFO     |   → 484/905: ✅ 66 взято | 🗑️ 123 мусор
2026-05-18 09:52:21,012 | INFO     |   → 485/905: ✅ 175 взято | 🗑️ 582 мусор
2026-05-18 09:52:21,012 | INFO     |   → 486/905: ✅ 0 взято | 🗑️ 0 мусор
2026-05-18 09:52:21,012 | INFO     |   → 487/905 ❌ HTTP 404 — https://raw.githubusercontent.com/OpenCNLink/freevpn/3cfcff048bfdd1493ccffa52ecf30ce7f9fc6b28/src/list/vmess.txt
2026-05-18 09:52:21,012 | INFO     |   → 488/905 ❌ HTTP 404 — https://raw.githubusercontent.com/Pawdro/Collection/main/sub
2026-05-18 09:52:21,012 | INFO     |   → 489/905: ✅ 0 взято | 🗑️ 20 мусор
2026-05-18 09:52:21,012 | INFO     |   → 490/905: ✅ 0 взято | 🗑️ 20 мусор
2026-05-18 09:52:21,012 | INFO     |   → 491/905: ✅ 0 взято | 🗑️ 0 мусор
2026-05-18 09:52:21,012 | INFO     |   → 492/905: ✅ 0 взято | 🗑️ 0 мусор
2026-05-18 09:52:21,012 | INFO     |   → 493/905: ✅ 0 взято | 🗑️ 50 мусор
2026-05-18 09:52:21,012 | INFO     |   → 494/905: ✅ 5 взято | 🗑️ 206 мусор
2026-05-18 09:52:21,012 | INFO     |   → 495/905: ✅ 21 взято | 🗑️ 138 мусор
2026-05-18 09:52:21,012 | INFO     |   → 496/905: ✅ 23 взято | 🗑️ 89 мусор
2026-05-18 09:52:21,013 | INFO     |   → 497/905: ✅ 9 взято | 🗑️ 85 мусор
2026-05-18 09:52:21,013 | INFO     |   → 498/905: ✅ 0 взято | 🗑️ 129 мусор
2026-05-18 09:52:21,013 | INFO     |   → 499/905: ✅ 0 взято | 🗑️ 81 мусор
2026-05-18 09:52:21,013 | INFO     |   → 500/905 ❌ HTTP 404 — https://raw.githubusercontent.com/STR97/STRUGOV/refs/heads/main/STR.BYPASS
2026-05-18 09:52:21,013 | INFO     |   → 501/905: ✅ 4 взято | 🗑️ 34 мусор
2026-05-18 09:52:21,013 | INFO     |   → 502/905: ✅ 11 взято | 🗑️ 16 мусор
2026-05-18 09:52:21,013 | INFO     |   → 503/905: ✅ 0 взято | 🗑️ 16 мусор
2026-05-18 09:52:21,013 | INFO     |   → 504/905: ✅ 0 взято | 🗑️ 27 мусор
2026-05-18 09:52:21,013 | INFO     |   → 505/905: ✅ 140 взято | 🗑️ 1153 мусор
2026-05-18 09:52:21,013 | INFO     |   → 506/905: ✅ 29 взято | 🗑️ 54 мусор
2026-05-18 09:52:21,013 | INFO     |   → 507/905: ✅ 0 взято | 🗑️ 8 мусор
2026-05-18 09:52:21,013 | INFO     |   → 508/905: ✅ 0 взято | 🗑️ 0 мусор
2026-05-18 09:52:21,013 | INFO     |   → 509/905: ✅ 2 взято | 🗑️ 1 мусор
2026-05-18 09:52:21,013 | INFO     |   → 510/905: ✅ 0 взято | 🗑️ 8 мусор
2026-05-18 09:52:21,013 | INFO     |   → 511/905: ✅ 0 взято | 🗑️ 1 мусор
2026-05-18 09:52:21,013 | INFO     |   → 512/905: ✅ 4 взято | 🗑️ 291 мусор
2026-05-18 09:52:21,013 | INFO     |   → 513/905: ✅ 0 взято | 🗑️ 119 мусор
2026-05-18 09:52:21,013 | INFO     |   → 514/905: ✅ 0 взято | 🗑️ 0 мусор
2026-05-18 09:52:21,013 | INFO     |   → 515/905 ❌ HTTP 404 — https://raw.githubusercontent.com/V2RAYCONFIGSPOOL/V2RAY_SUB/main/V2RAY_SUB.txt
2026-05-18 09:52:21,013 | INFO     |   → 516/905: ✅ 12 взято | 🗑️ 104 мусор
2026-05-18 09:52:21,013 | INFO     |   → 517/905: ✅ 19 взято | 🗑️ 76 мусор
2026-05-18 09:52:21,013 | INFO     |   → 518/905: ✅ 0 взято | 🗑️ 0 мусор
2026-05-18 09:52:21,013 | INFO     |   → 519/905: ✅ 0 взято | 🗑️ 76 мусор
2026-05-18 09:52:21,013 | INFO     |   → 520/905: ✅ 58 взято | 🗑️ 348 мусор
2026-05-18 09:52:21,014 | INFO     |   → 521/905: ✅ 1 взято | 🗑️ 231 мусор
2026-05-18 09:52:21,014 | INFO     |   → 522/905: ✅ 0 взято | 🗑️ 0 мусор
2026-05-18 09:52:21,014 | INFO     |   → 523/905: ✅ 1 взято | 🗑️ 83 мусор
2026-05-18 09:52:21,014 | INFO     |   → 524/905: ✅ 0 взято | 🗑️ 16 мусор
2026-05-18 09:52:21,014 | INFO     |   → 525/905: ✅ 0 взято | 🗑️ 16 мусор
2026-05-18 09:52:21,014 | INFO     |   → 526/905 ❌ HTTP 404 — https://raw.githubusercontent.com/aiboboxx/clashfree/main/clash.yml
2026-05-18 09:52:21,014 | INFO     |   → 527/905 ❌ HTTP 404 — https://raw.githubusercontent.com/aiboboxx/v2rayfree/main/v2
2026-05-18 09:52:21,014 | INFO     |   → 528/905 ❌ HTTP 404 — https://raw.githubusercontent.com/amirmohammad-mohammad-88/Sub-Reality-Azadi-config/Config/Azadi-Reality-Different
2026-05-18 09:52:21,014 | INFO     |   → 529/905 ❌ HTTP 404 — https://raw.githubusercontent.com/amirmohammad-mohammad-88/Sub-Reality-Azadi-config/Config/Azadi-Reality-Different-Base64
2026-05-18 09:52:21,014 | INFO     |   → 530/905: ✅ 1 взято | 🗑️ 17 мусор
2026-05-18 09:52:21,014 | INFO     |   → 531/905: ✅ 0 взято | 🗑️ 0 мусор
2026-05-18 09:52:21,014 | INFO     |   → 532/905: ✅ 4 взято | 🗑️ 114 мусор
2026-05-18 09:52:21,014 | INFO     |   → 533/905: ✅ 20 взято | 🗑️ 71 мусор
2026-05-18 09:52:21,014 | INFO     |   → 534/905 ❌ HTTP 404 — https://raw.githubusercontent.com/awesome-vpn/awesome-vpn/master/ss
2026-05-18 09:52:21,014 | INFO     |   → 535/905 ❌ HTTP 404 — https://raw.githubusercontent.com/awesome-vpn/awesome-vpn/master/ssr
2026-05-18 09:52:21,014 | INFO     |   → 536/905: ✅ 0 взято | 🗑️ 0 мусор
2026-05-18 09:52:21,014 | INFO     |   → 537/905: ✅ 1 взято | 🗑️ 22 мусор
2026-05-18 09:52:21,014 | INFO     |   → 538/905: ✅ 0 взято | 🗑️ 112 мусор
2026-05-18 09:52:21,014 | INFO     |   → 539/905 ❌ HTTP 404 — https://raw.githubusercontent.com/barry-far/V2ray-Configs/ced94ddfff48276ec365b40227561f36b1b64bc8/Sub5.txt
2026-05-18 09:52:21,014 | INFO     |   → 540/905 ❌ HTTP 404 — https://raw.githubusercontent.com/barry-far/V2ray-Configs/main/Splitted-By-Protocol/hysteria2.txt
2026-05-18 09:52:21,014 | INFO     |   → 541/905 ❌ HTTP 404 — https://raw.githubusercontent.com/barry-far/V2ray-Configs/main/Splitted-By-Protocol/vless.txt
2026-05-18 09:52:21,014 | INFO     |   → 542/905 ❌ HTTP 404 — https://raw.githubusercontent.com/barry-far/V2ray-Configs/main/Sub1.txt
2026-05-18 09:52:21,014 | INFO     |   → 543/905 ❌ HTTP 404 — https://raw.githubusercontent.com/barry-far/V2ray-Configs/refs/heads/main/All_Configs_Sub.txt
2026-05-18 09:52:21,015 | INFO     |   → 544/905: ✅ 0 взято | 🗑️ 0 мусор
2026-05-18 09:52:21,015 | INFO     |   → 545/905 ❌ HTTP 404 — https://raw.githubusercontent.com/budamu/clashconfig/main/v2ray.txt
2026-05-18 09:52:21,015 | INFO     |   → 546/905 ❌ HTTP 404 — https://raw.githubusercontent.com/budamu/clashconfig/main/v2ray2.txt
2026-05-18 09:52:21,015 | INFO     |   → 547/905: ✅ 0 взято | 🗑️ 0 мусор
2026-05-18 09:52:21,015 | INFO     |   → 548/905: ✅ 0 взято | 🗑️ 442 мусор
2026-05-18 09:52:21,015 | INFO     |   → 549/905: ✅ 0 взято | 🗑️ 0 мусор
2026-05-18 09:52:21,015 | INFO     |   → 550/905 ❌ HTTP 404 — https://raw.githubusercontent.com/chxxyz2004/zd/17fca23b73c46b5dd73e9be49b14d219b5e5f836/sub/2401/240110.txt
2026-05-18 09:52:21,015 | INFO     |   → 551/905: ✅ 0 взято | 🗑️ 44 мусор
2026-05-18 09:52:21,015 | INFO     |   → 552/905: ✅ 236 взято | 🗑️ 517 мусор
2026-05-18 09:52:21,015 | INFO     |   → 553/905 ❌ HTTP 404 — https://raw.githubusercontent.com/cxr9912/cxr2022/main/free.yaml
2026-05-18 09:52:21,015 | INFO     |   → 554/905 ❌ HTTP 404 — https://raw.githubusercontent.com/cxr9912/cxr2022/main/mix.yaml
2026-05-18 09:52:21,015 | INFO     |   → 555/905 ❌ HTTP 404 — https://raw.githubusercontent.com/cxr9912/cxr2022/main/ss.yaml
2026-05-18 09:52:21,015 | INFO     |   → 556/905 ❌ HTTP 404 — https://raw.githubusercontent.com/cxr9912/cxr2022/main/ssr.yaml
2026-05-18 09:52:21,015 | INFO     |   → 557/905 ❌ HTTP 404 — https://raw.githubusercontent.com/cxr9912/cxr2022/main/vmess.yaml
2026-05-18 09:52:21,015 | INFO     |   → 558/905 ❌ HTTP 404 — https://raw.githubusercontent.com/cxr9912/cxr2022/refs/heads/main/18cj.json
2026-05-18 09:52:21,015 | INFO     |   → 559/905 ❌ HTTP 404 — https://raw.githubusercontent.com/cxr9912/cxr2022/refs/heads/main/aaaaaaaa.yaml
2026-05-18 09:52:21,015 | INFO     |   → 560/905 ❌ HTTP 404 — https://raw.githubusercontent.com/cxr9912/cxr2022/refs/heads/main/free.yaml
2026-05-18 09:52:21,015 | INFO     |   → 561/905 ❌ HTTP 404 — https://raw.githubusercontent.com/cxr9912/cxr2022/refs/heads/main/ss2088.txt
2026-05-18 09:52:21,015 | INFO     |   → 562/905: ✅ 0 взято | 🗑️ 18 мусор
2026-05-18 09:52:21,015 | INFO     |   → 563/905: ✅ 0 взято | 🗑️ 18 мусор
2026-05-18 09:52:21,015 | INFO     |   → 564/905: ✅ 6 взято | 🗑️ 78 мусор
2026-05-18 09:52:21,015 | INFO     |   → 565/905: ✅ 6 взято | 🗑️ 4 мусор
2026-05-18 09:52:21,015 | INFO     |   → 566/905: ✅ 0 взято | 🗑️ 2 мусор
2026-05-18 09:52:21,015 | INFO     |   → 567/905: ✅ 0 взято | 🗑️ 2 мусор
2026-05-18 09:52:21,016 | INFO     |   → 568/905: ✅ 0 взято | 🗑️ 2 мусор
2026-05-18 09:52:21,016 | INFO     |   → 569/905: ✅ 0 взято | 🗑️ 3 мусор
2026-05-18 09:52:21,016 | INFO     |   → 570/905: ✅ 0 взято | 🗑️ 2 мусор
2026-05-18 09:52:21,016 | INFO     |   → 571/905: ✅ 0 взято | 🗑️ 9 мусор
2026-05-18 09:52:21,016 | INFO     |   → 572/905: ✅ 1 взято | 🗑️ 1 мусор
2026-05-18 09:52:21,016 | INFO     |   → 573/905: ✅ 0 взято | 🗑️ 10 мусор
2026-05-18 09:52:21,016 | INFO     |   → 574/905: ✅ 0 взято | 🗑️ 2 мусор
2026-05-18 09:52:21,016 | INFO     |   → 575/905: ✅ 0 взято | 🗑️ 0 мусор
2026-05-18 09:52:21,016 | INFO     |   → 576/905: ✅ 1863 взято | 🗑️ 38117 мусор
2026-05-18 09:52:21,016 | INFO     |   → 577/905: ✅ 3 взято | 🗑️ 131 мусор
2026-05-18 09:52:21,016 | INFO     |   → 578/905: ✅ 6 взято | 🗑️ 113 мусор
2026-05-18 09:52:21,016 | INFO     |   → 579/905: ✅ 0 взято | 🗑️ 0 мусор
2026-05-18 09:52:21,016 | INFO     |   → 580/905: ✅ 1 взято | 🗑️ 25 мусор
2026-05-18 09:52:21,016 | INFO     |   → 581/905: ✅ 0 взято | 🗑️ 0 мусор
2026-05-18 09:52:21,016 | INFO     |   → 582/905: ✅ 13 взято | 🗑️ 19 мусор
2026-05-18 09:52:21,016 | INFO     |   → 583/905: ✅ 0 взято | 🗑️ 5 мусор
2026-05-18 09:52:21,016 | INFO     |   → 584/905: ✅ 2 взято | 🗑️ 80 мусор
2026-05-18 09:52:21,016 | INFO     |   → 585/905 ❌ HTTP 404 — https://raw.githubusercontent.com/free-nodes/v2rayfree/main/v2
2026-05-18 09:52:21,016 | INFO     |   → 586/905 ❌ HTTP 404 — https://raw.githubusercontent.com/free-v2ray-config/trojan/main/trojan.txt
2026-05-18 09:52:21,016 | INFO     |   → 587/905 ❌ HTTP 404 — https://raw.githubusercontent.com/free-v2ray-config/vless/main/vless.txt
2026-05-18 09:52:21,016 | INFO     |   → 588/905 ❌ HTTP 404 — https://raw.githubusercontent.com/free-v2ray-config/vmess/main/vmess.txt
2026-05-18 09:52:21,016 | INFO     |   → 589/905: ✅ 5 взято | 🗑️ 169 мусор
2026-05-18 09:52:21,016 | INFO     |   → 590/905: ✅ 34 взято | 🗑️ 121 мусор
2026-05-18 09:52:21,016 | INFO     |   → 591/905: ✅ 4 взято | 🗑️ 97 мусор
2026-05-18 09:52:21,016 | INFO     |   → 592/905 ❌ HTTP 404 — https://raw.githubusercontent.com/free18/v2ray/main/Clash.yaml
2026-05-18 09:52:21,016 | INFO     |   → 593/905: ✅ 0 взято | 🗑️ 0 мусор
2026-05-18 09:52:21,017 | INFO     |   → 594/905: ✅ 0 взято | 🗑️ 15 мусор
2026-05-18 09:52:21,017 | INFO     |   → 595/905: ✅ 0 взято | 🗑️ 0 мусор
2026-05-18 09:52:21,017 | INFO     |   → 596/905: ✅ 0 взято | 🗑️ 8 мусор
2026-05-18 09:52:21,017 | INFO     |   → 597/905: ✅ 0 взято | 🗑️ 8 мусор
2026-05-18 09:52:21,017 | INFO     |   → 598/905: ✅ 0 взято | 🗑️ 8 мусор
2026-05-18 09:52:21,017 | INFO     |   → 599/905: ✅ 0 взято | 🗑️ 8 мусор
2026-05-18 09:52:21,017 | INFO     |   → 600/905 ❌ HTTP 404 — https://raw.githubusercontent.com/freev2rayconfig/V2RAY_SUB/3e6a7786a1601ee3723e8d043ae79e70dbdfd9a8/v2rayconfigs.txt
2026-05-18 09:52:21,017 | INFO     |   → 601/905 ❌ HTTP 404 — https://raw.githubusercontent.com/freev2rayconfig/V2RAY_SUBSCRIPTION_LINK/main/v2rayconfigs.txt
2026-05-18 09:52:21,017 | INFO     |   → 602/905 ❌ HTTP 404 — https://raw.githubusercontent.com/gfpcom/free-proxy-list/main/list/http.txt
2026-05-18 09:52:21,017 | INFO     |   → 603/905 ❌ HTTP 404 — https://raw.githubusercontent.com/gfpcom/free-proxy-list/main/list/https.txt
2026-05-18 09:52:21,017 | INFO     |   → 604/905 ❌ HTTP 404 — https://raw.githubusercontent.com/gfpcom/free-proxy-list/main/list/socks4.txt
2026-05-18 09:52:21,017 | INFO     |   → 605/905 ❌ HTTP 404 — https://raw.githubusercontent.com/gfpcom/free-proxy-list/main/list/socks4a.txt
2026-05-18 09:52:21,017 | INFO     |   → 606/905 ❌ HTTP 404 — https://raw.githubusercontent.com/gfpcom/free-proxy-list/main/list/socks5.txt
2026-05-18 09:52:21,017 | INFO     |   → 607/905 ❌ HTTP 404 — https://raw.githubusercontent.com/gfpcom/free-proxy-list/main/list/socks5h.txt
2026-05-18 09:52:21,017 | INFO     |   → 608/905 ❌ HTTP 404 — https://raw.githubusercontent.com/gfpcom/free-proxy-list/main/list/ss.txt
2026-05-18 09:52:21,017 | INFO     |   → 609/905 ❌ HTTP 404 — https://raw.githubusercontent.com/gfpcom/free-proxy-list/main/list/ssr.txt
2026-05-18 09:52:21,017 | INFO     |   → 610/905 ❌ HTTP 404 — https://raw.githubusercontent.com/gfpcom/free-proxy-list/main/list/trojan.txt
2026-05-18 09:52:21,017 | INFO     |   → 611/905 ❌ HTTP 404 — https://raw.githubusercontent.com/gfpcom/free-proxy-list/main/list/vless.txt
2026-05-18 09:52:21,017 | INFO     |   → 612/905 ❌ HTTP 404 — https://raw.githubusercontent.com/gfpcom/free-proxy-list/main/list/vmess.txt
2026-05-18 09:52:21,017 | INFO     |   → 613/905: ✅ 0 взято | 🗑️ 17 мусор
2026-05-18 09:52:21,017 | INFO     |   → 614/905: ✅ 0 взято | 🗑️ 0 мусор
2026-05-18 09:52:21,017 | INFO     |   → 615/905: ✅ 4 взято | 🗑️ 63 мусор
2026-05-18 09:52:21,017 | INFO     |   → 616/905 ❌ HTTP 404 — https://raw.githubusercontent.com/hameed-maleki/TVC/89a4522969c57dcc22458cae9898426e5c4f2679/lite/config.txt
2026-05-18 09:52:21,017 | INFO     |   → 617/905: ✅ 5 взято | 🗑️ 132 мусор
2026-05-18 09:52:21,017 | INFO     |   → 618/905: ✅ 0 взято | 🗑️ 56 мусор
2026-05-18 09:52:21,017 | INFO     |   → 619/905 ❌ HTTP 404 — https://raw.githubusercontent.com/hkaa0/permalink/main/proxy/V2ray
2026-05-18 09:52:21,017 | INFO     |   → 620/905 ❌ HTTP 404 — https://raw.githubusercontent.com/hkaa0/permalink/main/proxy/clash
2026-05-18 09:52:21,018 | INFO     |   → 621/905 ❌ HTTP 404 — https://raw.githubusercontent.com/hkpc/Autoproxy/6cf946ddfc677a29062007e4b47d70674474baa7/sub/2401/240110.txt
2026-05-18 09:52:21,018 | INFO     |   → 622/905 ❌ HTTP 404 — https://raw.githubusercontent.com/hkpc/V2ray-Configs/7d9aa0dabf947af180a7dd6302818ed37950531a/Sub1.txt
2026-05-18 09:52:21,018 | INFO     |   → 623/905: ✅ 0 взято | 🗑️ 14 мусор
2026-05-18 09:52:21,018 | INFO     |   → 624/905: ✅ 16 взято | 🗑️ 16 мусор
2026-05-18 09:52:21,018 | INFO     |   → 625/905 ❌ HTTP 404 — https://raw.githubusercontent.com/iboxz/free-v2ray-collector/main/main
2026-05-18 09:52:21,018 | INFO     |   → 626/905: ✅ 9 взято | 🗑️ 22 мусор
2026-05-18 09:52:21,018 | INFO     |   → 627/905: ✅ 9 взято | 🗑️ 6 мусор
2026-05-18 09:52:21,018 | INFO     |   → 628/905: ✅ 58 взято | 🗑️ 209 мусор
2026-05-18 09:52:21,018 | INFO     |   → 629/905 ❌ HTTP 404 — https://raw.githubusercontent.com/igareck/vpn-configs-for-russia/refs/heads/main/Vless-Reality-White-Lists-Rus-Cable.txt
2026-05-18 09:52:21,018 | INFO     |   → 630/905: ✅ 31 взято | 🗑️ 118 мусор
2026-05-18 09:52:21,018 | INFO     |   → 631/905: ✅ 0 взято | 🗑️ 0 мусор
2026-05-18 09:52:21,018 | INFO     |   → 632/905: ✅ 0 взято | 🗑️ 0 мусор
2026-05-18 09:52:21,018 | INFO     |   → 633/905: ✅ 23 взято | 🗑️ 9 мусор
2026-05-18 09:52:21,018 | INFO     |   → 634/905: ✅ 0 взято | 🗑️ 0 мусор
2026-05-18 09:52:21,018 | INFO     |   → 635/905: ✅ 0 взято | 🗑️ 0 мусор
2026-05-18 09:52:21,018 | INFO     |   → 636/905: ✅ 0 взято | 🗑️ 12 мусор
2026-05-18 09:52:21,018 | INFO     |   → 637/905: ✅ 0 взято | 🗑️ 43 мусор
2026-05-18 09:52:21,018 | INFO     |   → 638/905 ❌ HTTP 404 — https://raw.githubusercontent.com/jw853355718/clash_233/master/config.yml
2026-05-18 09:52:21,018 | INFO     |   → 639/905: ✅ 0 взято | 🗑️ 210 мусор
2026-05-18 09:52:21,018 | INFO     |   → 640/905: ✅ 0 взято | 🗑️ 0 мусор
2026-05-18 09:52:21,018 | INFO     |   → 641/905: ✅ 0 взято | 🗑️ 0 мусор
2026-05-18 09:52:21,018 | INFO     |   → 642/905 ❌ HTTP 404 — https://raw.githubusercontent.com/lcx12901/v2ray-/master/sspool.herokuapp.com/yzcloud.yaml
2026-05-18 09:52:21,019 | INFO     |   → 643/905 ❌ HTTP 404 — https://raw.githubusercontent.com/lcx12901/v2ray-/master/sspool.herokuapp.com/yzcloud2.yaml
2026-05-18 09:52:21,019 | INFO     |   → 644/905: ✅ 0 взято | 🗑️ 0 мусор
2026-05-18 09:52:21,019 | INFO     |   → 645/905 ❌ HTTP 404 — https://raw.githubusercontent.com/learnhard-cn/free_proxy_ss/main/clash/config.yaml
2026-05-18 09:52:21,019 | INFO     |   → 646/905: ✅ 0 взято | 🗑️ 8 мусор
2026-05-18 09:52:21,019 | INFO     |   → 647/905: ✅ 0 взято | 🗑️ 4 мусор
2026-05-18 09:52:21,019 | INFO     |   → 648/905: ✅ 0 взято | 🗑️ 0 мусор
2026-05-18 09:52:21,019 | INFO     |   → 649/905: ✅ 0 взято | 🗑️ 4 мусор
2026-05-18 09:52:21,019 | INFO     |   → 650/905: ✅ 0 взято | 🗑️ 149 мусор
2026-05-18 09:52:21,019 | INFO     |   → 651/905: ✅ 0 взято | 🗑️ 421 мусор
2026-05-18 09:52:21,019 | INFO     |   → 652/905 ❌ HTTP 404 — https://raw.githubusercontent.com/lisylva-lee/v2dyku/main/ssr
2026-05-18 09:52:21,019 | INFO     |   → 653/905 ❌ HTTP 404 — https://raw.githubusercontent.com/lisylva-lee/v2dyku/main/v2dy
2026-05-18 09:52:21,019 | INFO     |   → 654/905: ✅ 0 взято | 🗑️ 53 мусор
2026-05-18 09:52:21,019 | INFO     |   → 655/905 ❌ HTTP 404 — https://raw.githubusercontent.com/luxl-1379/merge/77247d23def72b25226dfa741614e9b07a569c72/sub/sub_merge_base64.txt
2026-05-18 09:52:21,019 | INFO     |   → 656/905: ✅ 146 взято | 🗑️ 343 мусор
2026-05-18 09:52:21,019 | INFO     |   → 657/905: ✅ 0 взято | 🗑️ 120 мусор
2026-05-18 09:52:21,019 | INFO     |   → 658/905: ✅ 867 взято | 🗑️ 3936 мусор
2026-05-18 09:52:21,019 | INFO     |   → 659/905: ✅ 0 взято | 🗑️ 0 мусор
2026-05-18 09:52:21,019 | INFO     |   → 660/905: ✅ 0 взято | 🗑️ 3936 мусор
2026-05-18 09:52:21,019 | INFO     |   → 661/905: ✅ 20 взято | 🗑️ 370 мусор
2026-05-18 09:52:21,019 | INFO     |   → 662/905 ❌ HTTP 404 — https://raw.githubusercontent.com/mermeroo/Clash-V2ray/main/v2ray
2026-05-18 09:52:21,019 | INFO     |   → 663/905: ✅ 15 взято | 🗑️ 417 мусор
2026-05-18 09:52:21,019 | INFO     |   → 664/905: ✅ 6 взято | 🗑️ 102 мусор
2026-05-18 09:52:21,019 | INFO     |   → 665/905: ✅ 716 взято | 🗑️ 6258 мусор
2026-05-18 09:52:21,019 | INFO     |   → 666/905: ✅ 8 взято | 🗑️ 853 мусор
2026-05-18 09:52:21,019 | INFO     |   → 667/905: ✅ 32 взято | 🗑️ 69 мусор
2026-05-18 09:52:21,019 | INFO     |   → 668/905 ❌ HTTP 404 — https://raw.githubusercontent.com/mermeroo/free-v2ray-collector/main/main/mix
2026-05-18 09:52:21,020 | INFO     |   → 669/905 ❌ HTTP 404 — https://raw.githubusercontent.com/mermeroo/free-v2ray-collector/main/main/reality
2026-05-18 09:52:21,020 | INFO     |   → 670/905 ❌ HTTP 404 — https://raw.githubusercontent.com/mermeroo/free-v2ray-collector/main/main/shadowsocks
2026-05-18 09:52:21,020 | INFO     |   → 671/905 ❌ HTTP 404 — https://raw.githubusercontent.com/mermeroo/free-v2ray-collector/main/main/trojan
2026-05-18 09:52:21,020 | INFO     |   → 672/905 ❌ HTTP 404 — https://raw.githubusercontent.com/mermeroo/free-v2ray-collector/main/main/vless
2026-05-18 09:52:21,020 | INFO     |   → 673/905 ❌ HTTP 404 — https://raw.githubusercontent.com/mermeroo/free-v2ray-collector/main/main/vmess
2026-05-18 09:52:21,020 | INFO     |   → 674/905 ❌ HTTP 404 — https://raw.githubusercontent.com/mfuu/v2ray/master/merge/merge.txt
2026-05-18 09:52:21,020 | INFO     |   → 675/905: ✅ 36 взято | 🗑️ 204 мусор
2026-05-18 09:52:21,020 | INFO     |   → 676/905: ✅ 0 взято | 🗑️ 204 мусор
2026-05-18 09:52:21,020 | INFO     |   → 677/905: ✅ 500 взято | 🗑️ 13304 мусор
2026-05-18 09:52:21,020 | INFO     |   → 678/905: ✅ 0 взято | 🗑️ 13304 мусор
2026-05-18 09:52:21,020 | INFO     |   → 679/905: ✅ 0 взято | 🗑️ 3059 мусор
2026-05-18 09:52:21,020 | INFO     |   → 680/905: ✅ 0 взято | 🗑️ 1636 мусор
2026-05-18 09:52:21,020 | INFO     |   → 681/905: ✅ 0 взято | 🗑️ 4511 мусор
2026-05-18 09:52:21,020 | INFO     |   → 682/905: ✅ 0 взято | 🗑️ 4098 мусор
2026-05-18 09:52:21,020 | INFO     |   → 683/905 ❌ HTTP 404 — https://raw.githubusercontent.com/mianous/qiren/main/qiren.txt
2026-05-18 09:52:21,020 | INFO     |   → 684/905 ❌ HTTP 404 — https://raw.githubusercontent.com/miladtahanian/V2RayCFGDumper/refs/heads/main/config.txt
2026-05-18 09:52:21,020 | INFO     |   → 685/905 ❌ HTTP 404 — https://raw.githubusercontent.com/miladtahanian/multi-proxy-config-fetcher/refs/heads/main/configs/proxy_configs.txt
2026-05-18 09:52:21,020 | INFO     |   → 686/905: ✅ 0 взято | 🗑️ 0 мусор
2026-05-18 09:52:21,020 | INFO     |   → 687/905: ✅ 0 взято | 🗑️ 0 мусор
2026-05-18 09:52:21,020 | INFO     |   → 688/905: ✅ 0 взято | 🗑️ 0 мусор
2026-05-18 09:52:21,020 | INFO     |   → 689/905: ✅ 15 взято | 🗑️ 46 мусор
2026-05-18 09:52:21,020 | INFO     |   → 690/905: ✅ 0 взято | 🗑️ 209 мусор
2026-05-18 09:52:21,020 | INFO     |   → 691/905: ✅ 0 взято | 🗑️ 0 мусор
2026-05-18 09:52:21,020 | INFO     |   → 692/905: ✅ 28 взято | 🗑️ 93 мусор
2026-05-18 09:52:21,020 | INFO     |   → 693/905: ✅ 0 взято | 🗑️ 0 мусор
2026-05-18 09:52:21,020 | INFO     |   → 694/905: ✅ 15 взято | 🗑️ 70 мусор
2026-05-18 09:52:21,020 | INFO     |   → 695/905: ✅ 127 взято | 🗑️ 492 мусор
2026-05-18 09:52:21,021 | INFO     |   → 696/905: ✅ 331 взято | 🗑️ 190 мусор
2026-05-18 09:52:21,021 | INFO     |   → 697/905: ✅ 27 взято | 🗑️ 751 мусор
2026-05-18 09:52:21,021 | INFO     |   → 698/905 ❌ HTTP 404 — https://raw.githubusercontent.com/obscure1990/freeVM/master/snippets/nodes.yml
2026-05-18 09:52:21,021 | INFO     |   → 699/905 ❌ HTTP 404 — https://raw.githubusercontent.com/op30mmd/things/909b38024ba14d69dc0f95c238f63bc6e930a00f/eut.txt
2026-05-18 09:52:21,021 | INFO     |   → 700/905 ❌ HTTP 404 — https://raw.githubusercontent.com/openRunner/clash-freenode/main/v2ray.txt
2026-05-18 09:52:21,021 | INFO     |   → 701/905 ❌ HTTP 404 — https://raw.githubusercontent.com/oslook/clash-freenode/main/clash.yaml
2026-05-18 09:52:21,021 | INFO     |   → 702/905: ✅ 0 взято | 🗑️ 0 мусор
2026-05-18 09:52:21,021 | INFO     |   → 703/905: ✅ 4 взято | 🗑️ 1 мусор
2026-05-18 09:52:21,021 | INFO     |   → 704/905: ✅ 0 взято | 🗑️ 0 мусор
2026-05-18 09:52:21,021 | INFO     |   → 705/905: ✅ 12 взято | 🗑️ 208 мусор
2026-05-18 09:52:21,021 | INFO     |   → 706/905: ✅ 0 взято | 🗑️ 0 мусор
2026-05-18 09:52:21,021 | INFO     |   → 707/905: ✅ 0 взято | 🗑️ 0 мусор
2026-05-18 09:52:21,021 | INFO     |   → 708/905: ✅ 0 взято | 🗑️ 19 мусор
2026-05-18 09:52:21,021 | INFO     |   → 709/905: ✅ 0 взято | 🗑️ 44 мусор
2026-05-18 09:52:21,021 | INFO     |   → 710/905: ✅ 63 взято | 🗑️ 521 мусор
2026-05-18 09:52:21,021 | INFO     |   → 711/905: ✅ 165 взято | 🗑️ 273 мусор
2026-05-18 09:52:21,021 | INFO     |   → 712/905: ✅ 0 взято | 🗑️ 0 мусор
2026-05-18 09:52:21,021 | INFO     |   → 713/905: ✅ 28 взято | 🗑️ 211 мусор
2026-05-18 09:52:21,021 | INFO     |   → 714/905: ✅ 0 взято | 🗑️ 79 мусор
2026-05-18 09:52:21,021 | INFO     |   → 715/905: ✅ 13 взято | 🗑️ 32 мусор
2026-05-18 09:52:21,021 | INFO     |   → 716/905: ✅ 0 взято | 🗑️ 0 мусор
2026-05-18 09:52:21,021 | INFO     |   → 717/905: ✅ 2 взято | 🗑️ 9 мусор
2026-05-18 09:52:21,021 | INFO     |   → 718/905: ✅ 11 взято | 🗑️ 76 мусор
2026-05-18 09:52:21,021 | INFO     |   → 719/905: ✅ 0 взято | 🗑️ 168 мусор
2026-05-18 09:52:21,021 | INFO     |   → 720/905: ✅ 0 взято | 🗑️ 79 мусор
2026-05-18 09:52:21,021 | INFO     |   → 721/905: ✅ 0 взято | 🗑️ 16 мусор
2026-05-18 09:52:21,021 | INFO     |   → 722/905 ❌ HTTP 404 — https://raw.githubusercontent.com/ronghuaxueleng/get_v2/main/pub/changfengoss.yaml
2026-05-18 09:52:21,022 | INFO     |   → 723/905: ✅ 0 взято | 🗑️ 0 мусор
2026-05-18 09:52:21,022 | INFO     |   → 724/905: ✅ 34 взято | 🗑️ 114 мусор
2026-05-18 09:52:21,022 | INFO     |   → 725/905: ✅ 0 взято | 🗑️ 114 мусор
2026-05-18 09:52:21,022 | INFO     |   → 726/905 ❌ HTTP 404 — https://raw.githubusercontent.com/rxsweet/CM_Vmess/refs/heads/main/test.txt
2026-05-18 09:52:21,022 | INFO     |   → 727/905 ❌ HTTP 404 — https://raw.githubusercontent.com/rxsweet/proxies/main/sub/free.yaml
2026-05-18 09:52:21,022 | INFO     |   → 728/905 ❌ HTTP 404 — https://raw.githubusercontent.com/rxsweet/proxies/main/sub/rx.yaml
2026-05-18 09:52:21,022 | INFO     |   → 729/905 ❌ HTTP 404 — https://raw.githubusercontent.com/rxsweet/proxies/main/sub/sources/dynamicAll.yaml
2026-05-18 09:52:21,022 | INFO     |   → 730/905 ❌ HTTP 404 — https://raw.githubusercontent.com/rxsweet/proxies/main/sub/sources/miningAll.yaml
2026-05-18 09:52:21,022 | INFO     |   → 731/905 ❌ HTTP 404 — https://raw.githubusercontent.com/rxsweet/proxies/main/sub/srx.yaml
2026-05-18 09:52:21,022 | INFO     |   → 732/905 ❌ HTTP 404 — https://raw.githubusercontent.com/sajad-sajadi/V2ray-Collector/raw/main/output/protocols/vmess.txt
2026-05-18 09:52:21,022 | INFO     |   → 733/905 ❌ HTTP 404 — https://raw.githubusercontent.com/sakha1370/OpenRay/raw/refs/heads/main/output/all_valid_proxies.txt
2026-05-18 09:52:21,022 | INFO     |   → 734/905: ✅ 53 взято | 🗑️ 399 мусор
2026-05-18 09:52:21,022 | INFO     |   → 735/905: ✅ 0 взято | 🗑️ 399 мусор
2026-05-18 09:52:21,022 | INFO     |   → 736/905 ❌ HTTP 404 — https://raw.githubusercontent.com/samjoeyang/subscribe/main/fly
2026-05-18 09:52:21,022 | INFO     |   → 737/905: ✅ 0 взято | 🗑️ 0 мусор
2026-05-18 09:52:21,022 | INFO     |   → 738/905 ❌ HTTP 404 — https://raw.githubusercontent.com/sarina-ad/v2ray/main/v2ray
2026-05-18 09:52:21,022 | INFO     |   → 739/905 ❌ HTTP 404 — https://raw.githubusercontent.com/satrom/V2SSR/master/SSR/Sub.txt
2026-05-18 09:52:21,022 | INFO     |   → 740/905 ❌ HTTP 404 — https://raw.githubusercontent.com/satrom/V2SSR/master/V2RAY/Sub.txt
2026-05-18 09:52:21,022 | INFO     |   → 741/905: ✅ 896 взято | 🗑️ 24549 мусор
2026-05-18 09:52:21,022 | INFO     |   → 742/905: ✅ 0 взято | 🗑️ 0 мусор
2026-05-18 09:52:21,022 | INFO     |   → 743/905: ✅ 0 взято | 🗑️ 0 мусор
2026-05-18 09:52:21,022 | INFO     |   → 744/905: ✅ 3 взято | 🗑️ 49 мусор
2026-05-18 09:52:21,022 | INFO     |   → 745/905: ✅ 115 взято | 🗑️ 1239 мусор
2026-05-18 09:52:21,022 | INFO     |   → 746/905: ✅ 0 взято | 🗑️ 618 мусор
2026-05-18 09:52:21,022 | INFO     |   → 747/905: ✅ 0 взято | 🗑️ 59 мусор
2026-05-18 09:52:21,023 | INFO     |   → 748/905: ✅ 0 взято | 🗑️ 545 мусор
2026-05-18 09:52:21,023 | INFO     |   → 749/905: ✅ 0 взято | 🗑️ 17 мусор
2026-05-18 09:52:21,023 | INFO     |   → 750/905: ✅ 0 взято | 🗑️ 1239 мусор
2026-05-18 09:52:21,023 | INFO     |   → 751/905: ✅ 0 взято | 🗑️ 0 мусор
2026-05-18 09:52:21,023 | INFO     |   → 752/905 ❌ HTTP 404 — https://raw.githubusercontent.com/shirkerboy/scp/main/sub
2026-05-18 09:52:21,023 | INFO     |   → 753/905 ❌ HTTP 404 — https://raw.githubusercontent.com/snakem982/proxypool/main/nodelist.txt
2026-05-18 09:52:21,023 | INFO     |   → 754/905: ✅ 13 взято | 🗑️ 27 мусор
2026-05-18 09:52:21,023 | INFO     |   → 755/905 ❌ HTTP 404 — https://raw.githubusercontent.com/snakem982/proxypool/main/source/v2ray.txt
2026-05-18 09:52:21,023 | INFO     |   → 756/905 ❌ HTTP 404 — https://raw.githubusercontent.com/soroushmirzaei/telegram-configs-collector/main/channels/protocols/hysteria
2026-05-18 09:52:21,023 | INFO     |   → 757/905 ❌ HTTP 404 — https://raw.githubusercontent.com/soroushmirzaei/telegram-configs-collector/main/channels/protocols/juicity
2026-05-18 09:52:21,023 | INFO     |   → 758/905 ❌ HTTP 404 — https://raw.githubusercontent.com/soroushmirzaei/telegram-configs-collector/main/channels/protocols/reality
2026-05-18 09:52:21,023 | INFO     |   → 759/905 ❌ HTTP 404 — https://raw.githubusercontent.com/soroushmirzaei/telegram-configs-collector/main/channels/protocols/shadowsocks
2026-05-18 09:52:21,023 | INFO     |   → 760/905 ❌ HTTP 404 — https://raw.githubusercontent.com/soroushmirzaei/telegram-configs-collector/main/channels/protocols/trojan
2026-05-18 09:52:21,023 | INFO     |   → 761/905 ❌ HTTP 404 — https://raw.githubusercontent.com/soroushmirzaei/telegram-configs-collector/main/channels/protocols/tuic
2026-05-18 09:52:21,023 | INFO     |   → 762/905 ❌ HTTP 404 — https://raw.githubusercontent.com/soroushmirzaei/telegram-configs-collector/main/channels/protocols/vless
2026-05-18 09:52:21,023 | INFO     |   → 763/905 ❌ HTTP 404 — https://raw.githubusercontent.com/soroushmirzaei/telegram-configs-collector/main/channels/protocols/vmess
2026-05-18 09:52:21,023 | INFO     |   → 764/905 ❌ HTTP 404 — https://raw.githubusercontent.com/soroushmirzaei/telegram-configs-collector/main/countries/jp/mixed
2026-05-18 09:52:21,023 | INFO     |   → 765/905 ❌ HTTP 404 — https://raw.githubusercontent.com/soroushmirzaei/telegram-configs-collector/main/protocols/hysteria
2026-05-18 09:52:21,023 | INFO     |   → 766/905 ❌ HTTP 404 — https://raw.githubusercontent.com/soroushmirzaei/telegram-configs-collector/main/protocols/juicity
2026-05-18 09:52:21,023 | INFO     |   → 767/905 ❌ HTTP 404 — https://raw.githubusercontent.com/soroushmirzaei/telegram-configs-collector/main/protocols/reality
2026-05-18 09:52:21,023 | INFO     |   → 768/905 ❌ HTTP 404 — https://raw.githubusercontent.com/soroushmirzaei/telegram-configs-collector/main/protocols/shadowsocks
2026-05-18 09:52:21,023 | INFO     |   → 769/905 ❌ HTTP 404 — https://raw.githubusercontent.com/soroushmirzaei/telegram-configs-collector/main/protocols/trojan
2026-05-18 09:52:21,023 | INFO     |   → 770/905 ❌ HTTP 404 — https://raw.githubusercontent.com/soroushmirzaei/telegram-configs-collector/main/protocols/tuic
2026-05-18 09:52:21,023 | INFO     |   → 771/905 ❌ HTTP 404 — https://raw.githubusercontent.com/soroushmirzaei/telegram-configs-collector/main/protocols/vless
2026-05-18 09:52:21,023 | INFO     |   → 772/905 ❌ HTTP 404 — https://raw.githubusercontent.com/soroushmirzaei/telegram-configs-collector/main/protocols/vmess
2026-05-18 09:52:21,024 | INFO     |   → 773/905 ❌ HTTP 404 — https://raw.githubusercontent.com/soroushmirzaei/telegram-configs-collector/main/splitted/subscribe
2026-05-18 09:52:21,024 | INFO     |   → 774/905 ❌ HTTP 404 — https://raw.githubusercontent.com/ssrsub/ssr/master/Clash.yml
2026-05-18 09:52:21,024 | INFO     |   → 775/905 ❌ HTTP 404 — https://raw.githubusercontent.com/ssrsub/ssr/master/V2Ray
2026-05-18 09:52:21,024 | INFO     |   → 776/905 ❌ HTTP 404 — https://raw.githubusercontent.com/ssrsub/ssr/master/ss-sub
2026-05-18 09:52:21,024 | INFO     |   → 777/905 ❌ HTTP 404 — https://raw.githubusercontent.com/ssrsub/ssr/master/ssrsub
2026-05-18 09:52:21,024 | INFO     |   → 778/905 ❌ HTTP 404 — https://raw.githubusercontent.com/ssrsub/ssr/master/trojan
2026-05-18 09:52:21,024 | INFO     |   → 779/905: ✅ 0 взято | 🗑️ 0 мусор
2026-05-18 09:52:21,024 | INFO     |   → 780/905: ✅ 2 взято | 🗑️ 12 мусор
2026-05-18 09:52:21,024 | INFO     |   → 781/905: ✅ 0 взято | 🗑️ 13 мусор
2026-05-18 09:52:21,024 | INFO     |   → 782/905: ✅ 0 взято | 🗑️ 13 мусор
2026-05-18 09:52:21,024 | INFO     |   → 783/905 ❌ HTTP 404 — https://raw.githubusercontent.com/tbbatbb/Proxy/master/dist/clash.config.yaml
2026-05-18 09:52:21,024 | INFO     |   → 784/905: ✅ 2 взято | 🗑️ 35 мусор
2026-05-18 09:52:21,024 | INFO     |   → 785/905: ✅ 0 взято | 🗑️ 0 мусор
2026-05-18 09:52:21,024 | INFO     |   → 786/905: ✅ 5 взято | 🗑️ 111 мусор
2026-05-18 09:52:21,024 | INFO     |   → 787/905: ✅ 0 взято | 🗑️ 0 мусор
2026-05-18 09:52:21,024 | INFO     |   → 788/905: ✅ 0 взято | 🗑️ 72 мусор
2026-05-18 09:52:21,024 | INFO     |   → 789/905 ❌ HTTP 404 — https://raw.githubusercontent.com/v2clash/Autoproxy/a81f840ab2364124133572ec94e4b81fb0d4e58d/sub/2401/240104.txt
2026-05-18 09:52:21,024 | INFO     |   → 790/905 ❌ HTTP 404 — https://raw.githubusercontent.com/v2clash/V2ray-Configs/31f493c584d0c7b56350f4a34d80c53ad82bcc18/Sub9.txt
2026-05-18 09:52:21,024 | INFO     |   → 791/905: ✅ 0 взято | 🗑️ 0 мусор
2026-05-18 09:52:21,024 | INFO     |   → 792/905: ✅ 0 взято | 🗑️ 0 мусор
2026-05-18 09:52:21,024 | INFO     |   → 793/905: ✅ 0 взято | 🗑️ 0 мусор
2026-05-18 09:52:21,024 | INFO     |   → 794/905: ✅ 283 взято | 🗑️ 9640 мусор
2026-05-18 09:52:21,025 | INFO     |   → 795/905: ✅ 281 взято | 🗑️ 10086 мусор
2026-05-18 09:52:21,025 | INFO     |   → 796/905: ✅ 280 взято | 🗑️ 9675 мусор
2026-05-18 09:52:21,025 | INFO     |   → 797/905: ✅ 334 взято | 🗑️ 9823 мусор
2026-05-18 09:52:21,025 | INFO     |   → 798/905: ✅ 350 взято | 🗑️ 9639 мусор
2026-05-18 09:52:21,025 | INFO     |   → 799/905: ✅ 125 взято | 🗑️ 7919 мусор
2026-05-18 09:52:21,025 | INFO     |   → 800/905: ✅ 135 взято | 🗑️ 4836 мусор
2026-05-18 09:52:21,025 | INFO     |   → 801/905: ✅ 502 взято | 🗑️ 7659 мусор
2026-05-18 09:52:21,025 | INFO     |   → 802/905: ✅ 631 взято | 🗑️ 8081 мусор
2026-05-18 09:52:21,025 | INFO     |   → 803/905: ✅ 202 взято | 🗑️ 5131 мусор
2026-05-18 09:52:21,025 | INFO     |   → 804/905 ❌ HTTP 404 — https://raw.githubusercontent.com/vveg26/chromego_merge/main/sub/merged_proxies.yaml
2026-05-18 09:52:21,025 | INFO     |   → 805/905 ❌ HTTP 404 — https://raw.githubusercontent.com/vveg26/get_proxy/main/dist/clash.config.yaml
2026-05-18 09:52:21,025 | INFO     |   → 806/905: ✅ 0 взято | 🗑️ 10 мусор
2026-05-18 09:52:21,025 | INFO     |   → 807/905: ✅ 0 взято | 🗑️ 10 мусор
2026-05-18 09:52:21,025 | INFO     |   → 808/905: ✅ 0 взято | 🗑️ 4 мусор
2026-05-18 09:52:21,025 | INFO     |   → 809/905: ✅ 0 взято | 🗑️ 0 мусор
2026-05-18 09:52:21,025 | INFO     |   → 810/905: ✅ 0 взято | 🗑️ 4 мусор
2026-05-18 09:52:21,025 | INFO     |   → 811/905: ✅ 106 взято | 🗑️ 689 мусор
2026-05-18 09:52:21,025 | INFO     |   → 812/905: ✅ 48 взято | 🗑️ 841 мусор
2026-05-18 09:52:21,025 | INFO     |   → 813/905: ✅ 21 взято | 🗑️ 789 мусор
2026-05-18 09:52:21,025 | INFO     |   → 814/905: ✅ 24 взято | 🗑️ 774 мусор
2026-05-18 09:52:21,025 | INFO     |   → 815/905: ✅ 52 взято | 🗑️ 756 мусор
2026-05-18 09:52:21,025 | INFO     |   → 816/905: ✅ 191 взято | 🗑️ 745 мусор
2026-05-18 09:52:21,025 | INFO     |   → 817/905: ✅ 9 взято | 🗑️ 651 мусор
2026-05-18 09:52:21,026 | INFO     |   → 818/905: ✅ 185 взято | 🗑️ 388 мусор
2026-05-18 09:52:21,026 | INFO     |   → 819/905: ✅ 130 взято | 🗑️ 523 мусор
2026-05-18 09:52:21,026 | INFO     |   → 820/905: ✅ 67 взято | 🗑️ 533 мусор
2026-05-18 09:52:21,026 | INFO     |   → 821/905: ✅ 98 взято | 🗑️ 444 мусор
2026-05-18 09:52:21,026 | INFO     |   → 822/905: ✅ 102 взято | 🗑️ 670 мусор
2026-05-18 09:52:21,026 | INFO     |   → 823/905: ✅ 86 взято | 🗑️ 476 мусор
2026-05-18 09:52:21,026 | INFO     |   → 824/905: ✅ 95 взято | 🗑️ 657 мусор
2026-05-18 09:52:21,026 | INFO     |   → 825/905: ✅ 105 взято | 🗑️ 645 мусор
2026-05-18 09:52:21,026 | INFO     |   → 826/905: ✅ 115 взято | 🗑️ 985 мусор
2026-05-18 09:52:21,026 | INFO     |   → 827/905: ✅ 6 взято | 🗑️ 63 мусор
2026-05-18 09:52:21,026 | INFO     |   → 828/905: ✅ 7 взято | 🗑️ 62 мусор
2026-05-18 09:52:21,026 | INFO     |   → 829/905: ✅ 39 взято | 🗑️ 489 мусор
2026-05-18 09:52:21,026 | INFO     |   → 830/905: ✅ 0 взято | 🗑️ 0 мусор
2026-05-18 09:52:21,026 | INFO     |   → 831/905: ✅ 0 взято | 🗑️ 0 мусор
2026-05-18 09:52:21,026 | INFO     |   → 832/905: ✅ 0 взято | 🗑️ 0 мусор
2026-05-18 09:52:21,026 | INFO     |   → 833/905: ✅ 0 взято | 🗑️ 0 мусор
2026-05-18 09:52:21,026 | INFO     |   → 834/905: ✅ 0 взято | 🗑️ 0 мусор
2026-05-18 09:52:21,026 | INFO     |   → 835/905: ✅ 0 взято | 🗑️ 52 мусор
2026-05-18 09:52:21,026 | INFO     |   → 836/905: ✅ 5 взято | 🗑️ 10 мусор
2026-05-18 09:52:21,026 | INFO     |   → 837/905: ✅ 1 взято | 🗑️ 124 мусор
2026-05-18 09:52:21,026 | INFO     |   → 838/905: ✅ 114 взято | 🗑️ 104 мусор
2026-05-18 09:52:21,026 | INFO     |   → 839/905: ✅ 0 взято | 🗑️ 9 мусор
2026-05-18 09:52:21,026 | INFO     |   → 840/905: ✅ 46 взято | 🗑️ 468 мусор
2026-05-18 09:52:21,026 | INFO     |   → 841/905 ❌ HTTP 404 — https://raw.githubusercontent.com/xiaozhu2007/xiaozhu2007/61a755a044dbaeea678bc2d1e20f21a21c6d7170/docs/fxxk.txt
2026-05-18 09:52:21,027 | INFO     |   → 842/905: ✅ 1 взято | 🗑️ 159 мусор
2026-05-18 09:52:21,027 | INFO     |   → 843/905: ✅ 0 взято | 🗑️ 22 мусор
2026-05-18 09:52:21,027 | INFO     |   → 844/905: ✅ 0 взято | 🗑️ 0 мусор
2026-05-18 09:52:21,027 | INFO     |   → 845/905 ❌ HTTP 404 — https://raw.githubusercontent.com/yebekhe/TVC/0f745f92bf381e505f1245abbc7c145b19b11503/config.txt
2026-05-18 09:52:21,027 | INFO     |   → 846/905 ❌ HTTP 404 — https://raw.githubusercontent.com/yebekhe/TVC/9fac69239c69327fb7a61f5a8d79d107133889e1/lite/config.txt
2026-05-18 09:52:21,027 | INFO     |   → 847/905 ❌ HTTP 404 — https://raw.githubusercontent.com/yebekhe/TelegramV2rayCollector/main/sub/normal/donated
2026-05-18 09:52:21,027 | INFO     |   → 848/905 ❌ HTTP 404 — https://raw.githubusercontent.com/yebekhe/TelegramV2rayCollector/main/sub/normal/hysteria2
2026-05-18 09:52:21,027 | INFO     |   → 849/905 ❌ HTTP 404 — https://raw.githubusercontent.com/yebekhe/TelegramV2rayCollector/main/sub/normal/mix
2026-05-18 09:52:21,027 | INFO     |   → 850/905 ❌ HTTP 404 — https://raw.githubusercontent.com/yebekhe/TelegramV2rayCollector/main/sub/normal/reality
2026-05-18 09:52:21,027 | INFO     |   → 851/905 ❌ HTTP 404 — https://raw.githubusercontent.com/yebekhe/TelegramV2rayCollector/main/sub/normal/shadowsocks
2026-05-18 09:52:21,027 | INFO     |   → 852/905 ❌ HTTP 404 — https://raw.githubusercontent.com/yebekhe/TelegramV2rayCollector/main/sub/normal/trojan
2026-05-18 09:52:21,027 | INFO     |   → 853/905 ❌ HTTP 404 — https://raw.githubusercontent.com/yebekhe/TelegramV2rayCollector/main/sub/normal/tuic
2026-05-18 09:52:21,027 | INFO     |   → 854/905 ❌ HTTP 404 — https://raw.githubusercontent.com/yebekhe/TelegramV2rayCollector/main/sub/normal/vless
2026-05-18 09:52:21,027 | INFO     |   → 855/905 ❌ HTTP 404 — https://raw.githubusercontent.com/yebekhe/TelegramV2rayCollector/main/sub/normal/vmess
2026-05-18 09:52:21,027 | INFO     |   → 856/905 ❌ HTTP 404 — https://raw.githubusercontent.com/yebekhe/V2Hub/main/Split/Normal/shadowsocks
2026-05-18 09:52:21,027 | INFO     |   → 857/905 ❌ HTTP 404 — https://raw.githubusercontent.com/yebekhe/V2Hub/main/merged
2026-05-18 09:52:21,027 | INFO     |   → 858/905: ✅ 0 взято | 🗑️ 30 мусор
2026-05-18 09:52:21,027 | INFO     |   → 859/905: ✅ 922 взято | 🗑️ 7098 мусор
2026-05-18 09:52:21,027 | INFO     |   → 860/905: ✅ 7 взято | 🗑️ 338 мусор
2026-05-18 09:52:21,027 | INFO     |   → 861/905: ✅ 7 взято | 🗑️ 275 мусор
2026-05-18 09:52:21,027 | INFO     |   → 862/905: ✅ 304 взято | 🗑️ 213 мусор
2026-05-18 09:52:21,027 | INFO     |   → 863/905: ✅ 112 взято | 🗑️ 1391 мусор
2026-05-18 09:52:21,027 | INFO     |   → 864/905: ✅ 2 взято | 🗑️ 384 мусор
2026-05-18 09:52:21,027 | INFO     |   → 865/905 ❌ HTTP 404 — https://raw.githubusercontent.com/yyyr-otz/tele-providers-collector/019cb3e07ee52fddbc7caa54fc670c6b9bae6539/sub/proxies.txt
2026-05-18 09:52:21,028 | INFO     |   → 866/905 ❌ HTTP 404 — https://raw.githubusercontent.com/yyyr-otz/tele-providers-collector/b7a74ee98bcf02c5a507d688a1bed3aa9f7f4ed1/script/raw/protocols/mixed.txt
2026-05-18 09:52:21,028 | INFO     |   → 867/905: ✅ 0 взято | 🗑️ 0 мусор
2026-05-18 09:52:21,028 | INFO     |   → 868/905: ✅ 0 взято | 🗑️ 0 мусор
2026-05-18 09:52:21,028 | INFO     |   → 869/905: ✅ 1 взято | 🗑️ 18 мусор
2026-05-18 09:52:21,028 | INFO     |   → 870/905: ✅ 0 взято | 🗑️ 14 мусор
2026-05-18 09:52:21,028 | INFO     |   → 871/905: ✅ 0 взято | 🗑️ 5 мусор
2026-05-18 09:52:21,028 | INFO     |   → 872/905: ✅ 0 взято | 🗑️ 0 мусор
2026-05-18 09:52:21,028 | INFO     |   → 873/905 ⚠️ Ошибка: ('Connection aborted.', RemoteDisconnected('Remote end closed connection without response')) — https://sub.pmsub.me/clash.yaml
2026-05-18 09:52:21,028 | INFO     |   → 874/905: ✅ 0 взято | 🗑️ 1 мусор
2026-05-18 09:52:21,028 | INFO     |   → 875/905: ✅ 8 взято | 🗑️ 21 мусор
2026-05-18 09:52:21,028 | INFO     |   → 876/905: ✅ 0 взято | 🗑️ 0 мусор
2026-05-18 09:52:21,028 | INFO     |   → 877/905: ✅ 9 взято | 🗑️ 19 мусор
2026-05-18 09:52:21,028 | INFO     |   → 878/905: ✅ 0 взято | 🗑️ 0 мусор
2026-05-18 09:52:21,028 | INFO     |   → 879/905: ✅ 2 взято | 🗑️ 14 мусор
2026-05-18 09:52:21,028 | INFO     |   → 880/905: ✅ 4 взято | 🗑️ 22 мусор
2026-05-18 09:52:21,028 | INFO     |   → 881/905: ✅ 0 взято | 🗑️ 0 мусор
2026-05-18 09:52:21,028 | INFO     |   → 882/905: ✅ 0 взято | 🗑️ 0 мусор
2026-05-18 09:52:21,028 | INFO     |   → 883/905: ✅ 0 взято | 🗑️ 0 мусор
2026-05-18 09:52:21,028 | INFO     |   → 884/905: ✅ 2 взято | 🗑️ 16 мусор
2026-05-18 09:52:21,028 | INFO     |   → 885/905: ✅ 0 взято | 🗑️ 0 мусор
2026-05-18 09:52:21,028 | INFO     |   → 886/905: ✅ 4 взято | 🗑️ 7 мусор
2026-05-18 09:52:21,028 | INFO     |   → 887/905: ✅ 0 взято | 🗑️ 0 мусор
2026-05-18 09:52:21,028 | INFO     |   → 888/905: ✅ 6 взято | 🗑️ 14 мусор
2026-05-18 09:52:21,029 | INFO     |   → 889/905: ✅ 0 взято | 🗑️ 0 мусор
2026-05-18 09:52:21,029 | INFO     |   → 890/905: ✅ 2 взято | 🗑️ 13 мусор
2026-05-18 09:52:21,029 | INFO     |   → 891/905: ✅ 0 взято | 🗑️ 0 мусор
2026-05-18 09:52:21,029 | INFO     |   → 892/905: ✅ 0 взято | 🗑️ 0 мусор
2026-05-18 09:52:21,029 | INFO     |   → 893/905: ✅ 2 взято | 🗑️ 7 мусор
2026-05-18 09:52:21,029 | INFO     |   → 894/905: ✅ 2 взято | 🗑️ 14 мусор
2026-05-18 09:52:21,029 | INFO     |   → 895/905: ✅ 2 взято | 🗑️ 14 мусор
2026-05-18 09:52:21,029 | INFO     |   → 896/905: ✅ 0 взято | 🗑️ 0 мусор
2026-05-18 09:52:21,029 | INFO     |   → 897/905: ✅ 3 взято | 🗑️ 22 мусор
2026-05-18 09:52:21,029 | INFO     |   → 898/905: ✅ 0 взято | 🗑️ 0 мусор
2026-05-18 09:52:21,029 | INFO     |   → 899/905: ✅ 2 взято | 🗑️ 15 мусор
2026-05-18 09:52:21,029 | INFO     |   → 900/905: ✅ 3 взято | 🗑️ 12 мусор
2026-05-18 09:52:21,029 | INFO     |   → 901/905: ✅ 0 взято | 🗑️ 0 мусор
2026-05-18 09:52:21,029 | INFO     |   → 902/905: ✅ 0 взято | 🗑️ 0 мусор
2026-05-18 09:52:21,029 | INFO     |   → 903/905: ✅ 0 взято | 🗑️ 0 мусор
2026-05-18 09:52:21,029 | INFO     |   → 904/905: ✅ 4 взято | 🗑️ 11 мусор
2026-05-18 09:52:21,029 | INFO     |   → 905/905: ✅ 0 взято | 🗑️ 8 мусор
2026-05-18 09:52:21,029 | INFO     |   → ✅ ГОТОВО!
2026-05-18 09:52:21,029 | INFO     |   →    📥 Всего ключей после фильтра: 18295
2026-05-18 09:52:21,029 | INFO     |   →    🔗 Уникальных IP:PORT:SCHEME: 10400
2026-05-18 09:52:21,029 | INFO     |   →    🗑️ Выброшено мусора: 311024
2026-05-18 09:52:21,029 | INFO     |   → 📊 По протоколам:
2026-05-18 09:52:21,029 | INFO     |   →    vless: 3514
2026-05-18 09:52:21,030 | INFO     |   →    vmess: 3644
2026-05-18 09:52:21,030 | INFO     |   →    trojan: 1199
2026-05-18 09:52:21,030 | INFO     |   →    ss: 1885
2026-05-18 09:52:21,030 | INFO     |   →    hysteria: 13
2026-05-18 09:52:21,030 | INFO     |   →    hysteria2: 33
2026-05-18 09:52:21,030 | INFO     |   →    hy2: 60
2026-05-18 09:52:21,030 | INFO     |   →    tuic: 52
2026-05-18 09:52:21,030 | INFO     | ✅ mirror.py завершён успешно
2026-05-18 09:52:21,030 | INFO     | 
2026-05-18 09:52:21,030 | INFO     | 
2026-05-18 09:52:21,030 | INFO     | ──────────────────────────────────────────────────────────────────────
2026-05-18 09:52:21,030 | INFO     | 📌 ЭТАП: Фильтрация по реальному SNI
2026-05-18 09:52:21,030 | INFO     | ──────────────────────────────────────────────────────────────────────
2026-05-18 09:52:21,030 | INFO     | 🚀 Запуск filter_ru_sni.py (Фильтр по реальному SNI (CDN+RU))...
2026-05-18 09:52:21,278 | INFO     |   → hy2.txt: 60 → 19 (SNI-filtered)
2026-05-18 09:52:21,278 | INFO     |   →   hysteria.txt: 13 → 0 (SNI-filtered)
2026-05-18 09:52:21,278 | INFO     |   →   hysteria2.txt: 33 → 4 (SNI-filtered)
2026-05-18 09:52:21,278 | INFO     |   →   ss.txt: 1885 → 0 (SNI-filtered)
2026-05-18 09:52:21,278 | INFO     |   →   trojan.txt: 1199 → 3 (SNI-filtered)
2026-05-18 09:52:21,278 | INFO     |   →   tuic.txt: 52 → 0 (SNI-filtered)
2026-05-18 09:52:21,278 | INFO     |   →   vless.txt: 3514 → 447 (SNI-filtered)
2026-05-18 09:52:21,278 | INFO     |   →   vmess.txt: 3644 → 39 (SNI-filtered)
2026-05-18 09:52:21,279 | INFO     |   → ==================================================
2026-05-18 09:52:21,279 | INFO     |   →   Всего входных:  10400
2026-05-18 09:52:21,279 | INFO     |   →   Прошли фильтр:  512
2026-05-18 09:52:21,279 | INFO     |   →   Отброшено:      9888
2026-05-18 09:52:21,279 | INFO     |   → ==================================================
2026-05-18 09:52:21,279 | INFO     |   → Готово → /home/runner/work/vpn-vless-configs-russia/vpn-vless-configs-russia/githubmirror/ru-sni
2026-05-18 09:52:21,279 | INFO     | ✅ filter_ru_sni.py завершён успешно
2026-05-18 09:52:21,279 | INFO     | 
2026-05-18 09:52:21,279 | INFO     | 
2026-05-18 09:52:21,279 | INFO     | ──────────────────────────────────────────────────────────────────────
2026-05-18 09:52:21,279 | INFO     | 📌 ЭТАП: Экспериментальный RU-SNI фильтр
2026-05-18 09:52:21,279 | INFO     | ──────────────────────────────────────────────────────────────────────
2026-05-18 09:52:21,279 | INFO     | 🚀 Запуск filter_ru_sni_local.py (Экспериментальный фильтр по RU-SNI (локальные домены))...
2026-05-18 09:52:21,446 | INFO     |   → hy2.txt: 60 → 0 (RU-SNI)
2026-05-18 09:52:21,446 | INFO     |   → hysteria.txt: 13 → 0 (RU-SNI)
2026-05-18 09:52:21,446 | INFO     |   → hysteria2.txt: 33 → 0 (RU-SNI)
2026-05-18 09:52:21,446 | INFO     |   → ss.txt: 1885 → 0 (RU-SNI)
2026-05-18 09:52:21,446 | INFO     |   → trojan.txt: 1199 → 0 (RU-SNI)
2026-05-18 09:52:21,446 | INFO     |   → tuic.txt: 52 → 0 (RU-SNI)
2026-05-18 09:52:21,446 | INFO     |   → vless.txt: 3514 → 125 (RU-SNI)
2026-05-18 09:52:21,446 | INFO     |   → vmess.txt: 3644 → 0 (RU-SNI)
2026-05-18 09:52:21,446 | INFO     |   → ==================================================
2026-05-18 09:52:21,446 | INFO     |   → Всего входных:  10400
2026-05-18 09:52:21,446 | INFO     |   → Прошли RU-SNI:  125
2026-05-18 09:52:21,446 | INFO     |   → Отброшено:      10275
2026-05-18 09:52:21,446 | INFO     |   → ==================================================
2026-05-18 09:52:21,446 | INFO     |   → Готово → /home/runner/work/vpn-vless-configs-russia/vpn-vless-configs-russia/githubmirror/ru-sni-local
2026-05-18 09:52:21,446 | INFO     | ✅ filter_ru_sni_local.py завершён успешно
2026-05-18 09:52:21,446 | INFO     | 
2026-05-18 09:52:21,446 | INFO     | 
2026-05-18 09:52:21,446 | INFO     | ──────────────────────────────────────────────────────────────────────
2026-05-18 09:52:21,446 | INFO     | 📌 ЭТАП: Сбор статистики
2026-05-18 09:52:21,447 | INFO     | ──────────────────────────────────────────────────────────────────────
2026-05-18 09:52:21,447 | INFO     | 📊 Сбор статистики...
2026-05-18 09:52:21,447 | INFO     |   📁 githubmirror/clean:
2026-05-18 09:52:21,447 | INFO     |     • hy2         :    60 конфигов
2026-05-18 09:52:21,447 | INFO     |     • hysteria    :    13 конфигов
2026-05-18 09:52:21,448 | INFO     |     • hysteria2   :    33 конфигов
2026-05-18 09:52:21,449 | INFO     |     • ss          :  1885 конфигов
2026-05-18 09:52:21,450 | INFO     |     • trojan      :  1199 конфигов
2026-05-18 09:52:21,451 | INFO     |     • tuic        :    52 конфигов
2026-05-18 09:52:21,454 | INFO     |     • vless       :  3514 конфигов
2026-05-18 09:52:21,456 | INFO     |     • vmess       :  3644 конфигов
2026-05-18 09:52:21,457 | INFO     |   📁 githubmirror/ru-sni:
2026-05-18 09:52:21,457 | INFO     |     • hy2         :    19 конфигов ( 31.7% от clean)
2026-05-18 09:52:21,457 | INFO     |     • hysteria    :     0 конфигов (  0.0% от clean)
2026-05-18 09:52:21,457 | INFO     |     • hysteria2   :     4 конфигов ( 12.1% от clean)
2026-05-18 09:52:21,457 | INFO     |     • ss          :     0 конфигов (  0.0% от clean)
2026-05-18 09:52:21,458 | INFO     |     • trojan      :     3 конфигов (  0.3% от clean)
2026-05-18 09:52:21,458 | INFO     |     • tuic        :     0 конфигов (  0.0% от clean)
2026-05-18 09:52:21,458 | INFO     |     • vless       :   447 конфигов ( 12.7% от clean)
2026-05-18 09:52:21,458 | INFO     |     • vmess       :    39 конфигов (  1.1% от clean)
2026-05-18 09:52:21,458 | INFO     | 
2026-05-18 09:52:21,458 | INFO     |   ──────────────────────────────────────────────────
2026-05-18 09:52:21,458 | INFO     |   📈 ИТОГО:
2026-05-18 09:52:21,459 | INFO     |     Clean (после geo-фильтра):    10400
2026-05-18 09:52:21,459 | INFO     |     RU-SNI (после SNI-фильтра):     512
2026-05-18 09:52:21,459 | INFO     |     Прошло фильтр:                  4.9%
2026-05-18 09:52:21,459 | INFO     |   ──────────────────────────────────────────────────
2026-05-18 09:52:21,459 | INFO     | ✅ Статистика сохранена: /home/runner/work/vpn-vless-configs-russia/vpn-vless-configs-russia/stats.json
2026-05-18 09:52:21,459 | INFO     | 
2026-05-18 09:52:21,459 | INFO     | ======================================================================
2026-05-18 09:52:21,459 | INFO     | 📊 ИТОГОВЫЙ ОТЧЁТ
2026-05-18 09:52:21,459 | INFO     | ======================================================================
2026-05-18 09:52:21,459 | INFO     |   ✅ OK         | Загрузка и geo-фильтрация
2026-05-18 09:52:21,459 | INFO     |   ✅ OK         | Фильтрация по реальному SNI
2026-05-18 09:52:21,460 | INFO     |   ✅ OK         | Экспериментальный RU-SNI фильтр
2026-05-18 09:52:21,460 | INFO     |   ✅ OK         | Сбор статистики
2026-05-18 09:52:21,460 | INFO     | ──────────────────────────────────────────────────────────────────────
2026-05-18 09:52:21,460 | INFO     | ✅ ВСЕ ЭТАПЫ УСПЕШНЫ (4/4)
2026-05-18 09:52:21,460 | INFO     | ⏰ Время завершения: 2026-05-18 09:52:21
2026-05-18 09:52:21,460 | INFO     | ======================================================================
