2026-05-15 08:45:56,514 | INFO     | ======================================================================
2026-05-15 08:45:56,514 | INFO     | 🔍 VPN KEY CHECKER - Начало проверки
2026-05-15 08:45:56,514 | INFO     | ⏰ Время старта: 2026-05-15 08:45:56
2026-05-15 08:45:56,514 | INFO     | 📂 Рабочая директория: /home/runner/work/vpn-vless-configs-russia/vpn-vless-configs-russia
2026-05-15 08:45:56,514 | INFO     | ======================================================================
2026-05-15 08:45:56,514 | INFO     | 
2026-05-15 08:45:56,514 | INFO     | 🔍 Проверка наличия скриптов...
2026-05-15 08:45:56,514 | INFO     |   ✅ mirror.py
2026-05-15 08:45:56,514 | INFO     |   ✅ filter_ru_sni.py
2026-05-15 08:45:56,514 | INFO     |   ✅ filter_ru_sni_local.py
2026-05-15 08:45:56,514 | INFO     | 
2026-05-15 08:45:56,515 | INFO     | 
2026-05-15 08:45:56,515 | INFO     | ──────────────────────────────────────────────────────────────────────
2026-05-15 08:45:56,515 | INFO     | 📌 ЭТАП: Загрузка и geo-фильтрация
2026-05-15 08:45:56,515 | INFO     | ──────────────────────────────────────────────────────────────────────
2026-05-15 08:45:56,515 | INFO     | 🚀 Запуск mirror.py (Загрузка и фильтрация по РФ/СНГ/Европа)...
2026-05-15 08:48:26,105 | INFO     |   → 🚀 Старт: всего источников (старые + новые): 887
2026-05-15 08:48:26,105 | INFO     |   → 1/887: ✅ 13 взято | 🗑️ 242 мусор
2026-05-15 08:48:26,105 | INFO     |   → 2/887: ✅ 0 взято | 🗑️ 0 мусор
2026-05-15 08:48:26,105 | INFO     |   → 3/887 ❌ HTTP 404 — https://bitbucket.org/huwo1/proxy_nodes/raw/f31ca9ec67b84071515729ff45b011b6b09c10f2/clash.yaml
2026-05-15 08:48:26,105 | INFO     |   → 4/887 ❌ HTTP 404 — https://cdn.jsdelivr.net/gh/cry0ice/genode@main/public/all.txt
2026-05-15 08:48:26,105 | INFO     |   → 5/887 ❌ HTTP 404 — https://cdn.jsdelivr.net/gh/cry0ice/genode@main/public/ss.txt
2026-05-15 08:48:26,105 | INFO     |   → 6/887 ❌ HTTP 404 — https://cdn.jsdelivr.net/gh/cry0ice/genode@main/public/ssr.txt
2026-05-15 08:48:26,105 | INFO     |   → 7/887 ❌ HTTP 404 — https://cdn.jsdelivr.net/gh/cry0ice/genode@main/public/trojan.txt
2026-05-15 08:48:26,105 | INFO     |   → 8/887 ❌ HTTP 404 — https://cdn.jsdelivr.net/gh/cry0ice/genode@main/public/vless.txt
2026-05-15 08:48:26,105 | INFO     |   → 9/887 ❌ HTTP 404 — https://cdn.jsdelivr.net/gh/cry0ice/genode@main/public/vmess.txt
2026-05-15 08:48:26,105 | INFO     |   → 10/887: ✅ 0 взято | 🗑️ 0 мусор
2026-05-15 08:48:26,105 | INFO     |   → 11/887: ✅ 0 взято | 🗑️ 0 мусор
2026-05-15 08:48:26,105 | INFO     |   → 12/887: ✅ 0 взято | 🗑️ 0 мусор
2026-05-15 08:48:26,105 | INFO     |   → 13/887: ✅ 0 взято | 🗑️ 0 мусор
2026-05-15 08:48:26,105 | INFO     |   → 14/887: ✅ 0 взято | 🗑️ 0 мусор
2026-05-15 08:48:26,105 | INFO     |   → 15/887: ✅ 0 взято | 🗑️ 0 мусор
2026-05-15 08:48:26,105 | INFO     |   → 16/887: ✅ 0 взято | 🗑️ 0 мусор
2026-05-15 08:48:26,106 | INFO     |   → 17/887: ✅ 0 взято | 🗑️ 0 мусор
2026-05-15 08:48:26,106 | INFO     |   → 18/887: ✅ 0 взято | 🗑️ 0 мусор
2026-05-15 08:48:26,106 | INFO     |   → 19/887: ✅ 0 взято | 🗑️ 0 мусор
2026-05-15 08:48:26,106 | INFO     |   → 20/887: ✅ 0 взято | 🗑️ 0 мусор
2026-05-15 08:48:26,106 | INFO     |   → 21/887: ✅ 0 взято | 🗑️ 0 мусор
2026-05-15 08:48:26,106 | INFO     |   → 22/887: ✅ 0 взято | 🗑️ 0 мусор
2026-05-15 08:48:26,106 | INFO     |   → 23/887: ✅ 0 взято | 🗑️ 0 мусор
2026-05-15 08:48:26,106 | INFO     |   → 24/887: ✅ 0 взято | 🗑️ 0 мусор
2026-05-15 08:48:26,106 | INFO     |   → 25/887: ✅ 0 взято | 🗑️ 0 мусор
2026-05-15 08:48:26,106 | INFO     |   → 26/887: ✅ 0 взято | 🗑️ 0 мусор
2026-05-15 08:48:26,106 | INFO     |   → 27/887: ✅ 0 взято | 🗑️ 0 мусор
2026-05-15 08:48:26,106 | INFO     |   → 28/887: ✅ 0 взято | 🗑️ 0 мусор
2026-05-15 08:48:26,106 | INFO     |   → 29/887: ✅ 0 взято | 🗑️ 0 мусор
2026-05-15 08:48:26,106 | INFO     |   → 30/887: ✅ 0 взято | 🗑️ 0 мусор
2026-05-15 08:48:26,106 | INFO     |   → 31/887: ✅ 0 взято | 🗑️ 0 мусор
2026-05-15 08:48:26,106 | INFO     |   → 32/887: ✅ 0 взято | 🗑️ 0 мусор
2026-05-15 08:48:26,106 | INFO     |   → 33/887: ✅ 0 взято | 🗑️ 0 мусор
2026-05-15 08:48:26,106 | INFO     |   → 34/887: ✅ 0 взято | 🗑️ 0 мусор
2026-05-15 08:48:26,106 | INFO     |   → 35/887: ✅ 0 взято | 🗑️ 0 мусор
2026-05-15 08:48:26,106 | INFO     |   → 36/887: ✅ 0 взято | 🗑️ 0 мусор
2026-05-15 08:48:26,106 | INFO     |   → 37/887: ✅ 0 взято | 🗑️ 0 мусор
2026-05-15 08:48:26,106 | INFO     |   → 38/887: ✅ 0 взято | 🗑️ 0 мусор
2026-05-15 08:48:26,106 | INFO     |   → 39/887: ✅ 0 взято | 🗑️ 0 мусор
2026-05-15 08:48:26,106 | INFO     |   → 40/887: ✅ 0 взято | 🗑️ 0 мусор
2026-05-15 08:48:26,106 | INFO     |   → 41/887: ✅ 0 взято | 🗑️ 0 мусор
2026-05-15 08:48:26,107 | INFO     |   → 42/887: ✅ 0 взято | 🗑️ 0 мусор
2026-05-15 08:48:26,107 | INFO     |   → 43/887: ✅ 0 взято | 🗑️ 0 мусор
2026-05-15 08:48:26,107 | INFO     |   → 44/887: ✅ 0 взято | 🗑️ 0 мусор
2026-05-15 08:48:26,107 | INFO     |   → 45/887: ✅ 0 взято | 🗑️ 0 мусор
2026-05-15 08:48:26,107 | INFO     |   → 46/887: ✅ 0 взято | 🗑️ 0 мусор
2026-05-15 08:48:26,107 | INFO     |   → 47/887: ✅ 0 взято | 🗑️ 0 мусор
2026-05-15 08:48:26,107 | INFO     |   → 48/887: ✅ 0 взято | 🗑️ 0 мусор
2026-05-15 08:48:26,107 | INFO     |   → 49/887: ✅ 0 взято | 🗑️ 0 мусор
2026-05-15 08:48:26,107 | INFO     |   → 50/887: ✅ 0 взято | 🗑️ 0 мусор
2026-05-15 08:48:26,107 | INFO     |   → 51/887: ✅ 0 взято | 🗑️ 0 мусор
2026-05-15 08:48:26,107 | INFO     |   → 52/887: ✅ 0 взято | 🗑️ 0 мусор
2026-05-15 08:48:26,107 | INFO     |   → 53/887: ✅ 0 взято | 🗑️ 0 мусор
2026-05-15 08:48:26,107 | INFO     |   → 54/887: ✅ 0 взято | 🗑️ 0 мусор
2026-05-15 08:48:26,107 | INFO     |   → 55/887: ✅ 0 взято | 🗑️ 0 мусор
2026-05-15 08:48:26,107 | INFO     |   → 56/887: ✅ 0 взято | 🗑️ 0 мусор
2026-05-15 08:48:26,107 | INFO     |   → 57/887: ✅ 0 взято | 🗑️ 0 мусор
2026-05-15 08:48:26,107 | INFO     |   → 58/887: ✅ 0 взято | 🗑️ 0 мусор
2026-05-15 08:48:26,107 | INFO     |   → 59/887: ✅ 0 взято | 🗑️ 0 мусор
2026-05-15 08:48:26,107 | INFO     |   → 60/887: ✅ 0 взято | 🗑️ 0 мусор
2026-05-15 08:48:26,107 | INFO     |   → 61/887: ✅ 0 взято | 🗑️ 0 мусор
2026-05-15 08:48:26,107 | INFO     |   → 62/887: ✅ 0 взято | 🗑️ 0 мусор
2026-05-15 08:48:26,107 | INFO     |   → 63/887: ✅ 0 взято | 🗑️ 0 мусор
2026-05-15 08:48:26,107 | INFO     |   → 64/887: ✅ 0 взято | 🗑️ 0 мусор
2026-05-15 08:48:26,107 | INFO     |   → 65/887: ✅ 0 взято | 🗑️ 0 мусор
2026-05-15 08:48:26,107 | INFO     |   → 66/887: ✅ 0 взято | 🗑️ 0 мусор
2026-05-15 08:48:26,107 | INFO     |   → 67/887: ✅ 0 взято | 🗑️ 0 мусор
2026-05-15 08:48:26,107 | INFO     |   → 68/887: ✅ 0 взято | 🗑️ 0 мусор
2026-05-15 08:48:26,108 | INFO     |   → 69/887: ✅ 0 взято | 🗑️ 0 мусор
2026-05-15 08:48:26,108 | INFO     |   → 70/887: ✅ 0 взято | 🗑️ 0 мусор
2026-05-15 08:48:26,108 | INFO     |   → 71/887: ✅ 0 взято | 🗑️ 0 мусор
2026-05-15 08:48:26,108 | INFO     |   → 72/887: ✅ 0 взято | 🗑️ 0 мусор
2026-05-15 08:48:26,108 | INFO     |   → 73/887: ✅ 0 взято | 🗑️ 0 мусор
2026-05-15 08:48:26,108 | INFO     |   → 74/887: ✅ 0 взято | 🗑️ 0 мусор
2026-05-15 08:48:26,108 | INFO     |   → 75/887: ✅ 0 взято | 🗑️ 0 мусор
2026-05-15 08:48:26,108 | INFO     |   → 76/887: ✅ 0 взято | 🗑️ 0 мусор
2026-05-15 08:48:26,108 | INFO     |   → 77/887: ✅ 0 взято | 🗑️ 0 мусор
2026-05-15 08:48:26,108 | INFO     |   → 78/887: ✅ 0 взято | 🗑️ 0 мусор
2026-05-15 08:48:26,108 | INFO     |   → 79/887: ✅ 0 взято | 🗑️ 0 мусор
2026-05-15 08:48:26,108 | INFO     |   → 80/887: ✅ 0 взято | 🗑️ 0 мусор
2026-05-15 08:48:26,108 | INFO     |   → 81/887: ✅ 0 взято | 🗑️ 0 мусор
2026-05-15 08:48:26,108 | INFO     |   → 82/887: ✅ 0 взято | 🗑️ 0 мусор
2026-05-15 08:48:26,108 | INFO     |   → 83/887: ✅ 0 взято | 🗑️ 0 мусор
2026-05-15 08:48:26,108 | INFO     |   → 84/887 ❌ HTTP 404 — https://freessrnode.github.io/uploads/2024/08/0-20240822.txt
2026-05-15 08:48:26,108 | INFO     |   → 85/887 ❌ HTTP 404 — https://freessrnode.github.io/uploads/2024/08/1-20240822.txt
2026-05-15 08:48:26,108 | INFO     |   → 86/887 ❌ HTTP 404 — https://freessrnode.github.io/uploads/2024/08/2-20240822.txt
2026-05-15 08:48:26,108 | INFO     |   → 87/887 ❌ HTTP 404 — https://freessrnode.github.io/uploads/2024/08/3-20240822.txt
2026-05-15 08:48:26,108 | INFO     |   → 88/887 ❌ HTTP 404 — https://freessrnode.github.io/uploads/2024/08/4-20240822.txt
2026-05-15 08:48:26,108 | INFO     |   → 89/887 ⚠️ Ошибка: HTTPSConnectionPool(host='freevpnspy.githubrowcontent.com', port=443): Max retries exceeded with url: /2024/08/20240802_novless.yaml (Caused by NameResolutionError("HTTPSConnection(host='freevpnspy.githubrowcontent.com', port=443): Failed to resolve 'freevpnspy.githubrowcontent.com' ([Errno -2] Name or service not known)")) — https://freevpnspy.githubrowcontent.com/2024/08/20240802_novless.yaml
2026-05-15 08:48:26,108 | INFO     |   → 90/887 ⚠️ Ошибка: HTTPSConnectionPool(host='freevpnspy.githubrowcontent.com', port=443): Max retries exceeded with url: /2024/08/20240802_vless.yaml (Caused by NameResolutionError("HTTPSConnection(host='freevpnspy.githubrowcontent.com', port=443): Failed to resolve 'freevpnspy.githubrowcontent.com' ([Errno -2] Name or service not known)")) — https://freevpnspy.githubrowcontent.com/2024/08/20240802_vless.yaml
2026-05-15 08:48:26,108 | INFO     |   → 91/887 ❌ HTTP 404 — https://github.com/Epodonios/bulk-xray-v2ray-vless-vmess-...-configs/raw/main/sub/Albania/config.txt
2026-05-15 08:48:26,108 | INFO     |   → 92/887 ❌ HTTP 404 — https://github.com/Epodonios/bulk-xray-v2ray-vless-vmess-...-configs/raw/main/sub/Cura%C3%A7ao/config.txt
2026-05-15 08:48:26,108 | INFO     |   → 93/887 ❌ HTTP 404 — https://github.com/Epodonios/bulk-xray-v2ray-vless-vmess-...-configs/raw/main/sub/Finland/config.txt
2026-05-15 08:48:26,108 | INFO     |   → 94/887 ❌ HTTP 404 — https://github.com/Epodonios/bulk-xray-v2ray-vless-vmess-...-configs/raw/main/sub/Iran/config.txt
2026-05-15 08:48:26,109 | INFO     |   → 95/887 ❌ HTTP 404 — https://github.com/Epodonios/bulk-xray-v2ray-vless-vmess-...-configs/raw/main/sub/Netherlands/config.txt
2026-05-15 08:48:26,109 | INFO     |   → 96/887 ❌ HTTP 404 — https://github.com/Epodonios/bulk-xray-v2ray-vless-vmess-...-configs/raw/main/sub/Norway/config.txt
2026-05-15 08:48:26,109 | INFO     |   → 97/887 ❌ HTTP 404 — https://github.com/Epodonios/bulk-xray-v2ray-vless-vmess-...-configs/raw/main/sub/Russia/config.txt
2026-05-15 08:48:26,109 | INFO     |   → 98/887: ✅ 13 взято | 🗑️ 70 мусор
2026-05-15 08:48:26,109 | INFO     |   → 99/887: ✅ 0 взято | 🗑️ 4 мусор
2026-05-15 08:48:26,109 | INFO     |   → 100/887: ✅ 0 взято | 🗑️ 7 мусор
2026-05-15 08:48:26,109 | INFO     |   → 101/887: ✅ 0 взято | 🗑️ 51 мусор
2026-05-15 08:48:26,109 | INFO     |   → 102/887: ✅ 0 взято | 🗑️ 8 мусор
2026-05-15 08:48:26,109 | INFO     |   → 103/887: ✅ 0 взято | 🗑️ 0 мусор
2026-05-15 08:48:26,109 | INFO     |   → 104/887: ✅ 17 взято | 🗑️ 119 мусор
2026-05-15 08:48:26,109 | INFO     |   → 105/887 ❌ HTTP 404 — https://github.com/MrMohebi/xray-proxy-grabber-telegram/raw/master/collected-proxies/clash-meta/all.yaml
2026-05-15 08:48:26,109 | INFO     |   → 106/887 ❌ HTTP 404 — https://github.com/MrMohebi/xray-proxy-grabber-telegram/raw/master/collected-proxies/row-url/all.txt
2026-05-15 08:48:26,109 | INFO     |   → 107/887: ✅ 0 взято | 🗑️ 0 мусор
2026-05-15 08:48:26,109 | INFO     |   → 108/887: ✅ 0 взято | 🗑️ 113 мусор
2026-05-15 08:48:26,109 | INFO     |   → 109/887: ✅ 0 взято | 🗑️ 119 мусор
2026-05-15 08:48:26,109 | INFO     |   → 110/887 ❌ HTTP 404 — https://github.com/abbasdvd3/abbasdvd10/73ec60de7a6c6aa6df4c14b511c1da60686891ca/ppo.txt
2026-05-15 08:48:26,109 | INFO     |   → 111/887 ❌ HTTP 404 — https://github.com/acymz/AutoVPN/refs/heads/main/data/V2.txt
2026-05-15 08:48:26,109 | INFO     |   → 112/887: ✅ 0 взято | 🗑️ 0 мусор
2026-05-15 08:48:26,109 | INFO     |   → 113/887: ✅ 0 взято | 🗑️ 0 мусор
2026-05-15 08:48:26,109 | INFO     |   → 114/887: ✅ 0 взято | 🗑️ 0 мусор
2026-05-15 08:48:26,109 | INFO     |   → 115/887: ✅ 0 взято | 🗑️ 0 мусор
2026-05-15 08:48:26,109 | INFO     |   → 116/887: ✅ 0 взято | 🗑️ 0 мусор
2026-05-15 08:48:26,109 | INFO     |   → 117/887: ✅ 0 взято | 🗑️ 0 мусор
2026-05-15 08:48:26,109 | INFO     |   → 118/887: ✅ 0 взято | 🗑️ 0 мусор
2026-05-15 08:48:26,109 | INFO     |   → 119/887 ❌ HTTP 404 — https://github.com/mermeroo/V2RAY-FREE/raw/main/All_Configs_base64_Sub.txt
2026-05-15 08:48:26,109 | INFO     |   → 120/887 ❌ HTTP 404 — https://github.com/mermeroo/V2RAY-FREE/raw/main/Base64/Sub1_base64.txt
2026-05-15 08:48:26,109 | INFO     |   → 121/887 ❌ HTTP 404 — https://github.com/mermeroo/V2RAY-FREE/raw/main/Base64/Sub2_base64.txt
2026-05-15 08:48:26,110 | INFO     |   → 122/887 ❌ HTTP 404 — https://github.com/mermeroo/V2RAY-FREE/raw/main/Base64/Sub3_base64.txt
2026-05-15 08:48:26,110 | INFO     |   → 123/887 ❌ HTTP 404 — https://github.com/mermeroo/V2RAY-FREE/raw/main/Base64/Sub4_base64.txt
2026-05-15 08:48:26,110 | INFO     |   → 124/887 ❌ HTTP 404 — https://github.com/mermeroo/V2RAY-FREE/raw/main/Base64/Sub5_base64.txt
2026-05-15 08:48:26,110 | INFO     |   → 125/887 ❌ HTTP 404 — https://github.com/mermeroo/telegram-configs-collector/raw/main/protocols/hysteria
2026-05-15 08:48:26,110 | INFO     |   → 126/887 ❌ HTTP 404 — https://github.com/mermeroo/telegram-configs-collector/raw/main/protocols/juicity
2026-05-15 08:48:26,110 | INFO     |   → 127/887 ❌ HTTP 404 — https://github.com/mermeroo/telegram-configs-collector/raw/main/protocols/tuic
2026-05-15 08:48:26,110 | INFO     |   → 128/887: ✅ 5 взято | 🗑️ 16 мусор
2026-05-15 08:48:26,110 | INFO     |   → 129/887: ✅ 0 взято | 🗑️ 0 мусор
2026-05-15 08:48:26,110 | INFO     |   → 130/887: ✅ 0 взято | 🗑️ 0 мусор
2026-05-15 08:48:26,110 | INFO     |   → 131/887: ✅ 0 взято | 🗑️ 0 мусор
2026-05-15 08:48:26,110 | INFO     |   → 132/887: ✅ 3 взято | 🗑️ 238 мусор
2026-05-15 08:48:26,110 | INFO     |   → 133/887: ✅ 0 взято | 🗑️ 0 мусор
2026-05-15 08:48:26,110 | INFO     |   → 134/887: ✅ 3 взято | 🗑️ 239 мусор
2026-05-15 08:48:26,110 | INFO     |   → 135/887: ✅ 0 взято | 🗑️ 0 мусор
2026-05-15 08:48:26,110 | INFO     |   → 136/887: ✅ 0 взято | 🗑️ 255 мусор
2026-05-15 08:48:26,110 | INFO     |   → 137/887: ✅ 0 взято | 🗑️ 0 мусор
2026-05-15 08:48:26,110 | INFO     |   → 138/887: ✅ 1 взято | 🗑️ 249 мусор
2026-05-15 08:48:26,110 | INFO     |   → 139/887: ✅ 0 взято | 🗑️ 0 мусор
2026-05-15 08:48:26,110 | INFO     |   → 140/887: ✅ 0 взято | 🗑️ 207 мусор
2026-05-15 08:48:26,110 | INFO     |   → 141/887: ✅ 0 взято | 🗑️ 0 мусор
2026-05-15 08:48:26,110 | INFO     |   → 142/887: ✅ 0 взято | 🗑️ 228 мусор
2026-05-15 08:48:26,110 | INFO     |   → 143/887: ✅ 0 взято | 🗑️ 0 мусор
2026-05-15 08:48:26,110 | INFO     |   → 144/887: ✅ 1 взято | 🗑️ 291 мусор
2026-05-15 08:48:26,110 | INFO     |   → 145/887: ✅ 0 взято | 🗑️ 0 мусор
2026-05-15 08:48:26,110 | INFO     |   → 146/887: ✅ 3 взято | 🗑️ 221 мусор
2026-05-15 08:48:26,110 | INFO     |   → 147/887: ✅ 0 взято | 🗑️ 0 мусор
2026-05-15 08:48:26,111 | INFO     |   → 148/887: ✅ 1 взято | 🗑️ 222 мусор
2026-05-15 08:48:26,111 | INFO     |   → 149/887: ✅ 0 взято | 🗑️ 0 мусор
2026-05-15 08:48:26,111 | INFO     |   → 150/887: ✅ 1 взято | 🗑️ 218 мусор
2026-05-15 08:48:26,111 | INFO     |   → 151/887: ✅ 0 взято | 🗑️ 0 мусор
2026-05-15 08:48:26,111 | INFO     |   → 152/887: ✅ 0 взято | 🗑️ 193 мусор
2026-05-15 08:48:26,111 | INFO     |   → 153/887: ✅ 0 взято | 🗑️ 0 мусор
2026-05-15 08:48:26,111 | INFO     |   → 154/887: ✅ 0 взято | 🗑️ 290 мусор
2026-05-15 08:48:26,111 | INFO     |   → 155/887: ✅ 0 взято | 🗑️ 0 мусор
2026-05-15 08:48:26,111 | INFO     |   → 156/887: ✅ 0 взято | 🗑️ 238 мусор
2026-05-15 08:48:26,111 | INFO     |   → 157/887: ✅ 0 взято | 🗑️ 0 мусор
2026-05-15 08:48:26,111 | INFO     |   → 158/887: ✅ 0 взято | 🗑️ 221 мусор
2026-05-15 08:48:26,111 | INFO     |   → 159/887: ✅ 0 взято | 🗑️ 0 мусор
2026-05-15 08:48:26,111 | INFO     |   → 160/887: ✅ 0 взято | 🗑️ 248 мусор
2026-05-15 08:48:26,111 | INFO     |   → 161/887: ✅ 0 взято | 🗑️ 0 мусор
2026-05-15 08:48:26,111 | INFO     |   → 162/887: ✅ 0 взято | 🗑️ 203 мусор
2026-05-15 08:48:26,111 | INFO     |   → 163/887: ✅ 0 взято | 🗑️ 0 мусор
2026-05-15 08:48:26,111 | INFO     |   → 164/887: ✅ 0 взято | 🗑️ 208 мусор
2026-05-15 08:48:26,111 | INFO     |   → 165/887: ✅ 0 взято | 🗑️ 0 мусор
2026-05-15 08:48:26,111 | INFO     |   → 166/887: ✅ 2 взято | 🗑️ 209 мусор
2026-05-15 08:48:26,111 | INFO     |   → 167/887: ✅ 0 взято | 🗑️ 0 мусор
2026-05-15 08:48:26,111 | INFO     |   → 168/887: ✅ 0 взято | 🗑️ 258 мусор
2026-05-15 08:48:26,111 | INFO     |   → 169/887: ✅ 0 взято | 🗑️ 0 мусор
2026-05-15 08:48:26,111 | INFO     |   → 170/887: ✅ 0 взято | 🗑️ 296 мусор
2026-05-15 08:48:26,111 | INFO     |   → 171/887: ✅ 0 взято | 🗑️ 0 мусор
2026-05-15 08:48:26,111 | INFO     |   → 172/887: ✅ 1 взято | 🗑️ 286 мусор
2026-05-15 08:48:26,111 | INFO     |   → 173/887: ✅ 0 взято | 🗑️ 0 мусор
2026-05-15 08:48:26,112 | INFO     |   → 174/887: ✅ 0 взято | 🗑️ 195 мусор
2026-05-15 08:48:26,112 | INFO     |   → 175/887: ✅ 0 взято | 🗑️ 0 мусор
2026-05-15 08:48:26,112 | INFO     |   → 176/887: ✅ 0 взято | 🗑️ 170 мусор
2026-05-15 08:48:26,112 | INFO     |   → 177/887: ✅ 0 взято | 🗑️ 0 мусор
2026-05-15 08:48:26,112 | INFO     |   → 178/887: ✅ 0 взято | 🗑️ 160 мусор
2026-05-15 08:48:26,112 | INFO     |   → 179/887: ✅ 0 взято | 🗑️ 0 мусор
2026-05-15 08:48:26,112 | INFO     |   → 180/887: ✅ 0 взято | 🗑️ 121 мусор
2026-05-15 08:48:26,112 | INFO     |   → 181/887: ✅ 0 взято | 🗑️ 0 мусор
2026-05-15 08:48:26,112 | INFO     |   → 182/887: ✅ 0 взято | 🗑️ 135 мусор
2026-05-15 08:48:26,112 | INFO     |   → 183/887: ✅ 0 взято | 🗑️ 0 мусор
2026-05-15 08:48:26,112 | INFO     |   → 184/887: ✅ 1 взято | 🗑️ 129 мусор
2026-05-15 08:48:26,112 | INFO     |   → 185/887: ✅ 0 взято | 🗑️ 0 мусор
2026-05-15 08:48:26,112 | INFO     |   → 186/887: ✅ 0 взято | 🗑️ 189 мусор
2026-05-15 08:48:26,112 | INFO     |   → 187/887: ✅ 0 взято | 🗑️ 0 мусор
2026-05-15 08:48:26,112 | INFO     |   → 188/887: ✅ 3 взято | 🗑️ 147 мусор
2026-05-15 08:48:26,112 | INFO     |   → 189/887: ✅ 0 взято | 🗑️ 0 мусор
2026-05-15 08:48:26,112 | INFO     |   → 190/887: ✅ 1 взято | 🗑️ 183 мусор
2026-05-15 08:48:26,112 | INFO     |   → 191/887: ✅ 0 взято | 🗑️ 0 мусор
2026-05-15 08:48:26,112 | INFO     |   → 192/887: ✅ 0 взято | 🗑️ 155 мусор
2026-05-15 08:48:26,112 | INFO     |   → 193/887: ✅ 0 взято | 🗑️ 0 мусор
2026-05-15 08:48:26,112 | INFO     |   → 194/887: ✅ 0 взято | 🗑️ 114 мусор
2026-05-15 08:48:26,112 | INFO     |   → 195/887: ✅ 0 взято | 🗑️ 0 мусор
2026-05-15 08:48:26,112 | INFO     |   → 196/887: ✅ 0 взято | 🗑️ 239 мусор
2026-05-15 08:48:26,112 | INFO     |   → 197/887: ✅ 0 взято | 🗑️ 0 мусор
2026-05-15 08:48:26,112 | INFO     |   → 198/887: ✅ 0 взято | 🗑️ 204 мусор
2026-05-15 08:48:26,112 | INFO     |   → 199/887: ✅ 0 взято | 🗑️ 0 мусор
2026-05-15 08:48:26,112 | INFO     |   → 200/887: ✅ 0 взято | 🗑️ 232 мусор
2026-05-15 08:48:26,113 | INFO     |   → 201/887: ✅ 0 взято | 🗑️ 0 мусор
2026-05-15 08:48:26,113 | INFO     |   → 202/887: ✅ 0 взято | 🗑️ 192 мусор
2026-05-15 08:48:26,113 | INFO     |   → 203/887: ✅ 0 взято | 🗑️ 0 мусор
2026-05-15 08:48:26,113 | INFO     |   → 204/887: ✅ 0 взято | 🗑️ 183 мусор
2026-05-15 08:48:26,113 | INFO     |   → 205/887: ✅ 0 взято | 🗑️ 0 мусор
2026-05-15 08:48:26,113 | INFO     |   → 206/887 ⚠️ Ошибка: HTTPSConnectionPool(host='ivuxy.tech', port=443): Max retries exceeded with url: /v.txt (Caused by NameResolutionError("HTTPSConnection(host='ivuxy.tech', port=443): Failed to resolve 'ivuxy.tech' ([Errno -2] Name or service not known)")) — https://ivuxy.tech/v.txt
2026-05-15 08:48:26,113 | INFO     |   → 207/887 ⚠️ Ошибка: HTTPSConnectionPool(host='mirror.ghproxy.com', port=443): Max retries exceeded with url: /https://raw.githubusercontent.com/Barabama/FreeNodes/master/nodes/blues.txt (Caused by NameResolutionError("HTTPSConnection(host='mirror.ghproxy.com', port=443): Failed to resolve 'mirror.ghproxy.com' ([Errno -2] Name or service not known)")) — https://mirror.ghproxy.com/https://raw.githubusercontent.com/Barabama/FreeNodes/master/nodes/blues.txt
2026-05-15 08:48:26,113 | INFO     |   → 208/887 ⚠️ Ошибка: HTTPSConnectionPool(host='mirror.ghproxy.com', port=443): Max retries exceeded with url: /https://raw.githubusercontent.com/Barabama/FreeNodes/master/nodes/halekj.txt (Caused by NameResolutionError("HTTPSConnection(host='mirror.ghproxy.com', port=443): Failed to resolve 'mirror.ghproxy.com' ([Errno -2] Name or service not known)")) — https://mirror.ghproxy.com/https://raw.githubusercontent.com/Barabama/FreeNodes/master/nodes/halekj.txt
2026-05-15 08:48:26,113 | INFO     |   → 209/887 ⚠️ Ошибка: HTTPSConnectionPool(host='mirror.ghproxy.com', port=443): Max retries exceeded with url: /https://raw.githubusercontent.com/Barabama/FreeNodes/master/nodes/kkzui.txt (Caused by NameResolutionError("HTTPSConnection(host='mirror.ghproxy.com', port=443): Failed to resolve 'mirror.ghproxy.com' ([Errno -2] Name or service not known)")) — https://mirror.ghproxy.com/https://raw.githubusercontent.com/Barabama/FreeNodes/master/nodes/kkzui.txt
2026-05-15 08:48:26,113 | INFO     |   → 210/887 ⚠️ Ошибка: HTTPSConnectionPool(host='mirror.ghproxy.com', port=443): Max retries exceeded with url: /https://raw.githubusercontent.com/Barabama/FreeNodes/master/nodes/merged.txt (Caused by NameResolutionError("HTTPSConnection(host='mirror.ghproxy.com', port=443): Failed to resolve 'mirror.ghproxy.com' ([Errno -2] Name or service not known)")) — https://mirror.ghproxy.com/https://raw.githubusercontent.com/Barabama/FreeNodes/master/nodes/merged.txt
2026-05-15 08:48:26,113 | INFO     |   → 211/887 ⚠️ Ошибка: HTTPSConnectionPool(host='mirror.ghproxy.com', port=443): Max retries exceeded with url: /https://raw.githubusercontent.com/Barabama/FreeNodes/master/nodes/nodefree.txt (Caused by NameResolutionError("HTTPSConnection(host='mirror.ghproxy.com', port=443): Failed to resolve 'mirror.ghproxy.com' ([Errno -2] Name or service not known)")) — https://mirror.ghproxy.com/https://raw.githubusercontent.com/Barabama/FreeNodes/master/nodes/nodefree.txt
2026-05-15 08:48:26,113 | INFO     |   → 212/887 ⚠️ Ошибка: HTTPSConnectionPool(host='mirror.ghproxy.com', port=443): Max retries exceeded with url: /https://raw.githubusercontent.com/Barabama/FreeNodes/master/nodes/openrunner.txt (Caused by NameResolutionError("HTTPSConnection(host='mirror.ghproxy.com', port=443): Failed to resolve 'mirror.ghproxy.com' ([Errno -2] Name or service not known)")) — https://mirror.ghproxy.com/https://raw.githubusercontent.com/Barabama/FreeNodes/master/nodes/openrunner.txt
2026-05-15 08:48:26,113 | INFO     |   → 213/887 ⚠️ Ошибка: HTTPSConnectionPool(host='mirror.ghproxy.com', port=443): Max retries exceeded with url: /https://raw.githubusercontent.com/Barabama/FreeNodes/master/nodes/v2rayshare.txt (Caused by NameResolutionError("HTTPSConnection(host='mirror.ghproxy.com', port=443): Failed to resolve 'mirror.ghproxy.com' ([Errno -2] Name or service not known)")) — https://mirror.ghproxy.com/https://raw.githubusercontent.com/Barabama/FreeNodes/master/nodes/v2rayshare.txt
2026-05-15 08:48:26,113 | INFO     |   → 214/887 ⚠️ Ошибка: HTTPSConnectionPool(host='mirror.ghproxy.com', port=443): Max retries exceeded with url: /https://raw.githubusercontent.com/Barabama/FreeNodes/master/nodes/wenode.txt (Caused by NameResolutionError("HTTPSConnection(host='mirror.ghproxy.com', port=443): Failed to resolve 'mirror.ghproxy.com' ([Errno -2] Name or service not known)")) — https://mirror.ghproxy.com/https://raw.githubusercontent.com/Barabama/FreeNodes/master/nodes/wenode.txt
2026-05-15 08:48:26,113 | INFO     |   → 215/887 ⚠️ Ошибка: HTTPSConnectionPool(host='mirror.ghproxy.com', port=443): Max retries exceeded with url: /https://raw.githubusercontent.com/Barabama/FreeNodes/master/nodes/yudou66.txt (Caused by NameResolutionError("HTTPSConnection(host='mirror.ghproxy.com', port=443): Failed to resolve 'mirror.ghproxy.com' ([Errno -2] Name or service not known)")) — https://mirror.ghproxy.com/https://raw.githubusercontent.com/Barabama/FreeNodes/master/nodes/yudou66.txt
2026-05-15 08:48:26,113 | INFO     |   → 216/887: ✅ 7 взято | 🗑️ 17 мусор
2026-05-15 08:48:26,113 | INFO     |   → 217/887: ✅ 0 взято | 🗑️ 17 мусор
2026-05-15 08:48:26,113 | INFO     |   → 218/887: ✅ 14 взято | 🗑️ 14 мусор
2026-05-15 08:48:26,113 | INFO     |   → 219/887: ✅ 0 взято | 🗑️ 14 мусор
2026-05-15 08:48:26,113 | INFO     |   → 220/887: ✅ 0 взято | 🗑️ 14 мусор
2026-05-15 08:48:26,113 | INFO     |   → 221/887: ✅ 0 взято | 🗑️ 14 мусор
2026-05-15 08:48:26,113 | INFO     |   → 222/887: ✅ 0 взято | 🗑️ 14 мусор
2026-05-15 08:48:26,113 | INFO     |   → 223/887: ✅ 0 взято | 🗑️ 14 мусор
2026-05-15 08:48:26,113 | INFO     |   → 224/887: ✅ 0 взято | 🗑️ 14 мусор
2026-05-15 08:48:26,113 | INFO     |   → 225/887: ✅ 0 взято | 🗑️ 14 мусор
2026-05-15 08:48:26,113 | INFO     |   → 226/887: ✅ 0 взято | 🗑️ 14 мусор
2026-05-15 08:48:26,114 | INFO     |   → 227/887: ✅ 7 взято | 🗑️ 21 мусор
2026-05-15 08:48:26,114 | INFO     |   → 228/887: ✅ 0 взято | 🗑️ 21 мусор
2026-05-15 08:48:26,114 | INFO     |   → 229/887: ✅ 0 взято | 🗑️ 21 мусор
2026-05-15 08:48:26,114 | INFO     |   → 230/887: ✅ 0 взято | 🗑️ 21 мусор
2026-05-15 08:48:26,114 | INFO     |   → 231/887: ✅ 0 взято | 🗑️ 21 мусор
2026-05-15 08:48:26,114 | INFO     |   → 232/887: ✅ 0 взято | 🗑️ 21 мусор
2026-05-15 08:48:26,114 | INFO     |   → 233/887: ✅ 0 взято | 🗑️ 21 мусор
2026-05-15 08:48:26,114 | INFO     |   → 234/887: ✅ 0 взято | 🗑️ 21 мусор
2026-05-15 08:48:26,114 | INFO     |   → 235/887: ✅ 0 взято | 🗑️ 21 мусор
2026-05-15 08:48:26,114 | INFO     |   → 236/887: ✅ 0 взято | 🗑️ 21 мусор
2026-05-15 08:48:26,114 | INFO     |   → 237/887: ✅ 0 взято | 🗑️ 21 мусор
2026-05-15 08:48:26,114 | INFO     |   → 238/887: ✅ 5 взято | 🗑️ 15 мусор
2026-05-15 08:48:26,114 | INFO     |   → 239/887: ✅ 0 взято | 🗑️ 15 мусор
2026-05-15 08:48:26,114 | INFO     |   → 240/887: ✅ 0 взято | 🗑️ 15 мусор
2026-05-15 08:48:26,114 | INFO     |   → 241/887: ✅ 0 взято | 🗑️ 15 мусор
2026-05-15 08:48:26,114 | INFO     |   → 242/887: ✅ 0 взято | 🗑️ 15 мусор
2026-05-15 08:48:26,114 | INFO     |   → 243/887: ✅ 0 взято | 🗑️ 15 мусор
2026-05-15 08:48:26,114 | INFO     |   → 244/887: ✅ 0 взято | 🗑️ 15 мусор
2026-05-15 08:48:26,114 | INFO     |   → 245/887: ✅ 0 взято | 🗑️ 15 мусор
2026-05-15 08:48:26,114 | INFO     |   → 246/887: ✅ 0 взято | 🗑️ 15 мусор
2026-05-15 08:48:26,114 | INFO     |   → 247/887: ✅ 0 взято | 🗑️ 14 мусор
2026-05-15 08:48:26,114 | INFO     |   → 248/887: ✅ 0 взято | 🗑️ 14 мусор
2026-05-15 08:48:26,114 | INFO     |   → 249/887: ✅ 0 взято | 🗑️ 14 мусор
2026-05-15 08:48:26,114 | INFO     |   → 250/887: ✅ 0 взято | 🗑️ 14 мусор
2026-05-15 08:48:26,114 | INFO     |   → 251/887: ✅ 6 взято | 🗑️ 17 мусор
2026-05-15 08:48:26,114 | INFO     |   → 252/887 ❌ HTTP 403 — https://nodefree.org/dy/2023/08/20230806.yaml
2026-05-15 08:48:26,114 | INFO     |   → 253/887 ❌ HTTP 403 — https://nodefree.org/dy/2023/12/20231221.txt
2026-05-15 08:48:26,115 | INFO     |   → 254/887: ✅ 0 взято | 🗑️ 17 мусор
2026-05-15 08:48:26,115 | INFO     |   → 255/887: ✅ 0 взято | 🗑️ 17 мусор
2026-05-15 08:48:26,115 | INFO     |   → 256/887: ✅ 0 взято | 🗑️ 14 мусор
2026-05-15 08:48:26,115 | INFO     |   → 257/887: ✅ 0 взято | 🗑️ 14 мусор
2026-05-15 08:48:26,115 | INFO     |   → 258/887: ✅ 0 взято | 🗑️ 14 мусор
2026-05-15 08:48:26,115 | INFO     |   → 259/887: ✅ 0 взято | 🗑️ 14 мусор
2026-05-15 08:48:26,115 | INFO     |   → 260/887: ✅ 0 взято | 🗑️ 14 мусор
2026-05-15 08:48:26,115 | INFO     |   → 261/887: ✅ 0 взято | 🗑️ 14 мусор
2026-05-15 08:48:26,115 | INFO     |   → 262/887: ✅ 0 взято | 🗑️ 14 мусор
2026-05-15 08:48:26,115 | INFO     |   → 263/887: ✅ 0 взято | 🗑️ 14 мусор
2026-05-15 08:48:26,115 | INFO     |   → 264/887: ✅ 0 взято | 🗑️ 14 мусор
2026-05-15 08:48:26,115 | INFO     |   → 265/887: ✅ 0 взято | 🗑️ 21 мусор
2026-05-15 08:48:26,115 | INFO     |   → 266/887: ✅ 0 взято | 🗑️ 21 мусор
2026-05-15 08:48:26,115 | INFO     |   → 267/887: ✅ 0 взято | 🗑️ 21 мусор
2026-05-15 08:48:26,115 | INFO     |   → 268/887: ✅ 0 взято | 🗑️ 21 мусор
2026-05-15 08:48:26,115 | INFO     |   → 269/887: ✅ 0 взято | 🗑️ 21 мусор
2026-05-15 08:48:26,115 | INFO     |   → 270/887: ✅ 0 взято | 🗑️ 21 мусор
2026-05-15 08:48:26,115 | INFO     |   → 271/887: ✅ 0 взято | 🗑️ 21 мусор
2026-05-15 08:48:26,115 | INFO     |   → 272/887: ✅ 0 взято | 🗑️ 21 мусор
2026-05-15 08:48:26,115 | INFO     |   → 273/887: ✅ 0 взято | 🗑️ 21 мусор
2026-05-15 08:48:26,115 | INFO     |   → 274/887: ✅ 0 взято | 🗑️ 21 мусор
2026-05-15 08:48:26,115 | INFO     |   → 275/887: ✅ 0 взято | 🗑️ 21 мусор
2026-05-15 08:48:26,115 | INFO     |   → 276/887: ✅ 0 взято | 🗑️ 15 мусор
2026-05-15 08:48:26,115 | INFO     |   → 277/887: ✅ 0 взято | 🗑️ 15 мусор
2026-05-15 08:48:26,115 | INFO     |   → 278/887: ✅ 0 взято | 🗑️ 15 мусор
2026-05-15 08:48:26,115 | INFO     |   → 279/887: ✅ 0 взято | 🗑️ 15 мусор
2026-05-15 08:48:26,115 | INFO     |   → 280/887: ✅ 0 взято | 🗑️ 15 мусор
2026-05-15 08:48:26,116 | INFO     |   → 281/887: ✅ 0 взято | 🗑️ 15 мусор
2026-05-15 08:48:26,116 | INFO     |   → 282/887: ✅ 0 взято | 🗑️ 15 мусор
2026-05-15 08:48:26,116 | INFO     |   → 283/887: ✅ 0 взято | 🗑️ 15 мусор
2026-05-15 08:48:26,116 | INFO     |   → 284/887: ✅ 0 взято | 🗑️ 15 мусор
2026-05-15 08:48:26,116 | INFO     |   → 285/887: ✅ 0 взято | 🗑️ 15 мусор
2026-05-15 08:48:26,116 | INFO     |   → 286/887: ✅ 0 взято | 🗑️ 14 мусор
2026-05-15 08:48:26,116 | INFO     |   → 287/887: ✅ 0 взято | 🗑️ 14 мусор
2026-05-15 08:48:26,116 | INFO     |   → 288/887: ✅ 0 взято | 🗑️ 14 мусор
2026-05-15 08:48:26,116 | INFO     |   → 289/887: ✅ 0 взято | 🗑️ 14 мусор
2026-05-15 08:48:26,116 | INFO     |   → 290/887: ✅ 0 взято | 🗑️ 0 мусор
2026-05-15 08:48:26,116 | INFO     |   → 291/887: ✅ 0 взято | 🗑️ 0 мусор
2026-05-15 08:48:26,116 | INFO     |   → 292/887: ✅ 0 взято | 🗑️ 0 мусор
2026-05-15 08:48:26,116 | INFO     |   → 293/887: ✅ 0 взято | 🗑️ 0 мусор
2026-05-15 08:48:26,116 | INFO     |   → 294/887: ✅ 0 взято | 🗑️ 0 мусор
2026-05-15 08:48:26,116 | INFO     |   → 295/887: ✅ 0 взято | 🗑️ 0 мусор
2026-05-15 08:48:26,116 | INFO     |   → 296/887: ✅ 0 взято | 🗑️ 0 мусор
2026-05-15 08:48:26,116 | INFO     |   → 297/887: ✅ 0 взято | 🗑️ 0 мусор
2026-05-15 08:48:26,116 | INFO     |   → 298/887: ✅ 0 взято | 🗑️ 0 мусор
2026-05-15 08:48:26,116 | INFO     |   → 299/887: ✅ 0 взято | 🗑️ 0 мусор
2026-05-15 08:48:26,116 | INFO     |   → 300/887: ✅ 0 взято | 🗑️ 0 мусор
2026-05-15 08:48:26,116 | INFO     |   → 301/887: ✅ 0 взято | 🗑️ 0 мусор
2026-05-15 08:48:26,116 | INFO     |   → 302/887 ❌ HTTP 404 — https://raw.githubusercontent.com/10ium/MihomoSaz/main/Sublist/shatakvpn.yaml4_Sub.txt
2026-05-15 08:48:26,116 | INFO     |   → 303/887: ✅ 0 взято | 🗑️ 0 мусор
2026-05-15 08:48:26,116 | INFO     |   → 304/887: ✅ 0 взято | 🗑️ 0 мусор
2026-05-15 08:48:26,116 | INFO     |   → 305/887: ✅ 12 взято | 🗑️ 38 мусор
2026-05-15 08:48:26,116 | INFO     |   → 306/887: ✅ 0 взято | 🗑️ 0 мусор
2026-05-15 08:48:26,117 | INFO     |   → 307/887: ✅ 0 взято | 🗑️ 0 мусор
2026-05-15 08:48:26,117 | INFO     |   → 308/887: ✅ 11 взято | 🗑️ 399 мусор
2026-05-15 08:48:26,117 | INFO     |   → 309/887: ✅ 0 взято | 🗑️ 0 мусор
2026-05-15 08:48:26,117 | INFO     |   → 310/887 ❌ HTTP 404 — https://raw.githubusercontent.com/9Fork/openit/main/Clash.yaml
2026-05-15 08:48:26,117 | INFO     |   → 311/887: ✅ 100 взято | 🗑️ 381 мусор
2026-05-15 08:48:26,117 | INFO     |   → 312/887: ✅ 0 взято | 🗑️ 381 мусор
2026-05-15 08:48:26,117 | INFO     |   → 313/887: ✅ 19 взято | 🗑️ 81 мусор
2026-05-15 08:48:26,117 | INFO     |   → 314/887: ✅ 11 взято | 🗑️ 87 мусор
2026-05-15 08:48:26,117 | INFO     |   → 315/887: ✅ 27 взято | 🗑️ 73 мусор
2026-05-15 08:48:26,117 | INFO     |   → 316/887: ✅ 13 взято | 🗑️ 75 мусор
2026-05-15 08:48:26,117 | INFO     |   → 317/887: ✅ 10 взято | 🗑️ 83 мусор
2026-05-15 08:48:26,117 | INFO     |   → 318/887: ✅ 12 взято | 🗑️ 86 мусор
2026-05-15 08:48:26,117 | INFO     |   → 319/887: ✅ 11 взято | 🗑️ 87 мусор
2026-05-15 08:48:26,117 | INFO     |   → 320/887: ✅ 11 взято | 🗑️ 80 мусор
2026-05-15 08:48:26,117 | INFO     |   → 321/887: ✅ 9 взято | 🗑️ 82 мусор
2026-05-15 08:48:26,117 | INFO     |   → 322/887: ✅ 69 взято | 🗑️ 3 мусор
2026-05-15 08:48:26,117 | INFO     |   → 323/887: ✅ 3 взято | 🗑️ 75 мусор
2026-05-15 08:48:26,117 | INFO     |   → 324/887: ✅ 4 взято | 🗑️ 69 мусор
2026-05-15 08:48:26,117 | INFO     |   → 325/887: ✅ 4 взято | 🗑️ 80 мусор
2026-05-15 08:48:26,117 | INFO     |   → 326/887: ✅ 6 взято | 🗑️ 81 мусор
2026-05-15 08:48:26,117 | INFO     |   → 327/887: ✅ 5 взято | 🗑️ 79 мусор
2026-05-15 08:48:26,117 | INFO     |   → 328/887: ✅ 11 взято | 🗑️ 78 мусор
2026-05-15 08:48:26,117 | INFO     |   → 329/887: ✅ 3 взято | 🗑️ 83 мусор
2026-05-15 08:48:26,117 | INFO     |   → 330/887: ✅ 14 взято | 🗑️ 76 мусор
2026-05-15 08:48:26,117 | INFO     |   → 331/887: ✅ 12 взято | 🗑️ 78 мусор
2026-05-15 08:48:26,117 | INFO     |   → 332/887: ✅ 26 взято | 🗑️ 218 мусор
2026-05-15 08:48:26,117 | INFO     |   → 333/887: ✅ 44 взято | 🗑️ 141 мусор
2026-05-15 08:48:26,118 | INFO     |   → 334/887: ✅ 10 взято | 🗑️ 71 мусор
2026-05-15 08:48:26,118 | INFO     |   → 335/887: ✅ 2 взято | 🗑️ 88 мусор
2026-05-15 08:48:26,118 | INFO     |   → 336/887: ✅ 0 взято | 🗑️ 3 мусор
2026-05-15 08:48:26,118 | INFO     |   → 337/887: ✅ 14 взято | 🗑️ 4 мусор
2026-05-15 08:48:26,118 | INFO     |   → 338/887: ✅ 651 взято | 🗑️ 2454 мусор
2026-05-15 08:48:26,118 | INFO     |   → 339/887 ❌ HTTP 404 — https://raw.githubusercontent.com/Alvin9999/pac2/master/clash/1/config.yaml
2026-05-15 08:48:26,118 | INFO     |   → 340/887 ❌ HTTP 404 — https://raw.githubusercontent.com/AmirHDevo/temp2/7f15e7ddb311a6f8c5ab338bd1af0e1f2136a84b/configs.txt
2026-05-15 08:48:26,118 | INFO     |   → 341/887: ✅ 5 взято | 🗑️ 50 мусор
2026-05-15 08:48:26,118 | INFO     |   → 342/887: ✅ 1217 взято | 🗑️ 17927 мусор
2026-05-15 08:48:26,118 | INFO     |   → 343/887: ✅ 5 взято | 🗑️ 47 мусор
2026-05-15 08:48:26,118 | INFO     |   → 344/887: ✅ 4 взято | 🗑️ 57 мусор
2026-05-15 08:48:26,118 | INFO     |   → 345/887: ✅ 21 взято | 🗑️ 107 мусор
2026-05-15 08:48:26,118 | INFO     |   → 346/887: ✅ 78 взято | 🗑️ 347 мусор
2026-05-15 08:48:26,118 | INFO     |   → 347/887: ✅ 0 взято | 🗑️ 1373 мусор
2026-05-15 08:48:26,118 | INFO     |   → 348/887: ✅ 339 взято | 🗑️ 1542 мусор
2026-05-15 08:48:26,118 | INFO     |   → 349/887: ✅ 0 взято | 🗑️ 6 мусор
2026-05-15 08:48:26,118 | INFO     |   → 350/887: ✅ 0 взято | 🗑️ 0 мусор
2026-05-15 08:48:26,118 | INFO     |   → 351/887: ✅ 1 взято | 🗑️ 235 мусор
2026-05-15 08:48:26,118 | INFO     |   → 352/887: ✅ 0 взято | 🗑️ 16 мусор
2026-05-15 08:48:26,118 | INFO     |   → 353/887: ✅ 0 взято | 🗑️ 0 мусор
2026-05-15 08:48:26,118 | INFO     |   → 354/887: ✅ 0 взято | 🗑️ 14 мусор
2026-05-15 08:48:26,118 | INFO     |   → 355/887: ✅ 0 взято | 🗑️ 0 мусор
2026-05-15 08:48:26,118 | INFO     |   → 356/887: ✅ 0 взято | 🗑️ 17 мусор
2026-05-15 08:48:26,118 | INFO     |   → 357/887: ✅ 0 взято | 🗑️ 0 мусор
2026-05-15 08:48:26,118 | INFO     |   → 358/887: ✅ 1 взято | 🗑️ 9 мусор
2026-05-15 08:48:26,118 | INFO     |   → 359/887: ✅ 0 взято | 🗑️ 0 мусор
2026-05-15 08:48:26,118 | INFO     |   → 360/887: ✅ 0 взято | 🗑️ 17 мусор
2026-05-15 08:48:26,118 | INFO     |   → 361/887: ✅ 0 взято | 🗑️ 0 мусор
2026-05-15 08:48:26,118 | INFO     |   → 362/887: ✅ 0 взято | 🗑️ 17 мусор
2026-05-15 08:48:26,119 | INFO     |   → 363/887: ✅ 0 взято | 🗑️ 0 мусор
2026-05-15 08:48:26,119 | INFO     |   → 364/887: ✅ 0 взято | 🗑️ 183 мусор
2026-05-15 08:48:26,119 | INFO     |   → 365/887: ✅ 0 взято | 🗑️ 0 мусор
2026-05-15 08:48:26,119 | INFO     |   → 366/887: ✅ 5 взято | 🗑️ 76 мусор
2026-05-15 08:48:26,119 | INFO     |   → 367/887: ✅ 80 взято | 🗑️ 1110 мусор
2026-05-15 08:48:26,119 | INFO     |   → 368/887: ✅ 5 взято | 🗑️ 13 мусор
2026-05-15 08:48:26,119 | INFO     |   → 369/887 ❌ HTTP 404 — https://raw.githubusercontent.com/Epodonios/bulk-xray-v2ray-vless-vmess-...-configs/main/sub/Austria/config.txt
2026-05-15 08:48:26,119 | INFO     |   → 370/887 ❌ HTTP 404 — https://raw.githubusercontent.com/Epodonios/bulk-xray-v2ray-vless-vmess-...-configs/main/sub/Canada/config.txt
2026-05-15 08:48:26,119 | INFO     |   → 371/887 ❌ HTTP 404 — https://raw.githubusercontent.com/Epodonios/bulk-xray-v2ray-vless-vmess-...-configs/main/sub/Costa%20Rica/config.txt
2026-05-15 08:48:26,119 | INFO     |   → 372/887 ❌ HTTP 404 — https://raw.githubusercontent.com/Epodonios/bulk-xray-v2ray-vless-vmess-...-configs/main/sub/France/config.txt
2026-05-15 08:48:26,119 | INFO     |   → 373/887 ❌ HTTP 404 — https://raw.githubusercontent.com/Epodonios/bulk-xray-v2ray-vless-vmess-...-configs/main/sub/Germany/config.txt
2026-05-15 08:48:26,119 | INFO     |   → 374/887 ❌ HTTP 404 — https://raw.githubusercontent.com/Epodonios/bulk-xray-v2ray-vless-vmess-...-configs/main/sub/Indonesia/config.txt
2026-05-15 08:48:26,119 | INFO     |   → 375/887 ❌ HTTP 404 — https://raw.githubusercontent.com/Epodonios/bulk-xray-v2ray-vless-vmess-...-configs/main/sub/Ireland/config.txt
2026-05-15 08:48:26,119 | INFO     |   → 376/887 ❌ HTTP 404 — https://raw.githubusercontent.com/Epodonios/bulk-xray-v2ray-vless-vmess-...-configs/main/sub/Republic%20of%20Lithuania/config.txt
2026-05-15 08:48:26,119 | INFO     |   → 377/887 ❌ HTTP 404 — https://raw.githubusercontent.com/Epodonios/bulk-xray-v2ray-vless-vmess-...-configs/main/sub/South%20Africa/config.txt
2026-05-15 08:48:26,119 | INFO     |   → 378/887 ❌ HTTP 404 — https://raw.githubusercontent.com/Epodonios/bulk-xray-v2ray-vless-vmess-...-configs/main/sub/Sweden/config.txt
2026-05-15 08:48:26,119 | INFO     |   → 379/887 ❌ HTTP 404 — https://raw.githubusercontent.com/Epodonios/bulk-xray-v2ray-vless-vmess-...-configs/main/sub/Turkey/config.txt
2026-05-15 08:48:26,119 | INFO     |   → 380/887 ❌ HTTP 404 — https://raw.githubusercontent.com/Epodonios/bulk-xray-v2ray-vless-vmess-...-configs/main/sub/United%20Arab%20Emirates/config.txt
2026-05-15 08:48:26,119 | INFO     |   → 381/887 ❌ HTTP 404 — https://raw.githubusercontent.com/Epodonios/bulk-xray-v2ray-vless-vmess-...-configs/main/sub/United%20Kingdom/config.txt
2026-05-15 08:48:26,119 | INFO     |   → 382/887 ❌ HTTP 404 — https://raw.githubusercontent.com/Epodonios/bulk-xray-v2ray-vless-vmess-...-configs/main/sub/United%20States/config.txt
2026-05-15 08:48:26,119 | INFO     |   → 383/887: ✅ 406 взято | 🗑️ 3785 мусор
2026-05-15 08:48:26,119 | INFO     |   → 384/887 ❌ HTTP 404 — https://raw.githubusercontent.com/Epodonios/v2ray-configs/main/Splitted-By-Protocol/mix.txt
2026-05-15 08:48:26,119 | INFO     |   → 385/887: ✅ 74 взято | 🗑️ 354 мусор
2026-05-15 08:48:26,119 | INFO     |   → 386/887: ✅ 0 взято | 🗑️ 0 мусор
2026-05-15 08:48:26,119 | INFO     |   → 387/887: ✅ 2 взято | 🗑️ 337 мусор
2026-05-15 08:48:26,120 | INFO     |   → 388/887: ✅ 11 взято | 🗑️ 2500 мусор
2026-05-15 08:48:26,120 | INFO     |   → 389/887: ✅ 0 взято | 🗑️ 617 мусор
2026-05-15 08:48:26,120 | INFO     |   → 390/887 ❌ HTTP 404 — https://raw.githubusercontent.com/Epodonios/v2ray-configs/raw/main/Splitted-By-Protocol/trojan.txt
2026-05-15 08:48:26,120 | INFO     |   → 391/887 ❌ HTTP 404 — https://raw.githubusercontent.com/Epodonios/v2ray-configs/raw/main/Splitted-By-Protocol/vmess.txt
2026-05-15 08:48:26,120 | INFO     |   → 392/887: ✅ 0 взято | 🗑️ 354 мусор
2026-05-15 08:48:26,120 | INFO     |   → 393/887: ✅ 0 взято | 🗑️ 0 мусор
2026-05-15 08:48:26,120 | INFO     |   → 394/887: ✅ 0 взято | 🗑️ 337 мусор
2026-05-15 08:48:26,120 | INFO     |   → 395/887: ✅ 0 взято | 🗑️ 2500 мусор
2026-05-15 08:48:26,120 | INFO     |   → 396/887: ✅ 0 взято | 🗑️ 617 мусор
2026-05-15 08:48:26,120 | INFO     |   → 397/887 ❌ HTTP 404 — https://raw.githubusercontent.com/Fido6/FreeNodes/57221e59caddde55ffdda21d491ae952cd608049/nodes/halekj.txt
2026-05-15 08:48:26,120 | INFO     |   → 398/887 ❌ HTTP 404 — https://raw.githubusercontent.com/Fido6/FreeNodes/57221e59caddde55ffdda21d491ae952cd608049/nodes/kkzui.txt
2026-05-15 08:48:26,120 | INFO     |   → 399/887 ❌ HTTP 404 — https://raw.githubusercontent.com/Fido6/FreeNodes/57221e59caddde55ffdda21d491ae952cd608049/nodes/wenode.txt
2026-05-15 08:48:26,120 | INFO     |   → 400/887: ✅ 0 взято | 🗑️ 0 мусор
2026-05-15 08:48:26,120 | INFO     |   → 401/887: ✅ 0 взято | 🗑️ 0 мусор
2026-05-15 08:48:26,120 | INFO     |   → 402/887: ✅ 14 взято | 🗑️ 250 мусор
2026-05-15 08:48:26,120 | INFO     |   → 403/887: ✅ 1 взято | 🗑️ 13 мусор
2026-05-15 08:48:26,120 | INFO     |   → 404/887: ✅ 1 взято | 🗑️ 17 мусор
2026-05-15 08:48:26,120 | INFO     |   → 405/887: ✅ 4 взято | 🗑️ 11 мусор
2026-05-15 08:48:26,120 | INFO     |   → 406/887: ✅ 0 взято | 🗑️ 0 мусор
2026-05-15 08:48:26,120 | INFO     |   → 407/887: ✅ 0 взято | 🗑️ 137 мусор
2026-05-15 08:48:26,120 | INFO     |   → 408/887: ✅ 0 взято | 🗑️ 32 мусор
2026-05-15 08:48:26,120 | INFO     |   → 409/887: ✅ 2 взято | 🗑️ 19 мусор
2026-05-15 08:48:26,120 | INFO     |   → 410/887: ✅ 0 взято | 🗑️ 43 мусор
2026-05-15 08:48:26,120 | INFO     |   → 411/887: ✅ 0 взято | 🗑️ 43 мусор
2026-05-15 08:48:26,120 | INFO     |   → 412/887 ❌ HTTP 404 — https://raw.githubusercontent.com/Iran-v2ray/v2ray/main/v2ray
2026-05-15 08:48:26,121 | INFO     |   → 413/887: ✅ 0 взято | 🗑️ 1 мусор
2026-05-15 08:48:26,121 | INFO     |   → 414/887: ✅ 0 взято | 🗑️ 1 мусор
2026-05-15 08:48:26,121 | INFO     |   → 415/887: ✅ 0 взято | 🗑️ 28 мусор
2026-05-15 08:48:26,121 | INFO     |   → 416/887: ✅ 14 взято | 🗑️ 282 мусор
2026-05-15 08:48:26,121 | INFO     |   → 417/887: ✅ 0 взято | 🗑️ 94 мусор
2026-05-15 08:48:26,121 | INFO     |   → 418/887: ✅ 0 взято | 🗑️ 0 мусор
2026-05-15 08:48:26,121 | INFO     |   → 419/887: ✅ 0 взято | 🗑️ 0 мусор
2026-05-15 08:48:26,121 | INFO     |   → 420/887 ❌ HTTP 404 — https://raw.githubusercontent.com/Kwinshadow/TelegramV2rayCollector/raw/refs/heads/main/sublinks/mix.txt
2026-05-15 08:48:26,121 | INFO     |   → 421/887 ❌ HTTP 404 — https://raw.githubusercontent.com/LalatinaHub/Mineral/raw/refs/heads/master/result/nodes
2026-05-15 08:48:26,121 | INFO     |   → 422/887 ❌ HTTP 404 — https://raw.githubusercontent.com/Leon406/SubCrawler/main/sub/share/all3
2026-05-15 08:48:26,121 | INFO     |   → 423/887 ❌ HTTP 404 — https://raw.githubusercontent.com/Leon406/SubCrawler/main/sub/share/all4
2026-05-15 08:48:26,121 | INFO     |   → 424/887: ✅ 4 взято | 🗑️ 335 мусор
2026-05-15 08:48:26,121 | INFO     |   → 425/887: ✅ 0 взято | 🗑️ 33 мусор
2026-05-15 08:48:26,121 | INFO     |   → 426/887: ✅ 0 взято | 🗑️ 6 мусор
2026-05-15 08:48:26,121 | INFO     |   → 427/887: ✅ 0 взято | 🗑️ 147 мусор
2026-05-15 08:48:26,121 | INFO     |   → 428/887 ❌ HTTP 404 — https://raw.githubusercontent.com/M-Mashreghi/free-config-collector/main/Splitted-By-Protocol/ssr.txt
2026-05-15 08:48:26,121 | INFO     |   → 429/887: ✅ 139 взято | 🗑️ 114 мусор
2026-05-15 08:48:26,121 | INFO     |   → 430/887: ✅ 126 взято | 🗑️ 137 мусор
2026-05-15 08:48:26,121 | INFO     |   → 431/887: ✅ 0 взято | 🗑️ 12 мусор
2026-05-15 08:48:26,121 | INFO     |   → 432/887: ✅ 0 взято | 🗑️ 1 мусор
2026-05-15 08:48:26,121 | INFO     |   → 433/887: ✅ 41 взято | 🗑️ 410 мусор
2026-05-15 08:48:26,121 | INFO     |   → 434/887: ✅ 0 взято | 🗑️ 410 мусор
2026-05-15 08:48:26,121 | INFO     |   → 435/887 ❌ HTTP 404 — https://raw.githubusercontent.com/MatinGhanbari/v2ray-configs/main/subscriptions/filtered/subs/hy2.txt
2026-05-15 08:48:26,121 | INFO     |   → 436/887: ✅ 24 взято | 🗑️ 1519 мусор
2026-05-15 08:48:26,121 | INFO     |   → 437/887 ❌ HTTP 404 — https://raw.githubusercontent.com/MatinGhanbari/v2ray-configs/main/subscriptions/filtered/subs/ssr.txt
2026-05-15 08:48:26,121 | INFO     |   → 438/887: ✅ 54 взято | 🗑️ 583 мусор
2026-05-15 08:48:26,121 | INFO     |   → 439/887 ❌ HTTP 404 — https://raw.githubusercontent.com/MatinGhanbari/v2ray-configs/main/subscriptions/filtered/subs/tuic.txt
2026-05-15 08:48:26,122 | INFO     |   → 440/887: ✅ 14 взято | 🗑️ 224 мусор
2026-05-15 08:48:26,122 | INFO     |   → 441/887: ✅ 222 взято | 🗑️ 1297 мусор
2026-05-15 08:48:26,122 | INFO     |   → 442/887: ✅ 0 взято | 🗑️ 2 мусор
2026-05-15 08:48:26,122 | INFO     |   → 443/887: ✅ 111 взято | 🗑️ 755 мусор
2026-05-15 08:48:26,122 | INFO     |   → 444/887: ✅ 0 взято | 🗑️ 389 мусор
2026-05-15 08:48:26,122 | INFO     |   → 445/887: ✅ 0 взято | 🗑️ 389 мусор
2026-05-15 08:48:26,122 | INFO     |   → 446/887: ✅ 0 взято | 🗑️ 11 мусор
2026-05-15 08:48:26,122 | INFO     |   → 447/887: ✅ 0 взято | 🗑️ 2 мусор
2026-05-15 08:48:26,122 | INFO     |   → 448/887: ✅ 0 взято | 🗑️ 285 мусор
2026-05-15 08:48:26,122 | INFO     |   → 449/887: ✅ 0 взято | 🗑️ 76 мусор
2026-05-15 08:48:26,122 | INFO     |   → 450/887 ❌ HTTP 404 — https://raw.githubusercontent.com/MhdiTaheri/V2rayCollector/raw/refs/heads/main/sub/mix
2026-05-15 08:48:26,122 | INFO     |   → 451/887: ✅ 53 взято | 🗑️ 267 мусор
2026-05-15 08:48:26,122 | INFO     |   → 452/887 ❌ HTTP 404 — https://raw.githubusercontent.com/MhdiTaheri/V2rayCollector_Py/raw/refs/heads/main/sub/Mix/mix.txt
2026-05-15 08:48:26,122 | INFO     |   → 453/887: ✅ 0 взято | 🗑️ 0 мусор
2026-05-15 08:48:26,122 | INFO     |   → 454/887: ✅ 43 взято | 🗑️ 217 мусор
2026-05-15 08:48:26,122 | INFO     |   → 455/887: ✅ 0 взято | 🗑️ 31 мусор
2026-05-15 08:48:26,122 | INFO     |   → 456/887: ✅ 93 взято | 🗑️ 282 мусор
2026-05-15 08:48:26,122 | INFO     |   → 457/887: ✅ 0 взято | 🗑️ 26 мусор
2026-05-15 08:48:26,122 | INFO     |   → 458/887 ❌ HTTP 404 — https://raw.githubusercontent.com/MrMohebi/xray-proxy-grabber-telegram/master/collected-proxies/clash-meta/all.yaml
2026-05-15 08:48:26,122 | INFO     |   → 459/887 ❌ HTTP 404 — https://raw.githubusercontent.com/MrMohebi/xray-proxy-grabber-telegram/master/collected-proxies/row-url/actives.txt
2026-05-15 08:48:26,122 | INFO     |   → 460/887 ❌ HTTP 404 — https://raw.githubusercontent.com/MrMohebi/xray-proxy-grabber-telegram/master/collected-proxies/row-url/all.txt
2026-05-15 08:48:26,122 | INFO     |   → 461/887: ✅ 0 взято | 🗑️ 13 мусор
2026-05-15 08:48:26,122 | INFO     |   → 462/887: ✅ 0 взято | 🗑️ 13 мусор
2026-05-15 08:48:26,122 | INFO     |   → 463/887: ✅ 5 взято | 🗑️ 15 мусор
2026-05-15 08:48:26,122 | INFO     |   → 464/887: ✅ 0 взято | 🗑️ 30 мусор
2026-05-15 08:48:26,122 | INFO     |   → 465/887: ✅ 0 взято | 🗑️ 15 мусор
2026-05-15 08:48:26,123 | INFO     |   → 466/887: ✅ 66 взято | 🗑️ 123 мусор
2026-05-15 08:48:26,123 | INFO     |   → 467/887: ✅ 175 взято | 🗑️ 582 мусор
2026-05-15 08:48:26,123 | INFO     |   → 468/887: ✅ 0 взято | 🗑️ 0 мусор
2026-05-15 08:48:26,123 | INFO     |   → 469/887 ❌ HTTP 404 — https://raw.githubusercontent.com/OpenCNLink/freevpn/3cfcff048bfdd1493ccffa52ecf30ce7f9fc6b28/src/list/vmess.txt
2026-05-15 08:48:26,123 | INFO     |   → 470/887 ❌ HTTP 404 — https://raw.githubusercontent.com/Pawdro/Collection/main/sub
2026-05-15 08:48:26,123 | INFO     |   → 471/887: ✅ 0 взято | 🗑️ 20 мусор
2026-05-15 08:48:26,123 | INFO     |   → 472/887: ✅ 0 взято | 🗑️ 20 мусор
2026-05-15 08:48:26,123 | INFO     |   → 473/887: ✅ 0 взято | 🗑️ 0 мусор
2026-05-15 08:48:26,123 | INFO     |   → 474/887: ✅ 0 взято | 🗑️ 0 мусор
2026-05-15 08:48:26,123 | INFO     |   → 475/887: ✅ 0 взято | 🗑️ 50 мусор
2026-05-15 08:48:26,123 | INFO     |   → 476/887: ✅ 5 взято | 🗑️ 206 мусор
2026-05-15 08:48:26,123 | INFO     |   → 477/887: ✅ 21 взято | 🗑️ 138 мусор
2026-05-15 08:48:26,123 | INFO     |   → 478/887: ✅ 23 взято | 🗑️ 89 мусор
2026-05-15 08:48:26,123 | INFO     |   → 479/887: ✅ 9 взято | 🗑️ 85 мусор
2026-05-15 08:48:26,123 | INFO     |   → 480/887: ✅ 0 взято | 🗑️ 129 мусор
2026-05-15 08:48:26,123 | INFO     |   → 481/887: ✅ 0 взято | 🗑️ 81 мусор
2026-05-15 08:48:26,123 | INFO     |   → 482/887 ❌ HTTP 404 — https://raw.githubusercontent.com/STR97/STRUGOV/refs/heads/main/STR.BYPASS
2026-05-15 08:48:26,123 | INFO     |   → 483/887: ✅ 4 взято | 🗑️ 34 мусор
2026-05-15 08:48:26,123 | INFO     |   → 484/887: ✅ 11 взято | 🗑️ 16 мусор
2026-05-15 08:48:26,123 | INFO     |   → 485/887: ✅ 0 взято | 🗑️ 16 мусор
2026-05-15 08:48:26,123 | INFO     |   → 486/887: ✅ 0 взято | 🗑️ 27 мусор
2026-05-15 08:48:26,123 | INFO     |   → 487/887: ✅ 140 взято | 🗑️ 1153 мусор
2026-05-15 08:48:26,123 | INFO     |   → 488/887: ✅ 29 взято | 🗑️ 54 мусор
2026-05-15 08:48:26,123 | INFO     |   → 489/887: ✅ 0 взято | 🗑️ 0 мусор
2026-05-15 08:48:26,123 | INFO     |   → 490/887: ✅ 0 взято | 🗑️ 0 мусор
2026-05-15 08:48:26,123 | INFO     |   → 491/887: ✅ 2 взято | 🗑️ 1 мусор
2026-05-15 08:48:26,123 | INFO     |   → 492/887: ✅ 0 взято | 🗑️ 0 мусор
2026-05-15 08:48:26,124 | INFO     |   → 493/887: ✅ 0 взято | 🗑️ 1 мусор
2026-05-15 08:48:26,124 | INFO     |   → 494/887: ✅ 4 взято | 🗑️ 291 мусор
2026-05-15 08:48:26,124 | INFO     |   → 495/887: ✅ 0 взято | 🗑️ 119 мусор
2026-05-15 08:48:26,124 | INFO     |   → 496/887: ✅ 0 взято | 🗑️ 0 мусор
2026-05-15 08:48:26,124 | INFO     |   → 497/887 ❌ HTTP 404 — https://raw.githubusercontent.com/V2RAYCONFIGSPOOL/V2RAY_SUB/main/V2RAY_SUB.txt
2026-05-15 08:48:26,124 | INFO     |   → 498/887: ✅ 22 взято | 🗑️ 73 мусор
2026-05-15 08:48:26,124 | INFO     |   → 499/887: ✅ 19 взято | 🗑️ 76 мусор
2026-05-15 08:48:26,124 | INFO     |   → 500/887: ✅ 0 взято | 🗑️ 0 мусор
2026-05-15 08:48:26,124 | INFO     |   → 501/887: ✅ 0 взято | 🗑️ 76 мусор
2026-05-15 08:48:26,124 | INFO     |   → 502/887: ✅ 58 взято | 🗑️ 348 мусор
2026-05-15 08:48:26,124 | INFO     |   → 503/887: ✅ 1 взято | 🗑️ 231 мусор
2026-05-15 08:48:26,124 | INFO     |   → 504/887: ✅ 0 взято | 🗑️ 0 мусор
2026-05-15 08:48:26,124 | INFO     |   → 505/887: ✅ 1 взято | 🗑️ 83 мусор
2026-05-15 08:48:26,124 | INFO     |   → 506/887: ✅ 0 взято | 🗑️ 16 мусор
2026-05-15 08:48:26,124 | INFO     |   → 507/887: ✅ 0 взято | 🗑️ 16 мусор
2026-05-15 08:48:26,124 | INFO     |   → 508/887 ❌ HTTP 404 — https://raw.githubusercontent.com/aiboboxx/clashfree/main/clash.yml
2026-05-15 08:48:26,124 | INFO     |   → 509/887 ❌ HTTP 404 — https://raw.githubusercontent.com/aiboboxx/v2rayfree/main/v2
2026-05-15 08:48:26,124 | INFO     |   → 510/887 ❌ HTTP 404 — https://raw.githubusercontent.com/amirmohammad-mohammad-88/Sub-Reality-Azadi-config/Config/Azadi-Reality-Different
2026-05-15 08:48:26,124 | INFO     |   → 511/887 ❌ HTTP 404 — https://raw.githubusercontent.com/amirmohammad-mohammad-88/Sub-Reality-Azadi-config/Config/Azadi-Reality-Different-Base64
2026-05-15 08:48:26,124 | INFO     |   → 512/887: ✅ 1 взято | 🗑️ 17 мусор
2026-05-15 08:48:26,124 | INFO     |   → 513/887: ✅ 0 взято | 🗑️ 0 мусор
2026-05-15 08:48:26,124 | INFO     |   → 514/887: ✅ 4 взято | 🗑️ 114 мусор
2026-05-15 08:48:26,124 | INFO     |   → 515/887: ✅ 22 взято | 🗑️ 68 мусор
2026-05-15 08:48:26,124 | INFO     |   → 516/887 ❌ HTTP 404 — https://raw.githubusercontent.com/awesome-vpn/awesome-vpn/master/ss
2026-05-15 08:48:26,124 | INFO     |   → 517/887 ❌ HTTP 404 — https://raw.githubusercontent.com/awesome-vpn/awesome-vpn/master/ssr
2026-05-15 08:48:26,124 | INFO     |   → 518/887: ✅ 0 взято | 🗑️ 0 мусор
2026-05-15 08:48:26,125 | INFO     |   → 519/887: ✅ 1 взято | 🗑️ 22 мусор
2026-05-15 08:48:26,125 | INFO     |   → 520/887: ✅ 0 взято | 🗑️ 15 мусор
2026-05-15 08:48:26,125 | INFO     |   → 521/887 ❌ HTTP 404 — https://raw.githubusercontent.com/barry-far/V2ray-Configs/ced94ddfff48276ec365b40227561f36b1b64bc8/Sub5.txt
2026-05-15 08:48:26,125 | INFO     |   → 522/887 ❌ HTTP 404 — https://raw.githubusercontent.com/barry-far/V2ray-Configs/main/Splitted-By-Protocol/hysteria2.txt
2026-05-15 08:48:26,125 | INFO     |   → 523/887 ❌ HTTP 404 — https://raw.githubusercontent.com/barry-far/V2ray-Configs/main/Splitted-By-Protocol/vless.txt
2026-05-15 08:48:26,125 | INFO     |   → 524/887 ❌ HTTP 404 — https://raw.githubusercontent.com/barry-far/V2ray-Configs/main/Sub1.txt
2026-05-15 08:48:26,125 | INFO     |   → 525/887 ❌ HTTP 404 — https://raw.githubusercontent.com/barry-far/V2ray-Configs/refs/heads/main/All_Configs_Sub.txt
2026-05-15 08:48:26,125 | INFO     |   → 526/887: ✅ 0 взято | 🗑️ 0 мусор
2026-05-15 08:48:26,125 | INFO     |   → 527/887 ❌ HTTP 404 — https://raw.githubusercontent.com/budamu/clashconfig/main/v2ray.txt
2026-05-15 08:48:26,125 | INFO     |   → 528/887 ❌ HTTP 404 — https://raw.githubusercontent.com/budamu/clashconfig/main/v2ray2.txt
2026-05-15 08:48:26,125 | INFO     |   → 529/887: ✅ 0 взято | 🗑️ 0 мусор
2026-05-15 08:48:26,125 | INFO     |   → 530/887: ✅ 0 взято | 🗑️ 442 мусор
2026-05-15 08:48:26,125 | INFO     |   → 531/887: ✅ 0 взято | 🗑️ 0 мусор
2026-05-15 08:48:26,125 | INFO     |   → 532/887 ❌ HTTP 404 — https://raw.githubusercontent.com/chxxyz2004/zd/17fca23b73c46b5dd73e9be49b14d219b5e5f836/sub/2401/240110.txt
2026-05-15 08:48:26,125 | INFO     |   → 533/887: ✅ 0 взято | 🗑️ 44 мусор
2026-05-15 08:48:26,125 | INFO     |   → 534/887: ✅ 236 взято | 🗑️ 517 мусор
2026-05-15 08:48:26,125 | INFO     |   → 535/887 ❌ HTTP 404 — https://raw.githubusercontent.com/cxr9912/cxr2022/main/free.yaml
2026-05-15 08:48:26,125 | INFO     |   → 536/887 ❌ HTTP 404 — https://raw.githubusercontent.com/cxr9912/cxr2022/main/mix.yaml
2026-05-15 08:48:26,125 | INFO     |   → 537/887 ❌ HTTP 404 — https://raw.githubusercontent.com/cxr9912/cxr2022/main/ss.yaml
2026-05-15 08:48:26,125 | INFO     |   → 538/887 ❌ HTTP 404 — https://raw.githubusercontent.com/cxr9912/cxr2022/main/ssr.yaml
2026-05-15 08:48:26,125 | INFO     |   → 539/887 ❌ HTTP 404 — https://raw.githubusercontent.com/cxr9912/cxr2022/main/vmess.yaml
2026-05-15 08:48:26,125 | INFO     |   → 540/887 ❌ HTTP 404 — https://raw.githubusercontent.com/cxr9912/cxr2022/refs/heads/main/18cj.json
2026-05-15 08:48:26,125 | INFO     |   → 541/887 ❌ HTTP 404 — https://raw.githubusercontent.com/cxr9912/cxr2022/refs/heads/main/aaaaaaaa.yaml
2026-05-15 08:48:26,125 | INFO     |   → 542/887 ❌ HTTP 404 — https://raw.githubusercontent.com/cxr9912/cxr2022/refs/heads/main/free.yaml
2026-05-15 08:48:26,125 | INFO     |   → 543/887 ❌ HTTP 404 — https://raw.githubusercontent.com/cxr9912/cxr2022/refs/heads/main/ss2088.txt
2026-05-15 08:48:26,125 | INFO     |   → 544/887: ✅ 0 взято | 🗑️ 18 мусор
2026-05-15 08:48:26,126 | INFO     |   → 545/887: ✅ 0 взято | 🗑️ 18 мусор
2026-05-15 08:48:26,126 | INFO     |   → 546/887: ✅ 6 взято | 🗑️ 78 мусор
2026-05-15 08:48:26,126 | INFO     |   → 547/887: ✅ 6 взято | 🗑️ 4 мусор
2026-05-15 08:48:26,126 | INFO     |   → 548/887: ✅ 0 взято | 🗑️ 2 мусор
2026-05-15 08:48:26,126 | INFO     |   → 549/887: ✅ 0 взято | 🗑️ 2 мусор
2026-05-15 08:48:26,126 | INFO     |   → 550/887: ✅ 0 взято | 🗑️ 2 мусор
2026-05-15 08:48:26,126 | INFO     |   → 551/887: ✅ 0 взято | 🗑️ 3 мусор
2026-05-15 08:48:26,126 | INFO     |   → 552/887: ✅ 0 взято | 🗑️ 2 мусор
2026-05-15 08:48:26,126 | INFO     |   → 553/887: ✅ 0 взято | 🗑️ 9 мусор
2026-05-15 08:48:26,126 | INFO     |   → 554/887: ✅ 1 взято | 🗑️ 1 мусор
2026-05-15 08:48:26,126 | INFO     |   → 555/887: ✅ 0 взято | 🗑️ 10 мусор
2026-05-15 08:48:26,126 | INFO     |   → 556/887: ✅ 0 взято | 🗑️ 2 мусор
2026-05-15 08:48:26,126 | INFO     |   → 557/887: ✅ 0 взято | 🗑️ 0 мусор
2026-05-15 08:48:26,126 | INFO     |   → 558/887: ✅ 140 взято | 🗑️ 3819 мусор
2026-05-15 08:48:26,126 | INFO     |   → 559/887: ✅ 8 взято | 🗑️ 97 мусор
2026-05-15 08:48:26,126 | INFO     |   → 560/887: ✅ 6 взято | 🗑️ 113 мусор
2026-05-15 08:48:26,126 | INFO     |   → 561/887: ✅ 0 взято | 🗑️ 0 мусор
2026-05-15 08:48:26,126 | INFO     |   → 562/887: ✅ 1 взято | 🗑️ 25 мусор
2026-05-15 08:48:26,126 | INFO     |   → 563/887: ✅ 0 взято | 🗑️ 0 мусор
2026-05-15 08:48:26,126 | INFO     |   → 564/887: ✅ 13 взято | 🗑️ 19 мусор
2026-05-15 08:48:26,126 | INFO     |   → 565/887: ✅ 0 взято | 🗑️ 5 мусор
2026-05-15 08:48:26,126 | INFO     |   → 566/887: ✅ 2 взято | 🗑️ 80 мусор
2026-05-15 08:48:26,126 | INFO     |   → 567/887 ❌ HTTP 404 — https://raw.githubusercontent.com/free-nodes/v2rayfree/main/v2
2026-05-15 08:48:26,126 | INFO     |   → 568/887 ❌ HTTP 404 — https://raw.githubusercontent.com/free-v2ray-config/trojan/main/trojan.txt
2026-05-15 08:48:26,126 | INFO     |   → 569/887 ❌ HTTP 404 — https://raw.githubusercontent.com/free-v2ray-config/vless/main/vless.txt
2026-05-15 08:48:26,126 | INFO     |   → 570/887 ❌ HTTP 404 — https://raw.githubusercontent.com/free-v2ray-config/vmess/main/vmess.txt
2026-05-15 08:48:26,126 | INFO     |   → 571/887: ✅ 5 взято | 🗑️ 169 мусор
2026-05-15 08:48:26,127 | INFO     |   → 572/887: ✅ 34 взято | 🗑️ 121 мусор
2026-05-15 08:48:26,127 | INFO     |   → 573/887: ✅ 4 взято | 🗑️ 97 мусор
2026-05-15 08:48:26,127 | INFO     |   → 574/887 ❌ HTTP 404 — https://raw.githubusercontent.com/free18/v2ray/main/Clash.yaml
2026-05-15 08:48:26,127 | INFO     |   → 575/887: ✅ 0 взято | 🗑️ 0 мусор
2026-05-15 08:48:26,127 | INFO     |   → 576/887: ✅ 0 взято | 🗑️ 15 мусор
2026-05-15 08:48:26,127 | INFO     |   → 577/887: ✅ 0 взято | 🗑️ 0 мусор
2026-05-15 08:48:26,127 | INFO     |   → 578/887: ✅ 0 взято | 🗑️ 8 мусор
2026-05-15 08:48:26,127 | INFO     |   → 579/887: ✅ 0 взято | 🗑️ 8 мусор
2026-05-15 08:48:26,127 | INFO     |   → 580/887: ✅ 0 взято | 🗑️ 8 мусор
2026-05-15 08:48:26,127 | INFO     |   → 581/887: ✅ 0 взято | 🗑️ 8 мусор
2026-05-15 08:48:26,127 | INFO     |   → 582/887 ❌ HTTP 404 — https://raw.githubusercontent.com/freev2rayconfig/V2RAY_SUB/3e6a7786a1601ee3723e8d043ae79e70dbdfd9a8/v2rayconfigs.txt
2026-05-15 08:48:26,127 | INFO     |   → 583/887 ❌ HTTP 404 — https://raw.githubusercontent.com/freev2rayconfig/V2RAY_SUBSCRIPTION_LINK/main/v2rayconfigs.txt
2026-05-15 08:48:26,127 | INFO     |   → 584/887 ❌ HTTP 404 — https://raw.githubusercontent.com/gfpcom/free-proxy-list/main/list/http.txt
2026-05-15 08:48:26,127 | INFO     |   → 585/887 ❌ HTTP 404 — https://raw.githubusercontent.com/gfpcom/free-proxy-list/main/list/https.txt
2026-05-15 08:48:26,127 | INFO     |   → 586/887 ❌ HTTP 404 — https://raw.githubusercontent.com/gfpcom/free-proxy-list/main/list/socks4.txt
2026-05-15 08:48:26,127 | INFO     |   → 587/887 ❌ HTTP 404 — https://raw.githubusercontent.com/gfpcom/free-proxy-list/main/list/socks4a.txt
2026-05-15 08:48:26,127 | INFO     |   → 588/887 ❌ HTTP 404 — https://raw.githubusercontent.com/gfpcom/free-proxy-list/main/list/socks5.txt
2026-05-15 08:48:26,127 | INFO     |   → 589/887 ❌ HTTP 404 — https://raw.githubusercontent.com/gfpcom/free-proxy-list/main/list/socks5h.txt
2026-05-15 08:48:26,127 | INFO     |   → 590/887 ❌ HTTP 404 — https://raw.githubusercontent.com/gfpcom/free-proxy-list/main/list/ss.txt
2026-05-15 08:48:26,127 | INFO     |   → 591/887 ❌ HTTP 404 — https://raw.githubusercontent.com/gfpcom/free-proxy-list/main/list/ssr.txt
2026-05-15 08:48:26,127 | INFO     |   → 592/887 ❌ HTTP 404 — https://raw.githubusercontent.com/gfpcom/free-proxy-list/main/list/trojan.txt
2026-05-15 08:48:26,127 | INFO     |   → 593/887 ❌ HTTP 404 — https://raw.githubusercontent.com/gfpcom/free-proxy-list/main/list/vless.txt
2026-05-15 08:48:26,127 | INFO     |   → 594/887 ❌ HTTP 404 — https://raw.githubusercontent.com/gfpcom/free-proxy-list/main/list/vmess.txt
2026-05-15 08:48:26,127 | INFO     |   → 595/887: ✅ 0 взято | 🗑️ 17 мусор
2026-05-15 08:48:26,127 | INFO     |   → 596/887: ✅ 0 взято | 🗑️ 0 мусор
2026-05-15 08:48:26,127 | INFO     |   → 597/887: ✅ 4 взято | 🗑️ 63 мусор
2026-05-15 08:48:26,128 | INFO     |   → 598/887 ❌ HTTP 404 — https://raw.githubusercontent.com/hameed-maleki/TVC/89a4522969c57dcc22458cae9898426e5c4f2679/lite/config.txt
2026-05-15 08:48:26,128 | INFO     |   → 599/887: ✅ 5 взято | 🗑️ 132 мусор
2026-05-15 08:48:26,128 | INFO     |   → 600/887: ✅ 0 взято | 🗑️ 56 мусор
2026-05-15 08:48:26,128 | INFO     |   → 601/887 ❌ HTTP 404 — https://raw.githubusercontent.com/hkaa0/permalink/main/proxy/V2ray
2026-05-15 08:48:26,128 | INFO     |   → 602/887 ❌ HTTP 404 — https://raw.githubusercontent.com/hkaa0/permalink/main/proxy/clash
2026-05-15 08:48:26,128 | INFO     |   → 603/887 ❌ HTTP 404 — https://raw.githubusercontent.com/hkpc/Autoproxy/6cf946ddfc677a29062007e4b47d70674474baa7/sub/2401/240110.txt
2026-05-15 08:48:26,128 | INFO     |   → 604/887 ❌ HTTP 404 — https://raw.githubusercontent.com/hkpc/V2ray-Configs/7d9aa0dabf947af180a7dd6302818ed37950531a/Sub1.txt
2026-05-15 08:48:26,128 | INFO     |   → 605/887: ✅ 0 взято | 🗑️ 14 мусор
2026-05-15 08:48:26,128 | INFO     |   → 606/887: ✅ 16 взято | 🗑️ 16 мусор
2026-05-15 08:48:26,128 | INFO     |   → 607/887 ❌ HTTP 404 — https://raw.githubusercontent.com/iboxz/free-v2ray-collector/main/main
2026-05-15 08:48:26,128 | INFO     |   → 608/887: ✅ 12 взято | 🗑️ 14 мусор
2026-05-15 08:48:26,128 | INFO     |   → 609/887: ✅ 8 взято | 🗑️ 9 мусор
2026-05-15 08:48:26,128 | INFO     |   → 610/887: ✅ 57 взято | 🗑️ 233 мусор
2026-05-15 08:48:26,128 | INFO     |   → 611/887 ❌ HTTP 404 — https://raw.githubusercontent.com/igareck/vpn-configs-for-russia/refs/heads/main/Vless-Reality-White-Lists-Rus-Cable.txt
2026-05-15 08:48:26,128 | INFO     |   → 612/887: ✅ 92 взято | 🗑️ 22 мусор
2026-05-15 08:48:26,128 | INFO     |   → 613/887: ✅ 0 взято | 🗑️ 0 мусор
2026-05-15 08:48:26,128 | INFO     |   → 614/887: ✅ 0 взято | 🗑️ 0 мусор
2026-05-15 08:48:26,128 | INFO     |   → 615/887: ✅ 23 взято | 🗑️ 9 мусор
2026-05-15 08:48:26,128 | INFO     |   → 616/887: ✅ 0 взято | 🗑️ 0 мусор
2026-05-15 08:48:26,128 | INFO     |   → 617/887: ✅ 0 взято | 🗑️ 0 мусор
2026-05-15 08:48:26,128 | INFO     |   → 618/887: ✅ 0 взято | 🗑️ 12 мусор
2026-05-15 08:48:26,128 | INFO     |   → 619/887: ✅ 0 взято | 🗑️ 43 мусор
2026-05-15 08:48:26,128 | INFO     |   → 620/887 ❌ HTTP 404 — https://raw.githubusercontent.com/jw853355718/clash_233/master/config.yml
2026-05-15 08:48:26,128 | INFO     |   → 621/887: ✅ 0 взято | 🗑️ 210 мусор
2026-05-15 08:48:26,128 | INFO     |   → 622/887: ✅ 0 взято | 🗑️ 0 мусор
2026-05-15 08:48:26,128 | INFO     |   → 623/887: ✅ 0 взято | 🗑️ 0 мусор
2026-05-15 08:48:26,129 | INFO     |   → 624/887 ❌ HTTP 404 — https://raw.githubusercontent.com/lcx12901/v2ray-/master/sspool.herokuapp.com/yzcloud.yaml
2026-05-15 08:48:26,129 | INFO     |   → 625/887 ❌ HTTP 404 — https://raw.githubusercontent.com/lcx12901/v2ray-/master/sspool.herokuapp.com/yzcloud2.yaml
2026-05-15 08:48:26,129 | INFO     |   → 626/887: ✅ 0 взято | 🗑️ 0 мусор
2026-05-15 08:48:26,129 | INFO     |   → 627/887 ❌ HTTP 404 — https://raw.githubusercontent.com/learnhard-cn/free_proxy_ss/main/clash/config.yaml
2026-05-15 08:48:26,129 | INFO     |   → 628/887: ✅ 0 взято | 🗑️ 8 мусор
2026-05-15 08:48:26,129 | INFO     |   → 629/887: ✅ 0 взято | 🗑️ 4 мусор
2026-05-15 08:48:26,129 | INFO     |   → 630/887: ✅ 0 взято | 🗑️ 0 мусор
2026-05-15 08:48:26,129 | INFO     |   → 631/887: ✅ 0 взято | 🗑️ 4 мусор
2026-05-15 08:48:26,129 | INFO     |   → 632/887: ✅ 0 взято | 🗑️ 149 мусор
2026-05-15 08:48:26,129 | INFO     |   → 633/887: ✅ 0 взято | 🗑️ 421 мусор
2026-05-15 08:48:26,129 | INFO     |   → 634/887 ❌ HTTP 404 — https://raw.githubusercontent.com/lisylva-lee/v2dyku/main/ssr
2026-05-15 08:48:26,129 | INFO     |   → 635/887 ❌ HTTP 404 — https://raw.githubusercontent.com/lisylva-lee/v2dyku/main/v2dy
2026-05-15 08:48:26,129 | INFO     |   → 636/887: ✅ 0 взято | 🗑️ 53 мусор
2026-05-15 08:48:26,129 | INFO     |   → 637/887 ❌ HTTP 404 — https://raw.githubusercontent.com/luxl-1379/merge/77247d23def72b25226dfa741614e9b07a569c72/sub/sub_merge_base64.txt
2026-05-15 08:48:26,129 | INFO     |   → 638/887: ✅ 146 взято | 🗑️ 343 мусор
2026-05-15 08:48:26,129 | INFO     |   → 639/887: ✅ 0 взято | 🗑️ 121 мусор
2026-05-15 08:48:26,129 | INFO     |   → 640/887: ✅ 856 взято | 🗑️ 3971 мусор
2026-05-15 08:48:26,129 | INFO     |   → 641/887: ✅ 0 взято | 🗑️ 0 мусор
2026-05-15 08:48:26,129 | INFO     |   → 642/887: ✅ 0 взято | 🗑️ 3971 мусор
2026-05-15 08:48:26,129 | INFO     |   → 643/887: ✅ 20 взято | 🗑️ 370 мусор
2026-05-15 08:48:26,129 | INFO     |   → 644/887 ❌ HTTP 404 — https://raw.githubusercontent.com/mermeroo/Clash-V2ray/main/v2ray
2026-05-15 08:48:26,129 | INFO     |   → 645/887: ✅ 15 взято | 🗑️ 417 мусор
2026-05-15 08:48:26,129 | INFO     |   → 646/887: ✅ 6 взято | 🗑️ 102 мусор
2026-05-15 08:48:26,129 | INFO     |   → 647/887: ✅ 716 взято | 🗑️ 6258 мусор
2026-05-15 08:48:26,129 | INFO     |   → 648/887: ✅ 8 взято | 🗑️ 853 мусор
2026-05-15 08:48:26,129 | INFO     |   → 649/887: ✅ 32 взято | 🗑️ 69 мусор
2026-05-15 08:48:26,130 | INFO     |   → 650/887 ❌ HTTP 404 — https://raw.githubusercontent.com/mermeroo/free-v2ray-collector/main/main/mix
2026-05-15 08:48:26,130 | INFO     |   → 651/887 ❌ HTTP 404 — https://raw.githubusercontent.com/mermeroo/free-v2ray-collector/main/main/reality
2026-05-15 08:48:26,130 | INFO     |   → 652/887 ❌ HTTP 404 — https://raw.githubusercontent.com/mermeroo/free-v2ray-collector/main/main/shadowsocks
2026-05-15 08:48:26,130 | INFO     |   → 653/887 ❌ HTTP 404 — https://raw.githubusercontent.com/mermeroo/free-v2ray-collector/main/main/trojan
2026-05-15 08:48:26,130 | INFO     |   → 654/887 ❌ HTTP 404 — https://raw.githubusercontent.com/mermeroo/free-v2ray-collector/main/main/vless
2026-05-15 08:48:26,130 | INFO     |   → 655/887 ❌ HTTP 404 — https://raw.githubusercontent.com/mermeroo/free-v2ray-collector/main/main/vmess
2026-05-15 08:48:26,130 | INFO     |   → 656/887 ❌ HTTP 404 — https://raw.githubusercontent.com/mfuu/v2ray/master/merge/merge.txt
2026-05-15 08:48:26,130 | INFO     |   → 657/887: ✅ 0 взято | 🗑️ 286 мусор
2026-05-15 08:48:26,130 | INFO     |   → 658/887: ✅ 0 взято | 🗑️ 286 мусор
2026-05-15 08:48:26,130 | INFO     |   → 659/887: ✅ 501 взято | 🗑️ 13617 мусор
2026-05-15 08:48:26,130 | INFO     |   → 660/887: ✅ 0 взято | 🗑️ 13617 мусор
2026-05-15 08:48:26,130 | INFO     |   → 661/887: ✅ 0 взято | 🗑️ 3077 мусор
2026-05-15 08:48:26,130 | INFO     |   → 662/887: ✅ 0 взято | 🗑️ 1821 мусор
2026-05-15 08:48:26,130 | INFO     |   → 663/887: ✅ 0 взято | 🗑️ 4512 мусор
2026-05-15 08:48:26,130 | INFO     |   → 664/887: ✅ 0 взято | 🗑️ 4207 мусор
2026-05-15 08:48:26,130 | INFO     |   → 665/887 ❌ HTTP 404 — https://raw.githubusercontent.com/mianous/qiren/main/qiren.txt
2026-05-15 08:48:26,130 | INFO     |   → 666/887 ❌ HTTP 404 — https://raw.githubusercontent.com/miladtahanian/V2RayCFGDumper/refs/heads/main/config.txt
2026-05-15 08:48:26,130 | INFO     |   → 667/887 ❌ HTTP 404 — https://raw.githubusercontent.com/miladtahanian/multi-proxy-config-fetcher/refs/heads/main/configs/proxy_configs.txt
2026-05-15 08:48:26,130 | INFO     |   → 668/887: ✅ 0 взято | 🗑️ 0 мусор
2026-05-15 08:48:26,130 | INFO     |   → 669/887: ✅ 0 взято | 🗑️ 0 мусор
2026-05-15 08:48:26,130 | INFO     |   → 670/887: ✅ 0 взято | 🗑️ 0 мусор
2026-05-15 08:48:26,130 | INFO     |   → 671/887: ✅ 15 взято | 🗑️ 46 мусор
2026-05-15 08:48:26,130 | INFO     |   → 672/887: ✅ 0 взято | 🗑️ 233 мусор
2026-05-15 08:48:26,130 | INFO     |   → 673/887: ✅ 0 взято | 🗑️ 0 мусор
2026-05-15 08:48:26,130 | INFO     |   → 674/887: ✅ 28 взято | 🗑️ 93 мусор
2026-05-15 08:48:26,131 | INFO     |   → 675/887: ✅ 0 взято | 🗑️ 0 мусор
2026-05-15 08:48:26,131 | INFO     |   → 676/887: ✅ 15 взято | 🗑️ 70 мусор
2026-05-15 08:48:26,131 | INFO     |   → 677/887: ✅ 127 взято | 🗑️ 492 мусор
2026-05-15 08:48:26,131 | INFO     |   → 678/887: ✅ 331 взято | 🗑️ 190 мусор
2026-05-15 08:48:26,131 | INFO     |   → 679/887: ✅ 27 взято | 🗑️ 1036 мусор
2026-05-15 08:48:26,131 | INFO     |   → 680/887 ❌ HTTP 404 — https://raw.githubusercontent.com/obscure1990/freeVM/master/snippets/nodes.yml
2026-05-15 08:48:26,131 | INFO     |   → 681/887 ❌ HTTP 404 — https://raw.githubusercontent.com/op30mmd/things/909b38024ba14d69dc0f95c238f63bc6e930a00f/eut.txt
2026-05-15 08:48:26,131 | INFO     |   → 682/887 ❌ HTTP 404 — https://raw.githubusercontent.com/openRunner/clash-freenode/main/v2ray.txt
2026-05-15 08:48:26,131 | INFO     |   → 683/887 ❌ HTTP 404 — https://raw.githubusercontent.com/oslook/clash-freenode/main/clash.yaml
2026-05-15 08:48:26,131 | INFO     |   → 684/887: ✅ 0 взято | 🗑️ 0 мусор
2026-05-15 08:48:26,131 | INFO     |   → 685/887: ✅ 4 взято | 🗑️ 1 мусор
2026-05-15 08:48:26,131 | INFO     |   → 686/887: ✅ 0 взято | 🗑️ 0 мусор
2026-05-15 08:48:26,131 | INFO     |   → 687/887: ✅ 4 взято | 🗑️ 223 мусор
2026-05-15 08:48:26,131 | INFO     |   → 688/887: ✅ 0 взято | 🗑️ 0 мусор
2026-05-15 08:48:26,131 | INFO     |   → 689/887: ✅ 0 взято | 🗑️ 0 мусор
2026-05-15 08:48:26,131 | INFO     |   → 690/887: ✅ 0 взято | 🗑️ 19 мусор
2026-05-15 08:48:26,131 | INFO     |   → 691/887: ✅ 0 взято | 🗑️ 44 мусор
2026-05-15 08:48:26,131 | INFO     |   → 692/887: ✅ 63 взято | 🗑️ 521 мусор
2026-05-15 08:48:26,131 | INFO     |   → 693/887: ✅ 165 взято | 🗑️ 273 мусор
2026-05-15 08:48:26,131 | INFO     |   → 694/887: ✅ 0 взято | 🗑️ 0 мусор
2026-05-15 08:48:26,131 | INFO     |   → 695/887: ✅ 28 взято | 🗑️ 211 мусор
2026-05-15 08:48:26,131 | INFO     |   → 696/887: ✅ 0 взято | 🗑️ 79 мусор
2026-05-15 08:48:26,131 | INFO     |   → 697/887: ✅ 13 взято | 🗑️ 32 мусор
2026-05-15 08:48:26,131 | INFO     |   → 698/887: ✅ 0 взято | 🗑️ 0 мусор
2026-05-15 08:48:26,131 | INFO     |   → 699/887: ✅ 2 взято | 🗑️ 9 мусор
2026-05-15 08:48:26,131 | INFO     |   → 700/887: ✅ 11 взято | 🗑️ 76 мусор
2026-05-15 08:48:26,132 | INFO     |   → 701/887: ✅ 0 взято | 🗑️ 168 мусор
2026-05-15 08:48:26,132 | INFO     |   → 702/887: ✅ 0 взято | 🗑️ 79 мусор
2026-05-15 08:48:26,132 | INFO     |   → 703/887: ✅ 0 взято | 🗑️ 16 мусор
2026-05-15 08:48:26,132 | INFO     |   → 704/887 ❌ HTTP 404 — https://raw.githubusercontent.com/ronghuaxueleng/get_v2/main/pub/changfengoss.yaml
2026-05-15 08:48:26,132 | INFO     |   → 705/887: ✅ 0 взято | 🗑️ 0 мусор
2026-05-15 08:48:26,132 | INFO     |   → 706/887: ✅ 8 взято | 🗑️ 139 мусор
2026-05-15 08:48:26,132 | INFO     |   → 707/887: ✅ 0 взято | 🗑️ 139 мусор
2026-05-15 08:48:26,132 | INFO     |   → 708/887 ❌ HTTP 404 — https://raw.githubusercontent.com/rxsweet/CM_Vmess/refs/heads/main/test.txt
2026-05-15 08:48:26,132 | INFO     |   → 709/887 ❌ HTTP 404 — https://raw.githubusercontent.com/rxsweet/proxies/main/sub/free.yaml
2026-05-15 08:48:26,132 | INFO     |   → 710/887 ❌ HTTP 404 — https://raw.githubusercontent.com/rxsweet/proxies/main/sub/rx.yaml
2026-05-15 08:48:26,132 | INFO     |   → 711/887 ❌ HTTP 404 — https://raw.githubusercontent.com/rxsweet/proxies/main/sub/sources/dynamicAll.yaml
2026-05-15 08:48:26,132 | INFO     |   → 712/887 ❌ HTTP 404 — https://raw.githubusercontent.com/rxsweet/proxies/main/sub/sources/miningAll.yaml
2026-05-15 08:48:26,132 | INFO     |   → 713/887 ❌ HTTP 404 — https://raw.githubusercontent.com/rxsweet/proxies/main/sub/srx.yaml
2026-05-15 08:48:26,132 | INFO     |   → 714/887 ❌ HTTP 404 — https://raw.githubusercontent.com/sajad-sajadi/V2ray-Collector/raw/main/output/protocols/vmess.txt
2026-05-15 08:48:26,132 | INFO     |   → 715/887 ❌ HTTP 404 — https://raw.githubusercontent.com/sakha1370/OpenRay/raw/refs/heads/main/output/all_valid_proxies.txt
2026-05-15 08:48:26,132 | INFO     |   → 716/887: ✅ 53 взято | 🗑️ 399 мусор
2026-05-15 08:48:26,132 | INFO     |   → 717/887: ✅ 0 взято | 🗑️ 399 мусор
2026-05-15 08:48:26,132 | INFO     |   → 718/887 ❌ HTTP 404 — https://raw.githubusercontent.com/samjoeyang/subscribe/main/fly
2026-05-15 08:48:26,132 | INFO     |   → 719/887: ✅ 0 взято | 🗑️ 0 мусор
2026-05-15 08:48:26,132 | INFO     |   → 720/887 ❌ HTTP 404 — https://raw.githubusercontent.com/sarina-ad/v2ray/main/v2ray
2026-05-15 08:48:26,132 | INFO     |   → 721/887 ❌ HTTP 404 — https://raw.githubusercontent.com/satrom/V2SSR/master/SSR/Sub.txt
2026-05-15 08:48:26,132 | INFO     |   → 722/887 ❌ HTTP 404 — https://raw.githubusercontent.com/satrom/V2SSR/master/V2RAY/Sub.txt
2026-05-15 08:48:26,132 | INFO     |   → 723/887: ✅ 822 взято | 🗑️ 23471 мусор
2026-05-15 08:48:26,132 | INFO     |   → 724/887: ✅ 0 взято | 🗑️ 0 мусор
2026-05-15 08:48:26,132 | INFO     |   → 725/887: ✅ 0 взято | 🗑️ 0 мусор
2026-05-15 08:48:26,132 | INFO     |   → 726/887: ✅ 3 взято | 🗑️ 49 мусор
2026-05-15 08:48:26,132 | INFO     |   → 727/887: ✅ 148 взято | 🗑️ 1361 мусор
2026-05-15 08:48:26,133 | INFO     |   → 728/887: ✅ 0 взято | 🗑️ 684 мусор
2026-05-15 08:48:26,133 | INFO     |   → 729/887: ✅ 0 взято | 🗑️ 48 мусор
2026-05-15 08:48:26,133 | INFO     |   → 730/887: ✅ 0 взято | 🗑️ 613 мусор
2026-05-15 08:48:26,133 | INFO     |   → 731/887: ✅ 0 взято | 🗑️ 16 мусор
2026-05-15 08:48:26,133 | INFO     |   → 732/887: ✅ 0 взято | 🗑️ 1361 мусор
2026-05-15 08:48:26,133 | INFO     |   → 733/887: ✅ 0 взято | 🗑️ 0 мусор
2026-05-15 08:48:26,133 | INFO     |   → 734/887 ❌ HTTP 404 — https://raw.githubusercontent.com/shirkerboy/scp/main/sub
2026-05-15 08:48:26,133 | INFO     |   → 735/887 ❌ HTTP 404 — https://raw.githubusercontent.com/snakem982/proxypool/main/nodelist.txt
2026-05-15 08:48:26,133 | INFO     |   → 736/887: ✅ 13 взято | 🗑️ 27 мусор
2026-05-15 08:48:26,133 | INFO     |   → 737/887 ❌ HTTP 404 — https://raw.githubusercontent.com/snakem982/proxypool/main/source/v2ray.txt
2026-05-15 08:48:26,133 | INFO     |   → 738/887 ❌ HTTP 404 — https://raw.githubusercontent.com/soroushmirzaei/telegram-configs-collector/main/channels/protocols/hysteria
2026-05-15 08:48:26,133 | INFO     |   → 739/887 ❌ HTTP 404 — https://raw.githubusercontent.com/soroushmirzaei/telegram-configs-collector/main/channels/protocols/juicity
2026-05-15 08:48:26,133 | INFO     |   → 740/887 ❌ HTTP 404 — https://raw.githubusercontent.com/soroushmirzaei/telegram-configs-collector/main/channels/protocols/reality
2026-05-15 08:48:26,133 | INFO     |   → 741/887 ❌ HTTP 404 — https://raw.githubusercontent.com/soroushmirzaei/telegram-configs-collector/main/channels/protocols/shadowsocks
2026-05-15 08:48:26,133 | INFO     |   → 742/887 ❌ HTTP 404 — https://raw.githubusercontent.com/soroushmirzaei/telegram-configs-collector/main/channels/protocols/trojan
2026-05-15 08:48:26,133 | INFO     |   → 743/887 ❌ HTTP 404 — https://raw.githubusercontent.com/soroushmirzaei/telegram-configs-collector/main/channels/protocols/tuic
2026-05-15 08:48:26,133 | INFO     |   → 744/887 ❌ HTTP 404 — https://raw.githubusercontent.com/soroushmirzaei/telegram-configs-collector/main/channels/protocols/vless
2026-05-15 08:48:26,133 | INFO     |   → 745/887 ❌ HTTP 404 — https://raw.githubusercontent.com/soroushmirzaei/telegram-configs-collector/main/channels/protocols/vmess
2026-05-15 08:48:26,133 | INFO     |   → 746/887 ❌ HTTP 404 — https://raw.githubusercontent.com/soroushmirzaei/telegram-configs-collector/main/countries/jp/mixed
2026-05-15 08:48:26,133 | INFO     |   → 747/887 ❌ HTTP 404 — https://raw.githubusercontent.com/soroushmirzaei/telegram-configs-collector/main/protocols/hysteria
2026-05-15 08:48:26,133 | INFO     |   → 748/887 ❌ HTTP 404 — https://raw.githubusercontent.com/soroushmirzaei/telegram-configs-collector/main/protocols/juicity
2026-05-15 08:48:26,133 | INFO     |   → 749/887 ❌ HTTP 404 — https://raw.githubusercontent.com/soroushmirzaei/telegram-configs-collector/main/protocols/reality
2026-05-15 08:48:26,133 | INFO     |   → 750/887 ❌ HTTP 404 — https://raw.githubusercontent.com/soroushmirzaei/telegram-configs-collector/main/protocols/shadowsocks
2026-05-15 08:48:26,133 | INFO     |   → 751/887 ❌ HTTP 404 — https://raw.githubusercontent.com/soroushmirzaei/telegram-configs-collector/main/protocols/trojan
2026-05-15 08:48:26,133 | INFO     |   → 752/887 ❌ HTTP 404 — https://raw.githubusercontent.com/soroushmirzaei/telegram-configs-collector/main/protocols/tuic
2026-05-15 08:48:26,133 | INFO     |   → 753/887 ❌ HTTP 404 — https://raw.githubusercontent.com/soroushmirzaei/telegram-configs-collector/main/protocols/vless
2026-05-15 08:48:26,134 | INFO     |   → 754/887 ❌ HTTP 404 — https://raw.githubusercontent.com/soroushmirzaei/telegram-configs-collector/main/protocols/vmess
2026-05-15 08:48:26,134 | INFO     |   → 755/887 ❌ HTTP 404 — https://raw.githubusercontent.com/soroushmirzaei/telegram-configs-collector/main/splitted/subscribe
2026-05-15 08:48:26,134 | INFO     |   → 756/887 ❌ HTTP 404 — https://raw.githubusercontent.com/ssrsub/ssr/master/Clash.yml
2026-05-15 08:48:26,134 | INFO     |   → 757/887 ❌ HTTP 404 — https://raw.githubusercontent.com/ssrsub/ssr/master/V2Ray
2026-05-15 08:48:26,134 | INFO     |   → 758/887 ❌ HTTP 404 — https://raw.githubusercontent.com/ssrsub/ssr/master/ss-sub
2026-05-15 08:48:26,134 | INFO     |   → 759/887 ❌ HTTP 404 — https://raw.githubusercontent.com/ssrsub/ssr/master/ssrsub
2026-05-15 08:48:26,134 | INFO     |   → 760/887 ❌ HTTP 404 — https://raw.githubusercontent.com/ssrsub/ssr/master/trojan
2026-05-15 08:48:26,134 | INFO     |   → 761/887: ✅ 0 взято | 🗑️ 0 мусор
2026-05-15 08:48:26,134 | INFO     |   → 762/887: ✅ 2 взято | 🗑️ 12 мусор
2026-05-15 08:48:26,134 | INFO     |   → 763/887: ✅ 0 взято | 🗑️ 13 мусор
2026-05-15 08:48:26,134 | INFO     |   → 764/887: ✅ 0 взято | 🗑️ 13 мусор
2026-05-15 08:48:26,134 | INFO     |   → 765/887 ❌ HTTP 404 — https://raw.githubusercontent.com/tbbatbb/Proxy/master/dist/clash.config.yaml
2026-05-15 08:48:26,134 | INFO     |   → 766/887: ✅ 2 взято | 🗑️ 35 мусор
2026-05-15 08:48:26,134 | INFO     |   → 767/887: ✅ 0 взято | 🗑️ 0 мусор
2026-05-15 08:48:26,134 | INFO     |   → 768/887: ✅ 5 взято | 🗑️ 111 мусор
2026-05-15 08:48:26,134 | INFO     |   → 769/887: ✅ 0 взято | 🗑️ 0 мусор
2026-05-15 08:48:26,134 | INFO     |   → 770/887: ✅ 0 взято | 🗑️ 140 мусор
2026-05-15 08:48:26,134 | INFO     |   → 771/887 ❌ HTTP 404 — https://raw.githubusercontent.com/v2clash/Autoproxy/a81f840ab2364124133572ec94e4b81fb0d4e58d/sub/2401/240104.txt
2026-05-15 08:48:26,134 | INFO     |   → 772/887 ❌ HTTP 404 — https://raw.githubusercontent.com/v2clash/V2ray-Configs/31f493c584d0c7b56350f4a34d80c53ad82bcc18/Sub9.txt
2026-05-15 08:48:26,134 | INFO     |   → 773/887: ✅ 0 взято | 🗑️ 0 мусор
2026-05-15 08:48:26,134 | INFO     |   → 774/887: ✅ 0 взято | 🗑️ 0 мусор
2026-05-15 08:48:26,134 | INFO     |   → 775/887: ✅ 0 взято | 🗑️ 0 мусор
2026-05-15 08:48:26,134 | INFO     |   → 776/887: ✅ 283 взято | 🗑️ 9640 мусор
2026-05-15 08:48:26,134 | INFO     |   → 777/887: ✅ 281 взято | 🗑️ 10086 мусор
2026-05-15 08:48:26,134 | INFO     |   → 778/887: ✅ 280 взято | 🗑️ 9675 мусор
2026-05-15 08:48:26,134 | INFO     |   → 779/887: ✅ 334 взято | 🗑️ 9823 мусор
2026-05-15 08:48:26,135 | INFO     |   → 780/887: ✅ 350 взято | 🗑️ 9639 мусор
2026-05-15 08:48:26,135 | INFO     |   → 781/887: ✅ 125 взято | 🗑️ 7919 мусор
2026-05-15 08:48:26,135 | INFO     |   → 782/887: ✅ 135 взято | 🗑️ 4836 мусор
2026-05-15 08:48:26,135 | INFO     |   → 783/887: ✅ 502 взято | 🗑️ 7659 мусор
2026-05-15 08:48:26,135 | INFO     |   → 784/887: ✅ 631 взято | 🗑️ 8081 мусор
2026-05-15 08:48:26,135 | INFO     |   → 785/887: ✅ 202 взято | 🗑️ 5131 мусор
2026-05-15 08:48:26,135 | INFO     |   → 786/887 ❌ HTTP 404 — https://raw.githubusercontent.com/vveg26/chromego_merge/main/sub/merged_proxies.yaml
2026-05-15 08:48:26,135 | INFO     |   → 787/887 ❌ HTTP 404 — https://raw.githubusercontent.com/vveg26/get_proxy/main/dist/clash.config.yaml
2026-05-15 08:48:26,135 | INFO     |   → 788/887: ✅ 0 взято | 🗑️ 10 мусор
2026-05-15 08:48:26,135 | INFO     |   → 789/887: ✅ 0 взято | 🗑️ 10 мусор
2026-05-15 08:48:26,135 | INFO     |   → 790/887: ✅ 0 взято | 🗑️ 4 мусор
2026-05-15 08:48:26,135 | INFO     |   → 791/887: ✅ 0 взято | 🗑️ 0 мусор
2026-05-15 08:48:26,135 | INFO     |   → 792/887: ✅ 0 взято | 🗑️ 4 мусор
2026-05-15 08:48:26,135 | INFO     |   → 793/887: ✅ 106 взято | 🗑️ 689 мусор
2026-05-15 08:48:26,135 | INFO     |   → 794/887: ✅ 48 взято | 🗑️ 841 мусор
2026-05-15 08:48:26,135 | INFO     |   → 795/887: ✅ 21 взято | 🗑️ 789 мусор
2026-05-15 08:48:26,135 | INFO     |   → 796/887: ✅ 24 взято | 🗑️ 774 мусор
2026-05-15 08:48:26,135 | INFO     |   → 797/887: ✅ 52 взято | 🗑️ 756 мусор
2026-05-15 08:48:26,135 | INFO     |   → 798/887: ✅ 191 взято | 🗑️ 745 мусор
2026-05-15 08:48:26,135 | INFO     |   → 799/887: ✅ 9 взято | 🗑️ 651 мусор
2026-05-15 08:48:26,135 | INFO     |   → 800/887: ✅ 185 взято | 🗑️ 388 мусор
2026-05-15 08:48:26,135 | INFO     |   → 801/887: ✅ 130 взято | 🗑️ 523 мусор
2026-05-15 08:48:26,135 | INFO     |   → 802/887: ✅ 67 взято | 🗑️ 533 мусор
2026-05-15 08:48:26,135 | INFO     |   → 803/887: ✅ 98 взято | 🗑️ 444 мусор
2026-05-15 08:48:26,135 | INFO     |   → 804/887: ✅ 102 взято | 🗑️ 670 мусор
2026-05-15 08:48:26,135 | INFO     |   → 805/887: ✅ 86 взято | 🗑️ 476 мусор
2026-05-15 08:48:26,136 | INFO     |   → 806/887: ✅ 95 взято | 🗑️ 657 мусор
2026-05-15 08:48:26,136 | INFO     |   → 807/887: ✅ 105 взято | 🗑️ 645 мусор
2026-05-15 08:48:26,136 | INFO     |   → 808/887: ✅ 115 взято | 🗑️ 985 мусор
2026-05-15 08:48:26,136 | INFO     |   → 809/887: ✅ 6 взято | 🗑️ 63 мусор
2026-05-15 08:48:26,136 | INFO     |   → 810/887: ✅ 7 взято | 🗑️ 62 мусор
2026-05-15 08:48:26,136 | INFO     |   → 811/887: ✅ 39 взято | 🗑️ 489 мусор
2026-05-15 08:48:26,136 | INFO     |   → 812/887: ✅ 0 взято | 🗑️ 0 мусор
2026-05-15 08:48:26,136 | INFO     |   → 813/887: ✅ 0 взято | 🗑️ 0 мусор
2026-05-15 08:48:26,136 | INFO     |   → 814/887: ✅ 0 взято | 🗑️ 0 мусор
2026-05-15 08:48:26,136 | INFO     |   → 815/887: ✅ 0 взято | 🗑️ 0 мусор
2026-05-15 08:48:26,136 | INFO     |   → 816/887: ✅ 0 взято | 🗑️ 0 мусор
2026-05-15 08:48:26,136 | INFO     |   → 817/887: ✅ 0 взято | 🗑️ 52 мусор
2026-05-15 08:48:26,136 | INFO     |   → 818/887: ✅ 5 взято | 🗑️ 10 мусор
2026-05-15 08:48:26,136 | INFO     |   → 819/887: ✅ 1 взято | 🗑️ 124 мусор
2026-05-15 08:48:26,136 | INFO     |   → 820/887: ✅ 100 взято | 🗑️ 104 мусор
2026-05-15 08:48:26,136 | INFO     |   → 821/887: ✅ 0 взято | 🗑️ 9 мусор
2026-05-15 08:48:26,136 | INFO     |   → 822/887: ✅ 39 взято | 🗑️ 479 мусор
2026-05-15 08:48:26,136 | INFO     |   → 823/887 ❌ HTTP 404 — https://raw.githubusercontent.com/xiaozhu2007/xiaozhu2007/61a755a044dbaeea678bc2d1e20f21a21c6d7170/docs/fxxk.txt
2026-05-15 08:48:26,136 | INFO     |   → 824/887: ✅ 1 взято | 🗑️ 159 мусор
2026-05-15 08:48:26,136 | INFO     |   → 825/887: ✅ 0 взято | 🗑️ 22 мусор
2026-05-15 08:48:26,136 | INFO     |   → 826/887: ✅ 0 взято | 🗑️ 0 мусор
2026-05-15 08:48:26,136 | INFO     |   → 827/887 ❌ HTTP 404 — https://raw.githubusercontent.com/yebekhe/TVC/0f745f92bf381e505f1245abbc7c145b19b11503/config.txt
2026-05-15 08:48:26,136 | INFO     |   → 828/887 ❌ HTTP 404 — https://raw.githubusercontent.com/yebekhe/TVC/9fac69239c69327fb7a61f5a8d79d107133889e1/lite/config.txt
2026-05-15 08:48:26,136 | INFO     |   → 829/887 ❌ HTTP 404 — https://raw.githubusercontent.com/yebekhe/TelegramV2rayCollector/main/sub/normal/donated
2026-05-15 08:48:26,136 | INFO     |   → 830/887 ❌ HTTP 404 — https://raw.githubusercontent.com/yebekhe/TelegramV2rayCollector/main/sub/normal/hysteria2
2026-05-15 08:48:26,136 | INFO     |   → 831/887 ❌ HTTP 404 — https://raw.githubusercontent.com/yebekhe/TelegramV2rayCollector/main/sub/normal/mix
2026-05-15 08:48:26,137 | INFO     |   → 832/887 ❌ HTTP 404 — https://raw.githubusercontent.com/yebekhe/TelegramV2rayCollector/main/sub/normal/reality
2026-05-15 08:48:26,137 | INFO     |   → 833/887 ❌ HTTP 404 — https://raw.githubusercontent.com/yebekhe/TelegramV2rayCollector/main/sub/normal/shadowsocks
2026-05-15 08:48:26,137 | INFO     |   → 834/887 ❌ HTTP 404 — https://raw.githubusercontent.com/yebekhe/TelegramV2rayCollector/main/sub/normal/trojan
2026-05-15 08:48:26,137 | INFO     |   → 835/887 ❌ HTTP 404 — https://raw.githubusercontent.com/yebekhe/TelegramV2rayCollector/main/sub/normal/tuic
2026-05-15 08:48:26,137 | INFO     |   → 836/887 ❌ HTTP 404 — https://raw.githubusercontent.com/yebekhe/TelegramV2rayCollector/main/sub/normal/vless
2026-05-15 08:48:26,137 | INFO     |   → 837/887 ❌ HTTP 404 — https://raw.githubusercontent.com/yebekhe/TelegramV2rayCollector/main/sub/normal/vmess
2026-05-15 08:48:26,137 | INFO     |   → 838/887 ❌ HTTP 404 — https://raw.githubusercontent.com/yebekhe/V2Hub/main/Split/Normal/shadowsocks
2026-05-15 08:48:26,137 | INFO     |   → 839/887 ❌ HTTP 404 — https://raw.githubusercontent.com/yebekhe/V2Hub/main/merged
2026-05-15 08:48:26,137 | INFO     |   → 840/887: ✅ 0 взято | 🗑️ 30 мусор
2026-05-15 08:48:26,137 | INFO     |   → 841/887: ✅ 944 взято | 🗑️ 7298 мусор
2026-05-15 08:48:26,137 | INFO     |   → 842/887: ✅ 7 взято | 🗑️ 339 мусор
2026-05-15 08:48:26,137 | INFO     |   → 843/887: ✅ 7 взято | 🗑️ 249 мусор
2026-05-15 08:48:26,137 | INFO     |   → 844/887: ✅ 304 взято | 🗑️ 181 мусор
2026-05-15 08:48:26,137 | INFO     |   → 845/887: ✅ 118 взято | 🗑️ 1486 мусор
2026-05-15 08:48:26,137 | INFO     |   → 846/887: ✅ 2 взято | 🗑️ 386 мусор
2026-05-15 08:48:26,137 | INFO     |   → 847/887 ❌ HTTP 404 — https://raw.githubusercontent.com/yyyr-otz/tele-providers-collector/019cb3e07ee52fddbc7caa54fc670c6b9bae6539/sub/proxies.txt
2026-05-15 08:48:26,137 | INFO     |   → 848/887 ❌ HTTP 404 — https://raw.githubusercontent.com/yyyr-otz/tele-providers-collector/b7a74ee98bcf02c5a507d688a1bed3aa9f7f4ed1/script/raw/protocols/mixed.txt
2026-05-15 08:48:26,137 | INFO     |   → 849/887: ✅ 0 взято | 🗑️ 0 мусор
2026-05-15 08:48:26,137 | INFO     |   → 850/887: ✅ 0 взято | 🗑️ 0 мусор
2026-05-15 08:48:26,137 | INFO     |   → 851/887: ✅ 1 взято | 🗑️ 18 мусор
2026-05-15 08:48:26,137 | INFO     |   → 852/887: ✅ 0 взято | 🗑️ 0 мусор
2026-05-15 08:48:26,137 | INFO     |   → 853/887: ✅ 0 взято | 🗑️ 5 мусор
2026-05-15 08:48:26,137 | INFO     |   → 854/887: ✅ 0 взято | 🗑️ 0 мусор
2026-05-15 08:48:26,137 | INFO     |   → 855/887 ⚠️ Ошибка: ('Connection aborted.', RemoteDisconnected('Remote end closed connection without response')) — https://sub.pmsub.me/clash.yaml
2026-05-15 08:48:26,137 | INFO     |   → 856/887: ✅ 0 взято | 🗑️ 1 мусор
2026-05-15 08:48:26,137 | INFO     |   → 857/887: ✅ 8 взято | 🗑️ 21 мусор
2026-05-15 08:48:26,137 | INFO     |   → 858/887: ✅ 0 взято | 🗑️ 0 мусор
2026-05-15 08:48:26,138 | INFO     |   → 859/887: ✅ 9 взято | 🗑️ 19 мусор
2026-05-15 08:48:26,138 | INFO     |   → 860/887: ✅ 0 взято | 🗑️ 0 мусор
2026-05-15 08:48:26,138 | INFO     |   → 861/887: ✅ 2 взято | 🗑️ 14 мусор
2026-05-15 08:48:26,138 | INFO     |   → 862/887: ✅ 4 взято | 🗑️ 22 мусор
2026-05-15 08:48:26,138 | INFO     |   → 863/887: ✅ 0 взято | 🗑️ 0 мусор
2026-05-15 08:48:26,138 | INFO     |   → 864/887: ✅ 0 взято | 🗑️ 0 мусор
2026-05-15 08:48:26,138 | INFO     |   → 865/887: ✅ 0 взято | 🗑️ 0 мусор
2026-05-15 08:48:26,138 | INFO     |   → 866/887: ✅ 2 взято | 🗑️ 16 мусор
2026-05-15 08:48:26,138 | INFO     |   → 867/887: ✅ 0 взято | 🗑️ 0 мусор
2026-05-15 08:48:26,138 | INFO     |   → 868/887: ✅ 4 взято | 🗑️ 7 мусор
2026-05-15 08:48:26,138 | INFO     |   → 869/887: ✅ 0 взято | 🗑️ 0 мусор
2026-05-15 08:48:26,138 | INFO     |   → 870/887: ✅ 6 взято | 🗑️ 14 мусор
2026-05-15 08:48:26,138 | INFO     |   → 871/887: ✅ 0 взято | 🗑️ 0 мусор
2026-05-15 08:48:26,138 | INFO     |   → 872/887: ✅ 2 взято | 🗑️ 13 мусор
2026-05-15 08:48:26,138 | INFO     |   → 873/887: ✅ 0 взято | 🗑️ 0 мусор
2026-05-15 08:48:26,138 | INFO     |   → 874/887: ✅ 0 взято | 🗑️ 0 мусор
2026-05-15 08:48:26,138 | INFO     |   → 875/887: ✅ 2 взято | 🗑️ 7 мусор
2026-05-15 08:48:26,138 | INFO     |   → 876/887: ✅ 2 взято | 🗑️ 14 мусор
2026-05-15 08:48:26,138 | INFO     |   → 877/887: ✅ 2 взято | 🗑️ 14 мусор
2026-05-15 08:48:26,138 | INFO     |   → 878/887: ✅ 0 взято | 🗑️ 0 мусор
2026-05-15 08:48:26,138 | INFO     |   → 879/887: ✅ 3 взято | 🗑️ 22 мусор
2026-05-15 08:48:26,138 | INFO     |   → 880/887: ✅ 0 взято | 🗑️ 0 мусор
2026-05-15 08:48:26,138 | INFO     |   → 881/887: ✅ 2 взято | 🗑️ 15 мусор
2026-05-15 08:48:26,138 | INFO     |   → 882/887: ✅ 3 взято | 🗑️ 12 мусор
2026-05-15 08:48:26,138 | INFO     |   → 883/887: ✅ 0 взято | 🗑️ 0 мусор
2026-05-15 08:48:26,139 | INFO     |   → 884/887: ✅ 0 взято | 🗑️ 0 мусор
2026-05-15 08:48:26,139 | INFO     |   → 885/887: ✅ 0 взято | 🗑️ 0 мусор
2026-05-15 08:48:26,139 | INFO     |   → 886/887: ✅ 4 взято | 🗑️ 11 мусор
2026-05-15 08:48:26,139 | INFO     |   → 887/887: ✅ 0 взято | 🗑️ 18 мусор
2026-05-15 08:48:26,139 | INFO     |   → ✅ ГОТОВО!
2026-05-15 08:48:26,139 | INFO     |   →    📥 Всего ключей после фильтра: 16130
2026-05-15 08:48:26,139 | INFO     |   →    🔗 Уникальных IP:PORT:SCHEME: 9814
2026-05-15 08:48:26,139 | INFO     |   →    🗑️ Выброшено мусора: 266258
2026-05-15 08:48:26,139 | INFO     |   → 📊 По протоколам:
2026-05-15 08:48:26,139 | INFO     |   →    vless: 3356
2026-05-15 08:48:26,139 | INFO     |   →    vmess: 3434
2026-05-15 08:48:26,139 | INFO     |   →    trojan: 1056
2026-05-15 08:48:26,139 | INFO     |   →    ss: 1814
2026-05-15 08:48:26,139 | INFO     |   →    hysteria: 13
2026-05-15 08:48:26,139 | INFO     |   →    hysteria2: 30
2026-05-15 08:48:26,139 | INFO     |   →    hy2: 59
2026-05-15 08:48:26,139 | INFO     |   →    tuic: 52
2026-05-15 08:48:26,139 | INFO     | ✅ mirror.py завершён успешно
2026-05-15 08:48:26,139 | INFO     | 
2026-05-15 08:48:26,139 | INFO     | 
2026-05-15 08:48:26,139 | INFO     | ──────────────────────────────────────────────────────────────────────
2026-05-15 08:48:26,139 | INFO     | 📌 ЭТАП: Фильтрация по реальному SNI
2026-05-15 08:48:26,139 | INFO     | ──────────────────────────────────────────────────────────────────────
2026-05-15 08:48:26,140 | INFO     | 🚀 Запуск filter_ru_sni.py (Фильтр по реальному SNI (CDN+RU))...
2026-05-15 08:48:26,369 | INFO     |   → hy2.txt: 59 → 19 (SNI-filtered)
2026-05-15 08:48:26,369 | INFO     |   →   hysteria.txt: 13 → 0 (SNI-filtered)
2026-05-15 08:48:26,369 | INFO     |   →   hysteria2.txt: 30 → 4 (SNI-filtered)
2026-05-15 08:48:26,369 | INFO     |   →   ss.txt: 1814 → 0 (SNI-filtered)
2026-05-15 08:48:26,369 | INFO     |   →   trojan.txt: 1056 → 3 (SNI-filtered)
2026-05-15 08:48:26,369 | INFO     |   →   tuic.txt: 52 → 0 (SNI-filtered)
2026-05-15 08:48:26,369 | INFO     |   →   vless.txt: 3356 → 398 (SNI-filtered)
2026-05-15 08:48:26,369 | INFO     |   →   vmess.txt: 3434 → 38 (SNI-filtered)
2026-05-15 08:48:26,369 | INFO     |   → ==================================================
2026-05-15 08:48:26,370 | INFO     |   →   Всего входных:  9814
2026-05-15 08:48:26,370 | INFO     |   →   Прошли фильтр:  462
2026-05-15 08:48:26,370 | INFO     |   →   Отброшено:      9352
2026-05-15 08:48:26,370 | INFO     |   → ==================================================
2026-05-15 08:48:26,370 | INFO     |   → Готово → /home/runner/work/vpn-vless-configs-russia/vpn-vless-configs-russia/githubmirror/ru-sni
2026-05-15 08:48:26,370 | INFO     | ✅ filter_ru_sni.py завершён успешно
2026-05-15 08:48:26,370 | INFO     | 
2026-05-15 08:48:26,370 | INFO     | 
2026-05-15 08:48:26,370 | INFO     | ──────────────────────────────────────────────────────────────────────
2026-05-15 08:48:26,370 | INFO     | 📌 ЭТАП: Экспериментальный RU-SNI фильтр
2026-05-15 08:48:26,370 | INFO     | ──────────────────────────────────────────────────────────────────────
2026-05-15 08:48:26,370 | INFO     | 🚀 Запуск filter_ru_sni_local.py (Экспериментальный фильтр по RU-SNI (локальные домены))...
2026-05-15 08:48:26,522 | INFO     |   → hy2.txt: 59 → 0 (RU-SNI)
2026-05-15 08:48:26,522 | INFO     |   → hysteria.txt: 13 → 0 (RU-SNI)
2026-05-15 08:48:26,522 | INFO     |   → hysteria2.txt: 30 → 0 (RU-SNI)
2026-05-15 08:48:26,522 | INFO     |   → ss.txt: 1814 → 0 (RU-SNI)
2026-05-15 08:48:26,522 | INFO     |   → trojan.txt: 1056 → 0 (RU-SNI)
2026-05-15 08:48:26,522 | INFO     |   → tuic.txt: 52 → 0 (RU-SNI)
2026-05-15 08:48:26,522 | INFO     |   → vless.txt: 3356 → 104 (RU-SNI)
2026-05-15 08:48:26,522 | INFO     |   → vmess.txt: 3434 → 0 (RU-SNI)
2026-05-15 08:48:26,522 | INFO     |   → ==================================================
2026-05-15 08:48:26,522 | INFO     |   → Всего входных:  9814
2026-05-15 08:48:26,522 | INFO     |   → Прошли RU-SNI:  104
2026-05-15 08:48:26,522 | INFO     |   → Отброшено:      9710
2026-05-15 08:48:26,522 | INFO     |   → ==================================================
2026-05-15 08:48:26,522 | INFO     |   → Готово → /home/runner/work/vpn-vless-configs-russia/vpn-vless-configs-russia/githubmirror/ru-sni-local
2026-05-15 08:48:26,522 | INFO     | ✅ filter_ru_sni_local.py завершён успешно
2026-05-15 08:48:26,522 | INFO     | 
2026-05-15 08:48:26,523 | INFO     | 
2026-05-15 08:48:26,523 | INFO     | ──────────────────────────────────────────────────────────────────────
2026-05-15 08:48:26,523 | INFO     | 📌 ЭТАП: Сбор статистики
2026-05-15 08:48:26,523 | INFO     | ──────────────────────────────────────────────────────────────────────
2026-05-15 08:48:26,523 | INFO     | 📊 Сбор статистики...
2026-05-15 08:48:26,523 | INFO     |   📁 githubmirror/clean:
2026-05-15 08:48:26,523 | INFO     |     • hy2         :    59 конфигов
2026-05-15 08:48:26,523 | INFO     |     • hysteria    :    13 конфигов
2026-05-15 08:48:26,523 | INFO     |     • hysteria2   :    30 конфигов
2026-05-15 08:48:26,525 | INFO     |     • ss          :  1814 конфигов
2026-05-15 08:48:26,526 | INFO     |     • trojan      :  1056 конфигов
2026-05-15 08:48:26,526 | INFO     |     • tuic        :    52 конфигов
2026-05-15 08:48:26,530 | INFO     |     • vless       :  3356 конфигов
2026-05-15 08:48:26,532 | INFO     |     • vmess       :  3434 конфигов
2026-05-15 08:48:26,533 | INFO     |   📁 githubmirror/ru-sni:
2026-05-15 08:48:26,533 | INFO     |     • hy2         :    19 конфигов ( 32.2% от clean)
2026-05-15 08:48:26,533 | INFO     |     • hysteria    :     0 конфигов (  0.0% от clean)
2026-05-15 08:48:26,533 | INFO     |     • hysteria2   :     4 конфигов ( 13.3% от clean)
2026-05-15 08:48:26,533 | INFO     |     • ss          :     0 конфигов (  0.0% от clean)
2026-05-15 08:48:26,533 | INFO     |     • trojan      :     3 конфигов (  0.3% от clean)
2026-05-15 08:48:26,533 | INFO     |     • tuic        :     0 конфигов (  0.0% от clean)
2026-05-15 08:48:26,534 | INFO     |     • vless       :   398 конфигов ( 11.9% от clean)
2026-05-15 08:48:26,534 | INFO     |     • vmess       :    38 конфигов (  1.1% от clean)
2026-05-15 08:48:26,534 | INFO     | 
2026-05-15 08:48:26,534 | INFO     |   ──────────────────────────────────────────────────
2026-05-15 08:48:26,534 | INFO     |   📈 ИТОГО:
2026-05-15 08:48:26,534 | INFO     |     Clean (после geo-фильтра):     9814
2026-05-15 08:48:26,534 | INFO     |     RU-SNI (после SNI-фильтра):     462
2026-05-15 08:48:26,534 | INFO     |     Прошло фильтр:                  4.7%
2026-05-15 08:48:26,534 | INFO     |   ──────────────────────────────────────────────────
2026-05-15 08:48:26,535 | INFO     | ✅ Статистика сохранена: /home/runner/work/vpn-vless-configs-russia/vpn-vless-configs-russia/stats.json
2026-05-15 08:48:26,535 | INFO     | 
2026-05-15 08:48:26,535 | INFO     | ======================================================================
2026-05-15 08:48:26,535 | INFO     | 📊 ИТОГОВЫЙ ОТЧЁТ
2026-05-15 08:48:26,535 | INFO     | ======================================================================
2026-05-15 08:48:26,535 | INFO     |   ✅ OK         | Загрузка и geo-фильтрация
2026-05-15 08:48:26,535 | INFO     |   ✅ OK         | Фильтрация по реальному SNI
2026-05-15 08:48:26,535 | INFO     |   ✅ OK         | Экспериментальный RU-SNI фильтр
2026-05-15 08:48:26,535 | INFO     |   ✅ OK         | Сбор статистики
2026-05-15 08:48:26,535 | INFO     | ──────────────────────────────────────────────────────────────────────
2026-05-15 08:48:26,535 | INFO     | ✅ ВСЕ ЭТАПЫ УСПЕШНЫ (4/4)
2026-05-15 08:48:26,535 | INFO     | ⏰ Время завершения: 2026-05-15 08:48:26
2026-05-15 08:48:26,535 | INFO     | ======================================================================
