2026-05-04 19:23:29,552 | INFO     | ======================================================================
2026-05-04 19:23:29,552 | INFO     | 🔍 VPN KEY CHECKER - Начало проверки
2026-05-04 19:23:29,552 | INFO     | ⏰ Время старта: 2026-05-04 19:23:29
2026-05-04 19:23:29,552 | INFO     | 📂 Рабочая директория: /home/runner/work/vpn-vless-configs-russia/vpn-vless-configs-russia
2026-05-04 19:23:29,552 | INFO     | ======================================================================
2026-05-04 19:23:29,552 | INFO     | 
2026-05-04 19:23:29,552 | INFO     | 🔍 Проверка наличия скриптов...
2026-05-04 19:23:29,552 | INFO     |   ✅ mirror.py
2026-05-04 19:23:29,553 | INFO     |   ✅ filter_ru_sni.py
2026-05-04 19:23:29,553 | INFO     |   ✅ filter_ru_sni_local.py
2026-05-04 19:23:29,553 | INFO     | 
2026-05-04 19:23:29,553 | INFO     | 
2026-05-04 19:23:29,553 | INFO     | ──────────────────────────────────────────────────────────────────────
2026-05-04 19:23:29,553 | INFO     | 📌 ЭТАП: Загрузка и geo-фильтрация
2026-05-04 19:23:29,553 | INFO     | ──────────────────────────────────────────────────────────────────────
2026-05-04 19:23:29,553 | INFO     | 🚀 Запуск mirror.py (Загрузка и фильтрация по РФ/СНГ/Европа)...
2026-05-04 19:25:56,149 | INFO     |   → 🚀 Старт: всего источников (старые + новые): 822
2026-05-04 19:25:56,149 | INFO     |   → 1/822: ✅ 13 взято | 🗑️ 242 мусор
2026-05-04 19:25:56,149 | INFO     |   → 2/822: ✅ 0 взято | 🗑️ 0 мусор
2026-05-04 19:25:56,149 | INFO     |   → 3/822: ✅ 0 взято | 🗑️ 0 мусор
2026-05-04 19:25:56,149 | INFO     |   → 4/822 ❌ HTTP 404 — https://cdn.jsdelivr.net/gh/cry0ice/genode@main/public/all.txt
2026-05-04 19:25:56,149 | INFO     |   → 5/822 ❌ HTTP 404 — https://cdn.jsdelivr.net/gh/cry0ice/genode@main/public/ss.txt
2026-05-04 19:25:56,149 | INFO     |   → 6/822 ❌ HTTP 404 — https://cdn.jsdelivr.net/gh/cry0ice/genode@main/public/ssr.txt
2026-05-04 19:25:56,149 | INFO     |   → 7/822 ❌ HTTP 404 — https://cdn.jsdelivr.net/gh/cry0ice/genode@main/public/trojan.txt
2026-05-04 19:25:56,149 | INFO     |   → 8/822 ❌ HTTP 404 — https://cdn.jsdelivr.net/gh/cry0ice/genode@main/public/vless.txt
2026-05-04 19:25:56,149 | INFO     |   → 9/822 ❌ HTTP 404 — https://cdn.jsdelivr.net/gh/cry0ice/genode@main/public/vmess.txt
2026-05-04 19:25:56,149 | INFO     |   → 10/822: ✅ 0 взято | 🗑️ 0 мусор
2026-05-04 19:25:56,149 | INFO     |   → 11/822: ✅ 0 взято | 🗑️ 0 мусор
2026-05-04 19:25:56,149 | INFO     |   → 12/822: ✅ 0 взято | 🗑️ 0 мусор
2026-05-04 19:25:56,150 | INFO     |   → 13/822: ✅ 0 взято | 🗑️ 0 мусор
2026-05-04 19:25:56,150 | INFO     |   → 14/822: ✅ 0 взято | 🗑️ 0 мусор
2026-05-04 19:25:56,150 | INFO     |   → 15/822: ✅ 0 взято | 🗑️ 0 мусор
2026-05-04 19:25:56,150 | INFO     |   → 16/822: ✅ 0 взято | 🗑️ 0 мусор
2026-05-04 19:25:56,150 | INFO     |   → 17/822: ✅ 0 взято | 🗑️ 0 мусор
2026-05-04 19:25:56,150 | INFO     |   → 18/822: ✅ 0 взято | 🗑️ 0 мусор
2026-05-04 19:25:56,150 | INFO     |   → 19/822: ✅ 0 взято | 🗑️ 0 мусор
2026-05-04 19:25:56,150 | INFO     |   → 20/822: ✅ 0 взято | 🗑️ 0 мусор
2026-05-04 19:25:56,150 | INFO     |   → 21/822: ✅ 0 взято | 🗑️ 0 мусор
2026-05-04 19:25:56,150 | INFO     |   → 22/822: ✅ 0 взято | 🗑️ 0 мусор
2026-05-04 19:25:56,150 | INFO     |   → 23/822: ✅ 0 взято | 🗑️ 0 мусор
2026-05-04 19:25:56,150 | INFO     |   → 24/822: ✅ 0 взято | 🗑️ 0 мусор
2026-05-04 19:25:56,150 | INFO     |   → 25/822: ✅ 0 взято | 🗑️ 0 мусор
2026-05-04 19:25:56,150 | INFO     |   → 26/822: ✅ 0 взято | 🗑️ 0 мусор
2026-05-04 19:25:56,150 | INFO     |   → 27/822: ✅ 0 взято | 🗑️ 0 мусор
2026-05-04 19:25:56,150 | INFO     |   → 28/822: ✅ 0 взято | 🗑️ 0 мусор
2026-05-04 19:25:56,150 | INFO     |   → 29/822: ✅ 0 взято | 🗑️ 0 мусор
2026-05-04 19:25:56,150 | INFO     |   → 30/822: ✅ 0 взято | 🗑️ 0 мусор
2026-05-04 19:25:56,150 | INFO     |   → 31/822: ✅ 0 взято | 🗑️ 0 мусор
2026-05-04 19:25:56,151 | INFO     |   → 32/822: ✅ 0 взято | 🗑️ 0 мусор
2026-05-04 19:25:56,151 | INFO     |   → 33/822: ✅ 0 взято | 🗑️ 0 мусор
2026-05-04 19:25:56,151 | INFO     |   → 34/822: ✅ 0 взято | 🗑️ 0 мусор
2026-05-04 19:25:56,151 | INFO     |   → 35/822: ✅ 0 взято | 🗑️ 0 мусор
2026-05-04 19:25:56,151 | INFO     |   → 36/822: ✅ 0 взято | 🗑️ 0 мусор
2026-05-04 19:25:56,151 | INFO     |   → 37/822: ✅ 0 взято | 🗑️ 0 мусор
2026-05-04 19:25:56,151 | INFO     |   → 38/822: ✅ 0 взято | 🗑️ 0 мусор
2026-05-04 19:25:56,151 | INFO     |   → 39/822: ✅ 0 взято | 🗑️ 0 мусор
2026-05-04 19:25:56,151 | INFO     |   → 40/822: ✅ 0 взято | 🗑️ 0 мусор
2026-05-04 19:25:56,151 | INFO     |   → 41/822: ✅ 0 взято | 🗑️ 0 мусор
2026-05-04 19:25:56,151 | INFO     |   → 42/822: ✅ 0 взято | 🗑️ 0 мусор
2026-05-04 19:25:56,151 | INFO     |   → 43/822: ✅ 0 взято | 🗑️ 0 мусор
2026-05-04 19:25:56,151 | INFO     |   → 44/822: ✅ 0 взято | 🗑️ 0 мусор
2026-05-04 19:25:56,151 | INFO     |   → 45/822: ✅ 0 взято | 🗑️ 0 мусор
2026-05-04 19:25:56,151 | INFO     |   → 46/822: ✅ 0 взято | 🗑️ 0 мусор
2026-05-04 19:25:56,151 | INFO     |   → 47/822: ✅ 0 взято | 🗑️ 0 мусор
2026-05-04 19:25:56,151 | INFO     |   → 48/822: ✅ 0 взято | 🗑️ 0 мусор
2026-05-04 19:25:56,151 | INFO     |   → 49/822: ✅ 0 взято | 🗑️ 0 мусор
2026-05-04 19:25:56,151 | INFO     |   → 50/822: ✅ 0 взято | 🗑️ 0 мусор
2026-05-04 19:25:56,151 | INFO     |   → 51/822: ✅ 0 взято | 🗑️ 0 мусор
2026-05-04 19:25:56,151 | INFO     |   → 52/822: ✅ 0 взято | 🗑️ 0 мусор
2026-05-04 19:25:56,151 | INFO     |   → 53/822: ✅ 0 взято | 🗑️ 0 мусор
2026-05-04 19:25:56,152 | INFO     |   → 54/822: ✅ 0 взято | 🗑️ 0 мусор
2026-05-04 19:25:56,152 | INFO     |   → 55/822: ✅ 0 взято | 🗑️ 0 мусор
2026-05-04 19:25:56,152 | INFO     |   → 56/822: ✅ 0 взято | 🗑️ 0 мусор
2026-05-04 19:25:56,152 | INFO     |   → 57/822: ✅ 0 взято | 🗑️ 0 мусор
2026-05-04 19:25:56,152 | INFO     |   → 58/822: ✅ 0 взято | 🗑️ 0 мусор
2026-05-04 19:25:56,152 | INFO     |   → 59/822: ✅ 0 взято | 🗑️ 0 мусор
2026-05-04 19:25:56,152 | INFO     |   → 60/822: ✅ 0 взято | 🗑️ 0 мусор
2026-05-04 19:25:56,152 | INFO     |   → 61/822: ✅ 0 взято | 🗑️ 0 мусор
2026-05-04 19:25:56,152 | INFO     |   → 62/822 ❌ HTTP 404 — https://freessrnode.github.io/uploads/2024/08/0-20240822.txt
2026-05-04 19:25:56,152 | INFO     |   → 63/822 ❌ HTTP 404 — https://freessrnode.github.io/uploads/2024/08/1-20240822.txt
2026-05-04 19:25:56,152 | INFO     |   → 64/822 ❌ HTTP 404 — https://freessrnode.github.io/uploads/2024/08/2-20240822.txt
2026-05-04 19:25:56,152 | INFO     |   → 65/822 ❌ HTTP 404 — https://freessrnode.github.io/uploads/2024/08/3-20240822.txt
2026-05-04 19:25:56,152 | INFO     |   → 66/822 ❌ HTTP 404 — https://freessrnode.github.io/uploads/2024/08/4-20240822.txt
2026-05-04 19:25:56,152 | INFO     |   → 67/822 ⚠️ Ошибка: HTTPSConnectionPool(host='freevpnspy.githubrowcontent.com', port=443): Max retries exceeded with url: /2024/08/20240802_novless.yaml (Caused by NameResolutionError("HTTPSConnection(host='freevpnspy.githubrowcontent.com', port=443): Failed to resolve 'freevpnspy.githubrowcontent.com' ([Errno -2] Name or service not known)")) — https://freevpnspy.githubrowcontent.com/2024/08/20240802_novless.yaml
2026-05-04 19:25:56,152 | INFO     |   → 68/822 ⚠️ Ошибка: HTTPSConnectionPool(host='freevpnspy.githubrowcontent.com', port=443): Max retries exceeded with url: /2024/08/20240802_vless.yaml (Caused by NameResolutionError("HTTPSConnection(host='freevpnspy.githubrowcontent.com', port=443): Failed to resolve 'freevpnspy.githubrowcontent.com' ([Errno -2] Name or service not known)")) — https://freevpnspy.githubrowcontent.com/2024/08/20240802_vless.yaml
2026-05-04 19:25:56,152 | INFO     |   → 69/822 ❌ HTTP 404 — https://github.com/Epodonios/bulk-xray-v2ray-vless-vmess-...-configs/raw/main/sub/Albania/config.txt
2026-05-04 19:25:56,152 | INFO     |   → 70/822 ❌ HTTP 404 — https://github.com/Epodonios/bulk-xray-v2ray-vless-vmess-...-configs/raw/main/sub/Cura%C3%A7ao/config.txt
2026-05-04 19:25:56,152 | INFO     |   → 71/822 ❌ HTTP 404 — https://github.com/Epodonios/bulk-xray-v2ray-vless-vmess-...-configs/raw/main/sub/Finland/config.txt
2026-05-04 19:25:56,152 | INFO     |   → 72/822 ❌ HTTP 404 — https://github.com/Epodonios/bulk-xray-v2ray-vless-vmess-...-configs/raw/main/sub/Iran/config.txt
2026-05-04 19:25:56,152 | INFO     |   → 73/822 ❌ HTTP 404 — https://github.com/Epodonios/bulk-xray-v2ray-vless-vmess-...-configs/raw/main/sub/Netherlands/config.txt
2026-05-04 19:25:56,152 | INFO     |   → 74/822 ❌ HTTP 404 — https://github.com/Epodonios/bulk-xray-v2ray-vless-vmess-...-configs/raw/main/sub/Norway/config.txt
2026-05-04 19:25:56,153 | INFO     |   → 75/822 ❌ HTTP 404 — https://github.com/Epodonios/bulk-xray-v2ray-vless-vmess-...-configs/raw/main/sub/Russia/config.txt
2026-05-04 19:25:56,153 | INFO     |   → 76/822: ✅ 13 взято | 🗑️ 70 мусор
2026-05-04 19:25:56,153 | INFO     |   → 77/822: ✅ 0 взято | 🗑️ 4 мусор
2026-05-04 19:25:56,153 | INFO     |   → 78/822: ✅ 0 взято | 🗑️ 7 мусор
2026-05-04 19:25:56,153 | INFO     |   → 79/822: ✅ 0 взято | 🗑️ 51 мусор
2026-05-04 19:25:56,153 | INFO     |   → 80/822: ✅ 0 взято | 🗑️ 8 мусор
2026-05-04 19:25:56,153 | INFO     |   → 81/822: ✅ 0 взято | 🗑️ 0 мусор
2026-05-04 19:25:56,153 | INFO     |   → 82/822: ✅ 17 взято | 🗑️ 119 мусор
2026-05-04 19:25:56,153 | INFO     |   → 83/822 ❌ HTTP 404 — https://github.com/MrMohebi/xray-proxy-grabber-telegram/raw/master/collected-proxies/clash-meta/all.yaml
2026-05-04 19:25:56,153 | INFO     |   → 84/822 ❌ HTTP 404 — https://github.com/MrMohebi/xray-proxy-grabber-telegram/raw/master/collected-proxies/row-url/all.txt
2026-05-04 19:25:56,153 | INFO     |   → 85/822: ✅ 0 взято | 🗑️ 0 мусор
2026-05-04 19:25:56,153 | INFO     |   → 86/822: ✅ 0 взято | 🗑️ 113 мусор
2026-05-04 19:25:56,153 | INFO     |   → 87/822: ✅ 0 взято | 🗑️ 119 мусор
2026-05-04 19:25:56,153 | INFO     |   → 88/822 ❌ HTTP 404 — https://github.com/abbasdvd3/abbasdvd10/73ec60de7a6c6aa6df4c14b511c1da60686891ca/ppo.txt
2026-05-04 19:25:56,153 | INFO     |   → 89/822 ❌ HTTP 404 — https://github.com/acymz/AutoVPN/refs/heads/main/data/V2.txt
2026-05-04 19:25:56,153 | INFO     |   → 90/822: ✅ 0 взято | 🗑️ 0 мусор
2026-05-04 19:25:56,153 | INFO     |   → 91/822: ✅ 0 взято | 🗑️ 0 мусор
2026-05-04 19:25:56,153 | INFO     |   → 92/822: ✅ 0 взято | 🗑️ 0 мусор
2026-05-04 19:25:56,153 | INFO     |   → 93/822: ✅ 0 взято | 🗑️ 0 мусор
2026-05-04 19:25:56,153 | INFO     |   → 94/822: ✅ 0 взято | 🗑️ 0 мусор
2026-05-04 19:25:56,153 | INFO     |   → 95/822: ✅ 0 взято | 🗑️ 0 мусор
2026-05-04 19:25:56,153 | INFO     |   → 96/822: ✅ 0 взято | 🗑️ 0 мусор
2026-05-04 19:25:56,153 | INFO     |   → 97/822 ❌ HTTP 404 — https://github.com/mermeroo/V2RAY-FREE/raw/main/All_Configs_base64_Sub.txt
2026-05-04 19:25:56,154 | INFO     |   → 98/822 ❌ HTTP 404 — https://github.com/mermeroo/V2RAY-FREE/raw/main/Base64/Sub1_base64.txt
2026-05-04 19:25:56,154 | INFO     |   → 99/822 ❌ HTTP 404 — https://github.com/mermeroo/V2RAY-FREE/raw/main/Base64/Sub2_base64.txt
2026-05-04 19:25:56,154 | INFO     |   → 100/822 ❌ HTTP 404 — https://github.com/mermeroo/V2RAY-FREE/raw/main/Base64/Sub3_base64.txt
2026-05-04 19:25:56,154 | INFO     |   → 101/822 ❌ HTTP 404 — https://github.com/mermeroo/V2RAY-FREE/raw/main/Base64/Sub4_base64.txt
2026-05-04 19:25:56,154 | INFO     |   → 102/822 ❌ HTTP 404 — https://github.com/mermeroo/V2RAY-FREE/raw/main/Base64/Sub5_base64.txt
2026-05-04 19:25:56,154 | INFO     |   → 103/822 ❌ HTTP 404 — https://github.com/mermeroo/telegram-configs-collector/raw/main/protocols/hysteria
2026-05-04 19:25:56,154 | INFO     |   → 104/822 ❌ HTTP 404 — https://github.com/mermeroo/telegram-configs-collector/raw/main/protocols/juicity
2026-05-04 19:25:56,154 | INFO     |   → 105/822 ❌ HTTP 404 — https://github.com/mermeroo/telegram-configs-collector/raw/main/protocols/tuic
2026-05-04 19:25:56,154 | INFO     |   → 106/822: ✅ 5 взято | 🗑️ 16 мусор
2026-05-04 19:25:56,154 | INFO     |   → 107/822: ✅ 0 взято | 🗑️ 0 мусор
2026-05-04 19:25:56,154 | INFO     |   → 108/822: ✅ 0 взято | 🗑️ 0 мусор
2026-05-04 19:25:56,154 | INFO     |   → 109/822: ✅ 0 взято | 🗑️ 0 мусор
2026-05-04 19:25:56,154 | INFO     |   → 110/822: ✅ 3 взято | 🗑️ 238 мусор
2026-05-04 19:25:56,154 | INFO     |   → 111/822: ✅ 0 взято | 🗑️ 0 мусор
2026-05-04 19:25:56,154 | INFO     |   → 112/822: ✅ 3 взято | 🗑️ 239 мусор
2026-05-04 19:25:56,154 | INFO     |   → 113/822: ✅ 0 взято | 🗑️ 0 мусор
2026-05-04 19:25:56,154 | INFO     |   → 114/822: ✅ 0 взято | 🗑️ 255 мусор
2026-05-04 19:25:56,154 | INFO     |   → 115/822: ✅ 0 взято | 🗑️ 0 мусор
2026-05-04 19:25:56,154 | INFO     |   → 116/822: ✅ 1 взято | 🗑️ 249 мусор
2026-05-04 19:25:56,154 | INFO     |   → 117/822: ✅ 0 взято | 🗑️ 0 мусор
2026-05-04 19:25:56,155 | INFO     |   → 118/822: ✅ 0 взято | 🗑️ 207 мусор
2026-05-04 19:25:56,155 | INFO     |   → 119/822: ✅ 0 взято | 🗑️ 0 мусор
2026-05-04 19:25:56,155 | INFO     |   → 120/822: ✅ 0 взято | 🗑️ 228 мусор
2026-05-04 19:25:56,155 | INFO     |   → 121/822: ✅ 0 взято | 🗑️ 0 мусор
2026-05-04 19:25:56,155 | INFO     |   → 122/822: ✅ 1 взято | 🗑️ 291 мусор
2026-05-04 19:25:56,155 | INFO     |   → 123/822: ✅ 0 взято | 🗑️ 0 мусор
2026-05-04 19:25:56,155 | INFO     |   → 124/822: ✅ 3 взято | 🗑️ 221 мусор
2026-05-04 19:25:56,155 | INFO     |   → 125/822: ✅ 0 взято | 🗑️ 0 мусор
2026-05-04 19:25:56,155 | INFO     |   → 126/822: ✅ 1 взято | 🗑️ 222 мусор
2026-05-04 19:25:56,155 | INFO     |   → 127/822: ✅ 0 взято | 🗑️ 0 мусор
2026-05-04 19:25:56,155 | INFO     |   → 128/822: ✅ 1 взято | 🗑️ 218 мусор
2026-05-04 19:25:56,155 | INFO     |   → 129/822: ✅ 0 взято | 🗑️ 0 мусор
2026-05-04 19:25:56,155 | INFO     |   → 130/822: ✅ 0 взято | 🗑️ 193 мусор
2026-05-04 19:25:56,155 | INFO     |   → 131/822: ✅ 0 взято | 🗑️ 0 мусор
2026-05-04 19:25:56,155 | INFO     |   → 132/822: ✅ 0 взято | 🗑️ 290 мусор
2026-05-04 19:25:56,155 | INFO     |   → 133/822: ✅ 0 взято | 🗑️ 0 мусор
2026-05-04 19:25:56,155 | INFO     |   → 134/822: ✅ 0 взято | 🗑️ 238 мусор
2026-05-04 19:25:56,155 | INFO     |   → 135/822: ✅ 0 взято | 🗑️ 0 мусор
2026-05-04 19:25:56,155 | INFO     |   → 136/822: ✅ 0 взято | 🗑️ 221 мусор
2026-05-04 19:25:56,155 | INFO     |   → 137/822: ✅ 0 взято | 🗑️ 0 мусор
2026-05-04 19:25:56,155 | INFO     |   → 138/822: ✅ 0 взято | 🗑️ 248 мусор
2026-05-04 19:25:56,155 | INFO     |   → 139/822: ✅ 0 взято | 🗑️ 0 мусор
2026-05-04 19:25:56,155 | INFO     |   → 140/822: ✅ 0 взято | 🗑️ 203 мусор
2026-05-04 19:25:56,156 | INFO     |   → 141/822: ✅ 0 взято | 🗑️ 0 мусор
2026-05-04 19:25:56,156 | INFO     |   → 142/822: ✅ 0 взято | 🗑️ 208 мусор
2026-05-04 19:25:56,156 | INFO     |   → 143/822: ✅ 0 взято | 🗑️ 0 мусор
2026-05-04 19:25:56,156 | INFO     |   → 144/822: ✅ 2 взято | 🗑️ 209 мусор
2026-05-04 19:25:56,156 | INFO     |   → 145/822: ✅ 0 взято | 🗑️ 0 мусор
2026-05-04 19:25:56,156 | INFO     |   → 146/822: ✅ 0 взято | 🗑️ 258 мусор
2026-05-04 19:25:56,156 | INFO     |   → 147/822: ✅ 0 взято | 🗑️ 0 мусор
2026-05-04 19:25:56,156 | INFO     |   → 148/822: ✅ 0 взято | 🗑️ 296 мусор
2026-05-04 19:25:56,156 | INFO     |   → 149/822: ✅ 0 взято | 🗑️ 0 мусор
2026-05-04 19:25:56,156 | INFO     |   → 150/822: ✅ 1 взято | 🗑️ 286 мусор
2026-05-04 19:25:56,156 | INFO     |   → 151/822: ✅ 0 взято | 🗑️ 0 мусор
2026-05-04 19:25:56,156 | INFO     |   → 152/822: ✅ 0 взято | 🗑️ 195 мусор
2026-05-04 19:25:56,156 | INFO     |   → 153/822: ✅ 0 взято | 🗑️ 0 мусор
2026-05-04 19:25:56,156 | INFO     |   → 154/822: ✅ 0 взято | 🗑️ 170 мусор
2026-05-04 19:25:56,156 | INFO     |   → 155/822: ✅ 0 взято | 🗑️ 0 мусор
2026-05-04 19:25:56,156 | INFO     |   → 156/822: ✅ 0 взято | 🗑️ 160 мусор
2026-05-04 19:25:56,156 | INFO     |   → 157/822: ✅ 0 взято | 🗑️ 0 мусор
2026-05-04 19:25:56,156 | INFO     |   → 158/822: ✅ 0 взято | 🗑️ 121 мусор
2026-05-04 19:25:56,156 | INFO     |   → 159/822: ✅ 0 взято | 🗑️ 0 мусор
2026-05-04 19:25:56,156 | INFO     |   → 160/822: ✅ 0 взято | 🗑️ 135 мусор
2026-05-04 19:25:56,156 | INFO     |   → 161/822: ✅ 0 взято | 🗑️ 0 мусор
2026-05-04 19:25:56,156 | INFO     |   → 162/822 ⚠️ Ошибка: HTTPSConnectionPool(host='ivuxy.tech', port=443): Max retries exceeded with url: /v.txt (Caused by NameResolutionError("HTTPSConnection(host='ivuxy.tech', port=443): Failed to resolve 'ivuxy.tech' ([Errno -2] Name or service not known)")) — https://ivuxy.tech/v.txt
2026-05-04 19:25:56,157 | INFO     |   → 163/822 ⚠️ Ошибка: HTTPSConnectionPool(host='mirror.ghproxy.com', port=443): Max retries exceeded with url: /https://raw.githubusercontent.com/Barabama/FreeNodes/master/nodes/blues.txt (Caused by NameResolutionError("HTTPSConnection(host='mirror.ghproxy.com', port=443): Failed to resolve 'mirror.ghproxy.com' ([Errno -2] Name or service not known)")) — https://mirror.ghproxy.com/https://raw.githubusercontent.com/Barabama/FreeNodes/master/nodes/blues.txt
2026-05-04 19:25:56,157 | INFO     |   → 164/822 ⚠️ Ошибка: HTTPSConnectionPool(host='mirror.ghproxy.com', port=443): Max retries exceeded with url: /https://raw.githubusercontent.com/Barabama/FreeNodes/master/nodes/halekj.txt (Caused by NameResolutionError("HTTPSConnection(host='mirror.ghproxy.com', port=443): Failed to resolve 'mirror.ghproxy.com' ([Errno -2] Name or service not known)")) — https://mirror.ghproxy.com/https://raw.githubusercontent.com/Barabama/FreeNodes/master/nodes/halekj.txt
2026-05-04 19:25:56,157 | INFO     |   → 165/822 ⚠️ Ошибка: HTTPSConnectionPool(host='mirror.ghproxy.com', port=443): Max retries exceeded with url: /https://raw.githubusercontent.com/Barabama/FreeNodes/master/nodes/kkzui.txt (Caused by NameResolutionError("HTTPSConnection(host='mirror.ghproxy.com', port=443): Failed to resolve 'mirror.ghproxy.com' ([Errno -2] Name or service not known)")) — https://mirror.ghproxy.com/https://raw.githubusercontent.com/Barabama/FreeNodes/master/nodes/kkzui.txt
2026-05-04 19:25:56,157 | INFO     |   → 166/822 ⚠️ Ошибка: HTTPSConnectionPool(host='mirror.ghproxy.com', port=443): Max retries exceeded with url: /https://raw.githubusercontent.com/Barabama/FreeNodes/master/nodes/merged.txt (Caused by NameResolutionError("HTTPSConnection(host='mirror.ghproxy.com', port=443): Failed to resolve 'mirror.ghproxy.com' ([Errno -2] Name or service not known)")) — https://mirror.ghproxy.com/https://raw.githubusercontent.com/Barabama/FreeNodes/master/nodes/merged.txt
2026-05-04 19:25:56,157 | INFO     |   → 167/822 ⚠️ Ошибка: HTTPSConnectionPool(host='mirror.ghproxy.com', port=443): Max retries exceeded with url: /https://raw.githubusercontent.com/Barabama/FreeNodes/master/nodes/nodefree.txt (Caused by NameResolutionError("HTTPSConnection(host='mirror.ghproxy.com', port=443): Failed to resolve 'mirror.ghproxy.com' ([Errno -2] Name or service not known)")) — https://mirror.ghproxy.com/https://raw.githubusercontent.com/Barabama/FreeNodes/master/nodes/nodefree.txt
2026-05-04 19:25:56,157 | INFO     |   → 168/822 ⚠️ Ошибка: HTTPSConnectionPool(host='mirror.ghproxy.com', port=443): Max retries exceeded with url: /https://raw.githubusercontent.com/Barabama/FreeNodes/master/nodes/openrunner.txt (Caused by NameResolutionError("HTTPSConnection(host='mirror.ghproxy.com', port=443): Failed to resolve 'mirror.ghproxy.com' ([Errno -2] Name or service not known)")) — https://mirror.ghproxy.com/https://raw.githubusercontent.com/Barabama/FreeNodes/master/nodes/openrunner.txt
2026-05-04 19:25:56,157 | INFO     |   → 169/822 ⚠️ Ошибка: HTTPSConnectionPool(host='mirror.ghproxy.com', port=443): Max retries exceeded with url: /https://raw.githubusercontent.com/Barabama/FreeNodes/master/nodes/v2rayshare.txt (Caused by NameResolutionError("HTTPSConnection(host='mirror.ghproxy.com', port=443): Failed to resolve 'mirror.ghproxy.com' ([Errno -2] Name or service not known)")) — https://mirror.ghproxy.com/https://raw.githubusercontent.com/Barabama/FreeNodes/master/nodes/v2rayshare.txt
2026-05-04 19:25:56,157 | INFO     |   → 170/822 ⚠️ Ошибка: HTTPSConnectionPool(host='mirror.ghproxy.com', port=443): Max retries exceeded with url: /https://raw.githubusercontent.com/Barabama/FreeNodes/master/nodes/wenode.txt (Caused by NameResolutionError("HTTPSConnection(host='mirror.ghproxy.com', port=443): Failed to resolve 'mirror.ghproxy.com' ([Errno -2] Name or service not known)")) — https://mirror.ghproxy.com/https://raw.githubusercontent.com/Barabama/FreeNodes/master/nodes/wenode.txt
2026-05-04 19:25:56,157 | INFO     |   → 171/822 ⚠️ Ошибка: HTTPSConnectionPool(host='mirror.ghproxy.com', port=443): Max retries exceeded with url: /https://raw.githubusercontent.com/Barabama/FreeNodes/master/nodes/yudou66.txt (Caused by NameResolutionError("HTTPSConnection(host='mirror.ghproxy.com', port=443): Failed to resolve 'mirror.ghproxy.com' ([Errno -2] Name or service not known)")) — https://mirror.ghproxy.com/https://raw.githubusercontent.com/Barabama/FreeNodes/master/nodes/yudou66.txt
2026-05-04 19:25:56,157 | INFO     |   → 172/822: ✅ 7 взято | 🗑️ 17 мусор
2026-05-04 19:25:56,157 | INFO     |   → 173/822: ✅ 0 взято | 🗑️ 17 мусор
2026-05-04 19:25:56,157 | INFO     |   → 174/822: ✅ 14 взято | 🗑️ 14 мусор
2026-05-04 19:25:56,157 | INFO     |   → 175/822: ✅ 0 взято | 🗑️ 14 мусор
2026-05-04 19:25:56,157 | INFO     |   → 176/822: ✅ 0 взято | 🗑️ 14 мусор
2026-05-04 19:25:56,157 | INFO     |   → 177/822: ✅ 0 взято | 🗑️ 14 мусор
2026-05-04 19:25:56,157 | INFO     |   → 178/822: ✅ 0 взято | 🗑️ 14 мусор
2026-05-04 19:25:56,157 | INFO     |   → 179/822: ✅ 0 взято | 🗑️ 14 мусор
2026-05-04 19:25:56,157 | INFO     |   → 180/822: ✅ 0 взято | 🗑️ 14 мусор
2026-05-04 19:25:56,157 | INFO     |   → 181/822: ✅ 0 взято | 🗑️ 14 мусор
2026-05-04 19:25:56,157 | INFO     |   → 182/822: ✅ 0 взято | 🗑️ 14 мусор
2026-05-04 19:25:56,158 | INFO     |   → 183/822: ✅ 7 взято | 🗑️ 21 мусор
2026-05-04 19:25:56,158 | INFO     |   → 184/822: ✅ 0 взято | 🗑️ 21 мусор
2026-05-04 19:25:56,158 | INFO     |   → 185/822: ✅ 0 взято | 🗑️ 21 мусор
2026-05-04 19:25:56,158 | INFO     |   → 186/822: ✅ 0 взято | 🗑️ 21 мусор
2026-05-04 19:25:56,158 | INFO     |   → 187/822: ✅ 0 взято | 🗑️ 21 мусор
2026-05-04 19:25:56,158 | INFO     |   → 188/822: ✅ 0 взято | 🗑️ 21 мусор
2026-05-04 19:25:56,158 | INFO     |   → 189/822: ✅ 0 взято | 🗑️ 21 мусор
2026-05-04 19:25:56,158 | INFO     |   → 190/822: ✅ 0 взято | 🗑️ 21 мусор
2026-05-04 19:25:56,158 | INFO     |   → 191/822: ✅ 0 взято | 🗑️ 21 мусор
2026-05-04 19:25:56,158 | INFO     |   → 192/822: ✅ 0 взято | 🗑️ 21 мусор
2026-05-04 19:25:56,158 | INFO     |   → 193/822: ✅ 0 взято | 🗑️ 21 мусор
2026-05-04 19:25:56,158 | INFO     |   → 194/822: ✅ 5 взято | 🗑️ 15 мусор
2026-05-04 19:25:56,158 | INFO     |   → 195/822: ✅ 0 взято | 🗑️ 15 мусор
2026-05-04 19:25:56,158 | INFO     |   → 196/822: ✅ 0 взято | 🗑️ 15 мусор
2026-05-04 19:25:56,158 | INFO     |   → 197/822 ⚠️ Ошибка: HTTPSConnectionPool(host='nodefree.githubrowcontent.com', port=443): Max retries exceeded with url: /2024/07/20240705.yaml (Caused by NameResolutionError("HTTPSConnection(host='nodefree.githubrowcontent.com', port=443): Failed to resolve 'nodefree.githubrowcontent.com' ([Errno -2] Name or service not known)")) — https://nodefree.org/dy/2023/08/20230806.yaml
2026-05-04 19:25:56,158 | INFO     |   → 198/822 ⚠️ Ошибка: HTTPSConnectionPool(host='nodefree.githubrowcontent.com', port=443): Max retries exceeded with url: /2024/07/20240705.txt (Caused by NameResolutionError("HTTPSConnection(host='nodefree.githubrowcontent.com', port=443): Failed to resolve 'nodefree.githubrowcontent.com' ([Errno -2] Name or service not known)")) — https://nodefree.org/dy/2023/12/20231221.txt
2026-05-04 19:25:56,158 | INFO     |   → 199/822: ✅ 0 взято | 🗑️ 17 мусор
2026-05-04 19:25:56,158 | INFO     |   → 200/822: ✅ 0 взято | 🗑️ 17 мусор
2026-05-04 19:25:56,158 | INFO     |   → 201/822: ✅ 0 взято | 🗑️ 14 мусор
2026-05-04 19:25:56,159 | INFO     |   → 202/822: ✅ 0 взято | 🗑️ 14 мусор
2026-05-04 19:25:56,159 | INFO     |   → 203/822: ✅ 0 взято | 🗑️ 14 мусор
2026-05-04 19:25:56,159 | INFO     |   → 204/822: ✅ 0 взято | 🗑️ 14 мусор
2026-05-04 19:25:56,159 | INFO     |   → 205/822: ✅ 0 взято | 🗑️ 14 мусор
2026-05-04 19:25:56,159 | INFO     |   → 206/822: ✅ 0 взято | 🗑️ 14 мусор
2026-05-04 19:25:56,159 | INFO     |   → 207/822: ✅ 0 взято | 🗑️ 14 мусор
2026-05-04 19:25:56,159 | INFO     |   → 208/822: ✅ 0 взято | 🗑️ 14 мусор
2026-05-04 19:25:56,159 | INFO     |   → 209/822: ✅ 0 взято | 🗑️ 14 мусор
2026-05-04 19:25:56,159 | INFO     |   → 210/822: ✅ 0 взято | 🗑️ 21 мусор
2026-05-04 19:25:56,159 | INFO     |   → 211/822: ✅ 0 взято | 🗑️ 21 мусор
2026-05-04 19:25:56,159 | INFO     |   → 212/822: ✅ 0 взято | 🗑️ 21 мусор
2026-05-04 19:25:56,159 | INFO     |   → 213/822: ✅ 0 взято | 🗑️ 21 мусор
2026-05-04 19:25:56,159 | INFO     |   → 214/822: ✅ 0 взято | 🗑️ 21 мусор
2026-05-04 19:25:56,159 | INFO     |   → 215/822: ✅ 0 взято | 🗑️ 21 мусор
2026-05-04 19:25:56,159 | INFO     |   → 216/822: ✅ 0 взято | 🗑️ 21 мусор
2026-05-04 19:25:56,159 | INFO     |   → 217/822: ✅ 0 взято | 🗑️ 21 мусор
2026-05-04 19:25:56,159 | INFO     |   → 218/822: ✅ 0 взято | 🗑️ 21 мусор
2026-05-04 19:25:56,159 | INFO     |   → 219/822: ✅ 0 взято | 🗑️ 21 мусор
2026-05-04 19:25:56,159 | INFO     |   → 220/822: ✅ 0 взято | 🗑️ 21 мусор
2026-05-04 19:25:56,159 | INFO     |   → 221/822: ✅ 0 взято | 🗑️ 15 мусор
2026-05-04 19:25:56,159 | INFO     |   → 222/822: ✅ 0 взято | 🗑️ 15 мусор
2026-05-04 19:25:56,160 | INFO     |   → 223/822: ✅ 0 взято | 🗑️ 15 мусор
2026-05-04 19:25:56,160 | INFO     |   → 224/822: ✅ 0 взято | 🗑️ 15 мусор
2026-05-04 19:25:56,160 | INFO     |   → 225/822: ✅ 0 взято | 🗑️ 0 мусор
2026-05-04 19:25:56,160 | INFO     |   → 226/822: ✅ 0 взято | 🗑️ 0 мусор
2026-05-04 19:25:56,160 | INFO     |   → 227/822: ✅ 0 взято | 🗑️ 0 мусор
2026-05-04 19:25:56,160 | INFO     |   → 228/822: ✅ 0 взято | 🗑️ 0 мусор
2026-05-04 19:25:56,160 | INFO     |   → 229/822: ✅ 0 взято | 🗑️ 0 мусор
2026-05-04 19:25:56,160 | INFO     |   → 230/822: ✅ 0 взято | 🗑️ 0 мусор
2026-05-04 19:25:56,160 | INFO     |   → 231/822: ✅ 0 взято | 🗑️ 0 мусор
2026-05-04 19:25:56,160 | INFO     |   → 232/822: ✅ 0 взято | 🗑️ 0 мусор
2026-05-04 19:25:56,160 | INFO     |   → 233/822: ✅ 0 взято | 🗑️ 0 мусор
2026-05-04 19:25:56,160 | INFO     |   → 234/822: ✅ 0 взято | 🗑️ 0 мусор
2026-05-04 19:25:56,160 | INFO     |   → 235/822: ✅ 0 взято | 🗑️ 0 мусор
2026-05-04 19:25:56,160 | INFO     |   → 236/822: ✅ 0 взято | 🗑️ 0 мусор
2026-05-04 19:25:56,160 | INFO     |   → 237/822 ❌ HTTP 404 — https://raw.githubusercontent.com/10ium/MihomoSaz/main/Sublist/shatakvpn.yaml4_Sub.txt
2026-05-04 19:25:56,160 | INFO     |   → 238/822: ✅ 0 взято | 🗑️ 0 мусор
2026-05-04 19:25:56,160 | INFO     |   → 239/822: ✅ 0 взято | 🗑️ 0 мусор
2026-05-04 19:25:56,160 | INFO     |   → 240/822: ✅ 12 взято | 🗑️ 38 мусор
2026-05-04 19:25:56,160 | INFO     |   → 241/822: ✅ 0 взято | 🗑️ 0 мусор
2026-05-04 19:25:56,160 | INFO     |   → 242/822: ✅ 0 взято | 🗑️ 0 мусор
2026-05-04 19:25:56,160 | INFO     |   → 243/822: ✅ 11 взято | 🗑️ 399 мусор
2026-05-04 19:25:56,161 | INFO     |   → 244/822: ✅ 0 взято | 🗑️ 0 мусор
2026-05-04 19:25:56,161 | INFO     |   → 245/822 ❌ HTTP 404 — https://raw.githubusercontent.com/9Fork/openit/main/Clash.yaml
2026-05-04 19:25:56,161 | INFO     |   → 246/822: ✅ 100 взято | 🗑️ 381 мусор
2026-05-04 19:25:56,161 | INFO     |   → 247/822: ✅ 0 взято | 🗑️ 381 мусор
2026-05-04 19:25:56,161 | INFO     |   → 248/822: ✅ 19 взято | 🗑️ 81 мусор
2026-05-04 19:25:56,161 | INFO     |   → 249/822: ✅ 11 взято | 🗑️ 87 мусор
2026-05-04 19:25:56,161 | INFO     |   → 250/822: ✅ 27 взято | 🗑️ 73 мусор
2026-05-04 19:25:56,161 | INFO     |   → 251/822: ✅ 13 взято | 🗑️ 75 мусор
2026-05-04 19:25:56,161 | INFO     |   → 252/822: ✅ 10 взято | 🗑️ 83 мусор
2026-05-04 19:25:56,161 | INFO     |   → 253/822: ✅ 12 взято | 🗑️ 86 мусор
2026-05-04 19:25:56,161 | INFO     |   → 254/822: ✅ 11 взято | 🗑️ 87 мусор
2026-05-04 19:25:56,161 | INFO     |   → 255/822: ✅ 11 взято | 🗑️ 80 мусор
2026-05-04 19:25:56,161 | INFO     |   → 256/822: ✅ 9 взято | 🗑️ 82 мусор
2026-05-04 19:25:56,161 | INFO     |   → 257/822: ✅ 69 взято | 🗑️ 3 мусор
2026-05-04 19:25:56,161 | INFO     |   → 258/822: ✅ 3 взято | 🗑️ 75 мусор
2026-05-04 19:25:56,161 | INFO     |   → 259/822: ✅ 4 взято | 🗑️ 69 мусор
2026-05-04 19:25:56,161 | INFO     |   → 260/822: ✅ 4 взято | 🗑️ 80 мусор
2026-05-04 19:25:56,161 | INFO     |   → 261/822: ✅ 6 взято | 🗑️ 81 мусор
2026-05-04 19:25:56,161 | INFO     |   → 262/822: ✅ 5 взято | 🗑️ 79 мусор
2026-05-04 19:25:56,162 | INFO     |   → 263/822: ✅ 11 взято | 🗑️ 78 мусор
2026-05-04 19:25:56,162 | INFO     |   → 264/822: ✅ 3 взято | 🗑️ 83 мусор
2026-05-04 19:25:56,162 | INFO     |   → 265/822: ✅ 14 взято | 🗑️ 76 мусор
2026-05-04 19:25:56,162 | INFO     |   → 266/822: ✅ 12 взято | 🗑️ 78 мусор
2026-05-04 19:25:56,162 | INFO     |   → 267/822: ✅ 26 взято | 🗑️ 218 мусор
2026-05-04 19:25:56,162 | INFO     |   → 268/822: ✅ 44 взято | 🗑️ 141 мусор
2026-05-04 19:25:56,162 | INFO     |   → 269/822: ✅ 10 взято | 🗑️ 71 мусор
2026-05-04 19:25:56,162 | INFO     |   → 270/822: ✅ 2 взято | 🗑️ 88 мусор
2026-05-04 19:25:56,162 | INFO     |   → 271/822: ✅ 0 взято | 🗑️ 3 мусор
2026-05-04 19:25:56,162 | INFO     |   → 272/822: ✅ 14 взято | 🗑️ 4 мусор
2026-05-04 19:25:56,162 | INFO     |   → 273/822: ✅ 674 взято | 🗑️ 2546 мусор
2026-05-04 19:25:56,162 | INFO     |   → 274/822 ❌ HTTP 404 — https://raw.githubusercontent.com/Alvin9999/pac2/master/clash/1/config.yaml
2026-05-04 19:25:56,162 | INFO     |   → 275/822 ❌ HTTP 404 — https://raw.githubusercontent.com/AmirHDevo/temp2/7f15e7ddb311a6f8c5ab338bd1af0e1f2136a84b/configs.txt
2026-05-04 19:25:56,162 | INFO     |   → 276/822: ✅ 36 взято | 🗑️ 44 мусор
2026-05-04 19:25:56,162 | INFO     |   → 277/822: ✅ 1038 взято | 🗑️ 20383 мусор
2026-05-04 19:25:56,162 | INFO     |   → 278/822: ✅ 5 взято | 🗑️ 47 мусор
2026-05-04 19:25:56,162 | INFO     |   → 279/822: ✅ 4 взято | 🗑️ 57 мусор
2026-05-04 19:25:56,162 | INFO     |   → 280/822: ✅ 21 взято | 🗑️ 107 мусор
2026-05-04 19:25:56,162 | INFO     |   → 281/822: ✅ 78 взято | 🗑️ 347 мусор
2026-05-04 19:25:56,163 | INFO     |   → 282/822: ✅ 0 взято | 🗑️ 1373 мусор
2026-05-04 19:25:56,163 | INFO     |   → 283/822: ✅ 339 взято | 🗑️ 1542 мусор
2026-05-04 19:25:56,163 | INFO     |   → 284/822: ✅ 0 взято | 🗑️ 6 мусор
2026-05-04 19:25:56,163 | INFO     |   → 285/822: ✅ 0 взято | 🗑️ 0 мусор
2026-05-04 19:25:56,163 | INFO     |   → 286/822: ✅ 1 взято | 🗑️ 235 мусор
2026-05-04 19:25:56,163 | INFO     |   → 287/822: ✅ 0 взято | 🗑️ 16 мусор
2026-05-04 19:25:56,163 | INFO     |   → 288/822: ✅ 0 взято | 🗑️ 0 мусор
2026-05-04 19:25:56,163 | INFO     |   → 289/822: ✅ 0 взято | 🗑️ 14 мусор
2026-05-04 19:25:56,163 | INFO     |   → 290/822: ✅ 0 взято | 🗑️ 0 мусор
2026-05-04 19:25:56,163 | INFO     |   → 291/822: ✅ 0 взято | 🗑️ 15 мусор
2026-05-04 19:25:56,163 | INFO     |   → 292/822: ✅ 0 взято | 🗑️ 0 мусор
2026-05-04 19:25:56,163 | INFO     |   → 293/822: ✅ 0 взято | 🗑️ 15 мусор
2026-05-04 19:25:56,163 | INFO     |   → 294/822: ✅ 0 взято | 🗑️ 0 мусор
2026-05-04 19:25:56,163 | INFO     |   → 295/822: ✅ 0 взято | 🗑️ 15 мусор
2026-05-04 19:25:56,163 | INFO     |   → 296/822: ✅ 0 взято | 🗑️ 0 мусор
2026-05-04 19:25:56,163 | INFO     |   → 297/822: ✅ 0 взято | 🗑️ 15 мусор
2026-05-04 19:25:56,163 | INFO     |   → 298/822: ✅ 0 взято | 🗑️ 0 мусор
2026-05-04 19:25:56,163 | INFO     |   → 299/822: ✅ 0 взято | 🗑️ 135 мусор
2026-05-04 19:25:56,163 | INFO     |   → 300/822: ✅ 0 взято | 🗑️ 0 мусор
2026-05-04 19:25:56,164 | INFO     |   → 301/822: ✅ 5 взято | 🗑️ 76 мусор
2026-05-04 19:25:56,164 | INFO     |   → 302/822: ✅ 80 взято | 🗑️ 1110 мусор
2026-05-04 19:25:56,164 | INFO     |   → 303/822: ✅ 5 взято | 🗑️ 13 мусор
2026-05-04 19:25:56,164 | INFO     |   → 304/822 ❌ HTTP 404 — https://raw.githubusercontent.com/Epodonios/bulk-xray-v2ray-vless-vmess-...-configs/main/sub/Austria/config.txt
2026-05-04 19:25:56,164 | INFO     |   → 305/822 ❌ HTTP 404 — https://raw.githubusercontent.com/Epodonios/bulk-xray-v2ray-vless-vmess-...-configs/main/sub/Canada/config.txt
2026-05-04 19:25:56,164 | INFO     |   → 306/822 ❌ HTTP 404 — https://raw.githubusercontent.com/Epodonios/bulk-xray-v2ray-vless-vmess-...-configs/main/sub/Costa%20Rica/config.txt
2026-05-04 19:25:56,164 | INFO     |   → 307/822 ❌ HTTP 404 — https://raw.githubusercontent.com/Epodonios/bulk-xray-v2ray-vless-vmess-...-configs/main/sub/France/config.txt
2026-05-04 19:25:56,164 | INFO     |   → 308/822 ❌ HTTP 404 — https://raw.githubusercontent.com/Epodonios/bulk-xray-v2ray-vless-vmess-...-configs/main/sub/Germany/config.txt
2026-05-04 19:25:56,164 | INFO     |   → 309/822 ❌ HTTP 404 — https://raw.githubusercontent.com/Epodonios/bulk-xray-v2ray-vless-vmess-...-configs/main/sub/Indonesia/config.txt
2026-05-04 19:25:56,164 | INFO     |   → 310/822 ❌ HTTP 404 — https://raw.githubusercontent.com/Epodonios/bulk-xray-v2ray-vless-vmess-...-configs/main/sub/Ireland/config.txt
2026-05-04 19:25:56,164 | INFO     |   → 311/822 ❌ HTTP 404 — https://raw.githubusercontent.com/Epodonios/bulk-xray-v2ray-vless-vmess-...-configs/main/sub/Republic%20of%20Lithuania/config.txt
2026-05-04 19:25:56,164 | INFO     |   → 312/822 ❌ HTTP 404 — https://raw.githubusercontent.com/Epodonios/bulk-xray-v2ray-vless-vmess-...-configs/main/sub/South%20Africa/config.txt
2026-05-04 19:25:56,164 | INFO     |   → 313/822 ❌ HTTP 404 — https://raw.githubusercontent.com/Epodonios/bulk-xray-v2ray-vless-vmess-...-configs/main/sub/Sweden/config.txt
2026-05-04 19:25:56,164 | INFO     |   → 314/822 ❌ HTTP 404 — https://raw.githubusercontent.com/Epodonios/bulk-xray-v2ray-vless-vmess-...-configs/main/sub/Turkey/config.txt
2026-05-04 19:25:56,164 | INFO     |   → 315/822 ❌ HTTP 404 — https://raw.githubusercontent.com/Epodonios/bulk-xray-v2ray-vless-vmess-...-configs/main/sub/United%20Arab%20Emirates/config.txt
2026-05-04 19:25:56,164 | INFO     |   → 316/822 ❌ HTTP 404 — https://raw.githubusercontent.com/Epodonios/bulk-xray-v2ray-vless-vmess-...-configs/main/sub/United%20Kingdom/config.txt
2026-05-04 19:25:56,164 | INFO     |   → 317/822 ❌ HTTP 404 — https://raw.githubusercontent.com/Epodonios/bulk-xray-v2ray-vless-vmess-...-configs/main/sub/United%20States/config.txt
2026-05-04 19:25:56,164 | INFO     |   → 318/822: ✅ 318 взято | 🗑️ 3762 мусор
2026-05-04 19:25:56,165 | INFO     |   → 319/822 ❌ HTTP 404 — https://raw.githubusercontent.com/Epodonios/v2ray-configs/main/Splitted-By-Protocol/mix.txt
2026-05-04 19:25:56,165 | INFO     |   → 320/822: ✅ 3 взято | 🗑️ 328 мусор
2026-05-04 19:25:56,165 | INFO     |   → 321/822: ✅ 0 взято | 🗑️ 0 мусор
2026-05-04 19:25:56,165 | INFO     |   → 322/822: ✅ 4 взято | 🗑️ 235 мусор
2026-05-04 19:25:56,165 | INFO     |   → 323/822: ✅ 14 взято | 🗑️ 2559 мусор
2026-05-04 19:25:56,165 | INFO     |   → 324/822: ✅ 1 взято | 🗑️ 544 мусор
2026-05-04 19:25:56,165 | INFO     |   → 325/822 ❌ HTTP 404 — https://raw.githubusercontent.com/Epodonios/v2ray-configs/raw/main/Splitted-By-Protocol/trojan.txt
2026-05-04 19:25:56,165 | INFO     |   → 326/822 ❌ HTTP 404 — https://raw.githubusercontent.com/Epodonios/v2ray-configs/raw/main/Splitted-By-Protocol/vmess.txt
2026-05-04 19:25:56,165 | INFO     |   → 327/822: ✅ 0 взято | 🗑️ 328 мусор
2026-05-04 19:25:56,165 | INFO     |   → 328/822: ✅ 0 взято | 🗑️ 0 мусор
2026-05-04 19:25:56,165 | INFO     |   → 329/822: ✅ 0 взято | 🗑️ 235 мусор
2026-05-04 19:25:56,165 | INFO     |   → 330/822: ✅ 0 взято | 🗑️ 2559 мусор
2026-05-04 19:25:56,165 | INFO     |   → 331/822: ✅ 0 взято | 🗑️ 544 мусор
2026-05-04 19:25:56,165 | INFO     |   → 332/822 ❌ HTTP 404 — https://raw.githubusercontent.com/Fido6/FreeNodes/57221e59caddde55ffdda21d491ae952cd608049/nodes/halekj.txt
2026-05-04 19:25:56,165 | INFO     |   → 333/822 ❌ HTTP 404 — https://raw.githubusercontent.com/Fido6/FreeNodes/57221e59caddde55ffdda21d491ae952cd608049/nodes/kkzui.txt
2026-05-04 19:25:56,165 | INFO     |   → 334/822 ❌ HTTP 404 — https://raw.githubusercontent.com/Fido6/FreeNodes/57221e59caddde55ffdda21d491ae952cd608049/nodes/wenode.txt
2026-05-04 19:25:56,165 | INFO     |   → 335/822: ✅ 0 взято | 🗑️ 0 мусор
2026-05-04 19:25:56,165 | INFO     |   → 336/822: ✅ 0 взято | 🗑️ 0 мусор
2026-05-04 19:25:56,165 | INFO     |   → 337/822: ✅ 14 взято | 🗑️ 250 мусор
2026-05-04 19:25:56,165 | INFO     |   → 338/822: ✅ 2 взято | 🗑️ 11 мусор
2026-05-04 19:25:56,165 | INFO     |   → 339/822: ✅ 1 взято | 🗑️ 17 мусор
2026-05-04 19:25:56,166 | INFO     |   → 340/822: ✅ 4 взято | 🗑️ 11 мусор
2026-05-04 19:25:56,166 | INFO     |   → 341/822: ✅ 0 взято | 🗑️ 0 мусор
2026-05-04 19:25:56,166 | INFO     |   → 342/822: ✅ 0 взято | 🗑️ 137 мусор
2026-05-04 19:25:56,166 | INFO     |   → 343/822: ✅ 0 взято | 🗑️ 32 мусор
2026-05-04 19:25:56,166 | INFO     |   → 344/822: ✅ 2 взято | 🗑️ 19 мусор
2026-05-04 19:25:56,166 | INFO     |   → 345/822: ✅ 0 взято | 🗑️ 43 мусор
2026-05-04 19:25:56,166 | INFO     |   → 346/822: ✅ 0 взято | 🗑️ 43 мусор
2026-05-04 19:25:56,166 | INFO     |   → 347/822 ❌ HTTP 404 — https://raw.githubusercontent.com/Iran-v2ray/v2ray/main/v2ray
2026-05-04 19:25:56,166 | INFO     |   → 348/822: ✅ 0 взято | 🗑️ 1 мусор
2026-05-04 19:25:56,166 | INFO     |   → 349/822: ✅ 0 взято | 🗑️ 1 мусор
2026-05-04 19:25:56,166 | INFO     |   → 350/822: ✅ 0 взято | 🗑️ 28 мусор
2026-05-04 19:25:56,166 | INFO     |   → 351/822: ✅ 14 взято | 🗑️ 282 мусор
2026-05-04 19:25:56,166 | INFO     |   → 352/822: ✅ 0 взято | 🗑️ 94 мусор
2026-05-04 19:25:56,166 | INFO     |   → 353/822: ✅ 0 взято | 🗑️ 0 мусор
2026-05-04 19:25:56,166 | INFO     |   → 354/822: ✅ 0 взято | 🗑️ 0 мусор
2026-05-04 19:25:56,166 | INFO     |   → 355/822 ❌ HTTP 404 — https://raw.githubusercontent.com/Kwinshadow/TelegramV2rayCollector/raw/refs/heads/main/sublinks/mix.txt
2026-05-04 19:25:56,166 | INFO     |   → 356/822 ❌ HTTP 404 — https://raw.githubusercontent.com/LalatinaHub/Mineral/raw/refs/heads/master/result/nodes
2026-05-04 19:25:56,166 | INFO     |   → 357/822 ❌ HTTP 404 — https://raw.githubusercontent.com/Leon406/SubCrawler/main/sub/share/all3
2026-05-04 19:25:56,166 | INFO     |   → 358/822 ❌ HTTP 404 — https://raw.githubusercontent.com/Leon406/SubCrawler/main/sub/share/all4
2026-05-04 19:25:56,166 | INFO     |   → 359/822: ✅ 4 взято | 🗑️ 335 мусор
2026-05-04 19:25:56,167 | INFO     |   → 360/822: ✅ 0 взято | 🗑️ 33 мусор
2026-05-04 19:25:56,167 | INFO     |   → 361/822: ✅ 0 взято | 🗑️ 6 мусор
2026-05-04 19:25:56,167 | INFO     |   → 362/822: ✅ 0 взято | 🗑️ 147 мусор
2026-05-04 19:25:56,167 | INFO     |   → 363/822 ❌ HTTP 404 — https://raw.githubusercontent.com/M-Mashreghi/free-config-collector/main/Splitted-By-Protocol/ssr.txt
2026-05-04 19:25:56,167 | INFO     |   → 364/822: ✅ 139 взято | 🗑️ 114 мусор
2026-05-04 19:25:56,167 | INFO     |   → 365/822: ✅ 126 взято | 🗑️ 137 мусор
2026-05-04 19:25:56,167 | INFO     |   → 366/822: ✅ 0 взято | 🗑️ 12 мусор
2026-05-04 19:25:56,167 | INFO     |   → 367/822: ✅ 0 взято | 🗑️ 1 мусор
2026-05-04 19:25:56,167 | INFO     |   → 368/822: ✅ 44 взято | 🗑️ 246 мусор
2026-05-04 19:25:56,167 | INFO     |   → 369/822: ✅ 0 взято | 🗑️ 246 мусор
2026-05-04 19:25:56,167 | INFO     |   → 370/822 ❌ HTTP 404 — https://raw.githubusercontent.com/MatinGhanbari/v2ray-configs/main/subscriptions/filtered/subs/hy2.txt
2026-05-04 19:25:56,167 | INFO     |   → 371/822: ✅ 26 взято | 🗑️ 1662 мусор
2026-05-04 19:25:56,167 | INFO     |   → 372/822 ❌ HTTP 404 — https://raw.githubusercontent.com/MatinGhanbari/v2ray-configs/main/subscriptions/filtered/subs/ssr.txt
2026-05-04 19:25:56,167 | INFO     |   → 373/822: ✅ 60 взято | 🗑️ 342 мусор
2026-05-04 19:25:56,167 | INFO     |   → 374/822 ❌ HTTP 404 — https://raw.githubusercontent.com/MatinGhanbari/v2ray-configs/main/subscriptions/filtered/subs/tuic.txt
2026-05-04 19:25:56,167 | INFO     |   → 375/822: ✅ 16 взято | 🗑️ 241 мусор
2026-05-04 19:25:56,167 | INFO     |   → 376/822: ✅ 221 взято | 🗑️ 1361 мусор
2026-05-04 19:25:56,167 | INFO     |   → 377/822: ✅ 0 взято | 🗑️ 2 мусор
2026-05-04 19:25:56,167 | INFO     |   → 378/822: ✅ 153 взято | 🗑️ 799 мусор
2026-05-04 19:25:56,168 | INFO     |   → 379/822: ✅ 0 взято | 🗑️ 410 мусор
2026-05-04 19:25:56,168 | INFO     |   → 380/822: ✅ 0 взято | 🗑️ 410 мусор
2026-05-04 19:25:56,168 | INFO     |   → 381/822: ✅ 1 взято | 🗑️ 24 мусор
2026-05-04 19:25:56,168 | INFO     |   → 382/822: ✅ 0 взято | 🗑️ 2 мусор
2026-05-04 19:25:56,168 | INFO     |   → 383/822: ✅ 0 взято | 🗑️ 290 мусор
2026-05-04 19:25:56,168 | INFO     |   → 384/822: ✅ 0 взято | 🗑️ 81 мусор
2026-05-04 19:25:56,168 | INFO     |   → 385/822 ❌ HTTP 404 — https://raw.githubusercontent.com/MhdiTaheri/V2rayCollector/raw/refs/heads/main/sub/mix
2026-05-04 19:25:56,168 | INFO     |   → 386/822: ✅ 53 взято | 🗑️ 267 мусор
2026-05-04 19:25:56,168 | INFO     |   → 387/822 ❌ HTTP 404 — https://raw.githubusercontent.com/MhdiTaheri/V2rayCollector_Py/raw/refs/heads/main/sub/Mix/mix.txt
2026-05-04 19:25:56,168 | INFO     |   → 388/822: ✅ 0 взято | 🗑️ 0 мусор
2026-05-04 19:25:56,168 | INFO     |   → 389/822: ✅ 43 взято | 🗑️ 217 мусор
2026-05-04 19:25:56,168 | INFO     |   → 390/822: ✅ 0 взято | 🗑️ 31 мусор
2026-05-04 19:25:56,168 | INFO     |   → 391/822: ✅ 93 взято | 🗑️ 282 мусор
2026-05-04 19:25:56,168 | INFO     |   → 392/822: ✅ 0 взято | 🗑️ 26 мусор
2026-05-04 19:25:56,168 | INFO     |   → 393/822 ❌ HTTP 404 — https://raw.githubusercontent.com/MrMohebi/xray-proxy-grabber-telegram/master/collected-proxies/clash-meta/all.yaml
2026-05-04 19:25:56,168 | INFO     |   → 394/822 ❌ HTTP 404 — https://raw.githubusercontent.com/MrMohebi/xray-proxy-grabber-telegram/master/collected-proxies/row-url/actives.txt
2026-05-04 19:25:56,168 | INFO     |   → 395/822 ❌ HTTP 404 — https://raw.githubusercontent.com/MrMohebi/xray-proxy-grabber-telegram/master/collected-proxies/row-url/all.txt
2026-05-04 19:25:56,168 | INFO     |   → 396/822: ✅ 0 взято | 🗑️ 13 мусор
2026-05-04 19:25:56,168 | INFO     |   → 397/822: ✅ 0 взято | 🗑️ 13 мусор
2026-05-04 19:25:56,169 | INFO     |   → 398/822: ✅ 5 взято | 🗑️ 15 мусор
2026-05-04 19:25:56,169 | INFO     |   → 399/822: ✅ 0 взято | 🗑️ 30 мусор
2026-05-04 19:25:56,169 | INFO     |   → 400/822: ✅ 0 взято | 🗑️ 15 мусор
2026-05-04 19:25:56,169 | INFO     |   → 401/822: ✅ 66 взято | 🗑️ 123 мусор
2026-05-04 19:25:56,169 | INFO     |   → 402/822: ✅ 175 взято | 🗑️ 582 мусор
2026-05-04 19:25:56,169 | INFO     |   → 403/822: ✅ 0 взято | 🗑️ 0 мусор
2026-05-04 19:25:56,169 | INFO     |   → 404/822 ❌ HTTP 404 — https://raw.githubusercontent.com/OpenCNLink/freevpn/3cfcff048bfdd1493ccffa52ecf30ce7f9fc6b28/src/list/vmess.txt
2026-05-04 19:25:56,169 | INFO     |   → 405/822 ❌ HTTP 404 — https://raw.githubusercontent.com/Pawdro/Collection/main/sub
2026-05-04 19:25:56,169 | INFO     |   → 406/822: ✅ 0 взято | 🗑️ 9 мусор
2026-05-04 19:25:56,169 | INFO     |   → 407/822: ✅ 0 взято | 🗑️ 9 мусор
2026-05-04 19:25:56,169 | INFO     |   → 408/822: ✅ 0 взято | 🗑️ 0 мусор
2026-05-04 19:25:56,169 | INFO     |   → 409/822: ✅ 0 взято | 🗑️ 0 мусор
2026-05-04 19:25:56,169 | INFO     |   → 410/822: ✅ 0 взято | 🗑️ 50 мусор
2026-05-04 19:25:56,169 | INFO     |   → 411/822: ✅ 5 взято | 🗑️ 206 мусор
2026-05-04 19:25:56,169 | INFO     |   → 412/822: ✅ 21 взято | 🗑️ 138 мусор
2026-05-04 19:25:56,169 | INFO     |   → 413/822: ✅ 23 взято | 🗑️ 89 мусор
2026-05-04 19:25:56,169 | INFO     |   → 414/822: ✅ 9 взято | 🗑️ 85 мусор
2026-05-04 19:25:56,169 | INFO     |   → 415/822: ✅ 0 взято | 🗑️ 129 мусор
2026-05-04 19:25:56,169 | INFO     |   → 416/822: ✅ 0 взято | 🗑️ 81 мусор
2026-05-04 19:25:56,170 | INFO     |   → 417/822 ❌ HTTP 404 — https://raw.githubusercontent.com/STR97/STRUGOV/refs/heads/main/STR.BYPASS
2026-05-04 19:25:56,170 | INFO     |   → 418/822: ✅ 4 взято | 🗑️ 34 мусор
2026-05-04 19:25:56,170 | INFO     |   → 419/822: ✅ 11 взято | 🗑️ 16 мусор
2026-05-04 19:25:56,170 | INFO     |   → 420/822: ✅ 0 взято | 🗑️ 16 мусор
2026-05-04 19:25:56,170 | INFO     |   → 421/822: ✅ 0 взято | 🗑️ 27 мусор
2026-05-04 19:25:56,170 | INFO     |   → 422/822: ✅ 140 взято | 🗑️ 1153 мусор
2026-05-04 19:25:56,170 | INFO     |   → 423/822: ✅ 29 взято | 🗑️ 54 мусор
2026-05-04 19:25:56,170 | INFO     |   → 424/822: ✅ 0 взято | 🗑️ 0 мусор
2026-05-04 19:25:56,170 | INFO     |   → 425/822: ✅ 0 взято | 🗑️ 0 мусор
2026-05-04 19:25:56,170 | INFO     |   → 426/822: ✅ 12 взято | 🗑️ 7 мусор
2026-05-04 19:25:56,170 | INFO     |   → 427/822: ✅ 0 взято | 🗑️ 0 мусор
2026-05-04 19:25:56,170 | INFO     |   → 428/822: ✅ 0 взято | 🗑️ 7 мусор
2026-05-04 19:25:56,170 | INFO     |   → 429/822: ✅ 4 взято | 🗑️ 291 мусор
2026-05-04 19:25:56,170 | INFO     |   → 430/822: ✅ 0 взято | 🗑️ 119 мусор
2026-05-04 19:25:56,170 | INFO     |   → 431/822: ✅ 0 взято | 🗑️ 0 мусор
2026-05-04 19:25:56,170 | INFO     |   → 432/822 ❌ HTTP 404 — https://raw.githubusercontent.com/V2RAYCONFIGSPOOL/V2RAY_SUB/main/V2RAY_SUB.txt
2026-05-04 19:25:56,170 | INFO     |   → 433/822: ✅ 13 взято | 🗑️ 231 мусор
2026-05-04 19:25:56,170 | INFO     |   → 434/822: ✅ 19 взято | 🗑️ 76 мусор
2026-05-04 19:25:56,170 | INFO     |   → 435/822: ✅ 0 взято | 🗑️ 0 мусор
2026-05-04 19:25:56,171 | INFO     |   → 436/822: ✅ 0 взято | 🗑️ 76 мусор
2026-05-04 19:25:56,171 | INFO     |   → 437/822: ✅ 58 взято | 🗑️ 348 мусор
2026-05-04 19:25:56,171 | INFO     |   → 438/822: ✅ 1 взято | 🗑️ 231 мусор
2026-05-04 19:25:56,171 | INFO     |   → 439/822: ✅ 0 взято | 🗑️ 0 мусор
2026-05-04 19:25:56,171 | INFO     |   → 440/822: ✅ 1 взято | 🗑️ 83 мусор
2026-05-04 19:25:56,171 | INFO     |   → 441/822: ✅ 0 взято | 🗑️ 16 мусор
2026-05-04 19:25:56,171 | INFO     |   → 442/822: ✅ 0 взято | 🗑️ 16 мусор
2026-05-04 19:25:56,171 | INFO     |   → 443/822 ❌ HTTP 404 — https://raw.githubusercontent.com/aiboboxx/clashfree/main/clash.yml
2026-05-04 19:25:56,171 | INFO     |   → 444/822 ❌ HTTP 404 — https://raw.githubusercontent.com/aiboboxx/v2rayfree/main/v2
2026-05-04 19:25:56,171 | INFO     |   → 445/822 ❌ HTTP 404 — https://raw.githubusercontent.com/amirmohammad-mohammad-88/Sub-Reality-Azadi-config/Config/Azadi-Reality-Different
2026-05-04 19:25:56,171 | INFO     |   → 446/822 ❌ HTTP 404 — https://raw.githubusercontent.com/amirmohammad-mohammad-88/Sub-Reality-Azadi-config/Config/Azadi-Reality-Different-Base64
2026-05-04 19:25:56,171 | INFO     |   → 447/822: ✅ 1 взято | 🗑️ 17 мусор
2026-05-04 19:25:56,171 | INFO     |   → 448/822: ✅ 0 взято | 🗑️ 0 мусор
2026-05-04 19:25:56,171 | INFO     |   → 449/822: ✅ 4 взято | 🗑️ 114 мусор
2026-05-04 19:25:56,171 | INFO     |   → 450/822: ✅ 23 взято | 🗑️ 82 мусор
2026-05-04 19:25:56,171 | INFO     |   → 451/822 ❌ HTTP 404 — https://raw.githubusercontent.com/awesome-vpn/awesome-vpn/master/ss
2026-05-04 19:25:56,171 | INFO     |   → 452/822 ❌ HTTP 404 — https://raw.githubusercontent.com/awesome-vpn/awesome-vpn/master/ssr
2026-05-04 19:25:56,171 | INFO     |   → 453/822: ✅ 0 взято | 🗑️ 0 мусор
2026-05-04 19:25:56,172 | INFO     |   → 454/822: ✅ 1 взято | 🗑️ 22 мусор
2026-05-04 19:25:56,172 | INFO     |   → 455/822: ✅ 0 взято | 🗑️ 141 мусор
2026-05-04 19:25:56,172 | INFO     |   → 456/822 ❌ HTTP 404 — https://raw.githubusercontent.com/barry-far/V2ray-Configs/ced94ddfff48276ec365b40227561f36b1b64bc8/Sub5.txt
2026-05-04 19:25:56,172 | INFO     |   → 457/822 ❌ HTTP 404 — https://raw.githubusercontent.com/barry-far/V2ray-Configs/main/Splitted-By-Protocol/hysteria2.txt
2026-05-04 19:25:56,172 | INFO     |   → 458/822 ❌ HTTP 404 — https://raw.githubusercontent.com/barry-far/V2ray-Configs/main/Splitted-By-Protocol/vless.txt
2026-05-04 19:25:56,172 | INFO     |   → 459/822 ❌ HTTP 404 — https://raw.githubusercontent.com/barry-far/V2ray-Configs/main/Sub1.txt
2026-05-04 19:25:56,172 | INFO     |   → 460/822 ❌ HTTP 404 — https://raw.githubusercontent.com/barry-far/V2ray-Configs/refs/heads/main/All_Configs_Sub.txt
2026-05-04 19:25:56,172 | INFO     |   → 461/822: ✅ 0 взято | 🗑️ 0 мусор
2026-05-04 19:25:56,172 | INFO     |   → 462/822 ❌ HTTP 404 — https://raw.githubusercontent.com/budamu/clashconfig/main/v2ray.txt
2026-05-04 19:25:56,172 | INFO     |   → 463/822 ❌ HTTP 404 — https://raw.githubusercontent.com/budamu/clashconfig/main/v2ray2.txt
2026-05-04 19:25:56,172 | INFO     |   → 464/822: ✅ 0 взято | 🗑️ 0 мусор
2026-05-04 19:25:56,172 | INFO     |   → 465/822: ✅ 0 взято | 🗑️ 442 мусор
2026-05-04 19:25:56,172 | INFO     |   → 466/822: ✅ 0 взято | 🗑️ 0 мусор
2026-05-04 19:25:56,172 | INFO     |   → 467/822 ❌ HTTP 404 — https://raw.githubusercontent.com/chxxyz2004/zd/17fca23b73c46b5dd73e9be49b14d219b5e5f836/sub/2401/240110.txt
2026-05-04 19:25:56,172 | INFO     |   → 468/822: ✅ 0 взято | 🗑️ 44 мусор
2026-05-04 19:25:56,172 | INFO     |   → 469/822: ✅ 236 взято | 🗑️ 517 мусор
2026-05-04 19:25:56,172 | INFO     |   → 470/822 ❌ HTTP 404 — https://raw.githubusercontent.com/cxr9912/cxr2022/main/free.yaml
2026-05-04 19:25:56,172 | INFO     |   → 471/822 ❌ HTTP 404 — https://raw.githubusercontent.com/cxr9912/cxr2022/main/mix.yaml
2026-05-04 19:25:56,172 | INFO     |   → 472/822 ❌ HTTP 404 — https://raw.githubusercontent.com/cxr9912/cxr2022/main/ss.yaml
2026-05-04 19:25:56,173 | INFO     |   → 473/822 ❌ HTTP 404 — https://raw.githubusercontent.com/cxr9912/cxr2022/main/ssr.yaml
2026-05-04 19:25:56,173 | INFO     |   → 474/822 ❌ HTTP 404 — https://raw.githubusercontent.com/cxr9912/cxr2022/main/vmess.yaml
2026-05-04 19:25:56,173 | INFO     |   → 475/822 ❌ HTTP 404 — https://raw.githubusercontent.com/cxr9912/cxr2022/refs/heads/main/18cj.json
2026-05-04 19:25:56,173 | INFO     |   → 476/822 ❌ HTTP 404 — https://raw.githubusercontent.com/cxr9912/cxr2022/refs/heads/main/aaaaaaaa.yaml
2026-05-04 19:25:56,173 | INFO     |   → 477/822 ❌ HTTP 404 — https://raw.githubusercontent.com/cxr9912/cxr2022/refs/heads/main/free.yaml
2026-05-04 19:25:56,173 | INFO     |   → 478/822 ❌ HTTP 404 — https://raw.githubusercontent.com/cxr9912/cxr2022/refs/heads/main/ss2088.txt
2026-05-04 19:25:56,173 | INFO     |   → 479/822: ✅ 0 взято | 🗑️ 18 мусор
2026-05-04 19:25:56,173 | INFO     |   → 480/822: ✅ 0 взято | 🗑️ 18 мусор
2026-05-04 19:25:56,173 | INFO     |   → 481/822: ✅ 6 взято | 🗑️ 78 мусор
2026-05-04 19:25:56,173 | INFO     |   → 482/822: ✅ 6 взято | 🗑️ 4 мусор
2026-05-04 19:25:56,173 | INFO     |   → 483/822: ✅ 0 взято | 🗑️ 2 мусор
2026-05-04 19:25:56,173 | INFO     |   → 484/822: ✅ 0 взято | 🗑️ 2 мусор
2026-05-04 19:25:56,173 | INFO     |   → 485/822: ✅ 0 взято | 🗑️ 2 мусор
2026-05-04 19:25:56,173 | INFO     |   → 486/822: ✅ 0 взято | 🗑️ 3 мусор
2026-05-04 19:25:56,173 | INFO     |   → 487/822: ✅ 0 взято | 🗑️ 2 мусор
2026-05-04 19:25:56,173 | INFO     |   → 488/822: ✅ 0 взято | 🗑️ 9 мусор
2026-05-04 19:25:56,173 | INFO     |   → 489/822: ✅ 1 взято | 🗑️ 1 мусор
2026-05-04 19:25:56,173 | INFO     |   → 490/822: ✅ 0 взято | 🗑️ 10 мусор
2026-05-04 19:25:56,173 | INFO     |   → 491/822: ✅ 0 взято | 🗑️ 2 мусор
2026-05-04 19:25:56,174 | INFO     |   → 492/822: ✅ 0 взято | 🗑️ 0 мусор
2026-05-04 19:25:56,174 | INFO     |   → 493/822: ✅ 101 взято | 🗑️ 3403 мусор
2026-05-04 19:25:56,174 | INFO     |   → 494/822: ✅ 53 взято | 🗑️ 86 мусор
2026-05-04 19:25:56,174 | INFO     |   → 495/822: ✅ 6 взято | 🗑️ 113 мусор
2026-05-04 19:25:56,174 | INFO     |   → 496/822: ✅ 0 взято | 🗑️ 0 мусор
2026-05-04 19:25:56,174 | INFO     |   → 497/822: ✅ 1 взято | 🗑️ 25 мусор
2026-05-04 19:25:56,174 | INFO     |   → 498/822: ✅ 0 взято | 🗑️ 0 мусор
2026-05-04 19:25:56,174 | INFO     |   → 499/822: ✅ 13 взято | 🗑️ 19 мусор
2026-05-04 19:25:56,174 | INFO     |   → 500/822: ✅ 0 взято | 🗑️ 5 мусор
2026-05-04 19:25:56,174 | INFO     |   → 501/822: ✅ 2 взято | 🗑️ 80 мусор
2026-05-04 19:25:56,174 | INFO     |   → 502/822 ❌ HTTP 404 — https://raw.githubusercontent.com/free-nodes/v2rayfree/main/v2
2026-05-04 19:25:56,174 | INFO     |   → 503/822 ❌ HTTP 404 — https://raw.githubusercontent.com/free-v2ray-config/trojan/main/trojan.txt
2026-05-04 19:25:56,174 | INFO     |   → 504/822 ❌ HTTP 404 — https://raw.githubusercontent.com/free-v2ray-config/vless/main/vless.txt
2026-05-04 19:25:56,174 | INFO     |   → 505/822 ❌ HTTP 404 — https://raw.githubusercontent.com/free-v2ray-config/vmess/main/vmess.txt
2026-05-04 19:25:56,174 | INFO     |   → 506/822: ✅ 5 взято | 🗑️ 169 мусор
2026-05-04 19:25:56,174 | INFO     |   → 507/822: ✅ 34 взято | 🗑️ 121 мусор
2026-05-04 19:25:56,174 | INFO     |   → 508/822: ✅ 4 взято | 🗑️ 97 мусор
2026-05-04 19:25:56,174 | INFO     |   → 509/822 ❌ HTTP 404 — https://raw.githubusercontent.com/free18/v2ray/main/Clash.yaml
2026-05-04 19:25:56,174 | INFO     |   → 510/822: ✅ 0 взято | 🗑️ 0 мусор
2026-05-04 19:25:56,175 | INFO     |   → 511/822: ✅ 0 взято | 🗑️ 15 мусор
2026-05-04 19:25:56,175 | INFO     |   → 512/822: ✅ 0 взято | 🗑️ 0 мусор
2026-05-04 19:25:56,175 | INFO     |   → 513/822: ✅ 0 взято | 🗑️ 8 мусор
2026-05-04 19:25:56,175 | INFO     |   → 514/822: ✅ 0 взято | 🗑️ 8 мусор
2026-05-04 19:25:56,175 | INFO     |   → 515/822: ✅ 0 взято | 🗑️ 8 мусор
2026-05-04 19:25:56,175 | INFO     |   → 516/822: ✅ 0 взято | 🗑️ 8 мусор
2026-05-04 19:25:56,175 | INFO     |   → 517/822 ❌ HTTP 404 — https://raw.githubusercontent.com/freev2rayconfig/V2RAY_SUB/3e6a7786a1601ee3723e8d043ae79e70dbdfd9a8/v2rayconfigs.txt
2026-05-04 19:25:56,175 | INFO     |   → 518/822 ❌ HTTP 404 — https://raw.githubusercontent.com/freev2rayconfig/V2RAY_SUBSCRIPTION_LINK/main/v2rayconfigs.txt
2026-05-04 19:25:56,175 | INFO     |   → 519/822 ❌ HTTP 404 — https://raw.githubusercontent.com/gfpcom/free-proxy-list/main/list/http.txt
2026-05-04 19:25:56,175 | INFO     |   → 520/822 ❌ HTTP 404 — https://raw.githubusercontent.com/gfpcom/free-proxy-list/main/list/https.txt
2026-05-04 19:25:56,175 | INFO     |   → 521/822 ❌ HTTP 404 — https://raw.githubusercontent.com/gfpcom/free-proxy-list/main/list/socks4.txt
2026-05-04 19:25:56,175 | INFO     |   → 522/822 ❌ HTTP 404 — https://raw.githubusercontent.com/gfpcom/free-proxy-list/main/list/socks4a.txt
2026-05-04 19:25:56,175 | INFO     |   → 523/822 ❌ HTTP 404 — https://raw.githubusercontent.com/gfpcom/free-proxy-list/main/list/socks5.txt
2026-05-04 19:25:56,175 | INFO     |   → 524/822 ❌ HTTP 404 — https://raw.githubusercontent.com/gfpcom/free-proxy-list/main/list/socks5h.txt
2026-05-04 19:25:56,175 | INFO     |   → 525/822 ❌ HTTP 404 — https://raw.githubusercontent.com/gfpcom/free-proxy-list/main/list/ss.txt
2026-05-04 19:25:56,175 | INFO     |   → 526/822 ❌ HTTP 404 — https://raw.githubusercontent.com/gfpcom/free-proxy-list/main/list/ssr.txt
2026-05-04 19:25:56,175 | INFO     |   → 527/822 ❌ HTTP 404 — https://raw.githubusercontent.com/gfpcom/free-proxy-list/main/list/trojan.txt
2026-05-04 19:25:56,176 | INFO     |   → 528/822 ❌ HTTP 404 — https://raw.githubusercontent.com/gfpcom/free-proxy-list/main/list/vless.txt
2026-05-04 19:25:56,176 | INFO     |   → 529/822 ❌ HTTP 404 — https://raw.githubusercontent.com/gfpcom/free-proxy-list/main/list/vmess.txt
2026-05-04 19:25:56,176 | INFO     |   → 530/822: ✅ 0 взято | 🗑️ 17 мусор
2026-05-04 19:25:56,176 | INFO     |   → 531/822: ✅ 0 взято | 🗑️ 0 мусор
2026-05-04 19:25:56,176 | INFO     |   → 532/822: ✅ 4 взято | 🗑️ 63 мусор
2026-05-04 19:25:56,176 | INFO     |   → 533/822 ❌ HTTP 404 — https://raw.githubusercontent.com/hameed-maleki/TVC/89a4522969c57dcc22458cae9898426e5c4f2679/lite/config.txt
2026-05-04 19:25:56,176 | INFO     |   → 534/822: ✅ 5 взято | 🗑️ 132 мусор
2026-05-04 19:25:56,176 | INFO     |   → 535/822: ✅ 0 взято | 🗑️ 56 мусор
2026-05-04 19:25:56,176 | INFO     |   → 536/822 ❌ HTTP 404 — https://raw.githubusercontent.com/hkaa0/permalink/main/proxy/V2ray
2026-05-04 19:25:56,176 | INFO     |   → 537/822 ❌ HTTP 404 — https://raw.githubusercontent.com/hkaa0/permalink/main/proxy/clash
2026-05-04 19:25:56,176 | INFO     |   → 538/822 ❌ HTTP 404 — https://raw.githubusercontent.com/hkpc/Autoproxy/6cf946ddfc677a29062007e4b47d70674474baa7/sub/2401/240110.txt
2026-05-04 19:25:56,176 | INFO     |   → 539/822 ❌ HTTP 404 — https://raw.githubusercontent.com/hkpc/V2ray-Configs/7d9aa0dabf947af180a7dd6302818ed37950531a/Sub1.txt
2026-05-04 19:25:56,176 | INFO     |   → 540/822: ✅ 0 взято | 🗑️ 14 мусор
2026-05-04 19:25:56,176 | INFO     |   → 541/822: ✅ 16 взято | 🗑️ 16 мусор
2026-05-04 19:25:56,176 | INFO     |   → 542/822 ❌ HTTP 404 — https://raw.githubusercontent.com/iboxz/free-v2ray-collector/main/main
2026-05-04 19:25:56,176 | INFO     |   → 543/822: ✅ 14 взято | 🗑️ 13 мусор
2026-05-04 19:25:56,176 | INFO     |   → 544/822: ✅ 9 взято | 🗑️ 10 мусор
2026-05-04 19:25:56,176 | INFO     |   → 545/822: ✅ 58 взято | 🗑️ 259 мусор
2026-05-04 19:25:56,176 | INFO     |   → 546/822 ❌ HTTP 404 — https://raw.githubusercontent.com/igareck/vpn-configs-for-russia/refs/heads/main/Vless-Reality-White-Lists-Rus-Cable.txt
2026-05-04 19:25:56,177 | INFO     |   → 547/822: ✅ 140 взято | 🗑️ 10 мусор
2026-05-04 19:25:56,177 | INFO     |   → 548/822: ✅ 0 взято | 🗑️ 0 мусор
2026-05-04 19:25:56,177 | INFO     |   → 549/822: ✅ 0 взято | 🗑️ 0 мусор
2026-05-04 19:25:56,177 | INFO     |   → 550/822: ✅ 23 взято | 🗑️ 9 мусор
2026-05-04 19:25:56,177 | INFO     |   → 551/822: ✅ 0 взято | 🗑️ 0 мусор
2026-05-04 19:25:56,177 | INFO     |   → 552/822: ✅ 0 взято | 🗑️ 0 мусор
2026-05-04 19:25:56,177 | INFO     |   → 553/822: ✅ 0 взято | 🗑️ 12 мусор
2026-05-04 19:25:56,177 | INFO     |   → 554/822: ✅ 0 взято | 🗑️ 43 мусор
2026-05-04 19:25:56,177 | INFO     |   → 555/822 ❌ HTTP 404 — https://raw.githubusercontent.com/jw853355718/clash_233/master/config.yml
2026-05-04 19:25:56,177 | INFO     |   → 556/822: ✅ 0 взято | 🗑️ 210 мусор
2026-05-04 19:25:56,177 | INFO     |   → 557/822: ✅ 0 взято | 🗑️ 0 мусор
2026-05-04 19:25:56,177 | INFO     |   → 558/822: ✅ 0 взято | 🗑️ 0 мусор
2026-05-04 19:25:56,177 | INFO     |   → 559/822 ❌ HTTP 404 — https://raw.githubusercontent.com/lcx12901/v2ray-/master/sspool.herokuapp.com/yzcloud.yaml
2026-05-04 19:25:56,177 | INFO     |   → 560/822 ❌ HTTP 404 — https://raw.githubusercontent.com/lcx12901/v2ray-/master/sspool.herokuapp.com/yzcloud2.yaml
2026-05-04 19:25:56,177 | INFO     |   → 561/822: ✅ 0 взято | 🗑️ 0 мусор
2026-05-04 19:25:56,177 | INFO     |   → 562/822 ❌ HTTP 404 — https://raw.githubusercontent.com/learnhard-cn/free_proxy_ss/main/clash/config.yaml
2026-05-04 19:25:56,177 | INFO     |   → 563/822: ✅ 0 взято | 🗑️ 8 мусор
2026-05-04 19:25:56,177 | INFO     |   → 564/822: ✅ 0 взято | 🗑️ 4 мусор
2026-05-04 19:25:56,177 | INFO     |   → 565/822: ✅ 0 взято | 🗑️ 0 мусор
2026-05-04 19:25:56,178 | INFO     |   → 566/822: ✅ 0 взято | 🗑️ 4 мусор
2026-05-04 19:25:56,178 | INFO     |   → 567/822: ✅ 0 взято | 🗑️ 149 мусор
2026-05-04 19:25:56,178 | INFO     |   → 568/822: ✅ 0 взято | 🗑️ 421 мусор
2026-05-04 19:25:56,178 | INFO     |   → 569/822 ❌ HTTP 404 — https://raw.githubusercontent.com/lisylva-lee/v2dyku/main/ssr
2026-05-04 19:25:56,178 | INFO     |   → 570/822 ❌ HTTP 404 — https://raw.githubusercontent.com/lisylva-lee/v2dyku/main/v2dy
2026-05-04 19:25:56,178 | INFO     |   → 571/822: ✅ 0 взято | 🗑️ 53 мусор
2026-05-04 19:25:56,178 | INFO     |   → 572/822 ❌ HTTP 404 — https://raw.githubusercontent.com/luxl-1379/merge/77247d23def72b25226dfa741614e9b07a569c72/sub/sub_merge_base64.txt
2026-05-04 19:25:56,178 | INFO     |   → 573/822: ✅ 146 взято | 🗑️ 343 мусор
2026-05-04 19:25:56,178 | INFO     |   → 574/822: ✅ 0 взято | 🗑️ 134 мусор
2026-05-04 19:25:56,178 | INFO     |   → 575/822: ✅ 930 взято | 🗑️ 3926 мусор
2026-05-04 19:25:56,178 | INFO     |   → 576/822: ✅ 0 взято | 🗑️ 0 мусор
2026-05-04 19:25:56,178 | INFO     |   → 577/822: ✅ 0 взято | 🗑️ 3926 мусор
2026-05-04 19:25:56,178 | INFO     |   → 578/822: ✅ 20 взято | 🗑️ 370 мусор
2026-05-04 19:25:56,178 | INFO     |   → 579/822 ❌ HTTP 404 — https://raw.githubusercontent.com/mermeroo/Clash-V2ray/main/v2ray
2026-05-04 19:25:56,178 | INFO     |   → 580/822: ✅ 15 взято | 🗑️ 417 мусор
2026-05-04 19:25:56,178 | INFO     |   → 581/822: ✅ 6 взято | 🗑️ 102 мусор
2026-05-04 19:25:56,178 | INFO     |   → 582/822: ✅ 716 взято | 🗑️ 6258 мусор
2026-05-04 19:25:56,178 | INFO     |   → 583/822: ✅ 8 взято | 🗑️ 853 мусор
2026-05-04 19:25:56,178 | INFO     |   → 584/822: ✅ 32 взято | 🗑️ 69 мусор
2026-05-04 19:25:56,178 | INFO     |   → 585/822 ❌ HTTP 404 — https://raw.githubusercontent.com/mermeroo/free-v2ray-collector/main/main/mix
2026-05-04 19:25:56,179 | INFO     |   → 586/822 ❌ HTTP 404 — https://raw.githubusercontent.com/mermeroo/free-v2ray-collector/main/main/reality
2026-05-04 19:25:56,179 | INFO     |   → 587/822 ❌ HTTP 404 — https://raw.githubusercontent.com/mermeroo/free-v2ray-collector/main/main/shadowsocks
2026-05-04 19:25:56,179 | INFO     |   → 588/822 ❌ HTTP 404 — https://raw.githubusercontent.com/mermeroo/free-v2ray-collector/main/main/trojan
2026-05-04 19:25:56,179 | INFO     |   → 589/822 ❌ HTTP 404 — https://raw.githubusercontent.com/mermeroo/free-v2ray-collector/main/main/vless
2026-05-04 19:25:56,179 | INFO     |   → 590/822 ❌ HTTP 404 — https://raw.githubusercontent.com/mermeroo/free-v2ray-collector/main/main/vmess
2026-05-04 19:25:56,179 | INFO     |   → 591/822: ✅ 0 взято | 🗑️ 124 мусор
2026-05-04 19:25:56,179 | INFO     |   → 592/822: ✅ 0 взято | 🗑️ 124 мусор
2026-05-04 19:25:56,179 | INFO     |   → 593/822: ✅ 0 взято | 🗑️ 124 мусор
2026-05-04 19:25:56,179 | INFO     |   → 594/822: ✅ 489 взято | 🗑️ 13376 мусор
2026-05-04 19:25:56,179 | INFO     |   → 595/822: ✅ 0 взято | 🗑️ 13376 мусор
2026-05-04 19:25:56,179 | INFO     |   → 596/822: ✅ 0 взято | 🗑️ 3162 мусор
2026-05-04 19:25:56,179 | INFO     |   → 597/822: ✅ 0 взято | 🗑️ 1433 мусор
2026-05-04 19:25:56,179 | INFO     |   → 598/822: ✅ 0 взято | 🗑️ 4637 мусор
2026-05-04 19:25:56,179 | INFO     |   → 599/822: ✅ 0 взято | 🗑️ 4144 мусор
2026-05-04 19:25:56,179 | INFO     |   → 600/822 ❌ HTTP 404 — https://raw.githubusercontent.com/mianous/qiren/main/qiren.txt
2026-05-04 19:25:56,179 | INFO     |   → 601/822 ❌ HTTP 404 — https://raw.githubusercontent.com/miladtahanian/V2RayCFGDumper/refs/heads/main/config.txt
2026-05-04 19:25:56,179 | INFO     |   → 602/822 ❌ HTTP 404 — https://raw.githubusercontent.com/miladtahanian/multi-proxy-config-fetcher/refs/heads/main/configs/proxy_configs.txt
2026-05-04 19:25:56,179 | INFO     |   → 603/822: ✅ 0 взято | 🗑️ 0 мусор
2026-05-04 19:25:56,180 | INFO     |   → 604/822: ✅ 0 взято | 🗑️ 0 мусор
2026-05-04 19:25:56,180 | INFO     |   → 605/822: ✅ 0 взято | 🗑️ 0 мусор
2026-05-04 19:25:56,180 | INFO     |   → 606/822: ✅ 15 взято | 🗑️ 46 мусор
2026-05-04 19:25:56,180 | INFO     |   → 607/822: ✅ 0 взято | 🗑️ 259 мусор
2026-05-04 19:25:56,180 | INFO     |   → 608/822: ✅ 0 взято | 🗑️ 0 мусор
2026-05-04 19:25:56,180 | INFO     |   → 609/822: ✅ 28 взято | 🗑️ 93 мусор
2026-05-04 19:25:56,180 | INFO     |   → 610/822: ✅ 0 взято | 🗑️ 0 мусор
2026-05-04 19:25:56,180 | INFO     |   → 611/822: ✅ 15 взято | 🗑️ 70 мусор
2026-05-04 19:25:56,180 | INFO     |   → 612/822: ✅ 127 взято | 🗑️ 492 мусор
2026-05-04 19:25:56,180 | INFO     |   → 613/822: ✅ 331 взято | 🗑️ 190 мусор
2026-05-04 19:25:56,180 | INFO     |   → 614/822: ✅ 27 взято | 🗑️ 806 мусор
2026-05-04 19:25:56,180 | INFO     |   → 615/822 ❌ HTTP 404 — https://raw.githubusercontent.com/obscure1990/freeVM/master/snippets/nodes.yml
2026-05-04 19:25:56,180 | INFO     |   → 616/822 ❌ HTTP 404 — https://raw.githubusercontent.com/op30mmd/things/909b38024ba14d69dc0f95c238f63bc6e930a00f/eut.txt
2026-05-04 19:25:56,180 | INFO     |   → 617/822 ❌ HTTP 404 — https://raw.githubusercontent.com/openRunner/clash-freenode/main/v2ray.txt
2026-05-04 19:25:56,180 | INFO     |   → 618/822 ❌ HTTP 404 — https://raw.githubusercontent.com/oslook/clash-freenode/main/clash.yaml
2026-05-04 19:25:56,180 | INFO     |   → 619/822: ✅ 0 взято | 🗑️ 0 мусор
2026-05-04 19:25:56,180 | INFO     |   → 620/822: ✅ 4 взято | 🗑️ 1 мусор
2026-05-04 19:25:56,180 | INFO     |   → 621/822: ✅ 0 взято | 🗑️ 0 мусор
2026-05-04 19:25:56,180 | INFO     |   → 622/822: ✅ 7 взято | 🗑️ 199 мусор
2026-05-04 19:25:56,181 | INFO     |   → 623/822: ✅ 0 взято | 🗑️ 0 мусор
2026-05-04 19:25:56,181 | INFO     |   → 624/822: ✅ 0 взято | 🗑️ 0 мусор
2026-05-04 19:25:56,181 | INFO     |   → 625/822: ✅ 0 взято | 🗑️ 19 мусор
2026-05-04 19:25:56,181 | INFO     |   → 626/822: ✅ 0 взято | 🗑️ 44 мусор
2026-05-04 19:25:56,181 | INFO     |   → 627/822: ✅ 63 взято | 🗑️ 521 мусор
2026-05-04 19:25:56,181 | INFO     |   → 628/822: ✅ 165 взято | 🗑️ 273 мусор
2026-05-04 19:25:56,181 | INFO     |   → 629/822: ✅ 0 взято | 🗑️ 0 мусор
2026-05-04 19:25:56,181 | INFO     |   → 630/822: ✅ 28 взято | 🗑️ 211 мусор
2026-05-04 19:25:56,181 | INFO     |   → 631/822: ✅ 0 взято | 🗑️ 79 мусор
2026-05-04 19:25:56,181 | INFO     |   → 632/822: ✅ 13 взято | 🗑️ 32 мусор
2026-05-04 19:25:56,181 | INFO     |   → 633/822: ✅ 0 взято | 🗑️ 0 мусор
2026-05-04 19:25:56,181 | INFO     |   → 634/822: ✅ 2 взято | 🗑️ 9 мусор
2026-05-04 19:25:56,181 | INFO     |   → 635/822: ✅ 11 взято | 🗑️ 76 мусор
2026-05-04 19:25:56,181 | INFO     |   → 636/822: ✅ 0 взято | 🗑️ 168 мусор
2026-05-04 19:25:56,181 | INFO     |   → 637/822: ✅ 0 взято | 🗑️ 79 мусор
2026-05-04 19:25:56,181 | INFO     |   → 638/822: ✅ 0 взято | 🗑️ 16 мусор
2026-05-04 19:25:56,181 | INFO     |   → 639/822 ❌ HTTP 404 — https://raw.githubusercontent.com/ronghuaxueleng/get_v2/main/pub/changfengoss.yaml
2026-05-04 19:25:56,181 | INFO     |   → 640/822: ✅ 0 взято | 🗑️ 0 мусор
2026-05-04 19:25:56,181 | INFO     |   → 641/822: ✅ 53 взято | 🗑️ 93 мусор
2026-05-04 19:25:56,181 | INFO     |   → 642/822: ✅ 0 взято | 🗑️ 93 мусор
2026-05-04 19:25:56,182 | INFO     |   → 643/822 ❌ HTTP 404 — https://raw.githubusercontent.com/rxsweet/CM_Vmess/refs/heads/main/test.txt
2026-05-04 19:25:56,182 | INFO     |   → 644/822 ❌ HTTP 404 — https://raw.githubusercontent.com/rxsweet/proxies/main/sub/free.yaml
2026-05-04 19:25:56,182 | INFO     |   → 645/822 ❌ HTTP 404 — https://raw.githubusercontent.com/rxsweet/proxies/main/sub/rx.yaml
2026-05-04 19:25:56,182 | INFO     |   → 646/822 ❌ HTTP 404 — https://raw.githubusercontent.com/rxsweet/proxies/main/sub/sources/dynamicAll.yaml
2026-05-04 19:25:56,182 | INFO     |   → 647/822 ❌ HTTP 404 — https://raw.githubusercontent.com/rxsweet/proxies/main/sub/sources/miningAll.yaml
2026-05-04 19:25:56,182 | INFO     |   → 648/822 ❌ HTTP 404 — https://raw.githubusercontent.com/rxsweet/proxies/main/sub/srx.yaml
2026-05-04 19:25:56,182 | INFO     |   → 649/822 ❌ HTTP 404 — https://raw.githubusercontent.com/sajad-sajadi/V2ray-Collector/raw/main/output/protocols/vmess.txt
2026-05-04 19:25:56,182 | INFO     |   → 650/822 ❌ HTTP 404 — https://raw.githubusercontent.com/sakha1370/OpenRay/raw/refs/heads/main/output/all_valid_proxies.txt
2026-05-04 19:25:56,182 | INFO     |   → 651/822: ✅ 53 взято | 🗑️ 399 мусор
2026-05-04 19:25:56,182 | INFO     |   → 652/822: ✅ 0 взято | 🗑️ 399 мусор
2026-05-04 19:25:56,182 | INFO     |   → 653/822 ❌ HTTP 404 — https://raw.githubusercontent.com/samjoeyang/subscribe/main/fly
2026-05-04 19:25:56,182 | INFO     |   → 654/822: ✅ 0 взято | 🗑️ 0 мусор
2026-05-04 19:25:56,182 | INFO     |   → 655/822 ❌ HTTP 404 — https://raw.githubusercontent.com/sarina-ad/v2ray/main/v2ray
2026-05-04 19:25:56,182 | INFO     |   → 656/822 ❌ HTTP 404 — https://raw.githubusercontent.com/satrom/V2SSR/master/SSR/Sub.txt
2026-05-04 19:25:56,182 | INFO     |   → 657/822 ❌ HTTP 404 — https://raw.githubusercontent.com/satrom/V2SSR/master/V2RAY/Sub.txt
2026-05-04 19:25:56,182 | INFO     |   → 658/822: ✅ 725 взято | 🗑️ 23603 мусор
2026-05-04 19:25:56,182 | INFO     |   → 659/822: ✅ 0 взято | 🗑️ 0 мусор
2026-05-04 19:25:56,182 | INFO     |   → 660/822: ✅ 0 взято | 🗑️ 0 мусор
2026-05-04 19:25:56,183 | INFO     |   → 661/822: ✅ 3 взято | 🗑️ 49 мусор
2026-05-04 19:25:56,183 | INFO     |   → 662/822: ✅ 131 взято | 🗑️ 1445 мусор
2026-05-04 19:25:56,183 | INFO     |   → 663/822: ✅ 0 взято | 🗑️ 720 мусор
2026-05-04 19:25:56,183 | INFO     |   → 664/822: ✅ 0 взято | 🗑️ 59 мусор
2026-05-04 19:25:56,183 | INFO     |   → 665/822: ✅ 0 взято | 🗑️ 649 мусор
2026-05-04 19:25:56,183 | INFO     |   → 666/822: ✅ 0 взято | 🗑️ 17 мусор
2026-05-04 19:25:56,183 | INFO     |   → 667/822: ✅ 0 взято | 🗑️ 1445 мусор
2026-05-04 19:25:56,183 | INFO     |   → 668/822: ✅ 0 взято | 🗑️ 0 мусор
2026-05-04 19:25:56,183 | INFO     |   → 669/822 ❌ HTTP 404 — https://raw.githubusercontent.com/shirkerboy/scp/main/sub
2026-05-04 19:25:56,183 | INFO     |   → 670/822 ❌ HTTP 404 — https://raw.githubusercontent.com/snakem982/proxypool/main/nodelist.txt
2026-05-04 19:25:56,183 | INFO     |   → 671/822: ✅ 4 взято | 🗑️ 4 мусор
2026-05-04 19:25:56,183 | INFO     |   → 672/822 ❌ HTTP 404 — https://raw.githubusercontent.com/snakem982/proxypool/main/source/v2ray.txt
2026-05-04 19:25:56,183 | INFO     |   → 673/822 ❌ HTTP 404 — https://raw.githubusercontent.com/soroushmirzaei/telegram-configs-collector/main/channels/protocols/hysteria
2026-05-04 19:25:56,183 | INFO     |   → 674/822 ❌ HTTP 404 — https://raw.githubusercontent.com/soroushmirzaei/telegram-configs-collector/main/channels/protocols/juicity
2026-05-04 19:25:56,183 | INFO     |   → 675/822 ❌ HTTP 404 — https://raw.githubusercontent.com/soroushmirzaei/telegram-configs-collector/main/channels/protocols/reality
2026-05-04 19:25:56,183 | INFO     |   → 676/822 ❌ HTTP 404 — https://raw.githubusercontent.com/soroushmirzaei/telegram-configs-collector/main/channels/protocols/shadowsocks
2026-05-04 19:25:56,183 | INFO     |   → 677/822 ❌ HTTP 404 — https://raw.githubusercontent.com/soroushmirzaei/telegram-configs-collector/main/channels/protocols/trojan
2026-05-04 19:25:56,183 | INFO     |   → 678/822 ❌ HTTP 404 — https://raw.githubusercontent.com/soroushmirzaei/telegram-configs-collector/main/channels/protocols/tuic
2026-05-04 19:25:56,183 | INFO     |   → 679/822 ❌ HTTP 404 — https://raw.githubusercontent.com/soroushmirzaei/telegram-configs-collector/main/channels/protocols/vless
2026-05-04 19:25:56,183 | INFO     |   → 680/822 ❌ HTTP 404 — https://raw.githubusercontent.com/soroushmirzaei/telegram-configs-collector/main/channels/protocols/vmess
2026-05-04 19:25:56,184 | INFO     |   → 681/822 ❌ HTTP 404 — https://raw.githubusercontent.com/soroushmirzaei/telegram-configs-collector/main/countries/jp/mixed
2026-05-04 19:25:56,184 | INFO     |   → 682/822 ❌ HTTP 404 — https://raw.githubusercontent.com/soroushmirzaei/telegram-configs-collector/main/protocols/hysteria
2026-05-04 19:25:56,184 | INFO     |   → 683/822 ❌ HTTP 404 — https://raw.githubusercontent.com/soroushmirzaei/telegram-configs-collector/main/protocols/juicity
2026-05-04 19:25:56,184 | INFO     |   → 684/822 ❌ HTTP 404 — https://raw.githubusercontent.com/soroushmirzaei/telegram-configs-collector/main/protocols/reality
2026-05-04 19:25:56,184 | INFO     |   → 685/822 ❌ HTTP 404 — https://raw.githubusercontent.com/soroushmirzaei/telegram-configs-collector/main/protocols/shadowsocks
2026-05-04 19:25:56,184 | INFO     |   → 686/822 ❌ HTTP 404 — https://raw.githubusercontent.com/soroushmirzaei/telegram-configs-collector/main/protocols/trojan
2026-05-04 19:25:56,184 | INFO     |   → 687/822 ❌ HTTP 404 — https://raw.githubusercontent.com/soroushmirzaei/telegram-configs-collector/main/protocols/tuic
2026-05-04 19:25:56,184 | INFO     |   → 688/822 ❌ HTTP 404 — https://raw.githubusercontent.com/soroushmirzaei/telegram-configs-collector/main/protocols/vless
2026-05-04 19:25:56,184 | INFO     |   → 689/822 ❌ HTTP 404 — https://raw.githubusercontent.com/soroushmirzaei/telegram-configs-collector/main/protocols/vmess
2026-05-04 19:25:56,184 | INFO     |   → 690/822 ❌ HTTP 404 — https://raw.githubusercontent.com/soroushmirzaei/telegram-configs-collector/main/splitted/subscribe
2026-05-04 19:25:56,184 | INFO     |   → 691/822 ❌ HTTP 404 — https://raw.githubusercontent.com/ssrsub/ssr/master/Clash.yml
2026-05-04 19:25:56,184 | INFO     |   → 692/822 ❌ HTTP 404 — https://raw.githubusercontent.com/ssrsub/ssr/master/V2Ray
2026-05-04 19:25:56,184 | INFO     |   → 693/822 ❌ HTTP 404 — https://raw.githubusercontent.com/ssrsub/ssr/master/ss-sub
2026-05-04 19:25:56,184 | INFO     |   → 694/822 ❌ HTTP 404 — https://raw.githubusercontent.com/ssrsub/ssr/master/ssrsub
2026-05-04 19:25:56,184 | INFO     |   → 695/822 ❌ HTTP 404 — https://raw.githubusercontent.com/ssrsub/ssr/master/trojan
2026-05-04 19:25:56,184 | INFO     |   → 696/822: ✅ 0 взято | 🗑️ 0 мусор
2026-05-04 19:25:56,184 | INFO     |   → 697/822: ✅ 2 взято | 🗑️ 12 мусор
2026-05-04 19:25:56,184 | INFO     |   → 698/822: ✅ 0 взято | 🗑️ 13 мусор
2026-05-04 19:25:56,184 | INFO     |   → 699/822: ✅ 0 взято | 🗑️ 13 мусор
2026-05-04 19:25:56,185 | INFO     |   → 700/822 ❌ HTTP 404 — https://raw.githubusercontent.com/tbbatbb/Proxy/master/dist/clash.config.yaml
2026-05-04 19:25:56,185 | INFO     |   → 701/822: ✅ 2 взято | 🗑️ 35 мусор
2026-05-04 19:25:56,185 | INFO     |   → 702/822: ✅ 0 взято | 🗑️ 0 мусор
2026-05-04 19:25:56,185 | INFO     |   → 703/822: ✅ 5 взято | 🗑️ 111 мусор
2026-05-04 19:25:56,185 | INFO     |   → 704/822: ✅ 0 взято | 🗑️ 0 мусор
2026-05-04 19:25:56,185 | INFO     |   → 705/822: ✅ 0 взято | 🗑️ 59 мусор
2026-05-04 19:25:56,185 | INFO     |   → 706/822 ❌ HTTP 404 — https://raw.githubusercontent.com/v2clash/Autoproxy/a81f840ab2364124133572ec94e4b81fb0d4e58d/sub/2401/240104.txt
2026-05-04 19:25:56,185 | INFO     |   → 707/822 ❌ HTTP 404 — https://raw.githubusercontent.com/v2clash/V2ray-Configs/31f493c584d0c7b56350f4a34d80c53ad82bcc18/Sub9.txt
2026-05-04 19:25:56,185 | INFO     |   → 708/822: ✅ 0 взято | 🗑️ 0 мусор
2026-05-04 19:25:56,185 | INFO     |   → 709/822: ✅ 0 взято | 🗑️ 0 мусор
2026-05-04 19:25:56,185 | INFO     |   → 710/822: ✅ 0 взято | 🗑️ 0 мусор
2026-05-04 19:25:56,185 | INFO     |   → 711/822: ✅ 283 взято | 🗑️ 9640 мусор
2026-05-04 19:25:56,185 | INFO     |   → 712/822: ✅ 281 взято | 🗑️ 10086 мусор
2026-05-04 19:25:56,185 | INFO     |   → 713/822: ✅ 280 взято | 🗑️ 9675 мусор
2026-05-04 19:25:56,185 | INFO     |   → 714/822: ✅ 334 взято | 🗑️ 9823 мусор
2026-05-04 19:25:56,185 | INFO     |   → 715/822: ✅ 350 взято | 🗑️ 9639 мусор
2026-05-04 19:25:56,185 | INFO     |   → 716/822: ✅ 125 взято | 🗑️ 7919 мусор
2026-05-04 19:25:56,185 | INFO     |   → 717/822: ✅ 135 взято | 🗑️ 4836 мусор
2026-05-04 19:25:56,186 | INFO     |   → 718/822: ✅ 502 взято | 🗑️ 7659 мусор
2026-05-04 19:25:56,186 | INFO     |   → 719/822: ✅ 631 взято | 🗑️ 8081 мусор
2026-05-04 19:25:56,186 | INFO     |   → 720/822: ✅ 202 взято | 🗑️ 5131 мусор
2026-05-04 19:25:56,186 | INFO     |   → 721/822 ❌ HTTP 404 — https://raw.githubusercontent.com/vveg26/chromego_merge/main/sub/merged_proxies.yaml
2026-05-04 19:25:56,186 | INFO     |   → 722/822 ❌ HTTP 404 — https://raw.githubusercontent.com/vveg26/get_proxy/main/dist/clash.config.yaml
2026-05-04 19:25:56,186 | INFO     |   → 723/822: ✅ 0 взято | 🗑️ 10 мусор
2026-05-04 19:25:56,186 | INFO     |   → 724/822: ✅ 0 взято | 🗑️ 10 мусор
2026-05-04 19:25:56,186 | INFO     |   → 725/822: ✅ 0 взято | 🗑️ 4 мусор
2026-05-04 19:25:56,186 | INFO     |   → 726/822: ✅ 0 взято | 🗑️ 0 мусор
2026-05-04 19:25:56,186 | INFO     |   → 727/822: ✅ 0 взято | 🗑️ 4 мусор
2026-05-04 19:25:56,186 | INFO     |   → 728/822: ✅ 106 взято | 🗑️ 689 мусор
2026-05-04 19:25:56,186 | INFO     |   → 729/822: ✅ 48 взято | 🗑️ 841 мусор
2026-05-04 19:25:56,186 | INFO     |   → 730/822: ✅ 21 взято | 🗑️ 789 мусор
2026-05-04 19:25:56,186 | INFO     |   → 731/822: ✅ 24 взято | 🗑️ 774 мусор
2026-05-04 19:25:56,186 | INFO     |   → 732/822: ✅ 52 взято | 🗑️ 756 мусор
2026-05-04 19:25:56,186 | INFO     |   → 733/822: ✅ 191 взято | 🗑️ 745 мусор
2026-05-04 19:25:56,186 | INFO     |   → 734/822: ✅ 9 взято | 🗑️ 651 мусор
2026-05-04 19:25:56,186 | INFO     |   → 735/822: ✅ 185 взято | 🗑️ 388 мусор
2026-05-04 19:25:56,186 | INFO     |   → 736/822: ✅ 130 взято | 🗑️ 523 мусор
2026-05-04 19:25:56,187 | INFO     |   → 737/822: ✅ 67 взято | 🗑️ 533 мусор
2026-05-04 19:25:56,187 | INFO     |   → 738/822: ✅ 98 взято | 🗑️ 444 мусор
2026-05-04 19:25:56,187 | INFO     |   → 739/822: ✅ 102 взято | 🗑️ 670 мусор
2026-05-04 19:25:56,187 | INFO     |   → 740/822: ✅ 86 взято | 🗑️ 476 мусор
2026-05-04 19:25:56,187 | INFO     |   → 741/822: ✅ 95 взято | 🗑️ 657 мусор
2026-05-04 19:25:56,187 | INFO     |   → 742/822: ✅ 105 взято | 🗑️ 645 мусор
2026-05-04 19:25:56,187 | INFO     |   → 743/822: ✅ 115 взято | 🗑️ 985 мусор
2026-05-04 19:25:56,187 | INFO     |   → 744/822: ✅ 6 взято | 🗑️ 63 мусор
2026-05-04 19:25:56,187 | INFO     |   → 745/822: ✅ 7 взято | 🗑️ 62 мусор
2026-05-04 19:25:56,187 | INFO     |   → 746/822: ✅ 39 взято | 🗑️ 489 мусор
2026-05-04 19:25:56,187 | INFO     |   → 747/822: ✅ 0 взято | 🗑️ 0 мусор
2026-05-04 19:25:56,187 | INFO     |   → 748/822: ✅ 0 взято | 🗑️ 0 мусор
2026-05-04 19:25:56,187 | INFO     |   → 749/822: ✅ 0 взято | 🗑️ 0 мусор
2026-05-04 19:25:56,187 | INFO     |   → 750/822: ✅ 0 взято | 🗑️ 0 мусор
2026-05-04 19:25:56,187 | INFO     |   → 751/822: ✅ 0 взято | 🗑️ 0 мусор
2026-05-04 19:25:56,187 | INFO     |   → 752/822: ✅ 0 взято | 🗑️ 52 мусор
2026-05-04 19:25:56,187 | INFO     |   → 753/822: ✅ 5 взято | 🗑️ 10 мусор
2026-05-04 19:25:56,187 | INFO     |   → 754/822: ✅ 1 взято | 🗑️ 124 мусор
2026-05-04 19:25:56,187 | INFO     |   → 755/822: ✅ 94 взято | 🗑️ 90 мусор
2026-05-04 19:25:56,187 | INFO     |   → 756/822: ✅ 0 взято | 🗑️ 9 мусор
2026-05-04 19:25:56,188 | INFO     |   → 757/822: ✅ 15 взято | 🗑️ 504 мусор
2026-05-04 19:25:56,188 | INFO     |   → 758/822 ❌ HTTP 404 — https://raw.githubusercontent.com/xiaozhu2007/xiaozhu2007/61a755a044dbaeea678bc2d1e20f21a21c6d7170/docs/fxxk.txt
2026-05-04 19:25:56,188 | INFO     |   → 759/822: ✅ 1 взято | 🗑️ 159 мусор
2026-05-04 19:25:56,188 | INFO     |   → 760/822: ✅ 0 взято | 🗑️ 22 мусор
2026-05-04 19:25:56,188 | INFO     |   → 761/822: ✅ 0 взято | 🗑️ 0 мусор
2026-05-04 19:25:56,188 | INFO     |   → 762/822 ❌ HTTP 404 — https://raw.githubusercontent.com/yebekhe/TVC/0f745f92bf381e505f1245abbc7c145b19b11503/config.txt
2026-05-04 19:25:56,188 | INFO     |   → 763/822 ❌ HTTP 404 — https://raw.githubusercontent.com/yebekhe/TVC/9fac69239c69327fb7a61f5a8d79d107133889e1/lite/config.txt
2026-05-04 19:25:56,188 | INFO     |   → 764/822 ❌ HTTP 404 — https://raw.githubusercontent.com/yebekhe/TelegramV2rayCollector/main/sub/normal/donated
2026-05-04 19:25:56,188 | INFO     |   → 765/822 ❌ HTTP 404 — https://raw.githubusercontent.com/yebekhe/TelegramV2rayCollector/main/sub/normal/hysteria2
2026-05-04 19:25:56,188 | INFO     |   → 766/822 ❌ HTTP 404 — https://raw.githubusercontent.com/yebekhe/TelegramV2rayCollector/main/sub/normal/mix
2026-05-04 19:25:56,188 | INFO     |   → 767/822 ❌ HTTP 404 — https://raw.githubusercontent.com/yebekhe/TelegramV2rayCollector/main/sub/normal/reality
2026-05-04 19:25:56,188 | INFO     |   → 768/822 ❌ HTTP 404 — https://raw.githubusercontent.com/yebekhe/TelegramV2rayCollector/main/sub/normal/shadowsocks
2026-05-04 19:25:56,188 | INFO     |   → 769/822 ❌ HTTP 404 — https://raw.githubusercontent.com/yebekhe/TelegramV2rayCollector/main/sub/normal/trojan
2026-05-04 19:25:56,188 | INFO     |   → 770/822 ❌ HTTP 404 — https://raw.githubusercontent.com/yebekhe/TelegramV2rayCollector/main/sub/normal/tuic
2026-05-04 19:25:56,188 | INFO     |   → 771/822 ❌ HTTP 404 — https://raw.githubusercontent.com/yebekhe/TelegramV2rayCollector/main/sub/normal/vless
2026-05-04 19:25:56,188 | INFO     |   → 772/822 ❌ HTTP 404 — https://raw.githubusercontent.com/yebekhe/TelegramV2rayCollector/main/sub/normal/vmess
2026-05-04 19:25:56,188 | INFO     |   → 773/822 ❌ HTTP 404 — https://raw.githubusercontent.com/yebekhe/V2Hub/main/Split/Normal/shadowsocks
2026-05-04 19:25:56,188 | INFO     |   → 774/822 ❌ HTTP 404 — https://raw.githubusercontent.com/yebekhe/V2Hub/main/merged
2026-05-04 19:25:56,188 | INFO     |   → 775/822: ✅ 0 взято | 🗑️ 30 мусор
2026-05-04 19:25:56,188 | INFO     |   → 776/822: ✅ 1011 взято | 🗑️ 7545 мусор
2026-05-04 19:25:56,188 | INFO     |   → 777/822: ✅ 6 взято | 🗑️ 343 мусор
2026-05-04 19:25:56,189 | INFO     |   → 778/822: ✅ 7 взято | 🗑️ 286 мусор
2026-05-04 19:25:56,189 | INFO     |   → 779/822: ✅ 307 взято | 🗑️ 210 мусор
2026-05-04 19:25:56,189 | INFO     |   → 780/822: ✅ 0 взято | 🗑️ 1695 мусор
2026-05-04 19:25:56,189 | INFO     |   → 781/822: ✅ 2 взято | 🗑️ 412 мусор
2026-05-04 19:25:56,189 | INFO     |   → 782/822 ❌ HTTP 404 — https://raw.githubusercontent.com/yyyr-otz/tele-providers-collector/019cb3e07ee52fddbc7caa54fc670c6b9bae6539/sub/proxies.txt
2026-05-04 19:25:56,189 | INFO     |   → 783/822 ❌ HTTP 404 — https://raw.githubusercontent.com/yyyr-otz/tele-providers-collector/b7a74ee98bcf02c5a507d688a1bed3aa9f7f4ed1/script/raw/protocols/mixed.txt
2026-05-04 19:25:56,189 | INFO     |   → 784/822: ✅ 0 взято | 🗑️ 0 мусор
2026-05-04 19:25:56,189 | INFO     |   → 785/822: ✅ 0 взято | 🗑️ 0 мусор
2026-05-04 19:25:56,189 | INFO     |   → 786/822: ✅ 1 взято | 🗑️ 18 мусор
2026-05-04 19:25:56,189 | INFO     |   → 787/822: ✅ 0 взято | 🗑️ 0 мусор
2026-05-04 19:25:56,189 | INFO     |   → 788/822: ✅ 0 взято | 🗑️ 5 мусор
2026-05-04 19:25:56,189 | INFO     |   → 789/822: ✅ 0 взято | 🗑️ 0 мусор
2026-05-04 19:25:56,189 | INFO     |   → 790/822 ⚠️ Ошибка: ('Connection aborted.', RemoteDisconnected('Remote end closed connection without response')) — https://sub.pmsub.me/clash.yaml
2026-05-04 19:25:56,189 | INFO     |   → 791/822: ✅ 0 взято | 🗑️ 1 мусор
2026-05-04 19:25:56,189 | INFO     |   → 792/822: ✅ 8 взято | 🗑️ 21 мусор
2026-05-04 19:25:56,189 | INFO     |   → 793/822: ✅ 0 взято | 🗑️ 0 мусор
2026-05-04 19:25:56,189 | INFO     |   → 794/822: ✅ 9 взято | 🗑️ 19 мусор
2026-05-04 19:25:56,189 | INFO     |   → 795/822: ✅ 0 взято | 🗑️ 0 мусор
2026-05-04 19:25:56,189 | INFO     |   → 796/822: ✅ 2 взято | 🗑️ 14 мусор
2026-05-04 19:25:56,189 | INFO     |   → 797/822: ✅ 4 взято | 🗑️ 22 мусор
2026-05-04 19:25:56,189 | INFO     |   → 798/822: ✅ 0 взято | 🗑️ 0 мусор
2026-05-04 19:25:56,190 | INFO     |   → 799/822: ✅ 0 взято | 🗑️ 0 мусор
2026-05-04 19:25:56,190 | INFO     |   → 800/822: ✅ 0 взято | 🗑️ 0 мусор
2026-05-04 19:25:56,190 | INFO     |   → 801/822: ✅ 2 взято | 🗑️ 16 мусор
2026-05-04 19:25:56,190 | INFO     |   → 802/822: ✅ 0 взято | 🗑️ 0 мусор
2026-05-04 19:25:56,190 | INFO     |   → 803/822: ✅ 4 взято | 🗑️ 7 мусор
2026-05-04 19:25:56,190 | INFO     |   → 804/822: ✅ 0 взято | 🗑️ 0 мусор
2026-05-04 19:25:56,190 | INFO     |   → 805/822: ✅ 6 взято | 🗑️ 14 мусор
2026-05-04 19:25:56,190 | INFO     |   → 806/822: ✅ 0 взято | 🗑️ 0 мусор
2026-05-04 19:25:56,190 | INFO     |   → 807/822: ✅ 2 взято | 🗑️ 13 мусор
2026-05-04 19:25:56,190 | INFO     |   → 808/822: ✅ 0 взято | 🗑️ 0 мусор
2026-05-04 19:25:56,190 | INFO     |   → 809/822: ✅ 0 взято | 🗑️ 0 мусор
2026-05-04 19:25:56,190 | INFO     |   → 810/822: ✅ 2 взято | 🗑️ 7 мусор
2026-05-04 19:25:56,190 | INFO     |   → 811/822: ✅ 2 взято | 🗑️ 14 мусор
2026-05-04 19:25:56,190 | INFO     |   → 812/822: ✅ 2 взято | 🗑️ 14 мусор
2026-05-04 19:25:56,190 | INFO     |   → 813/822: ✅ 0 взято | 🗑️ 0 мусор
2026-05-04 19:25:56,190 | INFO     |   → 814/822: ✅ 3 взято | 🗑️ 22 мусор
2026-05-04 19:25:56,190 | INFO     |   → 815/822: ✅ 0 взято | 🗑️ 0 мусор
2026-05-04 19:25:56,190 | INFO     |   → 816/822: ✅ 2 взято | 🗑️ 15 мусор
2026-05-04 19:25:56,190 | INFO     |   → 817/822: ✅ 3 взято | 🗑️ 12 мусор
2026-05-04 19:25:56,190 | INFO     |   → 818/822: ✅ 0 взято | 🗑️ 0 мусор
2026-05-04 19:25:56,190 | INFO     |   → 819/822: ✅ 0 взято | 🗑️ 0 мусор
2026-05-04 19:25:56,191 | INFO     |   → 820/822: ✅ 0 взято | 🗑️ 0 мусор
2026-05-04 19:25:56,191 | INFO     |   → 821/822: ✅ 4 взято | 🗑️ 11 мусор
2026-05-04 19:25:56,191 | INFO     |   → 822/822: ✅ 0 взято | 🗑️ 10 мусор
2026-05-04 19:25:56,191 | INFO     |   → ✅ ГОТОВО!
2026-05-04 19:25:56,191 | INFO     |   →    📥 Всего ключей после фильтра: 15864
2026-05-04 19:25:56,191 | INFO     |   →    🔗 Уникальных IP:PORT:SCHEME: 9872
2026-05-04 19:25:56,191 | INFO     |   →    🗑️ Выброшено мусора: 265321
2026-05-04 19:25:56,191 | INFO     |   → 📊 По протоколам:
2026-05-04 19:25:56,191 | INFO     |   →    vless: 3339
2026-05-04 19:25:56,191 | INFO     |   →    vmess: 3499
2026-05-04 19:25:56,191 | INFO     |   →    trojan: 1018
2026-05-04 19:25:56,191 | INFO     |   →    ss: 1865
2026-05-04 19:25:56,191 | INFO     |   →    hysteria: 13
2026-05-04 19:25:56,191 | INFO     |   →    hysteria2: 27
2026-05-04 19:25:56,191 | INFO     |   →    hy2: 59
2026-05-04 19:25:56,191 | INFO     |   →    tuic: 52
2026-05-04 19:25:56,191 | INFO     | ✅ mirror.py завершён успешно
2026-05-04 19:25:56,191 | INFO     | 
2026-05-04 19:25:56,192 | INFO     | 
2026-05-04 19:25:56,192 | INFO     | ──────────────────────────────────────────────────────────────────────
2026-05-04 19:25:56,192 | INFO     | 📌 ЭТАП: Фильтрация по реальному SNI
2026-05-04 19:25:56,192 | INFO     | ──────────────────────────────────────────────────────────────────────
2026-05-04 19:25:56,192 | INFO     | 🚀 Запуск filter_ru_sni.py (Фильтр по реальному SNI (CDN+RU))...
2026-05-04 19:25:56,430 | INFO     |   → hy2.txt: 59 → 19 (SNI-filtered)
2026-05-04 19:25:56,431 | INFO     |   →   hysteria.txt: 13 → 0 (SNI-filtered)
2026-05-04 19:25:56,431 | INFO     |   →   hysteria2.txt: 27 → 5 (SNI-filtered)
2026-05-04 19:25:56,431 | INFO     |   →   ss.txt: 1865 → 0 (SNI-filtered)
2026-05-04 19:25:56,431 | INFO     |   →   trojan.txt: 1018 → 3 (SNI-filtered)
2026-05-04 19:25:56,431 | INFO     |   →   tuic.txt: 52 → 0 (SNI-filtered)
2026-05-04 19:25:56,431 | INFO     |   →   vless.txt: 3339 → 407 (SNI-filtered)
2026-05-04 19:25:56,431 | INFO     |   →   vmess.txt: 3499 → 39 (SNI-filtered)
2026-05-04 19:25:56,431 | INFO     |   → ==================================================
2026-05-04 19:25:56,431 | INFO     |   →   Всего входных:  9872
2026-05-04 19:25:56,431 | INFO     |   →   Прошли фильтр:  473
2026-05-04 19:25:56,431 | INFO     |   →   Отброшено:      9399
2026-05-04 19:25:56,431 | INFO     |   → ==================================================
2026-05-04 19:25:56,431 | INFO     |   → Готово → /home/runner/work/vpn-vless-configs-russia/vpn-vless-configs-russia/githubmirror/ru-sni
2026-05-04 19:25:56,431 | INFO     | ✅ filter_ru_sni.py завершён успешно
2026-05-04 19:25:56,431 | INFO     | 
2026-05-04 19:25:56,431 | INFO     | 
2026-05-04 19:25:56,431 | INFO     | ──────────────────────────────────────────────────────────────────────
2026-05-04 19:25:56,431 | INFO     | 📌 ЭТАП: Экспериментальный RU-SNI фильтр
2026-05-04 19:25:56,431 | INFO     | ──────────────────────────────────────────────────────────────────────
2026-05-04 19:25:56,432 | INFO     | 🚀 Запуск filter_ru_sni_local.py (Экспериментальный фильтр по RU-SNI (локальные домены))...
2026-05-04 19:25:56,591 | INFO     |   → hy2.txt: 59 → 0 (RU-SNI)
2026-05-04 19:25:56,591 | INFO     |   → hysteria.txt: 13 → 0 (RU-SNI)
2026-05-04 19:25:56,591 | INFO     |   → hysteria2.txt: 27 → 0 (RU-SNI)
2026-05-04 19:25:56,591 | INFO     |   → ss.txt: 1865 → 0 (RU-SNI)
2026-05-04 19:25:56,591 | INFO     |   → trojan.txt: 1018 → 0 (RU-SNI)
2026-05-04 19:25:56,591 | INFO     |   → tuic.txt: 52 → 0 (RU-SNI)
2026-05-04 19:25:56,591 | INFO     |   → vless.txt: 3339 → 93 (RU-SNI)
2026-05-04 19:25:56,591 | INFO     |   → vmess.txt: 3499 → 0 (RU-SNI)
2026-05-04 19:25:56,591 | INFO     |   → ==================================================
2026-05-04 19:25:56,591 | INFO     |   → Всего входных:  9872
2026-05-04 19:25:56,591 | INFO     |   → Прошли RU-SNI:  93
2026-05-04 19:25:56,591 | INFO     |   → Отброшено:      9779
2026-05-04 19:25:56,591 | INFO     |   → ==================================================
2026-05-04 19:25:56,591 | INFO     |   → Готово → /home/runner/work/vpn-vless-configs-russia/vpn-vless-configs-russia/githubmirror/ru-sni-local
2026-05-04 19:25:56,591 | INFO     | ✅ filter_ru_sni_local.py завершён успешно
2026-05-04 19:25:56,591 | INFO     | 
2026-05-04 19:25:56,591 | INFO     | 
2026-05-04 19:25:56,591 | INFO     | ──────────────────────────────────────────────────────────────────────
2026-05-04 19:25:56,592 | INFO     | 📌 ЭТАП: Сбор статистики
2026-05-04 19:25:56,592 | INFO     | ──────────────────────────────────────────────────────────────────────
2026-05-04 19:25:56,592 | INFO     | 📊 Сбор статистики...
2026-05-04 19:25:56,592 | INFO     |   📁 githubmirror/clean:
2026-05-04 19:25:56,592 | INFO     |     • hy2         :    59 конфигов
2026-05-04 19:25:56,592 | INFO     |     • hysteria    :    13 конфигов
2026-05-04 19:25:56,592 | INFO     |     • hysteria2   :    27 конфигов
2026-05-04 19:25:56,594 | INFO     |     • ss          :  1865 конфигов
2026-05-04 19:25:56,595 | INFO     |     • trojan      :  1018 конфигов
2026-05-04 19:25:56,595 | INFO     |     • tuic        :    52 конфигов
2026-05-04 19:25:56,598 | INFO     |     • vless       :  3339 конфигов
2026-05-04 19:25:56,600 | INFO     |     • vmess       :  3499 конфигов
2026-05-04 19:25:56,601 | INFO     |   📁 githubmirror/ru-sni:
2026-05-04 19:25:56,601 | INFO     |     • hy2         :    19 конфигов ( 32.2% от clean)
2026-05-04 19:25:56,601 | INFO     |     • hysteria    :     0 конфигов (  0.0% от clean)
2026-05-04 19:25:56,601 | INFO     |     • hysteria2   :     5 конфигов ( 18.5% от clean)
2026-05-04 19:25:56,601 | INFO     |     • ss          :     0 конфигов (  0.0% от clean)
2026-05-04 19:25:56,601 | INFO     |     • trojan      :     3 конфигов (  0.3% от clean)
2026-05-04 19:25:56,602 | INFO     |     • tuic        :     0 конфигов (  0.0% от clean)
2026-05-04 19:25:56,602 | INFO     |     • vless       :   407 конфигов ( 12.2% от clean)
2026-05-04 19:25:56,602 | INFO     |     • vmess       :    39 конфигов (  1.1% от clean)
2026-05-04 19:25:56,602 | INFO     | 
2026-05-04 19:25:56,602 | INFO     |   ──────────────────────────────────────────────────
2026-05-04 19:25:56,602 | INFO     |   📈 ИТОГО:
2026-05-04 19:25:56,602 | INFO     |     Clean (после geo-фильтра):     9872
2026-05-04 19:25:56,602 | INFO     |     RU-SNI (после SNI-фильтра):     473
2026-05-04 19:25:56,603 | INFO     |     Прошло фильтр:                  4.8%
2026-05-04 19:25:56,603 | INFO     |   ──────────────────────────────────────────────────
2026-05-04 19:25:56,603 | INFO     | ✅ Статистика сохранена: /home/runner/work/vpn-vless-configs-russia/vpn-vless-configs-russia/stats.json
2026-05-04 19:25:56,603 | INFO     | 
2026-05-04 19:25:56,603 | INFO     | ======================================================================
2026-05-04 19:25:56,603 | INFO     | 📊 ИТОГОВЫЙ ОТЧЁТ
2026-05-04 19:25:56,603 | INFO     | ======================================================================
2026-05-04 19:25:56,603 | INFO     |   ✅ OK         | Загрузка и geo-фильтрация
2026-05-04 19:25:56,603 | INFO     |   ✅ OK         | Фильтрация по реальному SNI
2026-05-04 19:25:56,603 | INFO     |   ✅ OK         | Экспериментальный RU-SNI фильтр
2026-05-04 19:25:56,603 | INFO     |   ✅ OK         | Сбор статистики
2026-05-04 19:25:56,603 | INFO     | ──────────────────────────────────────────────────────────────────────
2026-05-04 19:25:56,603 | INFO     | ✅ ВСЕ ЭТАПЫ УСПЕШНЫ (4/4)
2026-05-04 19:25:56,603 | INFO     | ⏰ Время завершения: 2026-05-04 19:25:56
2026-05-04 19:25:56,603 | INFO     | ======================================================================
