2026-05-22 02:46:05,078 | INFO     | ======================================================================
2026-05-22 02:46:05,078 | INFO     | 🔍 VPN KEY CHECKER - Начало проверки
2026-05-22 02:46:05,078 | INFO     | ⏰ Время старта: 2026-05-22 02:46:05
2026-05-22 02:46:05,078 | INFO     | 📂 Рабочая директория: /home/runner/work/vpn-vless-configs-russia/vpn-vless-configs-russia
2026-05-22 02:46:05,078 | INFO     | ======================================================================
2026-05-22 02:46:05,078 | INFO     | 
2026-05-22 02:46:05,078 | INFO     | 🔍 Проверка наличия скриптов...
2026-05-22 02:46:05,078 | INFO     |   ✅ mirror.py
2026-05-22 02:46:05,078 | INFO     |   ✅ filter_ru_sni.py
2026-05-22 02:46:05,078 | INFO     |   ✅ filter_ru_sni_local.py
2026-05-22 02:46:05,079 | INFO     | 
2026-05-22 02:46:05,079 | INFO     | 
2026-05-22 02:46:05,079 | INFO     | ──────────────────────────────────────────────────────────────────────
2026-05-22 02:46:05,079 | INFO     | 📌 ЭТАП: Загрузка и geo-фильтрация
2026-05-22 02:46:05,079 | INFO     | ──────────────────────────────────────────────────────────────────────
2026-05-22 02:46:05,079 | INFO     | 🚀 Запуск mirror.py (Загрузка и фильтрация по РФ/СНГ/Европа)...
2026-05-22 02:49:12,196 | INFO     |   → 🚀 Старт: всего источников (старые + новые): 951
2026-05-22 02:49:12,196 | INFO     |   → 1/951: ✅ 13 взято | 🗑️ 242 мусор
2026-05-22 02:49:12,196 | INFO     |   → 2/951: ✅ 0 взято | 🗑️ 0 мусор
2026-05-22 02:49:12,196 | INFO     |   → 3/951 ❌ HTTP 404 — https://bitbucket.org/huwo1/proxy_nodes/raw/f31ca9ec67b84071515729ff45b011b6b09c10f2/clash.yaml
2026-05-22 02:49:12,196 | INFO     |   → 4/951 ❌ HTTP 404 — https://cdn.jsdelivr.net/gh/cry0ice/genode@main/public/all.txt
2026-05-22 02:49:12,196 | INFO     |   → 5/951 ❌ HTTP 404 — https://cdn.jsdelivr.net/gh/cry0ice/genode@main/public/ss.txt
2026-05-22 02:49:12,196 | INFO     |   → 6/951 ❌ HTTP 404 — https://cdn.jsdelivr.net/gh/cry0ice/genode@main/public/ssr.txt
2026-05-22 02:49:12,196 | INFO     |   → 7/951 ❌ HTTP 404 — https://cdn.jsdelivr.net/gh/cry0ice/genode@main/public/trojan.txt
2026-05-22 02:49:12,196 | INFO     |   → 8/951 ❌ HTTP 404 — https://cdn.jsdelivr.net/gh/cry0ice/genode@main/public/vless.txt
2026-05-22 02:49:12,196 | INFO     |   → 9/951 ❌ HTTP 404 — https://cdn.jsdelivr.net/gh/cry0ice/genode@main/public/vmess.txt
2026-05-22 02:49:12,196 | INFO     |   → 10/951: ✅ 0 взято | 🗑️ 0 мусор
2026-05-22 02:49:12,196 | INFO     |   → 11/951: ✅ 0 взято | 🗑️ 0 мусор
2026-05-22 02:49:12,196 | INFO     |   → 12/951: ✅ 0 взято | 🗑️ 0 мусор
2026-05-22 02:49:12,196 | INFO     |   → 13/951: ✅ 0 взято | 🗑️ 0 мусор
2026-05-22 02:49:12,196 | INFO     |   → 14/951: ✅ 0 взято | 🗑️ 0 мусор
2026-05-22 02:49:12,196 | INFO     |   → 15/951: ✅ 0 взято | 🗑️ 0 мусор
2026-05-22 02:49:12,196 | INFO     |   → 16/951: ✅ 0 взято | 🗑️ 0 мусор
2026-05-22 02:49:12,196 | INFO     |   → 17/951: ✅ 0 взято | 🗑️ 0 мусор
2026-05-22 02:49:12,196 | INFO     |   → 18/951: ✅ 0 взято | 🗑️ 0 мусор
2026-05-22 02:49:12,196 | INFO     |   → 19/951: ✅ 0 взято | 🗑️ 0 мусор
2026-05-22 02:49:12,196 | INFO     |   → 20/951: ✅ 0 взято | 🗑️ 0 мусор
2026-05-22 02:49:12,196 | INFO     |   → 21/951: ✅ 0 взято | 🗑️ 0 мусор
2026-05-22 02:49:12,196 | INFO     |   → 22/951: ✅ 0 взято | 🗑️ 0 мусор
2026-05-22 02:49:12,196 | INFO     |   → 23/951: ✅ 0 взято | 🗑️ 0 мусор
2026-05-22 02:49:12,197 | INFO     |   → 24/951: ✅ 0 взято | 🗑️ 0 мусор
2026-05-22 02:49:12,197 | INFO     |   → 25/951: ✅ 0 взято | 🗑️ 0 мусор
2026-05-22 02:49:12,197 | INFO     |   → 26/951: ✅ 0 взято | 🗑️ 0 мусор
2026-05-22 02:49:12,197 | INFO     |   → 27/951: ✅ 0 взято | 🗑️ 0 мусор
2026-05-22 02:49:12,197 | INFO     |   → 28/951: ✅ 0 взято | 🗑️ 0 мусор
2026-05-22 02:49:12,197 | INFO     |   → 29/951: ✅ 0 взято | 🗑️ 0 мусор
2026-05-22 02:49:12,197 | INFO     |   → 30/951: ✅ 0 взято | 🗑️ 0 мусор
2026-05-22 02:49:12,197 | INFO     |   → 31/951: ✅ 0 взято | 🗑️ 0 мусор
2026-05-22 02:49:12,197 | INFO     |   → 32/951: ✅ 0 взято | 🗑️ 0 мусор
2026-05-22 02:49:12,197 | INFO     |   → 33/951: ✅ 0 взято | 🗑️ 0 мусор
2026-05-22 02:49:12,197 | INFO     |   → 34/951: ✅ 0 взято | 🗑️ 0 мусор
2026-05-22 02:49:12,197 | INFO     |   → 35/951: ✅ 0 взято | 🗑️ 0 мусор
2026-05-22 02:49:12,197 | INFO     |   → 36/951: ✅ 0 взято | 🗑️ 0 мусор
2026-05-22 02:49:12,197 | INFO     |   → 37/951: ✅ 0 взято | 🗑️ 0 мусор
2026-05-22 02:49:12,197 | INFO     |   → 38/951: ✅ 0 взято | 🗑️ 0 мусор
2026-05-22 02:49:12,197 | INFO     |   → 39/951: ✅ 0 взято | 🗑️ 0 мусор
2026-05-22 02:49:12,197 | INFO     |   → 40/951: ✅ 0 взято | 🗑️ 0 мусор
2026-05-22 02:49:12,197 | INFO     |   → 41/951: ✅ 0 взято | 🗑️ 0 мусор
2026-05-22 02:49:12,197 | INFO     |   → 42/951: ✅ 0 взято | 🗑️ 0 мусор
2026-05-22 02:49:12,197 | INFO     |   → 43/951: ✅ 0 взято | 🗑️ 0 мусор
2026-05-22 02:49:12,197 | INFO     |   → 44/951: ✅ 0 взято | 🗑️ 0 мусор
2026-05-22 02:49:12,197 | INFO     |   → 45/951: ✅ 0 взято | 🗑️ 0 мусор
2026-05-22 02:49:12,197 | INFO     |   → 46/951: ✅ 0 взято | 🗑️ 0 мусор
2026-05-22 02:49:12,197 | INFO     |   → 47/951: ✅ 0 взято | 🗑️ 0 мусор
2026-05-22 02:49:12,198 | INFO     |   → 48/951: ✅ 0 взято | 🗑️ 0 мусор
2026-05-22 02:49:12,198 | INFO     |   → 49/951: ✅ 0 взято | 🗑️ 0 мусор
2026-05-22 02:49:12,198 | INFO     |   → 50/951: ✅ 0 взято | 🗑️ 0 мусор
2026-05-22 02:49:12,198 | INFO     |   → 51/951: ✅ 0 взято | 🗑️ 0 мусор
2026-05-22 02:49:12,198 | INFO     |   → 52/951: ✅ 0 взято | 🗑️ 0 мусор
2026-05-22 02:49:12,198 | INFO     |   → 53/951: ✅ 0 взято | 🗑️ 0 мусор
2026-05-22 02:49:12,198 | INFO     |   → 54/951: ✅ 0 взято | 🗑️ 0 мусор
2026-05-22 02:49:12,198 | INFO     |   → 55/951: ✅ 0 взято | 🗑️ 0 мусор
2026-05-22 02:49:12,198 | INFO     |   → 56/951: ✅ 0 взято | 🗑️ 0 мусор
2026-05-22 02:49:12,198 | INFO     |   → 57/951: ✅ 0 взято | 🗑️ 0 мусор
2026-05-22 02:49:12,198 | INFO     |   → 58/951: ✅ 0 взято | 🗑️ 0 мусор
2026-05-22 02:49:12,198 | INFO     |   → 59/951: ✅ 0 взято | 🗑️ 0 мусор
2026-05-22 02:49:12,198 | INFO     |   → 60/951: ✅ 0 взято | 🗑️ 0 мусор
2026-05-22 02:49:12,198 | INFO     |   → 61/951: ✅ 0 взято | 🗑️ 0 мусор
2026-05-22 02:49:12,198 | INFO     |   → 62/951: ✅ 0 взято | 🗑️ 0 мусор
2026-05-22 02:49:12,198 | INFO     |   → 63/951: ✅ 0 взято | 🗑️ 0 мусор
2026-05-22 02:49:12,198 | INFO     |   → 64/951: ✅ 0 взято | 🗑️ 0 мусор
2026-05-22 02:49:12,198 | INFO     |   → 65/951: ✅ 0 взято | 🗑️ 0 мусор
2026-05-22 02:49:12,198 | INFO     |   → 66/951: ✅ 0 взято | 🗑️ 0 мусор
2026-05-22 02:49:12,198 | INFO     |   → 67/951: ✅ 0 взято | 🗑️ 0 мусор
2026-05-22 02:49:12,198 | INFO     |   → 68/951: ✅ 0 взято | 🗑️ 0 мусор
2026-05-22 02:49:12,198 | INFO     |   → 69/951: ✅ 0 взято | 🗑️ 0 мусор
2026-05-22 02:49:12,198 | INFO     |   → 70/951: ✅ 0 взято | 🗑️ 0 мусор
2026-05-22 02:49:12,198 | INFO     |   → 71/951: ✅ 0 взято | 🗑️ 0 мусор
2026-05-22 02:49:12,198 | INFO     |   → 72/951: ✅ 0 взято | 🗑️ 0 мусор
2026-05-22 02:49:12,199 | INFO     |   → 73/951: ✅ 0 взято | 🗑️ 0 мусор
2026-05-22 02:49:12,199 | INFO     |   → 74/951: ✅ 0 взято | 🗑️ 0 мусор
2026-05-22 02:49:12,199 | INFO     |   → 75/951: ✅ 0 взято | 🗑️ 0 мусор
2026-05-22 02:49:12,199 | INFO     |   → 76/951: ✅ 0 взято | 🗑️ 0 мусор
2026-05-22 02:49:12,199 | INFO     |   → 77/951: ✅ 0 взято | 🗑️ 0 мусор
2026-05-22 02:49:12,199 | INFO     |   → 78/951: ✅ 0 взято | 🗑️ 0 мусор
2026-05-22 02:49:12,199 | INFO     |   → 79/951: ✅ 0 взято | 🗑️ 0 мусор
2026-05-22 02:49:12,199 | INFO     |   → 80/951: ✅ 0 взято | 🗑️ 0 мусор
2026-05-22 02:49:12,199 | INFO     |   → 81/951: ✅ 0 взято | 🗑️ 0 мусор
2026-05-22 02:49:12,199 | INFO     |   → 82/951: ✅ 0 взято | 🗑️ 0 мусор
2026-05-22 02:49:12,199 | INFO     |   → 83/951: ✅ 0 взято | 🗑️ 0 мусор
2026-05-22 02:49:12,199 | INFO     |   → 84/951: ✅ 0 взято | 🗑️ 0 мусор
2026-05-22 02:49:12,199 | INFO     |   → 85/951: ✅ 0 взято | 🗑️ 0 мусор
2026-05-22 02:49:12,199 | INFO     |   → 86/951: ✅ 0 взято | 🗑️ 0 мусор
2026-05-22 02:49:12,199 | INFO     |   → 87/951: ✅ 0 взято | 🗑️ 0 мусор
2026-05-22 02:49:12,199 | INFO     |   → 88/951: ✅ 0 взято | 🗑️ 0 мусор
2026-05-22 02:49:12,199 | INFO     |   → 89/951: ✅ 0 взято | 🗑️ 0 мусор
2026-05-22 02:49:12,199 | INFO     |   → 90/951: ✅ 0 взято | 🗑️ 0 мусор
2026-05-22 02:49:12,199 | INFO     |   → 91/951: ✅ 0 взято | 🗑️ 0 мусор
2026-05-22 02:49:12,199 | INFO     |   → 92/951: ✅ 0 взято | 🗑️ 0 мусор
2026-05-22 02:49:12,199 | INFO     |   → 93/951: ✅ 0 взято | 🗑️ 0 мусор
2026-05-22 02:49:12,199 | INFO     |   → 94/951: ✅ 0 взято | 🗑️ 0 мусор
2026-05-22 02:49:12,199 | INFO     |   → 95/951: ✅ 0 взято | 🗑️ 0 мусор
2026-05-22 02:49:12,199 | INFO     |   → 96/951 ❌ HTTP 404 — https://freessrnode.github.io/uploads/2024/08/0-20240822.txt
2026-05-22 02:49:12,199 | INFO     |   → 97/951 ❌ HTTP 404 — https://freessrnode.github.io/uploads/2024/08/1-20240822.txt
2026-05-22 02:49:12,199 | INFO     |   → 98/951 ❌ HTTP 404 — https://freessrnode.github.io/uploads/2024/08/2-20240822.txt
2026-05-22 02:49:12,200 | INFO     |   → 99/951 ❌ HTTP 404 — https://freessrnode.github.io/uploads/2024/08/3-20240822.txt
2026-05-22 02:49:12,200 | INFO     |   → 100/951 ❌ HTTP 404 — https://freessrnode.github.io/uploads/2024/08/4-20240822.txt
2026-05-22 02:49:12,200 | INFO     |   → 101/951 ⚠️ Ошибка: HTTPSConnectionPool(host='freevpnspy.githubrowcontent.com', port=443): Max retries exceeded with url: /2024/08/20240802_novless.yaml (Caused by NameResolutionError("HTTPSConnection(host='freevpnspy.githubrowcontent.com', port=443): Failed to resolve 'freevpnspy.githubrowcontent.com' ([Errno -2] Name or service not known)")) — https://freevpnspy.githubrowcontent.com/2024/08/20240802_novless.yaml
2026-05-22 02:49:12,200 | INFO     |   → 102/951 ⚠️ Ошибка: HTTPSConnectionPool(host='freevpnspy.githubrowcontent.com', port=443): Max retries exceeded with url: /2024/08/20240802_vless.yaml (Caused by NameResolutionError("HTTPSConnection(host='freevpnspy.githubrowcontent.com', port=443): Failed to resolve 'freevpnspy.githubrowcontent.com' ([Errno -2] Name or service not known)")) — https://freevpnspy.githubrowcontent.com/2024/08/20240802_vless.yaml
2026-05-22 02:49:12,200 | INFO     |   → 103/951: ✅ 0 взято | 🗑️ 0 мусор
2026-05-22 02:49:12,200 | INFO     |   → 104/951: ✅ 20 взято | 🗑️ 218 мусор
2026-05-22 02:49:12,200 | INFO     |   → 105/951: ✅ 9 взято | 🗑️ 211 мусор
2026-05-22 02:49:12,200 | INFO     |   → 106/951: ✅ 0 взято | 🗑️ 0 мусор
2026-05-22 02:49:12,200 | INFO     |   → 107/951: ✅ 0 взято | 🗑️ 193 мусор
2026-05-22 02:49:12,200 | INFO     |   → 108/951: ✅ 0 взято | 🗑️ 0 мусор
2026-05-22 02:49:12,200 | INFO     |   → 109/951: ✅ 0 взято | 🗑️ 0 мусор
2026-05-22 02:49:12,200 | INFO     |   → 110/951: ✅ 0 взято | 🗑️ 198 мусор
2026-05-22 02:49:12,200 | INFO     |   → 111/951 ❌ HTTP 404 — https://github.com/Epodonios/bulk-xray-v2ray-vless-vmess-...-configs/raw/main/sub/Albania/config.txt
2026-05-22 02:49:12,200 | INFO     |   → 112/951 ❌ HTTP 404 — https://github.com/Epodonios/bulk-xray-v2ray-vless-vmess-...-configs/raw/main/sub/Cura%C3%A7ao/config.txt
2026-05-22 02:49:12,200 | INFO     |   → 113/951 ❌ HTTP 404 — https://github.com/Epodonios/bulk-xray-v2ray-vless-vmess-...-configs/raw/main/sub/Finland/config.txt
2026-05-22 02:49:12,200 | INFO     |   → 114/951 ❌ HTTP 404 — https://github.com/Epodonios/bulk-xray-v2ray-vless-vmess-...-configs/raw/main/sub/Iran/config.txt
2026-05-22 02:49:12,200 | INFO     |   → 115/951 ❌ HTTP 404 — https://github.com/Epodonios/bulk-xray-v2ray-vless-vmess-...-configs/raw/main/sub/Netherlands/config.txt
2026-05-22 02:49:12,200 | INFO     |   → 116/951 ❌ HTTP 404 — https://github.com/Epodonios/bulk-xray-v2ray-vless-vmess-...-configs/raw/main/sub/Norway/config.txt
2026-05-22 02:49:12,200 | INFO     |   → 117/951 ❌ HTTP 404 — https://github.com/Epodonios/bulk-xray-v2ray-vless-vmess-...-configs/raw/main/sub/Russia/config.txt
2026-05-22 02:49:12,200 | INFO     |   → 118/951: ✅ 13 взято | 🗑️ 70 мусор
2026-05-22 02:49:12,200 | INFO     |   → 119/951: ✅ 0 взято | 🗑️ 4 мусор
2026-05-22 02:49:12,200 | INFO     |   → 120/951: ✅ 0 взято | 🗑️ 7 мусор
2026-05-22 02:49:12,200 | INFO     |   → 121/951: ✅ 0 взято | 🗑️ 51 мусор
2026-05-22 02:49:12,200 | INFO     |   → 122/951: ✅ 0 взято | 🗑️ 8 мусор
2026-05-22 02:49:12,200 | INFO     |   → 123/951: ✅ 0 взято | 🗑️ 0 мусор
2026-05-22 02:49:12,200 | INFO     |   → 124/951: ✅ 17 взято | 🗑️ 119 мусор
2026-05-22 02:49:12,201 | INFO     |   → 125/951 ❌ HTTP 404 — https://github.com/MrMohebi/xray-proxy-grabber-telegram/raw/master/collected-proxies/clash-meta/all.yaml
2026-05-22 02:49:12,201 | INFO     |   → 126/951 ❌ HTTP 404 — https://github.com/MrMohebi/xray-proxy-grabber-telegram/raw/master/collected-proxies/row-url/all.txt
2026-05-22 02:49:12,201 | INFO     |   → 127/951: ✅ 0 взято | 🗑️ 0 мусор
2026-05-22 02:49:12,201 | INFO     |   → 128/951: ✅ 0 взято | 🗑️ 113 мусор
2026-05-22 02:49:12,201 | INFO     |   → 129/951: ✅ 0 взято | 🗑️ 119 мусор
2026-05-22 02:49:12,201 | INFO     |   → 130/951 ❌ HTTP 404 — https://github.com/abbasdvd3/abbasdvd10/73ec60de7a6c6aa6df4c14b511c1da60686891ca/ppo.txt
2026-05-22 02:49:12,201 | INFO     |   → 131/951 ❌ HTTP 404 — https://github.com/acymz/AutoVPN/refs/heads/main/data/V2.txt
2026-05-22 02:49:12,201 | INFO     |   → 132/951: ✅ 0 взято | 🗑️ 0 мусор
2026-05-22 02:49:12,201 | INFO     |   → 133/951: ✅ 0 взято | 🗑️ 0 мусор
2026-05-22 02:49:12,201 | INFO     |   → 134/951: ✅ 0 взято | 🗑️ 0 мусор
2026-05-22 02:49:12,201 | INFO     |   → 135/951: ✅ 0 взято | 🗑️ 0 мусор
2026-05-22 02:49:12,201 | INFO     |   → 136/951: ✅ 0 взято | 🗑️ 0 мусор
2026-05-22 02:49:12,201 | INFO     |   → 137/951: ✅ 0 взято | 🗑️ 0 мусор
2026-05-22 02:49:12,201 | INFO     |   → 138/951: ✅ 0 взято | 🗑️ 0 мусор
2026-05-22 02:49:12,201 | INFO     |   → 139/951 ❌ HTTP 404 — https://github.com/mermeroo/V2RAY-FREE/raw/main/All_Configs_base64_Sub.txt
2026-05-22 02:49:12,201 | INFO     |   → 140/951 ❌ HTTP 404 — https://github.com/mermeroo/V2RAY-FREE/raw/main/Base64/Sub1_base64.txt
2026-05-22 02:49:12,201 | INFO     |   → 141/951 ❌ HTTP 404 — https://github.com/mermeroo/V2RAY-FREE/raw/main/Base64/Sub2_base64.txt
2026-05-22 02:49:12,201 | INFO     |   → 142/951 ❌ HTTP 404 — https://github.com/mermeroo/V2RAY-FREE/raw/main/Base64/Sub3_base64.txt
2026-05-22 02:49:12,201 | INFO     |   → 143/951 ❌ HTTP 404 — https://github.com/mermeroo/V2RAY-FREE/raw/main/Base64/Sub4_base64.txt
2026-05-22 02:49:12,201 | INFO     |   → 144/951 ❌ HTTP 404 — https://github.com/mermeroo/V2RAY-FREE/raw/main/Base64/Sub5_base64.txt
2026-05-22 02:49:12,201 | INFO     |   → 145/951 ❌ HTTP 404 — https://github.com/mermeroo/telegram-configs-collector/raw/main/protocols/hysteria
2026-05-22 02:49:12,201 | INFO     |   → 146/951 ❌ HTTP 404 — https://github.com/mermeroo/telegram-configs-collector/raw/main/protocols/juicity
2026-05-22 02:49:12,201 | INFO     |   → 147/951 ❌ HTTP 404 — https://github.com/mermeroo/telegram-configs-collector/raw/main/protocols/tuic
2026-05-22 02:49:12,201 | INFO     |   → 148/951: ✅ 5 взято | 🗑️ 16 мусор
2026-05-22 02:49:12,201 | INFO     |   → 149/951: ✅ 0 взято | 🗑️ 0 мусор
2026-05-22 02:49:12,201 | INFO     |   → 150/951: ✅ 0 взято | 🗑️ 0 мусор
2026-05-22 02:49:12,202 | INFO     |   → 151/951: ✅ 0 взято | 🗑️ 0 мусор
2026-05-22 02:49:12,202 | INFO     |   → 152/951: ✅ 3 взято | 🗑️ 238 мусор
2026-05-22 02:49:12,202 | INFO     |   → 153/951: ✅ 0 взято | 🗑️ 0 мусор
2026-05-22 02:49:12,202 | INFO     |   → 154/951: ✅ 3 взято | 🗑️ 239 мусор
2026-05-22 02:49:12,202 | INFO     |   → 155/951: ✅ 0 взято | 🗑️ 0 мусор
2026-05-22 02:49:12,202 | INFO     |   → 156/951: ✅ 0 взято | 🗑️ 255 мусор
2026-05-22 02:49:12,202 | INFO     |   → 157/951: ✅ 0 взято | 🗑️ 0 мусор
2026-05-22 02:49:12,202 | INFO     |   → 158/951: ✅ 1 взято | 🗑️ 249 мусор
2026-05-22 02:49:12,202 | INFO     |   → 159/951: ✅ 0 взято | 🗑️ 0 мусор
2026-05-22 02:49:12,202 | INFO     |   → 160/951: ✅ 0 взято | 🗑️ 207 мусор
2026-05-22 02:49:12,202 | INFO     |   → 161/951: ✅ 0 взято | 🗑️ 0 мусор
2026-05-22 02:49:12,202 | INFO     |   → 162/951: ✅ 0 взято | 🗑️ 228 мусор
2026-05-22 02:49:12,202 | INFO     |   → 163/951: ✅ 0 взято | 🗑️ 0 мусор
2026-05-22 02:49:12,202 | INFO     |   → 164/951: ✅ 1 взято | 🗑️ 291 мусор
2026-05-22 02:49:12,202 | INFO     |   → 165/951: ✅ 0 взято | 🗑️ 0 мусор
2026-05-22 02:49:12,202 | INFO     |   → 166/951: ✅ 3 взято | 🗑️ 221 мусор
2026-05-22 02:49:12,202 | INFO     |   → 167/951: ✅ 0 взято | 🗑️ 0 мусор
2026-05-22 02:49:12,202 | INFO     |   → 168/951: ✅ 1 взято | 🗑️ 222 мусор
2026-05-22 02:49:12,202 | INFO     |   → 169/951: ✅ 0 взято | 🗑️ 0 мусор
2026-05-22 02:49:12,202 | INFO     |   → 170/951: ✅ 1 взято | 🗑️ 218 мусор
2026-05-22 02:49:12,202 | INFO     |   → 171/951: ✅ 0 взято | 🗑️ 0 мусор
2026-05-22 02:49:12,202 | INFO     |   → 172/951: ✅ 0 взято | 🗑️ 193 мусор
2026-05-22 02:49:12,202 | INFO     |   → 173/951: ✅ 0 взято | 🗑️ 0 мусор
2026-05-22 02:49:12,202 | INFO     |   → 174/951: ✅ 0 взято | 🗑️ 290 мусор
2026-05-22 02:49:12,202 | INFO     |   → 175/951: ✅ 0 взято | 🗑️ 0 мусор
2026-05-22 02:49:12,202 | INFO     |   → 176/951: ✅ 0 взято | 🗑️ 238 мусор
2026-05-22 02:49:12,202 | INFO     |   → 177/951: ✅ 0 взято | 🗑️ 0 мусор
2026-05-22 02:49:12,203 | INFO     |   → 178/951: ✅ 0 взято | 🗑️ 221 мусор
2026-05-22 02:49:12,203 | INFO     |   → 179/951: ✅ 0 взято | 🗑️ 0 мусор
2026-05-22 02:49:12,203 | INFO     |   → 180/951: ✅ 0 взято | 🗑️ 248 мусор
2026-05-22 02:49:12,203 | INFO     |   → 181/951: ✅ 0 взято | 🗑️ 0 мусор
2026-05-22 02:49:12,203 | INFO     |   → 182/951: ✅ 0 взято | 🗑️ 203 мусор
2026-05-22 02:49:12,203 | INFO     |   → 183/951: ✅ 0 взято | 🗑️ 0 мусор
2026-05-22 02:49:12,203 | INFO     |   → 184/951: ✅ 0 взято | 🗑️ 208 мусор
2026-05-22 02:49:12,203 | INFO     |   → 185/951: ✅ 0 взято | 🗑️ 0 мусор
2026-05-22 02:49:12,203 | INFO     |   → 186/951: ✅ 2 взято | 🗑️ 209 мусор
2026-05-22 02:49:12,203 | INFO     |   → 187/951: ✅ 0 взято | 🗑️ 0 мусор
2026-05-22 02:49:12,203 | INFO     |   → 188/951: ✅ 0 взято | 🗑️ 258 мусор
2026-05-22 02:49:12,203 | INFO     |   → 189/951: ✅ 0 взято | 🗑️ 0 мусор
2026-05-22 02:49:12,203 | INFO     |   → 190/951: ✅ 0 взято | 🗑️ 296 мусор
2026-05-22 02:49:12,203 | INFO     |   → 191/951: ✅ 0 взято | 🗑️ 0 мусор
2026-05-22 02:49:12,203 | INFO     |   → 192/951: ✅ 1 взято | 🗑️ 286 мусор
2026-05-22 02:49:12,203 | INFO     |   → 193/951: ✅ 0 взято | 🗑️ 0 мусор
2026-05-22 02:49:12,203 | INFO     |   → 194/951: ✅ 0 взято | 🗑️ 195 мусор
2026-05-22 02:49:12,203 | INFO     |   → 195/951: ✅ 0 взято | 🗑️ 0 мусор
2026-05-22 02:49:12,203 | INFO     |   → 196/951: ✅ 0 взято | 🗑️ 170 мусор
2026-05-22 02:49:12,203 | INFO     |   → 197/951: ✅ 0 взято | 🗑️ 0 мусор
2026-05-22 02:49:12,203 | INFO     |   → 198/951: ✅ 0 взято | 🗑️ 160 мусор
2026-05-22 02:49:12,203 | INFO     |   → 199/951: ✅ 0 взято | 🗑️ 0 мусор
2026-05-22 02:49:12,203 | INFO     |   → 200/951: ✅ 0 взято | 🗑️ 121 мусор
2026-05-22 02:49:12,203 | INFO     |   → 201/951: ✅ 0 взято | 🗑️ 0 мусор
2026-05-22 02:49:12,203 | INFO     |   → 202/951: ✅ 0 взято | 🗑️ 135 мусор
2026-05-22 02:49:12,203 | INFO     |   → 203/951: ✅ 0 взято | 🗑️ 0 мусор
2026-05-22 02:49:12,204 | INFO     |   → 204/951: ✅ 1 взято | 🗑️ 129 мусор
2026-05-22 02:49:12,204 | INFO     |   → 205/951: ✅ 0 взято | 🗑️ 0 мусор
2026-05-22 02:49:12,204 | INFO     |   → 206/951: ✅ 0 взято | 🗑️ 189 мусор
2026-05-22 02:49:12,204 | INFO     |   → 207/951: ✅ 0 взято | 🗑️ 0 мусор
2026-05-22 02:49:12,204 | INFO     |   → 208/951: ✅ 3 взято | 🗑️ 147 мусор
2026-05-22 02:49:12,204 | INFO     |   → 209/951: ✅ 0 взято | 🗑️ 0 мусор
2026-05-22 02:49:12,204 | INFO     |   → 210/951: ✅ 1 взято | 🗑️ 183 мусор
2026-05-22 02:49:12,204 | INFO     |   → 211/951: ✅ 0 взято | 🗑️ 0 мусор
2026-05-22 02:49:12,204 | INFO     |   → 212/951: ✅ 0 взято | 🗑️ 155 мусор
2026-05-22 02:49:12,204 | INFO     |   → 213/951: ✅ 0 взято | 🗑️ 0 мусор
2026-05-22 02:49:12,204 | INFO     |   → 214/951: ✅ 0 взято | 🗑️ 114 мусор
2026-05-22 02:49:12,204 | INFO     |   → 215/951: ✅ 0 взято | 🗑️ 0 мусор
2026-05-22 02:49:12,204 | INFO     |   → 216/951: ✅ 0 взято | 🗑️ 239 мусор
2026-05-22 02:49:12,204 | INFO     |   → 217/951: ✅ 0 взято | 🗑️ 0 мусор
2026-05-22 02:49:12,204 | INFO     |   → 218/951: ✅ 0 взято | 🗑️ 204 мусор
2026-05-22 02:49:12,204 | INFO     |   → 219/951: ✅ 0 взято | 🗑️ 0 мусор
2026-05-22 02:49:12,204 | INFO     |   → 220/951: ✅ 0 взято | 🗑️ 232 мусор
2026-05-22 02:49:12,204 | INFO     |   → 221/951: ✅ 0 взято | 🗑️ 0 мусор
2026-05-22 02:49:12,204 | INFO     |   → 222/951: ✅ 0 взято | 🗑️ 192 мусор
2026-05-22 02:49:12,204 | INFO     |   → 223/951: ✅ 0 взято | 🗑️ 0 мусор
2026-05-22 02:49:12,204 | INFO     |   → 224/951: ✅ 0 взято | 🗑️ 183 мусор
2026-05-22 02:49:12,204 | INFO     |   → 225/951: ✅ 0 взято | 🗑️ 0 мусор
2026-05-22 02:49:12,204 | INFO     |   → 226/951: ✅ 0 взято | 🗑️ 169 мусор
2026-05-22 02:49:12,204 | INFO     |   → 227/951: ✅ 0 взято | 🗑️ 0 мусор
2026-05-22 02:49:12,204 | INFO     |   → 228/951: ✅ 0 взято | 🗑️ 167 мусор
2026-05-22 02:49:12,204 | INFO     |   → 229/951: ✅ 0 взято | 🗑️ 0 мусор
2026-05-22 02:49:12,204 | INFO     |   → 230/951: ✅ 0 взято | 🗑️ 193 мусор
2026-05-22 02:49:12,205 | INFO     |   → 231/951: ✅ 0 взято | 🗑️ 0 мусор
2026-05-22 02:49:12,205 | INFO     |   → 232/951: ✅ 1 взято | 🗑️ 161 мусор
2026-05-22 02:49:12,205 | INFO     |   → 233/951: ✅ 0 взято | 🗑️ 0 мусор
2026-05-22 02:49:12,205 | INFO     |   → 234/951: ✅ 0 взято | 🗑️ 171 мусор
2026-05-22 02:49:12,205 | INFO     |   → 235/951: ✅ 0 взято | 🗑️ 0 мусор
2026-05-22 02:49:12,205 | INFO     |   → 236/951: ✅ 0 взято | 🗑️ 174 мусор
2026-05-22 02:49:12,205 | INFO     |   → 237/951: ✅ 0 взято | 🗑️ 0 мусор
2026-05-22 02:49:12,205 | INFO     |   → 238/951 ⚠️ Ошибка: HTTPSConnectionPool(host='ivuxy.tech', port=443): Max retries exceeded with url: /v.txt (Caused by NameResolutionError("HTTPSConnection(host='ivuxy.tech', port=443): Failed to resolve 'ivuxy.tech' ([Errno -2] Name or service not known)")) — https://ivuxy.tech/v.txt
2026-05-22 02:49:12,205 | INFO     |   → 239/951 ⚠️ Ошибка: HTTPSConnectionPool(host='mirror.ghproxy.com', port=443): Max retries exceeded with url: /https://raw.githubusercontent.com/Barabama/FreeNodes/master/nodes/blues.txt (Caused by NameResolutionError("HTTPSConnection(host='mirror.ghproxy.com', port=443): Failed to resolve 'mirror.ghproxy.com' ([Errno -2] Name or service not known)")) — https://mirror.ghproxy.com/https://raw.githubusercontent.com/Barabama/FreeNodes/master/nodes/blues.txt
2026-05-22 02:49:12,205 | INFO     |   → 240/951 ⚠️ Ошибка: HTTPSConnectionPool(host='mirror.ghproxy.com', port=443): Max retries exceeded with url: /https://raw.githubusercontent.com/Barabama/FreeNodes/master/nodes/halekj.txt (Caused by NameResolutionError("HTTPSConnection(host='mirror.ghproxy.com', port=443): Failed to resolve 'mirror.ghproxy.com' ([Errno -2] Name or service not known)")) — https://mirror.ghproxy.com/https://raw.githubusercontent.com/Barabama/FreeNodes/master/nodes/halekj.txt
2026-05-22 02:49:12,205 | INFO     |   → 241/951 ⚠️ Ошибка: HTTPSConnectionPool(host='mirror.ghproxy.com', port=443): Max retries exceeded with url: /https://raw.githubusercontent.com/Barabama/FreeNodes/master/nodes/kkzui.txt (Caused by NameResolutionError("HTTPSConnection(host='mirror.ghproxy.com', port=443): Failed to resolve 'mirror.ghproxy.com' ([Errno -2] Name or service not known)")) — https://mirror.ghproxy.com/https://raw.githubusercontent.com/Barabama/FreeNodes/master/nodes/kkzui.txt
2026-05-22 02:49:12,205 | INFO     |   → 242/951 ⚠️ Ошибка: HTTPSConnectionPool(host='mirror.ghproxy.com', port=443): Max retries exceeded with url: /https://raw.githubusercontent.com/Barabama/FreeNodes/master/nodes/merged.txt (Caused by NameResolutionError("HTTPSConnection(host='mirror.ghproxy.com', port=443): Failed to resolve 'mirror.ghproxy.com' ([Errno -2] Name or service not known)")) — https://mirror.ghproxy.com/https://raw.githubusercontent.com/Barabama/FreeNodes/master/nodes/merged.txt
2026-05-22 02:49:12,205 | INFO     |   → 243/951 ⚠️ Ошибка: HTTPSConnectionPool(host='mirror.ghproxy.com', port=443): Max retries exceeded with url: /https://raw.githubusercontent.com/Barabama/FreeNodes/master/nodes/nodefree.txt (Caused by NameResolutionError("HTTPSConnection(host='mirror.ghproxy.com', port=443): Failed to resolve 'mirror.ghproxy.com' ([Errno -2] Name or service not known)")) — https://mirror.ghproxy.com/https://raw.githubusercontent.com/Barabama/FreeNodes/master/nodes/nodefree.txt
2026-05-22 02:49:12,205 | INFO     |   → 244/951 ⚠️ Ошибка: HTTPSConnectionPool(host='mirror.ghproxy.com', port=443): Max retries exceeded with url: /https://raw.githubusercontent.com/Barabama/FreeNodes/master/nodes/openrunner.txt (Caused by NameResolutionError("HTTPSConnection(host='mirror.ghproxy.com', port=443): Failed to resolve 'mirror.ghproxy.com' ([Errno -2] Name or service not known)")) — https://mirror.ghproxy.com/https://raw.githubusercontent.com/Barabama/FreeNodes/master/nodes/openrunner.txt
2026-05-22 02:49:12,205 | INFO     |   → 245/951 ⚠️ Ошибка: HTTPSConnectionPool(host='mirror.ghproxy.com', port=443): Max retries exceeded with url: /https://raw.githubusercontent.com/Barabama/FreeNodes/master/nodes/v2rayshare.txt (Caused by NameResolutionError("HTTPSConnection(host='mirror.ghproxy.com', port=443): Failed to resolve 'mirror.ghproxy.com' ([Errno -2] Name or service not known)")) — https://mirror.ghproxy.com/https://raw.githubusercontent.com/Barabama/FreeNodes/master/nodes/v2rayshare.txt
2026-05-22 02:49:12,205 | INFO     |   → 246/951 ⚠️ Ошибка: HTTPSConnectionPool(host='mirror.ghproxy.com', port=443): Max retries exceeded with url: /https://raw.githubusercontent.com/Barabama/FreeNodes/master/nodes/wenode.txt (Caused by NameResolutionError("HTTPSConnection(host='mirror.ghproxy.com', port=443): Failed to resolve 'mirror.ghproxy.com' ([Errno -2] Name or service not known)")) — https://mirror.ghproxy.com/https://raw.githubusercontent.com/Barabama/FreeNodes/master/nodes/wenode.txt
2026-05-22 02:49:12,205 | INFO     |   → 247/951 ⚠️ Ошибка: HTTPSConnectionPool(host='mirror.ghproxy.com', port=443): Max retries exceeded with url: /https://raw.githubusercontent.com/Barabama/FreeNodes/master/nodes/yudou66.txt (Caused by NameResolutionError("HTTPSConnection(host='mirror.ghproxy.com', port=443): Failed to resolve 'mirror.ghproxy.com' ([Errno -2] Name or service not known)")) — https://mirror.ghproxy.com/https://raw.githubusercontent.com/Barabama/FreeNodes/master/nodes/yudou66.txt
2026-05-22 02:49:12,205 | INFO     |   → 248/951: ✅ 7 взято | 🗑️ 17 мусор
2026-05-22 02:49:12,205 | INFO     |   → 249/951: ✅ 0 взято | 🗑️ 17 мусор
2026-05-22 02:49:12,205 | INFO     |   → 250/951: ✅ 14 взято | 🗑️ 14 мусор
2026-05-22 02:49:12,205 | INFO     |   → 251/951: ✅ 0 взято | 🗑️ 14 мусор
2026-05-22 02:49:12,205 | INFO     |   → 252/951: ✅ 0 взято | 🗑️ 14 мусор
2026-05-22 02:49:12,205 | INFO     |   → 253/951: ✅ 0 взято | 🗑️ 14 мусор
2026-05-22 02:49:12,205 | INFO     |   → 254/951: ✅ 0 взято | 🗑️ 14 мусор
2026-05-22 02:49:12,205 | INFO     |   → 255/951: ✅ 0 взято | 🗑️ 14 мусор
2026-05-22 02:49:12,205 | INFO     |   → 256/951: ✅ 0 взято | 🗑️ 14 мусор
2026-05-22 02:49:12,206 | INFO     |   → 257/951: ✅ 0 взято | 🗑️ 14 мусор
2026-05-22 02:49:12,206 | INFO     |   → 258/951: ✅ 0 взято | 🗑️ 14 мусор
2026-05-22 02:49:12,206 | INFO     |   → 259/951: ✅ 7 взято | 🗑️ 21 мусор
2026-05-22 02:49:12,206 | INFO     |   → 260/951: ✅ 0 взято | 🗑️ 21 мусор
2026-05-22 02:49:12,206 | INFO     |   → 261/951: ✅ 0 взято | 🗑️ 21 мусор
2026-05-22 02:49:12,206 | INFO     |   → 262/951: ✅ 0 взято | 🗑️ 21 мусор
2026-05-22 02:49:12,206 | INFO     |   → 263/951: ✅ 0 взято | 🗑️ 21 мусор
2026-05-22 02:49:12,206 | INFO     |   → 264/951: ✅ 0 взято | 🗑️ 21 мусор
2026-05-22 02:49:12,206 | INFO     |   → 265/951: ✅ 0 взято | 🗑️ 21 мусор
2026-05-22 02:49:12,206 | INFO     |   → 266/951: ✅ 0 взято | 🗑️ 21 мусор
2026-05-22 02:49:12,206 | INFO     |   → 267/951: ✅ 0 взято | 🗑️ 21 мусор
2026-05-22 02:49:12,206 | INFO     |   → 268/951: ✅ 0 взято | 🗑️ 21 мусор
2026-05-22 02:49:12,206 | INFO     |   → 269/951: ✅ 0 взято | 🗑️ 21 мусор
2026-05-22 02:49:12,206 | INFO     |   → 270/951: ✅ 5 взято | 🗑️ 15 мусор
2026-05-22 02:49:12,206 | INFO     |   → 271/951: ✅ 0 взято | 🗑️ 15 мусор
2026-05-22 02:49:12,206 | INFO     |   → 272/951: ✅ 0 взято | 🗑️ 15 мусор
2026-05-22 02:49:12,206 | INFO     |   → 273/951: ✅ 0 взято | 🗑️ 15 мусор
2026-05-22 02:49:12,206 | INFO     |   → 274/951: ✅ 0 взято | 🗑️ 15 мусор
2026-05-22 02:49:12,206 | INFO     |   → 275/951: ✅ 0 взято | 🗑️ 15 мусор
2026-05-22 02:49:12,206 | INFO     |   → 276/951: ✅ 0 взято | 🗑️ 15 мусор
2026-05-22 02:49:12,206 | INFO     |   → 277/951: ✅ 0 взято | 🗑️ 15 мусор
2026-05-22 02:49:12,206 | INFO     |   → 278/951: ✅ 0 взято | 🗑️ 15 мусор
2026-05-22 02:49:12,206 | INFO     |   → 279/951: ✅ 0 взято | 🗑️ 14 мусор
2026-05-22 02:49:12,206 | INFO     |   → 280/951: ✅ 0 взято | 🗑️ 14 мусор
2026-05-22 02:49:12,206 | INFO     |   → 281/951: ✅ 0 взято | 🗑️ 14 мусор
2026-05-22 02:49:12,206 | INFO     |   → 282/951: ✅ 0 взято | 🗑️ 14 мусор
2026-05-22 02:49:12,207 | INFO     |   → 283/951: ✅ 6 взято | 🗑️ 17 мусор
2026-05-22 02:49:12,207 | INFO     |   → 284/951: ✅ 0 взято | 🗑️ 17 мусор
2026-05-22 02:49:12,207 | INFO     |   → 285/951: ✅ 0 взято | 🗑️ 17 мусор
2026-05-22 02:49:12,207 | INFO     |   → 286/951: ✅ 0 взято | 🗑️ 17 мусор
2026-05-22 02:49:12,207 | INFO     |   → 287/951: ✅ 0 взято | 🗑️ 17 мусор
2026-05-22 02:49:12,207 | INFO     |   → 288/951: ✅ 0 взято | 🗑️ 17 мусор
2026-05-22 02:49:12,207 | INFO     |   → 289/951: ✅ 6 взято | 🗑️ 24 мусор
2026-05-22 02:49:12,207 | INFO     |   → 290/951 ❌ HTTP 403 — https://nodefree.org/dy/2023/08/20230806.yaml
2026-05-22 02:49:12,207 | INFO     |   → 291/951 ❌ HTTP 403 — https://nodefree.org/dy/2023/12/20231221.txt
2026-05-22 02:49:12,207 | INFO     |   → 292/951: ✅ 0 взято | 🗑️ 17 мусор
2026-05-22 02:49:12,207 | INFO     |   → 293/951: ✅ 0 взято | 🗑️ 17 мусор
2026-05-22 02:49:12,207 | INFO     |   → 294/951: ✅ 0 взято | 🗑️ 14 мусор
2026-05-22 02:49:12,207 | INFO     |   → 295/951: ✅ 0 взято | 🗑️ 14 мусор
2026-05-22 02:49:12,207 | INFO     |   → 296/951: ✅ 0 взято | 🗑️ 14 мусор
2026-05-22 02:49:12,207 | INFO     |   → 297/951: ✅ 0 взято | 🗑️ 14 мусор
2026-05-22 02:49:12,207 | INFO     |   → 298/951: ✅ 0 взято | 🗑️ 14 мусор
2026-05-22 02:49:12,207 | INFO     |   → 299/951: ✅ 0 взято | 🗑️ 14 мусор
2026-05-22 02:49:12,207 | INFO     |   → 300/951: ✅ 0 взято | 🗑️ 14 мусор
2026-05-22 02:49:12,207 | INFO     |   → 301/951: ✅ 0 взято | 🗑️ 14 мусор
2026-05-22 02:49:12,207 | INFO     |   → 302/951: ✅ 0 взято | 🗑️ 14 мусор
2026-05-22 02:49:12,207 | INFO     |   → 303/951: ✅ 0 взято | 🗑️ 21 мусор
2026-05-22 02:49:12,207 | INFO     |   → 304/951: ✅ 0 взято | 🗑️ 21 мусор
2026-05-22 02:49:12,207 | INFO     |   → 305/951: ✅ 0 взято | 🗑️ 21 мусор
2026-05-22 02:49:12,207 | INFO     |   → 306/951: ✅ 0 взято | 🗑️ 21 мусор
2026-05-22 02:49:12,207 | INFO     |   → 307/951: ✅ 0 взято | 🗑️ 21 мусор
2026-05-22 02:49:12,207 | INFO     |   → 308/951: ✅ 0 взято | 🗑️ 21 мусор
2026-05-22 02:49:12,207 | INFO     |   → 309/951: ✅ 0 взято | 🗑️ 21 мусор
2026-05-22 02:49:12,208 | INFO     |   → 310/951: ✅ 0 взято | 🗑️ 21 мусор
2026-05-22 02:49:12,208 | INFO     |   → 311/951: ✅ 0 взято | 🗑️ 21 мусор
2026-05-22 02:49:12,208 | INFO     |   → 312/951: ✅ 0 взято | 🗑️ 21 мусор
2026-05-22 02:49:12,208 | INFO     |   → 313/951: ✅ 0 взято | 🗑️ 21 мусор
2026-05-22 02:49:12,208 | INFO     |   → 314/951: ✅ 0 взято | 🗑️ 15 мусор
2026-05-22 02:49:12,208 | INFO     |   → 315/951: ✅ 0 взято | 🗑️ 15 мусор
2026-05-22 02:49:12,208 | INFO     |   → 316/951: ✅ 0 взято | 🗑️ 15 мусор
2026-05-22 02:49:12,208 | INFO     |   → 317/951: ✅ 0 взято | 🗑️ 15 мусор
2026-05-22 02:49:12,208 | INFO     |   → 318/951: ✅ 0 взято | 🗑️ 15 мусор
2026-05-22 02:49:12,208 | INFO     |   → 319/951: ✅ 0 взято | 🗑️ 15 мусор
2026-05-22 02:49:12,208 | INFO     |   → 320/951: ✅ 0 взято | 🗑️ 15 мусор
2026-05-22 02:49:12,208 | INFO     |   → 321/951: ✅ 0 взято | 🗑️ 15 мусор
2026-05-22 02:49:12,208 | INFO     |   → 322/951: ✅ 0 взято | 🗑️ 15 мусор
2026-05-22 02:49:12,208 | INFO     |   → 323/951: ✅ 0 взято | 🗑️ 15 мусор
2026-05-22 02:49:12,208 | INFO     |   → 324/951: ✅ 0 взято | 🗑️ 14 мусор
2026-05-22 02:49:12,208 | INFO     |   → 325/951: ✅ 0 взято | 🗑️ 14 мусор
2026-05-22 02:49:12,208 | INFO     |   → 326/951: ✅ 0 взято | 🗑️ 14 мусор
2026-05-22 02:49:12,208 | INFO     |   → 327/951: ✅ 0 взято | 🗑️ 14 мусор
2026-05-22 02:49:12,208 | INFO     |   → 328/951: ✅ 0 взято | 🗑️ 17 мусор
2026-05-22 02:49:12,208 | INFO     |   → 329/951: ✅ 0 взято | 🗑️ 17 мусор
2026-05-22 02:49:12,208 | INFO     |   → 330/951: ✅ 0 взято | 🗑️ 17 мусор
2026-05-22 02:49:12,208 | INFO     |   → 331/951: ✅ 0 взято | 🗑️ 17 мусор
2026-05-22 02:49:12,208 | INFO     |   → 332/951: ✅ 0 взято | 🗑️ 17 мусор
2026-05-22 02:49:12,208 | INFO     |   → 333/951: ✅ 0 взято | 🗑️ 24 мусор
2026-05-22 02:49:12,208 | INFO     |   → 334/951: ✅ 0 взято | 🗑️ 0 мусор
2026-05-22 02:49:12,208 | INFO     |   → 335/951: ✅ 0 взято | 🗑️ 0 мусор
2026-05-22 02:49:12,209 | INFO     |   → 336/951: ✅ 0 взято | 🗑️ 0 мусор
2026-05-22 02:49:12,209 | INFO     |   → 337/951: ✅ 0 взято | 🗑️ 0 мусор
2026-05-22 02:49:12,209 | INFO     |   → 338/951: ✅ 0 взято | 🗑️ 0 мусор
2026-05-22 02:49:12,209 | INFO     |   → 339/951: ✅ 0 взято | 🗑️ 0 мусор
2026-05-22 02:49:12,209 | INFO     |   → 340/951: ✅ 0 взято | 🗑️ 0 мусор
2026-05-22 02:49:12,209 | INFO     |   → 341/951: ✅ 0 взято | 🗑️ 0 мусор
2026-05-22 02:49:12,209 | INFO     |   → 342/951: ✅ 0 взято | 🗑️ 0 мусор
2026-05-22 02:49:12,209 | INFO     |   → 343/951: ✅ 0 взято | 🗑️ 0 мусор
2026-05-22 02:49:12,209 | INFO     |   → 344/951: ✅ 0 взято | 🗑️ 0 мусор
2026-05-22 02:49:12,209 | INFO     |   → 345/951: ✅ 0 взято | 🗑️ 0 мусор
2026-05-22 02:49:12,209 | INFO     |   → 346/951 ❌ HTTP 404 — https://raw.githubusercontent.com/10ium/MihomoSaz/main/Sublist/shatakvpn.yaml4_Sub.txt
2026-05-22 02:49:12,209 | INFO     |   → 347/951: ✅ 0 взято | 🗑️ 0 мусор
2026-05-22 02:49:12,209 | INFO     |   → 348/951: ✅ 0 взято | 🗑️ 0 мусор
2026-05-22 02:49:12,209 | INFO     |   → 349/951: ✅ 12 взято | 🗑️ 38 мусор
2026-05-22 02:49:12,209 | INFO     |   → 350/951: ✅ 0 взято | 🗑️ 0 мусор
2026-05-22 02:49:12,209 | INFO     |   → 351/951: ✅ 0 взято | 🗑️ 0 мусор
2026-05-22 02:49:12,209 | INFO     |   → 352/951: ✅ 11 взято | 🗑️ 399 мусор
2026-05-22 02:49:12,209 | INFO     |   → 353/951: ✅ 0 взято | 🗑️ 0 мусор
2026-05-22 02:49:12,209 | INFO     |   → 354/951 ❌ HTTP 404 — https://raw.githubusercontent.com/9Fork/openit/main/Clash.yaml
2026-05-22 02:49:12,209 | INFO     |   → 355/951: ✅ 100 взято | 🗑️ 381 мусор
2026-05-22 02:49:12,209 | INFO     |   → 356/951: ✅ 0 взято | 🗑️ 381 мусор
2026-05-22 02:49:12,209 | INFO     |   → 357/951: ✅ 19 взято | 🗑️ 81 мусор
2026-05-22 02:49:12,209 | INFO     |   → 358/951: ✅ 11 взято | 🗑️ 87 мусор
2026-05-22 02:49:12,209 | INFO     |   → 359/951: ✅ 27 взято | 🗑️ 73 мусор
2026-05-22 02:49:12,209 | INFO     |   → 360/951: ✅ 13 взято | 🗑️ 75 мусор
2026-05-22 02:49:12,209 | INFO     |   → 361/951: ✅ 10 взято | 🗑️ 83 мусор
2026-05-22 02:49:12,209 | INFO     |   → 362/951: ✅ 12 взято | 🗑️ 86 мусор
2026-05-22 02:49:12,209 | INFO     |   → 363/951: ✅ 11 взято | 🗑️ 87 мусор
2026-05-22 02:49:12,209 | INFO     |   → 364/951: ✅ 11 взято | 🗑️ 80 мусор
2026-05-22 02:49:12,209 | INFO     |   → 365/951: ✅ 9 взято | 🗑️ 82 мусор
2026-05-22 02:49:12,210 | INFO     |   → 366/951: ✅ 69 взято | 🗑️ 3 мусор
2026-05-22 02:49:12,210 | INFO     |   → 367/951: ✅ 3 взято | 🗑️ 75 мусор
2026-05-22 02:49:12,210 | INFO     |   → 368/951: ✅ 4 взято | 🗑️ 69 мусор
2026-05-22 02:49:12,210 | INFO     |   → 369/951: ✅ 4 взято | 🗑️ 80 мусор
2026-05-22 02:49:12,210 | INFO     |   → 370/951: ✅ 6 взято | 🗑️ 81 мусор
2026-05-22 02:49:12,210 | INFO     |   → 371/951: ✅ 5 взято | 🗑️ 79 мусор
2026-05-22 02:49:12,210 | INFO     |   → 372/951: ✅ 11 взято | 🗑️ 78 мусор
2026-05-22 02:49:12,210 | INFO     |   → 373/951: ✅ 3 взято | 🗑️ 83 мусор
2026-05-22 02:49:12,210 | INFO     |   → 374/951: ✅ 14 взято | 🗑️ 76 мусор
2026-05-22 02:49:12,210 | INFO     |   → 375/951: ✅ 12 взято | 🗑️ 78 мусор
2026-05-22 02:49:12,210 | INFO     |   → 376/951: ✅ 26 взято | 🗑️ 218 мусор
2026-05-22 02:49:12,210 | INFO     |   → 377/951: ✅ 44 взято | 🗑️ 141 мусор
2026-05-22 02:49:12,210 | INFO     |   → 378/951: ✅ 10 взято | 🗑️ 71 мусор
2026-05-22 02:49:12,210 | INFO     |   → 379/951: ✅ 2 взято | 🗑️ 88 мусор
2026-05-22 02:49:12,210 | INFO     |   → 380/951: ✅ 0 взято | 🗑️ 3 мусор
2026-05-22 02:49:12,210 | INFO     |   → 381/951: ✅ 14 взято | 🗑️ 4 мусор
2026-05-22 02:49:12,210 | INFO     |   → 382/951: ✅ 613 взято | 🗑️ 2508 мусор
2026-05-22 02:49:12,210 | INFO     |   → 383/951 ❌ HTTP 404 — https://raw.githubusercontent.com/Alvin9999/pac2/master/clash/1/config.yaml
2026-05-22 02:49:12,210 | INFO     |   → 384/951 ❌ HTTP 404 — https://raw.githubusercontent.com/AmirHDevo/temp2/7f15e7ddb311a6f8c5ab338bd1af0e1f2136a84b/configs.txt
2026-05-22 02:49:12,210 | INFO     |   → 385/951: ✅ 7 взято | 🗑️ 130 мусор
2026-05-22 02:49:12,210 | INFO     |   → 386/951: ✅ 1865 взято | 🗑️ 34201 мусор
2026-05-22 02:49:12,210 | INFO     |   → 387/951: ✅ 5 взято | 🗑️ 47 мусор
2026-05-22 02:49:12,210 | INFO     |   → 388/951: ✅ 4 взято | 🗑️ 57 мусор
2026-05-22 02:49:12,210 | INFO     |   → 389/951: ✅ 21 взято | 🗑️ 107 мусор
2026-05-22 02:49:12,210 | INFO     |   → 390/951: ✅ 78 взято | 🗑️ 347 мусор
2026-05-22 02:49:12,210 | INFO     |   → 391/951: ✅ 0 взято | 🗑️ 1373 мусор
2026-05-22 02:49:12,210 | INFO     |   → 392/951: ✅ 339 взято | 🗑️ 1542 мусор
2026-05-22 02:49:12,211 | INFO     |   → 393/951: ✅ 0 взято | 🗑️ 6 мусор
2026-05-22 02:49:12,211 | INFO     |   → 394/951: ✅ 0 взято | 🗑️ 0 мусор
2026-05-22 02:49:12,211 | INFO     |   → 395/951: ✅ 1 взято | 🗑️ 235 мусор
2026-05-22 02:49:12,211 | INFO     |   → 396/951: ✅ 0 взято | 🗑️ 16 мусор
2026-05-22 02:49:12,211 | INFO     |   → 397/951: ✅ 0 взято | 🗑️ 0 мусор
2026-05-22 02:49:12,211 | INFO     |   → 398/951: ✅ 0 взято | 🗑️ 14 мусор
2026-05-22 02:49:12,211 | INFO     |   → 399/951: ✅ 0 взято | 🗑️ 0 мусор
2026-05-22 02:49:12,211 | INFO     |   → 400/951: ✅ 0 взято | 🗑️ 17 мусор
2026-05-22 02:49:12,211 | INFO     |   → 401/951: ✅ 0 взято | 🗑️ 0 мусор
2026-05-22 02:49:12,211 | INFO     |   → 402/951: ✅ 1 взято | 🗑️ 12 мусор
2026-05-22 02:49:12,211 | INFO     |   → 403/951: ✅ 0 взято | 🗑️ 0 мусор
2026-05-22 02:49:12,211 | INFO     |   → 404/951: ✅ 0 взято | 🗑️ 17 мусор
2026-05-22 02:49:12,211 | INFO     |   → 405/951: ✅ 0 взято | 🗑️ 0 мусор
2026-05-22 02:49:12,211 | INFO     |   → 406/951: ✅ 0 взято | 🗑️ 17 мусор
2026-05-22 02:49:12,211 | INFO     |   → 407/951: ✅ 0 взято | 🗑️ 0 мусор
2026-05-22 02:49:12,211 | INFO     |   → 408/951: ✅ 0 взято | 🗑️ 161 мусор
2026-05-22 02:49:12,211 | INFO     |   → 409/951: ✅ 0 взято | 🗑️ 0 мусор
2026-05-22 02:49:12,211 | INFO     |   → 410/951: ✅ 5 взято | 🗑️ 76 мусор
2026-05-22 02:49:12,211 | INFO     |   → 411/951: ✅ 80 взято | 🗑️ 1110 мусор
2026-05-22 02:49:12,211 | INFO     |   → 412/951: ✅ 5 взято | 🗑️ 13 мусор
2026-05-22 02:49:12,211 | INFO     |   → 413/951 ❌ HTTP 404 — https://raw.githubusercontent.com/Epodonios/bulk-xray-v2ray-vless-vmess-...-configs/main/sub/Austria/config.txt
2026-05-22 02:49:12,211 | INFO     |   → 414/951 ❌ HTTP 404 — https://raw.githubusercontent.com/Epodonios/bulk-xray-v2ray-vless-vmess-...-configs/main/sub/Canada/config.txt
2026-05-22 02:49:12,211 | INFO     |   → 415/951 ❌ HTTP 404 — https://raw.githubusercontent.com/Epodonios/bulk-xray-v2ray-vless-vmess-...-configs/main/sub/Costa%20Rica/config.txt
2026-05-22 02:49:12,211 | INFO     |   → 416/951 ❌ HTTP 404 — https://raw.githubusercontent.com/Epodonios/bulk-xray-v2ray-vless-vmess-...-configs/main/sub/France/config.txt
2026-05-22 02:49:12,211 | INFO     |   → 417/951 ❌ HTTP 404 — https://raw.githubusercontent.com/Epodonios/bulk-xray-v2ray-vless-vmess-...-configs/main/sub/Germany/config.txt
2026-05-22 02:49:12,211 | INFO     |   → 418/951 ❌ HTTP 404 — https://raw.githubusercontent.com/Epodonios/bulk-xray-v2ray-vless-vmess-...-configs/main/sub/Indonesia/config.txt
2026-05-22 02:49:12,212 | INFO     |   → 419/951 ❌ HTTP 404 — https://raw.githubusercontent.com/Epodonios/bulk-xray-v2ray-vless-vmess-...-configs/main/sub/Ireland/config.txt
2026-05-22 02:49:12,212 | INFO     |   → 420/951 ❌ HTTP 404 — https://raw.githubusercontent.com/Epodonios/bulk-xray-v2ray-vless-vmess-...-configs/main/sub/Republic%20of%20Lithuania/config.txt
2026-05-22 02:49:12,212 | INFO     |   → 421/951 ❌ HTTP 404 — https://raw.githubusercontent.com/Epodonios/bulk-xray-v2ray-vless-vmess-...-configs/main/sub/South%20Africa/config.txt
2026-05-22 02:49:12,212 | INFO     |   → 422/951 ❌ HTTP 404 — https://raw.githubusercontent.com/Epodonios/bulk-xray-v2ray-vless-vmess-...-configs/main/sub/Sweden/config.txt
2026-05-22 02:49:12,212 | INFO     |   → 423/951 ❌ HTTP 404 — https://raw.githubusercontent.com/Epodonios/bulk-xray-v2ray-vless-vmess-...-configs/main/sub/Turkey/config.txt
2026-05-22 02:49:12,212 | INFO     |   → 424/951 ❌ HTTP 404 — https://raw.githubusercontent.com/Epodonios/bulk-xray-v2ray-vless-vmess-...-configs/main/sub/United%20Arab%20Emirates/config.txt
2026-05-22 02:49:12,212 | INFO     |   → 425/951 ❌ HTTP 404 — https://raw.githubusercontent.com/Epodonios/bulk-xray-v2ray-vless-vmess-...-configs/main/sub/United%20Kingdom/config.txt
2026-05-22 02:49:12,212 | INFO     |   → 426/951 ❌ HTTP 404 — https://raw.githubusercontent.com/Epodonios/bulk-xray-v2ray-vless-vmess-...-configs/main/sub/United%20States/config.txt
2026-05-22 02:49:12,212 | INFO     |   → 427/951: ✅ 354 взято | 🗑️ 4131 мусор
2026-05-22 02:49:12,212 | INFO     |   → 428/951 ❌ HTTP 404 — https://raw.githubusercontent.com/Epodonios/v2ray-configs/main/Splitted-By-Protocol/mix.txt
2026-05-22 02:49:12,212 | INFO     |   → 429/951: ✅ 4 взято | 🗑️ 330 мусор
2026-05-22 02:49:12,212 | INFO     |   → 430/951: ✅ 0 взято | 🗑️ 0 мусор
2026-05-22 02:49:12,212 | INFO     |   → 431/951: ✅ 0 взято | 🗑️ 296 мусор
2026-05-22 02:49:12,212 | INFO     |   → 432/951: ✅ 8 взято | 🗑️ 2892 мусор
2026-05-22 02:49:12,212 | INFO     |   → 433/951: ✅ 1 взято | 🗑️ 633 мусор
2026-05-22 02:49:12,212 | INFO     |   → 434/951 ❌ HTTP 404 — https://raw.githubusercontent.com/Epodonios/v2ray-configs/raw/main/Splitted-By-Protocol/trojan.txt
2026-05-22 02:49:12,212 | INFO     |   → 435/951 ❌ HTTP 404 — https://raw.githubusercontent.com/Epodonios/v2ray-configs/raw/main/Splitted-By-Protocol/vmess.txt
2026-05-22 02:49:12,212 | INFO     |   → 436/951: ✅ 0 взято | 🗑️ 330 мусор
2026-05-22 02:49:12,212 | INFO     |   → 437/951: ✅ 0 взято | 🗑️ 0 мусор
2026-05-22 02:49:12,212 | INFO     |   → 438/951: ✅ 0 взято | 🗑️ 296 мусор
2026-05-22 02:49:12,212 | INFO     |   → 439/951: ✅ 0 взято | 🗑️ 2892 мусор
2026-05-22 02:49:12,212 | INFO     |   → 440/951: ✅ 0 взято | 🗑️ 633 мусор
2026-05-22 02:49:12,212 | INFO     |   → 441/951 ❌ HTTP 404 — https://raw.githubusercontent.com/Fido6/FreeNodes/57221e59caddde55ffdda21d491ae952cd608049/nodes/halekj.txt
2026-05-22 02:49:12,212 | INFO     |   → 442/951 ❌ HTTP 404 — https://raw.githubusercontent.com/Fido6/FreeNodes/57221e59caddde55ffdda21d491ae952cd608049/nodes/kkzui.txt
2026-05-22 02:49:12,212 | INFO     |   → 443/951 ❌ HTTP 404 — https://raw.githubusercontent.com/Fido6/FreeNodes/57221e59caddde55ffdda21d491ae952cd608049/nodes/wenode.txt
2026-05-22 02:49:12,212 | INFO     |   → 444/951: ✅ 0 взято | 🗑️ 0 мусор
2026-05-22 02:49:12,212 | INFO     |   → 445/951: ✅ 0 взято | 🗑️ 16 мусор
2026-05-22 02:49:12,213 | INFO     |   → 446/951: ✅ 14 взято | 🗑️ 250 мусор
2026-05-22 02:49:12,213 | INFO     |   → 447/951: ✅ 1 взято | 🗑️ 9 мусор
2026-05-22 02:49:12,213 | INFO     |   → 448/951: ✅ 1 взято | 🗑️ 17 мусор
2026-05-22 02:49:12,213 | INFO     |   → 449/951: ✅ 4 взято | 🗑️ 11 мусор
2026-05-22 02:49:12,213 | INFO     |   → 450/951: ✅ 0 взято | 🗑️ 0 мусор
2026-05-22 02:49:12,213 | INFO     |   → 451/951: ✅ 0 взято | 🗑️ 137 мусор
2026-05-22 02:49:12,213 | INFO     |   → 452/951: ✅ 0 взято | 🗑️ 32 мусор
2026-05-22 02:49:12,213 | INFO     |   → 453/951: ✅ 2 взято | 🗑️ 19 мусор
2026-05-22 02:49:12,213 | INFO     |   → 454/951: ✅ 0 взято | 🗑️ 43 мусор
2026-05-22 02:49:12,213 | INFO     |   → 455/951: ✅ 0 взято | 🗑️ 43 мусор
2026-05-22 02:49:12,213 | INFO     |   → 456/951 ❌ HTTP 404 — https://raw.githubusercontent.com/Iran-v2ray/v2ray/main/v2ray
2026-05-22 02:49:12,213 | INFO     |   → 457/951: ✅ 0 взято | 🗑️ 1 мусор
2026-05-22 02:49:12,213 | INFO     |   → 458/951: ✅ 0 взято | 🗑️ 1 мусор
2026-05-22 02:49:12,213 | INFO     |   → 459/951: ✅ 0 взято | 🗑️ 28 мусор
2026-05-22 02:49:12,213 | INFO     |   → 460/951: ✅ 14 взято | 🗑️ 282 мусор
2026-05-22 02:49:12,213 | INFO     |   → 461/951: ✅ 0 взято | 🗑️ 94 мусор
2026-05-22 02:49:12,213 | INFO     |   → 462/951: ✅ 0 взято | 🗑️ 0 мусор
2026-05-22 02:49:12,213 | INFO     |   → 463/951: ✅ 0 взято | 🗑️ 0 мусор
2026-05-22 02:49:12,213 | INFO     |   → 464/951 ❌ HTTP 404 — https://raw.githubusercontent.com/Kwinshadow/TelegramV2rayCollector/raw/refs/heads/main/sublinks/mix.txt
2026-05-22 02:49:12,213 | INFO     |   → 465/951 ❌ HTTP 404 — https://raw.githubusercontent.com/LalatinaHub/Mineral/raw/refs/heads/master/result/nodes
2026-05-22 02:49:12,213 | INFO     |   → 466/951 ❌ HTTP 404 — https://raw.githubusercontent.com/Leon406/SubCrawler/main/sub/share/all3
2026-05-22 02:49:12,213 | INFO     |   → 467/951 ❌ HTTP 404 — https://raw.githubusercontent.com/Leon406/SubCrawler/main/sub/share/all4
2026-05-22 02:49:12,213 | INFO     |   → 468/951: ✅ 4 взято | 🗑️ 335 мусор
2026-05-22 02:49:12,213 | INFO     |   → 469/951: ✅ 0 взято | 🗑️ 33 мусор
2026-05-22 02:49:12,213 | INFO     |   → 470/951: ✅ 0 взято | 🗑️ 6 мусор
2026-05-22 02:49:12,213 | INFO     |   → 471/951: ✅ 0 взято | 🗑️ 147 мусор
2026-05-22 02:49:12,213 | INFO     |   → 472/951 ❌ HTTP 404 — https://raw.githubusercontent.com/M-Mashreghi/free-config-collector/main/Splitted-By-Protocol/ssr.txt
2026-05-22 02:49:12,214 | INFO     |   → 473/951: ✅ 139 взято | 🗑️ 114 мусор
2026-05-22 02:49:12,214 | INFO     |   → 474/951: ✅ 126 взято | 🗑️ 137 мусор
2026-05-22 02:49:12,214 | INFO     |   → 475/951: ✅ 0 взято | 🗑️ 12 мусор
2026-05-22 02:49:12,214 | INFO     |   → 476/951: ✅ 0 взято | 🗑️ 1 мусор
2026-05-22 02:49:12,214 | INFO     |   → 477/951: ✅ 30 взято | 🗑️ 122 мусор
2026-05-22 02:49:12,214 | INFO     |   → 478/951: ✅ 0 взято | 🗑️ 122 мусор
2026-05-22 02:49:12,214 | INFO     |   → 479/951 ❌ HTTP 404 — https://raw.githubusercontent.com/MatinGhanbari/v2ray-configs/main/subscriptions/filtered/subs/hy2.txt
2026-05-22 02:49:12,214 | INFO     |   → 480/951: ✅ 25 взято | 🗑️ 1545 мусор
2026-05-22 02:49:12,214 | INFO     |   → 481/951 ❌ HTTP 404 — https://raw.githubusercontent.com/MatinGhanbari/v2ray-configs/main/subscriptions/filtered/subs/ssr.txt
2026-05-22 02:49:12,214 | INFO     |   → 482/951: ✅ 61 взято | 🗑️ 563 мусор
2026-05-22 02:49:12,214 | INFO     |   → 483/951 ❌ HTTP 404 — https://raw.githubusercontent.com/MatinGhanbari/v2ray-configs/main/subscriptions/filtered/subs/tuic.txt
2026-05-22 02:49:12,214 | INFO     |   → 484/951: ✅ 14 взято | 🗑️ 226 мусор
2026-05-22 02:49:12,214 | INFO     |   → 485/951: ✅ 221 взято | 🗑️ 1277 мусор
2026-05-22 02:49:12,214 | INFO     |   → 486/951: ✅ 0 взято | 🗑️ 2 мусор
2026-05-22 02:49:12,214 | INFO     |   → 487/951: ✅ 73 взято | 🗑️ 716 мусор
2026-05-22 02:49:12,214 | INFO     |   → 488/951: ✅ 0 взято | 🗑️ 364 мусор
2026-05-22 02:49:12,214 | INFO     |   → 489/951: ✅ 0 взято | 🗑️ 364 мусор
2026-05-22 02:49:12,214 | INFO     |   → 490/951: ✅ 0 взято | 🗑️ 14 мусор
2026-05-22 02:49:12,214 | INFO     |   → 491/951: ✅ 0 взято | 🗑️ 2 мусор
2026-05-22 02:49:12,214 | INFO     |   → 492/951: ✅ 0 взято | 🗑️ 272 мусор
2026-05-22 02:49:12,214 | INFO     |   → 493/951: ✅ 0 взято | 🗑️ 72 мусор
2026-05-22 02:49:12,214 | INFO     |   → 494/951 ❌ HTTP 404 — https://raw.githubusercontent.com/MhdiTaheri/V2rayCollector/raw/refs/heads/main/sub/mix
2026-05-22 02:49:12,214 | INFO     |   → 495/951: ✅ 53 взято | 🗑️ 267 мусор
2026-05-22 02:49:12,214 | INFO     |   → 496/951 ❌ HTTP 404 — https://raw.githubusercontent.com/MhdiTaheri/V2rayCollector_Py/raw/refs/heads/main/sub/Mix/mix.txt
2026-05-22 02:49:12,214 | INFO     |   → 497/951: ✅ 0 взято | 🗑️ 0 мусор
2026-05-22 02:49:12,214 | INFO     |   → 498/951: ✅ 43 взято | 🗑️ 217 мусор
2026-05-22 02:49:12,214 | INFO     |   → 499/951: ✅ 0 взято | 🗑️ 31 мусор
2026-05-22 02:49:12,214 | INFO     |   → 500/951: ✅ 93 взято | 🗑️ 282 мусор
2026-05-22 02:49:12,215 | INFO     |   → 501/951: ✅ 0 взято | 🗑️ 26 мусор
2026-05-22 02:49:12,215 | INFO     |   → 502/951 ❌ HTTP 404 — https://raw.githubusercontent.com/MrMohebi/xray-proxy-grabber-telegram/master/collected-proxies/clash-meta/all.yaml
2026-05-22 02:49:12,215 | INFO     |   → 503/951 ❌ HTTP 404 — https://raw.githubusercontent.com/MrMohebi/xray-proxy-grabber-telegram/master/collected-proxies/row-url/actives.txt
2026-05-22 02:49:12,215 | INFO     |   → 504/951 ❌ HTTP 404 — https://raw.githubusercontent.com/MrMohebi/xray-proxy-grabber-telegram/master/collected-proxies/row-url/all.txt
2026-05-22 02:49:12,215 | INFO     |   → 505/951: ✅ 0 взято | 🗑️ 13 мусор
2026-05-22 02:49:12,215 | INFO     |   → 506/951: ✅ 0 взято | 🗑️ 13 мусор
2026-05-22 02:49:12,215 | INFO     |   → 507/951: ✅ 5 взято | 🗑️ 15 мусор
2026-05-22 02:49:12,215 | INFO     |   → 508/951: ✅ 0 взято | 🗑️ 30 мусор
2026-05-22 02:49:12,215 | INFO     |   → 509/951: ✅ 0 взято | 🗑️ 15 мусор
2026-05-22 02:49:12,215 | INFO     |   → 510/951: ✅ 66 взято | 🗑️ 123 мусор
2026-05-22 02:49:12,215 | INFO     |   → 511/951: ✅ 175 взято | 🗑️ 582 мусор
2026-05-22 02:49:12,215 | INFO     |   → 512/951: ✅ 0 взято | 🗑️ 0 мусор
2026-05-22 02:49:12,215 | INFO     |   → 513/951 ❌ HTTP 404 — https://raw.githubusercontent.com/OpenCNLink/freevpn/3cfcff048bfdd1493ccffa52ecf30ce7f9fc6b28/src/list/vmess.txt
2026-05-22 02:49:12,215 | INFO     |   → 514/951 ❌ HTTP 404 — https://raw.githubusercontent.com/Pawdro/Collection/main/sub
2026-05-22 02:49:12,215 | INFO     |   → 515/951: ✅ 0 взято | 🗑️ 20 мусор
2026-05-22 02:49:12,215 | INFO     |   → 516/951: ✅ 0 взято | 🗑️ 20 мусор
2026-05-22 02:49:12,215 | INFO     |   → 517/951: ✅ 0 взято | 🗑️ 0 мусор
2026-05-22 02:49:12,215 | INFO     |   → 518/951: ✅ 0 взято | 🗑️ 0 мусор
2026-05-22 02:49:12,215 | INFO     |   → 519/951: ✅ 0 взято | 🗑️ 50 мусор
2026-05-22 02:49:12,215 | INFO     |   → 520/951: ✅ 5 взято | 🗑️ 206 мусор
2026-05-22 02:49:12,215 | INFO     |   → 521/951: ✅ 21 взято | 🗑️ 138 мусор
2026-05-22 02:49:12,215 | INFO     |   → 522/951: ✅ 23 взято | 🗑️ 89 мусор
2026-05-22 02:49:12,215 | INFO     |   → 523/951: ✅ 9 взято | 🗑️ 85 мусор
2026-05-22 02:49:12,215 | INFO     |   → 524/951: ✅ 0 взято | 🗑️ 129 мусор
2026-05-22 02:49:12,215 | INFO     |   → 525/951: ✅ 0 взято | 🗑️ 81 мусор
2026-05-22 02:49:12,215 | INFO     |   → 526/951 ❌ HTTP 404 — https://raw.githubusercontent.com/STR97/STRUGOV/refs/heads/main/STR.BYPASS
2026-05-22 02:49:12,215 | INFO     |   → 527/951: ✅ 4 взято | 🗑️ 34 мусор
2026-05-22 02:49:12,216 | INFO     |   → 528/951: ✅ 11 взято | 🗑️ 16 мусор
2026-05-22 02:49:12,216 | INFO     |   → 529/951: ✅ 0 взято | 🗑️ 16 мусор
2026-05-22 02:49:12,216 | INFO     |   → 530/951: ✅ 0 взято | 🗑️ 27 мусор
2026-05-22 02:49:12,216 | INFO     |   → 531/951: ✅ 140 взято | 🗑️ 1153 мусор
2026-05-22 02:49:12,216 | INFO     |   → 532/951: ✅ 29 взято | 🗑️ 54 мусор
2026-05-22 02:49:12,216 | INFO     |   → 533/951: ✅ 0 взято | 🗑️ 0 мусор
2026-05-22 02:49:12,216 | INFO     |   → 534/951: ✅ 0 взято | 🗑️ 0 мусор
2026-05-22 02:49:12,216 | INFO     |   → 535/951: ✅ 2 взято | 🗑️ 2 мусор
2026-05-22 02:49:12,216 | INFO     |   → 536/951: ✅ 0 взято | 🗑️ 0 мусор
2026-05-22 02:49:12,216 | INFO     |   → 537/951: ✅ 0 взято | 🗑️ 2 мусор
2026-05-22 02:49:12,216 | INFO     |   → 538/951: ✅ 4 взято | 🗑️ 291 мусор
2026-05-22 02:49:12,216 | INFO     |   → 539/951: ✅ 0 взято | 🗑️ 119 мусор
2026-05-22 02:49:12,216 | INFO     |   → 540/951: ✅ 0 взято | 🗑️ 0 мусор
2026-05-22 02:49:12,216 | INFO     |   → 541/951 ❌ HTTP 404 — https://raw.githubusercontent.com/V2RAYCONFIGSPOOL/V2RAY_SUB/main/V2RAY_SUB.txt
2026-05-22 02:49:12,216 | INFO     |   → 542/951: ✅ 47 взято | 🗑️ 99 мусор
2026-05-22 02:49:12,216 | INFO     |   → 543/951: ✅ 19 взято | 🗑️ 76 мусор
2026-05-22 02:49:12,216 | INFO     |   → 544/951: ✅ 0 взято | 🗑️ 0 мусор
2026-05-22 02:49:12,216 | INFO     |   → 545/951: ✅ 0 взято | 🗑️ 76 мусор
2026-05-22 02:49:12,216 | INFO     |   → 546/951: ✅ 58 взято | 🗑️ 348 мусор
2026-05-22 02:49:12,216 | INFO     |   → 547/951: ✅ 0 взято | 🗑️ 0 мусор
2026-05-22 02:49:12,216 | INFO     |   → 548/951: ✅ 6 взято | 🗑️ 245 мусор
2026-05-22 02:49:12,216 | INFO     |   → 549/951: ✅ 0 взято | 🗑️ 0 мусор
2026-05-22 02:49:12,216 | INFO     |   → 550/951: ✅ 3 взято | 🗑️ 268 мусор
2026-05-22 02:49:12,216 | INFO     |   → 551/951: ✅ 1 взято | 🗑️ 231 мусор
2026-05-22 02:49:12,216 | INFO     |   → 552/951: ✅ 0 взято | 🗑️ 16 мусор
2026-05-22 02:49:12,216 | INFO     |   → 553/951: ✅ 1 взято | 🗑️ 83 мусор
2026-05-22 02:49:12,217 | INFO     |   → 554/951: ✅ 0 взято | 🗑️ 16 мусор
2026-05-22 02:49:12,217 | INFO     |   → 555/951: ✅ 0 взято | 🗑️ 16 мусор
2026-05-22 02:49:12,217 | INFO     |   → 556/951 ❌ HTTP 404 — https://raw.githubusercontent.com/aiboboxx/clashfree/main/clash.yml
2026-05-22 02:49:12,217 | INFO     |   → 557/951 ❌ HTTP 404 — https://raw.githubusercontent.com/aiboboxx/v2rayfree/main/v2
2026-05-22 02:49:12,217 | INFO     |   → 558/951 ❌ HTTP 404 — https://raw.githubusercontent.com/amirmohammad-mohammad-88/Sub-Reality-Azadi-config/Config/Azadi-Reality-Different
2026-05-22 02:49:12,217 | INFO     |   → 559/951 ❌ HTTP 404 — https://raw.githubusercontent.com/amirmohammad-mohammad-88/Sub-Reality-Azadi-config/Config/Azadi-Reality-Different-Base64
2026-05-22 02:49:12,217 | INFO     |   → 560/951: ✅ 1 взято | 🗑️ 17 мусор
2026-05-22 02:49:12,217 | INFO     |   → 561/951: ✅ 0 взято | 🗑️ 0 мусор
2026-05-22 02:49:12,217 | INFO     |   → 562/951: ✅ 4 взято | 🗑️ 114 мусор
2026-05-22 02:49:12,217 | INFO     |   → 563/951: ✅ 16 взято | 🗑️ 75 мусор
2026-05-22 02:49:12,217 | INFO     |   → 564/951 ❌ HTTP 404 — https://raw.githubusercontent.com/awesome-vpn/awesome-vpn/master/ss
2026-05-22 02:49:12,217 | INFO     |   → 565/951 ❌ HTTP 404 — https://raw.githubusercontent.com/awesome-vpn/awesome-vpn/master/ssr
2026-05-22 02:49:12,217 | INFO     |   → 566/951: ✅ 0 взято | 🗑️ 0 мусор
2026-05-22 02:49:12,217 | INFO     |   → 567/951: ✅ 1 взято | 🗑️ 22 мусор
2026-05-22 02:49:12,217 | INFO     |   → 568/951: ✅ 0 взято | 🗑️ 346 мусор
2026-05-22 02:49:12,217 | INFO     |   → 569/951 ❌ HTTP 404 — https://raw.githubusercontent.com/barry-far/V2ray-Configs/ced94ddfff48276ec365b40227561f36b1b64bc8/Sub5.txt
2026-05-22 02:49:12,217 | INFO     |   → 570/951 ❌ HTTP 404 — https://raw.githubusercontent.com/barry-far/V2ray-Configs/main/Splitted-By-Protocol/hysteria2.txt
2026-05-22 02:49:12,217 | INFO     |   → 571/951 ❌ HTTP 404 — https://raw.githubusercontent.com/barry-far/V2ray-Configs/main/Splitted-By-Protocol/vless.txt
2026-05-22 02:49:12,217 | INFO     |   → 572/951 ❌ HTTP 404 — https://raw.githubusercontent.com/barry-far/V2ray-Configs/main/Sub1.txt
2026-05-22 02:49:12,217 | INFO     |   → 573/951 ❌ HTTP 404 — https://raw.githubusercontent.com/barry-far/V2ray-Configs/refs/heads/main/All_Configs_Sub.txt
2026-05-22 02:49:12,217 | INFO     |   → 574/951: ✅ 0 взято | 🗑️ 0 мусор
2026-05-22 02:49:12,217 | INFO     |   → 575/951 ❌ HTTP 404 — https://raw.githubusercontent.com/budamu/clashconfig/main/v2ray.txt
2026-05-22 02:49:12,217 | INFO     |   → 576/951 ❌ HTTP 404 — https://raw.githubusercontent.com/budamu/clashconfig/main/v2ray2.txt
2026-05-22 02:49:12,217 | INFO     |   → 577/951: ✅ 0 взято | 🗑️ 0 мусор
2026-05-22 02:49:12,217 | INFO     |   → 578/951: ✅ 0 взято | 🗑️ 442 мусор
2026-05-22 02:49:12,217 | INFO     |   → 579/951: ✅ 0 взято | 🗑️ 0 мусор
2026-05-22 02:49:12,217 | INFO     |   → 580/951 ❌ HTTP 404 — https://raw.githubusercontent.com/chxxyz2004/zd/17fca23b73c46b5dd73e9be49b14d219b5e5f836/sub/2401/240110.txt
2026-05-22 02:49:12,218 | INFO     |   → 581/951: ✅ 0 взято | 🗑️ 44 мусор
2026-05-22 02:49:12,218 | INFO     |   → 582/951: ✅ 236 взято | 🗑️ 517 мусор
2026-05-22 02:49:12,218 | INFO     |   → 583/951 ❌ HTTP 404 — https://raw.githubusercontent.com/cxr9912/cxr2022/main/free.yaml
2026-05-22 02:49:12,218 | INFO     |   → 584/951 ❌ HTTP 404 — https://raw.githubusercontent.com/cxr9912/cxr2022/main/mix.yaml
2026-05-22 02:49:12,218 | INFO     |   → 585/951 ❌ HTTP 404 — https://raw.githubusercontent.com/cxr9912/cxr2022/main/ss.yaml
2026-05-22 02:49:12,218 | INFO     |   → 586/951 ❌ HTTP 404 — https://raw.githubusercontent.com/cxr9912/cxr2022/main/ssr.yaml
2026-05-22 02:49:12,218 | INFO     |   → 587/951 ❌ HTTP 404 — https://raw.githubusercontent.com/cxr9912/cxr2022/main/vmess.yaml
2026-05-22 02:49:12,218 | INFO     |   → 588/951 ❌ HTTP 404 — https://raw.githubusercontent.com/cxr9912/cxr2022/refs/heads/main/18cj.json
2026-05-22 02:49:12,218 | INFO     |   → 589/951 ❌ HTTP 404 — https://raw.githubusercontent.com/cxr9912/cxr2022/refs/heads/main/aaaaaaaa.yaml
2026-05-22 02:49:12,218 | INFO     |   → 590/951 ❌ HTTP 404 — https://raw.githubusercontent.com/cxr9912/cxr2022/refs/heads/main/free.yaml
2026-05-22 02:49:12,218 | INFO     |   → 591/951 ❌ HTTP 404 — https://raw.githubusercontent.com/cxr9912/cxr2022/refs/heads/main/ss2088.txt
2026-05-22 02:49:12,218 | INFO     |   → 592/951: ✅ 0 взято | 🗑️ 18 мусор
2026-05-22 02:49:12,218 | INFO     |   → 593/951: ✅ 0 взято | 🗑️ 18 мусор
2026-05-22 02:49:12,218 | INFO     |   → 594/951: ✅ 6 взято | 🗑️ 78 мусор
2026-05-22 02:49:12,218 | INFO     |   → 595/951: ✅ 6 взято | 🗑️ 4 мусор
2026-05-22 02:49:12,218 | INFO     |   → 596/951: ✅ 0 взято | 🗑️ 2 мусор
2026-05-22 02:49:12,218 | INFO     |   → 597/951: ✅ 0 взято | 🗑️ 2 мусор
2026-05-22 02:49:12,218 | INFO     |   → 598/951: ✅ 0 взято | 🗑️ 2 мусор
2026-05-22 02:49:12,218 | INFO     |   → 599/951: ✅ 0 взято | 🗑️ 3 мусор
2026-05-22 02:49:12,218 | INFO     |   → 600/951: ✅ 0 взято | 🗑️ 2 мусор
2026-05-22 02:49:12,218 | INFO     |   → 601/951: ✅ 0 взято | 🗑️ 9 мусор
2026-05-22 02:49:12,218 | INFO     |   → 602/951: ✅ 1 взято | 🗑️ 1 мусор
2026-05-22 02:49:12,218 | INFO     |   → 603/951: ✅ 0 взято | 🗑️ 10 мусор
2026-05-22 02:49:12,218 | INFO     |   → 604/951: ✅ 0 взято | 🗑️ 2 мусор
2026-05-22 02:49:12,218 | INFO     |   → 605/951: ✅ 0 взято | 🗑️ 0 мусор
2026-05-22 02:49:12,218 | INFO     |   → 606/951: ✅ 3265 взято | 🗑️ 74286 мусор
2026-05-22 02:49:12,218 | INFO     |   → 607/951: ✅ 73 взято | 🗑️ 1186 мусор
2026-05-22 02:49:12,219 | INFO     |   → 608/951: ✅ 6 взято | 🗑️ 113 мусор
2026-05-22 02:49:12,219 | INFO     |   → 609/951: ✅ 0 взято | 🗑️ 0 мусор
2026-05-22 02:49:12,219 | INFO     |   → 610/951: ✅ 1 взято | 🗑️ 25 мусор
2026-05-22 02:49:12,219 | INFO     |   → 611/951: ✅ 0 взято | 🗑️ 0 мусор
2026-05-22 02:49:12,219 | INFO     |   → 612/951: ✅ 13 взято | 🗑️ 19 мусор
2026-05-22 02:49:12,219 | INFO     |   → 613/951: ✅ 0 взято | 🗑️ 5 мусор
2026-05-22 02:49:12,219 | INFO     |   → 614/951: ✅ 2 взято | 🗑️ 80 мусор
2026-05-22 02:49:12,219 | INFO     |   → 615/951 ❌ HTTP 404 — https://raw.githubusercontent.com/free-nodes/v2rayfree/main/v2
2026-05-22 02:49:12,219 | INFO     |   → 616/951 ❌ HTTP 404 — https://raw.githubusercontent.com/free-v2ray-config/trojan/main/trojan.txt
2026-05-22 02:49:12,219 | INFO     |   → 617/951 ❌ HTTP 404 — https://raw.githubusercontent.com/free-v2ray-config/vless/main/vless.txt
2026-05-22 02:49:12,219 | INFO     |   → 618/951 ❌ HTTP 404 — https://raw.githubusercontent.com/free-v2ray-config/vmess/main/vmess.txt
2026-05-22 02:49:12,219 | INFO     |   → 619/951: ✅ 5 взято | 🗑️ 169 мусор
2026-05-22 02:49:12,219 | INFO     |   → 620/951: ✅ 34 взято | 🗑️ 121 мусор
2026-05-22 02:49:12,219 | INFO     |   → 621/951: ✅ 4 взято | 🗑️ 97 мусор
2026-05-22 02:49:12,219 | INFO     |   → 622/951 ❌ HTTP 404 — https://raw.githubusercontent.com/free18/v2ray/main/Clash.yaml
2026-05-22 02:49:12,219 | INFO     |   → 623/951: ✅ 0 взято | 🗑️ 0 мусор
2026-05-22 02:49:12,219 | INFO     |   → 624/951: ✅ 0 взято | 🗑️ 15 мусор
2026-05-22 02:49:12,219 | INFO     |   → 625/951: ✅ 0 взято | 🗑️ 0 мусор
2026-05-22 02:49:12,219 | INFO     |   → 626/951: ✅ 0 взято | 🗑️ 8 мусор
2026-05-22 02:49:12,219 | INFO     |   → 627/951: ✅ 0 взято | 🗑️ 8 мусор
2026-05-22 02:49:12,219 | INFO     |   → 628/951: ✅ 0 взято | 🗑️ 8 мусор
2026-05-22 02:49:12,219 | INFO     |   → 629/951: ✅ 0 взято | 🗑️ 8 мусор
2026-05-22 02:49:12,219 | INFO     |   → 630/951 ❌ HTTP 404 — https://raw.githubusercontent.com/freev2rayconfig/V2RAY_SUB/3e6a7786a1601ee3723e8d043ae79e70dbdfd9a8/v2rayconfigs.txt
2026-05-22 02:49:12,219 | INFO     |   → 631/951 ❌ HTTP 404 — https://raw.githubusercontent.com/freev2rayconfig/V2RAY_SUBSCRIPTION_LINK/main/v2rayconfigs.txt
2026-05-22 02:49:12,219 | INFO     |   → 632/951 ❌ HTTP 404 — https://raw.githubusercontent.com/gfpcom/free-proxy-list/main/list/http.txt
2026-05-22 02:49:12,219 | INFO     |   → 633/951 ❌ HTTP 404 — https://raw.githubusercontent.com/gfpcom/free-proxy-list/main/list/https.txt
2026-05-22 02:49:12,219 | INFO     |   → 634/951 ❌ HTTP 404 — https://raw.githubusercontent.com/gfpcom/free-proxy-list/main/list/socks4.txt
2026-05-22 02:49:12,220 | INFO     |   → 635/951 ❌ HTTP 404 — https://raw.githubusercontent.com/gfpcom/free-proxy-list/main/list/socks4a.txt
2026-05-22 02:49:12,220 | INFO     |   → 636/951 ❌ HTTP 404 — https://raw.githubusercontent.com/gfpcom/free-proxy-list/main/list/socks5.txt
2026-05-22 02:49:12,220 | INFO     |   → 637/951 ❌ HTTP 404 — https://raw.githubusercontent.com/gfpcom/free-proxy-list/main/list/socks5h.txt
2026-05-22 02:49:12,220 | INFO     |   → 638/951 ❌ HTTP 404 — https://raw.githubusercontent.com/gfpcom/free-proxy-list/main/list/ss.txt
2026-05-22 02:49:12,220 | INFO     |   → 639/951 ❌ HTTP 404 — https://raw.githubusercontent.com/gfpcom/free-proxy-list/main/list/ssr.txt
2026-05-22 02:49:12,220 | INFO     |   → 640/951 ❌ HTTP 404 — https://raw.githubusercontent.com/gfpcom/free-proxy-list/main/list/trojan.txt
2026-05-22 02:49:12,220 | INFO     |   → 641/951 ❌ HTTP 404 — https://raw.githubusercontent.com/gfpcom/free-proxy-list/main/list/vless.txt
2026-05-22 02:49:12,220 | INFO     |   → 642/951 ❌ HTTP 404 — https://raw.githubusercontent.com/gfpcom/free-proxy-list/main/list/vmess.txt
2026-05-22 02:49:12,220 | INFO     |   → 643/951: ✅ 0 взято | 🗑️ 17 мусор
2026-05-22 02:49:12,220 | INFO     |   → 644/951: ✅ 0 взято | 🗑️ 0 мусор
2026-05-22 02:49:12,220 | INFO     |   → 645/951: ✅ 4 взято | 🗑️ 63 мусор
2026-05-22 02:49:12,220 | INFO     |   → 646/951 ❌ HTTP 404 — https://raw.githubusercontent.com/hameed-maleki/TVC/89a4522969c57dcc22458cae9898426e5c4f2679/lite/config.txt
2026-05-22 02:49:12,220 | INFO     |   → 647/951: ✅ 5 взято | 🗑️ 132 мусор
2026-05-22 02:49:12,220 | INFO     |   → 648/951: ✅ 0 взято | 🗑️ 56 мусор
2026-05-22 02:49:12,220 | INFO     |   → 649/951 ❌ HTTP 404 — https://raw.githubusercontent.com/hkaa0/permalink/main/proxy/V2ray
2026-05-22 02:49:12,220 | INFO     |   → 650/951 ❌ HTTP 404 — https://raw.githubusercontent.com/hkaa0/permalink/main/proxy/clash
2026-05-22 02:49:12,220 | INFO     |   → 651/951 ❌ HTTP 404 — https://raw.githubusercontent.com/hkpc/Autoproxy/6cf946ddfc677a29062007e4b47d70674474baa7/sub/2401/240110.txt
2026-05-22 02:49:12,220 | INFO     |   → 652/951 ❌ HTTP 404 — https://raw.githubusercontent.com/hkpc/V2ray-Configs/7d9aa0dabf947af180a7dd6302818ed37950531a/Sub1.txt
2026-05-22 02:49:12,220 | INFO     |   → 653/951: ✅ 0 взято | 🗑️ 14 мусор
2026-05-22 02:49:12,220 | INFO     |   → 654/951: ✅ 16 взято | 🗑️ 16 мусор
2026-05-22 02:49:12,220 | INFO     |   → 655/951 ❌ HTTP 404 — https://raw.githubusercontent.com/iboxz/free-v2ray-collector/main/main
2026-05-22 02:49:12,220 | INFO     |   → 656/951: ✅ 12 взято | 🗑️ 14 мусор
2026-05-22 02:49:12,220 | INFO     |   → 657/951: ✅ 8 взято | 🗑️ 13 мусор
2026-05-22 02:49:12,220 | INFO     |   → 658/951: ✅ 52 взято | 🗑️ 223 мусор
2026-05-22 02:49:12,220 | INFO     |   → 659/951 ❌ HTTP 404 — https://raw.githubusercontent.com/igareck/vpn-configs-for-russia/refs/heads/main/Vless-Reality-White-Lists-Rus-Cable.txt
2026-05-22 02:49:12,220 | INFO     |   → 660/951: ✅ 149 взято | 🗑️ 1 мусор
2026-05-22 02:49:12,220 | INFO     |   → 661/951: ✅ 0 взято | 🗑️ 0 мусор
2026-05-22 02:49:12,221 | INFO     |   → 662/951: ✅ 0 взято | 🗑️ 0 мусор
2026-05-22 02:49:12,221 | INFO     |   → 663/951: ✅ 23 взято | 🗑️ 9 мусор
2026-05-22 02:49:12,221 | INFO     |   → 664/951: ✅ 0 взято | 🗑️ 0 мусор
2026-05-22 02:49:12,221 | INFO     |   → 665/951: ✅ 0 взято | 🗑️ 0 мусор
2026-05-22 02:49:12,221 | INFO     |   → 666/951: ✅ 0 взято | 🗑️ 12 мусор
2026-05-22 02:49:12,221 | INFO     |   → 667/951: ✅ 0 взято | 🗑️ 43 мусор
2026-05-22 02:49:12,221 | INFO     |   → 668/951 ❌ HTTP 404 — https://raw.githubusercontent.com/jw853355718/clash_233/master/config.yml
2026-05-22 02:49:12,221 | INFO     |   → 669/951: ✅ 0 взято | 🗑️ 210 мусор
2026-05-22 02:49:12,221 | INFO     |   → 670/951: ✅ 0 взято | 🗑️ 0 мусор
2026-05-22 02:49:12,221 | INFO     |   → 671/951: ✅ 0 взято | 🗑️ 0 мусор
2026-05-22 02:49:12,221 | INFO     |   → 672/951 ❌ HTTP 404 — https://raw.githubusercontent.com/lcx12901/v2ray-/master/sspool.herokuapp.com/yzcloud.yaml
2026-05-22 02:49:12,221 | INFO     |   → 673/951 ❌ HTTP 404 — https://raw.githubusercontent.com/lcx12901/v2ray-/master/sspool.herokuapp.com/yzcloud2.yaml
2026-05-22 02:49:12,221 | INFO     |   → 674/951: ✅ 0 взято | 🗑️ 0 мусор
2026-05-22 02:49:12,221 | INFO     |   → 675/951 ❌ HTTP 404 — https://raw.githubusercontent.com/learnhard-cn/free_proxy_ss/main/clash/config.yaml
2026-05-22 02:49:12,221 | INFO     |   → 676/951: ✅ 0 взято | 🗑️ 8 мусор
2026-05-22 02:49:12,221 | INFO     |   → 677/951: ✅ 0 взято | 🗑️ 4 мусор
2026-05-22 02:49:12,221 | INFO     |   → 678/951: ✅ 0 взято | 🗑️ 0 мусор
2026-05-22 02:49:12,221 | INFO     |   → 679/951: ✅ 0 взято | 🗑️ 4 мусор
2026-05-22 02:49:12,221 | INFO     |   → 680/951: ✅ 0 взято | 🗑️ 149 мусор
2026-05-22 02:49:12,221 | INFO     |   → 681/951: ✅ 0 взято | 🗑️ 421 мусор
2026-05-22 02:49:12,221 | INFO     |   → 682/951 ❌ HTTP 404 — https://raw.githubusercontent.com/lisylva-lee/v2dyku/main/ssr
2026-05-22 02:49:12,221 | INFO     |   → 683/951 ❌ HTTP 404 — https://raw.githubusercontent.com/lisylva-lee/v2dyku/main/v2dy
2026-05-22 02:49:12,221 | INFO     |   → 684/951: ✅ 0 взято | 🗑️ 53 мусор
2026-05-22 02:49:12,221 | INFO     |   → 685/951 ❌ HTTP 404 — https://raw.githubusercontent.com/luxl-1379/merge/77247d23def72b25226dfa741614e9b07a569c72/sub/sub_merge_base64.txt
2026-05-22 02:49:12,221 | INFO     |   → 686/951: ✅ 146 взято | 🗑️ 343 мусор
2026-05-22 02:49:12,221 | INFO     |   → 687/951: ✅ 0 взято | 🗑️ 133 мусор
2026-05-22 02:49:12,221 | INFO     |   → 688/951: ✅ 799 взято | 🗑️ 3978 мусор
2026-05-22 02:49:12,222 | INFO     |   → 689/951: ✅ 0 взято | 🗑️ 0 мусор
2026-05-22 02:49:12,222 | INFO     |   → 690/951: ✅ 0 взято | 🗑️ 3978 мусор
2026-05-22 02:49:12,222 | INFO     |   → 691/951: ✅ 20 взято | 🗑️ 370 мусор
2026-05-22 02:49:12,222 | INFO     |   → 692/951 ❌ HTTP 404 — https://raw.githubusercontent.com/mermeroo/Clash-V2ray/main/v2ray
2026-05-22 02:49:12,222 | INFO     |   → 693/951: ✅ 15 взято | 🗑️ 417 мусор
2026-05-22 02:49:12,222 | INFO     |   → 694/951: ✅ 6 взято | 🗑️ 102 мусор
2026-05-22 02:49:12,222 | INFO     |   → 695/951: ✅ 716 взято | 🗑️ 6258 мусор
2026-05-22 02:49:12,222 | INFO     |   → 696/951: ✅ 8 взято | 🗑️ 853 мусор
2026-05-22 02:49:12,222 | INFO     |   → 697/951: ✅ 32 взято | 🗑️ 69 мусор
2026-05-22 02:49:12,222 | INFO     |   → 698/951 ❌ HTTP 404 — https://raw.githubusercontent.com/mermeroo/free-v2ray-collector/main/main/mix
2026-05-22 02:49:12,222 | INFO     |   → 699/951 ❌ HTTP 404 — https://raw.githubusercontent.com/mermeroo/free-v2ray-collector/main/main/reality
2026-05-22 02:49:12,222 | INFO     |   → 700/951 ❌ HTTP 404 — https://raw.githubusercontent.com/mermeroo/free-v2ray-collector/main/main/shadowsocks
2026-05-22 02:49:12,222 | INFO     |   → 701/951 ❌ HTTP 404 — https://raw.githubusercontent.com/mermeroo/free-v2ray-collector/main/main/trojan
2026-05-22 02:49:12,222 | INFO     |   → 702/951 ❌ HTTP 404 — https://raw.githubusercontent.com/mermeroo/free-v2ray-collector/main/main/vless
2026-05-22 02:49:12,222 | INFO     |   → 703/951 ❌ HTTP 404 — https://raw.githubusercontent.com/mermeroo/free-v2ray-collector/main/main/vmess
2026-05-22 02:49:12,222 | INFO     |   → 704/951 ❌ HTTP 404 — https://raw.githubusercontent.com/mfuu/v2ray/master/merge/merge.txt
2026-05-22 02:49:12,222 | INFO     |   → 705/951: ✅ 0 взято | 🗑️ 209 мусор
2026-05-22 02:49:12,222 | INFO     |   → 706/951: ✅ 0 взято | 🗑️ 209 мусор
2026-05-22 02:49:12,222 | INFO     |   → 707/951: ✅ 555 взято | 🗑️ 15159 мусор
2026-05-22 02:49:12,222 | INFO     |   → 708/951: ✅ 0 взято | 🗑️ 15159 мусор
2026-05-22 02:49:12,222 | INFO     |   → 709/951: ✅ 0 взято | 🗑️ 3092 мусор
2026-05-22 02:49:12,222 | INFO     |   → 710/951: ✅ 0 взято | 🗑️ 1926 мусор
2026-05-22 02:49:12,222 | INFO     |   → 711/951: ✅ 0 взято | 🗑️ 5560 мусор
2026-05-22 02:49:12,222 | INFO     |   → 712/951: ✅ 0 взято | 🗑️ 4581 мусор
2026-05-22 02:49:12,222 | INFO     |   → 713/951 ❌ HTTP 404 — https://raw.githubusercontent.com/mianous/qiren/main/qiren.txt
2026-05-22 02:49:12,222 | INFO     |   → 714/951 ❌ HTTP 404 — https://raw.githubusercontent.com/miladtahanian/V2RayCFGDumper/refs/heads/main/config.txt
2026-05-22 02:49:12,222 | INFO     |   → 715/951 ❌ HTTP 404 — https://raw.githubusercontent.com/miladtahanian/multi-proxy-config-fetcher/refs/heads/main/configs/proxy_configs.txt
2026-05-22 02:49:12,222 | INFO     |   → 716/951: ✅ 0 взято | 🗑️ 0 мусор
2026-05-22 02:49:12,223 | INFO     |   → 717/951: ✅ 0 взято | 🗑️ 0 мусор
2026-05-22 02:49:12,223 | INFO     |   → 718/951: ✅ 0 взято | 🗑️ 0 мусор
2026-05-22 02:49:12,223 | INFO     |   → 719/951: ✅ 15 взято | 🗑️ 46 мусор
2026-05-22 02:49:12,223 | INFO     |   → 720/951: ✅ 0 взято | 🗑️ 223 мусор
2026-05-22 02:49:12,223 | INFO     |   → 721/951: ✅ 0 взято | 🗑️ 0 мусор
2026-05-22 02:49:12,223 | INFO     |   → 722/951: ✅ 28 взято | 🗑️ 93 мусор
2026-05-22 02:49:12,223 | INFO     |   → 723/951: ✅ 0 взято | 🗑️ 0 мусор
2026-05-22 02:49:12,223 | INFO     |   → 724/951: ✅ 15 взято | 🗑️ 70 мусор
2026-05-22 02:49:12,223 | INFO     |   → 725/951: ✅ 127 взято | 🗑️ 492 мусор
2026-05-22 02:49:12,223 | INFO     |   → 726/951: ✅ 331 взято | 🗑️ 190 мусор
2026-05-22 02:49:12,223 | INFO     |   → 727/951: ✅ 27 взято | 🗑️ 919 мусор
2026-05-22 02:49:12,223 | INFO     |   → 728/951 ❌ HTTP 404 — https://raw.githubusercontent.com/obscure1990/freeVM/master/snippets/nodes.yml
2026-05-22 02:49:12,223 | INFO     |   → 729/951 ❌ HTTP 404 — https://raw.githubusercontent.com/op30mmd/things/909b38024ba14d69dc0f95c238f63bc6e930a00f/eut.txt
2026-05-22 02:49:12,223 | INFO     |   → 730/951 ❌ HTTP 404 — https://raw.githubusercontent.com/openRunner/clash-freenode/main/v2ray.txt
2026-05-22 02:49:12,223 | INFO     |   → 731/951 ❌ HTTP 404 — https://raw.githubusercontent.com/oslook/clash-freenode/main/clash.yaml
2026-05-22 02:49:12,223 | INFO     |   → 732/951: ✅ 0 взято | 🗑️ 0 мусор
2026-05-22 02:49:12,223 | INFO     |   → 733/951: ✅ 4 взято | 🗑️ 1 мусор
2026-05-22 02:49:12,223 | INFO     |   → 734/951: ✅ 0 взято | 🗑️ 0 мусор
2026-05-22 02:49:12,223 | INFO     |   → 735/951: ✅ 18 взято | 🗑️ 193 мусор
2026-05-22 02:49:12,223 | INFO     |   → 736/951: ✅ 0 взято | 🗑️ 0 мусор
2026-05-22 02:49:12,223 | INFO     |   → 737/951: ✅ 0 взято | 🗑️ 0 мусор
2026-05-22 02:49:12,223 | INFO     |   → 738/951: ✅ 0 взято | 🗑️ 19 мусор
2026-05-22 02:49:12,223 | INFO     |   → 739/951: ✅ 0 взято | 🗑️ 44 мусор
2026-05-22 02:49:12,223 | INFO     |   → 740/951: ✅ 63 взято | 🗑️ 521 мусор
2026-05-22 02:49:12,223 | INFO     |   → 741/951: ✅ 165 взято | 🗑️ 273 мусор
2026-05-22 02:49:12,223 | INFO     |   → 742/951: ✅ 0 взято | 🗑️ 0 мусор
2026-05-22 02:49:12,224 | INFO     |   → 743/951: ✅ 28 взято | 🗑️ 211 мусор
2026-05-22 02:49:12,224 | INFO     |   → 744/951: ✅ 0 взято | 🗑️ 79 мусор
2026-05-22 02:49:12,224 | INFO     |   → 745/951: ✅ 13 взято | 🗑️ 32 мусор
2026-05-22 02:49:12,224 | INFO     |   → 746/951: ✅ 0 взято | 🗑️ 0 мусор
2026-05-22 02:49:12,224 | INFO     |   → 747/951: ✅ 2 взято | 🗑️ 9 мусор
2026-05-22 02:49:12,224 | INFO     |   → 748/951: ✅ 11 взято | 🗑️ 76 мусор
2026-05-22 02:49:12,224 | INFO     |   → 749/951: ✅ 0 взято | 🗑️ 168 мусор
2026-05-22 02:49:12,224 | INFO     |   → 750/951: ✅ 0 взято | 🗑️ 79 мусор
2026-05-22 02:49:12,224 | INFO     |   → 751/951: ✅ 0 взято | 🗑️ 16 мусор
2026-05-22 02:49:12,224 | INFO     |   → 752/951 ❌ HTTP 404 — https://raw.githubusercontent.com/ronghuaxueleng/get_v2/main/pub/changfengoss.yaml
2026-05-22 02:49:12,224 | INFO     |   → 753/951: ✅ 0 взято | 🗑️ 0 мусор
2026-05-22 02:49:12,224 | INFO     |   → 754/951: ✅ 47 взято | 🗑️ 102 мусор
2026-05-22 02:49:12,224 | INFO     |   → 755/951: ✅ 0 взято | 🗑️ 102 мусор
2026-05-22 02:49:12,224 | INFO     |   → 756/951 ❌ HTTP 404 — https://raw.githubusercontent.com/rxsweet/CM_Vmess/refs/heads/main/test.txt
2026-05-22 02:49:12,224 | INFO     |   → 757/951 ❌ HTTP 404 — https://raw.githubusercontent.com/rxsweet/proxies/main/sub/free.yaml
2026-05-22 02:49:12,224 | INFO     |   → 758/951 ❌ HTTP 404 — https://raw.githubusercontent.com/rxsweet/proxies/main/sub/rx.yaml
2026-05-22 02:49:12,224 | INFO     |   → 759/951 ❌ HTTP 404 — https://raw.githubusercontent.com/rxsweet/proxies/main/sub/sources/dynamicAll.yaml
2026-05-22 02:49:12,224 | INFO     |   → 760/951 ❌ HTTP 404 — https://raw.githubusercontent.com/rxsweet/proxies/main/sub/sources/miningAll.yaml
2026-05-22 02:49:12,224 | INFO     |   → 761/951 ❌ HTTP 404 — https://raw.githubusercontent.com/rxsweet/proxies/main/sub/srx.yaml
2026-05-22 02:49:12,224 | INFO     |   → 762/951 ❌ HTTP 404 — https://raw.githubusercontent.com/sajad-sajadi/V2ray-Collector/raw/main/output/protocols/vmess.txt
2026-05-22 02:49:12,224 | INFO     |   → 763/951 ❌ HTTP 404 — https://raw.githubusercontent.com/sakha1370/OpenRay/raw/refs/heads/main/output/all_valid_proxies.txt
2026-05-22 02:49:12,224 | INFO     |   → 764/951: ✅ 53 взято | 🗑️ 399 мусор
2026-05-22 02:49:12,224 | INFO     |   → 765/951: ✅ 0 взято | 🗑️ 399 мусор
2026-05-22 02:49:12,224 | INFO     |   → 766/951 ❌ HTTP 404 — https://raw.githubusercontent.com/samjoeyang/subscribe/main/fly
2026-05-22 02:49:12,224 | INFO     |   → 767/951: ✅ 0 взято | 🗑️ 0 мусор
2026-05-22 02:49:12,224 | INFO     |   → 768/951 ❌ HTTP 404 — https://raw.githubusercontent.com/sarina-ad/v2ray/main/v2ray
2026-05-22 02:49:12,224 | INFO     |   → 769/951 ❌ HTTP 404 — https://raw.githubusercontent.com/satrom/V2SSR/master/SSR/Sub.txt
2026-05-22 02:49:12,225 | INFO     |   → 770/951 ❌ HTTP 404 — https://raw.githubusercontent.com/satrom/V2SSR/master/V2RAY/Sub.txt
2026-05-22 02:49:12,225 | INFO     |   → 771/951: ✅ 2390 взято | 🗑️ 59799 мусор
2026-05-22 02:49:12,225 | INFO     |   → 772/951: ✅ 0 взято | 🗑️ 0 мусор
2026-05-22 02:49:12,225 | INFO     |   → 773/951: ✅ 0 взято | 🗑️ 0 мусор
2026-05-22 02:49:12,225 | INFO     |   → 774/951: ✅ 3 взято | 🗑️ 49 мусор
2026-05-22 02:49:12,225 | INFO     |   → 775/951: ✅ 132 взято | 🗑️ 1239 мусор
2026-05-22 02:49:12,225 | INFO     |   → 776/951: ✅ 0 взято | 🗑️ 618 мусор
2026-05-22 02:49:12,225 | INFO     |   → 777/951: ✅ 0 взято | 🗑️ 59 мусор
2026-05-22 02:49:12,225 | INFO     |   → 778/951: ✅ 0 взято | 🗑️ 545 мусор
2026-05-22 02:49:12,225 | INFO     |   → 779/951: ✅ 0 взято | 🗑️ 17 мусор
2026-05-22 02:49:12,225 | INFO     |   → 780/951: ✅ 0 взято | 🗑️ 1239 мусор
2026-05-22 02:49:12,225 | INFO     |   → 781/951: ✅ 0 взято | 🗑️ 0 мусор
2026-05-22 02:49:12,225 | INFO     |   → 782/951 ❌ HTTP 404 — https://raw.githubusercontent.com/shirkerboy/scp/main/sub
2026-05-22 02:49:12,225 | INFO     |   → 783/951 ❌ HTTP 404 — https://raw.githubusercontent.com/snakem982/proxypool/main/nodelist.txt
2026-05-22 02:49:12,225 | INFO     |   → 784/951: ✅ 13 взято | 🗑️ 27 мусор
2026-05-22 02:49:12,225 | INFO     |   → 785/951 ❌ HTTP 404 — https://raw.githubusercontent.com/snakem982/proxypool/main/source/v2ray.txt
2026-05-22 02:49:12,225 | INFO     |   → 786/951 ❌ HTTP 404 — https://raw.githubusercontent.com/soroushmirzaei/telegram-configs-collector/main/channels/protocols/hysteria
2026-05-22 02:49:12,225 | INFO     |   → 787/951 ❌ HTTP 404 — https://raw.githubusercontent.com/soroushmirzaei/telegram-configs-collector/main/channels/protocols/juicity
2026-05-22 02:49:12,225 | INFO     |   → 788/951 ❌ HTTP 404 — https://raw.githubusercontent.com/soroushmirzaei/telegram-configs-collector/main/channels/protocols/reality
2026-05-22 02:49:12,225 | INFO     |   → 789/951 ❌ HTTP 404 — https://raw.githubusercontent.com/soroushmirzaei/telegram-configs-collector/main/channels/protocols/shadowsocks
2026-05-22 02:49:12,225 | INFO     |   → 790/951 ❌ HTTP 404 — https://raw.githubusercontent.com/soroushmirzaei/telegram-configs-collector/main/channels/protocols/trojan
2026-05-22 02:49:12,225 | INFO     |   → 791/951 ❌ HTTP 404 — https://raw.githubusercontent.com/soroushmirzaei/telegram-configs-collector/main/channels/protocols/tuic
2026-05-22 02:49:12,225 | INFO     |   → 792/951 ❌ HTTP 404 — https://raw.githubusercontent.com/soroushmirzaei/telegram-configs-collector/main/channels/protocols/vless
2026-05-22 02:49:12,225 | INFO     |   → 793/951 ❌ HTTP 404 — https://raw.githubusercontent.com/soroushmirzaei/telegram-configs-collector/main/channels/protocols/vmess
2026-05-22 02:49:12,225 | INFO     |   → 794/951 ❌ HTTP 404 — https://raw.githubusercontent.com/soroushmirzaei/telegram-configs-collector/main/countries/jp/mixed
2026-05-22 02:49:12,225 | INFO     |   → 795/951 ❌ HTTP 404 — https://raw.githubusercontent.com/soroushmirzaei/telegram-configs-collector/main/protocols/hysteria
2026-05-22 02:49:12,225 | INFO     |   → 796/951 ❌ HTTP 404 — https://raw.githubusercontent.com/soroushmirzaei/telegram-configs-collector/main/protocols/juicity
2026-05-22 02:49:12,225 | INFO     |   → 797/951 ❌ HTTP 404 — https://raw.githubusercontent.com/soroushmirzaei/telegram-configs-collector/main/protocols/reality
2026-05-22 02:49:12,226 | INFO     |   → 798/951 ❌ HTTP 404 — https://raw.githubusercontent.com/soroushmirzaei/telegram-configs-collector/main/protocols/shadowsocks
2026-05-22 02:49:12,226 | INFO     |   → 799/951 ❌ HTTP 404 — https://raw.githubusercontent.com/soroushmirzaei/telegram-configs-collector/main/protocols/trojan
2026-05-22 02:49:12,226 | INFO     |   → 800/951 ❌ HTTP 404 — https://raw.githubusercontent.com/soroushmirzaei/telegram-configs-collector/main/protocols/tuic
2026-05-22 02:49:12,226 | INFO     |   → 801/951 ❌ HTTP 404 — https://raw.githubusercontent.com/soroushmirzaei/telegram-configs-collector/main/protocols/vless
2026-05-22 02:49:12,226 | INFO     |   → 802/951 ❌ HTTP 404 — https://raw.githubusercontent.com/soroushmirzaei/telegram-configs-collector/main/protocols/vmess
2026-05-22 02:49:12,226 | INFO     |   → 803/951 ❌ HTTP 404 — https://raw.githubusercontent.com/soroushmirzaei/telegram-configs-collector/main/splitted/subscribe
2026-05-22 02:49:12,226 | INFO     |   → 804/951 ❌ HTTP 404 — https://raw.githubusercontent.com/ssrsub/ssr/master/Clash.yml
2026-05-22 02:49:12,226 | INFO     |   → 805/951 ❌ HTTP 404 — https://raw.githubusercontent.com/ssrsub/ssr/master/V2Ray
2026-05-22 02:49:12,226 | INFO     |   → 806/951 ❌ HTTP 404 — https://raw.githubusercontent.com/ssrsub/ssr/master/ss-sub
2026-05-22 02:49:12,226 | INFO     |   → 807/951 ❌ HTTP 404 — https://raw.githubusercontent.com/ssrsub/ssr/master/ssrsub
2026-05-22 02:49:12,226 | INFO     |   → 808/951 ❌ HTTP 404 — https://raw.githubusercontent.com/ssrsub/ssr/master/trojan
2026-05-22 02:49:12,226 | INFO     |   → 809/951: ✅ 0 взято | 🗑️ 0 мусор
2026-05-22 02:49:12,226 | INFO     |   → 810/951: ✅ 2 взято | 🗑️ 12 мусор
2026-05-22 02:49:12,226 | INFO     |   → 811/951: ✅ 0 взято | 🗑️ 13 мусор
2026-05-22 02:49:12,226 | INFO     |   → 812/951: ✅ 0 взято | 🗑️ 13 мусор
2026-05-22 02:49:12,226 | INFO     |   → 813/951 ❌ HTTP 404 — https://raw.githubusercontent.com/tbbatbb/Proxy/master/dist/clash.config.yaml
2026-05-22 02:49:12,226 | INFO     |   → 814/951: ✅ 2 взято | 🗑️ 35 мусор
2026-05-22 02:49:12,226 | INFO     |   → 815/951: ✅ 0 взято | 🗑️ 0 мусор
2026-05-22 02:49:12,226 | INFO     |   → 816/951: ✅ 5 взято | 🗑️ 111 мусор
2026-05-22 02:49:12,226 | INFO     |   → 817/951: ✅ 0 взято | 🗑️ 0 мусор
2026-05-22 02:49:12,226 | INFO     |   → 818/951: ✅ 0 взято | 🗑️ 88 мусор
2026-05-22 02:49:12,226 | INFO     |   → 819/951 ❌ HTTP 404 — https://raw.githubusercontent.com/v2clash/Autoproxy/a81f840ab2364124133572ec94e4b81fb0d4e58d/sub/2401/240104.txt
2026-05-22 02:49:12,226 | INFO     |   → 820/951 ❌ HTTP 404 — https://raw.githubusercontent.com/v2clash/V2ray-Configs/31f493c584d0c7b56350f4a34d80c53ad82bcc18/Sub9.txt
2026-05-22 02:49:12,226 | INFO     |   → 821/951: ✅ 0 взято | 🗑️ 0 мусор
2026-05-22 02:49:12,226 | INFO     |   → 822/951: ✅ 0 взято | 🗑️ 0 мусор
2026-05-22 02:49:12,226 | INFO     |   → 823/951: ✅ 0 взято | 🗑️ 0 мусор
2026-05-22 02:49:12,226 | INFO     |   → 824/951: ✅ 283 взято | 🗑️ 9640 мусор
2026-05-22 02:49:12,227 | INFO     |   → 825/951: ✅ 281 взято | 🗑️ 10086 мусор
2026-05-22 02:49:12,227 | INFO     |   → 826/951: ✅ 280 взято | 🗑️ 9675 мусор
2026-05-22 02:49:12,227 | INFO     |   → 827/951: ✅ 334 взято | 🗑️ 9823 мусор
2026-05-22 02:49:12,227 | INFO     |   → 828/951: ✅ 350 взято | 🗑️ 9639 мусор
2026-05-22 02:49:12,227 | INFO     |   → 829/951: ✅ 125 взято | 🗑️ 7919 мусор
2026-05-22 02:49:12,227 | INFO     |   → 830/951: ✅ 135 взято | 🗑️ 4836 мусор
2026-05-22 02:49:12,227 | INFO     |   → 831/951: ✅ 502 взято | 🗑️ 7659 мусор
2026-05-22 02:49:12,227 | INFO     |   → 832/951: ✅ 631 взято | 🗑️ 8081 мусор
2026-05-22 02:49:12,227 | INFO     |   → 833/951: ✅ 202 взято | 🗑️ 5131 мусор
2026-05-22 02:49:12,227 | INFO     |   → 834/951 ❌ HTTP 404 — https://raw.githubusercontent.com/vveg26/chromego_merge/main/sub/merged_proxies.yaml
2026-05-22 02:49:12,227 | INFO     |   → 835/951 ❌ HTTP 404 — https://raw.githubusercontent.com/vveg26/get_proxy/main/dist/clash.config.yaml
2026-05-22 02:49:12,227 | INFO     |   → 836/951: ✅ 0 взято | 🗑️ 10 мусор
2026-05-22 02:49:12,227 | INFO     |   → 837/951: ✅ 0 взято | 🗑️ 10 мусор
2026-05-22 02:49:12,227 | INFO     |   → 838/951: ✅ 0 взято | 🗑️ 4 мусор
2026-05-22 02:49:12,227 | INFO     |   → 839/951: ✅ 0 взято | 🗑️ 0 мусор
2026-05-22 02:49:12,227 | INFO     |   → 840/951: ✅ 0 взято | 🗑️ 4 мусор
2026-05-22 02:49:12,227 | INFO     |   → 841/951: ✅ 106 взято | 🗑️ 689 мусор
2026-05-22 02:49:12,227 | INFO     |   → 842/951: ✅ 48 взято | 🗑️ 841 мусор
2026-05-22 02:49:12,227 | INFO     |   → 843/951: ✅ 21 взято | 🗑️ 789 мусор
2026-05-22 02:49:12,227 | INFO     |   → 844/951: ✅ 24 взято | 🗑️ 774 мусор
2026-05-22 02:49:12,227 | INFO     |   → 845/951: ✅ 52 взято | 🗑️ 756 мусор
2026-05-22 02:49:12,227 | INFO     |   → 846/951: ✅ 191 взято | 🗑️ 745 мусор
2026-05-22 02:49:12,227 | INFO     |   → 847/951: ✅ 9 взято | 🗑️ 651 мусор
2026-05-22 02:49:12,227 | INFO     |   → 848/951: ✅ 185 взято | 🗑️ 388 мусор
2026-05-22 02:49:12,227 | INFO     |   → 849/951: ✅ 130 взято | 🗑️ 523 мусор
2026-05-22 02:49:12,227 | INFO     |   → 850/951: ✅ 67 взято | 🗑️ 533 мусор
2026-05-22 02:49:12,227 | INFO     |   → 851/951: ✅ 98 взято | 🗑️ 444 мусор
2026-05-22 02:49:12,228 | INFO     |   → 852/951: ✅ 102 взято | 🗑️ 670 мусор
2026-05-22 02:49:12,228 | INFO     |   → 853/951: ✅ 86 взято | 🗑️ 476 мусор
2026-05-22 02:49:12,228 | INFO     |   → 854/951: ✅ 95 взято | 🗑️ 657 мусор
2026-05-22 02:49:12,228 | INFO     |   → 855/951: ✅ 105 взято | 🗑️ 645 мусор
2026-05-22 02:49:12,228 | INFO     |   → 856/951: ✅ 115 взято | 🗑️ 985 мусор
2026-05-22 02:49:12,228 | INFO     |   → 857/951: ✅ 6 взято | 🗑️ 63 мусор
2026-05-22 02:49:12,228 | INFO     |   → 858/951: ✅ 7 взято | 🗑️ 62 мусор
2026-05-22 02:49:12,228 | INFO     |   → 859/951: ✅ 39 взято | 🗑️ 489 мусор
2026-05-22 02:49:12,228 | INFO     |   → 860/951: ✅ 0 взято | 🗑️ 0 мусор
2026-05-22 02:49:12,228 | INFO     |   → 861/951: ✅ 0 взято | 🗑️ 0 мусор
2026-05-22 02:49:12,228 | INFO     |   → 862/951: ✅ 0 взято | 🗑️ 0 мусор
2026-05-22 02:49:12,228 | INFO     |   → 863/951: ✅ 0 взято | 🗑️ 0 мусор
2026-05-22 02:49:12,228 | INFO     |   → 864/951: ✅ 0 взято | 🗑️ 0 мусор
2026-05-22 02:49:12,228 | INFO     |   → 865/951: ✅ 0 взято | 🗑️ 52 мусор
2026-05-22 02:49:12,228 | INFO     |   → 866/951: ✅ 5 взято | 🗑️ 10 мусор
2026-05-22 02:49:12,228 | INFO     |   → 867/951: ✅ 1 взято | 🗑️ 124 мусор
2026-05-22 02:49:12,228 | INFO     |   → 868/951: ✅ 84 взято | 🗑️ 86 мусор
2026-05-22 02:49:12,228 | INFO     |   → 869/951: ✅ 0 взято | 🗑️ 9 мусор
2026-05-22 02:49:12,228 | INFO     |   → 870/951: ✅ 66 взято | 🗑️ 1311 мусор
2026-05-22 02:49:12,228 | INFO     |   → 871/951 ❌ HTTP 404 — https://raw.githubusercontent.com/xiaozhu2007/xiaozhu2007/61a755a044dbaeea678bc2d1e20f21a21c6d7170/docs/fxxk.txt
2026-05-22 02:49:12,228 | INFO     |   → 872/951: ✅ 1 взято | 🗑️ 159 мусор
2026-05-22 02:49:12,228 | INFO     |   → 873/951: ✅ 0 взято | 🗑️ 22 мусор
2026-05-22 02:49:12,228 | INFO     |   → 874/951: ✅ 0 взято | 🗑️ 0 мусор
2026-05-22 02:49:12,228 | INFO     |   → 875/951 ❌ HTTP 404 — https://raw.githubusercontent.com/yebekhe/TVC/0f745f92bf381e505f1245abbc7c145b19b11503/config.txt
2026-05-22 02:49:12,228 | INFO     |   → 876/951 ❌ HTTP 404 — https://raw.githubusercontent.com/yebekhe/TVC/9fac69239c69327fb7a61f5a8d79d107133889e1/lite/config.txt
2026-05-22 02:49:12,228 | INFO     |   → 877/951 ❌ HTTP 404 — https://raw.githubusercontent.com/yebekhe/TelegramV2rayCollector/main/sub/normal/donated
2026-05-22 02:49:12,228 | INFO     |   → 878/951 ❌ HTTP 404 — https://raw.githubusercontent.com/yebekhe/TelegramV2rayCollector/main/sub/normal/hysteria2
2026-05-22 02:49:12,229 | INFO     |   → 879/951 ❌ HTTP 404 — https://raw.githubusercontent.com/yebekhe/TelegramV2rayCollector/main/sub/normal/mix
2026-05-22 02:49:12,229 | INFO     |   → 880/951 ❌ HTTP 404 — https://raw.githubusercontent.com/yebekhe/TelegramV2rayCollector/main/sub/normal/reality
2026-05-22 02:49:12,229 | INFO     |   → 881/951 ❌ HTTP 404 — https://raw.githubusercontent.com/yebekhe/TelegramV2rayCollector/main/sub/normal/shadowsocks
2026-05-22 02:49:12,229 | INFO     |   → 882/951 ❌ HTTP 404 — https://raw.githubusercontent.com/yebekhe/TelegramV2rayCollector/main/sub/normal/trojan
2026-05-22 02:49:12,229 | INFO     |   → 883/951 ❌ HTTP 404 — https://raw.githubusercontent.com/yebekhe/TelegramV2rayCollector/main/sub/normal/tuic
2026-05-22 02:49:12,229 | INFO     |   → 884/951 ❌ HTTP 404 — https://raw.githubusercontent.com/yebekhe/TelegramV2rayCollector/main/sub/normal/vless
2026-05-22 02:49:12,229 | INFO     |   → 885/951 ❌ HTTP 404 — https://raw.githubusercontent.com/yebekhe/TelegramV2rayCollector/main/sub/normal/vmess
2026-05-22 02:49:12,229 | INFO     |   → 886/951 ❌ HTTP 404 — https://raw.githubusercontent.com/yebekhe/V2Hub/main/Split/Normal/shadowsocks
2026-05-22 02:49:12,229 | INFO     |   → 887/951 ❌ HTTP 404 — https://raw.githubusercontent.com/yebekhe/V2Hub/main/merged
2026-05-22 02:49:12,229 | INFO     |   → 888/951: ✅ 0 взято | 🗑️ 30 мусор
2026-05-22 02:49:12,229 | INFO     |   → 889/951: ✅ 871 взято | 🗑️ 7095 мусор
2026-05-22 02:49:12,229 | INFO     |   → 890/951: ✅ 7 взято | 🗑️ 340 мусор
2026-05-22 02:49:12,229 | INFO     |   → 891/951: ✅ 7 взято | 🗑️ 278 мусор
2026-05-22 02:49:12,229 | INFO     |   → 892/951: ✅ 305 взято | 🗑️ 294 мусор
2026-05-22 02:49:12,229 | INFO     |   → 893/951: ✅ 118 взято | 🗑️ 1444 мусор
2026-05-22 02:49:12,229 | INFO     |   → 894/951: ✅ 2 взято | 🗑️ 399 мусор
2026-05-22 02:49:12,229 | INFO     |   → 895/951 ❌ HTTP 404 — https://raw.githubusercontent.com/yyyr-otz/tele-providers-collector/019cb3e07ee52fddbc7caa54fc670c6b9bae6539/sub/proxies.txt
2026-05-22 02:49:12,229 | INFO     |   → 896/951 ❌ HTTP 404 — https://raw.githubusercontent.com/yyyr-otz/tele-providers-collector/b7a74ee98bcf02c5a507d688a1bed3aa9f7f4ed1/script/raw/protocols/mixed.txt
2026-05-22 02:49:12,229 | INFO     |   → 897/951: ✅ 0 взято | 🗑️ 0 мусор
2026-05-22 02:49:12,229 | INFO     |   → 898/951: ✅ 0 взято | 🗑️ 0 мусор
2026-05-22 02:49:12,229 | INFO     |   → 899/951: ✅ 1 взято | 🗑️ 18 мусор
2026-05-22 02:49:12,229 | INFO     |   → 900/951: ✅ 28 взято | 🗑️ 999 мусор
2026-05-22 02:49:12,229 | INFO     |   → 901/951: ✅ 0 взято | 🗑️ 5 мусор
2026-05-22 02:49:12,229 | INFO     |   → 902/951: ✅ 0 взято | 🗑️ 0 мусор
2026-05-22 02:49:12,229 | INFO     |   → 903/951 ⚠️ Ошибка: ('Connection aborted.', RemoteDisconnected('Remote end closed connection without response')) — https://sub.pmsub.me/clash.yaml
2026-05-22 02:49:12,229 | INFO     |   → 904/951: ✅ 0 взято | 🗑️ 1 мусор
2026-05-22 02:49:12,229 | INFO     |   → 905/951: ✅ 8 взято | 🗑️ 21 мусор
2026-05-22 02:49:12,230 | INFO     |   → 906/951: ✅ 0 взято | 🗑️ 0 мусор
2026-05-22 02:49:12,230 | INFO     |   → 907/951: ✅ 9 взято | 🗑️ 19 мусор
2026-05-22 02:49:12,230 | INFO     |   → 908/951: ✅ 0 взято | 🗑️ 0 мусор
2026-05-22 02:49:12,230 | INFO     |   → 909/951: ✅ 2 взято | 🗑️ 14 мусор
2026-05-22 02:49:12,230 | INFO     |   → 910/951: ✅ 4 взято | 🗑️ 22 мусор
2026-05-22 02:49:12,230 | INFO     |   → 911/951: ✅ 0 взято | 🗑️ 0 мусор
2026-05-22 02:49:12,230 | INFO     |   → 912/951: ✅ 0 взято | 🗑️ 0 мусор
2026-05-22 02:49:12,230 | INFO     |   → 913/951: ✅ 0 взято | 🗑️ 0 мусор
2026-05-22 02:49:12,230 | INFO     |   → 914/951: ✅ 2 взято | 🗑️ 16 мусор
2026-05-22 02:49:12,230 | INFO     |   → 915/951: ✅ 0 взято | 🗑️ 0 мусор
2026-05-22 02:49:12,230 | INFO     |   → 916/951: ✅ 4 взято | 🗑️ 7 мусор
2026-05-22 02:49:12,230 | INFO     |   → 917/951: ✅ 0 взято | 🗑️ 0 мусор
2026-05-22 02:49:12,230 | INFO     |   → 918/951: ✅ 6 взято | 🗑️ 14 мусор
2026-05-22 02:49:12,230 | INFO     |   → 919/951: ✅ 0 взято | 🗑️ 0 мусор
2026-05-22 02:49:12,230 | INFO     |   → 920/951: ✅ 2 взято | 🗑️ 13 мусор
2026-05-22 02:49:12,230 | INFO     |   → 921/951: ✅ 0 взято | 🗑️ 0 мусор
2026-05-22 02:49:12,230 | INFO     |   → 922/951: ✅ 0 взято | 🗑️ 0 мусор
2026-05-22 02:49:12,230 | INFO     |   → 923/951: ✅ 2 взято | 🗑️ 7 мусор
2026-05-22 02:49:12,230 | INFO     |   → 924/951: ✅ 1 взято | 🗑️ 14 мусор
2026-05-22 02:49:12,230 | INFO     |   → 925/951: ✅ 2 взято | 🗑️ 14 мусор
2026-05-22 02:49:12,230 | INFO     |   → 926/951: ✅ 0 взято | 🗑️ 0 мусор
2026-05-22 02:49:12,230 | INFO     |   → 927/951: ✅ 3 взято | 🗑️ 22 мусор
2026-05-22 02:49:12,230 | INFO     |   → 928/951: ✅ 0 взято | 🗑️ 0 мусор
2026-05-22 02:49:12,230 | INFO     |   → 929/951: ✅ 2 взято | 🗑️ 15 мусор
2026-05-22 02:49:12,230 | INFO     |   → 930/951: ✅ 3 взято | 🗑️ 12 мусор
2026-05-22 02:49:12,230 | INFO     |   → 931/951: ✅ 0 взято | 🗑️ 0 мусор
2026-05-22 02:49:12,230 | INFO     |   → 932/951: ✅ 0 взято | 🗑️ 0 мусор
2026-05-22 02:49:12,231 | INFO     |   → 933/951: ✅ 0 взято | 🗑️ 0 мусор
2026-05-22 02:49:12,231 | INFO     |   → 934/951: ✅ 4 взято | 🗑️ 11 мусор
2026-05-22 02:49:12,231 | INFO     |   → 935/951: ✅ 10 взято | 🗑️ 15 мусор
2026-05-22 02:49:12,231 | INFO     |   → 936/951: ✅ 0 взято | 🗑️ 0 мусор
2026-05-22 02:49:12,231 | INFO     |   → 937/951: ✅ 13 взято | 🗑️ 15 мусор
2026-05-22 02:49:12,231 | INFO     |   → 938/951: ✅ 0 взято | 🗑️ 0 мусор
2026-05-22 02:49:12,231 | INFO     |   → 939/951: ✅ 5 взято | 🗑️ 15 мусор
2026-05-22 02:49:12,231 | INFO     |   → 940/951: ✅ 0 взято | 🗑️ 0 мусор
2026-05-22 02:49:12,231 | INFO     |   → 941/951: ✅ 8 взято | 🗑️ 16 мусор
2026-05-22 02:49:12,231 | INFO     |   → 942/951: ✅ 0 взято | 🗑️ 0 мусор
2026-05-22 02:49:12,231 | INFO     |   → 943/951: ✅ 0 взято | 🗑️ 24 мусор
2026-05-22 02:49:12,231 | INFO     |   → 944/951: ✅ 0 взято | 🗑️ 0 мусор
2026-05-22 02:49:12,231 | INFO     |   → 945/951: ✅ 4 взято | 🗑️ 17 мусор
2026-05-22 02:49:12,231 | INFO     |   → 946/951: ✅ 0 взято | 🗑️ 0 мусор
2026-05-22 02:49:12,231 | INFO     |   → 947/951: ✅ 12 взято | 🗑️ 18 мусор
2026-05-22 02:49:12,231 | INFO     |   → 948/951: ✅ 0 взято | 🗑️ 0 мусор
2026-05-22 02:49:12,231 | INFO     |   → 949/951: ✅ 2 взято | 🗑️ 17 мусор
2026-05-22 02:49:12,231 | INFO     |   → 950/951: ✅ 0 взято | 🗑️ 0 мусор
2026-05-22 02:49:12,231 | INFO     |   → 951/951 ⚠️ Ошибка: HTTPSConnectionPool(host='www.xrayvip.com', port=443): Read timed out. (read timeout=15) — https://www.xrayvip.com/free.txt
2026-05-22 02:49:12,231 | INFO     |   → ✅ ГОТОВО!
2026-05-22 02:49:12,231 | INFO     |   →    📥 Всего ключей после фильтра: 21502
2026-05-22 02:49:12,231 | INFO     |   →    🔗 Уникальных IP:PORT:SCHEME: 10617
2026-05-22 02:49:12,231 | INFO     |   →    🗑️ Выброшено мусора: 399517
2026-05-22 02:49:12,231 | INFO     |   → 📊 По протоколам:
2026-05-22 02:49:12,231 | INFO     |   →    vless: 3706
2026-05-22 02:49:12,231 | INFO     |   →    vmess: 3514
2026-05-22 02:49:12,231 | INFO     |   →    trojan: 1353
2026-05-22 02:49:12,231 | INFO     |   →    ss: 1884
2026-05-22 02:49:12,231 | INFO     |   →    hysteria: 13
2026-05-22 02:49:12,231 | INFO     |   →    hysteria2: 36
2026-05-22 02:49:12,231 | INFO     |   →    hy2: 59
2026-05-22 02:49:12,231 | INFO     |   →    tuic: 52
2026-05-22 02:49:12,231 | INFO     | ✅ mirror.py завершён успешно
2026-05-22 02:49:12,231 | INFO     | 
2026-05-22 02:49:12,231 | INFO     | 
2026-05-22 02:49:12,231 | INFO     | ──────────────────────────────────────────────────────────────────────
2026-05-22 02:49:12,231 | INFO     | 📌 ЭТАП: Фильтрация по реальному SNI
2026-05-22 02:49:12,231 | INFO     | ──────────────────────────────────────────────────────────────────────
2026-05-22 02:49:12,231 | INFO     | 🚀 Запуск filter_ru_sni.py (Фильтр по реальному SNI (CDN+RU))...
2026-05-22 02:49:12,475 | INFO     |   → hy2.txt: 59 → 19 (SNI-filtered)
2026-05-22 02:49:12,475 | INFO     |   →   hysteria.txt: 13 → 0 (SNI-filtered)
2026-05-22 02:49:12,475 | INFO     |   →   hysteria2.txt: 36 → 5 (SNI-filtered)
2026-05-22 02:49:12,476 | INFO     |   →   ss.txt: 1884 → 0 (SNI-filtered)
2026-05-22 02:49:12,476 | INFO     |   →   trojan.txt: 1353 → 6 (SNI-filtered)
2026-05-22 02:49:12,476 | INFO     |   →   tuic.txt: 52 → 0 (SNI-filtered)
2026-05-22 02:49:12,476 | INFO     |   →   vless.txt: 3706 → 479 (SNI-filtered)
2026-05-22 02:49:12,476 | INFO     |   →   vmess.txt: 3514 → 37 (SNI-filtered)
2026-05-22 02:49:12,476 | INFO     |   → ==================================================
2026-05-22 02:49:12,476 | INFO     |   →   Всего входных:  10617
2026-05-22 02:49:12,476 | INFO     |   →   Прошли фильтр:  546
2026-05-22 02:49:12,476 | INFO     |   →   Отброшено:      10071
2026-05-22 02:49:12,476 | INFO     |   → ==================================================
2026-05-22 02:49:12,476 | INFO     |   → Готово → /home/runner/work/vpn-vless-configs-russia/vpn-vless-configs-russia/githubmirror/ru-sni
2026-05-22 02:49:12,476 | INFO     | ✅ filter_ru_sni.py завершён успешно
2026-05-22 02:49:12,476 | INFO     | 
2026-05-22 02:49:12,476 | INFO     | 
2026-05-22 02:49:12,476 | INFO     | ──────────────────────────────────────────────────────────────────────
2026-05-22 02:49:12,476 | INFO     | 📌 ЭТАП: Экспериментальный RU-SNI фильтр
2026-05-22 02:49:12,476 | INFO     | ──────────────────────────────────────────────────────────────────────
2026-05-22 02:49:12,476 | INFO     | 🚀 Запуск filter_ru_sni_local.py (Экспериментальный фильтр по RU-SNI (локальные домены))...
2026-05-22 02:49:12,643 | INFO     |   → hy2.txt: 59 → 0 (RU-SNI)
2026-05-22 02:49:12,643 | INFO     |   → hysteria.txt: 13 → 0 (RU-SNI)
2026-05-22 02:49:12,643 | INFO     |   → hysteria2.txt: 36 → 0 (RU-SNI)
2026-05-22 02:49:12,643 | INFO     |   → ss.txt: 1884 → 0 (RU-SNI)
2026-05-22 02:49:12,643 | INFO     |   → trojan.txt: 1353 → 0 (RU-SNI)
2026-05-22 02:49:12,643 | INFO     |   → tuic.txt: 52 → 0 (RU-SNI)
2026-05-22 02:49:12,643 | INFO     |   → vless.txt: 3706 → 134 (RU-SNI)
2026-05-22 02:49:12,643 | INFO     |   → vmess.txt: 3514 → 0 (RU-SNI)
2026-05-22 02:49:12,643 | INFO     |   → ==================================================
2026-05-22 02:49:12,643 | INFO     |   → Всего входных:  10617
2026-05-22 02:49:12,643 | INFO     |   → Прошли RU-SNI:  134
2026-05-22 02:49:12,643 | INFO     |   → Отброшено:      10483
2026-05-22 02:49:12,643 | INFO     |   → ==================================================
2026-05-22 02:49:12,643 | INFO     |   → Готово → /home/runner/work/vpn-vless-configs-russia/vpn-vless-configs-russia/githubmirror/ru-sni-local
2026-05-22 02:49:12,643 | INFO     | ✅ filter_ru_sni_local.py завершён успешно
2026-05-22 02:49:12,643 | INFO     | 
2026-05-22 02:49:12,643 | INFO     | 
2026-05-22 02:49:12,643 | INFO     | ──────────────────────────────────────────────────────────────────────
2026-05-22 02:49:12,643 | INFO     | 📌 ЭТАП: Сбор статистики
2026-05-22 02:49:12,643 | INFO     | ──────────────────────────────────────────────────────────────────────
2026-05-22 02:49:12,643 | INFO     | 📊 Сбор статистики...
2026-05-22 02:49:12,644 | INFO     |   📁 githubmirror/clean:
2026-05-22 02:49:12,644 | INFO     |     • hy2         :    59 конфигов
2026-05-22 02:49:12,644 | INFO     |     • hysteria    :    13 конфигов
2026-05-22 02:49:12,644 | INFO     |     • hysteria2   :    36 конфигов
2026-05-22 02:49:12,646 | INFO     |     • ss          :  1884 конфигов
2026-05-22 02:49:12,647 | INFO     |     • trojan      :  1353 конфигов
2026-05-22 02:49:12,647 | INFO     |     • tuic        :    52 конфигов
2026-05-22 02:49:12,651 | INFO     |     • vless       :  3706 конфигов
2026-05-22 02:49:12,654 | INFO     |     • vmess       :  3514 конфигов
2026-05-22 02:49:12,654 | INFO     |   📁 githubmirror/ru-sni:
2026-05-22 02:49:12,655 | INFO     |     • hy2         :    19 конфигов ( 32.2% от clean)
2026-05-22 02:49:12,655 | INFO     |     • hysteria    :     0 конфигов (  0.0% от clean)
2026-05-22 02:49:12,655 | INFO     |     • hysteria2   :     5 конфигов ( 13.9% от clean)
2026-05-22 02:49:12,655 | INFO     |     • ss          :     0 конфигов (  0.0% от clean)
2026-05-22 02:49:12,655 | INFO     |     • trojan      :     6 конфигов (  0.4% от clean)
2026-05-22 02:49:12,655 | INFO     |     • tuic        :     0 конфигов (  0.0% от clean)
2026-05-22 02:49:12,656 | INFO     |     • vless       :   479 конфигов ( 12.9% от clean)
2026-05-22 02:49:12,656 | INFO     |     • vmess       :    37 конфигов (  1.1% от clean)
2026-05-22 02:49:12,656 | INFO     | 
2026-05-22 02:49:12,656 | INFO     |   ──────────────────────────────────────────────────
2026-05-22 02:49:12,656 | INFO     |   📈 ИТОГО:
2026-05-22 02:49:12,656 | INFO     |     Clean (после geo-фильтра):    10617
2026-05-22 02:49:12,656 | INFO     |     RU-SNI (после SNI-фильтра):     546
2026-05-22 02:49:12,656 | INFO     |     Прошло фильтр:                  5.1%
2026-05-22 02:49:12,656 | INFO     |   ──────────────────────────────────────────────────
2026-05-22 02:49:12,656 | INFO     | ✅ Статистика сохранена: /home/runner/work/vpn-vless-configs-russia/vpn-vless-configs-russia/stats.json
2026-05-22 02:49:12,656 | INFO     | 
2026-05-22 02:49:12,656 | INFO     | ======================================================================
2026-05-22 02:49:12,656 | INFO     | 📊 ИТОГОВЫЙ ОТЧЁТ
2026-05-22 02:49:12,656 | INFO     | ======================================================================
2026-05-22 02:49:12,656 | INFO     |   ✅ OK         | Загрузка и geo-фильтрация
2026-05-22 02:49:12,657 | INFO     |   ✅ OK         | Фильтрация по реальному SNI
2026-05-22 02:49:12,657 | INFO     |   ✅ OK         | Экспериментальный RU-SNI фильтр
2026-05-22 02:49:12,657 | INFO     |   ✅ OK         | Сбор статистики
2026-05-22 02:49:12,657 | INFO     | ──────────────────────────────────────────────────────────────────────
2026-05-22 02:49:12,657 | INFO     | ✅ ВСЕ ЭТАПЫ УСПЕШНЫ (4/4)
2026-05-22 02:49:12,657 | INFO     | ⏰ Время завершения: 2026-05-22 02:49:12
2026-05-22 02:49:12,657 | INFO     | ======================================================================
