2026-05-01 19:05:59,923 | INFO     | ======================================================================
2026-05-01 19:05:59,923 | INFO     | 🔍 VPN KEY CHECKER - Начало проверки
2026-05-01 19:05:59,923 | INFO     | ⏰ Время старта: 2026-05-01 19:05:59
2026-05-01 19:05:59,923 | INFO     | 📂 Рабочая директория: /home/runner/work/vpn-vless-configs-russia/vpn-vless-configs-russia
2026-05-01 19:05:59,924 | INFO     | ======================================================================
2026-05-01 19:05:59,924 | INFO     | 
2026-05-01 19:05:59,924 | INFO     | 🔍 Проверка наличия скриптов...
2026-05-01 19:05:59,924 | INFO     |   ✅ mirror.py
2026-05-01 19:05:59,924 | INFO     |   ✅ filter_ru_sni.py
2026-05-01 19:05:59,924 | INFO     |   ✅ filter_ru_sni_local.py
2026-05-01 19:05:59,924 | INFO     | 
2026-05-01 19:05:59,924 | INFO     | 
2026-05-01 19:05:59,924 | INFO     | ──────────────────────────────────────────────────────────────────────
2026-05-01 19:05:59,924 | INFO     | 📌 ЭТАП: Загрузка и geo-фильтрация
2026-05-01 19:05:59,924 | INFO     | ──────────────────────────────────────────────────────────────────────
2026-05-01 19:05:59,924 | INFO     | 🚀 Запуск mirror.py (Загрузка и фильтрация по РФ/СНГ/Европа)...
2026-05-01 19:08:17,212 | INFO     |   → 🚀 Старт: всего источников (старые + новые): 804
2026-05-01 19:08:17,212 | INFO     |   → 1/804: ✅ 2 взято | 🗑️ 195 мусор
2026-05-01 19:08:17,212 | INFO     |   → 2/804: ✅ 0 взято | 🗑️ 0 мусор
2026-05-01 19:08:17,212 | INFO     |   → 3/804: ✅ 0 взято | 🗑️ 0 мусор
2026-05-01 19:08:17,212 | INFO     |   → 4/804 ❌ HTTP 404 — https://cdn.jsdelivr.net/gh/cry0ice/genode@main/public/all.txt
2026-05-01 19:08:17,212 | INFO     |   → 5/804 ❌ HTTP 404 — https://cdn.jsdelivr.net/gh/cry0ice/genode@main/public/ss.txt
2026-05-01 19:08:17,212 | INFO     |   → 6/804 ❌ HTTP 404 — https://cdn.jsdelivr.net/gh/cry0ice/genode@main/public/ssr.txt
2026-05-01 19:08:17,212 | INFO     |   → 7/804 ❌ HTTP 404 — https://cdn.jsdelivr.net/gh/cry0ice/genode@main/public/trojan.txt
2026-05-01 19:08:17,212 | INFO     |   → 8/804 ❌ HTTP 404 — https://cdn.jsdelivr.net/gh/cry0ice/genode@main/public/vless.txt
2026-05-01 19:08:17,212 | INFO     |   → 9/804 ❌ HTTP 404 — https://cdn.jsdelivr.net/gh/cry0ice/genode@main/public/vmess.txt
2026-05-01 19:08:17,212 | INFO     |   → 10/804: ✅ 0 взято | 🗑️ 0 мусор
2026-05-01 19:08:17,212 | INFO     |   → 11/804: ✅ 0 взято | 🗑️ 0 мусор
2026-05-01 19:08:17,212 | INFO     |   → 12/804: ✅ 0 взято | 🗑️ 0 мусор
2026-05-01 19:08:17,212 | INFO     |   → 13/804: ✅ 0 взято | 🗑️ 0 мусор
2026-05-01 19:08:17,212 | INFO     |   → 14/804: ✅ 0 взято | 🗑️ 0 мусор
2026-05-01 19:08:17,212 | INFO     |   → 15/804: ✅ 0 взято | 🗑️ 0 мусор
2026-05-01 19:08:17,212 | INFO     |   → 16/804: ✅ 0 взято | 🗑️ 0 мусор
2026-05-01 19:08:17,212 | INFO     |   → 17/804: ✅ 0 взято | 🗑️ 0 мусор
2026-05-01 19:08:17,213 | INFO     |   → 18/804: ✅ 0 взято | 🗑️ 0 мусор
2026-05-01 19:08:17,213 | INFO     |   → 19/804: ✅ 0 взято | 🗑️ 0 мусор
2026-05-01 19:08:17,213 | INFO     |   → 20/804: ✅ 0 взято | 🗑️ 0 мусор
2026-05-01 19:08:17,213 | INFO     |   → 21/804: ✅ 0 взято | 🗑️ 0 мусор
2026-05-01 19:08:17,213 | INFO     |   → 22/804: ✅ 0 взято | 🗑️ 0 мусор
2026-05-01 19:08:17,213 | INFO     |   → 23/804: ✅ 0 взято | 🗑️ 0 мусор
2026-05-01 19:08:17,213 | INFO     |   → 24/804 ⚠️ Ошибка: HTTPSConnectionPool(host='free.datiya.com', port=443): Read timed out. (read timeout=15) — https://free.datiya.com/uploads/20260416-clash.yaml
2026-05-01 19:08:17,213 | INFO     |   → 25/804: ✅ 0 взято | 🗑️ 0 мусор
2026-05-01 19:08:17,213 | INFO     |   → 26/804: ✅ 0 взято | 🗑️ 0 мусор
2026-05-01 19:08:17,213 | INFO     |   → 27/804: ✅ 0 взято | 🗑️ 0 мусор
2026-05-01 19:08:17,213 | INFO     |   → 28/804: ✅ 0 взято | 🗑️ 0 мусор
2026-05-01 19:08:17,213 | INFO     |   → 29/804: ✅ 0 взято | 🗑️ 0 мусор
2026-05-01 19:08:17,213 | INFO     |   → 30/804: ✅ 0 взято | 🗑️ 0 мусор
2026-05-01 19:08:17,213 | INFO     |   → 31/804: ✅ 0 взято | 🗑️ 0 мусор
2026-05-01 19:08:17,213 | INFO     |   → 32/804: ✅ 0 взято | 🗑️ 0 мусор
2026-05-01 19:08:17,213 | INFO     |   → 33/804: ✅ 0 взято | 🗑️ 0 мусор
2026-05-01 19:08:17,213 | INFO     |   → 34/804: ✅ 0 взято | 🗑️ 0 мусор
2026-05-01 19:08:17,213 | INFO     |   → 35/804: ✅ 0 взято | 🗑️ 0 мусор
2026-05-01 19:08:17,213 | INFO     |   → 36/804: ✅ 0 взято | 🗑️ 0 мусор
2026-05-01 19:08:17,213 | INFO     |   → 37/804: ✅ 0 взято | 🗑️ 0 мусор
2026-05-01 19:08:17,214 | INFO     |   → 38/804: ✅ 0 взято | 🗑️ 0 мусор
2026-05-01 19:08:17,214 | INFO     |   → 39/804: ✅ 0 взято | 🗑️ 0 мусор
2026-05-01 19:08:17,214 | INFO     |   → 40/804: ✅ 0 взято | 🗑️ 0 мусор
2026-05-01 19:08:17,214 | INFO     |   → 41/804: ✅ 0 взято | 🗑️ 0 мусор
2026-05-01 19:08:17,214 | INFO     |   → 42/804: ✅ 0 взято | 🗑️ 0 мусор
2026-05-01 19:08:17,214 | INFO     |   → 43/804: ✅ 0 взято | 🗑️ 0 мусор
2026-05-01 19:08:17,214 | INFO     |   → 44/804: ✅ 0 взято | 🗑️ 0 мусор
2026-05-01 19:08:17,214 | INFO     |   → 45/804: ✅ 0 взято | 🗑️ 0 мусор
2026-05-01 19:08:17,214 | INFO     |   → 46/804: ✅ 0 взято | 🗑️ 0 мусор
2026-05-01 19:08:17,214 | INFO     |   → 47/804: ✅ 0 взято | 🗑️ 0 мусор
2026-05-01 19:08:17,214 | INFO     |   → 48/804: ✅ 0 взято | 🗑️ 0 мусор
2026-05-01 19:08:17,214 | INFO     |   → 49/804: ✅ 0 взято | 🗑️ 0 мусор
2026-05-01 19:08:17,214 | INFO     |   → 50/804: ✅ 0 взято | 🗑️ 0 мусор
2026-05-01 19:08:17,214 | INFO     |   → 51/804: ✅ 0 взято | 🗑️ 0 мусор
2026-05-01 19:08:17,214 | INFO     |   → 52/804: ✅ 0 взято | 🗑️ 0 мусор
2026-05-01 19:08:17,214 | INFO     |   → 53/804: ✅ 0 взято | 🗑️ 0 мусор
2026-05-01 19:08:17,214 | INFO     |   → 54/804: ✅ 0 взято | 🗑️ 0 мусор
2026-05-01 19:08:17,214 | INFO     |   → 55/804: ✅ 0 взято | 🗑️ 0 мусор
2026-05-01 19:08:17,214 | INFO     |   → 56/804 ❌ HTTP 404 — https://freessrnode.github.io/uploads/2024/08/0-20240822.txt
2026-05-01 19:08:17,214 | INFO     |   → 57/804 ❌ HTTP 404 — https://freessrnode.github.io/uploads/2024/08/1-20240822.txt
2026-05-01 19:08:17,214 | INFO     |   → 58/804 ❌ HTTP 404 — https://freessrnode.github.io/uploads/2024/08/2-20240822.txt
2026-05-01 19:08:17,215 | INFO     |   → 59/804 ❌ HTTP 404 — https://freessrnode.github.io/uploads/2024/08/3-20240822.txt
2026-05-01 19:08:17,215 | INFO     |   → 60/804 ❌ HTTP 404 — https://freessrnode.github.io/uploads/2024/08/4-20240822.txt
2026-05-01 19:08:17,215 | INFO     |   → 61/804 ⚠️ Ошибка: HTTPSConnectionPool(host='freevpnspy.githubrowcontent.com', port=443): Max retries exceeded with url: /2024/08/20240802_novless.yaml (Caused by NameResolutionError("HTTPSConnection(host='freevpnspy.githubrowcontent.com', port=443): Failed to resolve 'freevpnspy.githubrowcontent.com' ([Errno -2] Name or service not known)")) — https://freevpnspy.githubrowcontent.com/2024/08/20240802_novless.yaml
2026-05-01 19:08:17,215 | INFO     |   → 62/804 ⚠️ Ошибка: HTTPSConnectionPool(host='freevpnspy.githubrowcontent.com', port=443): Max retries exceeded with url: /2024/08/20240802_vless.yaml (Caused by NameResolutionError("HTTPSConnection(host='freevpnspy.githubrowcontent.com', port=443): Failed to resolve 'freevpnspy.githubrowcontent.com' ([Errno -2] Name or service not known)")) — https://freevpnspy.githubrowcontent.com/2024/08/20240802_vless.yaml
2026-05-01 19:08:17,215 | INFO     |   → 63/804 ❌ HTTP 404 — https://github.com/Epodonios/bulk-xray-v2ray-vless-vmess-...-configs/raw/main/sub/Albania/config.txt
2026-05-01 19:08:17,215 | INFO     |   → 64/804 ❌ HTTP 404 — https://github.com/Epodonios/bulk-xray-v2ray-vless-vmess-...-configs/raw/main/sub/Cura%C3%A7ao/config.txt
2026-05-01 19:08:17,215 | INFO     |   → 65/804 ❌ HTTP 404 — https://github.com/Epodonios/bulk-xray-v2ray-vless-vmess-...-configs/raw/main/sub/Finland/config.txt
2026-05-01 19:08:17,215 | INFO     |   → 66/804 ❌ HTTP 404 — https://github.com/Epodonios/bulk-xray-v2ray-vless-vmess-...-configs/raw/main/sub/Iran/config.txt
2026-05-01 19:08:17,215 | INFO     |   → 67/804 ❌ HTTP 404 — https://github.com/Epodonios/bulk-xray-v2ray-vless-vmess-...-configs/raw/main/sub/Netherlands/config.txt
2026-05-01 19:08:17,215 | INFO     |   → 68/804 ❌ HTTP 404 — https://github.com/Epodonios/bulk-xray-v2ray-vless-vmess-...-configs/raw/main/sub/Norway/config.txt
2026-05-01 19:08:17,215 | INFO     |   → 69/804 ❌ HTTP 404 — https://github.com/Epodonios/bulk-xray-v2ray-vless-vmess-...-configs/raw/main/sub/Russia/config.txt
2026-05-01 19:08:17,215 | INFO     |   → 70/804: ✅ 13 взято | 🗑️ 70 мусор
2026-05-01 19:08:17,215 | INFO     |   → 71/804: ✅ 0 взято | 🗑️ 4 мусор
2026-05-01 19:08:17,215 | INFO     |   → 72/804: ✅ 0 взято | 🗑️ 7 мусор
2026-05-01 19:08:17,215 | INFO     |   → 73/804: ✅ 0 взято | 🗑️ 51 мусор
2026-05-01 19:08:17,215 | INFO     |   → 74/804: ✅ 0 взято | 🗑️ 8 мусор
2026-05-01 19:08:17,215 | INFO     |   → 75/804: ✅ 0 взято | 🗑️ 0 мусор
2026-05-01 19:08:17,215 | INFO     |   → 76/804: ✅ 17 взято | 🗑️ 119 мусор
2026-05-01 19:08:17,215 | INFO     |   → 77/804 ❌ HTTP 404 — https://github.com/MrMohebi/xray-proxy-grabber-telegram/raw/master/collected-proxies/clash-meta/all.yaml
2026-05-01 19:08:17,215 | INFO     |   → 78/804 ❌ HTTP 404 — https://github.com/MrMohebi/xray-proxy-grabber-telegram/raw/master/collected-proxies/row-url/all.txt
2026-05-01 19:08:17,215 | INFO     |   → 79/804: ✅ 0 взято | 🗑️ 0 мусор
2026-05-01 19:08:17,215 | INFO     |   → 80/804: ✅ 0 взято | 🗑️ 113 мусор
2026-05-01 19:08:17,215 | INFO     |   → 81/804: ✅ 0 взято | 🗑️ 119 мусор
2026-05-01 19:08:17,216 | INFO     |   → 82/804 ❌ HTTP 404 — https://github.com/abbasdvd3/abbasdvd10/73ec60de7a6c6aa6df4c14b511c1da60686891ca/ppo.txt
2026-05-01 19:08:17,216 | INFO     |   → 83/804 ❌ HTTP 404 — https://github.com/acymz/AutoVPN/refs/heads/main/data/V2.txt
2026-05-01 19:08:17,216 | INFO     |   → 84/804: ✅ 0 взято | 🗑️ 0 мусор
2026-05-01 19:08:17,216 | INFO     |   → 85/804: ✅ 0 взято | 🗑️ 0 мусор
2026-05-01 19:08:17,216 | INFO     |   → 86/804: ✅ 0 взято | 🗑️ 0 мусор
2026-05-01 19:08:17,216 | INFO     |   → 87/804: ✅ 0 взято | 🗑️ 0 мусор
2026-05-01 19:08:17,216 | INFO     |   → 88/804: ✅ 0 взято | 🗑️ 0 мусор
2026-05-01 19:08:17,216 | INFO     |   → 89/804: ✅ 0 взято | 🗑️ 0 мусор
2026-05-01 19:08:17,216 | INFO     |   → 90/804: ✅ 0 взято | 🗑️ 0 мусор
2026-05-01 19:08:17,216 | INFO     |   → 91/804 ❌ HTTP 404 — https://github.com/mermeroo/V2RAY-FREE/raw/main/All_Configs_base64_Sub.txt
2026-05-01 19:08:17,216 | INFO     |   → 92/804 ❌ HTTP 404 — https://github.com/mermeroo/V2RAY-FREE/raw/main/Base64/Sub1_base64.txt
2026-05-01 19:08:17,216 | INFO     |   → 93/804 ❌ HTTP 404 — https://github.com/mermeroo/V2RAY-FREE/raw/main/Base64/Sub2_base64.txt
2026-05-01 19:08:17,216 | INFO     |   → 94/804 ❌ HTTP 404 — https://github.com/mermeroo/V2RAY-FREE/raw/main/Base64/Sub3_base64.txt
2026-05-01 19:08:17,216 | INFO     |   → 95/804 ❌ HTTP 404 — https://github.com/mermeroo/V2RAY-FREE/raw/main/Base64/Sub4_base64.txt
2026-05-01 19:08:17,216 | INFO     |   → 96/804 ❌ HTTP 404 — https://github.com/mermeroo/V2RAY-FREE/raw/main/Base64/Sub5_base64.txt
2026-05-01 19:08:17,216 | INFO     |   → 97/804 ❌ HTTP 404 — https://github.com/mermeroo/telegram-configs-collector/raw/main/protocols/hysteria
2026-05-01 19:08:17,216 | INFO     |   → 98/804 ❌ HTTP 404 — https://github.com/mermeroo/telegram-configs-collector/raw/main/protocols/juicity
2026-05-01 19:08:17,216 | INFO     |   → 99/804 ❌ HTTP 404 — https://github.com/mermeroo/telegram-configs-collector/raw/main/protocols/tuic
2026-05-01 19:08:17,216 | INFO     |   → 100/804: ✅ 5 взято | 🗑️ 16 мусор
2026-05-01 19:08:17,216 | INFO     |   → 101/804: ✅ 0 взято | 🗑️ 0 мусор
2026-05-01 19:08:17,216 | INFO     |   → 102/804: ✅ 0 взято | 🗑️ 0 мусор
2026-05-01 19:08:17,217 | INFO     |   → 103/804: ✅ 0 взято | 🗑️ 0 мусор
2026-05-01 19:08:17,217 | INFO     |   → 104/804: ✅ 9 взято | 🗑️ 238 мусор
2026-05-01 19:08:17,217 | INFO     |   → 105/804: ✅ 0 взято | 🗑️ 0 мусор
2026-05-01 19:08:17,217 | INFO     |   → 106/804: ✅ 5 взято | 🗑️ 239 мусор
2026-05-01 19:08:17,217 | INFO     |   → 107/804: ✅ 0 взято | 🗑️ 0 мусор
2026-05-01 19:08:17,217 | INFO     |   → 108/804: ✅ 0 взято | 🗑️ 255 мусор
2026-05-01 19:08:17,217 | INFO     |   → 109/804: ✅ 0 взято | 🗑️ 0 мусор
2026-05-01 19:08:17,217 | INFO     |   → 110/804: ✅ 1 взято | 🗑️ 249 мусор
2026-05-01 19:08:17,217 | INFO     |   → 111/804: ✅ 0 взято | 🗑️ 0 мусор
2026-05-01 19:08:17,217 | INFO     |   → 112/804: ✅ 0 взято | 🗑️ 207 мусор
2026-05-01 19:08:17,217 | INFO     |   → 113/804: ✅ 0 взято | 🗑️ 0 мусор
2026-05-01 19:08:17,217 | INFO     |   → 114/804: ✅ 0 взято | 🗑️ 228 мусор
2026-05-01 19:08:17,217 | INFO     |   → 115/804: ✅ 0 взято | 🗑️ 0 мусор
2026-05-01 19:08:17,217 | INFO     |   → 116/804: ✅ 1 взято | 🗑️ 291 мусор
2026-05-01 19:08:17,217 | INFO     |   → 117/804: ✅ 0 взято | 🗑️ 0 мусор
2026-05-01 19:08:17,217 | INFO     |   → 118/804: ✅ 3 взято | 🗑️ 221 мусор
2026-05-01 19:08:17,217 | INFO     |   → 119/804: ✅ 0 взято | 🗑️ 0 мусор
2026-05-01 19:08:17,217 | INFO     |   → 120/804: ✅ 0 взято | 🗑️ 222 мусор
2026-05-01 19:08:17,217 | INFO     |   → 121/804: ✅ 0 взято | 🗑️ 0 мусор
2026-05-01 19:08:17,217 | INFO     |   → 122/804: ✅ 1 взято | 🗑️ 218 мусор
2026-05-01 19:08:17,218 | INFO     |   → 123/804: ✅ 0 взято | 🗑️ 0 мусор
2026-05-01 19:08:17,218 | INFO     |   → 124/804: ✅ 0 взято | 🗑️ 193 мусор
2026-05-01 19:08:17,218 | INFO     |   → 125/804: ✅ 0 взято | 🗑️ 0 мусор
2026-05-01 19:08:17,218 | INFO     |   → 126/804: ✅ 0 взято | 🗑️ 290 мусор
2026-05-01 19:08:17,218 | INFO     |   → 127/804: ✅ 0 взято | 🗑️ 0 мусор
2026-05-01 19:08:17,218 | INFO     |   → 128/804: ✅ 0 взято | 🗑️ 238 мусор
2026-05-01 19:08:17,218 | INFO     |   → 129/804: ✅ 0 взято | 🗑️ 0 мусор
2026-05-01 19:08:17,218 | INFO     |   → 130/804: ✅ 1 взято | 🗑️ 221 мусор
2026-05-01 19:08:17,218 | INFO     |   → 131/804: ✅ 0 взято | 🗑️ 0 мусор
2026-05-01 19:08:17,218 | INFO     |   → 132/804: ✅ 0 взято | 🗑️ 248 мусор
2026-05-01 19:08:17,218 | INFO     |   → 133/804: ✅ 0 взято | 🗑️ 0 мусор
2026-05-01 19:08:17,218 | INFO     |   → 134/804: ✅ 0 взято | 🗑️ 203 мусор
2026-05-01 19:08:17,218 | INFO     |   → 135/804: ✅ 0 взято | 🗑️ 0 мусор
2026-05-01 19:08:17,218 | INFO     |   → 136/804: ✅ 0 взято | 🗑️ 208 мусор
2026-05-01 19:08:17,218 | INFO     |   → 137/804: ✅ 0 взято | 🗑️ 0 мусор
2026-05-01 19:08:17,218 | INFO     |   → 138/804: ✅ 2 взято | 🗑️ 209 мусор
2026-05-01 19:08:17,218 | INFO     |   → 139/804: ✅ 0 взято | 🗑️ 0 мусор
2026-05-01 19:08:17,218 | INFO     |   → 140/804: ✅ 0 взято | 🗑️ 258 мусор
2026-05-01 19:08:17,218 | INFO     |   → 141/804: ✅ 0 взято | 🗑️ 0 мусор
2026-05-01 19:08:17,219 | INFO     |   → 142/804: ✅ 0 взято | 🗑️ 296 мусор
2026-05-01 19:08:17,219 | INFO     |   → 143/804: ✅ 0 взято | 🗑️ 0 мусор
2026-05-01 19:08:17,219 | INFO     |   → 144/804: ✅ 1 взято | 🗑️ 286 мусор
2026-05-01 19:08:17,219 | INFO     |   → 145/804: ✅ 0 взято | 🗑️ 0 мусор
2026-05-01 19:08:17,219 | INFO     |   → 146/804: ✅ 0 взято | 🗑️ 195 мусор
2026-05-01 19:08:17,219 | INFO     |   → 147/804: ✅ 0 взято | 🗑️ 0 мусор
2026-05-01 19:08:17,219 | INFO     |   → 148/804: ✅ 0 взято | 🗑️ 170 мусор
2026-05-01 19:08:17,219 | INFO     |   → 149/804: ✅ 0 взято | 🗑️ 0 мусор
2026-05-01 19:08:17,219 | INFO     |   → 150/804 ⚠️ Ошибка: HTTPSConnectionPool(host='ivuxy.tech', port=443): Max retries exceeded with url: /v.txt (Caused by NameResolutionError("HTTPSConnection(host='ivuxy.tech', port=443): Failed to resolve 'ivuxy.tech' ([Errno -2] Name or service not known)")) — https://ivuxy.tech/v.txt
2026-05-01 19:08:17,219 | INFO     |   → 151/804 ⚠️ Ошибка: HTTPSConnectionPool(host='mirror.ghproxy.com', port=443): Max retries exceeded with url: /https://raw.githubusercontent.com/Barabama/FreeNodes/master/nodes/blues.txt (Caused by NameResolutionError("HTTPSConnection(host='mirror.ghproxy.com', port=443): Failed to resolve 'mirror.ghproxy.com' ([Errno -2] Name or service not known)")) — https://mirror.ghproxy.com/https://raw.githubusercontent.com/Barabama/FreeNodes/master/nodes/blues.txt
2026-05-01 19:08:17,219 | INFO     |   → 152/804 ⚠️ Ошибка: HTTPSConnectionPool(host='mirror.ghproxy.com', port=443): Max retries exceeded with url: /https://raw.githubusercontent.com/Barabama/FreeNodes/master/nodes/halekj.txt (Caused by NameResolutionError("HTTPSConnection(host='mirror.ghproxy.com', port=443): Failed to resolve 'mirror.ghproxy.com' ([Errno -2] Name or service not known)")) — https://mirror.ghproxy.com/https://raw.githubusercontent.com/Barabama/FreeNodes/master/nodes/halekj.txt
2026-05-01 19:08:17,219 | INFO     |   → 153/804 ⚠️ Ошибка: HTTPSConnectionPool(host='mirror.ghproxy.com', port=443): Max retries exceeded with url: /https://raw.githubusercontent.com/Barabama/FreeNodes/master/nodes/kkzui.txt (Caused by NameResolutionError("HTTPSConnection(host='mirror.ghproxy.com', port=443): Failed to resolve 'mirror.ghproxy.com' ([Errno -2] Name or service not known)")) — https://mirror.ghproxy.com/https://raw.githubusercontent.com/Barabama/FreeNodes/master/nodes/kkzui.txt
2026-05-01 19:08:17,219 | INFO     |   → 154/804 ⚠️ Ошибка: HTTPSConnectionPool(host='mirror.ghproxy.com', port=443): Max retries exceeded with url: /https://raw.githubusercontent.com/Barabama/FreeNodes/master/nodes/merged.txt (Caused by NameResolutionError("HTTPSConnection(host='mirror.ghproxy.com', port=443): Failed to resolve 'mirror.ghproxy.com' ([Errno -2] Name or service not known)")) — https://mirror.ghproxy.com/https://raw.githubusercontent.com/Barabama/FreeNodes/master/nodes/merged.txt
2026-05-01 19:08:17,219 | INFO     |   → 155/804 ⚠️ Ошибка: HTTPSConnectionPool(host='mirror.ghproxy.com', port=443): Max retries exceeded with url: /https://raw.githubusercontent.com/Barabama/FreeNodes/master/nodes/nodefree.txt (Caused by NameResolutionError("HTTPSConnection(host='mirror.ghproxy.com', port=443): Failed to resolve 'mirror.ghproxy.com' ([Errno -2] Name or service not known)")) — https://mirror.ghproxy.com/https://raw.githubusercontent.com/Barabama/FreeNodes/master/nodes/nodefree.txt
2026-05-01 19:08:17,219 | INFO     |   → 156/804 ⚠️ Ошибка: HTTPSConnectionPool(host='mirror.ghproxy.com', port=443): Max retries exceeded with url: /https://raw.githubusercontent.com/Barabama/FreeNodes/master/nodes/openrunner.txt (Caused by NameResolutionError("HTTPSConnection(host='mirror.ghproxy.com', port=443): Failed to resolve 'mirror.ghproxy.com' ([Errno -2] Name or service not known)")) — https://mirror.ghproxy.com/https://raw.githubusercontent.com/Barabama/FreeNodes/master/nodes/openrunner.txt
2026-05-01 19:08:17,219 | INFO     |   → 157/804 ⚠️ Ошибка: HTTPSConnectionPool(host='mirror.ghproxy.com', port=443): Max retries exceeded with url: /https://raw.githubusercontent.com/Barabama/FreeNodes/master/nodes/v2rayshare.txt (Caused by NameResolutionError("HTTPSConnection(host='mirror.ghproxy.com', port=443): Failed to resolve 'mirror.ghproxy.com' ([Errno -2] Name or service not known)")) — https://mirror.ghproxy.com/https://raw.githubusercontent.com/Barabama/FreeNodes/master/nodes/v2rayshare.txt
2026-05-01 19:08:17,219 | INFO     |   → 158/804 ⚠️ Ошибка: HTTPSConnectionPool(host='mirror.ghproxy.com', port=443): Max retries exceeded with url: /https://raw.githubusercontent.com/Barabama/FreeNodes/master/nodes/wenode.txt (Caused by NameResolutionError("HTTPSConnection(host='mirror.ghproxy.com', port=443): Failed to resolve 'mirror.ghproxy.com' ([Errno -2] Name or service not known)")) — https://mirror.ghproxy.com/https://raw.githubusercontent.com/Barabama/FreeNodes/master/nodes/wenode.txt
2026-05-01 19:08:17,219 | INFO     |   → 159/804 ⚠️ Ошибка: HTTPSConnectionPool(host='mirror.ghproxy.com', port=443): Max retries exceeded with url: /https://raw.githubusercontent.com/Barabama/FreeNodes/master/nodes/yudou66.txt (Caused by NameResolutionError("HTTPSConnection(host='mirror.ghproxy.com', port=443): Failed to resolve 'mirror.ghproxy.com' ([Errno -2] Name or service not known)")) — https://mirror.ghproxy.com/https://raw.githubusercontent.com/Barabama/FreeNodes/master/nodes/yudou66.txt
2026-05-01 19:08:17,219 | INFO     |   → 160/804: ✅ 7 взято | 🗑️ 17 мусор
2026-05-01 19:08:17,219 | INFO     |   → 161/804: ✅ 0 взято | 🗑️ 17 мусор
2026-05-01 19:08:17,220 | INFO     |   → 162/804: ✅ 14 взято | 🗑️ 14 мусор
2026-05-01 19:08:17,220 | INFO     |   → 163/804: ✅ 0 взято | 🗑️ 14 мусор
2026-05-01 19:08:17,220 | INFO     |   → 164/804: ✅ 0 взято | 🗑️ 14 мусор
2026-05-01 19:08:17,220 | INFO     |   → 165/804: ✅ 0 взято | 🗑️ 14 мусор
2026-05-01 19:08:17,220 | INFO     |   → 166/804: ✅ 0 взято | 🗑️ 14 мусор
2026-05-01 19:08:17,220 | INFO     |   → 167/804: ✅ 0 взято | 🗑️ 14 мусор
2026-05-01 19:08:17,220 | INFO     |   → 168/804: ✅ 0 взято | 🗑️ 14 мусор
2026-05-01 19:08:17,220 | INFO     |   → 169/804: ✅ 0 взято | 🗑️ 14 мусор
2026-05-01 19:08:17,220 | INFO     |   → 170/804: ✅ 0 взято | 🗑️ 14 мусор
2026-05-01 19:08:17,220 | INFO     |   → 171/804: ✅ 7 взято | 🗑️ 21 мусор
2026-05-01 19:08:17,220 | INFO     |   → 172/804: ✅ 0 взято | 🗑️ 21 мусор
2026-05-01 19:08:17,220 | INFO     |   → 173/804: ✅ 0 взято | 🗑️ 21 мусор
2026-05-01 19:08:17,220 | INFO     |   → 174/804: ✅ 0 взято | 🗑️ 21 мусор
2026-05-01 19:08:17,220 | INFO     |   → 175/804: ✅ 0 взято | 🗑️ 21 мусор
2026-05-01 19:08:17,220 | INFO     |   → 176/804: ✅ 0 взято | 🗑️ 21 мусор
2026-05-01 19:08:17,220 | INFO     |   → 177/804: ✅ 0 взято | 🗑️ 21 мусор
2026-05-01 19:08:17,220 | INFO     |   → 178/804: ✅ 0 взято | 🗑️ 21 мусор
2026-05-01 19:08:17,220 | INFO     |   → 179/804: ✅ 0 взято | 🗑️ 21 мусор
2026-05-01 19:08:17,220 | INFO     |   → 180/804: ✅ 0 взято | 🗑️ 21 мусор
2026-05-01 19:08:17,220 | INFO     |   → 181/804: ✅ 0 взято | 🗑️ 21 мусор
2026-05-01 19:08:17,221 | INFO     |   → 182/804 ⚠️ Ошибка: HTTPSConnectionPool(host='nodefree.githubrowcontent.com', port=443): Max retries exceeded with url: /2024/07/20240705.yaml (Caused by NameResolutionError("HTTPSConnection(host='nodefree.githubrowcontent.com', port=443): Failed to resolve 'nodefree.githubrowcontent.com' ([Errno -2] Name or service not known)")) — https://nodefree.org/dy/2023/08/20230806.yaml
2026-05-01 19:08:17,221 | INFO     |   → 183/804 ⚠️ Ошибка: HTTPSConnectionPool(host='nodefree.githubrowcontent.com', port=443): Max retries exceeded with url: /2024/07/20240705.txt (Caused by NameResolutionError("HTTPSConnection(host='nodefree.githubrowcontent.com', port=443): Failed to resolve 'nodefree.githubrowcontent.com' ([Errno -2] Name or service not known)")) — https://nodefree.org/dy/2023/12/20231221.txt
2026-05-01 19:08:17,221 | INFO     |   → 184/804: ✅ 0 взято | 🗑️ 17 мусор
2026-05-01 19:08:17,221 | INFO     |   → 185/804: ✅ 0 взято | 🗑️ 17 мусор
2026-05-01 19:08:17,221 | INFO     |   → 186/804: ✅ 0 взято | 🗑️ 14 мусор
2026-05-01 19:08:17,221 | INFO     |   → 187/804: ✅ 0 взято | 🗑️ 14 мусор
2026-05-01 19:08:17,221 | INFO     |   → 188/804: ✅ 0 взято | 🗑️ 14 мусор
2026-05-01 19:08:17,221 | INFO     |   → 189/804: ✅ 0 взято | 🗑️ 14 мусор
2026-05-01 19:08:17,221 | INFO     |   → 190/804: ✅ 0 взято | 🗑️ 14 мусор
2026-05-01 19:08:17,221 | INFO     |   → 191/804: ✅ 0 взято | 🗑️ 14 мусор
2026-05-01 19:08:17,221 | INFO     |   → 192/804: ✅ 0 взято | 🗑️ 14 мусор
2026-05-01 19:08:17,221 | INFO     |   → 193/804: ✅ 0 взято | 🗑️ 14 мусор
2026-05-01 19:08:17,221 | INFO     |   → 194/804: ✅ 0 взято | 🗑️ 14 мусор
2026-05-01 19:08:17,221 | INFO     |   → 195/804: ✅ 0 взято | 🗑️ 21 мусор
2026-05-01 19:08:17,221 | INFO     |   → 196/804: ✅ 0 взято | 🗑️ 21 мусор
2026-05-01 19:08:17,221 | INFO     |   → 197/804: ✅ 0 взято | 🗑️ 21 мусор
2026-05-01 19:08:17,221 | INFO     |   → 198/804: ✅ 0 взято | 🗑️ 21 мусор
2026-05-01 19:08:17,221 | INFO     |   → 199/804: ✅ 0 взято | 🗑️ 21 мусор
2026-05-01 19:08:17,221 | INFO     |   → 200/804: ✅ 0 взято | 🗑️ 21 мусор
2026-05-01 19:08:17,221 | INFO     |   → 201/804: ✅ 0 взято | 🗑️ 21 мусор
2026-05-01 19:08:17,221 | INFO     |   → 202/804: ✅ 0 взято | 🗑️ 21 мусор
2026-05-01 19:08:17,221 | INFO     |   → 203/804: ✅ 0 взято | 🗑️ 21 мусор
2026-05-01 19:08:17,222 | INFO     |   → 204/804: ✅ 0 взято | 🗑️ 21 мусор
2026-05-01 19:08:17,222 | INFO     |   → 205/804: ✅ 0 взято | 🗑️ 21 мусор
2026-05-01 19:08:17,222 | INFO     |   → 206/804: ✅ 5 взято | 🗑️ 15 мусор
2026-05-01 19:08:17,222 | INFO     |   → 207/804: ✅ 0 взято | 🗑️ 0 мусор
2026-05-01 19:08:17,222 | INFO     |   → 208/804: ✅ 0 взято | 🗑️ 0 мусор
2026-05-01 19:08:17,222 | INFO     |   → 209/804: ✅ 0 взято | 🗑️ 0 мусор
2026-05-01 19:08:17,222 | INFO     |   → 210/804: ✅ 0 взято | 🗑️ 0 мусор
2026-05-01 19:08:17,222 | INFO     |   → 211/804: ✅ 0 взято | 🗑️ 0 мусор
2026-05-01 19:08:17,222 | INFO     |   → 212/804: ✅ 0 взято | 🗑️ 0 мусор
2026-05-01 19:08:17,222 | INFO     |   → 213/804: ✅ 0 взято | 🗑️ 0 мусор
2026-05-01 19:08:17,222 | INFO     |   → 214/804: ✅ 0 взято | 🗑️ 0 мусор
2026-05-01 19:08:17,222 | INFO     |   → 215/804: ✅ 0 взято | 🗑️ 0 мусор
2026-05-01 19:08:17,222 | INFO     |   → 216/804: ✅ 0 взято | 🗑️ 0 мусор
2026-05-01 19:08:17,222 | INFO     |   → 217/804: ✅ 0 взято | 🗑️ 0 мусор
2026-05-01 19:08:17,222 | INFO     |   → 218/804: ✅ 0 взято | 🗑️ 0 мусор
2026-05-01 19:08:17,222 | INFO     |   → 219/804 ❌ HTTP 404 — https://raw.githubusercontent.com/10ium/MihomoSaz/main/Sublist/shatakvpn.yaml4_Sub.txt
2026-05-01 19:08:17,222 | INFO     |   → 220/804: ✅ 0 взято | 🗑️ 0 мусор
2026-05-01 19:08:17,222 | INFO     |   → 221/804: ✅ 0 взято | 🗑️ 0 мусор
2026-05-01 19:08:17,222 | INFO     |   → 222/804: ✅ 12 взято | 🗑️ 38 мусор
2026-05-01 19:08:17,222 | INFO     |   → 223/804: ✅ 0 взято | 🗑️ 0 мусор
2026-05-01 19:08:17,222 | INFO     |   → 224/804: ✅ 0 взято | 🗑️ 0 мусор
2026-05-01 19:08:17,223 | INFO     |   → 225/804: ✅ 11 взято | 🗑️ 399 мусор
2026-05-01 19:08:17,223 | INFO     |   → 226/804: ✅ 0 взято | 🗑️ 0 мусор
2026-05-01 19:08:17,223 | INFO     |   → 227/804 ❌ HTTP 404 — https://raw.githubusercontent.com/9Fork/openit/main/Clash.yaml
2026-05-01 19:08:17,223 | INFO     |   → 228/804: ✅ 100 взято | 🗑️ 381 мусор
2026-05-01 19:08:17,223 | INFO     |   → 229/804: ✅ 0 взято | 🗑️ 381 мусор
2026-05-01 19:08:17,223 | INFO     |   → 230/804: ✅ 19 взято | 🗑️ 81 мусор
2026-05-01 19:08:17,223 | INFO     |   → 231/804: ✅ 11 взято | 🗑️ 87 мусор
2026-05-01 19:08:17,223 | INFO     |   → 232/804: ✅ 27 взято | 🗑️ 73 мусор
2026-05-01 19:08:17,223 | INFO     |   → 233/804: ✅ 13 взято | 🗑️ 75 мусор
2026-05-01 19:08:17,223 | INFO     |   → 234/804: ✅ 10 взято | 🗑️ 83 мусор
2026-05-01 19:08:17,223 | INFO     |   → 235/804: ✅ 12 взято | 🗑️ 86 мусор
2026-05-01 19:08:17,223 | INFO     |   → 236/804: ✅ 11 взято | 🗑️ 87 мусор
2026-05-01 19:08:17,223 | INFO     |   → 237/804: ✅ 11 взято | 🗑️ 80 мусор
2026-05-01 19:08:17,223 | INFO     |   → 238/804: ✅ 9 взято | 🗑️ 82 мусор
2026-05-01 19:08:17,223 | INFO     |   → 239/804: ✅ 69 взято | 🗑️ 3 мусор
2026-05-01 19:08:17,223 | INFO     |   → 240/804: ✅ 3 взято | 🗑️ 75 мусор
2026-05-01 19:08:17,223 | INFO     |   → 241/804: ✅ 4 взято | 🗑️ 69 мусор
2026-05-01 19:08:17,223 | INFO     |   → 242/804: ✅ 4 взято | 🗑️ 80 мусор
2026-05-01 19:08:17,223 | INFO     |   → 243/804: ✅ 6 взято | 🗑️ 81 мусор
2026-05-01 19:08:17,223 | INFO     |   → 244/804: ✅ 5 взято | 🗑️ 79 мусор
2026-05-01 19:08:17,224 | INFO     |   → 245/804: ✅ 11 взято | 🗑️ 78 мусор
2026-05-01 19:08:17,224 | INFO     |   → 246/804: ✅ 3 взято | 🗑️ 83 мусор
2026-05-01 19:08:17,224 | INFO     |   → 247/804: ✅ 14 взято | 🗑️ 76 мусор
2026-05-01 19:08:17,224 | INFO     |   → 248/804: ✅ 12 взято | 🗑️ 78 мусор
2026-05-01 19:08:17,224 | INFO     |   → 249/804: ✅ 26 взято | 🗑️ 218 мусор
2026-05-01 19:08:17,224 | INFO     |   → 250/804: ✅ 44 взято | 🗑️ 141 мусор
2026-05-01 19:08:17,224 | INFO     |   → 251/804: ✅ 10 взято | 🗑️ 71 мусор
2026-05-01 19:08:17,224 | INFO     |   → 252/804: ✅ 2 взято | 🗑️ 88 мусор
2026-05-01 19:08:17,224 | INFO     |   → 253/804: ✅ 0 взято | 🗑️ 3 мусор
2026-05-01 19:08:17,224 | INFO     |   → 254/804: ✅ 14 взято | 🗑️ 4 мусор
2026-05-01 19:08:17,224 | INFO     |   → 255/804: ✅ 681 взято | 🗑️ 2491 мусор
2026-05-01 19:08:17,224 | INFO     |   → 256/804 ❌ HTTP 404 — https://raw.githubusercontent.com/Alvin9999/pac2/master/clash/1/config.yaml
2026-05-01 19:08:17,224 | INFO     |   → 257/804 ❌ HTTP 404 — https://raw.githubusercontent.com/AmirHDevo/temp2/7f15e7ddb311a6f8c5ab338bd1af0e1f2136a84b/configs.txt
2026-05-01 19:08:17,224 | INFO     |   → 258/804: ✅ 5 взято | 🗑️ 44 мусор
2026-05-01 19:08:17,224 | INFO     |   → 259/804: ✅ 1041 взято | 🗑️ 21049 мусор
2026-05-01 19:08:17,224 | INFO     |   → 260/804: ✅ 5 взято | 🗑️ 47 мусор
2026-05-01 19:08:17,224 | INFO     |   → 261/804: ✅ 4 взято | 🗑️ 57 мусор
2026-05-01 19:08:17,224 | INFO     |   → 262/804: ✅ 21 взято | 🗑️ 107 мусор
2026-05-01 19:08:17,224 | INFO     |   → 263/804: ✅ 78 взято | 🗑️ 347 мусор
2026-05-01 19:08:17,224 | INFO     |   → 264/804: ✅ 0 взято | 🗑️ 1373 мусор
2026-05-01 19:08:17,224 | INFO     |   → 265/804: ✅ 339 взято | 🗑️ 1542 мусор
2026-05-01 19:08:17,225 | INFO     |   → 266/804: ✅ 0 взято | 🗑️ 6 мусор
2026-05-01 19:08:17,225 | INFO     |   → 267/804: ✅ 0 взято | 🗑️ 0 мусор
2026-05-01 19:08:17,225 | INFO     |   → 268/804: ✅ 1 взято | 🗑️ 235 мусор
2026-05-01 19:08:17,225 | INFO     |   → 269/804: ✅ 0 взято | 🗑️ 16 мусор
2026-05-01 19:08:17,225 | INFO     |   → 270/804: ✅ 0 взято | 🗑️ 0 мусор
2026-05-01 19:08:17,225 | INFO     |   → 271/804: ✅ 0 взято | 🗑️ 14 мусор
2026-05-01 19:08:17,225 | INFO     |   → 272/804: ✅ 0 взято | 🗑️ 0 мусор
2026-05-01 19:08:17,225 | INFO     |   → 273/804: ✅ 0 взято | 🗑️ 21 мусор
2026-05-01 19:08:17,225 | INFO     |   → 274/804: ✅ 0 взято | 🗑️ 0 мусор
2026-05-01 19:08:17,225 | INFO     |   → 275/804: ✅ 1 взято | 🗑️ 273 мусор
2026-05-01 19:08:17,225 | INFO     |   → 276/804: ✅ 0 взято | 🗑️ 0 мусор
2026-05-01 19:08:17,225 | INFO     |   → 277/804: ✅ 0 взято | 🗑️ 15 мусор
2026-05-01 19:08:17,225 | INFO     |   → 278/804: ✅ 0 взято | 🗑️ 0 мусор
2026-05-01 19:08:17,225 | INFO     |   → 279/804: ✅ 0 взято | 🗑️ 15 мусор
2026-05-01 19:08:17,225 | INFO     |   → 280/804: ✅ 0 взято | 🗑️ 0 мусор
2026-05-01 19:08:17,225 | INFO     |   → 281/804: ✅ 0 взято | 🗑️ 170 мусор
2026-05-01 19:08:17,225 | INFO     |   → 282/804: ✅ 0 взято | 🗑️ 0 мусор
2026-05-01 19:08:17,225 | INFO     |   → 283/804: ✅ 5 взято | 🗑️ 76 мусор
2026-05-01 19:08:17,225 | INFO     |   → 284/804: ✅ 80 взято | 🗑️ 1110 мусор
2026-05-01 19:08:17,225 | INFO     |   → 285/804: ✅ 5 взято | 🗑️ 13 мусор
2026-05-01 19:08:17,225 | INFO     |   → 286/804 ❌ HTTP 404 — https://raw.githubusercontent.com/Epodonios/bulk-xray-v2ray-vless-vmess-...-configs/main/sub/Austria/config.txt
2026-05-01 19:08:17,226 | INFO     |   → 287/804 ❌ HTTP 404 — https://raw.githubusercontent.com/Epodonios/bulk-xray-v2ray-vless-vmess-...-configs/main/sub/Canada/config.txt
2026-05-01 19:08:17,226 | INFO     |   → 288/804 ❌ HTTP 404 — https://raw.githubusercontent.com/Epodonios/bulk-xray-v2ray-vless-vmess-...-configs/main/sub/Costa%20Rica/config.txt
2026-05-01 19:08:17,226 | INFO     |   → 289/804 ❌ HTTP 404 — https://raw.githubusercontent.com/Epodonios/bulk-xray-v2ray-vless-vmess-...-configs/main/sub/France/config.txt
2026-05-01 19:08:17,226 | INFO     |   → 290/804 ❌ HTTP 404 — https://raw.githubusercontent.com/Epodonios/bulk-xray-v2ray-vless-vmess-...-configs/main/sub/Germany/config.txt
2026-05-01 19:08:17,226 | INFO     |   → 291/804 ❌ HTTP 404 — https://raw.githubusercontent.com/Epodonios/bulk-xray-v2ray-vless-vmess-...-configs/main/sub/Indonesia/config.txt
2026-05-01 19:08:17,226 | INFO     |   → 292/804 ❌ HTTP 404 — https://raw.githubusercontent.com/Epodonios/bulk-xray-v2ray-vless-vmess-...-configs/main/sub/Ireland/config.txt
2026-05-01 19:08:17,226 | INFO     |   → 293/804 ❌ HTTP 404 — https://raw.githubusercontent.com/Epodonios/bulk-xray-v2ray-vless-vmess-...-configs/main/sub/Republic%20of%20Lithuania/config.txt
2026-05-01 19:08:17,226 | INFO     |   → 294/804 ❌ HTTP 404 — https://raw.githubusercontent.com/Epodonios/bulk-xray-v2ray-vless-vmess-...-configs/main/sub/South%20Africa/config.txt
2026-05-01 19:08:17,226 | INFO     |   → 295/804 ❌ HTTP 404 — https://raw.githubusercontent.com/Epodonios/bulk-xray-v2ray-vless-vmess-...-configs/main/sub/Sweden/config.txt
2026-05-01 19:08:17,226 | INFO     |   → 296/804 ❌ HTTP 404 — https://raw.githubusercontent.com/Epodonios/bulk-xray-v2ray-vless-vmess-...-configs/main/sub/Turkey/config.txt
2026-05-01 19:08:17,226 | INFO     |   → 297/804 ❌ HTTP 404 — https://raw.githubusercontent.com/Epodonios/bulk-xray-v2ray-vless-vmess-...-configs/main/sub/United%20Arab%20Emirates/config.txt
2026-05-01 19:08:17,226 | INFO     |   → 298/804 ❌ HTTP 404 — https://raw.githubusercontent.com/Epodonios/bulk-xray-v2ray-vless-vmess-...-configs/main/sub/United%20Kingdom/config.txt
2026-05-01 19:08:17,226 | INFO     |   → 299/804 ❌ HTTP 404 — https://raw.githubusercontent.com/Epodonios/bulk-xray-v2ray-vless-vmess-...-configs/main/sub/United%20States/config.txt
2026-05-01 19:08:17,226 | INFO     |   → 300/804: ✅ 353 взято | 🗑️ 3887 мусор
2026-05-01 19:08:17,226 | INFO     |   → 301/804 ❌ HTTP 404 — https://raw.githubusercontent.com/Epodonios/v2ray-configs/main/Splitted-By-Protocol/mix.txt
2026-05-01 19:08:17,226 | INFO     |   → 302/804: ✅ 0 взято | 🗑️ 351 мусор
2026-05-01 19:08:17,226 | INFO     |   → 303/804: ✅ 0 взято | 🗑️ 0 мусор
2026-05-01 19:08:17,226 | INFO     |   → 304/804: ✅ 0 взято | 🗑️ 300 мусор
2026-05-01 19:08:17,226 | INFO     |   → 305/804: ✅ 0 взято | 🗑️ 2687 мусор
2026-05-01 19:08:17,226 | INFO     |   → 306/804: ✅ 0 взято | 🗑️ 547 мусор
2026-05-01 19:08:17,226 | INFO     |   → 307/804 ❌ HTTP 404 — https://raw.githubusercontent.com/Epodonios/v2ray-configs/raw/main/Splitted-By-Protocol/trojan.txt
2026-05-01 19:08:17,227 | INFO     |   → 308/804 ❌ HTTP 404 — https://raw.githubusercontent.com/Epodonios/v2ray-configs/raw/main/Splitted-By-Protocol/vmess.txt
2026-05-01 19:08:17,227 | INFO     |   → 309/804: ✅ 0 взято | 🗑️ 351 мусор
2026-05-01 19:08:17,227 | INFO     |   → 310/804: ✅ 0 взято | 🗑️ 0 мусор
2026-05-01 19:08:17,227 | INFO     |   → 311/804: ✅ 0 взято | 🗑️ 300 мусор
2026-05-01 19:08:17,227 | INFO     |   → 312/804: ✅ 0 взято | 🗑️ 2687 мусор
2026-05-01 19:08:17,227 | INFO     |   → 313/804: ✅ 0 взято | 🗑️ 547 мусор
2026-05-01 19:08:17,227 | INFO     |   → 314/804 ❌ HTTP 404 — https://raw.githubusercontent.com/Fido6/FreeNodes/57221e59caddde55ffdda21d491ae952cd608049/nodes/halekj.txt
2026-05-01 19:08:17,227 | INFO     |   → 315/804 ❌ HTTP 404 — https://raw.githubusercontent.com/Fido6/FreeNodes/57221e59caddde55ffdda21d491ae952cd608049/nodes/kkzui.txt
2026-05-01 19:08:17,227 | INFO     |   → 316/804 ❌ HTTP 404 — https://raw.githubusercontent.com/Fido6/FreeNodes/57221e59caddde55ffdda21d491ae952cd608049/nodes/wenode.txt
2026-05-01 19:08:17,227 | INFO     |   → 317/804: ✅ 0 взято | 🗑️ 0 мусор
2026-05-01 19:08:17,227 | INFO     |   → 318/804: ✅ 0 взято | 🗑️ 0 мусор
2026-05-01 19:08:17,227 | INFO     |   → 319/804: ✅ 14 взято | 🗑️ 250 мусор
2026-05-01 19:08:17,227 | INFO     |   → 320/804: ✅ 2 взято | 🗑️ 17 мусор
2026-05-01 19:08:17,227 | INFO     |   → 321/804: ✅ 1 взято | 🗑️ 17 мусор
2026-05-01 19:08:17,227 | INFO     |   → 322/804: ✅ 4 взято | 🗑️ 11 мусор
2026-05-01 19:08:17,227 | INFO     |   → 323/804: ✅ 0 взято | 🗑️ 0 мусор
2026-05-01 19:08:17,227 | INFO     |   → 324/804: ✅ 0 взято | 🗑️ 137 мусор
2026-05-01 19:08:17,227 | INFO     |   → 325/804: ✅ 0 взято | 🗑️ 32 мусор
2026-05-01 19:08:17,227 | INFO     |   → 326/804: ✅ 2 взято | 🗑️ 19 мусор
2026-05-01 19:08:17,227 | INFO     |   → 327/804: ✅ 0 взято | 🗑️ 43 мусор
2026-05-01 19:08:17,227 | INFO     |   → 328/804: ✅ 0 взято | 🗑️ 43 мусор
2026-05-01 19:08:17,227 | INFO     |   → 329/804 ❌ HTTP 404 — https://raw.githubusercontent.com/Iran-v2ray/v2ray/main/v2ray
2026-05-01 19:08:17,227 | INFO     |   → 330/804: ✅ 0 взято | 🗑️ 1 мусор
2026-05-01 19:08:17,228 | INFO     |   → 331/804: ✅ 0 взято | 🗑️ 1 мусор
2026-05-01 19:08:17,228 | INFO     |   → 332/804: ✅ 0 взято | 🗑️ 28 мусор
2026-05-01 19:08:17,228 | INFO     |   → 333/804: ✅ 14 взято | 🗑️ 282 мусор
2026-05-01 19:08:17,228 | INFO     |   → 334/804: ✅ 0 взято | 🗑️ 94 мусор
2026-05-01 19:08:17,228 | INFO     |   → 335/804: ✅ 0 взято | 🗑️ 0 мусор
2026-05-01 19:08:17,228 | INFO     |   → 336/804: ✅ 0 взято | 🗑️ 0 мусор
2026-05-01 19:08:17,228 | INFO     |   → 337/804 ❌ HTTP 404 — https://raw.githubusercontent.com/Kwinshadow/TelegramV2rayCollector/raw/refs/heads/main/sublinks/mix.txt
2026-05-01 19:08:17,228 | INFO     |   → 338/804 ❌ HTTP 404 — https://raw.githubusercontent.com/LalatinaHub/Mineral/raw/refs/heads/master/result/nodes
2026-05-01 19:08:17,228 | INFO     |   → 339/804 ❌ HTTP 404 — https://raw.githubusercontent.com/Leon406/SubCrawler/main/sub/share/all3
2026-05-01 19:08:17,228 | INFO     |   → 340/804 ❌ HTTP 404 — https://raw.githubusercontent.com/Leon406/SubCrawler/main/sub/share/all4
2026-05-01 19:08:17,228 | INFO     |   → 341/804: ✅ 4 взято | 🗑️ 335 мусор
2026-05-01 19:08:17,228 | INFO     |   → 342/804: ✅ 0 взято | 🗑️ 33 мусор
2026-05-01 19:08:17,228 | INFO     |   → 343/804: ✅ 0 взято | 🗑️ 6 мусор
2026-05-01 19:08:17,228 | INFO     |   → 344/804: ✅ 0 взято | 🗑️ 147 мусор
2026-05-01 19:08:17,228 | INFO     |   → 345/804 ❌ HTTP 404 — https://raw.githubusercontent.com/M-Mashreghi/free-config-collector/main/Splitted-By-Protocol/ssr.txt
2026-05-01 19:08:17,228 | INFO     |   → 346/804: ✅ 139 взято | 🗑️ 114 мусор
2026-05-01 19:08:17,228 | INFO     |   → 347/804: ✅ 126 взято | 🗑️ 137 мусор
2026-05-01 19:08:17,228 | INFO     |   → 348/804: ✅ 0 взято | 🗑️ 12 мусор
2026-05-01 19:08:17,229 | INFO     |   → 349/804: ✅ 0 взято | 🗑️ 1 мусор
2026-05-01 19:08:17,229 | INFO     |   → 350/804: ✅ 83 взято | 🗑️ 83 мусор
2026-05-01 19:08:17,229 | INFO     |   → 351/804: ✅ 0 взято | 🗑️ 83 мусор
2026-05-01 19:08:17,229 | INFO     |   → 352/804 ❌ HTTP 404 — https://raw.githubusercontent.com/MatinGhanbari/v2ray-configs/main/subscriptions/filtered/subs/hy2.txt
2026-05-01 19:08:17,229 | INFO     |   → 353/804: ✅ 24 взято | 🗑️ 1628 мусор
2026-05-01 19:08:17,229 | INFO     |   → 354/804 ❌ HTTP 404 — https://raw.githubusercontent.com/MatinGhanbari/v2ray-configs/main/subscriptions/filtered/subs/ssr.txt
2026-05-01 19:08:17,229 | INFO     |   → 355/804: ✅ 49 взято | 🗑️ 449 мусор
2026-05-01 19:08:17,229 | INFO     |   → 356/804 ❌ HTTP 404 — https://raw.githubusercontent.com/MatinGhanbari/v2ray-configs/main/subscriptions/filtered/subs/tuic.txt
2026-05-01 19:08:17,229 | INFO     |   → 357/804: ✅ 11 взято | 🗑️ 233 мусор
2026-05-01 19:08:17,229 | INFO     |   → 358/804: ✅ 208 взято | 🗑️ 1333 мусор
2026-05-01 19:08:17,229 | INFO     |   → 359/804: ✅ 0 взято | 🗑️ 2 мусор
2026-05-01 19:08:17,229 | INFO     |   → 360/804: ✅ 153 взято | 🗑️ 846 мусор
2026-05-01 19:08:17,229 | INFO     |   → 361/804: ✅ 0 взято | 🗑️ 433 мусор
2026-05-01 19:08:17,229 | INFO     |   → 362/804: ✅ 0 взято | 🗑️ 433 мусор
2026-05-01 19:08:17,229 | INFO     |   → 363/804: ✅ 0 взято | 🗑️ 25 мусор
2026-05-01 19:08:17,229 | INFO     |   → 364/804: ✅ 0 взято | 🗑️ 2 мусор
2026-05-01 19:08:17,229 | INFO     |   → 365/804: ✅ 0 взято | 🗑️ 313 мусор
2026-05-01 19:08:17,229 | INFO     |   → 366/804: ✅ 0 взято | 🗑️ 81 мусор
2026-05-01 19:08:17,229 | INFO     |   → 367/804 ❌ HTTP 404 — https://raw.githubusercontent.com/MhdiTaheri/V2rayCollector/raw/refs/heads/main/sub/mix
2026-05-01 19:08:17,229 | INFO     |   → 368/804: ✅ 53 взято | 🗑️ 267 мусор
2026-05-01 19:08:17,229 | INFO     |   → 369/804 ❌ HTTP 404 — https://raw.githubusercontent.com/MhdiTaheri/V2rayCollector_Py/raw/refs/heads/main/sub/Mix/mix.txt
2026-05-01 19:08:17,229 | INFO     |   → 370/804: ✅ 0 взято | 🗑️ 0 мусор
2026-05-01 19:08:17,229 | INFO     |   → 371/804: ✅ 43 взято | 🗑️ 217 мусор
2026-05-01 19:08:17,229 | INFO     |   → 372/804: ✅ 0 взято | 🗑️ 31 мусор
2026-05-01 19:08:17,229 | INFO     |   → 373/804: ✅ 93 взято | 🗑️ 282 мусор
2026-05-01 19:08:17,229 | INFO     |   → 374/804: ✅ 0 взято | 🗑️ 26 мусор
2026-05-01 19:08:17,229 | INFO     |   → 375/804 ❌ HTTP 404 — https://raw.githubusercontent.com/MrMohebi/xray-proxy-grabber-telegram/master/collected-proxies/clash-meta/all.yaml
2026-05-01 19:08:17,229 | INFO     |   → 376/804 ❌ HTTP 404 — https://raw.githubusercontent.com/MrMohebi/xray-proxy-grabber-telegram/master/collected-proxies/row-url/actives.txt
2026-05-01 19:08:17,229 | INFO     |   → 377/804 ❌ HTTP 404 — https://raw.githubusercontent.com/MrMohebi/xray-proxy-grabber-telegram/master/collected-proxies/row-url/all.txt
2026-05-01 19:08:17,229 | INFO     |   → 378/804: ✅ 0 взято | 🗑️ 13 мусор
2026-05-01 19:08:17,229 | INFO     |   → 379/804: ✅ 0 взято | 🗑️ 13 мусор
2026-05-01 19:08:17,229 | INFO     |   → 380/804: ✅ 5 взято | 🗑️ 15 мусор
2026-05-01 19:08:17,229 | INFO     |   → 381/804: ✅ 0 взято | 🗑️ 30 мусор
2026-05-01 19:08:17,229 | INFO     |   → 382/804: ✅ 0 взято | 🗑️ 15 мусор
2026-05-01 19:08:17,229 | INFO     |   → 383/804: ✅ 66 взято | 🗑️ 123 мусор
2026-05-01 19:08:17,229 | INFO     |   → 384/804: ✅ 175 взято | 🗑️ 582 мусор
2026-05-01 19:08:17,229 | INFO     |   → 385/804: ✅ 0 взято | 🗑️ 0 мусор
2026-05-01 19:08:17,229 | INFO     |   → 386/804 ❌ HTTP 404 — https://raw.githubusercontent.com/OpenCNLink/freevpn/3cfcff048bfdd1493ccffa52ecf30ce7f9fc6b28/src/list/vmess.txt
2026-05-01 19:08:17,229 | INFO     |   → 387/804 ❌ HTTP 404 — https://raw.githubusercontent.com/Pawdro/Collection/main/sub
2026-05-01 19:08:17,229 | INFO     |   → 388/804: ✅ 0 взято | 🗑️ 12 мусор
2026-05-01 19:08:17,229 | INFO     |   → 389/804: ✅ 0 взято | 🗑️ 12 мусор
2026-05-01 19:08:17,229 | INFO     |   → 390/804: ✅ 0 взято | 🗑️ 0 мусор
2026-05-01 19:08:17,229 | INFO     |   → 391/804: ✅ 0 взято | 🗑️ 0 мусор
2026-05-01 19:08:17,229 | INFO     |   → 392/804: ✅ 0 взято | 🗑️ 50 мусор
2026-05-01 19:08:17,230 | INFO     |   → 393/804: ✅ 5 взято | 🗑️ 206 мусор
2026-05-01 19:08:17,230 | INFO     |   → 394/804: ✅ 21 взято | 🗑️ 138 мусор
2026-05-01 19:08:17,230 | INFO     |   → 395/804: ✅ 23 взято | 🗑️ 89 мусор
2026-05-01 19:08:17,230 | INFO     |   → 396/804: ✅ 9 взято | 🗑️ 85 мусор
2026-05-01 19:08:17,230 | INFO     |   → 397/804: ✅ 0 взято | 🗑️ 129 мусор
2026-05-01 19:08:17,230 | INFO     |   → 398/804: ✅ 0 взято | 🗑️ 81 мусор
2026-05-01 19:08:17,230 | INFO     |   → 399/804 ❌ HTTP 404 — https://raw.githubusercontent.com/STR97/STRUGOV/refs/heads/main/STR.BYPASS
2026-05-01 19:08:17,230 | INFO     |   → 400/804: ✅ 4 взято | 🗑️ 34 мусор
2026-05-01 19:08:17,230 | INFO     |   → 401/804: ✅ 11 взято | 🗑️ 16 мусор
2026-05-01 19:08:17,230 | INFO     |   → 402/804: ✅ 0 взято | 🗑️ 16 мусор
2026-05-01 19:08:17,230 | INFO     |   → 403/804: ✅ 0 взято | 🗑️ 27 мусор
2026-05-01 19:08:17,230 | INFO     |   → 404/804: ✅ 140 взято | 🗑️ 1153 мусор
2026-05-01 19:08:17,230 | INFO     |   → 405/804: ✅ 29 взято | 🗑️ 54 мусор
2026-05-01 19:08:17,230 | INFO     |   → 406/804: ✅ 0 взято | 🗑️ 0 мусор
2026-05-01 19:08:17,230 | INFO     |   → 407/804: ✅ 0 взято | 🗑️ 0 мусор
2026-05-01 19:08:17,230 | INFO     |   → 408/804: ✅ 0 взято | 🗑️ 5 мусор
2026-05-01 19:08:17,230 | INFO     |   → 409/804: ✅ 0 взято | 🗑️ 0 мусор
2026-05-01 19:08:17,230 | INFO     |   → 410/804: ✅ 0 взято | 🗑️ 5 мусор
2026-05-01 19:08:17,230 | INFO     |   → 411/804: ✅ 4 взято | 🗑️ 291 мусор
2026-05-01 19:08:17,230 | INFO     |   → 412/804: ✅ 0 взято | 🗑️ 119 мусор
2026-05-01 19:08:17,230 | INFO     |   → 413/804: ✅ 0 взято | 🗑️ 0 мусор
2026-05-01 19:08:17,230 | INFO     |   → 414/804 ❌ HTTP 404 — https://raw.githubusercontent.com/V2RAYCONFIGSPOOL/V2RAY_SUB/main/V2RAY_SUB.txt
2026-05-01 19:08:17,230 | INFO     |   → 415/804: ✅ 35 взято | 🗑️ 250 мусор
2026-05-01 19:08:17,230 | INFO     |   → 416/804: ✅ 19 взято | 🗑️ 76 мусор
2026-05-01 19:08:17,230 | INFO     |   → 417/804: ✅ 0 взято | 🗑️ 0 мусор
2026-05-01 19:08:17,230 | INFO     |   → 418/804: ✅ 0 взято | 🗑️ 76 мусор
2026-05-01 19:08:17,230 | INFO     |   → 419/804: ✅ 58 взято | 🗑️ 348 мусор
2026-05-01 19:08:17,230 | INFO     |   → 420/804: ✅ 1 взято | 🗑️ 231 мусор
2026-05-01 19:08:17,230 | INFO     |   → 421/804: ✅ 0 взято | 🗑️ 0 мусор
2026-05-01 19:08:17,230 | INFO     |   → 422/804: ✅ 1 взято | 🗑️ 83 мусор
2026-05-01 19:08:17,230 | INFO     |   → 423/804: ✅ 0 взято | 🗑️ 16 мусор
2026-05-01 19:08:17,230 | INFO     |   → 424/804: ✅ 0 взято | 🗑️ 16 мусор
2026-05-01 19:08:17,230 | INFO     |   → 425/804 ❌ HTTP 404 — https://raw.githubusercontent.com/aiboboxx/clashfree/main/clash.yml
2026-05-01 19:08:17,230 | INFO     |   → 426/804 ❌ HTTP 404 — https://raw.githubusercontent.com/aiboboxx/v2rayfree/main/v2
2026-05-01 19:08:17,230 | INFO     |   → 427/804 ❌ HTTP 404 — https://raw.githubusercontent.com/amirmohammad-mohammad-88/Sub-Reality-Azadi-config/Config/Azadi-Reality-Different
2026-05-01 19:08:17,230 | INFO     |   → 428/804 ❌ HTTP 404 — https://raw.githubusercontent.com/amirmohammad-mohammad-88/Sub-Reality-Azadi-config/Config/Azadi-Reality-Different-Base64
2026-05-01 19:08:17,230 | INFO     |   → 429/804: ✅ 1 взято | 🗑️ 17 мусор
2026-05-01 19:08:17,230 | INFO     |   → 430/804: ✅ 0 взято | 🗑️ 0 мусор
2026-05-01 19:08:17,230 | INFO     |   → 431/804: ✅ 4 взято | 🗑️ 114 мусор
2026-05-01 19:08:17,230 | INFO     |   → 432/804: ✅ 22 взято | 🗑️ 86 мусор
2026-05-01 19:08:17,230 | INFO     |   → 433/804 ❌ HTTP 404 — https://raw.githubusercontent.com/awesome-vpn/awesome-vpn/master/ss
2026-05-01 19:08:17,230 | INFO     |   → 434/804 ❌ HTTP 404 — https://raw.githubusercontent.com/awesome-vpn/awesome-vpn/master/ssr
2026-05-01 19:08:17,230 | INFO     |   → 435/804: ✅ 0 взято | 🗑️ 0 мусор
2026-05-01 19:08:17,230 | INFO     |   → 436/804: ✅ 1 взято | 🗑️ 22 мусор
2026-05-01 19:08:17,230 | INFO     |   → 437/804: ✅ 0 взято | 🗑️ 164 мусор
2026-05-01 19:08:17,230 | INFO     |   → 438/804 ❌ HTTP 404 — https://raw.githubusercontent.com/barry-far/V2ray-Configs/ced94ddfff48276ec365b40227561f36b1b64bc8/Sub5.txt
2026-05-01 19:08:17,231 | INFO     |   → 439/804 ❌ HTTP 404 — https://raw.githubusercontent.com/barry-far/V2ray-Configs/main/Splitted-By-Protocol/hysteria2.txt
2026-05-01 19:08:17,231 | INFO     |   → 440/804 ❌ HTTP 404 — https://raw.githubusercontent.com/barry-far/V2ray-Configs/main/Splitted-By-Protocol/vless.txt
2026-05-01 19:08:17,231 | INFO     |   → 441/804 ❌ HTTP 404 — https://raw.githubusercontent.com/barry-far/V2ray-Configs/main/Sub1.txt
2026-05-01 19:08:17,231 | INFO     |   → 442/804 ❌ HTTP 404 — https://raw.githubusercontent.com/barry-far/V2ray-Configs/refs/heads/main/All_Configs_Sub.txt
2026-05-01 19:08:17,231 | INFO     |   → 443/804: ✅ 0 взято | 🗑️ 0 мусор
2026-05-01 19:08:17,231 | INFO     |   → 444/804 ❌ HTTP 404 — https://raw.githubusercontent.com/budamu/clashconfig/main/v2ray.txt
2026-05-01 19:08:17,231 | INFO     |   → 445/804 ❌ HTTP 404 — https://raw.githubusercontent.com/budamu/clashconfig/main/v2ray2.txt
2026-05-01 19:08:17,231 | INFO     |   → 446/804: ✅ 0 взято | 🗑️ 0 мусор
2026-05-01 19:08:17,231 | INFO     |   → 447/804: ✅ 0 взято | 🗑️ 442 мусор
2026-05-01 19:08:17,231 | INFO     |   → 448/804: ✅ 0 взято | 🗑️ 0 мусор
2026-05-01 19:08:17,231 | INFO     |   → 449/804 ❌ HTTP 404 — https://raw.githubusercontent.com/chxxyz2004/zd/17fca23b73c46b5dd73e9be49b14d219b5e5f836/sub/2401/240110.txt
2026-05-01 19:08:17,231 | INFO     |   → 450/804: ✅ 0 взято | 🗑️ 44 мусор
2026-05-01 19:08:17,231 | INFO     |   → 451/804: ✅ 236 взято | 🗑️ 517 мусор
2026-05-01 19:08:17,231 | INFO     |   → 452/804 ❌ HTTP 404 — https://raw.githubusercontent.com/cxr9912/cxr2022/main/free.yaml
2026-05-01 19:08:17,231 | INFO     |   → 453/804 ❌ HTTP 404 — https://raw.githubusercontent.com/cxr9912/cxr2022/main/mix.yaml
2026-05-01 19:08:17,231 | INFO     |   → 454/804 ❌ HTTP 404 — https://raw.githubusercontent.com/cxr9912/cxr2022/main/ss.yaml
2026-05-01 19:08:17,231 | INFO     |   → 455/804 ❌ HTTP 404 — https://raw.githubusercontent.com/cxr9912/cxr2022/main/ssr.yaml
2026-05-01 19:08:17,231 | INFO     |   → 456/804 ❌ HTTP 404 — https://raw.githubusercontent.com/cxr9912/cxr2022/main/vmess.yaml
2026-05-01 19:08:17,231 | INFO     |   → 457/804 ❌ HTTP 404 — https://raw.githubusercontent.com/cxr9912/cxr2022/refs/heads/main/18cj.json
2026-05-01 19:08:17,231 | INFO     |   → 458/804 ❌ HTTP 404 — https://raw.githubusercontent.com/cxr9912/cxr2022/refs/heads/main/aaaaaaaa.yaml
2026-05-01 19:08:17,231 | INFO     |   → 459/804 ❌ HTTP 404 — https://raw.githubusercontent.com/cxr9912/cxr2022/refs/heads/main/free.yaml
2026-05-01 19:08:17,231 | INFO     |   → 460/804 ❌ HTTP 404 — https://raw.githubusercontent.com/cxr9912/cxr2022/refs/heads/main/ss2088.txt
2026-05-01 19:08:17,231 | INFO     |   → 461/804: ✅ 0 взято | 🗑️ 18 мусор
2026-05-01 19:08:17,231 | INFO     |   → 462/804: ✅ 0 взято | 🗑️ 18 мусор
2026-05-01 19:08:17,232 | INFO     |   → 463/804: ✅ 6 взято | 🗑️ 78 мусор
2026-05-01 19:08:17,232 | INFO     |   → 464/804: ✅ 6 взято | 🗑️ 4 мусор
2026-05-01 19:08:17,232 | INFO     |   → 465/804: ✅ 0 взято | 🗑️ 2 мусор
2026-05-01 19:08:17,232 | INFO     |   → 466/804: ✅ 0 взято | 🗑️ 2 мусор
2026-05-01 19:08:17,232 | INFO     |   → 467/804: ✅ 0 взято | 🗑️ 2 мусор
2026-05-01 19:08:17,232 | INFO     |   → 468/804: ✅ 0 взято | 🗑️ 3 мусор
2026-05-01 19:08:17,232 | INFO     |   → 469/804: ✅ 0 взято | 🗑️ 2 мусор
2026-05-01 19:08:17,232 | INFO     |   → 470/804: ✅ 0 взято | 🗑️ 9 мусор
2026-05-01 19:08:17,232 | INFO     |   → 471/804: ✅ 1 взято | 🗑️ 1 мусор
2026-05-01 19:08:17,232 | INFO     |   → 472/804: ✅ 0 взято | 🗑️ 10 мусор
2026-05-01 19:08:17,232 | INFO     |   → 473/804: ✅ 0 взято | 🗑️ 2 мусор
2026-05-01 19:08:17,232 | INFO     |   → 474/804: ✅ 0 взято | 🗑️ 0 мусор
2026-05-01 19:08:17,232 | INFO     |   → 475/804: ✅ 80 взято | 🗑️ 3570 мусор
2026-05-01 19:08:17,232 | INFO     |   → 476/804: ✅ 51 взято | 🗑️ 89 мусор
2026-05-01 19:08:17,232 | INFO     |   → 477/804: ✅ 6 взято | 🗑️ 113 мусор
2026-05-01 19:08:17,232 | INFO     |   → 478/804: ✅ 0 взято | 🗑️ 0 мусор
2026-05-01 19:08:17,232 | INFO     |   → 479/804: ✅ 1 взято | 🗑️ 25 мусор
2026-05-01 19:08:17,232 | INFO     |   → 480/804: ✅ 0 взято | 🗑️ 0 мусор
2026-05-01 19:08:17,232 | INFO     |   → 481/804: ✅ 13 взято | 🗑️ 19 мусор
2026-05-01 19:08:17,232 | INFO     |   → 482/804: ✅ 0 взято | 🗑️ 5 мусор
2026-05-01 19:08:17,232 | INFO     |   → 483/804: ✅ 2 взято | 🗑️ 80 мусор
2026-05-01 19:08:17,233 | INFO     |   → 484/804 ❌ HTTP 404 — https://raw.githubusercontent.com/free-nodes/v2rayfree/main/v2
2026-05-01 19:08:17,233 | INFO     |   → 485/804 ❌ HTTP 404 — https://raw.githubusercontent.com/free-v2ray-config/trojan/main/trojan.txt
2026-05-01 19:08:17,233 | INFO     |   → 486/804 ❌ HTTP 404 — https://raw.githubusercontent.com/free-v2ray-config/vless/main/vless.txt
2026-05-01 19:08:17,233 | INFO     |   → 487/804 ❌ HTTP 404 — https://raw.githubusercontent.com/free-v2ray-config/vmess/main/vmess.txt
2026-05-01 19:08:17,233 | INFO     |   → 488/804: ✅ 5 взято | 🗑️ 169 мусор
2026-05-01 19:08:17,233 | INFO     |   → 489/804: ✅ 34 взято | 🗑️ 121 мусор
2026-05-01 19:08:17,233 | INFO     |   → 490/804: ✅ 4 взято | 🗑️ 97 мусор
2026-05-01 19:08:17,233 | INFO     |   → 491/804 ❌ HTTP 404 — https://raw.githubusercontent.com/free18/v2ray/main/Clash.yaml
2026-05-01 19:08:17,233 | INFO     |   → 492/804: ✅ 0 взято | 🗑️ 0 мусор
2026-05-01 19:08:17,233 | INFO     |   → 493/804: ✅ 0 взято | 🗑️ 15 мусор
2026-05-01 19:08:17,233 | INFO     |   → 494/804: ✅ 0 взято | 🗑️ 0 мусор
2026-05-01 19:08:17,233 | INFO     |   → 495/804: ✅ 0 взято | 🗑️ 8 мусор
2026-05-01 19:08:17,233 | INFO     |   → 496/804: ✅ 0 взято | 🗑️ 8 мусор
2026-05-01 19:08:17,233 | INFO     |   → 497/804: ✅ 0 взято | 🗑️ 8 мусор
2026-05-01 19:08:17,233 | INFO     |   → 498/804: ✅ 0 взято | 🗑️ 8 мусор
2026-05-01 19:08:17,233 | INFO     |   → 499/804 ❌ HTTP 404 — https://raw.githubusercontent.com/freev2rayconfig/V2RAY_SUB/3e6a7786a1601ee3723e8d043ae79e70dbdfd9a8/v2rayconfigs.txt
2026-05-01 19:08:17,233 | INFO     |   → 500/804 ❌ HTTP 404 — https://raw.githubusercontent.com/freev2rayconfig/V2RAY_SUBSCRIPTION_LINK/main/v2rayconfigs.txt
2026-05-01 19:08:17,233 | INFO     |   → 501/804 ❌ HTTP 404 — https://raw.githubusercontent.com/gfpcom/free-proxy-list/main/list/http.txt
2026-05-01 19:08:17,233 | INFO     |   → 502/804 ❌ HTTP 404 — https://raw.githubusercontent.com/gfpcom/free-proxy-list/main/list/https.txt
2026-05-01 19:08:17,233 | INFO     |   → 503/804 ❌ HTTP 404 — https://raw.githubusercontent.com/gfpcom/free-proxy-list/main/list/socks4.txt
2026-05-01 19:08:17,233 | INFO     |   → 504/804 ❌ HTTP 404 — https://raw.githubusercontent.com/gfpcom/free-proxy-list/main/list/socks4a.txt
2026-05-01 19:08:17,234 | INFO     |   → 505/804 ❌ HTTP 404 — https://raw.githubusercontent.com/gfpcom/free-proxy-list/main/list/socks5.txt
2026-05-01 19:08:17,234 | INFO     |   → 506/804 ❌ HTTP 404 — https://raw.githubusercontent.com/gfpcom/free-proxy-list/main/list/socks5h.txt
2026-05-01 19:08:17,234 | INFO     |   → 507/804 ❌ HTTP 404 — https://raw.githubusercontent.com/gfpcom/free-proxy-list/main/list/ss.txt
2026-05-01 19:08:17,234 | INFO     |   → 508/804 ❌ HTTP 404 — https://raw.githubusercontent.com/gfpcom/free-proxy-list/main/list/ssr.txt
2026-05-01 19:08:17,234 | INFO     |   → 509/804 ❌ HTTP 404 — https://raw.githubusercontent.com/gfpcom/free-proxy-list/main/list/trojan.txt
2026-05-01 19:08:17,234 | INFO     |   → 510/804 ❌ HTTP 404 — https://raw.githubusercontent.com/gfpcom/free-proxy-list/main/list/vless.txt
2026-05-01 19:08:17,234 | INFO     |   → 511/804 ❌ HTTP 404 — https://raw.githubusercontent.com/gfpcom/free-proxy-list/main/list/vmess.txt
2026-05-01 19:08:17,234 | INFO     |   → 512/804: ✅ 0 взято | 🗑️ 17 мусор
2026-05-01 19:08:17,234 | INFO     |   → 513/804: ✅ 0 взято | 🗑️ 0 мусор
2026-05-01 19:08:17,234 | INFO     |   → 514/804: ✅ 4 взято | 🗑️ 63 мусор
2026-05-01 19:08:17,234 | INFO     |   → 515/804 ❌ HTTP 404 — https://raw.githubusercontent.com/hameed-maleki/TVC/89a4522969c57dcc22458cae9898426e5c4f2679/lite/config.txt
2026-05-01 19:08:17,234 | INFO     |   → 516/804: ✅ 5 взято | 🗑️ 132 мусор
2026-05-01 19:08:17,234 | INFO     |   → 517/804: ✅ 0 взято | 🗑️ 56 мусор
2026-05-01 19:08:17,234 | INFO     |   → 518/804 ❌ HTTP 404 — https://raw.githubusercontent.com/hkaa0/permalink/main/proxy/V2ray
2026-05-01 19:08:17,234 | INFO     |   → 519/804 ❌ HTTP 404 — https://raw.githubusercontent.com/hkaa0/permalink/main/proxy/clash
2026-05-01 19:08:17,234 | INFO     |   → 520/804 ❌ HTTP 404 — https://raw.githubusercontent.com/hkpc/Autoproxy/6cf946ddfc677a29062007e4b47d70674474baa7/sub/2401/240110.txt
2026-05-01 19:08:17,234 | INFO     |   → 521/804 ❌ HTTP 404 — https://raw.githubusercontent.com/hkpc/V2ray-Configs/7d9aa0dabf947af180a7dd6302818ed37950531a/Sub1.txt
2026-05-01 19:08:17,234 | INFO     |   → 522/804: ✅ 0 взято | 🗑️ 14 мусор
2026-05-01 19:08:17,234 | INFO     |   → 523/804: ✅ 16 взято | 🗑️ 16 мусор
2026-05-01 19:08:17,234 | INFO     |   → 524/804 ❌ HTTP 404 — https://raw.githubusercontent.com/iboxz/free-v2ray-collector/main/main
2026-05-01 19:08:17,234 | INFO     |   → 525/804: ✅ 16 взято | 🗑️ 10 мусор
2026-05-01 19:08:17,235 | INFO     |   → 526/804: ✅ 9 взято | 🗑️ 11 мусор
2026-05-01 19:08:17,235 | INFO     |   → 527/804: ✅ 61 взято | 🗑️ 249 мусор
2026-05-01 19:08:17,235 | INFO     |   → 528/804 ❌ HTTP 404 — https://raw.githubusercontent.com/igareck/vpn-configs-for-russia/refs/heads/main/Vless-Reality-White-Lists-Rus-Cable.txt
2026-05-01 19:08:17,235 | INFO     |   → 529/804: ✅ 135 взято | 🗑️ 15 мусор
2026-05-01 19:08:17,235 | INFO     |   → 530/804: ✅ 0 взято | 🗑️ 0 мусор
2026-05-01 19:08:17,235 | INFO     |   → 531/804: ✅ 0 взято | 🗑️ 0 мусор
2026-05-01 19:08:17,235 | INFO     |   → 532/804: ✅ 23 взято | 🗑️ 9 мусор
2026-05-01 19:08:17,235 | INFO     |   → 533/804: ✅ 0 взято | 🗑️ 0 мусор
2026-05-01 19:08:17,235 | INFO     |   → 534/804: ✅ 0 взято | 🗑️ 0 мусор
2026-05-01 19:08:17,235 | INFO     |   → 535/804: ✅ 0 взято | 🗑️ 12 мусор
2026-05-01 19:08:17,235 | INFO     |   → 536/804: ✅ 0 взято | 🗑️ 43 мусор
2026-05-01 19:08:17,235 | INFO     |   → 537/804 ❌ HTTP 404 — https://raw.githubusercontent.com/jw853355718/clash_233/master/config.yml
2026-05-01 19:08:17,235 | INFO     |   → 538/804: ✅ 0 взято | 🗑️ 210 мусор
2026-05-01 19:08:17,235 | INFO     |   → 539/804: ✅ 0 взято | 🗑️ 0 мусор
2026-05-01 19:08:17,235 | INFO     |   → 540/804: ✅ 0 взято | 🗑️ 0 мусор
2026-05-01 19:08:17,235 | INFO     |   → 541/804 ❌ HTTP 404 — https://raw.githubusercontent.com/lcx12901/v2ray-/master/sspool.herokuapp.com/yzcloud.yaml
2026-05-01 19:08:17,235 | INFO     |   → 542/804 ❌ HTTP 404 — https://raw.githubusercontent.com/lcx12901/v2ray-/master/sspool.herokuapp.com/yzcloud2.yaml
2026-05-01 19:08:17,235 | INFO     |   → 543/804: ✅ 0 взято | 🗑️ 0 мусор
2026-05-01 19:08:17,235 | INFO     |   → 544/804 ❌ HTTP 404 — https://raw.githubusercontent.com/learnhard-cn/free_proxy_ss/main/clash/config.yaml
2026-05-01 19:08:17,235 | INFO     |   → 545/804: ✅ 0 взято | 🗑️ 8 мусор
2026-05-01 19:08:17,235 | INFO     |   → 546/804: ✅ 0 взято | 🗑️ 4 мусор
2026-05-01 19:08:17,236 | INFO     |   → 547/804: ✅ 0 взято | 🗑️ 0 мусор
2026-05-01 19:08:17,236 | INFO     |   → 548/804: ✅ 0 взято | 🗑️ 4 мусор
2026-05-01 19:08:17,236 | INFO     |   → 549/804: ✅ 0 взято | 🗑️ 149 мусор
2026-05-01 19:08:17,236 | INFO     |   → 550/804: ✅ 0 взято | 🗑️ 421 мусор
2026-05-01 19:08:17,236 | INFO     |   → 551/804 ❌ HTTP 404 — https://raw.githubusercontent.com/lisylva-lee/v2dyku/main/ssr
2026-05-01 19:08:17,236 | INFO     |   → 552/804 ❌ HTTP 404 — https://raw.githubusercontent.com/lisylva-lee/v2dyku/main/v2dy
2026-05-01 19:08:17,236 | INFO     |   → 553/804: ✅ 0 взято | 🗑️ 53 мусор
2026-05-01 19:08:17,236 | INFO     |   → 554/804 ❌ HTTP 404 — https://raw.githubusercontent.com/luxl-1379/merge/77247d23def72b25226dfa741614e9b07a569c72/sub/sub_merge_base64.txt
2026-05-01 19:08:17,236 | INFO     |   → 555/804: ✅ 146 взято | 🗑️ 343 мусор
2026-05-01 19:08:17,236 | INFO     |   → 556/804: ✅ 0 взято | 🗑️ 130 мусор
2026-05-01 19:08:17,236 | INFO     |   → 557/804: ✅ 714 взято | 🗑️ 3982 мусор
2026-05-01 19:08:17,236 | INFO     |   → 558/804: ✅ 0 взято | 🗑️ 0 мусор
2026-05-01 19:08:17,236 | INFO     |   → 559/804: ✅ 0 взято | 🗑️ 3982 мусор
2026-05-01 19:08:17,236 | INFO     |   → 560/804: ✅ 20 взято | 🗑️ 370 мусор
2026-05-01 19:08:17,236 | INFO     |   → 561/804 ❌ HTTP 404 — https://raw.githubusercontent.com/mermeroo/Clash-V2ray/main/v2ray
2026-05-01 19:08:17,236 | INFO     |   → 562/804: ✅ 15 взято | 🗑️ 417 мусор
2026-05-01 19:08:17,236 | INFO     |   → 563/804: ✅ 6 взято | 🗑️ 102 мусор
2026-05-01 19:08:17,236 | INFO     |   → 564/804: ✅ 716 взято | 🗑️ 6258 мусор
2026-05-01 19:08:17,236 | INFO     |   → 565/804: ✅ 8 взято | 🗑️ 853 мусор
2026-05-01 19:08:17,236 | INFO     |   → 566/804: ✅ 32 взято | 🗑️ 69 мусор
2026-05-01 19:08:17,236 | INFO     |   → 567/804 ❌ HTTP 404 — https://raw.githubusercontent.com/mermeroo/free-v2ray-collector/main/main/mix
2026-05-01 19:08:17,237 | INFO     |   → 568/804 ❌ HTTP 404 — https://raw.githubusercontent.com/mermeroo/free-v2ray-collector/main/main/reality
2026-05-01 19:08:17,237 | INFO     |   → 569/804 ❌ HTTP 404 — https://raw.githubusercontent.com/mermeroo/free-v2ray-collector/main/main/shadowsocks
2026-05-01 19:08:17,237 | INFO     |   → 570/804 ❌ HTTP 404 — https://raw.githubusercontent.com/mermeroo/free-v2ray-collector/main/main/trojan
2026-05-01 19:08:17,237 | INFO     |   → 571/804 ❌ HTTP 404 — https://raw.githubusercontent.com/mermeroo/free-v2ray-collector/main/main/vless
2026-05-01 19:08:17,237 | INFO     |   → 572/804 ❌ HTTP 404 — https://raw.githubusercontent.com/mermeroo/free-v2ray-collector/main/main/vmess
2026-05-01 19:08:17,237 | INFO     |   → 573/804: ✅ 0 взято | 🗑️ 194 мусор
2026-05-01 19:08:17,237 | INFO     |   → 574/804: ✅ 0 взято | 🗑️ 194 мусор
2026-05-01 19:08:17,237 | INFO     |   → 575/804: ✅ 0 взято | 🗑️ 194 мусор
2026-05-01 19:08:17,237 | INFO     |   → 576/804: ✅ 469 взято | 🗑️ 13063 мусор
2026-05-01 19:08:17,237 | INFO     |   → 577/804: ✅ 0 взято | 🗑️ 13063 мусор
2026-05-01 19:08:17,237 | INFO     |   → 578/804: ✅ 0 взято | 🗑️ 3181 мусор
2026-05-01 19:08:17,237 | INFO     |   → 579/804: ✅ 0 взято | 🗑️ 1486 мусор
2026-05-01 19:08:17,237 | INFO     |   → 580/804: ✅ 0 взято | 🗑️ 4412 мусор
2026-05-01 19:08:17,237 | INFO     |   → 581/804: ✅ 0 взято | 🗑️ 3984 мусор
2026-05-01 19:08:17,237 | INFO     |   → 582/804 ❌ HTTP 404 — https://raw.githubusercontent.com/mianous/qiren/main/qiren.txt
2026-05-01 19:08:17,237 | INFO     |   → 583/804 ❌ HTTP 404 — https://raw.githubusercontent.com/miladtahanian/V2RayCFGDumper/refs/heads/main/config.txt
2026-05-01 19:08:17,237 | INFO     |   → 584/804 ❌ HTTP 404 — https://raw.githubusercontent.com/miladtahanian/multi-proxy-config-fetcher/refs/heads/main/configs/proxy_configs.txt
2026-05-01 19:08:17,237 | INFO     |   → 585/804: ✅ 0 взято | 🗑️ 0 мусор
2026-05-01 19:08:17,237 | INFO     |   → 586/804: ✅ 0 взято | 🗑️ 0 мусор
2026-05-01 19:08:17,237 | INFO     |   → 587/804: ✅ 0 взято | 🗑️ 0 мусор
2026-05-01 19:08:17,237 | INFO     |   → 588/804: ✅ 15 взято | 🗑️ 46 мусор
2026-05-01 19:08:17,238 | INFO     |   → 589/804: ✅ 0 взято | 🗑️ 249 мусор
2026-05-01 19:08:17,238 | INFO     |   → 590/804: ✅ 0 взято | 🗑️ 0 мусор
2026-05-01 19:08:17,238 | INFO     |   → 591/804: ✅ 28 взято | 🗑️ 93 мусор
2026-05-01 19:08:17,238 | INFO     |   → 592/804: ✅ 0 взято | 🗑️ 0 мусор
2026-05-01 19:08:17,238 | INFO     |   → 593/804: ✅ 15 взято | 🗑️ 70 мусор
2026-05-01 19:08:17,238 | INFO     |   → 594/804: ✅ 127 взято | 🗑️ 492 мусор
2026-05-01 19:08:17,238 | INFO     |   → 595/804: ✅ 331 взято | 🗑️ 190 мусор
2026-05-01 19:08:17,238 | INFO     |   → 596/804: ✅ 27 взято | 🗑️ 900 мусор
2026-05-01 19:08:17,238 | INFO     |   → 597/804 ❌ HTTP 404 — https://raw.githubusercontent.com/obscure1990/freeVM/master/snippets/nodes.yml
2026-05-01 19:08:17,238 | INFO     |   → 598/804 ❌ HTTP 404 — https://raw.githubusercontent.com/op30mmd/things/909b38024ba14d69dc0f95c238f63bc6e930a00f/eut.txt
2026-05-01 19:08:17,238 | INFO     |   → 599/804 ❌ HTTP 404 — https://raw.githubusercontent.com/openRunner/clash-freenode/main/v2ray.txt
2026-05-01 19:08:17,238 | INFO     |   → 600/804 ❌ HTTP 404 — https://raw.githubusercontent.com/oslook/clash-freenode/main/clash.yaml
2026-05-01 19:08:17,238 | INFO     |   → 601/804: ✅ 0 взято | 🗑️ 0 мусор
2026-05-01 19:08:17,238 | INFO     |   → 602/804: ✅ 4 взято | 🗑️ 1 мусор
2026-05-01 19:08:17,238 | INFO     |   → 603/804: ✅ 0 взято | 🗑️ 0 мусор
2026-05-01 19:08:17,238 | INFO     |   → 604/804: ✅ 54 взято | 🗑️ 128 мусор
2026-05-01 19:08:17,238 | INFO     |   → 605/804: ✅ 0 взято | 🗑️ 0 мусор
2026-05-01 19:08:17,238 | INFO     |   → 606/804: ✅ 0 взято | 🗑️ 0 мусор
2026-05-01 19:08:17,238 | INFO     |   → 607/804: ✅ 0 взято | 🗑️ 19 мусор
2026-05-01 19:08:17,238 | INFO     |   → 608/804: ✅ 0 взято | 🗑️ 44 мусор
2026-05-01 19:08:17,238 | INFO     |   → 609/804: ✅ 63 взято | 🗑️ 521 мусор
2026-05-01 19:08:17,239 | INFO     |   → 610/804: ✅ 165 взято | 🗑️ 273 мусор
2026-05-01 19:08:17,239 | INFO     |   → 611/804: ✅ 0 взято | 🗑️ 0 мусор
2026-05-01 19:08:17,239 | INFO     |   → 612/804: ✅ 28 взято | 🗑️ 211 мусор
2026-05-01 19:08:17,239 | INFO     |   → 613/804: ✅ 0 взято | 🗑️ 79 мусор
2026-05-01 19:08:17,239 | INFO     |   → 614/804: ✅ 13 взято | 🗑️ 32 мусор
2026-05-01 19:08:17,239 | INFO     |   → 615/804: ✅ 0 взято | 🗑️ 0 мусор
2026-05-01 19:08:17,239 | INFO     |   → 616/804: ✅ 2 взято | 🗑️ 9 мусор
2026-05-01 19:08:17,239 | INFO     |   → 617/804: ✅ 11 взято | 🗑️ 76 мусор
2026-05-01 19:08:17,239 | INFO     |   → 618/804: ✅ 0 взято | 🗑️ 168 мусор
2026-05-01 19:08:17,239 | INFO     |   → 619/804: ✅ 0 взято | 🗑️ 79 мусор
2026-05-01 19:08:17,239 | INFO     |   → 620/804: ✅ 0 взято | 🗑️ 16 мусор
2026-05-01 19:08:17,239 | INFO     |   → 621/804 ❌ HTTP 404 — https://raw.githubusercontent.com/ronghuaxueleng/get_v2/main/pub/changfengoss.yaml
2026-05-01 19:08:17,239 | INFO     |   → 622/804: ✅ 0 взято | 🗑️ 0 мусор
2026-05-01 19:08:17,239 | INFO     |   → 623/804: ✅ 50 взято | 🗑️ 97 мусор
2026-05-01 19:08:17,239 | INFO     |   → 624/804: ✅ 0 взято | 🗑️ 97 мусор
2026-05-01 19:08:17,239 | INFO     |   → 625/804 ❌ HTTP 404 — https://raw.githubusercontent.com/rxsweet/CM_Vmess/refs/heads/main/test.txt
2026-05-01 19:08:17,239 | INFO     |   → 626/804 ❌ HTTP 404 — https://raw.githubusercontent.com/rxsweet/proxies/main/sub/free.yaml
2026-05-01 19:08:17,239 | INFO     |   → 627/804 ❌ HTTP 404 — https://raw.githubusercontent.com/rxsweet/proxies/main/sub/rx.yaml
2026-05-01 19:08:17,239 | INFO     |   → 628/804 ❌ HTTP 404 — https://raw.githubusercontent.com/rxsweet/proxies/main/sub/sources/dynamicAll.yaml
2026-05-01 19:08:17,239 | INFO     |   → 629/804 ❌ HTTP 404 — https://raw.githubusercontent.com/rxsweet/proxies/main/sub/sources/miningAll.yaml
2026-05-01 19:08:17,239 | INFO     |   → 630/804 ❌ HTTP 404 — https://raw.githubusercontent.com/rxsweet/proxies/main/sub/srx.yaml
2026-05-01 19:08:17,240 | INFO     |   → 631/804 ❌ HTTP 404 — https://raw.githubusercontent.com/sajad-sajadi/V2ray-Collector/raw/main/output/protocols/vmess.txt
2026-05-01 19:08:17,240 | INFO     |   → 632/804 ❌ HTTP 404 — https://raw.githubusercontent.com/sakha1370/OpenRay/raw/refs/heads/main/output/all_valid_proxies.txt
2026-05-01 19:08:17,240 | INFO     |   → 633/804: ✅ 53 взято | 🗑️ 399 мусор
2026-05-01 19:08:17,240 | INFO     |   → 634/804: ✅ 0 взято | 🗑️ 399 мусор
2026-05-01 19:08:17,240 | INFO     |   → 635/804 ❌ HTTP 404 — https://raw.githubusercontent.com/samjoeyang/subscribe/main/fly
2026-05-01 19:08:17,240 | INFO     |   → 636/804: ✅ 0 взято | 🗑️ 0 мусор
2026-05-01 19:08:17,240 | INFO     |   → 637/804 ❌ HTTP 404 — https://raw.githubusercontent.com/sarina-ad/v2ray/main/v2ray
2026-05-01 19:08:17,240 | INFO     |   → 638/804 ❌ HTTP 404 — https://raw.githubusercontent.com/satrom/V2SSR/master/SSR/Sub.txt
2026-05-01 19:08:17,240 | INFO     |   → 639/804 ❌ HTTP 404 — https://raw.githubusercontent.com/satrom/V2SSR/master/V2RAY/Sub.txt
2026-05-01 19:08:17,240 | INFO     |   → 640/804: ✅ 763 взято | 🗑️ 25399 мусор
2026-05-01 19:08:17,240 | INFO     |   → 641/804: ✅ 0 взято | 🗑️ 0 мусор
2026-05-01 19:08:17,240 | INFO     |   → 642/804: ✅ 0 взято | 🗑️ 0 мусор
2026-05-01 19:08:17,240 | INFO     |   → 643/804: ✅ 3 взято | 🗑️ 49 мусор
2026-05-01 19:08:17,240 | INFO     |   → 644/804: ✅ 147 взято | 🗑️ 1616 мусор
2026-05-01 19:08:17,240 | INFO     |   → 645/804: ✅ 0 взято | 🗑️ 802 мусор
2026-05-01 19:08:17,240 | INFO     |   → 646/804: ✅ 0 взято | 🗑️ 65 мусор
2026-05-01 19:08:17,240 | INFO     |   → 647/804: ✅ 0 взято | 🗑️ 731 мусор
2026-05-01 19:08:17,240 | INFO     |   → 648/804: ✅ 0 взято | 🗑️ 18 мусор
2026-05-01 19:08:17,240 | INFO     |   → 649/804: ✅ 0 взято | 🗑️ 1616 мусор
2026-05-01 19:08:17,240 | INFO     |   → 650/804: ✅ 0 взято | 🗑️ 0 мусор
2026-05-01 19:08:17,240 | INFO     |   → 651/804 ❌ HTTP 404 — https://raw.githubusercontent.com/shirkerboy/scp/main/sub
2026-05-01 19:08:17,240 | INFO     |   → 652/804 ❌ HTTP 404 — https://raw.githubusercontent.com/snakem982/proxypool/main/nodelist.txt
2026-05-01 19:08:17,241 | INFO     |   → 653/804: ✅ 8 взято | 🗑️ 4 мусор
2026-05-01 19:08:17,241 | INFO     |   → 654/804 ❌ HTTP 404 — https://raw.githubusercontent.com/snakem982/proxypool/main/source/v2ray.txt
2026-05-01 19:08:17,241 | INFO     |   → 655/804 ❌ HTTP 404 — https://raw.githubusercontent.com/soroushmirzaei/telegram-configs-collector/main/channels/protocols/hysteria
2026-05-01 19:08:17,241 | INFO     |   → 656/804 ❌ HTTP 404 — https://raw.githubusercontent.com/soroushmirzaei/telegram-configs-collector/main/channels/protocols/juicity
2026-05-01 19:08:17,241 | INFO     |   → 657/804 ❌ HTTP 404 — https://raw.githubusercontent.com/soroushmirzaei/telegram-configs-collector/main/channels/protocols/reality
2026-05-01 19:08:17,241 | INFO     |   → 658/804 ❌ HTTP 404 — https://raw.githubusercontent.com/soroushmirzaei/telegram-configs-collector/main/channels/protocols/shadowsocks
2026-05-01 19:08:17,241 | INFO     |   → 659/804 ❌ HTTP 404 — https://raw.githubusercontent.com/soroushmirzaei/telegram-configs-collector/main/channels/protocols/trojan
2026-05-01 19:08:17,241 | INFO     |   → 660/804 ❌ HTTP 404 — https://raw.githubusercontent.com/soroushmirzaei/telegram-configs-collector/main/channels/protocols/tuic
2026-05-01 19:08:17,241 | INFO     |   → 661/804 ❌ HTTP 404 — https://raw.githubusercontent.com/soroushmirzaei/telegram-configs-collector/main/channels/protocols/vless
2026-05-01 19:08:17,241 | INFO     |   → 662/804 ❌ HTTP 404 — https://raw.githubusercontent.com/soroushmirzaei/telegram-configs-collector/main/channels/protocols/vmess
2026-05-01 19:08:17,241 | INFO     |   → 663/804 ❌ HTTP 404 — https://raw.githubusercontent.com/soroushmirzaei/telegram-configs-collector/main/countries/jp/mixed
2026-05-01 19:08:17,241 | INFO     |   → 664/804 ❌ HTTP 404 — https://raw.githubusercontent.com/soroushmirzaei/telegram-configs-collector/main/protocols/hysteria
2026-05-01 19:08:17,241 | INFO     |   → 665/804 ❌ HTTP 404 — https://raw.githubusercontent.com/soroushmirzaei/telegram-configs-collector/main/protocols/juicity
2026-05-01 19:08:17,241 | INFO     |   → 666/804 ❌ HTTP 404 — https://raw.githubusercontent.com/soroushmirzaei/telegram-configs-collector/main/protocols/reality
2026-05-01 19:08:17,241 | INFO     |   → 667/804 ❌ HTTP 404 — https://raw.githubusercontent.com/soroushmirzaei/telegram-configs-collector/main/protocols/shadowsocks
2026-05-01 19:08:17,241 | INFO     |   → 668/804 ❌ HTTP 404 — https://raw.githubusercontent.com/soroushmirzaei/telegram-configs-collector/main/protocols/trojan
2026-05-01 19:08:17,241 | INFO     |   → 669/804 ❌ HTTP 404 — https://raw.githubusercontent.com/soroushmirzaei/telegram-configs-collector/main/protocols/tuic
2026-05-01 19:08:17,241 | INFO     |   → 670/804 ❌ HTTP 404 — https://raw.githubusercontent.com/soroushmirzaei/telegram-configs-collector/main/protocols/vless
2026-05-01 19:08:17,241 | INFO     |   → 671/804 ❌ HTTP 404 — https://raw.githubusercontent.com/soroushmirzaei/telegram-configs-collector/main/protocols/vmess
2026-05-01 19:08:17,241 | INFO     |   → 672/804 ❌ HTTP 404 — https://raw.githubusercontent.com/soroushmirzaei/telegram-configs-collector/main/splitted/subscribe
2026-05-01 19:08:17,241 | INFO     |   → 673/804 ❌ HTTP 404 — https://raw.githubusercontent.com/ssrsub/ssr/master/Clash.yml
2026-05-01 19:08:17,242 | INFO     |   → 674/804 ❌ HTTP 404 — https://raw.githubusercontent.com/ssrsub/ssr/master/V2Ray
2026-05-01 19:08:17,242 | INFO     |   → 675/804 ❌ HTTP 404 — https://raw.githubusercontent.com/ssrsub/ssr/master/ss-sub
2026-05-01 19:08:17,242 | INFO     |   → 676/804 ❌ HTTP 404 — https://raw.githubusercontent.com/ssrsub/ssr/master/ssrsub
2026-05-01 19:08:17,242 | INFO     |   → 677/804 ❌ HTTP 404 — https://raw.githubusercontent.com/ssrsub/ssr/master/trojan
2026-05-01 19:08:17,242 | INFO     |   → 678/804: ✅ 0 взято | 🗑️ 0 мусор
2026-05-01 19:08:17,242 | INFO     |   → 679/804: ✅ 2 взято | 🗑️ 12 мусор
2026-05-01 19:08:17,242 | INFO     |   → 680/804: ✅ 0 взято | 🗑️ 13 мусор
2026-05-01 19:08:17,242 | INFO     |   → 681/804: ✅ 0 взято | 🗑️ 13 мусор
2026-05-01 19:08:17,242 | INFO     |   → 682/804 ❌ HTTP 404 — https://raw.githubusercontent.com/tbbatbb/Proxy/master/dist/clash.config.yaml
2026-05-01 19:08:17,242 | INFO     |   → 683/804: ✅ 2 взято | 🗑️ 35 мусор
2026-05-01 19:08:17,242 | INFO     |   → 684/804: ✅ 0 взято | 🗑️ 0 мусор
2026-05-01 19:08:17,242 | INFO     |   → 685/804: ✅ 5 взято | 🗑️ 111 мусор
2026-05-01 19:08:17,242 | INFO     |   → 686/804: ✅ 0 взято | 🗑️ 0 мусор
2026-05-01 19:08:17,242 | INFO     |   → 687/804: ✅ 0 взято | 🗑️ 87 мусор
2026-05-01 19:08:17,242 | INFO     |   → 688/804 ❌ HTTP 404 — https://raw.githubusercontent.com/v2clash/Autoproxy/a81f840ab2364124133572ec94e4b81fb0d4e58d/sub/2401/240104.txt
2026-05-01 19:08:17,242 | INFO     |   → 689/804 ❌ HTTP 404 — https://raw.githubusercontent.com/v2clash/V2ray-Configs/31f493c584d0c7b56350f4a34d80c53ad82bcc18/Sub9.txt
2026-05-01 19:08:17,242 | INFO     |   → 690/804: ✅ 0 взято | 🗑️ 0 мусор
2026-05-01 19:08:17,242 | INFO     |   → 691/804: ✅ 0 взято | 🗑️ 0 мусор
2026-05-01 19:08:17,242 | INFO     |   → 692/804: ✅ 0 взято | 🗑️ 0 мусор
2026-05-01 19:08:17,242 | INFO     |   → 693/804: ✅ 283 взято | 🗑️ 9640 мусор
2026-05-01 19:08:17,242 | INFO     |   → 694/804: ✅ 281 взято | 🗑️ 10086 мусор
2026-05-01 19:08:17,243 | INFO     |   → 695/804: ✅ 280 взято | 🗑️ 9675 мусор
2026-05-01 19:08:17,243 | INFO     |   → 696/804: ✅ 334 взято | 🗑️ 9823 мусор
2026-05-01 19:08:17,243 | INFO     |   → 697/804: ✅ 350 взято | 🗑️ 9639 мусор
2026-05-01 19:08:17,243 | INFO     |   → 698/804: ✅ 125 взято | 🗑️ 7919 мусор
2026-05-01 19:08:17,243 | INFO     |   → 699/804: ✅ 135 взято | 🗑️ 4836 мусор
2026-05-01 19:08:17,243 | INFO     |   → 700/804: ✅ 502 взято | 🗑️ 7659 мусор
2026-05-01 19:08:17,243 | INFO     |   → 701/804: ✅ 631 взято | 🗑️ 8081 мусор
2026-05-01 19:08:17,243 | INFO     |   → 702/804: ✅ 202 взято | 🗑️ 5131 мусор
2026-05-01 19:08:17,243 | INFO     |   → 703/804 ❌ HTTP 404 — https://raw.githubusercontent.com/vveg26/chromego_merge/main/sub/merged_proxies.yaml
2026-05-01 19:08:17,243 | INFO     |   → 704/804 ❌ HTTP 404 — https://raw.githubusercontent.com/vveg26/get_proxy/main/dist/clash.config.yaml
2026-05-01 19:08:17,243 | INFO     |   → 705/804: ✅ 0 взято | 🗑️ 10 мусор
2026-05-01 19:08:17,243 | INFO     |   → 706/804: ✅ 0 взято | 🗑️ 10 мусор
2026-05-01 19:08:17,243 | INFO     |   → 707/804: ✅ 0 взято | 🗑️ 4 мусор
2026-05-01 19:08:17,243 | INFO     |   → 708/804: ✅ 0 взято | 🗑️ 0 мусор
2026-05-01 19:08:17,243 | INFO     |   → 709/804: ✅ 0 взято | 🗑️ 4 мусор
2026-05-01 19:08:17,243 | INFO     |   → 710/804: ✅ 106 взято | 🗑️ 689 мусор
2026-05-01 19:08:17,243 | INFO     |   → 711/804: ✅ 48 взято | 🗑️ 841 мусор
2026-05-01 19:08:17,243 | INFO     |   → 712/804: ✅ 21 взято | 🗑️ 789 мусор
2026-05-01 19:08:17,243 | INFO     |   → 713/804: ✅ 24 взято | 🗑️ 774 мусор
2026-05-01 19:08:17,243 | INFO     |   → 714/804: ✅ 52 взято | 🗑️ 756 мусор
2026-05-01 19:08:17,243 | INFO     |   → 715/804: ✅ 191 взято | 🗑️ 745 мусор
2026-05-01 19:08:17,244 | INFO     |   → 716/804: ✅ 9 взято | 🗑️ 651 мусор
2026-05-01 19:08:17,244 | INFO     |   → 717/804: ✅ 185 взято | 🗑️ 388 мусор
2026-05-01 19:08:17,244 | INFO     |   → 718/804: ✅ 130 взято | 🗑️ 523 мусор
2026-05-01 19:08:17,244 | INFO     |   → 719/804: ✅ 67 взято | 🗑️ 533 мусор
2026-05-01 19:08:17,244 | INFO     |   → 720/804: ✅ 98 взято | 🗑️ 444 мусор
2026-05-01 19:08:17,244 | INFO     |   → 721/804: ✅ 102 взято | 🗑️ 670 мусор
2026-05-01 19:08:17,244 | INFO     |   → 722/804: ✅ 86 взято | 🗑️ 476 мусор
2026-05-01 19:08:17,244 | INFO     |   → 723/804: ✅ 95 взято | 🗑️ 657 мусор
2026-05-01 19:08:17,244 | INFO     |   → 724/804: ✅ 105 взято | 🗑️ 645 мусор
2026-05-01 19:08:17,244 | INFO     |   → 725/804: ✅ 115 взято | 🗑️ 985 мусор
2026-05-01 19:08:17,244 | INFO     |   → 726/804: ✅ 6 взято | 🗑️ 63 мусор
2026-05-01 19:08:17,244 | INFO     |   → 727/804: ✅ 7 взято | 🗑️ 62 мусор
2026-05-01 19:08:17,244 | INFO     |   → 728/804: ✅ 39 взято | 🗑️ 489 мусор
2026-05-01 19:08:17,244 | INFO     |   → 729/804: ✅ 0 взято | 🗑️ 0 мусор
2026-05-01 19:08:17,244 | INFO     |   → 730/804: ✅ 0 взято | 🗑️ 0 мусор
2026-05-01 19:08:17,244 | INFO     |   → 731/804: ✅ 0 взято | 🗑️ 0 мусор
2026-05-01 19:08:17,244 | INFO     |   → 732/804: ✅ 0 взято | 🗑️ 0 мусор
2026-05-01 19:08:17,244 | INFO     |   → 733/804: ✅ 0 взято | 🗑️ 0 мусор
2026-05-01 19:08:17,244 | INFO     |   → 734/804: ✅ 0 взято | 🗑️ 52 мусор
2026-05-01 19:08:17,244 | INFO     |   → 735/804: ✅ 5 взято | 🗑️ 10 мусор
2026-05-01 19:08:17,244 | INFO     |   → 736/804: ✅ 1 взято | 🗑️ 124 мусор
2026-05-01 19:08:17,245 | INFO     |   → 737/804: ✅ 88 взято | 🗑️ 94 мусор
2026-05-01 19:08:17,245 | INFO     |   → 738/804: ✅ 0 взято | 🗑️ 9 мусор
2026-05-01 19:08:17,245 | INFO     |   → 739/804: ✅ 19 взято | 🗑️ 444 мусор
2026-05-01 19:08:17,245 | INFO     |   → 740/804 ❌ HTTP 404 — https://raw.githubusercontent.com/xiaozhu2007/xiaozhu2007/61a755a044dbaeea678bc2d1e20f21a21c6d7170/docs/fxxk.txt
2026-05-01 19:08:17,245 | INFO     |   → 741/804: ✅ 1 взято | 🗑️ 159 мусор
2026-05-01 19:08:17,245 | INFO     |   → 742/804: ✅ 0 взято | 🗑️ 22 мусор
2026-05-01 19:08:17,245 | INFO     |   → 743/804: ✅ 0 взято | 🗑️ 0 мусор
2026-05-01 19:08:17,245 | INFO     |   → 744/804 ❌ HTTP 404 — https://raw.githubusercontent.com/yebekhe/TVC/0f745f92bf381e505f1245abbc7c145b19b11503/config.txt
2026-05-01 19:08:17,245 | INFO     |   → 745/804 ❌ HTTP 404 — https://raw.githubusercontent.com/yebekhe/TVC/9fac69239c69327fb7a61f5a8d79d107133889e1/lite/config.txt
2026-05-01 19:08:17,245 | INFO     |   → 746/804 ❌ HTTP 404 — https://raw.githubusercontent.com/yebekhe/TelegramV2rayCollector/main/sub/normal/donated
2026-05-01 19:08:17,245 | INFO     |   → 747/804 ❌ HTTP 404 — https://raw.githubusercontent.com/yebekhe/TelegramV2rayCollector/main/sub/normal/hysteria2
2026-05-01 19:08:17,245 | INFO     |   → 748/804 ❌ HTTP 404 — https://raw.githubusercontent.com/yebekhe/TelegramV2rayCollector/main/sub/normal/mix
2026-05-01 19:08:17,245 | INFO     |   → 749/804 ❌ HTTP 404 — https://raw.githubusercontent.com/yebekhe/TelegramV2rayCollector/main/sub/normal/reality
2026-05-01 19:08:17,245 | INFO     |   → 750/804 ❌ HTTP 404 — https://raw.githubusercontent.com/yebekhe/TelegramV2rayCollector/main/sub/normal/shadowsocks
2026-05-01 19:08:17,245 | INFO     |   → 751/804 ❌ HTTP 404 — https://raw.githubusercontent.com/yebekhe/TelegramV2rayCollector/main/sub/normal/trojan
2026-05-01 19:08:17,245 | INFO     |   → 752/804 ❌ HTTP 404 — https://raw.githubusercontent.com/yebekhe/TelegramV2rayCollector/main/sub/normal/tuic
2026-05-01 19:08:17,245 | INFO     |   → 753/804 ❌ HTTP 404 — https://raw.githubusercontent.com/yebekhe/TelegramV2rayCollector/main/sub/normal/vless
2026-05-01 19:08:17,245 | INFO     |   → 754/804 ❌ HTTP 404 — https://raw.githubusercontent.com/yebekhe/TelegramV2rayCollector/main/sub/normal/vmess
2026-05-01 19:08:17,245 | INFO     |   → 755/804 ❌ HTTP 404 — https://raw.githubusercontent.com/yebekhe/V2Hub/main/Split/Normal/shadowsocks
2026-05-01 19:08:17,245 | INFO     |   → 756/804 ❌ HTTP 404 — https://raw.githubusercontent.com/yebekhe/V2Hub/main/merged
2026-05-01 19:08:17,245 | INFO     |   → 757/804: ✅ 0 взято | 🗑️ 30 мусор
2026-05-01 19:08:17,246 | INFO     |   → 758/804: ✅ 1013 взято | 🗑️ 8141 мусор
2026-05-01 19:08:17,246 | INFO     |   → 759/804: ✅ 6 взято | 🗑️ 341 мусор
2026-05-01 19:08:17,246 | INFO     |   → 760/804: ✅ 7 взято | 🗑️ 267 мусор
2026-05-01 19:08:17,246 | INFO     |   → 761/804: ✅ 307 взято | 🗑️ 243 мусор
2026-05-01 19:08:17,246 | INFO     |   → 762/804: ✅ 0 взято | 🗑️ 1720 мусор
2026-05-01 19:08:17,246 | INFO     |   → 763/804: ✅ 2 взято | 🗑️ 416 мусор
2026-05-01 19:08:17,246 | INFO     |   → 764/804 ❌ HTTP 404 — https://raw.githubusercontent.com/yyyr-otz/tele-providers-collector/019cb3e07ee52fddbc7caa54fc670c6b9bae6539/sub/proxies.txt
2026-05-01 19:08:17,246 | INFO     |   → 765/804 ❌ HTTP 404 — https://raw.githubusercontent.com/yyyr-otz/tele-providers-collector/b7a74ee98bcf02c5a507d688a1bed3aa9f7f4ed1/script/raw/protocols/mixed.txt
2026-05-01 19:08:17,246 | INFO     |   → 766/804: ✅ 0 взято | 🗑️ 0 мусор
2026-05-01 19:08:17,246 | INFO     |   → 767/804: ✅ 0 взято | 🗑️ 0 мусор
2026-05-01 19:08:17,246 | INFO     |   → 768/804: ✅ 1 взято | 🗑️ 18 мусор
2026-05-01 19:08:17,246 | INFO     |   → 769/804: ✅ 0 взято | 🗑️ 46 мусор
2026-05-01 19:08:17,246 | INFO     |   → 770/804: ✅ 0 взято | 🗑️ 5 мусор
2026-05-01 19:08:17,246 | INFO     |   → 771/804: ✅ 0 взято | 🗑️ 0 мусор
2026-05-01 19:08:17,246 | INFO     |   → 772/804 ⚠️ Ошибка: ('Connection aborted.', RemoteDisconnected('Remote end closed connection without response')) — https://sub.pmsub.me/clash.yaml
2026-05-01 19:08:17,246 | INFO     |   → 773/804: ✅ 0 взято | 🗑️ 1 мусор
2026-05-01 19:08:17,246 | INFO     |   → 774/804: ✅ 8 взято | 🗑️ 21 мусор
2026-05-01 19:08:17,246 | INFO     |   → 775/804: ✅ 0 взято | 🗑️ 0 мусор
2026-05-01 19:08:17,246 | INFO     |   → 776/804: ✅ 9 взято | 🗑️ 19 мусор
2026-05-01 19:08:17,246 | INFO     |   → 777/804: ✅ 0 взято | 🗑️ 0 мусор
2026-05-01 19:08:17,246 | INFO     |   → 778/804: ✅ 2 взято | 🗑️ 14 мусор
2026-05-01 19:08:17,247 | INFO     |   → 779/804: ✅ 4 взято | 🗑️ 22 мусор
2026-05-01 19:08:17,247 | INFO     |   → 780/804: ✅ 0 взято | 🗑️ 0 мусор
2026-05-01 19:08:17,247 | INFO     |   → 781/804: ✅ 0 взято | 🗑️ 0 мусор
2026-05-01 19:08:17,247 | INFO     |   → 782/804: ✅ 0 взято | 🗑️ 0 мусор
2026-05-01 19:08:17,247 | INFO     |   → 783/804: ✅ 2 взято | 🗑️ 16 мусор
2026-05-01 19:08:17,247 | INFO     |   → 784/804: ✅ 0 взято | 🗑️ 0 мусор
2026-05-01 19:08:17,247 | INFO     |   → 785/804: ✅ 4 взято | 🗑️ 7 мусор
2026-05-01 19:08:17,247 | INFO     |   → 786/804: ✅ 0 взято | 🗑️ 0 мусор
2026-05-01 19:08:17,247 | INFO     |   → 787/804: ✅ 6 взято | 🗑️ 14 мусор
2026-05-01 19:08:17,247 | INFO     |   → 788/804: ✅ 0 взято | 🗑️ 0 мусор
2026-05-01 19:08:17,247 | INFO     |   → 789/804: ✅ 2 взято | 🗑️ 13 мусор
2026-05-01 19:08:17,247 | INFO     |   → 790/804: ✅ 0 взято | 🗑️ 0 мусор
2026-05-01 19:08:17,247 | INFO     |   → 791/804: ✅ 0 взято | 🗑️ 0 мусор
2026-05-01 19:08:17,247 | INFO     |   → 792/804: ✅ 2 взято | 🗑️ 7 мусор
2026-05-01 19:08:17,247 | INFO     |   → 793/804: ✅ 2 взято | 🗑️ 14 мусор
2026-05-01 19:08:17,247 | INFO     |   → 794/804: ✅ 2 взято | 🗑️ 14 мусор
2026-05-01 19:08:17,247 | INFO     |   → 795/804: ✅ 0 взято | 🗑️ 0 мусор
2026-05-01 19:08:17,247 | INFO     |   → 796/804: ✅ 3 взято | 🗑️ 22 мусор
2026-05-01 19:08:17,247 | INFO     |   → 797/804: ✅ 0 взято | 🗑️ 0 мусор
2026-05-01 19:08:17,247 | INFO     |   → 798/804: ✅ 2 взято | 🗑️ 15 мусор
2026-05-01 19:08:17,247 | INFO     |   → 799/804: ✅ 3 взято | 🗑️ 12 мусор
2026-05-01 19:08:17,248 | INFO     |   → 800/804: ✅ 0 взято | 🗑️ 0 мусор
2026-05-01 19:08:17,248 | INFO     |   → 801/804: ✅ 0 взято | 🗑️ 0 мусор
2026-05-01 19:08:17,248 | INFO     |   → 802/804: ✅ 0 взято | 🗑️ 0 мусор
2026-05-01 19:08:17,248 | INFO     |   → 803/804: ✅ 4 взято | 🗑️ 11 мусор
2026-05-01 19:08:17,248 | INFO     |   → 804/804: ✅ 0 взято | 🗑️ 19 мусор
2026-05-01 19:08:17,248 | INFO     |   → ✅ ГОТОВО!
2026-05-01 19:08:17,248 | INFO     |   →    📥 Всего ключей после фильтра: 15713
2026-05-01 19:08:17,248 | INFO     |   →    🔗 Уникальных IP:PORT:SCHEME: 9739
2026-05-01 19:08:17,248 | INFO     |   →    🗑️ Выброшено мусора: 268659
2026-05-01 19:08:17,248 | INFO     |   → 📊 По протоколам:
2026-05-01 19:08:17,248 | INFO     |   →    vless: 3413
2026-05-01 19:08:17,248 | INFO     |   →    vmess: 3254
2026-05-01 19:08:17,248 | INFO     |   →    trojan: 1055
2026-05-01 19:08:17,248 | INFO     |   →    ss: 1865
2026-05-01 19:08:17,248 | INFO     |   →    hysteria: 13
2026-05-01 19:08:17,248 | INFO     |   →    hysteria2: 28
2026-05-01 19:08:17,248 | INFO     |   →    hy2: 59
2026-05-01 19:08:17,248 | INFO     |   →    tuic: 52
2026-05-01 19:08:17,248 | INFO     | ✅ mirror.py завершён успешно
2026-05-01 19:08:17,248 | INFO     | 
2026-05-01 19:08:17,249 | INFO     | 
2026-05-01 19:08:17,249 | INFO     | ──────────────────────────────────────────────────────────────────────
2026-05-01 19:08:17,249 | INFO     | 📌 ЭТАП: Фильтрация по реальному SNI
2026-05-01 19:08:17,249 | INFO     | ──────────────────────────────────────────────────────────────────────
2026-05-01 19:08:17,249 | INFO     | 🚀 Запуск filter_ru_sni.py (Фильтр по реальному SNI (CDN+RU))...
2026-05-01 19:08:17,485 | INFO     |   → hy2.txt: 59 → 19 (SNI-filtered)
2026-05-01 19:08:17,485 | INFO     |   →   hysteria.txt: 13 → 0 (SNI-filtered)
2026-05-01 19:08:17,485 | INFO     |   →   hysteria2.txt: 28 → 5 (SNI-filtered)
2026-05-01 19:08:17,485 | INFO     |   →   ss.txt: 1865 → 0 (SNI-filtered)
2026-05-01 19:08:17,486 | INFO     |   →   trojan.txt: 1055 → 4 (SNI-filtered)
2026-05-01 19:08:17,486 | INFO     |   →   tuic.txt: 52 → 0 (SNI-filtered)
2026-05-01 19:08:17,486 | INFO     |   →   vless.txt: 3413 → 395 (SNI-filtered)
2026-05-01 19:08:17,486 | INFO     |   →   vmess.txt: 3254 → 37 (SNI-filtered)
2026-05-01 19:08:17,486 | INFO     |   → ==================================================
2026-05-01 19:08:17,486 | INFO     |   →   Всего входных:  9739
2026-05-01 19:08:17,486 | INFO     |   →   Прошли фильтр:  460
2026-05-01 19:08:17,486 | INFO     |   →   Отброшено:      9279
2026-05-01 19:08:17,486 | INFO     |   → ==================================================
2026-05-01 19:08:17,486 | INFO     |   → Готово → /home/runner/work/vpn-vless-configs-russia/vpn-vless-configs-russia/githubmirror/ru-sni
2026-05-01 19:08:17,486 | INFO     | ✅ filter_ru_sni.py завершён успешно
2026-05-01 19:08:17,486 | INFO     | 
2026-05-01 19:08:17,486 | INFO     | 
2026-05-01 19:08:17,486 | INFO     | ──────────────────────────────────────────────────────────────────────
2026-05-01 19:08:17,486 | INFO     | 📌 ЭТАП: Экспериментальный RU-SNI фильтр
2026-05-01 19:08:17,486 | INFO     | ──────────────────────────────────────────────────────────────────────
2026-05-01 19:08:17,486 | INFO     | 🚀 Запуск filter_ru_sni_local.py (Экспериментальный фильтр по RU-SNI (локальные домены))...
2026-05-01 19:08:17,645 | INFO     |   → hy2.txt: 59 → 0 (RU-SNI)
2026-05-01 19:08:17,645 | INFO     |   → hysteria.txt: 13 → 0 (RU-SNI)
2026-05-01 19:08:17,645 | INFO     |   → hysteria2.txt: 28 → 0 (RU-SNI)
2026-05-01 19:08:17,645 | INFO     |   → ss.txt: 1865 → 0 (RU-SNI)
2026-05-01 19:08:17,645 | INFO     |   → trojan.txt: 1055 → 0 (RU-SNI)
2026-05-01 19:08:17,645 | INFO     |   → tuic.txt: 52 → 0 (RU-SNI)
2026-05-01 19:08:17,645 | INFO     |   → vless.txt: 3413 → 97 (RU-SNI)
2026-05-01 19:08:17,646 | INFO     |   → vmess.txt: 3254 → 0 (RU-SNI)
2026-05-01 19:08:17,646 | INFO     |   → ==================================================
2026-05-01 19:08:17,646 | INFO     |   → Всего входных:  9739
2026-05-01 19:08:17,646 | INFO     |   → Прошли RU-SNI:  97
2026-05-01 19:08:17,646 | INFO     |   → Отброшено:      9642
2026-05-01 19:08:17,646 | INFO     |   → ==================================================
2026-05-01 19:08:17,646 | INFO     |   → Готово → /home/runner/work/vpn-vless-configs-russia/vpn-vless-configs-russia/githubmirror/ru-sni-local
2026-05-01 19:08:17,646 | INFO     | ✅ filter_ru_sni_local.py завершён успешно
2026-05-01 19:08:17,646 | INFO     | 
2026-05-01 19:08:17,646 | INFO     | 
2026-05-01 19:08:17,646 | INFO     | ──────────────────────────────────────────────────────────────────────
2026-05-01 19:08:17,646 | INFO     | 📌 ЭТАП: Сбор статистики
2026-05-01 19:08:17,646 | INFO     | ──────────────────────────────────────────────────────────────────────
2026-05-01 19:08:17,646 | INFO     | 📊 Сбор статистики...
2026-05-01 19:08:17,646 | INFO     |   📁 githubmirror/clean:
2026-05-01 19:08:17,647 | INFO     |     • hy2         :    59 конфигов
2026-05-01 19:08:17,647 | INFO     |     • hysteria    :    13 конфигов
2026-05-01 19:08:17,647 | INFO     |     • hysteria2   :    28 конфигов
2026-05-01 19:08:17,648 | INFO     |     • ss          :  1865 конфигов
2026-05-01 19:08:17,649 | INFO     |     • trojan      :  1055 конфигов
2026-05-01 19:08:17,649 | INFO     |     • tuic        :    52 конфигов
2026-05-01 19:08:17,653 | INFO     |     • vless       :  3413 конфигов
2026-05-01 19:08:17,655 | INFO     |     • vmess       :  3254 конфигов
2026-05-01 19:08:17,655 | INFO     |   📁 githubmirror/ru-sni:
2026-05-01 19:08:17,655 | INFO     |     • hy2         :    19 конфигов ( 32.2% от clean)
2026-05-01 19:08:17,655 | INFO     |     • hysteria    :     0 конфигов (  0.0% от clean)
2026-05-01 19:08:17,656 | INFO     |     • hysteria2   :     5 конфигов ( 17.9% от clean)
2026-05-01 19:08:17,656 | INFO     |     • ss          :     0 конфигов (  0.0% от clean)
2026-05-01 19:08:17,656 | INFO     |     • trojan      :     4 конфигов (  0.4% от clean)
2026-05-01 19:08:17,656 | INFO     |     • tuic        :     0 конфигов (  0.0% от clean)
2026-05-01 19:08:17,656 | INFO     |     • vless       :   395 конфигов ( 11.6% от clean)
2026-05-01 19:08:17,657 | INFO     |     • vmess       :    37 конфигов (  1.1% от clean)
2026-05-01 19:08:17,657 | INFO     | 
2026-05-01 19:08:17,657 | INFO     |   ──────────────────────────────────────────────────
2026-05-01 19:08:17,657 | INFO     |   📈 ИТОГО:
2026-05-01 19:08:17,657 | INFO     |     Clean (после geo-фильтра):     9739
2026-05-01 19:08:17,657 | INFO     |     RU-SNI (после SNI-фильтра):     460
2026-05-01 19:08:17,657 | INFO     |     Прошло фильтр:                  4.7%
2026-05-01 19:08:17,657 | INFO     |   ──────────────────────────────────────────────────
2026-05-01 19:08:17,657 | INFO     | ✅ Статистика сохранена: /home/runner/work/vpn-vless-configs-russia/vpn-vless-configs-russia/stats.json
2026-05-01 19:08:17,657 | INFO     | 
2026-05-01 19:08:17,657 | INFO     | ======================================================================
2026-05-01 19:08:17,657 | INFO     | 📊 ИТОГОВЫЙ ОТЧЁТ
2026-05-01 19:08:17,657 | INFO     | ======================================================================
2026-05-01 19:08:17,658 | INFO     |   ✅ OK         | Загрузка и geo-фильтрация
2026-05-01 19:08:17,658 | INFO     |   ✅ OK         | Фильтрация по реальному SNI
2026-05-01 19:08:17,658 | INFO     |   ✅ OK         | Экспериментальный RU-SNI фильтр
2026-05-01 19:08:17,658 | INFO     |   ✅ OK         | Сбор статистики
2026-05-01 19:08:17,658 | INFO     | ──────────────────────────────────────────────────────────────────────
2026-05-01 19:08:17,658 | INFO     | ✅ ВСЕ ЭТАПЫ УСПЕШНЫ (4/4)
2026-05-01 19:08:17,658 | INFO     | ⏰ Время завершения: 2026-05-01 19:08:17
2026-05-01 19:08:17,658 | INFO     | ======================================================================
