2026-05-01 02:31:16,439 | INFO     | ======================================================================
2026-05-01 02:31:16,439 | INFO     | 🔍 VPN KEY CHECKER - Начало проверки
2026-05-01 02:31:16,439 | INFO     | ⏰ Время старта: 2026-05-01 02:31:16
2026-05-01 02:31:16,439 | INFO     | 📂 Рабочая директория: /home/runner/work/vpn-vless-configs-russia/vpn-vless-configs-russia
2026-05-01 02:31:16,439 | INFO     | ======================================================================
2026-05-01 02:31:16,439 | INFO     | 
2026-05-01 02:31:16,439 | INFO     | 🔍 Проверка наличия скриптов...
2026-05-01 02:31:16,439 | INFO     |   ✅ mirror.py
2026-05-01 02:31:16,440 | INFO     |   ✅ filter_ru_sni.py
2026-05-01 02:31:16,440 | INFO     |   ✅ filter_ru_sni_local.py
2026-05-01 02:31:16,440 | INFO     | 
2026-05-01 02:31:16,440 | INFO     | 
2026-05-01 02:31:16,440 | INFO     | ──────────────────────────────────────────────────────────────────────
2026-05-01 02:31:16,440 | INFO     | 📌 ЭТАП: Загрузка и geo-фильтрация
2026-05-01 02:31:16,440 | INFO     | ──────────────────────────────────────────────────────────────────────
2026-05-01 02:31:16,440 | INFO     | 🚀 Запуск mirror.py (Загрузка и фильтрация по РФ/СНГ/Европа)...
2026-05-01 02:33:37,254 | INFO     |   → 🚀 Старт: всего источников (старые + новые): 801
2026-05-01 02:33:37,254 | INFO     |   → 1/801: ✅ 13 взято | 🗑️ 242 мусор
2026-05-01 02:33:37,254 | INFO     |   → 2/801: ✅ 0 взято | 🗑️ 0 мусор
2026-05-01 02:33:37,254 | INFO     |   → 3/801: ✅ 0 взято | 🗑️ 0 мусор
2026-05-01 02:33:37,254 | INFO     |   → 4/801 ❌ HTTP 404 — https://cdn.jsdelivr.net/gh/cry0ice/genode@main/public/all.txt
2026-05-01 02:33:37,254 | INFO     |   → 5/801 ❌ HTTP 404 — https://cdn.jsdelivr.net/gh/cry0ice/genode@main/public/ss.txt
2026-05-01 02:33:37,254 | INFO     |   → 6/801 ❌ HTTP 404 — https://cdn.jsdelivr.net/gh/cry0ice/genode@main/public/ssr.txt
2026-05-01 02:33:37,254 | INFO     |   → 7/801 ❌ HTTP 404 — https://cdn.jsdelivr.net/gh/cry0ice/genode@main/public/trojan.txt
2026-05-01 02:33:37,254 | INFO     |   → 8/801 ❌ HTTP 404 — https://cdn.jsdelivr.net/gh/cry0ice/genode@main/public/vless.txt
2026-05-01 02:33:37,254 | INFO     |   → 9/801 ❌ HTTP 404 — https://cdn.jsdelivr.net/gh/cry0ice/genode@main/public/vmess.txt
2026-05-01 02:33:37,254 | INFO     |   → 10/801: ✅ 0 взято | 🗑️ 0 мусор
2026-05-01 02:33:37,255 | INFO     |   → 11/801: ✅ 0 взято | 🗑️ 0 мусор
2026-05-01 02:33:37,255 | INFO     |   → 12/801: ✅ 0 взято | 🗑️ 0 мусор
2026-05-01 02:33:37,255 | INFO     |   → 13/801: ✅ 0 взято | 🗑️ 0 мусор
2026-05-01 02:33:37,255 | INFO     |   → 14/801: ✅ 0 взято | 🗑️ 0 мусор
2026-05-01 02:33:37,255 | INFO     |   → 15/801: ✅ 0 взято | 🗑️ 0 мусор
2026-05-01 02:33:37,255 | INFO     |   → 16/801: ✅ 0 взято | 🗑️ 0 мусор
2026-05-01 02:33:37,255 | INFO     |   → 17/801: ✅ 0 взято | 🗑️ 0 мусор
2026-05-01 02:33:37,255 | INFO     |   → 18/801: ✅ 0 взято | 🗑️ 0 мусор
2026-05-01 02:33:37,255 | INFO     |   → 19/801: ✅ 0 взято | 🗑️ 0 мусор
2026-05-01 02:33:37,255 | INFO     |   → 20/801: ✅ 0 взято | 🗑️ 0 мусор
2026-05-01 02:33:37,255 | INFO     |   → 21/801: ✅ 0 взято | 🗑️ 0 мусор
2026-05-01 02:33:37,255 | INFO     |   → 22/801: ✅ 0 взято | 🗑️ 0 мусор
2026-05-01 02:33:37,255 | INFO     |   → 23/801: ✅ 0 взято | 🗑️ 0 мусор
2026-05-01 02:33:37,255 | INFO     |   → 24/801: ✅ 0 взято | 🗑️ 0 мусор
2026-05-01 02:33:37,255 | INFO     |   → 25/801: ✅ 0 взято | 🗑️ 0 мусор
2026-05-01 02:33:37,255 | INFO     |   → 26/801: ✅ 0 взято | 🗑️ 0 мусор
2026-05-01 02:33:37,255 | INFO     |   → 27/801: ✅ 0 взято | 🗑️ 0 мусор
2026-05-01 02:33:37,255 | INFO     |   → 28/801: ✅ 0 взято | 🗑️ 0 мусор
2026-05-01 02:33:37,255 | INFO     |   → 29/801: ✅ 0 взято | 🗑️ 0 мусор
2026-05-01 02:33:37,255 | INFO     |   → 30/801: ✅ 0 взято | 🗑️ 0 мусор
2026-05-01 02:33:37,255 | INFO     |   → 31/801: ✅ 0 взято | 🗑️ 0 мусор
2026-05-01 02:33:37,255 | INFO     |   → 32/801: ✅ 0 взято | 🗑️ 0 мусор
2026-05-01 02:33:37,255 | INFO     |   → 33/801: ✅ 0 взято | 🗑️ 0 мусор
2026-05-01 02:33:37,256 | INFO     |   → 34/801: ✅ 0 взято | 🗑️ 0 мусор
2026-05-01 02:33:37,256 | INFO     |   → 35/801: ✅ 0 взято | 🗑️ 0 мусор
2026-05-01 02:33:37,256 | INFO     |   → 36/801: ✅ 0 взято | 🗑️ 0 мусор
2026-05-01 02:33:37,256 | INFO     |   → 37/801: ✅ 0 взято | 🗑️ 0 мусор
2026-05-01 02:33:37,256 | INFO     |   → 38/801: ✅ 0 взято | 🗑️ 0 мусор
2026-05-01 02:33:37,256 | INFO     |   → 39/801: ✅ 0 взято | 🗑️ 0 мусор
2026-05-01 02:33:37,256 | INFO     |   → 40/801: ✅ 0 взято | 🗑️ 0 мусор
2026-05-01 02:33:37,256 | INFO     |   → 41/801: ✅ 0 взято | 🗑️ 0 мусор
2026-05-01 02:33:37,256 | INFO     |   → 42/801: ✅ 0 взято | 🗑️ 0 мусор
2026-05-01 02:33:37,256 | INFO     |   → 43/801: ✅ 0 взято | 🗑️ 0 мусор
2026-05-01 02:33:37,256 | INFO     |   → 44/801: ✅ 0 взято | 🗑️ 0 мусор
2026-05-01 02:33:37,256 | INFO     |   → 45/801: ✅ 0 взято | 🗑️ 0 мусор
2026-05-01 02:33:37,256 | INFO     |   → 46/801: ✅ 0 взято | 🗑️ 0 мусор
2026-05-01 02:33:37,256 | INFO     |   → 47/801: ✅ 0 взято | 🗑️ 0 мусор
2026-05-01 02:33:37,256 | INFO     |   → 48/801: ✅ 0 взято | 🗑️ 0 мусор
2026-05-01 02:33:37,256 | INFO     |   → 49/801: ✅ 0 взято | 🗑️ 0 мусор
2026-05-01 02:33:37,256 | INFO     |   → 50/801: ✅ 0 взято | 🗑️ 0 мусор
2026-05-01 02:33:37,256 | INFO     |   → 51/801: ✅ 0 взято | 🗑️ 0 мусор
2026-05-01 02:33:37,256 | INFO     |   → 52/801: ✅ 0 взято | 🗑️ 0 мусор
2026-05-01 02:33:37,256 | INFO     |   → 53/801: ✅ 0 взято | 🗑️ 0 мусор
2026-05-01 02:33:37,256 | INFO     |   → 54/801: ✅ 0 взято | 🗑️ 0 мусор
2026-05-01 02:33:37,256 | INFO     |   → 55/801: ✅ 0 взято | 🗑️ 0 мусор
2026-05-01 02:33:37,256 | INFO     |   → 56/801 ❌ HTTP 404 — https://freessrnode.github.io/uploads/2024/08/0-20240822.txt
2026-05-01 02:33:37,256 | INFO     |   → 57/801 ❌ HTTP 404 — https://freessrnode.github.io/uploads/2024/08/1-20240822.txt
2026-05-01 02:33:37,256 | INFO     |   → 58/801 ❌ HTTP 404 — https://freessrnode.github.io/uploads/2024/08/2-20240822.txt
2026-05-01 02:33:37,256 | INFO     |   → 59/801 ❌ HTTP 404 — https://freessrnode.github.io/uploads/2024/08/3-20240822.txt
2026-05-01 02:33:37,256 | INFO     |   → 60/801 ❌ HTTP 404 — https://freessrnode.github.io/uploads/2024/08/4-20240822.txt
2026-05-01 02:33:37,256 | INFO     |   → 61/801 ⚠️ Ошибка: HTTPSConnectionPool(host='freevpnspy.githubrowcontent.com', port=443): Max retries exceeded with url: /2024/08/20240802_novless.yaml (Caused by NameResolutionError("HTTPSConnection(host='freevpnspy.githubrowcontent.com', port=443): Failed to resolve 'freevpnspy.githubrowcontent.com' ([Errno -2] Name or service not known)")) — https://freevpnspy.githubrowcontent.com/2024/08/20240802_novless.yaml
2026-05-01 02:33:37,256 | INFO     |   → 62/801 ⚠️ Ошибка: HTTPSConnectionPool(host='freevpnspy.githubrowcontent.com', port=443): Max retries exceeded with url: /2024/08/20240802_vless.yaml (Caused by NameResolutionError("HTTPSConnection(host='freevpnspy.githubrowcontent.com', port=443): Failed to resolve 'freevpnspy.githubrowcontent.com' ([Errno -2] Name or service not known)")) — https://freevpnspy.githubrowcontent.com/2024/08/20240802_vless.yaml
2026-05-01 02:33:37,256 | INFO     |   → 63/801 ❌ HTTP 404 — https://github.com/Epodonios/bulk-xray-v2ray-vless-vmess-...-configs/raw/main/sub/Albania/config.txt
2026-05-01 02:33:37,256 | INFO     |   → 64/801 ❌ HTTP 404 — https://github.com/Epodonios/bulk-xray-v2ray-vless-vmess-...-configs/raw/main/sub/Cura%C3%A7ao/config.txt
2026-05-01 02:33:37,256 | INFO     |   → 65/801 ❌ HTTP 404 — https://github.com/Epodonios/bulk-xray-v2ray-vless-vmess-...-configs/raw/main/sub/Finland/config.txt
2026-05-01 02:33:37,256 | INFO     |   → 66/801 ❌ HTTP 404 — https://github.com/Epodonios/bulk-xray-v2ray-vless-vmess-...-configs/raw/main/sub/Iran/config.txt
2026-05-01 02:33:37,256 | INFO     |   → 67/801 ❌ HTTP 404 — https://github.com/Epodonios/bulk-xray-v2ray-vless-vmess-...-configs/raw/main/sub/Netherlands/config.txt
2026-05-01 02:33:37,257 | INFO     |   → 68/801 ❌ HTTP 404 — https://github.com/Epodonios/bulk-xray-v2ray-vless-vmess-...-configs/raw/main/sub/Norway/config.txt
2026-05-01 02:33:37,257 | INFO     |   → 69/801 ❌ HTTP 404 — https://github.com/Epodonios/bulk-xray-v2ray-vless-vmess-...-configs/raw/main/sub/Russia/config.txt
2026-05-01 02:33:37,257 | INFO     |   → 70/801: ✅ 13 взято | 🗑️ 70 мусор
2026-05-01 02:33:37,257 | INFO     |   → 71/801: ✅ 0 взято | 🗑️ 4 мусор
2026-05-01 02:33:37,257 | INFO     |   → 72/801: ✅ 0 взято | 🗑️ 7 мусор
2026-05-01 02:33:37,257 | INFO     |   → 73/801: ✅ 0 взято | 🗑️ 51 мусор
2026-05-01 02:33:37,257 | INFO     |   → 74/801: ✅ 0 взято | 🗑️ 8 мусор
2026-05-01 02:33:37,257 | INFO     |   → 75/801: ✅ 0 взято | 🗑️ 0 мусор
2026-05-01 02:33:37,257 | INFO     |   → 76/801: ✅ 17 взято | 🗑️ 119 мусор
2026-05-01 02:33:37,257 | INFO     |   → 77/801 ❌ HTTP 404 — https://github.com/MrMohebi/xray-proxy-grabber-telegram/raw/master/collected-proxies/clash-meta/all.yaml
2026-05-01 02:33:37,257 | INFO     |   → 78/801 ❌ HTTP 404 — https://github.com/MrMohebi/xray-proxy-grabber-telegram/raw/master/collected-proxies/row-url/all.txt
2026-05-01 02:33:37,257 | INFO     |   → 79/801: ✅ 0 взято | 🗑️ 0 мусор
2026-05-01 02:33:37,257 | INFO     |   → 80/801: ✅ 0 взято | 🗑️ 113 мусор
2026-05-01 02:33:37,257 | INFO     |   → 81/801: ✅ 0 взято | 🗑️ 119 мусор
2026-05-01 02:33:37,257 | INFO     |   → 82/801 ❌ HTTP 404 — https://github.com/abbasdvd3/abbasdvd10/73ec60de7a6c6aa6df4c14b511c1da60686891ca/ppo.txt
2026-05-01 02:33:37,257 | INFO     |   → 83/801 ❌ HTTP 404 — https://github.com/acymz/AutoVPN/refs/heads/main/data/V2.txt
2026-05-01 02:33:37,257 | INFO     |   → 84/801: ✅ 0 взято | 🗑️ 0 мусор
2026-05-01 02:33:37,257 | INFO     |   → 85/801: ✅ 0 взято | 🗑️ 0 мусор
2026-05-01 02:33:37,257 | INFO     |   → 86/801: ✅ 0 взято | 🗑️ 0 мусор
2026-05-01 02:33:37,257 | INFO     |   → 87/801: ✅ 0 взято | 🗑️ 0 мусор
2026-05-01 02:33:37,257 | INFO     |   → 88/801: ✅ 0 взято | 🗑️ 0 мусор
2026-05-01 02:33:37,257 | INFO     |   → 89/801: ✅ 0 взято | 🗑️ 0 мусор
2026-05-01 02:33:37,258 | INFO     |   → 90/801: ✅ 0 взято | 🗑️ 0 мусор
2026-05-01 02:33:37,258 | INFO     |   → 91/801 ❌ HTTP 404 — https://github.com/mermeroo/V2RAY-FREE/raw/main/All_Configs_base64_Sub.txt
2026-05-01 02:33:37,258 | INFO     |   → 92/801 ❌ HTTP 404 — https://github.com/mermeroo/V2RAY-FREE/raw/main/Base64/Sub1_base64.txt
2026-05-01 02:33:37,258 | INFO     |   → 93/801 ❌ HTTP 404 — https://github.com/mermeroo/V2RAY-FREE/raw/main/Base64/Sub2_base64.txt
2026-05-01 02:33:37,258 | INFO     |   → 94/801 ❌ HTTP 404 — https://github.com/mermeroo/V2RAY-FREE/raw/main/Base64/Sub3_base64.txt
2026-05-01 02:33:37,258 | INFO     |   → 95/801 ❌ HTTP 404 — https://github.com/mermeroo/V2RAY-FREE/raw/main/Base64/Sub4_base64.txt
2026-05-01 02:33:37,258 | INFO     |   → 96/801 ❌ HTTP 404 — https://github.com/mermeroo/V2RAY-FREE/raw/main/Base64/Sub5_base64.txt
2026-05-01 02:33:37,258 | INFO     |   → 97/801 ❌ HTTP 404 — https://github.com/mermeroo/telegram-configs-collector/raw/main/protocols/hysteria
2026-05-01 02:33:37,258 | INFO     |   → 98/801 ❌ HTTP 404 — https://github.com/mermeroo/telegram-configs-collector/raw/main/protocols/juicity
2026-05-01 02:33:37,258 | INFO     |   → 99/801 ❌ HTTP 404 — https://github.com/mermeroo/telegram-configs-collector/raw/main/protocols/tuic
2026-05-01 02:33:37,258 | INFO     |   → 100/801: ✅ 5 взято | 🗑️ 16 мусор
2026-05-01 02:33:37,258 | INFO     |   → 101/801: ✅ 0 взято | 🗑️ 0 мусор
2026-05-01 02:33:37,258 | INFO     |   → 102/801: ✅ 0 взято | 🗑️ 0 мусор
2026-05-01 02:33:37,258 | INFO     |   → 103/801: ✅ 0 взято | 🗑️ 0 мусор
2026-05-01 02:33:37,258 | INFO     |   → 104/801: ✅ 3 взято | 🗑️ 238 мусор
2026-05-01 02:33:37,258 | INFO     |   → 105/801: ✅ 0 взято | 🗑️ 0 мусор
2026-05-01 02:33:37,258 | INFO     |   → 106/801: ✅ 3 взято | 🗑️ 239 мусор
2026-05-01 02:33:37,259 | INFO     |   → 107/801: ✅ 0 взято | 🗑️ 0 мусор
2026-05-01 02:33:37,259 | INFO     |   → 108/801: ✅ 0 взято | 🗑️ 255 мусор
2026-05-01 02:33:37,259 | INFO     |   → 109/801: ✅ 0 взято | 🗑️ 0 мусор
2026-05-01 02:33:37,259 | INFO     |   → 110/801: ✅ 1 взято | 🗑️ 249 мусор
2026-05-01 02:33:37,259 | INFO     |   → 111/801: ✅ 0 взято | 🗑️ 0 мусор
2026-05-01 02:33:37,259 | INFO     |   → 112/801: ✅ 0 взято | 🗑️ 207 мусор
2026-05-01 02:33:37,259 | INFO     |   → 113/801: ✅ 0 взято | 🗑️ 0 мусор
2026-05-01 02:33:37,259 | INFO     |   → 114/801: ✅ 0 взято | 🗑️ 228 мусор
2026-05-01 02:33:37,259 | INFO     |   → 115/801: ✅ 0 взято | 🗑️ 0 мусор
2026-05-01 02:33:37,259 | INFO     |   → 116/801: ✅ 1 взято | 🗑️ 291 мусор
2026-05-01 02:33:37,259 | INFO     |   → 117/801: ✅ 0 взято | 🗑️ 0 мусор
2026-05-01 02:33:37,259 | INFO     |   → 118/801: ✅ 3 взято | 🗑️ 221 мусор
2026-05-01 02:33:37,259 | INFO     |   → 119/801: ✅ 0 взято | 🗑️ 0 мусор
2026-05-01 02:33:37,259 | INFO     |   → 120/801: ✅ 1 взято | 🗑️ 222 мусор
2026-05-01 02:33:37,259 | INFO     |   → 121/801: ✅ 0 взято | 🗑️ 0 мусор
2026-05-01 02:33:37,259 | INFO     |   → 122/801: ✅ 1 взято | 🗑️ 218 мусор
2026-05-01 02:33:37,259 | INFO     |   → 123/801: ✅ 0 взято | 🗑️ 0 мусор
2026-05-01 02:33:37,259 | INFO     |   → 124/801: ✅ 0 взято | 🗑️ 193 мусор
2026-05-01 02:33:37,259 | INFO     |   → 125/801: ✅ 0 взято | 🗑️ 0 мусор
2026-05-01 02:33:37,260 | INFO     |   → 126/801: ✅ 0 взято | 🗑️ 290 мусор
2026-05-01 02:33:37,260 | INFO     |   → 127/801: ✅ 0 взято | 🗑️ 0 мусор
2026-05-01 02:33:37,260 | INFO     |   → 128/801: ✅ 0 взято | 🗑️ 238 мусор
2026-05-01 02:33:37,260 | INFO     |   → 129/801: ✅ 0 взято | 🗑️ 0 мусор
2026-05-01 02:33:37,260 | INFO     |   → 130/801: ✅ 0 взято | 🗑️ 221 мусор
2026-05-01 02:33:37,260 | INFO     |   → 131/801: ✅ 0 взято | 🗑️ 0 мусор
2026-05-01 02:33:37,260 | INFO     |   → 132/801: ✅ 0 взято | 🗑️ 248 мусор
2026-05-01 02:33:37,260 | INFO     |   → 133/801: ✅ 0 взято | 🗑️ 0 мусор
2026-05-01 02:33:37,260 | INFO     |   → 134/801: ✅ 0 взято | 🗑️ 203 мусор
2026-05-01 02:33:37,260 | INFO     |   → 135/801: ✅ 0 взято | 🗑️ 0 мусор
2026-05-01 02:33:37,260 | INFO     |   → 136/801: ✅ 0 взято | 🗑️ 208 мусор
2026-05-01 02:33:37,260 | INFO     |   → 137/801: ✅ 0 взято | 🗑️ 0 мусор
2026-05-01 02:33:37,260 | INFO     |   → 138/801: ✅ 2 взято | 🗑️ 209 мусор
2026-05-01 02:33:37,260 | INFO     |   → 139/801: ✅ 0 взято | 🗑️ 0 мусор
2026-05-01 02:33:37,260 | INFO     |   → 140/801: ✅ 0 взято | 🗑️ 258 мусор
2026-05-01 02:33:37,260 | INFO     |   → 141/801: ✅ 0 взято | 🗑️ 0 мусор
2026-05-01 02:33:37,260 | INFO     |   → 142/801: ✅ 0 взято | 🗑️ 296 мусор
2026-05-01 02:33:37,261 | INFO     |   → 143/801: ✅ 0 взято | 🗑️ 0 мусор
2026-05-01 02:33:37,261 | INFO     |   → 144/801: ✅ 1 взято | 🗑️ 286 мусор
2026-05-01 02:33:37,261 | INFO     |   → 145/801: ✅ 0 взято | 🗑️ 0 мусор
2026-05-01 02:33:37,261 | INFO     |   → 146/801: ✅ 0 взято | 🗑️ 195 мусор
2026-05-01 02:33:37,261 | INFO     |   → 147/801: ✅ 0 взято | 🗑️ 0 мусор
2026-05-01 02:33:37,261 | INFO     |   → 148/801 ⚠️ Ошибка: HTTPSConnectionPool(host='ivuxy.tech', port=443): Max retries exceeded with url: /v.txt (Caused by NameResolutionError("HTTPSConnection(host='ivuxy.tech', port=443): Failed to resolve 'ivuxy.tech' ([Errno -2] Name or service not known)")) — https://ivuxy.tech/v.txt
2026-05-01 02:33:37,261 | INFO     |   → 149/801 ⚠️ Ошибка: HTTPSConnectionPool(host='mirror.ghproxy.com', port=443): Max retries exceeded with url: /https://raw.githubusercontent.com/Barabama/FreeNodes/master/nodes/blues.txt (Caused by NameResolutionError("HTTPSConnection(host='mirror.ghproxy.com', port=443): Failed to resolve 'mirror.ghproxy.com' ([Errno -2] Name or service not known)")) — https://mirror.ghproxy.com/https://raw.githubusercontent.com/Barabama/FreeNodes/master/nodes/blues.txt
2026-05-01 02:33:37,261 | INFO     |   → 150/801 ⚠️ Ошибка: HTTPSConnectionPool(host='mirror.ghproxy.com', port=443): Max retries exceeded with url: /https://raw.githubusercontent.com/Barabama/FreeNodes/master/nodes/halekj.txt (Caused by NameResolutionError("HTTPSConnection(host='mirror.ghproxy.com', port=443): Failed to resolve 'mirror.ghproxy.com' ([Errno -2] Name or service not known)")) — https://mirror.ghproxy.com/https://raw.githubusercontent.com/Barabama/FreeNodes/master/nodes/halekj.txt
2026-05-01 02:33:37,261 | INFO     |   → 151/801 ⚠️ Ошибка: HTTPSConnectionPool(host='mirror.ghproxy.com', port=443): Max retries exceeded with url: /https://raw.githubusercontent.com/Barabama/FreeNodes/master/nodes/kkzui.txt (Caused by NameResolutionError("HTTPSConnection(host='mirror.ghproxy.com', port=443): Failed to resolve 'mirror.ghproxy.com' ([Errno -2] Name or service not known)")) — https://mirror.ghproxy.com/https://raw.githubusercontent.com/Barabama/FreeNodes/master/nodes/kkzui.txt
2026-05-01 02:33:37,261 | INFO     |   → 152/801 ⚠️ Ошибка: HTTPSConnectionPool(host='mirror.ghproxy.com', port=443): Max retries exceeded with url: /https://raw.githubusercontent.com/Barabama/FreeNodes/master/nodes/merged.txt (Caused by NameResolutionError("HTTPSConnection(host='mirror.ghproxy.com', port=443): Failed to resolve 'mirror.ghproxy.com' ([Errno -2] Name or service not known)")) — https://mirror.ghproxy.com/https://raw.githubusercontent.com/Barabama/FreeNodes/master/nodes/merged.txt
2026-05-01 02:33:37,261 | INFO     |   → 153/801 ⚠️ Ошибка: HTTPSConnectionPool(host='mirror.ghproxy.com', port=443): Max retries exceeded with url: /https://raw.githubusercontent.com/Barabama/FreeNodes/master/nodes/nodefree.txt (Caused by NameResolutionError("HTTPSConnection(host='mirror.ghproxy.com', port=443): Failed to resolve 'mirror.ghproxy.com' ([Errno -2] Name or service not known)")) — https://mirror.ghproxy.com/https://raw.githubusercontent.com/Barabama/FreeNodes/master/nodes/nodefree.txt
2026-05-01 02:33:37,261 | INFO     |   → 154/801 ⚠️ Ошибка: HTTPSConnectionPool(host='mirror.ghproxy.com', port=443): Max retries exceeded with url: /https://raw.githubusercontent.com/Barabama/FreeNodes/master/nodes/openrunner.txt (Caused by NameResolutionError("HTTPSConnection(host='mirror.ghproxy.com', port=443): Failed to resolve 'mirror.ghproxy.com' ([Errno -2] Name or service not known)")) — https://mirror.ghproxy.com/https://raw.githubusercontent.com/Barabama/FreeNodes/master/nodes/openrunner.txt
2026-05-01 02:33:37,261 | INFO     |   → 155/801 ⚠️ Ошибка: HTTPSConnectionPool(host='mirror.ghproxy.com', port=443): Max retries exceeded with url: /https://raw.githubusercontent.com/Barabama/FreeNodes/master/nodes/v2rayshare.txt (Caused by NameResolutionError("HTTPSConnection(host='mirror.ghproxy.com', port=443): Failed to resolve 'mirror.ghproxy.com' ([Errno -2] Name or service not known)")) — https://mirror.ghproxy.com/https://raw.githubusercontent.com/Barabama/FreeNodes/master/nodes/v2rayshare.txt
2026-05-01 02:33:37,261 | INFO     |   → 156/801 ⚠️ Ошибка: HTTPSConnectionPool(host='mirror.ghproxy.com', port=443): Max retries exceeded with url: /https://raw.githubusercontent.com/Barabama/FreeNodes/master/nodes/wenode.txt (Caused by NameResolutionError("HTTPSConnection(host='mirror.ghproxy.com', port=443): Failed to resolve 'mirror.ghproxy.com' ([Errno -2] Name or service not known)")) — https://mirror.ghproxy.com/https://raw.githubusercontent.com/Barabama/FreeNodes/master/nodes/wenode.txt
2026-05-01 02:33:37,261 | INFO     |   → 157/801 ⚠️ Ошибка: HTTPSConnectionPool(host='mirror.ghproxy.com', port=443): Max retries exceeded with url: /https://raw.githubusercontent.com/Barabama/FreeNodes/master/nodes/yudou66.txt (Caused by NameResolutionError("HTTPSConnection(host='mirror.ghproxy.com', port=443): Failed to resolve 'mirror.ghproxy.com' ([Errno -2] Name or service not known)")) — https://mirror.ghproxy.com/https://raw.githubusercontent.com/Barabama/FreeNodes/master/nodes/yudou66.txt
2026-05-01 02:33:37,261 | INFO     |   → 158/801: ✅ 7 взято | 🗑️ 17 мусор
2026-05-01 02:33:37,261 | INFO     |   → 159/801: ✅ 0 взято | 🗑️ 17 мусор
2026-05-01 02:33:37,261 | INFO     |   → 160/801: ✅ 14 взято | 🗑️ 14 мусор
2026-05-01 02:33:37,262 | INFO     |   → 161/801: ✅ 0 взято | 🗑️ 14 мусор
2026-05-01 02:33:37,262 | INFO     |   → 162/801: ✅ 0 взято | 🗑️ 14 мусор
2026-05-01 02:33:37,262 | INFO     |   → 163/801: ✅ 0 взято | 🗑️ 14 мусор
2026-05-01 02:33:37,262 | INFO     |   → 164/801: ✅ 0 взято | 🗑️ 14 мусор
2026-05-01 02:33:37,262 | INFO     |   → 165/801: ✅ 0 взято | 🗑️ 14 мусор
2026-05-01 02:33:37,262 | INFO     |   → 166/801: ✅ 0 взято | 🗑️ 14 мусор
2026-05-01 02:33:37,262 | INFO     |   → 167/801: ✅ 0 взято | 🗑️ 14 мусор
2026-05-01 02:33:37,262 | INFO     |   → 168/801: ✅ 0 взято | 🗑️ 14 мусор
2026-05-01 02:33:37,262 | INFO     |   → 169/801: ✅ 7 взято | 🗑️ 21 мусор
2026-05-01 02:33:37,262 | INFO     |   → 170/801: ✅ 0 взято | 🗑️ 21 мусор
2026-05-01 02:33:37,262 | INFO     |   → 171/801: ✅ 0 взято | 🗑️ 21 мусор
2026-05-01 02:33:37,262 | INFO     |   → 172/801: ✅ 0 взято | 🗑️ 21 мусор
2026-05-01 02:33:37,262 | INFO     |   → 173/801: ✅ 0 взято | 🗑️ 21 мусор
2026-05-01 02:33:37,262 | INFO     |   → 174/801: ✅ 0 взято | 🗑️ 21 мусор
2026-05-01 02:33:37,262 | INFO     |   → 175/801: ✅ 0 взято | 🗑️ 21 мусор
2026-05-01 02:33:37,262 | INFO     |   → 176/801: ✅ 0 взято | 🗑️ 21 мусор
2026-05-01 02:33:37,262 | INFO     |   → 177/801: ✅ 0 взято | 🗑️ 21 мусор
2026-05-01 02:33:37,262 | INFO     |   → 178/801: ✅ 0 взято | 🗑️ 21 мусор
2026-05-01 02:33:37,263 | INFO     |   → 179/801: ✅ 0 взято | 🗑️ 21 мусор
2026-05-01 02:33:37,263 | INFO     |   → 180/801 ⚠️ Ошибка: HTTPSConnectionPool(host='nodefree.githubrowcontent.com', port=443): Max retries exceeded with url: /2024/07/20240705.yaml (Caused by NameResolutionError("HTTPSConnection(host='nodefree.githubrowcontent.com', port=443): Failed to resolve 'nodefree.githubrowcontent.com' ([Errno -2] Name or service not known)")) — https://nodefree.org/dy/2023/08/20230806.yaml
2026-05-01 02:33:37,263 | INFO     |   → 181/801 ⚠️ Ошибка: HTTPSConnectionPool(host='nodefree.githubrowcontent.com', port=443): Max retries exceeded with url: /2024/07/20240705.txt (Caused by NameResolutionError("HTTPSConnection(host='nodefree.githubrowcontent.com', port=443): Failed to resolve 'nodefree.githubrowcontent.com' ([Errno -2] Name or service not known)")) — https://nodefree.org/dy/2023/12/20231221.txt
2026-05-01 02:33:37,263 | INFO     |   → 182/801: ✅ 0 взято | 🗑️ 17 мусор
2026-05-01 02:33:37,263 | INFO     |   → 183/801: ✅ 0 взято | 🗑️ 17 мусор
2026-05-01 02:33:37,263 | INFO     |   → 184/801: ✅ 0 взято | 🗑️ 14 мусор
2026-05-01 02:33:37,263 | INFO     |   → 185/801: ✅ 0 взято | 🗑️ 14 мусор
2026-05-01 02:33:37,263 | INFO     |   → 186/801: ✅ 0 взято | 🗑️ 14 мусор
2026-05-01 02:33:37,263 | INFO     |   → 187/801: ✅ 0 взято | 🗑️ 14 мусор
2026-05-01 02:33:37,263 | INFO     |   → 188/801: ✅ 0 взято | 🗑️ 14 мусор
2026-05-01 02:33:37,263 | INFO     |   → 189/801: ✅ 0 взято | 🗑️ 14 мусор
2026-05-01 02:33:37,263 | INFO     |   → 190/801: ✅ 0 взято | 🗑️ 14 мусор
2026-05-01 02:33:37,263 | INFO     |   → 191/801: ✅ 0 взято | 🗑️ 14 мусор
2026-05-01 02:33:37,263 | INFO     |   → 192/801: ✅ 0 взято | 🗑️ 14 мусор
2026-05-01 02:33:37,263 | INFO     |   → 193/801: ✅ 0 взято | 🗑️ 21 мусор
2026-05-01 02:33:37,263 | INFO     |   → 194/801: ✅ 0 взято | 🗑️ 21 мусор
2026-05-01 02:33:37,263 | INFO     |   → 195/801: ✅ 0 взято | 🗑️ 21 мусор
2026-05-01 02:33:37,263 | INFO     |   → 196/801: ✅ 0 взято | 🗑️ 21 мусор
2026-05-01 02:33:37,263 | INFO     |   → 197/801: ✅ 0 взято | 🗑️ 21 мусор
2026-05-01 02:33:37,263 | INFO     |   → 198/801: ✅ 0 взято | 🗑️ 21 мусор
2026-05-01 02:33:37,263 | INFO     |   → 199/801: ✅ 0 взято | 🗑️ 21 мусор
2026-05-01 02:33:37,263 | INFO     |   → 200/801: ✅ 0 взято | 🗑️ 21 мусор
2026-05-01 02:33:37,264 | INFO     |   → 201/801: ✅ 0 взято | 🗑️ 21 мусор
2026-05-01 02:33:37,264 | INFO     |   → 202/801: ✅ 0 взято | 🗑️ 21 мусор
2026-05-01 02:33:37,264 | INFO     |   → 203/801: ✅ 0 взято | 🗑️ 21 мусор
2026-05-01 02:33:37,264 | INFO     |   → 204/801: ✅ 0 взято | 🗑️ 0 мусор
2026-05-01 02:33:37,264 | INFO     |   → 205/801: ✅ 0 взято | 🗑️ 0 мусор
2026-05-01 02:33:37,264 | INFO     |   → 206/801: ✅ 0 взято | 🗑️ 0 мусор
2026-05-01 02:33:37,264 | INFO     |   → 207/801: ✅ 0 взято | 🗑️ 0 мусор
2026-05-01 02:33:37,264 | INFO     |   → 208/801: ✅ 0 взято | 🗑️ 0 мусор
2026-05-01 02:33:37,264 | INFO     |   → 209/801: ✅ 0 взято | 🗑️ 0 мусор
2026-05-01 02:33:37,264 | INFO     |   → 210/801: ✅ 0 взято | 🗑️ 0 мусор
2026-05-01 02:33:37,264 | INFO     |   → 211/801: ✅ 0 взято | 🗑️ 0 мусор
2026-05-01 02:33:37,264 | INFO     |   → 212/801: ✅ 0 взято | 🗑️ 0 мусор
2026-05-01 02:33:37,264 | INFO     |   → 213/801: ✅ 0 взято | 🗑️ 0 мусор
2026-05-01 02:33:37,264 | INFO     |   → 214/801: ✅ 0 взято | 🗑️ 0 мусор
2026-05-01 02:33:37,264 | INFO     |   → 215/801: ✅ 0 взято | 🗑️ 0 мусор
2026-05-01 02:33:37,264 | INFO     |   → 216/801 ❌ HTTP 404 — https://raw.githubusercontent.com/10ium/MihomoSaz/main/Sublist/shatakvpn.yaml4_Sub.txt
2026-05-01 02:33:37,264 | INFO     |   → 217/801: ✅ 0 взято | 🗑️ 0 мусор
2026-05-01 02:33:37,264 | INFO     |   → 218/801: ✅ 0 взято | 🗑️ 0 мусор
2026-05-01 02:33:37,264 | INFO     |   → 219/801: ✅ 12 взято | 🗑️ 38 мусор
2026-05-01 02:33:37,264 | INFO     |   → 220/801: ✅ 0 взято | 🗑️ 0 мусор
2026-05-01 02:33:37,264 | INFO     |   → 221/801: ✅ 0 взято | 🗑️ 0 мусор
2026-05-01 02:33:37,264 | INFO     |   → 222/801: ✅ 11 взято | 🗑️ 399 мусор
2026-05-01 02:33:37,265 | INFO     |   → 223/801: ✅ 0 взято | 🗑️ 0 мусор
2026-05-01 02:33:37,265 | INFO     |   → 224/801 ❌ HTTP 404 — https://raw.githubusercontent.com/9Fork/openit/main/Clash.yaml
2026-05-01 02:33:37,265 | INFO     |   → 225/801: ✅ 100 взято | 🗑️ 381 мусор
2026-05-01 02:33:37,265 | INFO     |   → 226/801: ✅ 0 взято | 🗑️ 381 мусор
2026-05-01 02:33:37,265 | INFO     |   → 227/801: ✅ 19 взято | 🗑️ 81 мусор
2026-05-01 02:33:37,265 | INFO     |   → 228/801: ✅ 11 взято | 🗑️ 87 мусор
2026-05-01 02:33:37,265 | INFO     |   → 229/801: ✅ 27 взято | 🗑️ 73 мусор
2026-05-01 02:33:37,265 | INFO     |   → 230/801: ✅ 13 взято | 🗑️ 75 мусор
2026-05-01 02:33:37,265 | INFO     |   → 231/801: ✅ 10 взято | 🗑️ 83 мусор
2026-05-01 02:33:37,265 | INFO     |   → 232/801: ✅ 12 взято | 🗑️ 86 мусор
2026-05-01 02:33:37,265 | INFO     |   → 233/801: ✅ 11 взято | 🗑️ 87 мусор
2026-05-01 02:33:37,265 | INFO     |   → 234/801: ✅ 11 взято | 🗑️ 80 мусор
2026-05-01 02:33:37,265 | INFO     |   → 235/801: ✅ 9 взято | 🗑️ 82 мусор
2026-05-01 02:33:37,265 | INFO     |   → 236/801: ✅ 69 взято | 🗑️ 3 мусор
2026-05-01 02:33:37,265 | INFO     |   → 237/801: ✅ 3 взято | 🗑️ 75 мусор
2026-05-01 02:33:37,265 | INFO     |   → 238/801: ✅ 4 взято | 🗑️ 69 мусор
2026-05-01 02:33:37,265 | INFO     |   → 239/801: ✅ 4 взято | 🗑️ 80 мусор
2026-05-01 02:33:37,265 | INFO     |   → 240/801: ✅ 6 взято | 🗑️ 81 мусор
2026-05-01 02:33:37,265 | INFO     |   → 241/801: ✅ 5 взято | 🗑️ 79 мусор
2026-05-01 02:33:37,265 | INFO     |   → 242/801: ✅ 11 взято | 🗑️ 78 мусор
2026-05-01 02:33:37,265 | INFO     |   → 243/801: ✅ 3 взято | 🗑️ 83 мусор
2026-05-01 02:33:37,265 | INFO     |   → 244/801: ✅ 14 взято | 🗑️ 76 мусор
2026-05-01 02:33:37,265 | INFO     |   → 245/801: ✅ 12 взято | 🗑️ 78 мусор
2026-05-01 02:33:37,265 | INFO     |   → 246/801: ✅ 26 взято | 🗑️ 218 мусор
2026-05-01 02:33:37,266 | INFO     |   → 247/801: ✅ 44 взято | 🗑️ 141 мусор
2026-05-01 02:33:37,266 | INFO     |   → 248/801: ✅ 10 взято | 🗑️ 71 мусор
2026-05-01 02:33:37,266 | INFO     |   → 249/801: ✅ 2 взято | 🗑️ 88 мусор
2026-05-01 02:33:37,266 | INFO     |   → 250/801: ✅ 0 взято | 🗑️ 3 мусор
2026-05-01 02:33:37,266 | INFO     |   → 251/801: ✅ 14 взято | 🗑️ 4 мусор
2026-05-01 02:33:37,266 | INFO     |   → 252/801: ✅ 649 взято | 🗑️ 2510 мусор
2026-05-01 02:33:37,266 | INFO     |   → 253/801 ❌ HTTP 404 — https://raw.githubusercontent.com/Alvin9999/pac2/master/clash/1/config.yaml
2026-05-01 02:33:37,266 | INFO     |   → 254/801 ❌ HTTP 404 — https://raw.githubusercontent.com/AmirHDevo/temp2/7f15e7ddb311a6f8c5ab338bd1af0e1f2136a84b/configs.txt
2026-05-01 02:33:37,266 | INFO     |   → 255/801: ✅ 17 взято | 🗑️ 52 мусор
2026-05-01 02:33:37,266 | INFO     |   → 256/801: ✅ 1045 взято | 🗑️ 20475 мусор
2026-05-01 02:33:37,266 | INFO     |   → 257/801: ✅ 5 взято | 🗑️ 47 мусор
2026-05-01 02:33:37,266 | INFO     |   → 258/801: ✅ 4 взято | 🗑️ 57 мусор
2026-05-01 02:33:37,266 | INFO     |   → 259/801: ✅ 21 взято | 🗑️ 107 мусор
2026-05-01 02:33:37,266 | INFO     |   → 260/801: ✅ 78 взято | 🗑️ 347 мусор
2026-05-01 02:33:37,266 | INFO     |   → 261/801: ✅ 0 взято | 🗑️ 1373 мусор
2026-05-01 02:33:37,266 | INFO     |   → 262/801: ✅ 339 взято | 🗑️ 1542 мусор
2026-05-01 02:33:37,266 | INFO     |   → 263/801: ✅ 0 взято | 🗑️ 6 мусор
2026-05-01 02:33:37,266 | INFO     |   → 264/801: ✅ 0 взято | 🗑️ 0 мусор
2026-05-01 02:33:37,266 | INFO     |   → 265/801: ✅ 1 взято | 🗑️ 235 мусор
2026-05-01 02:33:37,266 | INFO     |   → 266/801: ✅ 0 взято | 🗑️ 16 мусор
2026-05-01 02:33:37,266 | INFO     |   → 267/801: ✅ 0 взято | 🗑️ 0 мусор
2026-05-01 02:33:37,266 | INFO     |   → 268/801: ✅ 0 взято | 🗑️ 14 мусор
2026-05-01 02:33:37,266 | INFO     |   → 269/801: ✅ 0 взято | 🗑️ 0 мусор
2026-05-01 02:33:37,267 | INFO     |   → 270/801: ✅ 0 взято | 🗑️ 21 мусор
2026-05-01 02:33:37,267 | INFO     |   → 271/801: ✅ 0 взято | 🗑️ 0 мусор
2026-05-01 02:33:37,267 | INFO     |   → 272/801: ✅ 0 взято | 🗑️ 108 мусор
2026-05-01 02:33:37,267 | INFO     |   → 273/801: ✅ 0 взято | 🗑️ 0 мусор
2026-05-01 02:33:37,267 | INFO     |   → 274/801: ✅ 0 взято | 🗑️ 21 мусор
2026-05-01 02:33:37,267 | INFO     |   → 275/801: ✅ 0 взято | 🗑️ 0 мусор
2026-05-01 02:33:37,267 | INFO     |   → 276/801: ✅ 0 взято | 🗑️ 21 мусор
2026-05-01 02:33:37,267 | INFO     |   → 277/801: ✅ 0 взято | 🗑️ 0 мусор
2026-05-01 02:33:37,267 | INFO     |   → 278/801: ✅ 0 взято | 🗑️ 195 мусор
2026-05-01 02:33:37,267 | INFO     |   → 279/801: ✅ 0 взято | 🗑️ 0 мусор
2026-05-01 02:33:37,267 | INFO     |   → 280/801: ✅ 5 взято | 🗑️ 76 мусор
2026-05-01 02:33:37,267 | INFO     |   → 281/801: ✅ 80 взято | 🗑️ 1110 мусор
2026-05-01 02:33:37,267 | INFO     |   → 282/801: ✅ 5 взято | 🗑️ 13 мусор
2026-05-01 02:33:37,267 | INFO     |   → 283/801 ❌ HTTP 404 — https://raw.githubusercontent.com/Epodonios/bulk-xray-v2ray-vless-vmess-...-configs/main/sub/Austria/config.txt
2026-05-01 02:33:37,267 | INFO     |   → 284/801 ❌ HTTP 404 — https://raw.githubusercontent.com/Epodonios/bulk-xray-v2ray-vless-vmess-...-configs/main/sub/Canada/config.txt
2026-05-01 02:33:37,267 | INFO     |   → 285/801 ❌ HTTP 404 — https://raw.githubusercontent.com/Epodonios/bulk-xray-v2ray-vless-vmess-...-configs/main/sub/Costa%20Rica/config.txt
2026-05-01 02:33:37,267 | INFO     |   → 286/801 ❌ HTTP 404 — https://raw.githubusercontent.com/Epodonios/bulk-xray-v2ray-vless-vmess-...-configs/main/sub/France/config.txt
2026-05-01 02:33:37,267 | INFO     |   → 287/801 ❌ HTTP 404 — https://raw.githubusercontent.com/Epodonios/bulk-xray-v2ray-vless-vmess-...-configs/main/sub/Germany/config.txt
2026-05-01 02:33:37,267 | INFO     |   → 288/801 ❌ HTTP 404 — https://raw.githubusercontent.com/Epodonios/bulk-xray-v2ray-vless-vmess-...-configs/main/sub/Indonesia/config.txt
2026-05-01 02:33:37,267 | INFO     |   → 289/801 ❌ HTTP 404 — https://raw.githubusercontent.com/Epodonios/bulk-xray-v2ray-vless-vmess-...-configs/main/sub/Ireland/config.txt
2026-05-01 02:33:37,267 | INFO     |   → 290/801 ❌ HTTP 404 — https://raw.githubusercontent.com/Epodonios/bulk-xray-v2ray-vless-vmess-...-configs/main/sub/Republic%20of%20Lithuania/config.txt
2026-05-01 02:33:37,267 | INFO     |   → 291/801 ❌ HTTP 404 — https://raw.githubusercontent.com/Epodonios/bulk-xray-v2ray-vless-vmess-...-configs/main/sub/South%20Africa/config.txt
2026-05-01 02:33:37,267 | INFO     |   → 292/801 ❌ HTTP 404 — https://raw.githubusercontent.com/Epodonios/bulk-xray-v2ray-vless-vmess-...-configs/main/sub/Sweden/config.txt
2026-05-01 02:33:37,267 | INFO     |   → 293/801 ❌ HTTP 404 — https://raw.githubusercontent.com/Epodonios/bulk-xray-v2ray-vless-vmess-...-configs/main/sub/Turkey/config.txt
2026-05-01 02:33:37,268 | INFO     |   → 294/801 ❌ HTTP 404 — https://raw.githubusercontent.com/Epodonios/bulk-xray-v2ray-vless-vmess-...-configs/main/sub/United%20Arab%20Emirates/config.txt
2026-05-01 02:33:37,268 | INFO     |   → 295/801 ❌ HTTP 404 — https://raw.githubusercontent.com/Epodonios/bulk-xray-v2ray-vless-vmess-...-configs/main/sub/United%20Kingdom/config.txt
2026-05-01 02:33:37,268 | INFO     |   → 296/801 ❌ HTTP 404 — https://raw.githubusercontent.com/Epodonios/bulk-xray-v2ray-vless-vmess-...-configs/main/sub/United%20States/config.txt
2026-05-01 02:33:37,268 | INFO     |   → 297/801: ✅ 334 взято | 🗑️ 3770 мусор
2026-05-01 02:33:37,268 | INFO     |   → 298/801 ❌ HTTP 404 — https://raw.githubusercontent.com/Epodonios/v2ray-configs/main/Splitted-By-Protocol/mix.txt
2026-05-01 02:33:37,268 | INFO     |   → 299/801: ✅ 1 взято | 🗑️ 351 мусор
2026-05-01 02:33:37,268 | INFO     |   → 300/801: ✅ 0 взято | 🗑️ 0 мусор
2026-05-01 02:33:37,268 | INFO     |   → 301/801: ✅ 0 взято | 🗑️ 215 мусор
2026-05-01 02:33:37,268 | INFO     |   → 302/801: ✅ 0 взято | 🗑️ 2672 мусор
2026-05-01 02:33:37,268 | INFO     |   → 303/801: ✅ 0 взято | 🗑️ 542 мусор
2026-05-01 02:33:37,268 | INFO     |   → 304/801 ❌ HTTP 404 — https://raw.githubusercontent.com/Epodonios/v2ray-configs/raw/main/Splitted-By-Protocol/trojan.txt
2026-05-01 02:33:37,268 | INFO     |   → 305/801 ❌ HTTP 404 — https://raw.githubusercontent.com/Epodonios/v2ray-configs/raw/main/Splitted-By-Protocol/vmess.txt
2026-05-01 02:33:37,268 | INFO     |   → 306/801: ✅ 0 взято | 🗑️ 351 мусор
2026-05-01 02:33:37,268 | INFO     |   → 307/801: ✅ 0 взято | 🗑️ 0 мусор
2026-05-01 02:33:37,268 | INFO     |   → 308/801: ✅ 0 взято | 🗑️ 215 мусор
2026-05-01 02:33:37,268 | INFO     |   → 309/801: ✅ 0 взято | 🗑️ 2672 мусор
2026-05-01 02:33:37,268 | INFO     |   → 310/801: ✅ 0 взято | 🗑️ 542 мусор
2026-05-01 02:33:37,268 | INFO     |   → 311/801 ❌ HTTP 404 — https://raw.githubusercontent.com/Fido6/FreeNodes/57221e59caddde55ffdda21d491ae952cd608049/nodes/halekj.txt
2026-05-01 02:33:37,268 | INFO     |   → 312/801 ❌ HTTP 404 — https://raw.githubusercontent.com/Fido6/FreeNodes/57221e59caddde55ffdda21d491ae952cd608049/nodes/kkzui.txt
2026-05-01 02:33:37,268 | INFO     |   → 313/801 ❌ HTTP 404 — https://raw.githubusercontent.com/Fido6/FreeNodes/57221e59caddde55ffdda21d491ae952cd608049/nodes/wenode.txt
2026-05-01 02:33:37,268 | INFO     |   → 314/801: ✅ 0 взято | 🗑️ 0 мусор
2026-05-01 02:33:37,268 | INFO     |   → 315/801: ✅ 0 взято | 🗑️ 0 мусор
2026-05-01 02:33:37,268 | INFO     |   → 316/801: ✅ 14 взято | 🗑️ 250 мусор
2026-05-01 02:33:37,268 | INFO     |   → 317/801: ✅ 2 взято | 🗑️ 24 мусор
2026-05-01 02:33:37,269 | INFO     |   → 318/801: ✅ 1 взято | 🗑️ 17 мусор
2026-05-01 02:33:37,269 | INFO     |   → 319/801: ✅ 4 взято | 🗑️ 11 мусор
2026-05-01 02:33:37,269 | INFO     |   → 320/801: ✅ 0 взято | 🗑️ 0 мусор
2026-05-01 02:33:37,269 | INFO     |   → 321/801: ✅ 0 взято | 🗑️ 137 мусор
2026-05-01 02:33:37,269 | INFO     |   → 322/801: ✅ 0 взято | 🗑️ 32 мусор
2026-05-01 02:33:37,269 | INFO     |   → 323/801: ✅ 2 взято | 🗑️ 19 мусор
2026-05-01 02:33:37,269 | INFO     |   → 324/801: ✅ 0 взято | 🗑️ 43 мусор
2026-05-01 02:33:37,269 | INFO     |   → 325/801: ✅ 0 взято | 🗑️ 43 мусор
2026-05-01 02:33:37,269 | INFO     |   → 326/801 ❌ HTTP 404 — https://raw.githubusercontent.com/Iran-v2ray/v2ray/main/v2ray
2026-05-01 02:33:37,269 | INFO     |   → 327/801: ✅ 0 взято | 🗑️ 1 мусор
2026-05-01 02:33:37,269 | INFO     |   → 328/801: ✅ 0 взято | 🗑️ 1 мусор
2026-05-01 02:33:37,269 | INFO     |   → 329/801: ✅ 0 взято | 🗑️ 28 мусор
2026-05-01 02:33:37,269 | INFO     |   → 330/801: ✅ 14 взято | 🗑️ 282 мусор
2026-05-01 02:33:37,269 | INFO     |   → 331/801: ✅ 0 взято | 🗑️ 94 мусор
2026-05-01 02:33:37,269 | INFO     |   → 332/801: ✅ 0 взято | 🗑️ 0 мусор
2026-05-01 02:33:37,269 | INFO     |   → 333/801: ✅ 0 взято | 🗑️ 0 мусор
2026-05-01 02:33:37,269 | INFO     |   → 334/801 ❌ HTTP 404 — https://raw.githubusercontent.com/Kwinshadow/TelegramV2rayCollector/raw/refs/heads/main/sublinks/mix.txt
2026-05-01 02:33:37,269 | INFO     |   → 335/801 ❌ HTTP 404 — https://raw.githubusercontent.com/LalatinaHub/Mineral/raw/refs/heads/master/result/nodes
2026-05-01 02:33:37,269 | INFO     |   → 336/801 ❌ HTTP 404 — https://raw.githubusercontent.com/Leon406/SubCrawler/main/sub/share/all3
2026-05-01 02:33:37,269 | INFO     |   → 337/801 ❌ HTTP 404 — https://raw.githubusercontent.com/Leon406/SubCrawler/main/sub/share/all4
2026-05-01 02:33:37,269 | INFO     |   → 338/801: ✅ 4 взято | 🗑️ 335 мусор
2026-05-01 02:33:37,269 | INFO     |   → 339/801: ✅ 0 взято | 🗑️ 33 мусор
2026-05-01 02:33:37,269 | INFO     |   → 340/801: ✅ 0 взято | 🗑️ 6 мусор
2026-05-01 02:33:37,270 | INFO     |   → 341/801: ✅ 0 взято | 🗑️ 147 мусор
2026-05-01 02:33:37,270 | INFO     |   → 342/801 ❌ HTTP 404 — https://raw.githubusercontent.com/M-Mashreghi/free-config-collector/main/Splitted-By-Protocol/ssr.txt
2026-05-01 02:33:37,270 | INFO     |   → 343/801: ✅ 139 взято | 🗑️ 114 мусор
2026-05-01 02:33:37,270 | INFO     |   → 344/801: ✅ 126 взято | 🗑️ 137 мусор
2026-05-01 02:33:37,270 | INFO     |   → 345/801: ✅ 0 взято | 🗑️ 12 мусор
2026-05-01 02:33:37,270 | INFO     |   → 346/801: ✅ 0 взято | 🗑️ 1 мусор
2026-05-01 02:33:37,270 | INFO     |   → 347/801: ✅ 16 взято | 🗑️ 128 мусор
2026-05-01 02:33:37,270 | INFO     |   → 348/801: ✅ 0 взято | 🗑️ 128 мусор
2026-05-01 02:33:37,270 | INFO     |   → 349/801 ❌ HTTP 404 — https://raw.githubusercontent.com/MatinGhanbari/v2ray-configs/main/subscriptions/filtered/subs/hy2.txt
2026-05-01 02:33:37,270 | INFO     |   → 350/801: ✅ 26 взято | 🗑️ 1665 мусор
2026-05-01 02:33:37,270 | INFO     |   → 351/801 ❌ HTTP 404 — https://raw.githubusercontent.com/MatinGhanbari/v2ray-configs/main/subscriptions/filtered/subs/ssr.txt
2026-05-01 02:33:37,270 | INFO     |   → 352/801: ✅ 52 взято | 🗑️ 378 мусор
2026-05-01 02:33:37,270 | INFO     |   → 353/801 ❌ HTTP 404 — https://raw.githubusercontent.com/MatinGhanbari/v2ray-configs/main/subscriptions/filtered/subs/tuic.txt
2026-05-01 02:33:37,270 | INFO     |   → 354/801: ✅ 16 взято | 🗑️ 237 мусор
2026-05-01 02:33:37,270 | INFO     |   → 355/801: ✅ 210 взято | 🗑️ 1344 мусор
2026-05-01 02:33:37,270 | INFO     |   → 356/801: ✅ 0 взято | 🗑️ 2 мусор
2026-05-01 02:33:37,270 | INFO     |   → 357/801: ✅ 153 взято | 🗑️ 874 мусор
2026-05-01 02:33:37,270 | INFO     |   → 358/801: ✅ 0 взято | 🗑️ 447 мусор
2026-05-01 02:33:37,270 | INFO     |   → 359/801: ✅ 0 взято | 🗑️ 447 мусор
2026-05-01 02:33:37,270 | INFO     |   → 360/801: ✅ 0 взято | 🗑️ 26 мусор
2026-05-01 02:33:37,270 | INFO     |   → 361/801: ✅ 0 взято | 🗑️ 2 мусор
2026-05-01 02:33:37,270 | INFO     |   → 362/801: ✅ 0 взято | 🗑️ 325 мусор
2026-05-01 02:33:37,270 | INFO     |   → 363/801: ✅ 0 взято | 🗑️ 82 мусор
2026-05-01 02:33:37,270 | INFO     |   → 364/801 ❌ HTTP 404 — https://raw.githubusercontent.com/MhdiTaheri/V2rayCollector/raw/refs/heads/main/sub/mix
2026-05-01 02:33:37,271 | INFO     |   → 365/801: ✅ 53 взято | 🗑️ 267 мусор
2026-05-01 02:33:37,271 | INFO     |   → 366/801 ❌ HTTP 404 — https://raw.githubusercontent.com/MhdiTaheri/V2rayCollector_Py/raw/refs/heads/main/sub/Mix/mix.txt
2026-05-01 02:33:37,271 | INFO     |   → 367/801: ✅ 0 взято | 🗑️ 0 мусор
2026-05-01 02:33:37,271 | INFO     |   → 368/801: ✅ 43 взято | 🗑️ 217 мусор
2026-05-01 02:33:37,271 | INFO     |   → 369/801: ✅ 0 взято | 🗑️ 31 мусор
2026-05-01 02:33:37,271 | INFO     |   → 370/801: ✅ 93 взято | 🗑️ 282 мусор
2026-05-01 02:33:37,271 | INFO     |   → 371/801: ✅ 0 взято | 🗑️ 26 мусор
2026-05-01 02:33:37,271 | INFO     |   → 372/801 ❌ HTTP 404 — https://raw.githubusercontent.com/MrMohebi/xray-proxy-grabber-telegram/master/collected-proxies/clash-meta/all.yaml
2026-05-01 02:33:37,271 | INFO     |   → 373/801 ❌ HTTP 404 — https://raw.githubusercontent.com/MrMohebi/xray-proxy-grabber-telegram/master/collected-proxies/row-url/actives.txt
2026-05-01 02:33:37,271 | INFO     |   → 374/801 ❌ HTTP 404 — https://raw.githubusercontent.com/MrMohebi/xray-proxy-grabber-telegram/master/collected-proxies/row-url/all.txt
2026-05-01 02:33:37,271 | INFO     |   → 375/801: ✅ 0 взято | 🗑️ 13 мусор
2026-05-01 02:33:37,271 | INFO     |   → 376/801: ✅ 0 взято | 🗑️ 13 мусор
2026-05-01 02:33:37,271 | INFO     |   → 377/801: ✅ 5 взято | 🗑️ 15 мусор
2026-05-01 02:33:37,271 | INFO     |   → 378/801: ✅ 0 взято | 🗑️ 30 мусор
2026-05-01 02:33:37,271 | INFO     |   → 379/801: ✅ 0 взято | 🗑️ 15 мусор
2026-05-01 02:33:37,271 | INFO     |   → 380/801: ✅ 66 взято | 🗑️ 123 мусор
2026-05-01 02:33:37,271 | INFO     |   → 381/801: ✅ 175 взято | 🗑️ 582 мусор
2026-05-01 02:33:37,271 | INFO     |   → 382/801: ✅ 0 взято | 🗑️ 0 мусор
2026-05-01 02:33:37,271 | INFO     |   → 383/801 ❌ HTTP 404 — https://raw.githubusercontent.com/OpenCNLink/freevpn/3cfcff048bfdd1493ccffa52ecf30ce7f9fc6b28/src/list/vmess.txt
2026-05-01 02:33:37,271 | INFO     |   → 384/801 ❌ HTTP 404 — https://raw.githubusercontent.com/Pawdro/Collection/main/sub
2026-05-01 02:33:37,271 | INFO     |   → 385/801: ✅ 0 взято | 🗑️ 13 мусор
2026-05-01 02:33:37,271 | INFO     |   → 386/801: ✅ 0 взято | 🗑️ 13 мусор
2026-05-01 02:33:37,271 | INFO     |   → 387/801: ✅ 0 взято | 🗑️ 0 мусор
2026-05-01 02:33:37,271 | INFO     |   → 388/801: ✅ 0 взято | 🗑️ 0 мусор
2026-05-01 02:33:37,272 | INFO     |   → 389/801: ✅ 0 взято | 🗑️ 50 мусор
2026-05-01 02:33:37,272 | INFO     |   → 390/801: ✅ 5 взято | 🗑️ 206 мусор
2026-05-01 02:33:37,272 | INFO     |   → 391/801: ✅ 21 взято | 🗑️ 138 мусор
2026-05-01 02:33:37,272 | INFO     |   → 392/801: ✅ 23 взято | 🗑️ 89 мусор
2026-05-01 02:33:37,272 | INFO     |   → 393/801: ✅ 9 взято | 🗑️ 85 мусор
2026-05-01 02:33:37,272 | INFO     |   → 394/801: ✅ 0 взято | 🗑️ 129 мусор
2026-05-01 02:33:37,272 | INFO     |   → 395/801: ✅ 0 взято | 🗑️ 81 мусор
2026-05-01 02:33:37,272 | INFO     |   → 396/801 ❌ HTTP 404 — https://raw.githubusercontent.com/STR97/STRUGOV/refs/heads/main/STR.BYPASS
2026-05-01 02:33:37,272 | INFO     |   → 397/801: ✅ 4 взято | 🗑️ 34 мусор
2026-05-01 02:33:37,272 | INFO     |   → 398/801: ✅ 11 взято | 🗑️ 16 мусор
2026-05-01 02:33:37,272 | INFO     |   → 399/801: ✅ 0 взято | 🗑️ 16 мусор
2026-05-01 02:33:37,272 | INFO     |   → 400/801: ✅ 0 взято | 🗑️ 27 мусор
2026-05-01 02:33:37,272 | INFO     |   → 401/801: ✅ 140 взято | 🗑️ 1153 мусор
2026-05-01 02:33:37,272 | INFO     |   → 402/801: ✅ 29 взято | 🗑️ 54 мусор
2026-05-01 02:33:37,272 | INFO     |   → 403/801: ✅ 0 взято | 🗑️ 0 мусор
2026-05-01 02:33:37,272 | INFO     |   → 404/801: ✅ 0 взято | 🗑️ 0 мусор
2026-05-01 02:33:37,272 | INFO     |   → 405/801: ✅ 0 взято | 🗑️ 1 мусор
2026-05-01 02:33:37,272 | INFO     |   → 406/801: ✅ 0 взято | 🗑️ 0 мусор
2026-05-01 02:33:37,272 | INFO     |   → 407/801: ✅ 0 взято | 🗑️ 1 мусор
2026-05-01 02:33:37,272 | INFO     |   → 408/801: ✅ 4 взято | 🗑️ 291 мусор
2026-05-01 02:33:37,272 | INFO     |   → 409/801: ✅ 0 взято | 🗑️ 119 мусор
2026-05-01 02:33:37,272 | INFO     |   → 410/801: ✅ 0 взято | 🗑️ 0 мусор
2026-05-01 02:33:37,272 | INFO     |   → 411/801 ❌ HTTP 404 — https://raw.githubusercontent.com/V2RAYCONFIGSPOOL/V2RAY_SUB/main/V2RAY_SUB.txt
2026-05-01 02:33:37,272 | INFO     |   → 412/801: ✅ 51 взято | 🗑️ 301 мусор
2026-05-01 02:33:37,273 | INFO     |   → 413/801: ✅ 19 взято | 🗑️ 76 мусор
2026-05-01 02:33:37,273 | INFO     |   → 414/801: ✅ 0 взято | 🗑️ 0 мусор
2026-05-01 02:33:37,273 | INFO     |   → 415/801: ✅ 0 взято | 🗑️ 76 мусор
2026-05-01 02:33:37,273 | INFO     |   → 416/801: ✅ 58 взято | 🗑️ 348 мусор
2026-05-01 02:33:37,273 | INFO     |   → 417/801: ✅ 1 взято | 🗑️ 231 мусор
2026-05-01 02:33:37,273 | INFO     |   → 418/801: ✅ 0 взято | 🗑️ 0 мусор
2026-05-01 02:33:37,273 | INFO     |   → 419/801: ✅ 1 взято | 🗑️ 83 мусор
2026-05-01 02:33:37,273 | INFO     |   → 420/801: ✅ 0 взято | 🗑️ 16 мусор
2026-05-01 02:33:37,273 | INFO     |   → 421/801: ✅ 0 взято | 🗑️ 16 мусор
2026-05-01 02:33:37,273 | INFO     |   → 422/801 ❌ HTTP 404 — https://raw.githubusercontent.com/aiboboxx/clashfree/main/clash.yml
2026-05-01 02:33:37,273 | INFO     |   → 423/801 ❌ HTTP 404 — https://raw.githubusercontent.com/aiboboxx/v2rayfree/main/v2
2026-05-01 02:33:37,273 | INFO     |   → 424/801 ❌ HTTP 404 — https://raw.githubusercontent.com/amirmohammad-mohammad-88/Sub-Reality-Azadi-config/Config/Azadi-Reality-Different
2026-05-01 02:33:37,273 | INFO     |   → 425/801 ❌ HTTP 404 — https://raw.githubusercontent.com/amirmohammad-mohammad-88/Sub-Reality-Azadi-config/Config/Azadi-Reality-Different-Base64
2026-05-01 02:33:37,273 | INFO     |   → 426/801: ✅ 1 взято | 🗑️ 17 мусор
2026-05-01 02:33:37,273 | INFO     |   → 427/801: ✅ 0 взято | 🗑️ 0 мусор
2026-05-01 02:33:37,273 | INFO     |   → 428/801: ✅ 4 взято | 🗑️ 114 мусор
2026-05-01 02:33:37,273 | INFO     |   → 429/801: ✅ 22 взято | 🗑️ 86 мусор
2026-05-01 02:33:37,273 | INFO     |   → 430/801 ❌ HTTP 404 — https://raw.githubusercontent.com/awesome-vpn/awesome-vpn/master/ss
2026-05-01 02:33:37,273 | INFO     |   → 431/801 ❌ HTTP 404 — https://raw.githubusercontent.com/awesome-vpn/awesome-vpn/master/ssr
2026-05-01 02:33:37,273 | INFO     |   → 432/801: ✅ 0 взято | 🗑️ 0 мусор
2026-05-01 02:33:37,273 | INFO     |   → 433/801: ✅ 1 взято | 🗑️ 22 мусор
2026-05-01 02:33:37,273 | INFO     |   → 434/801: ✅ 0 взято | 🗑️ 155 мусор
2026-05-01 02:33:37,273 | INFO     |   → 435/801 ❌ HTTP 404 — https://raw.githubusercontent.com/barry-far/V2ray-Configs/ced94ddfff48276ec365b40227561f36b1b64bc8/Sub5.txt
2026-05-01 02:33:37,273 | INFO     |   → 436/801 ❌ HTTP 404 — https://raw.githubusercontent.com/barry-far/V2ray-Configs/main/Splitted-By-Protocol/hysteria2.txt
2026-05-01 02:33:37,274 | INFO     |   → 437/801 ❌ HTTP 404 — https://raw.githubusercontent.com/barry-far/V2ray-Configs/main/Splitted-By-Protocol/vless.txt
2026-05-01 02:33:37,274 | INFO     |   → 438/801 ❌ HTTP 404 — https://raw.githubusercontent.com/barry-far/V2ray-Configs/main/Sub1.txt
2026-05-01 02:33:37,274 | INFO     |   → 439/801 ❌ HTTP 404 — https://raw.githubusercontent.com/barry-far/V2ray-Configs/refs/heads/main/All_Configs_Sub.txt
2026-05-01 02:33:37,274 | INFO     |   → 440/801: ✅ 0 взято | 🗑️ 0 мусор
2026-05-01 02:33:37,274 | INFO     |   → 441/801 ❌ HTTP 404 — https://raw.githubusercontent.com/budamu/clashconfig/main/v2ray.txt
2026-05-01 02:33:37,274 | INFO     |   → 442/801 ❌ HTTP 404 — https://raw.githubusercontent.com/budamu/clashconfig/main/v2ray2.txt
2026-05-01 02:33:37,274 | INFO     |   → 443/801: ✅ 0 взято | 🗑️ 0 мусор
2026-05-01 02:33:37,274 | INFO     |   → 444/801: ✅ 0 взято | 🗑️ 442 мусор
2026-05-01 02:33:37,274 | INFO     |   → 445/801: ✅ 0 взято | 🗑️ 0 мусор
2026-05-01 02:33:37,274 | INFO     |   → 446/801 ❌ HTTP 404 — https://raw.githubusercontent.com/chxxyz2004/zd/17fca23b73c46b5dd73e9be49b14d219b5e5f836/sub/2401/240110.txt
2026-05-01 02:33:37,274 | INFO     |   → 447/801: ✅ 0 взято | 🗑️ 44 мусор
2026-05-01 02:33:37,274 | INFO     |   → 448/801: ✅ 236 взято | 🗑️ 517 мусор
2026-05-01 02:33:37,274 | INFO     |   → 449/801 ❌ HTTP 404 — https://raw.githubusercontent.com/cxr9912/cxr2022/main/free.yaml
2026-05-01 02:33:37,274 | INFO     |   → 450/801 ❌ HTTP 404 — https://raw.githubusercontent.com/cxr9912/cxr2022/main/mix.yaml
2026-05-01 02:33:37,274 | INFO     |   → 451/801 ❌ HTTP 404 — https://raw.githubusercontent.com/cxr9912/cxr2022/main/ss.yaml
2026-05-01 02:33:37,274 | INFO     |   → 452/801 ❌ HTTP 404 — https://raw.githubusercontent.com/cxr9912/cxr2022/main/ssr.yaml
2026-05-01 02:33:37,274 | INFO     |   → 453/801 ❌ HTTP 404 — https://raw.githubusercontent.com/cxr9912/cxr2022/main/vmess.yaml
2026-05-01 02:33:37,274 | INFO     |   → 454/801 ❌ HTTP 404 — https://raw.githubusercontent.com/cxr9912/cxr2022/refs/heads/main/18cj.json
2026-05-01 02:33:37,274 | INFO     |   → 455/801 ❌ HTTP 404 — https://raw.githubusercontent.com/cxr9912/cxr2022/refs/heads/main/aaaaaaaa.yaml
2026-05-01 02:33:37,274 | INFO     |   → 456/801 ❌ HTTP 404 — https://raw.githubusercontent.com/cxr9912/cxr2022/refs/heads/main/free.yaml
2026-05-01 02:33:37,274 | INFO     |   → 457/801 ❌ HTTP 404 — https://raw.githubusercontent.com/cxr9912/cxr2022/refs/heads/main/ss2088.txt
2026-05-01 02:33:37,274 | INFO     |   → 458/801: ✅ 0 взято | 🗑️ 18 мусор
2026-05-01 02:33:37,274 | INFO     |   → 459/801: ✅ 0 взято | 🗑️ 18 мусор
2026-05-01 02:33:37,274 | INFO     |   → 460/801: ✅ 6 взято | 🗑️ 78 мусор
2026-05-01 02:33:37,275 | INFO     |   → 461/801: ✅ 6 взято | 🗑️ 4 мусор
2026-05-01 02:33:37,275 | INFO     |   → 462/801: ✅ 0 взято | 🗑️ 2 мусор
2026-05-01 02:33:37,275 | INFO     |   → 463/801: ✅ 0 взято | 🗑️ 2 мусор
2026-05-01 02:33:37,275 | INFO     |   → 464/801: ✅ 0 взято | 🗑️ 2 мусор
2026-05-01 02:33:37,275 | INFO     |   → 465/801: ✅ 0 взято | 🗑️ 3 мусор
2026-05-01 02:33:37,275 | INFO     |   → 466/801: ✅ 0 взято | 🗑️ 2 мусор
2026-05-01 02:33:37,275 | INFO     |   → 467/801: ✅ 0 взято | 🗑️ 9 мусор
2026-05-01 02:33:37,275 | INFO     |   → 468/801: ✅ 1 взято | 🗑️ 1 мусор
2026-05-01 02:33:37,275 | INFO     |   → 469/801: ✅ 0 взято | 🗑️ 10 мусор
2026-05-01 02:33:37,275 | INFO     |   → 470/801: ✅ 0 взято | 🗑️ 2 мусор
2026-05-01 02:33:37,275 | INFO     |   → 471/801: ✅ 0 взято | 🗑️ 0 мусор
2026-05-01 02:33:37,275 | INFO     |   → 472/801: ✅ 69 взято | 🗑️ 3458 мусор
2026-05-01 02:33:37,275 | INFO     |   → 473/801: ✅ 50 взято | 🗑️ 93 мусор
2026-05-01 02:33:37,275 | INFO     |   → 474/801: ✅ 6 взято | 🗑️ 113 мусор
2026-05-01 02:33:37,275 | INFO     |   → 475/801: ✅ 0 взято | 🗑️ 0 мусор
2026-05-01 02:33:37,275 | INFO     |   → 476/801: ✅ 1 взято | 🗑️ 25 мусор
2026-05-01 02:33:37,275 | INFO     |   → 477/801: ✅ 0 взято | 🗑️ 0 мусор
2026-05-01 02:33:37,275 | INFO     |   → 478/801: ✅ 13 взято | 🗑️ 19 мусор
2026-05-01 02:33:37,275 | INFO     |   → 479/801: ✅ 0 взято | 🗑️ 5 мусор
2026-05-01 02:33:37,275 | INFO     |   → 480/801: ✅ 2 взято | 🗑️ 80 мусор
2026-05-01 02:33:37,275 | INFO     |   → 481/801 ❌ HTTP 404 — https://raw.githubusercontent.com/free-nodes/v2rayfree/main/v2
2026-05-01 02:33:37,275 | INFO     |   → 482/801 ❌ HTTP 404 — https://raw.githubusercontent.com/free-v2ray-config/trojan/main/trojan.txt
2026-05-01 02:33:37,275 | INFO     |   → 483/801 ❌ HTTP 404 — https://raw.githubusercontent.com/free-v2ray-config/vless/main/vless.txt
2026-05-01 02:33:37,276 | INFO     |   → 484/801 ❌ HTTP 404 — https://raw.githubusercontent.com/free-v2ray-config/vmess/main/vmess.txt
2026-05-01 02:33:37,276 | INFO     |   → 485/801: ✅ 5 взято | 🗑️ 169 мусор
2026-05-01 02:33:37,276 | INFO     |   → 486/801: ✅ 34 взято | 🗑️ 121 мусор
2026-05-01 02:33:37,276 | INFO     |   → 487/801: ✅ 4 взято | 🗑️ 97 мусор
2026-05-01 02:33:37,276 | INFO     |   → 488/801 ❌ HTTP 404 — https://raw.githubusercontent.com/free18/v2ray/main/Clash.yaml
2026-05-01 02:33:37,276 | INFO     |   → 489/801: ✅ 0 взято | 🗑️ 0 мусор
2026-05-01 02:33:37,276 | INFO     |   → 490/801: ✅ 0 взято | 🗑️ 15 мусор
2026-05-01 02:33:37,276 | INFO     |   → 491/801: ✅ 0 взято | 🗑️ 0 мусор
2026-05-01 02:33:37,276 | INFO     |   → 492/801: ✅ 0 взято | 🗑️ 8 мусор
2026-05-01 02:33:37,276 | INFO     |   → 493/801: ✅ 0 взято | 🗑️ 8 мусор
2026-05-01 02:33:37,276 | INFO     |   → 494/801: ✅ 0 взято | 🗑️ 8 мусор
2026-05-01 02:33:37,276 | INFO     |   → 495/801: ✅ 0 взято | 🗑️ 8 мусор
2026-05-01 02:33:37,276 | INFO     |   → 496/801 ❌ HTTP 404 — https://raw.githubusercontent.com/freev2rayconfig/V2RAY_SUB/3e6a7786a1601ee3723e8d043ae79e70dbdfd9a8/v2rayconfigs.txt
2026-05-01 02:33:37,276 | INFO     |   → 497/801 ❌ HTTP 404 — https://raw.githubusercontent.com/freev2rayconfig/V2RAY_SUBSCRIPTION_LINK/main/v2rayconfigs.txt
2026-05-01 02:33:37,276 | INFO     |   → 498/801 ❌ HTTP 404 — https://raw.githubusercontent.com/gfpcom/free-proxy-list/main/list/http.txt
2026-05-01 02:33:37,276 | INFO     |   → 499/801 ❌ HTTP 404 — https://raw.githubusercontent.com/gfpcom/free-proxy-list/main/list/https.txt
2026-05-01 02:33:37,276 | INFO     |   → 500/801 ❌ HTTP 404 — https://raw.githubusercontent.com/gfpcom/free-proxy-list/main/list/socks4.txt
2026-05-01 02:33:37,276 | INFO     |   → 501/801 ❌ HTTP 404 — https://raw.githubusercontent.com/gfpcom/free-proxy-list/main/list/socks4a.txt
2026-05-01 02:33:37,276 | INFO     |   → 502/801 ❌ HTTP 404 — https://raw.githubusercontent.com/gfpcom/free-proxy-list/main/list/socks5.txt
2026-05-01 02:33:37,276 | INFO     |   → 503/801 ❌ HTTP 404 — https://raw.githubusercontent.com/gfpcom/free-proxy-list/main/list/socks5h.txt
2026-05-01 02:33:37,276 | INFO     |   → 504/801 ❌ HTTP 404 — https://raw.githubusercontent.com/gfpcom/free-proxy-list/main/list/ss.txt
2026-05-01 02:33:37,276 | INFO     |   → 505/801 ❌ HTTP 404 — https://raw.githubusercontent.com/gfpcom/free-proxy-list/main/list/ssr.txt
2026-05-01 02:33:37,276 | INFO     |   → 506/801 ❌ HTTP 404 — https://raw.githubusercontent.com/gfpcom/free-proxy-list/main/list/trojan.txt
2026-05-01 02:33:37,276 | INFO     |   → 507/801 ❌ HTTP 404 — https://raw.githubusercontent.com/gfpcom/free-proxy-list/main/list/vless.txt
2026-05-01 02:33:37,276 | INFO     |   → 508/801 ❌ HTTP 404 — https://raw.githubusercontent.com/gfpcom/free-proxy-list/main/list/vmess.txt
2026-05-01 02:33:37,276 | INFO     |   → 509/801: ✅ 0 взято | 🗑️ 17 мусор
2026-05-01 02:33:37,277 | INFO     |   → 510/801: ✅ 0 взято | 🗑️ 0 мусор
2026-05-01 02:33:37,277 | INFO     |   → 511/801: ✅ 4 взято | 🗑️ 63 мусор
2026-05-01 02:33:37,277 | INFO     |   → 512/801 ❌ HTTP 404 — https://raw.githubusercontent.com/hameed-maleki/TVC/89a4522969c57dcc22458cae9898426e5c4f2679/lite/config.txt
2026-05-01 02:33:37,277 | INFO     |   → 513/801: ✅ 5 взято | 🗑️ 132 мусор
2026-05-01 02:33:37,277 | INFO     |   → 514/801: ✅ 0 взято | 🗑️ 56 мусор
2026-05-01 02:33:37,277 | INFO     |   → 515/801 ❌ HTTP 404 — https://raw.githubusercontent.com/hkaa0/permalink/main/proxy/V2ray
2026-05-01 02:33:37,277 | INFO     |   → 516/801 ❌ HTTP 404 — https://raw.githubusercontent.com/hkaa0/permalink/main/proxy/clash
2026-05-01 02:33:37,277 | INFO     |   → 517/801 ❌ HTTP 404 — https://raw.githubusercontent.com/hkpc/Autoproxy/6cf946ddfc677a29062007e4b47d70674474baa7/sub/2401/240110.txt
2026-05-01 02:33:37,277 | INFO     |   → 518/801 ❌ HTTP 404 — https://raw.githubusercontent.com/hkpc/V2ray-Configs/7d9aa0dabf947af180a7dd6302818ed37950531a/Sub1.txt
2026-05-01 02:33:37,277 | INFO     |   → 519/801: ✅ 0 взято | 🗑️ 14 мусор
2026-05-01 02:33:37,277 | INFO     |   → 520/801: ✅ 16 взято | 🗑️ 16 мусор
2026-05-01 02:33:37,277 | INFO     |   → 521/801 ❌ HTTP 404 — https://raw.githubusercontent.com/iboxz/free-v2ray-collector/main/main
2026-05-01 02:33:37,277 | INFO     |   → 522/801: ✅ 14 взято | 🗑️ 14 мусор
2026-05-01 02:33:37,277 | INFO     |   → 523/801: ✅ 9 взято | 🗑️ 13 мусор
2026-05-01 02:33:37,277 | INFO     |   → 524/801: ✅ 61 взято | 🗑️ 251 мусор
2026-05-01 02:33:37,277 | INFO     |   → 525/801 ❌ HTTP 404 — https://raw.githubusercontent.com/igareck/vpn-configs-for-russia/refs/heads/main/Vless-Reality-White-Lists-Rus-Cable.txt
2026-05-01 02:33:37,277 | INFO     |   → 526/801: ✅ 125 взято | 🗑️ 25 мусор
2026-05-01 02:33:37,277 | INFO     |   → 527/801: ✅ 0 взято | 🗑️ 0 мусор
2026-05-01 02:33:37,277 | INFO     |   → 528/801: ✅ 0 взято | 🗑️ 0 мусор
2026-05-01 02:33:37,277 | INFO     |   → 529/801: ✅ 23 взято | 🗑️ 9 мусор
2026-05-01 02:33:37,277 | INFO     |   → 530/801: ✅ 0 взято | 🗑️ 0 мусор
2026-05-01 02:33:37,277 | INFO     |   → 531/801: ✅ 0 взято | 🗑️ 0 мусор
2026-05-01 02:33:37,277 | INFO     |   → 532/801: ✅ 0 взято | 🗑️ 12 мусор
2026-05-01 02:33:37,277 | INFO     |   → 533/801: ✅ 0 взято | 🗑️ 43 мусор
2026-05-01 02:33:37,277 | INFO     |   → 534/801 ❌ HTTP 404 — https://raw.githubusercontent.com/jw853355718/clash_233/master/config.yml
2026-05-01 02:33:37,277 | INFO     |   → 535/801: ✅ 0 взято | 🗑️ 210 мусор
2026-05-01 02:33:37,277 | INFO     |   → 536/801: ✅ 0 взято | 🗑️ 0 мусор
2026-05-01 02:33:37,277 | INFO     |   → 537/801: ✅ 0 взято | 🗑️ 0 мусор
2026-05-01 02:33:37,277 | INFO     |   → 538/801 ❌ HTTP 404 — https://raw.githubusercontent.com/lcx12901/v2ray-/master/sspool.herokuapp.com/yzcloud.yaml
2026-05-01 02:33:37,277 | INFO     |   → 539/801 ❌ HTTP 404 — https://raw.githubusercontent.com/lcx12901/v2ray-/master/sspool.herokuapp.com/yzcloud2.yaml
2026-05-01 02:33:37,277 | INFO     |   → 540/801: ✅ 0 взято | 🗑️ 0 мусор
2026-05-01 02:33:37,277 | INFO     |   → 541/801 ❌ HTTP 404 — https://raw.githubusercontent.com/learnhard-cn/free_proxy_ss/main/clash/config.yaml
2026-05-01 02:33:37,277 | INFO     |   → 542/801: ✅ 0 взято | 🗑️ 8 мусор
2026-05-01 02:33:37,277 | INFO     |   → 543/801: ✅ 0 взято | 🗑️ 4 мусор
2026-05-01 02:33:37,277 | INFO     |   → 544/801: ✅ 0 взято | 🗑️ 0 мусор
2026-05-01 02:33:37,277 | INFO     |   → 545/801: ✅ 0 взято | 🗑️ 4 мусор
2026-05-01 02:33:37,277 | INFO     |   → 546/801: ✅ 0 взято | 🗑️ 149 мусор
2026-05-01 02:33:37,277 | INFO     |   → 547/801: ✅ 0 взято | 🗑️ 421 мусор
2026-05-01 02:33:37,277 | INFO     |   → 548/801 ❌ HTTP 404 — https://raw.githubusercontent.com/lisylva-lee/v2dyku/main/ssr
2026-05-01 02:33:37,277 | INFO     |   → 549/801 ❌ HTTP 404 — https://raw.githubusercontent.com/lisylva-lee/v2dyku/main/v2dy
2026-05-01 02:33:37,277 | INFO     |   → 550/801: ✅ 0 взято | 🗑️ 53 мусор
2026-05-01 02:33:37,278 | INFO     |   → 551/801 ❌ HTTP 404 — https://raw.githubusercontent.com/luxl-1379/merge/77247d23def72b25226dfa741614e9b07a569c72/sub/sub_merge_base64.txt
2026-05-01 02:33:37,278 | INFO     |   → 552/801: ✅ 146 взято | 🗑️ 343 мусор
2026-05-01 02:33:37,278 | INFO     |   → 553/801: ✅ 0 взято | 🗑️ 132 мусор
2026-05-01 02:33:37,278 | INFO     |   → 554/801: ✅ 709 взято | 🗑️ 3960 мусор
2026-05-01 02:33:37,278 | INFO     |   → 555/801: ✅ 0 взято | 🗑️ 0 мусор
2026-05-01 02:33:37,278 | INFO     |   → 556/801: ✅ 0 взято | 🗑️ 3960 мусор
2026-05-01 02:33:37,278 | INFO     |   → 557/801: ✅ 20 взято | 🗑️ 370 мусор
2026-05-01 02:33:37,278 | INFO     |   → 558/801 ❌ HTTP 404 — https://raw.githubusercontent.com/mermeroo/Clash-V2ray/main/v2ray
2026-05-01 02:33:37,278 | INFO     |   → 559/801: ✅ 15 взято | 🗑️ 417 мусор
2026-05-01 02:33:37,278 | INFO     |   → 560/801: ✅ 6 взято | 🗑️ 102 мусор
2026-05-01 02:33:37,278 | INFO     |   → 561/801: ✅ 716 взято | 🗑️ 6258 мусор
2026-05-01 02:33:37,278 | INFO     |   → 562/801: ✅ 8 взято | 🗑️ 853 мусор
2026-05-01 02:33:37,278 | INFO     |   → 563/801: ✅ 32 взято | 🗑️ 69 мусор
2026-05-01 02:33:37,278 | INFO     |   → 564/801 ❌ HTTP 404 — https://raw.githubusercontent.com/mermeroo/free-v2ray-collector/main/main/mix
2026-05-01 02:33:37,278 | INFO     |   → 565/801 ❌ HTTP 404 — https://raw.githubusercontent.com/mermeroo/free-v2ray-collector/main/main/reality
2026-05-01 02:33:37,278 | INFO     |   → 566/801 ❌ HTTP 404 — https://raw.githubusercontent.com/mermeroo/free-v2ray-collector/main/main/shadowsocks
2026-05-01 02:33:37,278 | INFO     |   → 567/801 ❌ HTTP 404 — https://raw.githubusercontent.com/mermeroo/free-v2ray-collector/main/main/trojan
2026-05-01 02:33:37,278 | INFO     |   → 568/801 ❌ HTTP 404 — https://raw.githubusercontent.com/mermeroo/free-v2ray-collector/main/main/vless
2026-05-01 02:33:37,278 | INFO     |   → 569/801 ❌ HTTP 404 — https://raw.githubusercontent.com/mermeroo/free-v2ray-collector/main/main/vmess
2026-05-01 02:33:37,278 | INFO     |   → 570/801: ✅ 0 взято | 🗑️ 126 мусор
2026-05-01 02:33:37,278 | INFO     |   → 571/801: ✅ 0 взято | 🗑️ 126 мусор
2026-05-01 02:33:37,278 | INFO     |   → 572/801: ✅ 0 взято | 🗑️ 126 мусор
2026-05-01 02:33:37,278 | INFO     |   → 573/801: ✅ 461 взято | 🗑️ 13132 мусор
2026-05-01 02:33:37,278 | INFO     |   → 574/801: ✅ 0 взято | 🗑️ 13132 мусор
2026-05-01 02:33:37,278 | INFO     |   → 575/801: ✅ 0 взято | 🗑️ 3184 мусор
2026-05-01 02:33:37,278 | INFO     |   → 576/801: ✅ 0 взято | 🗑️ 1317 мусор
2026-05-01 02:33:37,278 | INFO     |   → 577/801: ✅ 0 взято | 🗑️ 4588 мусор
2026-05-01 02:33:37,278 | INFO     |   → 578/801: ✅ 0 взято | 🗑️ 4043 мусор
2026-05-01 02:33:37,278 | INFO     |   → 579/801 ❌ HTTP 404 — https://raw.githubusercontent.com/mianous/qiren/main/qiren.txt
2026-05-01 02:33:37,278 | INFO     |   → 580/801 ❌ HTTP 404 — https://raw.githubusercontent.com/miladtahanian/V2RayCFGDumper/refs/heads/main/config.txt
2026-05-01 02:33:37,278 | INFO     |   → 581/801 ❌ HTTP 404 — https://raw.githubusercontent.com/miladtahanian/multi-proxy-config-fetcher/refs/heads/main/configs/proxy_configs.txt
2026-05-01 02:33:37,278 | INFO     |   → 582/801: ✅ 0 взято | 🗑️ 0 мусор
2026-05-01 02:33:37,278 | INFO     |   → 583/801: ✅ 0 взято | 🗑️ 0 мусор
2026-05-01 02:33:37,278 | INFO     |   → 584/801: ✅ 0 взято | 🗑️ 0 мусор
2026-05-01 02:33:37,278 | INFO     |   → 585/801: ✅ 15 взято | 🗑️ 46 мусор
2026-05-01 02:33:37,278 | INFO     |   → 586/801: ✅ 0 взято | 🗑️ 251 мусор
2026-05-01 02:33:37,278 | INFO     |   → 587/801: ✅ 0 взято | 🗑️ 0 мусор
2026-05-01 02:33:37,278 | INFO     |   → 588/801: ✅ 28 взято | 🗑️ 93 мусор
2026-05-01 02:33:37,278 | INFO     |   → 589/801: ✅ 0 взято | 🗑️ 0 мусор
2026-05-01 02:33:37,278 | INFO     |   → 590/801: ✅ 15 взято | 🗑️ 70 мусор
2026-05-01 02:33:37,278 | INFO     |   → 591/801: ✅ 127 взято | 🗑️ 492 мусор
2026-05-01 02:33:37,278 | INFO     |   → 592/801: ✅ 331 взято | 🗑️ 190 мусор
2026-05-01 02:33:37,278 | INFO     |   → 593/801: ✅ 27 взято | 🗑️ 807 мусор
2026-05-01 02:33:37,278 | INFO     |   → 594/801 ❌ HTTP 404 — https://raw.githubusercontent.com/obscure1990/freeVM/master/snippets/nodes.yml
2026-05-01 02:33:37,279 | INFO     |   → 595/801 ❌ HTTP 404 — https://raw.githubusercontent.com/op30mmd/things/909b38024ba14d69dc0f95c238f63bc6e930a00f/eut.txt
2026-05-01 02:33:37,279 | INFO     |   → 596/801 ❌ HTTP 404 — https://raw.githubusercontent.com/openRunner/clash-freenode/main/v2ray.txt
2026-05-01 02:33:37,279 | INFO     |   → 597/801 ❌ HTTP 404 — https://raw.githubusercontent.com/oslook/clash-freenode/main/clash.yaml
2026-05-01 02:33:37,279 | INFO     |   → 598/801: ✅ 0 взято | 🗑️ 0 мусор
2026-05-01 02:33:37,279 | INFO     |   → 599/801: ✅ 4 взято | 🗑️ 1 мусор
2026-05-01 02:33:37,279 | INFO     |   → 600/801: ✅ 0 взято | 🗑️ 0 мусор
2026-05-01 02:33:37,279 | INFO     |   → 601/801: ✅ 42 взято | 🗑️ 138 мусор
2026-05-01 02:33:37,279 | INFO     |   → 602/801: ✅ 0 взято | 🗑️ 0 мусор
2026-05-01 02:33:37,279 | INFO     |   → 603/801: ✅ 0 взято | 🗑️ 0 мусор
2026-05-01 02:33:37,279 | INFO     |   → 604/801: ✅ 0 взято | 🗑️ 19 мусор
2026-05-01 02:33:37,279 | INFO     |   → 605/801: ✅ 0 взято | 🗑️ 44 мусор
2026-05-01 02:33:37,279 | INFO     |   → 606/801: ✅ 63 взято | 🗑️ 521 мусор
2026-05-01 02:33:37,279 | INFO     |   → 607/801: ✅ 165 взято | 🗑️ 273 мусор
2026-05-01 02:33:37,279 | INFO     |   → 608/801: ✅ 0 взято | 🗑️ 0 мусор
2026-05-01 02:33:37,279 | INFO     |   → 609/801: ✅ 28 взято | 🗑️ 211 мусор
2026-05-01 02:33:37,279 | INFO     |   → 610/801: ✅ 0 взято | 🗑️ 79 мусор
2026-05-01 02:33:37,279 | INFO     |   → 611/801: ✅ 13 взято | 🗑️ 32 мусор
2026-05-01 02:33:37,279 | INFO     |   → 612/801: ✅ 0 взято | 🗑️ 0 мусор
2026-05-01 02:33:37,279 | INFO     |   → 613/801: ✅ 2 взято | 🗑️ 9 мусор
2026-05-01 02:33:37,279 | INFO     |   → 614/801: ✅ 11 взято | 🗑️ 76 мусор
2026-05-01 02:33:37,279 | INFO     |   → 615/801: ✅ 0 взято | 🗑️ 168 мусор
2026-05-01 02:33:37,279 | INFO     |   → 616/801: ✅ 0 взято | 🗑️ 79 мусор
2026-05-01 02:33:37,279 | INFO     |   → 617/801: ✅ 0 взято | 🗑️ 16 мусор
2026-05-01 02:33:37,279 | INFO     |   → 618/801 ❌ HTTP 404 — https://raw.githubusercontent.com/ronghuaxueleng/get_v2/main/pub/changfengoss.yaml
2026-05-01 02:33:37,279 | INFO     |   → 619/801: ✅ 0 взято | 🗑️ 0 мусор
2026-05-01 02:33:37,279 | INFO     |   → 620/801: ✅ 50 взято | 🗑️ 97 мусор
2026-05-01 02:33:37,280 | INFO     |   → 621/801: ✅ 0 взято | 🗑️ 97 мусор
2026-05-01 02:33:37,280 | INFO     |   → 622/801 ❌ HTTP 404 — https://raw.githubusercontent.com/rxsweet/CM_Vmess/refs/heads/main/test.txt
2026-05-01 02:33:37,280 | INFO     |   → 623/801 ❌ HTTP 404 — https://raw.githubusercontent.com/rxsweet/proxies/main/sub/free.yaml
2026-05-01 02:33:37,280 | INFO     |   → 624/801 ❌ HTTP 404 — https://raw.githubusercontent.com/rxsweet/proxies/main/sub/rx.yaml
2026-05-01 02:33:37,280 | INFO     |   → 625/801 ❌ HTTP 404 — https://raw.githubusercontent.com/rxsweet/proxies/main/sub/sources/dynamicAll.yaml
2026-05-01 02:33:37,280 | INFO     |   → 626/801 ❌ HTTP 404 — https://raw.githubusercontent.com/rxsweet/proxies/main/sub/sources/miningAll.yaml
2026-05-01 02:33:37,280 | INFO     |   → 627/801 ❌ HTTP 404 — https://raw.githubusercontent.com/rxsweet/proxies/main/sub/srx.yaml
2026-05-01 02:33:37,280 | INFO     |   → 628/801 ❌ HTTP 404 — https://raw.githubusercontent.com/sajad-sajadi/V2ray-Collector/raw/main/output/protocols/vmess.txt
2026-05-01 02:33:37,280 | INFO     |   → 629/801 ❌ HTTP 404 — https://raw.githubusercontent.com/sakha1370/OpenRay/raw/refs/heads/main/output/all_valid_proxies.txt
2026-05-01 02:33:37,280 | INFO     |   → 630/801: ✅ 53 взято | 🗑️ 399 мусор
2026-05-01 02:33:37,280 | INFO     |   → 631/801: ✅ 0 взято | 🗑️ 399 мусор
2026-05-01 02:33:37,280 | INFO     |   → 632/801 ❌ HTTP 404 — https://raw.githubusercontent.com/samjoeyang/subscribe/main/fly
2026-05-01 02:33:37,280 | INFO     |   → 633/801: ✅ 0 взято | 🗑️ 0 мусор
2026-05-01 02:33:37,280 | INFO     |   → 634/801 ❌ HTTP 404 — https://raw.githubusercontent.com/sarina-ad/v2ray/main/v2ray
2026-05-01 02:33:37,280 | INFO     |   → 635/801 ❌ HTTP 404 — https://raw.githubusercontent.com/satrom/V2SSR/master/SSR/Sub.txt
2026-05-01 02:33:37,280 | INFO     |   → 636/801 ❌ HTTP 404 — https://raw.githubusercontent.com/satrom/V2SSR/master/V2RAY/Sub.txt
2026-05-01 02:33:37,280 | INFO     |   → 637/801: ✅ 768 взято | 🗑️ 25545 мусор
2026-05-01 02:33:37,280 | INFO     |   → 638/801: ✅ 0 взято | 🗑️ 0 мусор
2026-05-01 02:33:37,280 | INFO     |   → 639/801: ✅ 0 взято | 🗑️ 0 мусор
2026-05-01 02:33:37,280 | INFO     |   → 640/801: ✅ 3 взято | 🗑️ 49 мусор
2026-05-01 02:33:37,280 | INFO     |   → 641/801: ✅ 139 взято | 🗑️ 1583 мусор
2026-05-01 02:33:37,280 | INFO     |   → 642/801: ✅ 0 взято | 🗑️ 792 мусор
2026-05-01 02:33:37,280 | INFO     |   → 643/801: ✅ 0 взято | 🗑️ 52 мусор
2026-05-01 02:33:37,281 | INFO     |   → 644/801: ✅ 0 взято | 🗑️ 722 мусор
2026-05-01 02:33:37,281 | INFO     |   → 645/801: ✅ 0 взято | 🗑️ 17 мусор
2026-05-01 02:33:37,281 | INFO     |   → 646/801: ✅ 0 взято | 🗑️ 1583 мусор
2026-05-01 02:33:37,281 | INFO     |   → 647/801: ✅ 0 взято | 🗑️ 0 мусор
2026-05-01 02:33:37,281 | INFO     |   → 648/801 ❌ HTTP 404 — https://raw.githubusercontent.com/shirkerboy/scp/main/sub
2026-05-01 02:33:37,281 | INFO     |   → 649/801 ❌ HTTP 404 — https://raw.githubusercontent.com/snakem982/proxypool/main/nodelist.txt
2026-05-01 02:33:37,281 | INFO     |   → 650/801: ✅ 14 взято | 🗑️ 55 мусор
2026-05-01 02:33:37,281 | INFO     |   → 651/801 ❌ HTTP 404 — https://raw.githubusercontent.com/snakem982/proxypool/main/source/v2ray.txt
2026-05-01 02:33:37,281 | INFO     |   → 652/801 ❌ HTTP 404 — https://raw.githubusercontent.com/soroushmirzaei/telegram-configs-collector/main/channels/protocols/hysteria
2026-05-01 02:33:37,281 | INFO     |   → 653/801 ❌ HTTP 404 — https://raw.githubusercontent.com/soroushmirzaei/telegram-configs-collector/main/channels/protocols/juicity
2026-05-01 02:33:37,281 | INFO     |   → 654/801 ❌ HTTP 404 — https://raw.githubusercontent.com/soroushmirzaei/telegram-configs-collector/main/channels/protocols/reality
2026-05-01 02:33:37,281 | INFO     |   → 655/801 ❌ HTTP 404 — https://raw.githubusercontent.com/soroushmirzaei/telegram-configs-collector/main/channels/protocols/shadowsocks
2026-05-01 02:33:37,281 | INFO     |   → 656/801 ❌ HTTP 404 — https://raw.githubusercontent.com/soroushmirzaei/telegram-configs-collector/main/channels/protocols/trojan
2026-05-01 02:33:37,281 | INFO     |   → 657/801 ❌ HTTP 404 — https://raw.githubusercontent.com/soroushmirzaei/telegram-configs-collector/main/channels/protocols/tuic
2026-05-01 02:33:37,281 | INFO     |   → 658/801 ❌ HTTP 404 — https://raw.githubusercontent.com/soroushmirzaei/telegram-configs-collector/main/channels/protocols/vless
2026-05-01 02:33:37,281 | INFO     |   → 659/801 ❌ HTTP 404 — https://raw.githubusercontent.com/soroushmirzaei/telegram-configs-collector/main/channels/protocols/vmess
2026-05-01 02:33:37,281 | INFO     |   → 660/801 ❌ HTTP 404 — https://raw.githubusercontent.com/soroushmirzaei/telegram-configs-collector/main/countries/jp/mixed
2026-05-01 02:33:37,281 | INFO     |   → 661/801 ❌ HTTP 404 — https://raw.githubusercontent.com/soroushmirzaei/telegram-configs-collector/main/protocols/hysteria
2026-05-01 02:33:37,281 | INFO     |   → 662/801 ❌ HTTP 404 — https://raw.githubusercontent.com/soroushmirzaei/telegram-configs-collector/main/protocols/juicity
2026-05-01 02:33:37,281 | INFO     |   → 663/801 ❌ HTTP 404 — https://raw.githubusercontent.com/soroushmirzaei/telegram-configs-collector/main/protocols/reality
2026-05-01 02:33:37,281 | INFO     |   → 664/801 ❌ HTTP 404 — https://raw.githubusercontent.com/soroushmirzaei/telegram-configs-collector/main/protocols/shadowsocks
2026-05-01 02:33:37,282 | INFO     |   → 665/801 ❌ HTTP 404 — https://raw.githubusercontent.com/soroushmirzaei/telegram-configs-collector/main/protocols/trojan
2026-05-01 02:33:37,282 | INFO     |   → 666/801 ❌ HTTP 404 — https://raw.githubusercontent.com/soroushmirzaei/telegram-configs-collector/main/protocols/tuic
2026-05-01 02:33:37,282 | INFO     |   → 667/801 ❌ HTTP 404 — https://raw.githubusercontent.com/soroushmirzaei/telegram-configs-collector/main/protocols/vless
2026-05-01 02:33:37,282 | INFO     |   → 668/801 ❌ HTTP 404 — https://raw.githubusercontent.com/soroushmirzaei/telegram-configs-collector/main/protocols/vmess
2026-05-01 02:33:37,282 | INFO     |   → 669/801 ❌ HTTP 404 — https://raw.githubusercontent.com/soroushmirzaei/telegram-configs-collector/main/splitted/subscribe
2026-05-01 02:33:37,282 | INFO     |   → 670/801 ❌ HTTP 404 — https://raw.githubusercontent.com/ssrsub/ssr/master/Clash.yml
2026-05-01 02:33:37,282 | INFO     |   → 671/801 ❌ HTTP 404 — https://raw.githubusercontent.com/ssrsub/ssr/master/V2Ray
2026-05-01 02:33:37,282 | INFO     |   → 672/801 ❌ HTTP 404 — https://raw.githubusercontent.com/ssrsub/ssr/master/ss-sub
2026-05-01 02:33:37,282 | INFO     |   → 673/801 ❌ HTTP 404 — https://raw.githubusercontent.com/ssrsub/ssr/master/ssrsub
2026-05-01 02:33:37,282 | INFO     |   → 674/801 ❌ HTTP 404 — https://raw.githubusercontent.com/ssrsub/ssr/master/trojan
2026-05-01 02:33:37,282 | INFO     |   → 675/801: ✅ 0 взято | 🗑️ 0 мусор
2026-05-01 02:33:37,282 | INFO     |   → 676/801: ✅ 2 взято | 🗑️ 12 мусор
2026-05-01 02:33:37,282 | INFO     |   → 677/801: ✅ 0 взято | 🗑️ 13 мусор
2026-05-01 02:33:37,282 | INFO     |   → 678/801: ✅ 0 взято | 🗑️ 13 мусор
2026-05-01 02:33:37,282 | INFO     |   → 679/801 ❌ HTTP 404 — https://raw.githubusercontent.com/tbbatbb/Proxy/master/dist/clash.config.yaml
2026-05-01 02:33:37,282 | INFO     |   → 680/801: ✅ 2 взято | 🗑️ 35 мусор
2026-05-01 02:33:37,282 | INFO     |   → 681/801: ✅ 0 взято | 🗑️ 0 мусор
2026-05-01 02:33:37,282 | INFO     |   → 682/801: ✅ 5 взято | 🗑️ 111 мусор
2026-05-01 02:33:37,282 | INFO     |   → 683/801: ✅ 0 взято | 🗑️ 0 мусор
2026-05-01 02:33:37,282 | INFO     |   → 684/801: ✅ 0 взято | 🗑️ 60 мусор
2026-05-01 02:33:37,282 | INFO     |   → 685/801 ❌ HTTP 404 — https://raw.githubusercontent.com/v2clash/Autoproxy/a81f840ab2364124133572ec94e4b81fb0d4e58d/sub/2401/240104.txt
2026-05-01 02:33:37,282 | INFO     |   → 686/801 ❌ HTTP 404 — https://raw.githubusercontent.com/v2clash/V2ray-Configs/31f493c584d0c7b56350f4a34d80c53ad82bcc18/Sub9.txt
2026-05-01 02:33:37,283 | INFO     |   → 687/801: ✅ 0 взято | 🗑️ 0 мусор
2026-05-01 02:33:37,283 | INFO     |   → 688/801: ✅ 0 взято | 🗑️ 0 мусор
2026-05-01 02:33:37,283 | INFO     |   → 689/801: ✅ 0 взято | 🗑️ 0 мусор
2026-05-01 02:33:37,283 | INFO     |   → 690/801: ✅ 283 взято | 🗑️ 9640 мусор
2026-05-01 02:33:37,283 | INFO     |   → 691/801: ✅ 281 взято | 🗑️ 10086 мусор
2026-05-01 02:33:37,283 | INFO     |   → 692/801: ✅ 280 взято | 🗑️ 9675 мусор
2026-05-01 02:33:37,283 | INFO     |   → 693/801: ✅ 334 взято | 🗑️ 9823 мусор
2026-05-01 02:33:37,283 | INFO     |   → 694/801: ✅ 350 взято | 🗑️ 9639 мусор
2026-05-01 02:33:37,283 | INFO     |   → 695/801: ✅ 125 взято | 🗑️ 7919 мусор
2026-05-01 02:33:37,283 | INFO     |   → 696/801: ✅ 135 взято | 🗑️ 4836 мусор
2026-05-01 02:33:37,283 | INFO     |   → 697/801: ✅ 502 взято | 🗑️ 7659 мусор
2026-05-01 02:33:37,283 | INFO     |   → 698/801: ✅ 631 взято | 🗑️ 8081 мусор
2026-05-01 02:33:37,283 | INFO     |   → 699/801: ✅ 202 взято | 🗑️ 5131 мусор
2026-05-01 02:33:37,283 | INFO     |   → 700/801 ❌ HTTP 404 — https://raw.githubusercontent.com/vveg26/chromego_merge/main/sub/merged_proxies.yaml
2026-05-01 02:33:37,283 | INFO     |   → 701/801 ❌ HTTP 404 — https://raw.githubusercontent.com/vveg26/get_proxy/main/dist/clash.config.yaml
2026-05-01 02:33:37,283 | INFO     |   → 702/801: ✅ 0 взято | 🗑️ 10 мусор
2026-05-01 02:33:37,283 | INFO     |   → 703/801: ✅ 0 взято | 🗑️ 10 мусор
2026-05-01 02:33:37,283 | INFO     |   → 704/801: ✅ 0 взято | 🗑️ 4 мусор
2026-05-01 02:33:37,283 | INFO     |   → 705/801: ✅ 0 взято | 🗑️ 0 мусор
2026-05-01 02:33:37,283 | INFO     |   → 706/801: ✅ 0 взято | 🗑️ 4 мусор
2026-05-01 02:33:37,283 | INFO     |   → 707/801: ✅ 106 взято | 🗑️ 689 мусор
2026-05-01 02:33:37,284 | INFO     |   → 708/801: ✅ 48 взято | 🗑️ 841 мусор
2026-05-01 02:33:37,284 | INFO     |   → 709/801: ✅ 21 взято | 🗑️ 789 мусор
2026-05-01 02:33:37,284 | INFO     |   → 710/801: ✅ 24 взято | 🗑️ 774 мусор
2026-05-01 02:33:37,284 | INFO     |   → 711/801: ✅ 52 взято | 🗑️ 756 мусор
2026-05-01 02:33:37,284 | INFO     |   → 712/801: ✅ 191 взято | 🗑️ 745 мусор
2026-05-01 02:33:37,284 | INFO     |   → 713/801: ✅ 9 взято | 🗑️ 651 мусор
2026-05-01 02:33:37,284 | INFO     |   → 714/801: ✅ 185 взято | 🗑️ 388 мусор
2026-05-01 02:33:37,284 | INFO     |   → 715/801: ✅ 130 взято | 🗑️ 523 мусор
2026-05-01 02:33:37,284 | INFO     |   → 716/801: ✅ 67 взято | 🗑️ 533 мусор
2026-05-01 02:33:37,284 | INFO     |   → 717/801: ✅ 98 взято | 🗑️ 444 мусор
2026-05-01 02:33:37,284 | INFO     |   → 718/801: ✅ 102 взято | 🗑️ 670 мусор
2026-05-01 02:33:37,284 | INFO     |   → 719/801: ✅ 86 взято | 🗑️ 476 мусор
2026-05-01 02:33:37,284 | INFO     |   → 720/801: ✅ 95 взято | 🗑️ 657 мусор
2026-05-01 02:33:37,284 | INFO     |   → 721/801: ✅ 105 взято | 🗑️ 645 мусор
2026-05-01 02:33:37,284 | INFO     |   → 722/801: ✅ 115 взято | 🗑️ 985 мусор
2026-05-01 02:33:37,284 | INFO     |   → 723/801: ✅ 6 взято | 🗑️ 63 мусор
2026-05-01 02:33:37,284 | INFO     |   → 724/801: ✅ 7 взято | 🗑️ 62 мусор
2026-05-01 02:33:37,284 | INFO     |   → 725/801: ✅ 39 взято | 🗑️ 489 мусор
2026-05-01 02:33:37,284 | INFO     |   → 726/801: ✅ 0 взято | 🗑️ 0 мусор
2026-05-01 02:33:37,284 | INFO     |   → 727/801: ✅ 0 взято | 🗑️ 0 мусор
2026-05-01 02:33:37,284 | INFO     |   → 728/801: ✅ 0 взято | 🗑️ 0 мусор
2026-05-01 02:33:37,284 | INFO     |   → 729/801: ✅ 0 взято | 🗑️ 0 мусор
2026-05-01 02:33:37,285 | INFO     |   → 730/801: ✅ 0 взято | 🗑️ 0 мусор
2026-05-01 02:33:37,285 | INFO     |   → 731/801: ✅ 0 взято | 🗑️ 52 мусор
2026-05-01 02:33:37,285 | INFO     |   → 732/801: ✅ 5 взято | 🗑️ 10 мусор
2026-05-01 02:33:37,285 | INFO     |   → 733/801: ✅ 1 взято | 🗑️ 124 мусор
2026-05-01 02:33:37,285 | INFO     |   → 734/801: ✅ 75 взято | 🗑️ 80 мусор
2026-05-01 02:33:37,285 | INFO     |   → 735/801: ✅ 0 взято | 🗑️ 9 мусор
2026-05-01 02:33:37,285 | INFO     |   → 736/801: ✅ 5 взято | 🗑️ 589 мусор
2026-05-01 02:33:37,285 | INFO     |   → 737/801 ❌ HTTP 404 — https://raw.githubusercontent.com/xiaozhu2007/xiaozhu2007/61a755a044dbaeea678bc2d1e20f21a21c6d7170/docs/fxxk.txt
2026-05-01 02:33:37,285 | INFO     |   → 738/801: ✅ 1 взято | 🗑️ 159 мусор
2026-05-01 02:33:37,285 | INFO     |   → 739/801: ✅ 0 взято | 🗑️ 22 мусор
2026-05-01 02:33:37,285 | INFO     |   → 740/801: ✅ 0 взято | 🗑️ 0 мусор
2026-05-01 02:33:37,285 | INFO     |   → 741/801 ❌ HTTP 404 — https://raw.githubusercontent.com/yebekhe/TVC/0f745f92bf381e505f1245abbc7c145b19b11503/config.txt
2026-05-01 02:33:37,285 | INFO     |   → 742/801 ❌ HTTP 404 — https://raw.githubusercontent.com/yebekhe/TVC/9fac69239c69327fb7a61f5a8d79d107133889e1/lite/config.txt
2026-05-01 02:33:37,285 | INFO     |   → 743/801 ❌ HTTP 404 — https://raw.githubusercontent.com/yebekhe/TelegramV2rayCollector/main/sub/normal/donated
2026-05-01 02:33:37,285 | INFO     |   → 744/801 ❌ HTTP 404 — https://raw.githubusercontent.com/yebekhe/TelegramV2rayCollector/main/sub/normal/hysteria2
2026-05-01 02:33:37,285 | INFO     |   → 745/801 ❌ HTTP 404 — https://raw.githubusercontent.com/yebekhe/TelegramV2rayCollector/main/sub/normal/mix
2026-05-01 02:33:37,285 | INFO     |   → 746/801 ❌ HTTP 404 — https://raw.githubusercontent.com/yebekhe/TelegramV2rayCollector/main/sub/normal/reality
2026-05-01 02:33:37,285 | INFO     |   → 747/801 ❌ HTTP 404 — https://raw.githubusercontent.com/yebekhe/TelegramV2rayCollector/main/sub/normal/shadowsocks
2026-05-01 02:33:37,285 | INFO     |   → 748/801 ❌ HTTP 404 — https://raw.githubusercontent.com/yebekhe/TelegramV2rayCollector/main/sub/normal/trojan
2026-05-01 02:33:37,285 | INFO     |   → 749/801 ❌ HTTP 404 — https://raw.githubusercontent.com/yebekhe/TelegramV2rayCollector/main/sub/normal/tuic
2026-05-01 02:33:37,285 | INFO     |   → 750/801 ❌ HTTP 404 — https://raw.githubusercontent.com/yebekhe/TelegramV2rayCollector/main/sub/normal/vless
2026-05-01 02:33:37,285 | INFO     |   → 751/801 ❌ HTTP 404 — https://raw.githubusercontent.com/yebekhe/TelegramV2rayCollector/main/sub/normal/vmess
2026-05-01 02:33:37,286 | INFO     |   → 752/801 ❌ HTTP 404 — https://raw.githubusercontent.com/yebekhe/V2Hub/main/Split/Normal/shadowsocks
2026-05-01 02:33:37,286 | INFO     |   → 753/801 ❌ HTTP 404 — https://raw.githubusercontent.com/yebekhe/V2Hub/main/merged
2026-05-01 02:33:37,286 | INFO     |   → 754/801: ✅ 0 взято | 🗑️ 30 мусор
2026-05-01 02:33:37,286 | INFO     |   → 755/801: ✅ 1009 взято | 🗑️ 8096 мусор
2026-05-01 02:33:37,286 | INFO     |   → 756/801: ✅ 8 взято | 🗑️ 347 мусор
2026-05-01 02:33:37,286 | INFO     |   → 757/801: ✅ 7 взято | 🗑️ 269 мусор
2026-05-01 02:33:37,286 | INFO     |   → 758/801: ✅ 307 взято | 🗑️ 239 мусор
2026-05-01 02:33:37,286 | INFO     |   → 759/801: ✅ 101 взято | 🗑️ 1681 мусор
2026-05-01 02:33:37,286 | INFO     |   → 760/801: ✅ 2 взято | 🗑️ 415 мусор
2026-05-01 02:33:37,286 | INFO     |   → 761/801 ❌ HTTP 404 — https://raw.githubusercontent.com/yyyr-otz/tele-providers-collector/019cb3e07ee52fddbc7caa54fc670c6b9bae6539/sub/proxies.txt
2026-05-01 02:33:37,286 | INFO     |   → 762/801 ❌ HTTP 404 — https://raw.githubusercontent.com/yyyr-otz/tele-providers-collector/b7a74ee98bcf02c5a507d688a1bed3aa9f7f4ed1/script/raw/protocols/mixed.txt
2026-05-01 02:33:37,286 | INFO     |   → 763/801: ✅ 0 взято | 🗑️ 0 мусор
2026-05-01 02:33:37,286 | INFO     |   → 764/801: ✅ 0 взято | 🗑️ 0 мусор
2026-05-01 02:33:37,286 | INFO     |   → 765/801: ✅ 1 взято | 🗑️ 18 мусор
2026-05-01 02:33:37,286 | INFO     |   → 766/801: ✅ 0 взято | 🗑️ 46 мусор
2026-05-01 02:33:37,286 | INFO     |   → 767/801: ✅ 0 взято | 🗑️ 5 мусор
2026-05-01 02:33:37,286 | INFO     |   → 768/801: ✅ 0 взято | 🗑️ 0 мусор
2026-05-01 02:33:37,286 | INFO     |   → 769/801 ⚠️ Ошибка: ('Connection aborted.', RemoteDisconnected('Remote end closed connection without response')) — https://sub.pmsub.me/clash.yaml
2026-05-01 02:33:37,286 | INFO     |   → 770/801: ✅ 0 взято | 🗑️ 1 мусор
2026-05-01 02:33:37,286 | INFO     |   → 771/801: ✅ 8 взято | 🗑️ 21 мусор
2026-05-01 02:33:37,286 | INFO     |   → 772/801: ✅ 0 взято | 🗑️ 0 мусор
2026-05-01 02:33:37,286 | INFO     |   → 773/801: ✅ 9 взято | 🗑️ 19 мусор
2026-05-01 02:33:37,287 | INFO     |   → 774/801: ✅ 0 взято | 🗑️ 0 мусор
2026-05-01 02:33:37,287 | INFO     |   → 775/801: ✅ 2 взято | 🗑️ 14 мусор
2026-05-01 02:33:37,287 | INFO     |   → 776/801: ✅ 4 взято | 🗑️ 22 мусор
2026-05-01 02:33:37,287 | INFO     |   → 777/801: ✅ 0 взято | 🗑️ 0 мусор
2026-05-01 02:33:37,287 | INFO     |   → 778/801: ✅ 0 взято | 🗑️ 0 мусор
2026-05-01 02:33:37,287 | INFO     |   → 779/801: ✅ 0 взято | 🗑️ 0 мусор
2026-05-01 02:33:37,287 | INFO     |   → 780/801: ✅ 2 взято | 🗑️ 16 мусор
2026-05-01 02:33:37,287 | INFO     |   → 781/801: ✅ 0 взято | 🗑️ 0 мусор
2026-05-01 02:33:37,287 | INFO     |   → 782/801: ✅ 4 взято | 🗑️ 7 мусор
2026-05-01 02:33:37,287 | INFO     |   → 783/801: ✅ 0 взято | 🗑️ 0 мусор
2026-05-01 02:33:37,287 | INFO     |   → 784/801: ✅ 6 взято | 🗑️ 14 мусор
2026-05-01 02:33:37,287 | INFO     |   → 785/801: ✅ 0 взято | 🗑️ 0 мусор
2026-05-01 02:33:37,287 | INFO     |   → 786/801: ✅ 2 взято | 🗑️ 13 мусор
2026-05-01 02:33:37,287 | INFO     |   → 787/801: ✅ 0 взято | 🗑️ 0 мусор
2026-05-01 02:33:37,287 | INFO     |   → 788/801: ✅ 0 взято | 🗑️ 0 мусор
2026-05-01 02:33:37,287 | INFO     |   → 789/801: ✅ 2 взято | 🗑️ 7 мусор
2026-05-01 02:33:37,287 | INFO     |   → 790/801: ✅ 2 взято | 🗑️ 14 мусор
2026-05-01 02:33:37,287 | INFO     |   → 791/801: ✅ 2 взято | 🗑️ 14 мусор
2026-05-01 02:33:37,287 | INFO     |   → 792/801: ✅ 0 взято | 🗑️ 0 мусор
2026-05-01 02:33:37,287 | INFO     |   → 793/801: ✅ 3 взято | 🗑️ 22 мусор
2026-05-01 02:33:37,287 | INFO     |   → 794/801: ✅ 0 взято | 🗑️ 0 мусор
2026-05-01 02:33:37,287 | INFO     |   → 795/801: ✅ 2 взято | 🗑️ 15 мусор
2026-05-01 02:33:37,288 | INFO     |   → 796/801: ✅ 3 взято | 🗑️ 12 мусор
2026-05-01 02:33:37,288 | INFO     |   → 797/801: ✅ 0 взято | 🗑️ 0 мусор
2026-05-01 02:33:37,288 | INFO     |   → 798/801: ✅ 0 взято | 🗑️ 0 мусор
2026-05-01 02:33:37,288 | INFO     |   → 799/801: ✅ 0 взято | 🗑️ 0 мусор
2026-05-01 02:33:37,288 | INFO     |   → 800/801: ✅ 4 взято | 🗑️ 11 мусор
2026-05-01 02:33:37,288 | INFO     |   → 801/801: ✅ 0 взято | 🗑️ 36 мусор
2026-05-01 02:33:37,288 | INFO     |   → ✅ ГОТОВО!
2026-05-01 02:33:37,288 | INFO     |   →    📥 Всего ключей после фильтра: 15663
2026-05-01 02:33:37,288 | INFO     |   →    🔗 Уникальных IP:PORT:SCHEME: 9710
2026-05-01 02:33:37,288 | INFO     |   →    🗑️ Выброшено мусора: 267631
2026-05-01 02:33:37,288 | INFO     |   → 📊 По протоколам:
2026-05-01 02:33:37,288 | INFO     |   →    vless: 3402
2026-05-01 02:33:37,288 | INFO     |   →    vmess: 3258
2026-05-01 02:33:37,288 | INFO     |   →    trojan: 1035
2026-05-01 02:33:37,288 | INFO     |   →    ss: 1858
2026-05-01 02:33:37,288 | INFO     |   →    hysteria: 13
2026-05-01 02:33:37,288 | INFO     |   →    hysteria2: 33
2026-05-01 02:33:37,288 | INFO     |   →    hy2: 59
2026-05-01 02:33:37,288 | INFO     |   →    tuic: 52
2026-05-01 02:33:37,288 | INFO     | ✅ mirror.py завершён успешно
2026-05-01 02:33:37,289 | INFO     | 
2026-05-01 02:33:37,289 | INFO     | 
2026-05-01 02:33:37,289 | INFO     | ──────────────────────────────────────────────────────────────────────
2026-05-01 02:33:37,289 | INFO     | 📌 ЭТАП: Фильтрация по реальному SNI
2026-05-01 02:33:37,289 | INFO     | ──────────────────────────────────────────────────────────────────────
2026-05-01 02:33:37,289 | INFO     | 🚀 Запуск filter_ru_sni.py (Фильтр по реальному SNI (CDN+RU))...
2026-05-01 02:33:37,527 | INFO     |   → hy2.txt: 59 → 19 (SNI-filtered)
2026-05-01 02:33:37,527 | INFO     |   →   hysteria.txt: 13 → 0 (SNI-filtered)
2026-05-01 02:33:37,527 | INFO     |   →   hysteria2.txt: 33 → 5 (SNI-filtered)
2026-05-01 02:33:37,527 | INFO     |   →   ss.txt: 1858 → 0 (SNI-filtered)
2026-05-01 02:33:37,527 | INFO     |   →   trojan.txt: 1035 → 4 (SNI-filtered)
2026-05-01 02:33:37,527 | INFO     |   →   tuic.txt: 52 → 0 (SNI-filtered)
2026-05-01 02:33:37,527 | INFO     |   →   vless.txt: 3402 → 379 (SNI-filtered)
2026-05-01 02:33:37,527 | INFO     |   →   vmess.txt: 3258 → 37 (SNI-filtered)
2026-05-01 02:33:37,527 | INFO     |   → ==================================================
2026-05-01 02:33:37,527 | INFO     |   →   Всего входных:  9710
2026-05-01 02:33:37,527 | INFO     |   →   Прошли фильтр:  444
2026-05-01 02:33:37,527 | INFO     |   →   Отброшено:      9266
2026-05-01 02:33:37,527 | INFO     |   → ==================================================
2026-05-01 02:33:37,527 | INFO     |   → Готово → /home/runner/work/vpn-vless-configs-russia/vpn-vless-configs-russia/githubmirror/ru-sni
2026-05-01 02:33:37,527 | INFO     | ✅ filter_ru_sni.py завершён успешно
2026-05-01 02:33:37,528 | INFO     | 
2026-05-01 02:33:37,528 | INFO     | 
2026-05-01 02:33:37,528 | INFO     | ──────────────────────────────────────────────────────────────────────
2026-05-01 02:33:37,528 | INFO     | 📌 ЭТАП: Экспериментальный RU-SNI фильтр
2026-05-01 02:33:37,528 | INFO     | ──────────────────────────────────────────────────────────────────────
2026-05-01 02:33:37,528 | INFO     | 🚀 Запуск filter_ru_sni_local.py (Экспериментальный фильтр по RU-SNI (локальные домены))...
2026-05-01 02:33:37,687 | INFO     |   → hy2.txt: 59 → 0 (RU-SNI)
2026-05-01 02:33:37,688 | INFO     |   → hysteria.txt: 13 → 0 (RU-SNI)
2026-05-01 02:33:37,688 | INFO     |   → hysteria2.txt: 33 → 0 (RU-SNI)
2026-05-01 02:33:37,688 | INFO     |   → ss.txt: 1858 → 0 (RU-SNI)
2026-05-01 02:33:37,688 | INFO     |   → trojan.txt: 1035 → 0 (RU-SNI)
2026-05-01 02:33:37,688 | INFO     |   → tuic.txt: 52 → 0 (RU-SNI)
2026-05-01 02:33:37,688 | INFO     |   → vless.txt: 3402 → 110 (RU-SNI)
2026-05-01 02:33:37,688 | INFO     |   → vmess.txt: 3258 → 0 (RU-SNI)
2026-05-01 02:33:37,688 | INFO     |   → ==================================================
2026-05-01 02:33:37,688 | INFO     |   → Всего входных:  9710
2026-05-01 02:33:37,688 | INFO     |   → Прошли RU-SNI:  110
2026-05-01 02:33:37,688 | INFO     |   → Отброшено:      9600
2026-05-01 02:33:37,688 | INFO     |   → ==================================================
2026-05-01 02:33:37,688 | INFO     |   → Готово → /home/runner/work/vpn-vless-configs-russia/vpn-vless-configs-russia/githubmirror/ru-sni-local
2026-05-01 02:33:37,688 | INFO     | ✅ filter_ru_sni_local.py завершён успешно
2026-05-01 02:33:37,688 | INFO     | 
2026-05-01 02:33:37,688 | INFO     | 
2026-05-01 02:33:37,688 | INFO     | ──────────────────────────────────────────────────────────────────────
2026-05-01 02:33:37,688 | INFO     | 📌 ЭТАП: Сбор статистики
2026-05-01 02:33:37,688 | INFO     | ──────────────────────────────────────────────────────────────────────
2026-05-01 02:33:37,689 | INFO     | 📊 Сбор статистики...
2026-05-01 02:33:37,689 | INFO     |   📁 githubmirror/clean:
2026-05-01 02:33:37,689 | INFO     |     • hy2         :    59 конфигов
2026-05-01 02:33:37,689 | INFO     |     • hysteria    :    13 конфигов
2026-05-01 02:33:37,689 | INFO     |     • hysteria2   :    33 конфигов
2026-05-01 02:33:37,690 | INFO     |     • ss          :  1858 конфигов
2026-05-01 02:33:37,691 | INFO     |     • trojan      :  1035 конфигов
2026-05-01 02:33:37,692 | INFO     |     • tuic        :    52 конфигов
2026-05-01 02:33:37,695 | INFO     |     • vless       :  3402 конфигов
2026-05-01 02:33:37,697 | INFO     |     • vmess       :  3258 конфигов
2026-05-01 02:33:37,697 | INFO     |   📁 githubmirror/ru-sni:
2026-05-01 02:33:37,698 | INFO     |     • hy2         :    19 конфигов ( 32.2% от clean)
2026-05-01 02:33:37,698 | INFO     |     • hysteria    :     0 конфигов (  0.0% от clean)
2026-05-01 02:33:37,698 | INFO     |     • hysteria2   :     5 конфигов ( 15.2% от clean)
2026-05-01 02:33:37,698 | INFO     |     • ss          :     0 конфигов (  0.0% от clean)
2026-05-01 02:33:37,698 | INFO     |     • trojan      :     4 конфигов (  0.4% от clean)
2026-05-01 02:33:37,698 | INFO     |     • tuic        :     0 конфигов (  0.0% от clean)
2026-05-01 02:33:37,699 | INFO     |     • vless       :   379 конфигов ( 11.1% от clean)
2026-05-01 02:33:37,699 | INFO     |     • vmess       :    37 конфигов (  1.1% от clean)
2026-05-01 02:33:37,699 | INFO     | 
2026-05-01 02:33:37,699 | INFO     |   ──────────────────────────────────────────────────
2026-05-01 02:33:37,699 | INFO     |   📈 ИТОГО:
2026-05-01 02:33:37,699 | INFO     |     Clean (после geo-фильтра):     9710
2026-05-01 02:33:37,699 | INFO     |     RU-SNI (после SNI-фильтра):     444
2026-05-01 02:33:37,699 | INFO     |     Прошло фильтр:                  4.6%
2026-05-01 02:33:37,700 | INFO     |   ──────────────────────────────────────────────────
2026-05-01 02:33:37,700 | INFO     | ✅ Статистика сохранена: /home/runner/work/vpn-vless-configs-russia/vpn-vless-configs-russia/stats.json
2026-05-01 02:33:37,700 | INFO     | 
2026-05-01 02:33:37,700 | INFO     | ======================================================================
2026-05-01 02:33:37,700 | INFO     | 📊 ИТОГОВЫЙ ОТЧЁТ
2026-05-01 02:33:37,700 | INFO     | ======================================================================
2026-05-01 02:33:37,700 | INFO     |   ✅ OK         | Загрузка и geo-фильтрация
2026-05-01 02:33:37,700 | INFO     |   ✅ OK         | Фильтрация по реальному SNI
2026-05-01 02:33:37,700 | INFO     |   ✅ OK         | Экспериментальный RU-SNI фильтр
2026-05-01 02:33:37,700 | INFO     |   ✅ OK         | Сбор статистики
2026-05-01 02:33:37,700 | INFO     | ──────────────────────────────────────────────────────────────────────
2026-05-01 02:33:37,700 | INFO     | ✅ ВСЕ ЭТАПЫ УСПЕШНЫ (4/4)
2026-05-01 02:33:37,701 | INFO     | ⏰ Время завершения: 2026-05-01 02:33:37
2026-05-01 02:33:37,701 | INFO     | ======================================================================
