2026-05-12 08:36:07,723 | INFO     | ======================================================================
2026-05-12 08:36:07,723 | INFO     | 🔍 VPN KEY CHECKER - Начало проверки
2026-05-12 08:36:07,724 | INFO     | ⏰ Время старта: 2026-05-12 08:36:07
2026-05-12 08:36:07,724 | INFO     | 📂 Рабочая директория: /home/runner/work/vpn-vless-configs-russia/vpn-vless-configs-russia
2026-05-12 08:36:07,724 | INFO     | ======================================================================
2026-05-12 08:36:07,724 | INFO     | 
2026-05-12 08:36:07,724 | INFO     | 🔍 Проверка наличия скриптов...
2026-05-12 08:36:07,724 | INFO     |   ✅ mirror.py
2026-05-12 08:36:07,724 | INFO     |   ✅ filter_ru_sni.py
2026-05-12 08:36:07,724 | INFO     |   ✅ filter_ru_sni_local.py
2026-05-12 08:36:07,724 | INFO     | 
2026-05-12 08:36:07,724 | INFO     | 
2026-05-12 08:36:07,724 | INFO     | ──────────────────────────────────────────────────────────────────────
2026-05-12 08:36:07,724 | INFO     | 📌 ЭТАП: Загрузка и geo-фильтрация
2026-05-12 08:36:07,724 | INFO     | ──────────────────────────────────────────────────────────────────────
2026-05-12 08:36:07,724 | INFO     | 🚀 Запуск mirror.py (Загрузка и фильтрация по РФ/СНГ/Европа)...
2026-05-12 08:39:52,784 | INFO     |   → 🚀 Старт: всего источников (старые + новые): 870
2026-05-12 08:39:52,784 | INFO     |   → 1/870: ✅ 13 взято | 🗑️ 242 мусор
2026-05-12 08:39:52,784 | INFO     |   → 2/870: ✅ 0 взято | 🗑️ 0 мусор
2026-05-12 08:39:52,784 | INFO     |   → 3/870: ✅ 0 взято | 🗑️ 0 мусор
2026-05-12 08:39:52,784 | INFO     |   → 4/870 ❌ HTTP 404 — https://cdn.jsdelivr.net/gh/cry0ice/genode@main/public/all.txt
2026-05-12 08:39:52,784 | INFO     |   → 5/870 ❌ HTTP 404 — https://cdn.jsdelivr.net/gh/cry0ice/genode@main/public/ss.txt
2026-05-12 08:39:52,784 | INFO     |   → 6/870 ❌ HTTP 404 — https://cdn.jsdelivr.net/gh/cry0ice/genode@main/public/ssr.txt
2026-05-12 08:39:52,784 | INFO     |   → 7/870 ❌ HTTP 404 — https://cdn.jsdelivr.net/gh/cry0ice/genode@main/public/trojan.txt
2026-05-12 08:39:52,784 | INFO     |   → 8/870 ❌ HTTP 404 — https://cdn.jsdelivr.net/gh/cry0ice/genode@main/public/vless.txt
2026-05-12 08:39:52,784 | INFO     |   → 9/870 ❌ HTTP 404 — https://cdn.jsdelivr.net/gh/cry0ice/genode@main/public/vmess.txt
2026-05-12 08:39:52,784 | INFO     |   → 10/870: ✅ 0 взято | 🗑️ 0 мусор
2026-05-12 08:39:52,784 | INFO     |   → 11/870: ✅ 0 взято | 🗑️ 0 мусор
2026-05-12 08:39:52,784 | INFO     |   → 12/870: ✅ 0 взято | 🗑️ 0 мусор
2026-05-12 08:39:52,784 | INFO     |   → 13/870: ✅ 0 взято | 🗑️ 0 мусор
2026-05-12 08:39:52,784 | INFO     |   → 14/870: ✅ 0 взято | 🗑️ 0 мусор
2026-05-12 08:39:52,784 | INFO     |   → 15/870: ✅ 0 взято | 🗑️ 0 мусор
2026-05-12 08:39:52,784 | INFO     |   → 16/870: ✅ 0 взято | 🗑️ 0 мусор
2026-05-12 08:39:52,784 | INFO     |   → 17/870: ✅ 0 взято | 🗑️ 0 мусор
2026-05-12 08:39:52,784 | INFO     |   → 18/870: ✅ 0 взято | 🗑️ 0 мусор
2026-05-12 08:39:52,784 | INFO     |   → 19/870: ✅ 0 взято | 🗑️ 0 мусор
2026-05-12 08:39:52,784 | INFO     |   → 20/870: ✅ 0 взято | 🗑️ 0 мусор
2026-05-12 08:39:52,785 | INFO     |   → 21/870: ✅ 0 взято | 🗑️ 0 мусор
2026-05-12 08:39:52,785 | INFO     |   → 22/870: ✅ 0 взято | 🗑️ 0 мусор
2026-05-12 08:39:52,785 | INFO     |   → 23/870: ✅ 0 взято | 🗑️ 0 мусор
2026-05-12 08:39:52,785 | INFO     |   → 24/870: ✅ 0 взято | 🗑️ 0 мусор
2026-05-12 08:39:52,785 | INFO     |   → 25/870: ✅ 0 взято | 🗑️ 0 мусор
2026-05-12 08:39:52,785 | INFO     |   → 26/870: ✅ 0 взято | 🗑️ 0 мусор
2026-05-12 08:39:52,785 | INFO     |   → 27/870: ✅ 0 взято | 🗑️ 0 мусор
2026-05-12 08:39:52,785 | INFO     |   → 28/870: ✅ 0 взято | 🗑️ 0 мусор
2026-05-12 08:39:52,785 | INFO     |   → 29/870: ✅ 0 взято | 🗑️ 0 мусор
2026-05-12 08:39:52,785 | INFO     |   → 30/870: ✅ 0 взято | 🗑️ 0 мусор
2026-05-12 08:39:52,785 | INFO     |   → 31/870: ✅ 0 взято | 🗑️ 0 мусор
2026-05-12 08:39:52,785 | INFO     |   → 32/870: ✅ 0 взято | 🗑️ 0 мусор
2026-05-12 08:39:52,785 | INFO     |   → 33/870: ✅ 0 взято | 🗑️ 0 мусор
2026-05-12 08:39:52,785 | INFO     |   → 34/870: ✅ 0 взято | 🗑️ 0 мусор
2026-05-12 08:39:52,785 | INFO     |   → 35/870: ✅ 0 взято | 🗑️ 0 мусор
2026-05-12 08:39:52,785 | INFO     |   → 36/870: ✅ 0 взято | 🗑️ 0 мусор
2026-05-12 08:39:52,785 | INFO     |   → 37/870: ✅ 0 взято | 🗑️ 0 мусор
2026-05-12 08:39:52,785 | INFO     |   → 38/870: ✅ 0 взято | 🗑️ 0 мусор
2026-05-12 08:39:52,785 | INFO     |   → 39/870: ✅ 0 взято | 🗑️ 0 мусор
2026-05-12 08:39:52,785 | INFO     |   → 40/870: ✅ 0 взято | 🗑️ 0 мусор
2026-05-12 08:39:52,785 | INFO     |   → 41/870: ✅ 0 взято | 🗑️ 0 мусор
2026-05-12 08:39:52,785 | INFO     |   → 42/870: ✅ 0 взято | 🗑️ 0 мусор
2026-05-12 08:39:52,785 | INFO     |   → 43/870: ✅ 0 взято | 🗑️ 0 мусор
2026-05-12 08:39:52,785 | INFO     |   → 44/870: ✅ 0 взято | 🗑️ 0 мусор
2026-05-12 08:39:52,785 | INFO     |   → 45/870: ✅ 0 взято | 🗑️ 0 мусор
2026-05-12 08:39:52,785 | INFO     |   → 46/870: ✅ 0 взято | 🗑️ 0 мусор
2026-05-12 08:39:52,786 | INFO     |   → 47/870: ✅ 0 взято | 🗑️ 0 мусор
2026-05-12 08:39:52,786 | INFO     |   → 48/870: ✅ 0 взято | 🗑️ 0 мусор
2026-05-12 08:39:52,786 | INFO     |   → 49/870: ✅ 0 взято | 🗑️ 0 мусор
2026-05-12 08:39:52,786 | INFO     |   → 50/870: ✅ 0 взято | 🗑️ 0 мусор
2026-05-12 08:39:52,786 | INFO     |   → 51/870: ✅ 0 взято | 🗑️ 0 мусор
2026-05-12 08:39:52,786 | INFO     |   → 52/870: ✅ 0 взято | 🗑️ 0 мусор
2026-05-12 08:39:52,786 | INFO     |   → 53/870: ✅ 0 взято | 🗑️ 0 мусор
2026-05-12 08:39:52,786 | INFO     |   → 54/870: ✅ 0 взято | 🗑️ 0 мусор
2026-05-12 08:39:52,786 | INFO     |   → 55/870: ✅ 0 взято | 🗑️ 0 мусор
2026-05-12 08:39:52,786 | INFO     |   → 56/870: ✅ 0 взято | 🗑️ 0 мусор
2026-05-12 08:39:52,786 | INFO     |   → 57/870: ✅ 0 взято | 🗑️ 0 мусор
2026-05-12 08:39:52,786 | INFO     |   → 58/870: ✅ 0 взято | 🗑️ 0 мусор
2026-05-12 08:39:52,786 | INFO     |   → 59/870: ✅ 0 взято | 🗑️ 0 мусор
2026-05-12 08:39:52,786 | INFO     |   → 60/870: ✅ 0 взято | 🗑️ 0 мусор
2026-05-12 08:39:52,786 | INFO     |   → 61/870: ✅ 0 взято | 🗑️ 0 мусор
2026-05-12 08:39:52,786 | INFO     |   → 62/870 ⚠️ Ошибка: HTTPSConnectionPool(host='free.datiya.com', port=443): Read timed out. (read timeout=15) — https://free.datiya.com/uploads/20260505-clash.yaml
2026-05-12 08:39:52,786 | INFO     |   → 63/870: ✅ 0 взято | 🗑️ 0 мусор
2026-05-12 08:39:52,786 | INFO     |   → 64/870: ✅ 0 взято | 🗑️ 0 мусор
2026-05-12 08:39:52,786 | INFO     |   → 65/870: ✅ 0 взято | 🗑️ 0 мусор
2026-05-12 08:39:52,786 | INFO     |   → 66/870: ✅ 0 взято | 🗑️ 0 мусор
2026-05-12 08:39:52,786 | INFO     |   → 67/870: ✅ 0 взято | 🗑️ 0 мусор
2026-05-12 08:39:52,786 | INFO     |   → 68/870: ✅ 0 взято | 🗑️ 0 мусор
2026-05-12 08:39:52,786 | INFO     |   → 69/870: ✅ 0 взято | 🗑️ 0 мусор
2026-05-12 08:39:52,786 | INFO     |   → 70/870: ✅ 0 взято | 🗑️ 0 мусор
2026-05-12 08:39:52,786 | INFO     |   → 71/870: ✅ 0 взято | 🗑️ 0 мусор
2026-05-12 08:39:52,786 | INFO     |   → 72/870: ✅ 0 взято | 🗑️ 0 мусор
2026-05-12 08:39:52,786 | INFO     |   → 73/870: ✅ 0 взято | 🗑️ 0 мусор
2026-05-12 08:39:52,786 | INFO     |   → 74/870: ✅ 0 взято | 🗑️ 0 мусор
2026-05-12 08:39:52,787 | INFO     |   → 75/870: ✅ 0 взято | 🗑️ 0 мусор
2026-05-12 08:39:52,787 | INFO     |   → 76/870: ✅ 0 взято | 🗑️ 0 мусор
2026-05-12 08:39:52,787 | INFO     |   → 77/870: ✅ 0 взято | 🗑️ 0 мусор
2026-05-12 08:39:52,787 | INFO     |   → 78/870 ❌ HTTP 404 — https://freessrnode.github.io/uploads/2024/08/0-20240822.txt
2026-05-12 08:39:52,787 | INFO     |   → 79/870 ❌ HTTP 404 — https://freessrnode.github.io/uploads/2024/08/1-20240822.txt
2026-05-12 08:39:52,787 | INFO     |   → 80/870 ❌ HTTP 404 — https://freessrnode.github.io/uploads/2024/08/2-20240822.txt
2026-05-12 08:39:52,787 | INFO     |   → 81/870 ❌ HTTP 404 — https://freessrnode.github.io/uploads/2024/08/3-20240822.txt
2026-05-12 08:39:52,787 | INFO     |   → 82/870 ❌ HTTP 404 — https://freessrnode.github.io/uploads/2024/08/4-20240822.txt
2026-05-12 08:39:52,787 | INFO     |   → 83/870 ⚠️ Ошибка: HTTPSConnectionPool(host='freevpnspy.githubrowcontent.com', port=443): Max retries exceeded with url: /2024/08/20240802_novless.yaml (Caused by NameResolutionError("HTTPSConnection(host='freevpnspy.githubrowcontent.com', port=443): Failed to resolve 'freevpnspy.githubrowcontent.com' ([Errno -2] Name or service not known)")) — https://freevpnspy.githubrowcontent.com/2024/08/20240802_novless.yaml
2026-05-12 08:39:52,787 | INFO     |   → 84/870 ⚠️ Ошибка: HTTPSConnectionPool(host='freevpnspy.githubrowcontent.com', port=443): Max retries exceeded with url: /2024/08/20240802_vless.yaml (Caused by NameResolutionError("HTTPSConnection(host='freevpnspy.githubrowcontent.com', port=443): Failed to resolve 'freevpnspy.githubrowcontent.com' ([Errno -2] Name or service not known)")) — https://freevpnspy.githubrowcontent.com/2024/08/20240802_vless.yaml
2026-05-12 08:39:52,787 | INFO     |   → 85/870 ❌ HTTP 404 — https://github.com/Epodonios/bulk-xray-v2ray-vless-vmess-...-configs/raw/main/sub/Albania/config.txt
2026-05-12 08:39:52,787 | INFO     |   → 86/870 ❌ HTTP 404 — https://github.com/Epodonios/bulk-xray-v2ray-vless-vmess-...-configs/raw/main/sub/Cura%C3%A7ao/config.txt
2026-05-12 08:39:52,787 | INFO     |   → 87/870 ❌ HTTP 404 — https://github.com/Epodonios/bulk-xray-v2ray-vless-vmess-...-configs/raw/main/sub/Finland/config.txt
2026-05-12 08:39:52,787 | INFO     |   → 88/870 ❌ HTTP 404 — https://github.com/Epodonios/bulk-xray-v2ray-vless-vmess-...-configs/raw/main/sub/Iran/config.txt
2026-05-12 08:39:52,787 | INFO     |   → 89/870 ❌ HTTP 404 — https://github.com/Epodonios/bulk-xray-v2ray-vless-vmess-...-configs/raw/main/sub/Netherlands/config.txt
2026-05-12 08:39:52,787 | INFO     |   → 90/870 ❌ HTTP 404 — https://github.com/Epodonios/bulk-xray-v2ray-vless-vmess-...-configs/raw/main/sub/Norway/config.txt
2026-05-12 08:39:52,787 | INFO     |   → 91/870 ❌ HTTP 404 — https://github.com/Epodonios/bulk-xray-v2ray-vless-vmess-...-configs/raw/main/sub/Russia/config.txt
2026-05-12 08:39:52,787 | INFO     |   → 92/870: ✅ 13 взято | 🗑️ 70 мусор
2026-05-12 08:39:52,787 | INFO     |   → 93/870: ✅ 0 взято | 🗑️ 4 мусор
2026-05-12 08:39:52,787 | INFO     |   → 94/870: ✅ 0 взято | 🗑️ 7 мусор
2026-05-12 08:39:52,787 | INFO     |   → 95/870: ✅ 0 взято | 🗑️ 51 мусор
2026-05-12 08:39:52,787 | INFO     |   → 96/870: ✅ 0 взято | 🗑️ 8 мусор
2026-05-12 08:39:52,787 | INFO     |   → 97/870: ✅ 0 взято | 🗑️ 0 мусор
2026-05-12 08:39:52,787 | INFO     |   → 98/870: ✅ 17 взято | 🗑️ 119 мусор
2026-05-12 08:39:52,787 | INFO     |   → 99/870 ❌ HTTP 404 — https://github.com/MrMohebi/xray-proxy-grabber-telegram/raw/master/collected-proxies/clash-meta/all.yaml
2026-05-12 08:39:52,787 | INFO     |   → 100/870 ❌ HTTP 404 — https://github.com/MrMohebi/xray-proxy-grabber-telegram/raw/master/collected-proxies/row-url/all.txt
2026-05-12 08:39:52,787 | INFO     |   → 101/870: ✅ 0 взято | 🗑️ 0 мусор
2026-05-12 08:39:52,787 | INFO     |   → 102/870: ✅ 0 взято | 🗑️ 113 мусор
2026-05-12 08:39:52,787 | INFO     |   → 103/870: ✅ 0 взято | 🗑️ 119 мусор
2026-05-12 08:39:52,788 | INFO     |   → 104/870 ❌ HTTP 404 — https://github.com/abbasdvd3/abbasdvd10/73ec60de7a6c6aa6df4c14b511c1da60686891ca/ppo.txt
2026-05-12 08:39:52,788 | INFO     |   → 105/870 ❌ HTTP 404 — https://github.com/acymz/AutoVPN/refs/heads/main/data/V2.txt
2026-05-12 08:39:52,788 | INFO     |   → 106/870: ✅ 0 взято | 🗑️ 0 мусор
2026-05-12 08:39:52,788 | INFO     |   → 107/870: ✅ 0 взято | 🗑️ 0 мусор
2026-05-12 08:39:52,788 | INFO     |   → 108/870: ✅ 0 взято | 🗑️ 0 мусор
2026-05-12 08:39:52,788 | INFO     |   → 109/870: ✅ 0 взято | 🗑️ 0 мусор
2026-05-12 08:39:52,788 | INFO     |   → 110/870: ✅ 0 взято | 🗑️ 0 мусор
2026-05-12 08:39:52,788 | INFO     |   → 111/870: ✅ 0 взято | 🗑️ 0 мусор
2026-05-12 08:39:52,788 | INFO     |   → 112/870: ✅ 0 взято | 🗑️ 0 мусор
2026-05-12 08:39:52,788 | INFO     |   → 113/870 ❌ HTTP 404 — https://github.com/mermeroo/V2RAY-FREE/raw/main/All_Configs_base64_Sub.txt
2026-05-12 08:39:52,788 | INFO     |   → 114/870 ❌ HTTP 404 — https://github.com/mermeroo/V2RAY-FREE/raw/main/Base64/Sub1_base64.txt
2026-05-12 08:39:52,788 | INFO     |   → 115/870 ❌ HTTP 404 — https://github.com/mermeroo/V2RAY-FREE/raw/main/Base64/Sub2_base64.txt
2026-05-12 08:39:52,788 | INFO     |   → 116/870 ❌ HTTP 404 — https://github.com/mermeroo/V2RAY-FREE/raw/main/Base64/Sub3_base64.txt
2026-05-12 08:39:52,788 | INFO     |   → 117/870 ❌ HTTP 404 — https://github.com/mermeroo/V2RAY-FREE/raw/main/Base64/Sub4_base64.txt
2026-05-12 08:39:52,788 | INFO     |   → 118/870 ❌ HTTP 404 — https://github.com/mermeroo/V2RAY-FREE/raw/main/Base64/Sub5_base64.txt
2026-05-12 08:39:52,788 | INFO     |   → 119/870 ❌ HTTP 404 — https://github.com/mermeroo/telegram-configs-collector/raw/main/protocols/hysteria
2026-05-12 08:39:52,788 | INFO     |   → 120/870 ❌ HTTP 404 — https://github.com/mermeroo/telegram-configs-collector/raw/main/protocols/juicity
2026-05-12 08:39:52,788 | INFO     |   → 121/870 ❌ HTTP 404 — https://github.com/mermeroo/telegram-configs-collector/raw/main/protocols/tuic
2026-05-12 08:39:52,788 | INFO     |   → 122/870: ✅ 5 взято | 🗑️ 16 мусор
2026-05-12 08:39:52,788 | INFO     |   → 123/870: ✅ 0 взято | 🗑️ 0 мусор
2026-05-12 08:39:52,788 | INFO     |   → 124/870: ✅ 0 взято | 🗑️ 0 мусор
2026-05-12 08:39:52,788 | INFO     |   → 125/870: ✅ 0 взято | 🗑️ 0 мусор
2026-05-12 08:39:52,788 | INFO     |   → 126/870: ✅ 3 взято | 🗑️ 238 мусор
2026-05-12 08:39:52,788 | INFO     |   → 127/870: ✅ 0 взято | 🗑️ 0 мусор
2026-05-12 08:39:52,788 | INFO     |   → 128/870: ✅ 3 взято | 🗑️ 239 мусор
2026-05-12 08:39:52,788 | INFO     |   → 129/870: ✅ 0 взято | 🗑️ 0 мусор
2026-05-12 08:39:52,788 | INFO     |   → 130/870: ✅ 0 взято | 🗑️ 255 мусор
2026-05-12 08:39:52,788 | INFO     |   → 131/870: ✅ 0 взято | 🗑️ 0 мусор
2026-05-12 08:39:52,788 | INFO     |   → 132/870: ✅ 1 взято | 🗑️ 249 мусор
2026-05-12 08:39:52,788 | INFO     |   → 133/870: ✅ 0 взято | 🗑️ 0 мусор
2026-05-12 08:39:52,788 | INFO     |   → 134/870: ✅ 0 взято | 🗑️ 207 мусор
2026-05-12 08:39:52,788 | INFO     |   → 135/870: ✅ 0 взято | 🗑️ 0 мусор
2026-05-12 08:39:52,789 | INFO     |   → 136/870: ✅ 0 взято | 🗑️ 228 мусор
2026-05-12 08:39:52,789 | INFO     |   → 137/870: ✅ 0 взято | 🗑️ 0 мусор
2026-05-12 08:39:52,789 | INFO     |   → 138/870: ✅ 1 взято | 🗑️ 291 мусор
2026-05-12 08:39:52,789 | INFO     |   → 139/870: ✅ 0 взято | 🗑️ 0 мусор
2026-05-12 08:39:52,789 | INFO     |   → 140/870: ✅ 3 взято | 🗑️ 221 мусор
2026-05-12 08:39:52,789 | INFO     |   → 141/870: ✅ 0 взято | 🗑️ 0 мусор
2026-05-12 08:39:52,789 | INFO     |   → 142/870: ✅ 1 взято | 🗑️ 222 мусор
2026-05-12 08:39:52,789 | INFO     |   → 143/870: ✅ 0 взято | 🗑️ 0 мусор
2026-05-12 08:39:52,789 | INFO     |   → 144/870: ✅ 1 взято | 🗑️ 218 мусор
2026-05-12 08:39:52,789 | INFO     |   → 145/870: ✅ 0 взято | 🗑️ 0 мусор
2026-05-12 08:39:52,789 | INFO     |   → 146/870: ✅ 0 взято | 🗑️ 193 мусор
2026-05-12 08:39:52,789 | INFO     |   → 147/870: ✅ 0 взято | 🗑️ 0 мусор
2026-05-12 08:39:52,789 | INFO     |   → 148/870: ✅ 0 взято | 🗑️ 290 мусор
2026-05-12 08:39:52,789 | INFO     |   → 149/870: ✅ 0 взято | 🗑️ 0 мусор
2026-05-12 08:39:52,789 | INFO     |   → 150/870: ✅ 0 взято | 🗑️ 238 мусор
2026-05-12 08:39:52,789 | INFO     |   → 151/870: ✅ 0 взято | 🗑️ 0 мусор
2026-05-12 08:39:52,789 | INFO     |   → 152/870: ✅ 0 взято | 🗑️ 221 мусор
2026-05-12 08:39:52,789 | INFO     |   → 153/870: ✅ 0 взято | 🗑️ 0 мусор
2026-05-12 08:39:52,789 | INFO     |   → 154/870: ✅ 0 взято | 🗑️ 248 мусор
2026-05-12 08:39:52,789 | INFO     |   → 155/870: ✅ 0 взято | 🗑️ 0 мусор
2026-05-12 08:39:52,789 | INFO     |   → 156/870: ✅ 0 взято | 🗑️ 203 мусор
2026-05-12 08:39:52,789 | INFO     |   → 157/870: ✅ 0 взято | 🗑️ 0 мусор
2026-05-12 08:39:52,789 | INFO     |   → 158/870: ✅ 0 взято | 🗑️ 208 мусор
2026-05-12 08:39:52,789 | INFO     |   → 159/870: ✅ 0 взято | 🗑️ 0 мусор
2026-05-12 08:39:52,789 | INFO     |   → 160/870: ✅ 2 взято | 🗑️ 209 мусор
2026-05-12 08:39:52,789 | INFO     |   → 161/870: ✅ 0 взято | 🗑️ 0 мусор
2026-05-12 08:39:52,789 | INFO     |   → 162/870: ✅ 0 взято | 🗑️ 258 мусор
2026-05-12 08:39:52,789 | INFO     |   → 163/870: ✅ 0 взято | 🗑️ 0 мусор
2026-05-12 08:39:52,789 | INFO     |   → 164/870: ✅ 0 взято | 🗑️ 296 мусор
2026-05-12 08:39:52,789 | INFO     |   → 165/870: ✅ 0 взято | 🗑️ 0 мусор
2026-05-12 08:39:52,789 | INFO     |   → 166/870: ✅ 1 взято | 🗑️ 286 мусор
2026-05-12 08:39:52,789 | INFO     |   → 167/870: ✅ 0 взято | 🗑️ 0 мусор
2026-05-12 08:39:52,789 | INFO     |   → 168/870: ✅ 0 взято | 🗑️ 195 мусор
2026-05-12 08:39:52,789 | INFO     |   → 169/870: ✅ 0 взято | 🗑️ 0 мусор
2026-05-12 08:39:52,789 | INFO     |   → 170/870: ✅ 0 взято | 🗑️ 170 мусор
2026-05-12 08:39:52,789 | INFO     |   → 171/870: ✅ 0 взято | 🗑️ 0 мусор
2026-05-12 08:39:52,789 | INFO     |   → 172/870: ✅ 0 взято | 🗑️ 160 мусор
2026-05-12 08:39:52,789 | INFO     |   → 173/870: ✅ 0 взято | 🗑️ 0 мусор
2026-05-12 08:39:52,789 | INFO     |   → 174/870: ✅ 0 взято | 🗑️ 121 мусор
2026-05-12 08:39:52,789 | INFO     |   → 175/870: ✅ 0 взято | 🗑️ 0 мусор
2026-05-12 08:39:52,789 | INFO     |   → 176/870: ✅ 0 взято | 🗑️ 135 мусор
2026-05-12 08:39:52,789 | INFO     |   → 177/870: ✅ 0 взято | 🗑️ 0 мусор
2026-05-12 08:39:52,789 | INFO     |   → 178/870: ✅ 1 взято | 🗑️ 129 мусор
2026-05-12 08:39:52,789 | INFO     |   → 179/870: ✅ 0 взято | 🗑️ 0 мусор
2026-05-12 08:39:52,789 | INFO     |   → 180/870: ✅ 0 взято | 🗑️ 189 мусор
2026-05-12 08:39:52,789 | INFO     |   → 181/870: ✅ 0 взято | 🗑️ 0 мусор
2026-05-12 08:39:52,789 | INFO     |   → 182/870: ✅ 3 взято | 🗑️ 147 мусор
2026-05-12 08:39:52,789 | INFO     |   → 183/870: ✅ 0 взято | 🗑️ 0 мусор
2026-05-12 08:39:52,789 | INFO     |   → 184/870: ✅ 1 взято | 🗑️ 183 мусор
2026-05-12 08:39:52,789 | INFO     |   → 185/870: ✅ 0 взято | 🗑️ 0 мусор
2026-05-12 08:39:52,789 | INFO     |   → 186/870: ✅ 0 взято | 🗑️ 155 мусор
2026-05-12 08:39:52,790 | INFO     |   → 187/870: ✅ 0 взято | 🗑️ 0 мусор
2026-05-12 08:39:52,790 | INFO     |   → 188/870: ✅ 0 взято | 🗑️ 114 мусор
2026-05-12 08:39:52,790 | INFO     |   → 189/870: ✅ 0 взято | 🗑️ 0 мусор
2026-05-12 08:39:52,790 | INFO     |   → 190/870: ✅ 0 взято | 🗑️ 239 мусор
2026-05-12 08:39:52,790 | INFO     |   → 191/870: ✅ 0 взято | 🗑️ 0 мусор
2026-05-12 08:39:52,790 | INFO     |   → 192/870: ✅ 0 взято | 🗑️ 204 мусор
2026-05-12 08:39:52,790 | INFO     |   → 193/870: ✅ 0 взято | 🗑️ 0 мусор
2026-05-12 08:39:52,790 | INFO     |   → 194/870 ⚠️ Ошибка: HTTPSConnectionPool(host='ivuxy.tech', port=443): Max retries exceeded with url: /v.txt (Caused by NameResolutionError("HTTPSConnection(host='ivuxy.tech', port=443): Failed to resolve 'ivuxy.tech' ([Errno -2] Name or service not known)")) — https://ivuxy.tech/v.txt
2026-05-12 08:39:52,790 | INFO     |   → 195/870 ⚠️ Ошибка: HTTPSConnectionPool(host='mirror.ghproxy.com', port=443): Max retries exceeded with url: /https://raw.githubusercontent.com/Barabama/FreeNodes/master/nodes/blues.txt (Caused by NameResolutionError("HTTPSConnection(host='mirror.ghproxy.com', port=443): Failed to resolve 'mirror.ghproxy.com' ([Errno -2] Name or service not known)")) — https://mirror.ghproxy.com/https://raw.githubusercontent.com/Barabama/FreeNodes/master/nodes/blues.txt
2026-05-12 08:39:52,790 | INFO     |   → 196/870 ⚠️ Ошибка: HTTPSConnectionPool(host='mirror.ghproxy.com', port=443): Max retries exceeded with url: /https://raw.githubusercontent.com/Barabama/FreeNodes/master/nodes/halekj.txt (Caused by NameResolutionError("HTTPSConnection(host='mirror.ghproxy.com', port=443): Failed to resolve 'mirror.ghproxy.com' ([Errno -2] Name or service not known)")) — https://mirror.ghproxy.com/https://raw.githubusercontent.com/Barabama/FreeNodes/master/nodes/halekj.txt
2026-05-12 08:39:52,790 | INFO     |   → 197/870 ⚠️ Ошибка: HTTPSConnectionPool(host='mirror.ghproxy.com', port=443): Max retries exceeded with url: /https://raw.githubusercontent.com/Barabama/FreeNodes/master/nodes/kkzui.txt (Caused by NameResolutionError("HTTPSConnection(host='mirror.ghproxy.com', port=443): Failed to resolve 'mirror.ghproxy.com' ([Errno -2] Name or service not known)")) — https://mirror.ghproxy.com/https://raw.githubusercontent.com/Barabama/FreeNodes/master/nodes/kkzui.txt
2026-05-12 08:39:52,790 | INFO     |   → 198/870 ⚠️ Ошибка: HTTPSConnectionPool(host='mirror.ghproxy.com', port=443): Max retries exceeded with url: /https://raw.githubusercontent.com/Barabama/FreeNodes/master/nodes/merged.txt (Caused by NameResolutionError("HTTPSConnection(host='mirror.ghproxy.com', port=443): Failed to resolve 'mirror.ghproxy.com' ([Errno -2] Name or service not known)")) — https://mirror.ghproxy.com/https://raw.githubusercontent.com/Barabama/FreeNodes/master/nodes/merged.txt
2026-05-12 08:39:52,790 | INFO     |   → 199/870 ⚠️ Ошибка: HTTPSConnectionPool(host='mirror.ghproxy.com', port=443): Max retries exceeded with url: /https://raw.githubusercontent.com/Barabama/FreeNodes/master/nodes/nodefree.txt (Caused by NameResolutionError("HTTPSConnection(host='mirror.ghproxy.com', port=443): Failed to resolve 'mirror.ghproxy.com' ([Errno -2] Name or service not known)")) — https://mirror.ghproxy.com/https://raw.githubusercontent.com/Barabama/FreeNodes/master/nodes/nodefree.txt
2026-05-12 08:39:52,790 | INFO     |   → 200/870 ⚠️ Ошибка: HTTPSConnectionPool(host='mirror.ghproxy.com', port=443): Max retries exceeded with url: /https://raw.githubusercontent.com/Barabama/FreeNodes/master/nodes/openrunner.txt (Caused by NameResolutionError("HTTPSConnection(host='mirror.ghproxy.com', port=443): Failed to resolve 'mirror.ghproxy.com' ([Errno -2] Name or service not known)")) — https://mirror.ghproxy.com/https://raw.githubusercontent.com/Barabama/FreeNodes/master/nodes/openrunner.txt
2026-05-12 08:39:52,790 | INFO     |   → 201/870 ⚠️ Ошибка: HTTPSConnectionPool(host='mirror.ghproxy.com', port=443): Max retries exceeded with url: /https://raw.githubusercontent.com/Barabama/FreeNodes/master/nodes/v2rayshare.txt (Caused by NameResolutionError("HTTPSConnection(host='mirror.ghproxy.com', port=443): Failed to resolve 'mirror.ghproxy.com' ([Errno -2] Name or service not known)")) — https://mirror.ghproxy.com/https://raw.githubusercontent.com/Barabama/FreeNodes/master/nodes/v2rayshare.txt
2026-05-12 08:39:52,790 | INFO     |   → 202/870 ⚠️ Ошибка: HTTPSConnectionPool(host='mirror.ghproxy.com', port=443): Max retries exceeded with url: /https://raw.githubusercontent.com/Barabama/FreeNodes/master/nodes/wenode.txt (Caused by NameResolutionError("HTTPSConnection(host='mirror.ghproxy.com', port=443): Failed to resolve 'mirror.ghproxy.com' ([Errno -2] Name or service not known)")) — https://mirror.ghproxy.com/https://raw.githubusercontent.com/Barabama/FreeNodes/master/nodes/wenode.txt
2026-05-12 08:39:52,790 | INFO     |   → 203/870 ⚠️ Ошибка: HTTPSConnectionPool(host='mirror.ghproxy.com', port=443): Max retries exceeded with url: /https://raw.githubusercontent.com/Barabama/FreeNodes/master/nodes/yudou66.txt (Caused by NameResolutionError("HTTPSConnection(host='mirror.ghproxy.com', port=443): Failed to resolve 'mirror.ghproxy.com' ([Errno -2] Name or service not known)")) — https://mirror.ghproxy.com/https://raw.githubusercontent.com/Barabama/FreeNodes/master/nodes/yudou66.txt
2026-05-12 08:39:52,790 | INFO     |   → 204/870: ✅ 7 взято | 🗑️ 17 мусор
2026-05-12 08:39:52,790 | INFO     |   → 205/870: ✅ 0 взято | 🗑️ 17 мусор
2026-05-12 08:39:52,790 | INFO     |   → 206/870: ✅ 14 взято | 🗑️ 14 мусор
2026-05-12 08:39:52,790 | INFO     |   → 207/870: ✅ 0 взято | 🗑️ 14 мусор
2026-05-12 08:39:52,790 | INFO     |   → 208/870: ✅ 0 взято | 🗑️ 14 мусор
2026-05-12 08:39:52,790 | INFO     |   → 209/870: ✅ 0 взято | 🗑️ 14 мусор
2026-05-12 08:39:52,790 | INFO     |   → 210/870: ✅ 0 взято | 🗑️ 14 мусор
2026-05-12 08:39:52,790 | INFO     |   → 211/870: ✅ 0 взято | 🗑️ 14 мусор
2026-05-12 08:39:52,790 | INFO     |   → 212/870: ✅ 0 взято | 🗑️ 14 мусор
2026-05-12 08:39:52,790 | INFO     |   → 213/870: ✅ 0 взято | 🗑️ 14 мусор
2026-05-12 08:39:52,790 | INFO     |   → 214/870: ✅ 0 взято | 🗑️ 14 мусор
2026-05-12 08:39:52,790 | INFO     |   → 215/870: ✅ 7 взято | 🗑️ 21 мусор
2026-05-12 08:39:52,790 | INFO     |   → 216/870: ✅ 0 взято | 🗑️ 21 мусор
2026-05-12 08:39:52,791 | INFO     |   → 217/870: ✅ 0 взято | 🗑️ 21 мусор
2026-05-12 08:39:52,791 | INFO     |   → 218/870: ✅ 0 взято | 🗑️ 21 мусор
2026-05-12 08:39:52,791 | INFO     |   → 219/870: ✅ 0 взято | 🗑️ 21 мусор
2026-05-12 08:39:52,791 | INFO     |   → 220/870: ✅ 0 взято | 🗑️ 21 мусор
2026-05-12 08:39:52,791 | INFO     |   → 221/870: ✅ 0 взято | 🗑️ 21 мусор
2026-05-12 08:39:52,791 | INFO     |   → 222/870: ✅ 0 взято | 🗑️ 21 мусор
2026-05-12 08:39:52,791 | INFO     |   → 223/870: ✅ 0 взято | 🗑️ 21 мусор
2026-05-12 08:39:52,791 | INFO     |   → 224/870: ✅ 0 взято | 🗑️ 21 мусор
2026-05-12 08:39:52,791 | INFO     |   → 225/870: ✅ 0 взято | 🗑️ 21 мусор
2026-05-12 08:39:52,791 | INFO     |   → 226/870: ✅ 5 взято | 🗑️ 15 мусор
2026-05-12 08:39:52,791 | INFO     |   → 227/870: ✅ 0 взято | 🗑️ 15 мусор
2026-05-12 08:39:52,791 | INFO     |   → 228/870: ✅ 0 взято | 🗑️ 15 мусор
2026-05-12 08:39:52,791 | INFO     |   → 229/870: ✅ 0 взято | 🗑️ 15 мусор
2026-05-12 08:39:52,791 | INFO     |   → 230/870: ✅ 0 взято | 🗑️ 15 мусор
2026-05-12 08:39:52,791 | INFO     |   → 231/870: ✅ 0 взято | 🗑️ 15 мусор
2026-05-12 08:39:52,791 | INFO     |   → 232/870: ✅ 0 взято | 🗑️ 15 мусор
2026-05-12 08:39:52,791 | INFO     |   → 233/870: ✅ 0 взято | 🗑️ 15 мусор
2026-05-12 08:39:52,791 | INFO     |   → 234/870: ✅ 0 взято | 🗑️ 15 мусор
2026-05-12 08:39:52,791 | INFO     |   → 235/870: ✅ 0 взято | 🗑️ 14 мусор
2026-05-12 08:39:52,791 | INFO     |   → 236/870: ✅ 0 взято | 🗑️ 14 мусор
2026-05-12 08:39:52,791 | INFO     |   → 237/870 ❌ HTTP 403 — https://nodefree.org/dy/2023/08/20230806.yaml
2026-05-12 08:39:52,791 | INFO     |   → 238/870 ❌ HTTP 403 — https://nodefree.org/dy/2023/12/20231221.txt
2026-05-12 08:39:52,791 | INFO     |   → 239/870: ✅ 0 взято | 🗑️ 17 мусор
2026-05-12 08:39:52,791 | INFO     |   → 240/870: ✅ 0 взято | 🗑️ 17 мусор
2026-05-12 08:39:52,791 | INFO     |   → 241/870: ✅ 0 взято | 🗑️ 14 мусор
2026-05-12 08:39:52,791 | INFO     |   → 242/870: ✅ 0 взято | 🗑️ 14 мусор
2026-05-12 08:39:52,791 | INFO     |   → 243/870: ✅ 0 взято | 🗑️ 14 мусор
2026-05-12 08:39:52,791 | INFO     |   → 244/870: ✅ 0 взято | 🗑️ 14 мусор
2026-05-12 08:39:52,791 | INFO     |   → 245/870: ✅ 0 взято | 🗑️ 14 мусор
2026-05-12 08:39:52,791 | INFO     |   → 246/870: ✅ 0 взято | 🗑️ 14 мусор
2026-05-12 08:39:52,792 | INFO     |   → 247/870: ✅ 0 взято | 🗑️ 14 мусор
2026-05-12 08:39:52,792 | INFO     |   → 248/870: ✅ 0 взято | 🗑️ 14 мусор
2026-05-12 08:39:52,792 | INFO     |   → 249/870: ✅ 0 взято | 🗑️ 14 мусор
2026-05-12 08:39:52,792 | INFO     |   → 250/870: ✅ 0 взято | 🗑️ 21 мусор
2026-05-12 08:39:52,792 | INFO     |   → 251/870: ✅ 0 взято | 🗑️ 21 мусор
2026-05-12 08:39:52,792 | INFO     |   → 252/870: ✅ 0 взято | 🗑️ 21 мусор
2026-05-12 08:39:52,792 | INFO     |   → 253/870: ✅ 0 взято | 🗑️ 21 мусор
2026-05-12 08:39:52,792 | INFO     |   → 254/870: ✅ 0 взято | 🗑️ 21 мусор
2026-05-12 08:39:52,792 | INFO     |   → 255/870: ✅ 0 взято | 🗑️ 21 мусор
2026-05-12 08:39:52,792 | INFO     |   → 256/870: ✅ 0 взято | 🗑️ 21 мусор
2026-05-12 08:39:52,792 | INFO     |   → 257/870: ✅ 0 взято | 🗑️ 21 мусор
2026-05-12 08:39:52,792 | INFO     |   → 258/870: ✅ 0 взято | 🗑️ 21 мусор
2026-05-12 08:39:52,792 | INFO     |   → 259/870: ✅ 0 взято | 🗑️ 21 мусор
2026-05-12 08:39:52,792 | INFO     |   → 260/870: ✅ 0 взято | 🗑️ 21 мусор
2026-05-12 08:39:52,792 | INFO     |   → 261/870: ✅ 0 взято | 🗑️ 15 мусор
2026-05-12 08:39:52,792 | INFO     |   → 262/870: ✅ 0 взято | 🗑️ 15 мусор
2026-05-12 08:39:52,792 | INFO     |   → 263/870: ✅ 0 взято | 🗑️ 15 мусор
2026-05-12 08:39:52,792 | INFO     |   → 264/870: ✅ 0 взято | 🗑️ 15 мусор
2026-05-12 08:39:52,792 | INFO     |   → 265/870: ✅ 0 взято | 🗑️ 15 мусор
2026-05-12 08:39:52,792 | INFO     |   → 266/870: ✅ 0 взято | 🗑️ 15 мусор
2026-05-12 08:39:52,792 | INFO     |   → 267/870: ✅ 0 взято | 🗑️ 15 мусор
2026-05-12 08:39:52,792 | INFO     |   → 268/870: ✅ 0 взято | 🗑️ 15 мусор
2026-05-12 08:39:52,792 | INFO     |   → 269/870: ✅ 0 взято | 🗑️ 15 мусор
2026-05-12 08:39:52,792 | INFO     |   → 270/870: ✅ 0 взято | 🗑️ 15 мусор
2026-05-12 08:39:52,792 | INFO     |   → 271/870: ✅ 0 взято | 🗑️ 14 мусор
2026-05-12 08:39:52,792 | INFO     |   → 272/870: ✅ 0 взято | 🗑️ 14 мусор
2026-05-12 08:39:52,792 | INFO     |   → 273/870: ✅ 0 взято | 🗑️ 0 мусор
2026-05-12 08:39:52,792 | INFO     |   → 274/870: ✅ 0 взято | 🗑️ 0 мусор
2026-05-12 08:39:52,792 | INFO     |   → 275/870: ✅ 0 взято | 🗑️ 0 мусор
2026-05-12 08:39:52,792 | INFO     |   → 276/870: ✅ 0 взято | 🗑️ 0 мусор
2026-05-12 08:39:52,792 | INFO     |   → 277/870: ✅ 0 взято | 🗑️ 0 мусор
2026-05-12 08:39:52,793 | INFO     |   → 278/870: ✅ 0 взято | 🗑️ 0 мусор
2026-05-12 08:39:52,793 | INFO     |   → 279/870: ✅ 0 взято | 🗑️ 0 мусор
2026-05-12 08:39:52,793 | INFO     |   → 280/870: ✅ 0 взято | 🗑️ 0 мусор
2026-05-12 08:39:52,793 | INFO     |   → 281/870: ✅ 0 взято | 🗑️ 0 мусор
2026-05-12 08:39:52,793 | INFO     |   → 282/870: ✅ 0 взято | 🗑️ 0 мусор
2026-05-12 08:39:52,793 | INFO     |   → 283/870: ✅ 0 взято | 🗑️ 0 мусор
2026-05-12 08:39:52,793 | INFO     |   → 284/870: ✅ 0 взято | 🗑️ 0 мусор
2026-05-12 08:39:52,793 | INFO     |   → 285/870 ❌ HTTP 404 — https://raw.githubusercontent.com/10ium/MihomoSaz/main/Sublist/shatakvpn.yaml4_Sub.txt
2026-05-12 08:39:52,793 | INFO     |   → 286/870: ✅ 0 взято | 🗑️ 0 мусор
2026-05-12 08:39:52,793 | INFO     |   → 287/870: ✅ 0 взято | 🗑️ 0 мусор
2026-05-12 08:39:52,793 | INFO     |   → 288/870: ✅ 12 взято | 🗑️ 38 мусор
2026-05-12 08:39:52,793 | INFO     |   → 289/870: ✅ 0 взято | 🗑️ 0 мусор
2026-05-12 08:39:52,793 | INFO     |   → 290/870: ✅ 0 взято | 🗑️ 0 мусор
2026-05-12 08:39:52,793 | INFO     |   → 291/870: ✅ 11 взято | 🗑️ 399 мусор
2026-05-12 08:39:52,793 | INFO     |   → 292/870: ✅ 0 взято | 🗑️ 0 мусор
2026-05-12 08:39:52,793 | INFO     |   → 293/870 ❌ HTTP 404 — https://raw.githubusercontent.com/9Fork/openit/main/Clash.yaml
2026-05-12 08:39:52,793 | INFO     |   → 294/870: ✅ 100 взято | 🗑️ 381 мусор
2026-05-12 08:39:52,793 | INFO     |   → 295/870: ✅ 0 взято | 🗑️ 381 мусор
2026-05-12 08:39:52,793 | INFO     |   → 296/870: ✅ 19 взято | 🗑️ 81 мусор
2026-05-12 08:39:52,793 | INFO     |   → 297/870: ✅ 11 взято | 🗑️ 87 мусор
2026-05-12 08:39:52,793 | INFO     |   → 298/870: ✅ 27 взято | 🗑️ 73 мусор
2026-05-12 08:39:52,793 | INFO     |   → 299/870: ✅ 13 взято | 🗑️ 75 мусор
2026-05-12 08:39:52,793 | INFO     |   → 300/870: ✅ 10 взято | 🗑️ 83 мусор
2026-05-12 08:39:52,793 | INFO     |   → 301/870: ✅ 12 взято | 🗑️ 86 мусор
2026-05-12 08:39:52,793 | INFO     |   → 302/870: ✅ 11 взято | 🗑️ 87 мусор
2026-05-12 08:39:52,793 | INFO     |   → 303/870: ✅ 11 взято | 🗑️ 80 мусор
2026-05-12 08:39:52,793 | INFO     |   → 304/870: ✅ 9 взято | 🗑️ 82 мусор
2026-05-12 08:39:52,793 | INFO     |   → 305/870: ✅ 69 взято | 🗑️ 3 мусор
2026-05-12 08:39:52,793 | INFO     |   → 306/870: ✅ 3 взято | 🗑️ 75 мусор
2026-05-12 08:39:52,793 | INFO     |   → 307/870: ✅ 4 взято | 🗑️ 69 мусор
2026-05-12 08:39:52,794 | INFO     |   → 308/870: ✅ 4 взято | 🗑️ 80 мусор
2026-05-12 08:39:52,794 | INFO     |   → 309/870: ✅ 6 взято | 🗑️ 81 мусор
2026-05-12 08:39:52,794 | INFO     |   → 310/870: ✅ 5 взято | 🗑️ 79 мусор
2026-05-12 08:39:52,794 | INFO     |   → 311/870: ✅ 11 взято | 🗑️ 78 мусор
2026-05-12 08:39:52,794 | INFO     |   → 312/870: ✅ 3 взято | 🗑️ 83 мусор
2026-05-12 08:39:52,794 | INFO     |   → 313/870: ✅ 14 взято | 🗑️ 76 мусор
2026-05-12 08:39:52,794 | INFO     |   → 314/870: ✅ 12 взято | 🗑️ 78 мусор
2026-05-12 08:39:52,794 | INFO     |   → 315/870: ✅ 26 взято | 🗑️ 218 мусор
2026-05-12 08:39:52,794 | INFO     |   → 316/870: ✅ 44 взято | 🗑️ 141 мусор
2026-05-12 08:39:52,794 | INFO     |   → 317/870: ✅ 10 взято | 🗑️ 71 мусор
2026-05-12 08:39:52,794 | INFO     |   → 318/870: ✅ 2 взято | 🗑️ 88 мусор
2026-05-12 08:39:52,794 | INFO     |   → 319/870: ✅ 0 взято | 🗑️ 3 мусор
2026-05-12 08:39:52,794 | INFO     |   → 320/870: ✅ 14 взято | 🗑️ 4 мусор
2026-05-12 08:39:52,794 | INFO     |   → 321/870: ✅ 705 взято | 🗑️ 2587 мусор
2026-05-12 08:39:52,794 | INFO     |   → 322/870 ❌ HTTP 404 — https://raw.githubusercontent.com/Alvin9999/pac2/master/clash/1/config.yaml
2026-05-12 08:39:52,794 | INFO     |   → 323/870 ❌ HTTP 404 — https://raw.githubusercontent.com/AmirHDevo/temp2/7f15e7ddb311a6f8c5ab338bd1af0e1f2136a84b/configs.txt
2026-05-12 08:39:52,794 | INFO     |   → 324/870: ✅ 7 взято | 🗑️ 37 мусор
2026-05-12 08:39:52,794 | INFO     |   → 325/870: ✅ 1246 взято | 🗑️ 17668 мусор
2026-05-12 08:39:52,794 | INFO     |   → 326/870: ✅ 5 взято | 🗑️ 47 мусор
2026-05-12 08:39:52,794 | INFO     |   → 327/870: ✅ 4 взято | 🗑️ 57 мусор
2026-05-12 08:39:52,794 | INFO     |   → 328/870: ✅ 21 взято | 🗑️ 107 мусор
2026-05-12 08:39:52,794 | INFO     |   → 329/870: ✅ 78 взято | 🗑️ 347 мусор
2026-05-12 08:39:52,794 | INFO     |   → 330/870: ✅ 0 взято | 🗑️ 1373 мусор
2026-05-12 08:39:52,794 | INFO     |   → 331/870: ✅ 339 взято | 🗑️ 1542 мусор
2026-05-12 08:39:52,794 | INFO     |   → 332/870: ✅ 0 взято | 🗑️ 6 мусор
2026-05-12 08:39:52,794 | INFO     |   → 333/870: ✅ 0 взято | 🗑️ 0 мусор
2026-05-12 08:39:52,794 | INFO     |   → 334/870: ✅ 1 взято | 🗑️ 235 мусор
2026-05-12 08:39:52,794 | INFO     |   → 335/870: ✅ 0 взято | 🗑️ 16 мусор
2026-05-12 08:39:52,795 | INFO     |   → 336/870: ✅ 0 взято | 🗑️ 0 мусор
2026-05-12 08:39:52,795 | INFO     |   → 337/870: ✅ 0 взято | 🗑️ 14 мусор
2026-05-12 08:39:52,795 | INFO     |   → 338/870: ✅ 0 взято | 🗑️ 0 мусор
2026-05-12 08:39:52,795 | INFO     |   → 339/870: ✅ 0 взято | 🗑️ 14 мусор
2026-05-12 08:39:52,795 | INFO     |   → 340/870: ✅ 0 взято | 🗑️ 0 мусор
2026-05-12 08:39:52,795 | INFO     |   → 341/870: ✅ 0 взято | 🗑️ 14 мусор
2026-05-12 08:39:52,795 | INFO     |   → 342/870: ✅ 0 взято | 🗑️ 0 мусор
2026-05-12 08:39:52,795 | INFO     |   → 343/870: ✅ 0 взято | 🗑️ 14 мусор
2026-05-12 08:39:52,795 | INFO     |   → 344/870: ✅ 0 взято | 🗑️ 0 мусор
2026-05-12 08:39:52,795 | INFO     |   → 345/870: ✅ 0 взято | 🗑️ 14 мусор
2026-05-12 08:39:52,795 | INFO     |   → 346/870: ✅ 0 взято | 🗑️ 0 мусор
2026-05-12 08:39:52,795 | INFO     |   → 347/870: ✅ 0 взято | 🗑️ 204 мусор
2026-05-12 08:39:52,795 | INFO     |   → 348/870: ✅ 0 взято | 🗑️ 0 мусор
2026-05-12 08:39:52,795 | INFO     |   → 349/870: ✅ 5 взято | 🗑️ 76 мусор
2026-05-12 08:39:52,795 | INFO     |   → 350/870: ✅ 80 взято | 🗑️ 1110 мусор
2026-05-12 08:39:52,795 | INFO     |   → 351/870: ✅ 5 взято | 🗑️ 13 мусор
2026-05-12 08:39:52,795 | INFO     |   → 352/870 ❌ HTTP 404 — https://raw.githubusercontent.com/Epodonios/bulk-xray-v2ray-vless-vmess-...-configs/main/sub/Austria/config.txt
2026-05-12 08:39:52,795 | INFO     |   → 353/870 ❌ HTTP 404 — https://raw.githubusercontent.com/Epodonios/bulk-xray-v2ray-vless-vmess-...-configs/main/sub/Canada/config.txt
2026-05-12 08:39:52,795 | INFO     |   → 354/870 ❌ HTTP 404 — https://raw.githubusercontent.com/Epodonios/bulk-xray-v2ray-vless-vmess-...-configs/main/sub/Costa%20Rica/config.txt
2026-05-12 08:39:52,795 | INFO     |   → 355/870 ❌ HTTP 404 — https://raw.githubusercontent.com/Epodonios/bulk-xray-v2ray-vless-vmess-...-configs/main/sub/France/config.txt
2026-05-12 08:39:52,795 | INFO     |   → 356/870 ❌ HTTP 404 — https://raw.githubusercontent.com/Epodonios/bulk-xray-v2ray-vless-vmess-...-configs/main/sub/Germany/config.txt
2026-05-12 08:39:52,795 | INFO     |   → 357/870 ❌ HTTP 404 — https://raw.githubusercontent.com/Epodonios/bulk-xray-v2ray-vless-vmess-...-configs/main/sub/Indonesia/config.txt
2026-05-12 08:39:52,795 | INFO     |   → 358/870 ❌ HTTP 404 — https://raw.githubusercontent.com/Epodonios/bulk-xray-v2ray-vless-vmess-...-configs/main/sub/Ireland/config.txt
2026-05-12 08:39:52,795 | INFO     |   → 359/870 ❌ HTTP 404 — https://raw.githubusercontent.com/Epodonios/bulk-xray-v2ray-vless-vmess-...-configs/main/sub/Republic%20of%20Lithuania/config.txt
2026-05-12 08:39:52,795 | INFO     |   → 360/870 ❌ HTTP 404 — https://raw.githubusercontent.com/Epodonios/bulk-xray-v2ray-vless-vmess-...-configs/main/sub/South%20Africa/config.txt
2026-05-12 08:39:52,795 | INFO     |   → 361/870 ❌ HTTP 404 — https://raw.githubusercontent.com/Epodonios/bulk-xray-v2ray-vless-vmess-...-configs/main/sub/Sweden/config.txt
2026-05-12 08:39:52,795 | INFO     |   → 362/870 ❌ HTTP 404 — https://raw.githubusercontent.com/Epodonios/bulk-xray-v2ray-vless-vmess-...-configs/main/sub/Turkey/config.txt
2026-05-12 08:39:52,795 | INFO     |   → 363/870 ❌ HTTP 404 — https://raw.githubusercontent.com/Epodonios/bulk-xray-v2ray-vless-vmess-...-configs/main/sub/United%20Arab%20Emirates/config.txt
2026-05-12 08:39:52,795 | INFO     |   → 364/870 ❌ HTTP 404 — https://raw.githubusercontent.com/Epodonios/bulk-xray-v2ray-vless-vmess-...-configs/main/sub/United%20Kingdom/config.txt
2026-05-12 08:39:52,795 | INFO     |   → 365/870 ❌ HTTP 404 — https://raw.githubusercontent.com/Epodonios/bulk-xray-v2ray-vless-vmess-...-configs/main/sub/United%20States/config.txt
2026-05-12 08:39:52,796 | INFO     |   → 366/870: ✅ 431 взято | 🗑️ 4095 мусор
2026-05-12 08:39:52,796 | INFO     |   → 367/870 ❌ HTTP 404 — https://raw.githubusercontent.com/Epodonios/v2ray-configs/main/Splitted-By-Protocol/mix.txt
2026-05-12 08:39:52,796 | INFO     |   → 368/870: ✅ 10 взято | 🗑️ 385 мусор
2026-05-12 08:39:52,796 | INFO     |   → 369/870: ✅ 0 взято | 🗑️ 0 мусор
2026-05-12 08:39:52,796 | INFO     |   → 370/870: ✅ 0 взято | 🗑️ 199 мусор
2026-05-12 08:39:52,796 | INFO     |   → 371/870: ✅ 8 взято | 🗑️ 2850 мусор
2026-05-12 08:39:52,796 | INFO     |   → 372/870: ✅ 0 взято | 🗑️ 497 мусор
2026-05-12 08:39:52,796 | INFO     |   → 373/870 ❌ HTTP 404 — https://raw.githubusercontent.com/Epodonios/v2ray-configs/raw/main/Splitted-By-Protocol/trojan.txt
2026-05-12 08:39:52,796 | INFO     |   → 374/870 ❌ HTTP 404 — https://raw.githubusercontent.com/Epodonios/v2ray-configs/raw/main/Splitted-By-Protocol/vmess.txt
2026-05-12 08:39:52,796 | INFO     |   → 375/870: ✅ 0 взято | 🗑️ 385 мусор
2026-05-12 08:39:52,796 | INFO     |   → 376/870: ✅ 0 взято | 🗑️ 0 мусор
2026-05-12 08:39:52,796 | INFO     |   → 377/870: ✅ 0 взято | 🗑️ 199 мусор
2026-05-12 08:39:52,796 | INFO     |   → 378/870: ✅ 0 взято | 🗑️ 2850 мусор
2026-05-12 08:39:52,796 | INFO     |   → 379/870: ✅ 0 взято | 🗑️ 497 мусор
2026-05-12 08:39:52,796 | INFO     |   → 380/870 ❌ HTTP 404 — https://raw.githubusercontent.com/Fido6/FreeNodes/57221e59caddde55ffdda21d491ae952cd608049/nodes/halekj.txt
2026-05-12 08:39:52,796 | INFO     |   → 381/870 ❌ HTTP 404 — https://raw.githubusercontent.com/Fido6/FreeNodes/57221e59caddde55ffdda21d491ae952cd608049/nodes/kkzui.txt
2026-05-12 08:39:52,796 | INFO     |   → 382/870 ❌ HTTP 404 — https://raw.githubusercontent.com/Fido6/FreeNodes/57221e59caddde55ffdda21d491ae952cd608049/nodes/wenode.txt
2026-05-12 08:39:52,796 | INFO     |   → 383/870: ✅ 0 взято | 🗑️ 0 мусор
2026-05-12 08:39:52,796 | INFO     |   → 384/870: ✅ 0 взято | 🗑️ 0 мусор
2026-05-12 08:39:52,796 | INFO     |   → 385/870: ✅ 14 взято | 🗑️ 250 мусор
2026-05-12 08:39:52,796 | INFO     |   → 386/870: ✅ 4 взято | 🗑️ 17 мусор
2026-05-12 08:39:52,796 | INFO     |   → 387/870: ✅ 1 взято | 🗑️ 17 мусор
2026-05-12 08:39:52,796 | INFO     |   → 388/870: ✅ 4 взято | 🗑️ 11 мусор
2026-05-12 08:39:52,796 | INFO     |   → 389/870: ✅ 0 взято | 🗑️ 0 мусор
2026-05-12 08:39:52,796 | INFO     |   → 390/870: ✅ 0 взято | 🗑️ 137 мусор
2026-05-12 08:39:52,796 | INFO     |   → 391/870: ✅ 0 взято | 🗑️ 32 мусор
2026-05-12 08:39:52,796 | INFO     |   → 392/870: ✅ 2 взято | 🗑️ 19 мусор
2026-05-12 08:39:52,796 | INFO     |   → 393/870: ✅ 0 взято | 🗑️ 43 мусор
2026-05-12 08:39:52,796 | INFO     |   → 394/870: ✅ 0 взято | 🗑️ 43 мусор
2026-05-12 08:39:52,796 | INFO     |   → 395/870 ❌ HTTP 404 — https://raw.githubusercontent.com/Iran-v2ray/v2ray/main/v2ray
2026-05-12 08:39:52,796 | INFO     |   → 396/870: ✅ 0 взято | 🗑️ 1 мусор
2026-05-12 08:39:52,797 | INFO     |   → 397/870: ✅ 0 взято | 🗑️ 1 мусор
2026-05-12 08:39:52,797 | INFO     |   → 398/870: ✅ 0 взято | 🗑️ 28 мусор
2026-05-12 08:39:52,797 | INFO     |   → 399/870: ✅ 14 взято | 🗑️ 282 мусор
2026-05-12 08:39:52,797 | INFO     |   → 400/870: ✅ 0 взято | 🗑️ 94 мусор
2026-05-12 08:39:52,797 | INFO     |   → 401/870: ✅ 0 взято | 🗑️ 0 мусор
2026-05-12 08:39:52,797 | INFO     |   → 402/870: ✅ 0 взято | 🗑️ 0 мусор
2026-05-12 08:39:52,797 | INFO     |   → 403/870 ❌ HTTP 404 — https://raw.githubusercontent.com/Kwinshadow/TelegramV2rayCollector/raw/refs/heads/main/sublinks/mix.txt
2026-05-12 08:39:52,797 | INFO     |   → 404/870 ❌ HTTP 404 — https://raw.githubusercontent.com/LalatinaHub/Mineral/raw/refs/heads/master/result/nodes
2026-05-12 08:39:52,797 | INFO     |   → 405/870 ❌ HTTP 404 — https://raw.githubusercontent.com/Leon406/SubCrawler/main/sub/share/all3
2026-05-12 08:39:52,797 | INFO     |   → 406/870 ❌ HTTP 404 — https://raw.githubusercontent.com/Leon406/SubCrawler/main/sub/share/all4
2026-05-12 08:39:52,797 | INFO     |   → 407/870: ✅ 4 взято | 🗑️ 335 мусор
2026-05-12 08:39:52,797 | INFO     |   → 408/870: ✅ 0 взято | 🗑️ 33 мусор
2026-05-12 08:39:52,797 | INFO     |   → 409/870: ✅ 0 взято | 🗑️ 6 мусор
2026-05-12 08:39:52,797 | INFO     |   → 410/870: ✅ 0 взято | 🗑️ 147 мусор
2026-05-12 08:39:52,797 | INFO     |   → 411/870 ❌ HTTP 404 — https://raw.githubusercontent.com/M-Mashreghi/free-config-collector/main/Splitted-By-Protocol/ssr.txt
2026-05-12 08:39:52,797 | INFO     |   → 412/870: ✅ 139 взято | 🗑️ 114 мусор
2026-05-12 08:39:52,797 | INFO     |   → 413/870: ✅ 126 взято | 🗑️ 137 мусор
2026-05-12 08:39:52,797 | INFO     |   → 414/870: ✅ 0 взято | 🗑️ 12 мусор
2026-05-12 08:39:52,797 | INFO     |   → 415/870: ✅ 0 взято | 🗑️ 1 мусор
2026-05-12 08:39:52,797 | INFO     |   → 416/870: ✅ 6 взято | 🗑️ 12 мусор
2026-05-12 08:39:52,797 | INFO     |   → 417/870: ✅ 0 взято | 🗑️ 12 мусор
2026-05-12 08:39:52,797 | INFO     |   → 418/870 ❌ HTTP 404 — https://raw.githubusercontent.com/MatinGhanbari/v2ray-configs/main/subscriptions/filtered/subs/hy2.txt
2026-05-12 08:39:52,797 | INFO     |   → 419/870: ✅ 34 взято | 🗑️ 1621 мусор
2026-05-12 08:39:52,797 | INFO     |   → 420/870 ❌ HTTP 404 — https://raw.githubusercontent.com/MatinGhanbari/v2ray-configs/main/subscriptions/filtered/subs/ssr.txt
2026-05-12 08:39:52,797 | INFO     |   → 421/870: ✅ 55 взято | 🗑️ 446 мусор
2026-05-12 08:39:52,797 | INFO     |   → 422/870 ❌ HTTP 404 — https://raw.githubusercontent.com/MatinGhanbari/v2ray-configs/main/subscriptions/filtered/subs/tuic.txt
2026-05-12 08:39:52,797 | INFO     |   → 423/870: ✅ 14 взято | 🗑️ 244 мусор
2026-05-12 08:39:52,797 | INFO     |   → 424/870: ✅ 222 взято | 🗑️ 1299 мусор
2026-05-12 08:39:52,797 | INFO     |   → 425/870: ✅ 0 взято | 🗑️ 2 мусор
2026-05-12 08:39:52,797 | INFO     |   → 426/870: ✅ 150 взято | 🗑️ 845 мусор
2026-05-12 08:39:52,797 | INFO     |   → 427/870: ✅ 0 взято | 🗑️ 434 мусор
2026-05-12 08:39:52,798 | INFO     |   → 428/870: ✅ 0 взято | 🗑️ 434 мусор
2026-05-12 08:39:52,798 | INFO     |   → 429/870: ✅ 0 взято | 🗑️ 19 мусор
2026-05-12 08:39:52,798 | INFO     |   → 430/870: ✅ 0 взято | 🗑️ 2 мусор
2026-05-12 08:39:52,798 | INFO     |   → 431/870: ✅ 0 взято | 🗑️ 320 мусор
2026-05-12 08:39:52,798 | INFO     |   → 432/870: ✅ 0 взято | 🗑️ 78 мусор
2026-05-12 08:39:52,798 | INFO     |   → 433/870 ❌ HTTP 404 — https://raw.githubusercontent.com/MhdiTaheri/V2rayCollector/raw/refs/heads/main/sub/mix
2026-05-12 08:39:52,798 | INFO     |   → 434/870: ✅ 53 взято | 🗑️ 267 мусор
2026-05-12 08:39:52,798 | INFO     |   → 435/870 ❌ HTTP 404 — https://raw.githubusercontent.com/MhdiTaheri/V2rayCollector_Py/raw/refs/heads/main/sub/Mix/mix.txt
2026-05-12 08:39:52,798 | INFO     |   → 436/870: ✅ 0 взято | 🗑️ 0 мусор
2026-05-12 08:39:52,798 | INFO     |   → 437/870: ✅ 43 взято | 🗑️ 217 мусор
2026-05-12 08:39:52,798 | INFO     |   → 438/870: ✅ 0 взято | 🗑️ 31 мусор
2026-05-12 08:39:52,798 | INFO     |   → 439/870: ✅ 93 взято | 🗑️ 282 мусор
2026-05-12 08:39:52,798 | INFO     |   → 440/870: ✅ 0 взято | 🗑️ 26 мусор
2026-05-12 08:39:52,798 | INFO     |   → 441/870 ❌ HTTP 404 — https://raw.githubusercontent.com/MrMohebi/xray-proxy-grabber-telegram/master/collected-proxies/clash-meta/all.yaml
2026-05-12 08:39:52,798 | INFO     |   → 442/870 ❌ HTTP 404 — https://raw.githubusercontent.com/MrMohebi/xray-proxy-grabber-telegram/master/collected-proxies/row-url/actives.txt
2026-05-12 08:39:52,798 | INFO     |   → 443/870 ❌ HTTP 404 — https://raw.githubusercontent.com/MrMohebi/xray-proxy-grabber-telegram/master/collected-proxies/row-url/all.txt
2026-05-12 08:39:52,798 | INFO     |   → 444/870: ✅ 0 взято | 🗑️ 13 мусор
2026-05-12 08:39:52,798 | INFO     |   → 445/870: ✅ 0 взято | 🗑️ 13 мусор
2026-05-12 08:39:52,798 | INFO     |   → 446/870: ✅ 5 взято | 🗑️ 15 мусор
2026-05-12 08:39:52,798 | INFO     |   → 447/870: ✅ 0 взято | 🗑️ 30 мусор
2026-05-12 08:39:52,798 | INFO     |   → 448/870: ✅ 0 взято | 🗑️ 15 мусор
2026-05-12 08:39:52,798 | INFO     |   → 449/870: ✅ 66 взято | 🗑️ 123 мусор
2026-05-12 08:39:52,798 | INFO     |   → 450/870: ✅ 175 взято | 🗑️ 582 мусор
2026-05-12 08:39:52,798 | INFO     |   → 451/870: ✅ 0 взято | 🗑️ 0 мусор
2026-05-12 08:39:52,798 | INFO     |   → 452/870 ❌ HTTP 404 — https://raw.githubusercontent.com/OpenCNLink/freevpn/3cfcff048bfdd1493ccffa52ecf30ce7f9fc6b28/src/list/vmess.txt
2026-05-12 08:39:52,798 | INFO     |   → 453/870 ❌ HTTP 404 — https://raw.githubusercontent.com/Pawdro/Collection/main/sub
2026-05-12 08:39:52,798 | INFO     |   → 454/870: ✅ 0 взято | 🗑️ 10 мусор
2026-05-12 08:39:52,798 | INFO     |   → 455/870: ✅ 0 взято | 🗑️ 10 мусор
2026-05-12 08:39:52,798 | INFO     |   → 456/870: ✅ 0 взято | 🗑️ 0 мусор
2026-05-12 08:39:52,798 | INFO     |   → 457/870: ✅ 0 взято | 🗑️ 0 мусор
2026-05-12 08:39:52,799 | INFO     |   → 458/870: ✅ 0 взято | 🗑️ 50 мусор
2026-05-12 08:39:52,799 | INFO     |   → 459/870: ✅ 5 взято | 🗑️ 206 мусор
2026-05-12 08:39:52,799 | INFO     |   → 460/870: ✅ 21 взято | 🗑️ 138 мусор
2026-05-12 08:39:52,799 | INFO     |   → 461/870: ✅ 23 взято | 🗑️ 89 мусор
2026-05-12 08:39:52,799 | INFO     |   → 462/870: ✅ 9 взято | 🗑️ 85 мусор
2026-05-12 08:39:52,799 | INFO     |   → 463/870: ✅ 0 взято | 🗑️ 129 мусор
2026-05-12 08:39:52,799 | INFO     |   → 464/870: ✅ 0 взято | 🗑️ 81 мусор
2026-05-12 08:39:52,799 | INFO     |   → 465/870 ❌ HTTP 404 — https://raw.githubusercontent.com/STR97/STRUGOV/refs/heads/main/STR.BYPASS
2026-05-12 08:39:52,799 | INFO     |   → 466/870: ✅ 4 взято | 🗑️ 34 мусор
2026-05-12 08:39:52,799 | INFO     |   → 467/870: ✅ 11 взято | 🗑️ 16 мусор
2026-05-12 08:39:52,799 | INFO     |   → 468/870: ✅ 0 взято | 🗑️ 16 мусор
2026-05-12 08:39:52,799 | INFO     |   → 469/870: ✅ 0 взято | 🗑️ 27 мусор
2026-05-12 08:39:52,799 | INFO     |   → 470/870: ✅ 140 взято | 🗑️ 1153 мусор
2026-05-12 08:39:52,799 | INFO     |   → 471/870: ✅ 29 взято | 🗑️ 54 мусор
2026-05-12 08:39:52,799 | INFO     |   → 472/870: ✅ 0 взято | 🗑️ 0 мусор
2026-05-12 08:39:52,799 | INFO     |   → 473/870: ✅ 0 взято | 🗑️ 0 мусор
2026-05-12 08:39:52,799 | INFO     |   → 474/870: ✅ 2 взято | 🗑️ 2 мусор
2026-05-12 08:39:52,799 | INFO     |   → 475/870: ✅ 0 взято | 🗑️ 0 мусор
2026-05-12 08:39:52,799 | INFO     |   → 476/870: ✅ 0 взято | 🗑️ 2 мусор
2026-05-12 08:39:52,799 | INFO     |   → 477/870: ✅ 4 взято | 🗑️ 291 мусор
2026-05-12 08:39:52,799 | INFO     |   → 478/870: ✅ 0 взято | 🗑️ 119 мусор
2026-05-12 08:39:52,799 | INFO     |   → 479/870: ✅ 0 взято | 🗑️ 0 мусор
2026-05-12 08:39:52,799 | INFO     |   → 480/870 ❌ HTTP 404 — https://raw.githubusercontent.com/V2RAYCONFIGSPOOL/V2RAY_SUB/main/V2RAY_SUB.txt
2026-05-12 08:39:52,799 | INFO     |   → 481/870: ✅ 67 взято | 🗑️ 143 мусор
2026-05-12 08:39:52,799 | INFO     |   → 482/870: ✅ 19 взято | 🗑️ 76 мусор
2026-05-12 08:39:52,799 | INFO     |   → 483/870: ✅ 0 взято | 🗑️ 0 мусор
2026-05-12 08:39:52,799 | INFO     |   → 484/870: ✅ 0 взято | 🗑️ 76 мусор
2026-05-12 08:39:52,799 | INFO     |   → 485/870: ✅ 58 взято | 🗑️ 348 мусор
2026-05-12 08:39:52,800 | INFO     |   → 486/870: ✅ 1 взято | 🗑️ 231 мусор
2026-05-12 08:39:52,800 | INFO     |   → 487/870: ✅ 0 взято | 🗑️ 0 мусор
2026-05-12 08:39:52,800 | INFO     |   → 488/870: ✅ 1 взято | 🗑️ 83 мусор
2026-05-12 08:39:52,800 | INFO     |   → 489/870: ✅ 0 взято | 🗑️ 16 мусор
2026-05-12 08:39:52,800 | INFO     |   → 490/870: ✅ 0 взято | 🗑️ 16 мусор
2026-05-12 08:39:52,800 | INFO     |   → 491/870 ❌ HTTP 404 — https://raw.githubusercontent.com/aiboboxx/clashfree/main/clash.yml
2026-05-12 08:39:52,800 | INFO     |   → 492/870 ❌ HTTP 404 — https://raw.githubusercontent.com/aiboboxx/v2rayfree/main/v2
2026-05-12 08:39:52,800 | INFO     |   → 493/870 ❌ HTTP 404 — https://raw.githubusercontent.com/amirmohammad-mohammad-88/Sub-Reality-Azadi-config/Config/Azadi-Reality-Different
2026-05-12 08:39:52,800 | INFO     |   → 494/870 ❌ HTTP 404 — https://raw.githubusercontent.com/amirmohammad-mohammad-88/Sub-Reality-Azadi-config/Config/Azadi-Reality-Different-Base64
2026-05-12 08:39:52,800 | INFO     |   → 495/870: ✅ 1 взято | 🗑️ 17 мусор
2026-05-12 08:39:52,800 | INFO     |   → 496/870: ✅ 0 взято | 🗑️ 0 мусор
2026-05-12 08:39:52,800 | INFO     |   → 497/870: ✅ 4 взято | 🗑️ 114 мусор
2026-05-12 08:39:52,800 | INFO     |   → 498/870: ✅ 24 взято | 🗑️ 51 мусор
2026-05-12 08:39:52,800 | INFO     |   → 499/870 ❌ HTTP 404 — https://raw.githubusercontent.com/awesome-vpn/awesome-vpn/master/ss
2026-05-12 08:39:52,800 | INFO     |   → 500/870 ❌ HTTP 404 — https://raw.githubusercontent.com/awesome-vpn/awesome-vpn/master/ssr
2026-05-12 08:39:52,800 | INFO     |   → 501/870: ✅ 0 взято | 🗑️ 0 мусор
2026-05-12 08:39:52,800 | INFO     |   → 502/870: ✅ 1 взято | 🗑️ 22 мусор
2026-05-12 08:39:52,800 | INFO     |   → 503/870: ✅ 0 взято | 🗑️ 279 мусор
2026-05-12 08:39:52,800 | INFO     |   → 504/870 ❌ HTTP 404 — https://raw.githubusercontent.com/barry-far/V2ray-Configs/ced94ddfff48276ec365b40227561f36b1b64bc8/Sub5.txt
2026-05-12 08:39:52,800 | INFO     |   → 505/870 ❌ HTTP 404 — https://raw.githubusercontent.com/barry-far/V2ray-Configs/main/Splitted-By-Protocol/hysteria2.txt
2026-05-12 08:39:52,800 | INFO     |   → 506/870 ❌ HTTP 404 — https://raw.githubusercontent.com/barry-far/V2ray-Configs/main/Splitted-By-Protocol/vless.txt
2026-05-12 08:39:52,800 | INFO     |   → 507/870 ❌ HTTP 404 — https://raw.githubusercontent.com/barry-far/V2ray-Configs/main/Sub1.txt
2026-05-12 08:39:52,800 | INFO     |   → 508/870 ❌ HTTP 404 — https://raw.githubusercontent.com/barry-far/V2ray-Configs/refs/heads/main/All_Configs_Sub.txt
2026-05-12 08:39:52,800 | INFO     |   → 509/870: ✅ 0 взято | 🗑️ 0 мусор
2026-05-12 08:39:52,800 | INFO     |   → 510/870 ❌ HTTP 404 — https://raw.githubusercontent.com/budamu/clashconfig/main/v2ray.txt
2026-05-12 08:39:52,800 | INFO     |   → 511/870 ❌ HTTP 404 — https://raw.githubusercontent.com/budamu/clashconfig/main/v2ray2.txt
2026-05-12 08:39:52,800 | INFO     |   → 512/870: ✅ 0 взято | 🗑️ 0 мусор
2026-05-12 08:39:52,801 | INFO     |   → 513/870: ✅ 0 взято | 🗑️ 442 мусор
2026-05-12 08:39:52,801 | INFO     |   → 514/870: ✅ 0 взято | 🗑️ 0 мусор
2026-05-12 08:39:52,801 | INFO     |   → 515/870 ❌ HTTP 404 — https://raw.githubusercontent.com/chxxyz2004/zd/17fca23b73c46b5dd73e9be49b14d219b5e5f836/sub/2401/240110.txt
2026-05-12 08:39:52,801 | INFO     |   → 516/870: ✅ 0 взято | 🗑️ 44 мусор
2026-05-12 08:39:52,801 | INFO     |   → 517/870: ✅ 236 взято | 🗑️ 517 мусор
2026-05-12 08:39:52,801 | INFO     |   → 518/870 ❌ HTTP 404 — https://raw.githubusercontent.com/cxr9912/cxr2022/main/free.yaml
2026-05-12 08:39:52,801 | INFO     |   → 519/870 ❌ HTTP 404 — https://raw.githubusercontent.com/cxr9912/cxr2022/main/mix.yaml
2026-05-12 08:39:52,801 | INFO     |   → 520/870 ❌ HTTP 404 — https://raw.githubusercontent.com/cxr9912/cxr2022/main/ss.yaml
2026-05-12 08:39:52,801 | INFO     |   → 521/870 ❌ HTTP 404 — https://raw.githubusercontent.com/cxr9912/cxr2022/main/ssr.yaml
2026-05-12 08:39:52,801 | INFO     |   → 522/870 ❌ HTTP 404 — https://raw.githubusercontent.com/cxr9912/cxr2022/main/vmess.yaml
2026-05-12 08:39:52,801 | INFO     |   → 523/870 ❌ HTTP 404 — https://raw.githubusercontent.com/cxr9912/cxr2022/refs/heads/main/18cj.json
2026-05-12 08:39:52,801 | INFO     |   → 524/870 ❌ HTTP 404 — https://raw.githubusercontent.com/cxr9912/cxr2022/refs/heads/main/aaaaaaaa.yaml
2026-05-12 08:39:52,801 | INFO     |   → 525/870 ❌ HTTP 404 — https://raw.githubusercontent.com/cxr9912/cxr2022/refs/heads/main/free.yaml
2026-05-12 08:39:52,801 | INFO     |   → 526/870 ❌ HTTP 404 — https://raw.githubusercontent.com/cxr9912/cxr2022/refs/heads/main/ss2088.txt
2026-05-12 08:39:52,801 | INFO     |   → 527/870: ✅ 0 взято | 🗑️ 18 мусор
2026-05-12 08:39:52,801 | INFO     |   → 528/870: ✅ 0 взято | 🗑️ 18 мусор
2026-05-12 08:39:52,801 | INFO     |   → 529/870: ✅ 6 взято | 🗑️ 78 мусор
2026-05-12 08:39:52,801 | INFO     |   → 530/870: ✅ 6 взято | 🗑️ 4 мусор
2026-05-12 08:39:52,801 | INFO     |   → 531/870: ✅ 0 взято | 🗑️ 2 мусор
2026-05-12 08:39:52,801 | INFO     |   → 532/870: ✅ 0 взято | 🗑️ 2 мусор
2026-05-12 08:39:52,801 | INFO     |   → 533/870: ✅ 0 взято | 🗑️ 2 мусор
2026-05-12 08:39:52,801 | INFO     |   → 534/870: ✅ 0 взято | 🗑️ 3 мусор
2026-05-12 08:39:52,801 | INFO     |   → 535/870: ✅ 0 взято | 🗑️ 2 мусор
2026-05-12 08:39:52,801 | INFO     |   → 536/870: ✅ 0 взято | 🗑️ 9 мусор
2026-05-12 08:39:52,801 | INFO     |   → 537/870: ✅ 1 взято | 🗑️ 1 мусор
2026-05-12 08:39:52,801 | INFO     |   → 538/870: ✅ 0 взято | 🗑️ 10 мусор
2026-05-12 08:39:52,801 | INFO     |   → 539/870: ✅ 0 взято | 🗑️ 2 мусор
2026-05-12 08:39:52,802 | INFO     |   → 540/870: ✅ 0 взято | 🗑️ 0 мусор
2026-05-12 08:39:52,802 | INFO     |   → 541/870: ✅ 143 взято | 🗑️ 3912 мусор
2026-05-12 08:39:52,802 | INFO     |   → 542/870: ✅ 49 взято | 🗑️ 77 мусор
2026-05-12 08:39:52,802 | INFO     |   → 543/870: ✅ 6 взято | 🗑️ 113 мусор
2026-05-12 08:39:52,802 | INFO     |   → 544/870: ✅ 0 взято | 🗑️ 0 мусор
2026-05-12 08:39:52,802 | INFO     |   → 545/870: ✅ 1 взято | 🗑️ 25 мусор
2026-05-12 08:39:52,802 | INFO     |   → 546/870: ✅ 0 взято | 🗑️ 0 мусор
2026-05-12 08:39:52,802 | INFO     |   → 547/870: ✅ 13 взято | 🗑️ 19 мусор
2026-05-12 08:39:52,802 | INFO     |   → 548/870: ✅ 0 взято | 🗑️ 5 мусор
2026-05-12 08:39:52,802 | INFO     |   → 549/870: ✅ 2 взято | 🗑️ 80 мусор
2026-05-12 08:39:52,802 | INFO     |   → 550/870 ❌ HTTP 404 — https://raw.githubusercontent.com/free-nodes/v2rayfree/main/v2
2026-05-12 08:39:52,802 | INFO     |   → 551/870 ❌ HTTP 404 — https://raw.githubusercontent.com/free-v2ray-config/trojan/main/trojan.txt
2026-05-12 08:39:52,802 | INFO     |   → 552/870 ❌ HTTP 404 — https://raw.githubusercontent.com/free-v2ray-config/vless/main/vless.txt
2026-05-12 08:39:52,802 | INFO     |   → 553/870 ❌ HTTP 404 — https://raw.githubusercontent.com/free-v2ray-config/vmess/main/vmess.txt
2026-05-12 08:39:52,802 | INFO     |   → 554/870: ✅ 5 взято | 🗑️ 169 мусор
2026-05-12 08:39:52,802 | INFO     |   → 555/870: ✅ 34 взято | 🗑️ 121 мусор
2026-05-12 08:39:52,802 | INFO     |   → 556/870: ✅ 4 взято | 🗑️ 97 мусор
2026-05-12 08:39:52,802 | INFO     |   → 557/870 ❌ HTTP 404 — https://raw.githubusercontent.com/free18/v2ray/main/Clash.yaml
2026-05-12 08:39:52,802 | INFO     |   → 558/870: ✅ 0 взято | 🗑️ 0 мусор
2026-05-12 08:39:52,802 | INFO     |   → 559/870: ✅ 0 взято | 🗑️ 15 мусор
2026-05-12 08:39:52,802 | INFO     |   → 560/870: ✅ 0 взято | 🗑️ 0 мусор
2026-05-12 08:39:52,802 | INFO     |   → 561/870: ✅ 0 взято | 🗑️ 8 мусор
2026-05-12 08:39:52,802 | INFO     |   → 562/870: ✅ 0 взято | 🗑️ 8 мусор
2026-05-12 08:39:52,802 | INFO     |   → 563/870: ✅ 0 взято | 🗑️ 8 мусор
2026-05-12 08:39:52,802 | INFO     |   → 564/870: ✅ 0 взято | 🗑️ 8 мусор
2026-05-12 08:39:52,802 | INFO     |   → 565/870 ❌ HTTP 404 — https://raw.githubusercontent.com/freev2rayconfig/V2RAY_SUB/3e6a7786a1601ee3723e8d043ae79e70dbdfd9a8/v2rayconfigs.txt
2026-05-12 08:39:52,802 | INFO     |   → 566/870 ❌ HTTP 404 — https://raw.githubusercontent.com/freev2rayconfig/V2RAY_SUBSCRIPTION_LINK/main/v2rayconfigs.txt
2026-05-12 08:39:52,802 | INFO     |   → 567/870 ❌ HTTP 404 — https://raw.githubusercontent.com/gfpcom/free-proxy-list/main/list/http.txt
2026-05-12 08:39:52,802 | INFO     |   → 568/870 ❌ HTTP 404 — https://raw.githubusercontent.com/gfpcom/free-proxy-list/main/list/https.txt
2026-05-12 08:39:52,803 | INFO     |   → 569/870 ❌ HTTP 404 — https://raw.githubusercontent.com/gfpcom/free-proxy-list/main/list/socks4.txt
2026-05-12 08:39:52,803 | INFO     |   → 570/870 ❌ HTTP 404 — https://raw.githubusercontent.com/gfpcom/free-proxy-list/main/list/socks4a.txt
2026-05-12 08:39:52,803 | INFO     |   → 571/870 ❌ HTTP 404 — https://raw.githubusercontent.com/gfpcom/free-proxy-list/main/list/socks5.txt
2026-05-12 08:39:52,803 | INFO     |   → 572/870 ❌ HTTP 404 — https://raw.githubusercontent.com/gfpcom/free-proxy-list/main/list/socks5h.txt
2026-05-12 08:39:52,803 | INFO     |   → 573/870 ❌ HTTP 404 — https://raw.githubusercontent.com/gfpcom/free-proxy-list/main/list/ss.txt
2026-05-12 08:39:52,803 | INFO     |   → 574/870 ❌ HTTP 404 — https://raw.githubusercontent.com/gfpcom/free-proxy-list/main/list/ssr.txt
2026-05-12 08:39:52,803 | INFO     |   → 575/870 ❌ HTTP 404 — https://raw.githubusercontent.com/gfpcom/free-proxy-list/main/list/trojan.txt
2026-05-12 08:39:52,803 | INFO     |   → 576/870 ❌ HTTP 404 — https://raw.githubusercontent.com/gfpcom/free-proxy-list/main/list/vless.txt
2026-05-12 08:39:52,803 | INFO     |   → 577/870 ❌ HTTP 404 — https://raw.githubusercontent.com/gfpcom/free-proxy-list/main/list/vmess.txt
2026-05-12 08:39:52,803 | INFO     |   → 578/870: ✅ 0 взято | 🗑️ 17 мусор
2026-05-12 08:39:52,803 | INFO     |   → 579/870: ✅ 0 взято | 🗑️ 0 мусор
2026-05-12 08:39:52,803 | INFO     |   → 580/870: ✅ 4 взято | 🗑️ 63 мусор
2026-05-12 08:39:52,803 | INFO     |   → 581/870 ❌ HTTP 404 — https://raw.githubusercontent.com/hameed-maleki/TVC/89a4522969c57dcc22458cae9898426e5c4f2679/lite/config.txt
2026-05-12 08:39:52,803 | INFO     |   → 582/870: ✅ 5 взято | 🗑️ 132 мусор
2026-05-12 08:39:52,803 | INFO     |   → 583/870: ✅ 0 взято | 🗑️ 56 мусор
2026-05-12 08:39:52,803 | INFO     |   → 584/870 ❌ HTTP 404 — https://raw.githubusercontent.com/hkaa0/permalink/main/proxy/V2ray
2026-05-12 08:39:52,803 | INFO     |   → 585/870 ❌ HTTP 404 — https://raw.githubusercontent.com/hkaa0/permalink/main/proxy/clash
2026-05-12 08:39:52,803 | INFO     |   → 586/870 ❌ HTTP 404 — https://raw.githubusercontent.com/hkpc/Autoproxy/6cf946ddfc677a29062007e4b47d70674474baa7/sub/2401/240110.txt
2026-05-12 08:39:52,803 | INFO     |   → 587/870 ❌ HTTP 404 — https://raw.githubusercontent.com/hkpc/V2ray-Configs/7d9aa0dabf947af180a7dd6302818ed37950531a/Sub1.txt
2026-05-12 08:39:52,803 | INFO     |   → 588/870: ✅ 0 взято | 🗑️ 14 мусор
2026-05-12 08:39:52,803 | INFO     |   → 589/870: ✅ 16 взято | 🗑️ 16 мусор
2026-05-12 08:39:52,803 | INFO     |   → 590/870 ❌ HTTP 404 — https://raw.githubusercontent.com/iboxz/free-v2ray-collector/main/main
2026-05-12 08:39:52,803 | INFO     |   → 591/870: ✅ 11 взято | 🗑️ 15 мусор
2026-05-12 08:39:52,803 | INFO     |   → 592/870: ✅ 9 взято | 🗑️ 6 мусор
2026-05-12 08:39:52,803 | INFO     |   → 593/870: ✅ 57 взято | 🗑️ 252 мусор
2026-05-12 08:39:52,803 | INFO     |   → 594/870 ❌ HTTP 404 — https://raw.githubusercontent.com/igareck/vpn-configs-for-russia/refs/heads/main/Vless-Reality-White-Lists-Rus-Cable.txt
2026-05-12 08:39:52,803 | INFO     |   → 595/870: ✅ 134 взято | 🗑️ 16 мусор
2026-05-12 08:39:52,803 | INFO     |   → 596/870: ✅ 0 взято | 🗑️ 0 мусор
2026-05-12 08:39:52,803 | INFO     |   → 597/870: ✅ 0 взято | 🗑️ 0 мусор
2026-05-12 08:39:52,804 | INFO     |   → 598/870: ✅ 23 взято | 🗑️ 9 мусор
2026-05-12 08:39:52,804 | INFO     |   → 599/870: ✅ 0 взято | 🗑️ 0 мусор
2026-05-12 08:39:52,804 | INFO     |   → 600/870: ✅ 0 взято | 🗑️ 0 мусор
2026-05-12 08:39:52,804 | INFO     |   → 601/870: ✅ 0 взято | 🗑️ 12 мусор
2026-05-12 08:39:52,804 | INFO     |   → 602/870: ✅ 0 взято | 🗑️ 43 мусор
2026-05-12 08:39:52,804 | INFO     |   → 603/870 ❌ HTTP 404 — https://raw.githubusercontent.com/jw853355718/clash_233/master/config.yml
2026-05-12 08:39:52,804 | INFO     |   → 604/870: ✅ 0 взято | 🗑️ 210 мусор
2026-05-12 08:39:52,804 | INFO     |   → 605/870: ✅ 0 взято | 🗑️ 0 мусор
2026-05-12 08:39:52,804 | INFO     |   → 606/870: ✅ 0 взято | 🗑️ 0 мусор
2026-05-12 08:39:52,804 | INFO     |   → 607/870 ❌ HTTP 404 — https://raw.githubusercontent.com/lcx12901/v2ray-/master/sspool.herokuapp.com/yzcloud.yaml
2026-05-12 08:39:52,804 | INFO     |   → 608/870 ❌ HTTP 404 — https://raw.githubusercontent.com/lcx12901/v2ray-/master/sspool.herokuapp.com/yzcloud2.yaml
2026-05-12 08:39:52,804 | INFO     |   → 609/870: ✅ 0 взято | 🗑️ 0 мусор
2026-05-12 08:39:52,804 | INFO     |   → 610/870 ❌ HTTP 404 — https://raw.githubusercontent.com/learnhard-cn/free_proxy_ss/main/clash/config.yaml
2026-05-12 08:39:52,804 | INFO     |   → 611/870: ✅ 0 взято | 🗑️ 8 мусор
2026-05-12 08:39:52,804 | INFO     |   → 612/870: ✅ 0 взято | 🗑️ 4 мусор
2026-05-12 08:39:52,804 | INFO     |   → 613/870: ✅ 0 взято | 🗑️ 0 мусор
2026-05-12 08:39:52,804 | INFO     |   → 614/870: ✅ 0 взято | 🗑️ 4 мусор
2026-05-12 08:39:52,804 | INFO     |   → 615/870: ✅ 0 взято | 🗑️ 149 мусор
2026-05-12 08:39:52,804 | INFO     |   → 616/870: ✅ 0 взято | 🗑️ 421 мусор
2026-05-12 08:39:52,804 | INFO     |   → 617/870 ❌ HTTP 404 — https://raw.githubusercontent.com/lisylva-lee/v2dyku/main/ssr
2026-05-12 08:39:52,804 | INFO     |   → 618/870 ❌ HTTP 404 — https://raw.githubusercontent.com/lisylva-lee/v2dyku/main/v2dy
2026-05-12 08:39:52,804 | INFO     |   → 619/870: ✅ 0 взято | 🗑️ 53 мусор
2026-05-12 08:39:52,804 | INFO     |   → 620/870 ❌ HTTP 404 — https://raw.githubusercontent.com/luxl-1379/merge/77247d23def72b25226dfa741614e9b07a569c72/sub/sub_merge_base64.txt
2026-05-12 08:39:52,804 | INFO     |   → 621/870: ✅ 146 взято | 🗑️ 343 мусор
2026-05-12 08:39:52,804 | INFO     |   → 622/870: ✅ 0 взято | 🗑️ 129 мусор
2026-05-12 08:39:52,804 | INFO     |   → 623/870: ✅ 856 взято | 🗑️ 3985 мусор
2026-05-12 08:39:52,804 | INFO     |   → 624/870: ✅ 0 взято | 🗑️ 0 мусор
2026-05-12 08:39:52,805 | INFO     |   → 625/870: ✅ 0 взято | 🗑️ 3985 мусор
2026-05-12 08:39:52,805 | INFO     |   → 626/870: ✅ 20 взято | 🗑️ 370 мусор
2026-05-12 08:39:52,805 | INFO     |   → 627/870 ❌ HTTP 404 — https://raw.githubusercontent.com/mermeroo/Clash-V2ray/main/v2ray
2026-05-12 08:39:52,805 | INFO     |   → 628/870: ✅ 15 взято | 🗑️ 417 мусор
2026-05-12 08:39:52,805 | INFO     |   → 629/870: ✅ 6 взято | 🗑️ 102 мусор
2026-05-12 08:39:52,805 | INFO     |   → 630/870: ✅ 716 взято | 🗑️ 6258 мусор
2026-05-12 08:39:52,805 | INFO     |   → 631/870: ✅ 8 взято | 🗑️ 853 мусор
2026-05-12 08:39:52,805 | INFO     |   → 632/870: ✅ 32 взято | 🗑️ 69 мусор
2026-05-12 08:39:52,805 | INFO     |   → 633/870 ❌ HTTP 404 — https://raw.githubusercontent.com/mermeroo/free-v2ray-collector/main/main/mix
2026-05-12 08:39:52,805 | INFO     |   → 634/870 ❌ HTTP 404 — https://raw.githubusercontent.com/mermeroo/free-v2ray-collector/main/main/reality
2026-05-12 08:39:52,805 | INFO     |   → 635/870 ❌ HTTP 404 — https://raw.githubusercontent.com/mermeroo/free-v2ray-collector/main/main/shadowsocks
2026-05-12 08:39:52,805 | INFO     |   → 636/870 ❌ HTTP 404 — https://raw.githubusercontent.com/mermeroo/free-v2ray-collector/main/main/trojan
2026-05-12 08:39:52,805 | INFO     |   → 637/870 ❌ HTTP 404 — https://raw.githubusercontent.com/mermeroo/free-v2ray-collector/main/main/vless
2026-05-12 08:39:52,805 | INFO     |   → 638/870 ❌ HTTP 404 — https://raw.githubusercontent.com/mermeroo/free-v2ray-collector/main/main/vmess
2026-05-12 08:39:52,805 | INFO     |   → 639/870 ❌ HTTP 404 — https://raw.githubusercontent.com/mfuu/v2ray/master/merge/merge.txt
2026-05-12 08:39:52,805 | INFO     |   → 640/870: ✅ 0 взято | 🗑️ 304 мусор
2026-05-12 08:39:52,805 | INFO     |   → 641/870: ✅ 0 взято | 🗑️ 304 мусор
2026-05-12 08:39:52,805 | INFO     |   → 642/870: ✅ 493 взято | 🗑️ 13605 мусор
2026-05-12 08:39:52,805 | INFO     |   → 643/870: ✅ 0 взято | 🗑️ 13605 мусор
2026-05-12 08:39:52,805 | INFO     |   → 644/870: ✅ 52 взято | 🗑️ 3191 мусор
2026-05-12 08:39:52,805 | INFO     |   → 645/870: ✅ 0 взято | 🗑️ 1502 мусор
2026-05-12 08:39:52,805 | INFO     |   → 646/870: ✅ 205 взято | 🗑️ 4717 мусор
2026-05-12 08:39:52,805 | INFO     |   → 647/870: ✅ 0 взято | 🗑️ 4156 мусор
2026-05-12 08:39:52,805 | INFO     |   → 648/870 ❌ HTTP 404 — https://raw.githubusercontent.com/mianous/qiren/main/qiren.txt
2026-05-12 08:39:52,805 | INFO     |   → 649/870 ❌ HTTP 404 — https://raw.githubusercontent.com/miladtahanian/V2RayCFGDumper/refs/heads/main/config.txt
2026-05-12 08:39:52,805 | INFO     |   → 650/870 ❌ HTTP 404 — https://raw.githubusercontent.com/miladtahanian/multi-proxy-config-fetcher/refs/heads/main/configs/proxy_configs.txt
2026-05-12 08:39:52,805 | INFO     |   → 651/870: ✅ 0 взято | 🗑️ 0 мусор
2026-05-12 08:39:52,805 | INFO     |   → 652/870: ✅ 0 взято | 🗑️ 0 мусор
2026-05-12 08:39:52,806 | INFO     |   → 653/870: ✅ 0 взято | 🗑️ 0 мусор
2026-05-12 08:39:52,806 | INFO     |   → 654/870: ✅ 15 взято | 🗑️ 46 мусор
2026-05-12 08:39:52,806 | INFO     |   → 655/870: ✅ 0 взято | 🗑️ 252 мусор
2026-05-12 08:39:52,806 | INFO     |   → 656/870: ✅ 0 взято | 🗑️ 0 мусор
2026-05-12 08:39:52,806 | INFO     |   → 657/870: ✅ 28 взято | 🗑️ 93 мусор
2026-05-12 08:39:52,806 | INFO     |   → 658/870: ✅ 0 взято | 🗑️ 0 мусор
2026-05-12 08:39:52,806 | INFO     |   → 659/870: ✅ 15 взято | 🗑️ 70 мусор
2026-05-12 08:39:52,806 | INFO     |   → 660/870: ✅ 127 взято | 🗑️ 492 мусор
2026-05-12 08:39:52,806 | INFO     |   → 661/870: ✅ 331 взято | 🗑️ 190 мусор
2026-05-12 08:39:52,806 | INFO     |   → 662/870: ✅ 27 взято | 🗑️ 731 мусор
2026-05-12 08:39:52,806 | INFO     |   → 663/870 ❌ HTTP 404 — https://raw.githubusercontent.com/obscure1990/freeVM/master/snippets/nodes.yml
2026-05-12 08:39:52,806 | INFO     |   → 664/870 ❌ HTTP 404 — https://raw.githubusercontent.com/op30mmd/things/909b38024ba14d69dc0f95c238f63bc6e930a00f/eut.txt
2026-05-12 08:39:52,806 | INFO     |   → 665/870 ❌ HTTP 404 — https://raw.githubusercontent.com/openRunner/clash-freenode/main/v2ray.txt
2026-05-12 08:39:52,806 | INFO     |   → 666/870 ❌ HTTP 404 — https://raw.githubusercontent.com/oslook/clash-freenode/main/clash.yaml
2026-05-12 08:39:52,806 | INFO     |   → 667/870: ✅ 0 взято | 🗑️ 0 мусор
2026-05-12 08:39:52,806 | INFO     |   → 668/870: ✅ 4 взято | 🗑️ 1 мусор
2026-05-12 08:39:52,806 | INFO     |   → 669/870: ✅ 0 взято | 🗑️ 0 мусор
2026-05-12 08:39:52,806 | INFO     |   → 670/870: ✅ 9 взято | 🗑️ 234 мусор
2026-05-12 08:39:52,806 | INFO     |   → 671/870: ✅ 0 взято | 🗑️ 0 мусор
2026-05-12 08:39:52,806 | INFO     |   → 672/870: ✅ 0 взято | 🗑️ 0 мусор
2026-05-12 08:39:52,806 | INFO     |   → 673/870: ✅ 0 взято | 🗑️ 19 мусор
2026-05-12 08:39:52,806 | INFO     |   → 674/870: ✅ 0 взято | 🗑️ 44 мусор
2026-05-12 08:39:52,806 | INFO     |   → 675/870: ✅ 63 взято | 🗑️ 521 мусор
2026-05-12 08:39:52,806 | INFO     |   → 676/870: ✅ 165 взято | 🗑️ 273 мусор
2026-05-12 08:39:52,806 | INFO     |   → 677/870: ✅ 0 взято | 🗑️ 0 мусор
2026-05-12 08:39:52,806 | INFO     |   → 678/870: ✅ 28 взято | 🗑️ 211 мусор
2026-05-12 08:39:52,806 | INFO     |   → 679/870: ✅ 0 взято | 🗑️ 79 мусор
2026-05-12 08:39:52,806 | INFO     |   → 680/870: ✅ 13 взято | 🗑️ 32 мусор
2026-05-12 08:39:52,806 | INFO     |   → 681/870: ✅ 0 взято | 🗑️ 0 мусор
2026-05-12 08:39:52,806 | INFO     |   → 682/870: ✅ 2 взято | 🗑️ 9 мусор
2026-05-12 08:39:52,806 | INFO     |   → 683/870: ✅ 11 взято | 🗑️ 76 мусор
2026-05-12 08:39:52,806 | INFO     |   → 684/870: ✅ 0 взято | 🗑️ 168 мусор
2026-05-12 08:39:52,806 | INFO     |   → 685/870: ✅ 0 взято | 🗑️ 79 мусор
2026-05-12 08:39:52,806 | INFO     |   → 686/870: ✅ 0 взято | 🗑️ 16 мусор
2026-05-12 08:39:52,806 | INFO     |   → 687/870 ❌ HTTP 404 — https://raw.githubusercontent.com/ronghuaxueleng/get_v2/main/pub/changfengoss.yaml
2026-05-12 08:39:52,806 | INFO     |   → 688/870: ✅ 0 взято | 🗑️ 0 мусор
2026-05-12 08:39:52,806 | INFO     |   → 689/870: ✅ 49 взято | 🗑️ 96 мусор
2026-05-12 08:39:52,806 | INFO     |   → 690/870: ✅ 0 взято | 🗑️ 96 мусор
2026-05-12 08:39:52,806 | INFO     |   → 691/870 ❌ HTTP 404 — https://raw.githubusercontent.com/rxsweet/CM_Vmess/refs/heads/main/test.txt
2026-05-12 08:39:52,806 | INFO     |   → 692/870 ❌ HTTP 404 — https://raw.githubusercontent.com/rxsweet/proxies/main/sub/free.yaml
2026-05-12 08:39:52,806 | INFO     |   → 693/870 ❌ HTTP 404 — https://raw.githubusercontent.com/rxsweet/proxies/main/sub/rx.yaml
2026-05-12 08:39:52,806 | INFO     |   → 694/870 ❌ HTTP 404 — https://raw.githubusercontent.com/rxsweet/proxies/main/sub/sources/dynamicAll.yaml
2026-05-12 08:39:52,806 | INFO     |   → 695/870 ❌ HTTP 404 — https://raw.githubusercontent.com/rxsweet/proxies/main/sub/sources/miningAll.yaml
2026-05-12 08:39:52,806 | INFO     |   → 696/870 ❌ HTTP 404 — https://raw.githubusercontent.com/rxsweet/proxies/main/sub/srx.yaml
2026-05-12 08:39:52,807 | INFO     |   → 697/870 ❌ HTTP 404 — https://raw.githubusercontent.com/sajad-sajadi/V2ray-Collector/raw/main/output/protocols/vmess.txt
2026-05-12 08:39:52,807 | INFO     |   → 698/870 ❌ HTTP 404 — https://raw.githubusercontent.com/sakha1370/OpenRay/raw/refs/heads/main/output/all_valid_proxies.txt
2026-05-12 08:39:52,807 | INFO     |   → 699/870: ✅ 53 взято | 🗑️ 399 мусор
2026-05-12 08:39:52,807 | INFO     |   → 700/870: ✅ 0 взято | 🗑️ 399 мусор
2026-05-12 08:39:52,807 | INFO     |   → 701/870 ❌ HTTP 404 — https://raw.githubusercontent.com/samjoeyang/subscribe/main/fly
2026-05-12 08:39:52,807 | INFO     |   → 702/870: ✅ 0 взято | 🗑️ 0 мусор
2026-05-12 08:39:52,807 | INFO     |   → 703/870 ❌ HTTP 404 — https://raw.githubusercontent.com/sarina-ad/v2ray/main/v2ray
2026-05-12 08:39:52,807 | INFO     |   → 704/870 ❌ HTTP 404 — https://raw.githubusercontent.com/satrom/V2SSR/master/SSR/Sub.txt
2026-05-12 08:39:52,807 | INFO     |   → 705/870 ❌ HTTP 404 — https://raw.githubusercontent.com/satrom/V2SSR/master/V2RAY/Sub.txt
2026-05-12 08:39:52,807 | INFO     |   → 706/870: ✅ 648 взято | 🗑️ 26098 мусор
2026-05-12 08:39:52,807 | INFO     |   → 707/870: ✅ 0 взято | 🗑️ 0 мусор
2026-05-12 08:39:52,807 | INFO     |   → 708/870: ✅ 0 взято | 🗑️ 0 мусор
2026-05-12 08:39:52,807 | INFO     |   → 709/870: ✅ 3 взято | 🗑️ 49 мусор
2026-05-12 08:39:52,807 | INFO     |   → 710/870: ✅ 104 взято | 🗑️ 1315 мусор
2026-05-12 08:39:52,807 | INFO     |   → 711/870: ✅ 0 взято | 🗑️ 665 мусор
2026-05-12 08:39:52,807 | INFO     |   → 712/870: ✅ 0 взято | 🗑️ 38 мусор
2026-05-12 08:39:52,807 | INFO     |   → 713/870: ✅ 0 взято | 🗑️ 596 мусор
2026-05-12 08:39:52,807 | INFO     |   → 714/870: ✅ 0 взято | 🗑️ 16 мусор
2026-05-12 08:39:52,807 | INFO     |   → 715/870: ✅ 0 взято | 🗑️ 1315 мусор
2026-05-12 08:39:52,807 | INFO     |   → 716/870: ✅ 0 взято | 🗑️ 0 мусор
2026-05-12 08:39:52,807 | INFO     |   → 717/870 ❌ HTTP 404 — https://raw.githubusercontent.com/shirkerboy/scp/main/sub
2026-05-12 08:39:52,807 | INFO     |   → 718/870 ❌ HTTP 404 — https://raw.githubusercontent.com/snakem982/proxypool/main/nodelist.txt
2026-05-12 08:39:52,807 | INFO     |   → 719/870: ✅ 13 взято | 🗑️ 27 мусор
2026-05-12 08:39:52,807 | INFO     |   → 720/870 ❌ HTTP 404 — https://raw.githubusercontent.com/snakem982/proxypool/main/source/v2ray.txt
2026-05-12 08:39:52,808 | INFO     |   → 721/870 ❌ HTTP 404 — https://raw.githubusercontent.com/soroushmirzaei/telegram-configs-collector/main/channels/protocols/hysteria
2026-05-12 08:39:52,808 | INFO     |   → 722/870 ❌ HTTP 404 — https://raw.githubusercontent.com/soroushmirzaei/telegram-configs-collector/main/channels/protocols/juicity
2026-05-12 08:39:52,808 | INFO     |   → 723/870 ❌ HTTP 404 — https://raw.githubusercontent.com/soroushmirzaei/telegram-configs-collector/main/channels/protocols/reality
2026-05-12 08:39:52,808 | INFO     |   → 724/870 ❌ HTTP 404 — https://raw.githubusercontent.com/soroushmirzaei/telegram-configs-collector/main/channels/protocols/shadowsocks
2026-05-12 08:39:52,808 | INFO     |   → 725/870 ❌ HTTP 404 — https://raw.githubusercontent.com/soroushmirzaei/telegram-configs-collector/main/channels/protocols/trojan
2026-05-12 08:39:52,808 | INFO     |   → 726/870 ❌ HTTP 404 — https://raw.githubusercontent.com/soroushmirzaei/telegram-configs-collector/main/channels/protocols/tuic
2026-05-12 08:39:52,808 | INFO     |   → 727/870 ❌ HTTP 404 — https://raw.githubusercontent.com/soroushmirzaei/telegram-configs-collector/main/channels/protocols/vless
2026-05-12 08:39:52,808 | INFO     |   → 728/870 ❌ HTTP 404 — https://raw.githubusercontent.com/soroushmirzaei/telegram-configs-collector/main/channels/protocols/vmess
2026-05-12 08:39:52,808 | INFO     |   → 729/870 ❌ HTTP 404 — https://raw.githubusercontent.com/soroushmirzaei/telegram-configs-collector/main/countries/jp/mixed
2026-05-12 08:39:52,808 | INFO     |   → 730/870 ❌ HTTP 404 — https://raw.githubusercontent.com/soroushmirzaei/telegram-configs-collector/main/protocols/hysteria
2026-05-12 08:39:52,808 | INFO     |   → 731/870 ❌ HTTP 404 — https://raw.githubusercontent.com/soroushmirzaei/telegram-configs-collector/main/protocols/juicity
2026-05-12 08:39:52,808 | INFO     |   → 732/870 ❌ HTTP 404 — https://raw.githubusercontent.com/soroushmirzaei/telegram-configs-collector/main/protocols/reality
2026-05-12 08:39:52,808 | INFO     |   → 733/870 ❌ HTTP 404 — https://raw.githubusercontent.com/soroushmirzaei/telegram-configs-collector/main/protocols/shadowsocks
2026-05-12 08:39:52,808 | INFO     |   → 734/870 ❌ HTTP 404 — https://raw.githubusercontent.com/soroushmirzaei/telegram-configs-collector/main/protocols/trojan
2026-05-12 08:39:52,808 | INFO     |   → 735/870 ❌ HTTP 404 — https://raw.githubusercontent.com/soroushmirzaei/telegram-configs-collector/main/protocols/tuic
2026-05-12 08:39:52,808 | INFO     |   → 736/870 ❌ HTTP 404 — https://raw.githubusercontent.com/soroushmirzaei/telegram-configs-collector/main/protocols/vless
2026-05-12 08:39:52,808 | INFO     |   → 737/870 ❌ HTTP 404 — https://raw.githubusercontent.com/soroushmirzaei/telegram-configs-collector/main/protocols/vmess
2026-05-12 08:39:52,808 | INFO     |   → 738/870 ❌ HTTP 404 — https://raw.githubusercontent.com/soroushmirzaei/telegram-configs-collector/main/splitted/subscribe
2026-05-12 08:39:52,808 | INFO     |   → 739/870 ❌ HTTP 404 — https://raw.githubusercontent.com/ssrsub/ssr/master/Clash.yml
2026-05-12 08:39:52,808 | INFO     |   → 740/870 ❌ HTTP 404 — https://raw.githubusercontent.com/ssrsub/ssr/master/V2Ray
2026-05-12 08:39:52,808 | INFO     |   → 741/870 ❌ HTTP 404 — https://raw.githubusercontent.com/ssrsub/ssr/master/ss-sub
2026-05-12 08:39:52,808 | INFO     |   → 742/870 ❌ HTTP 404 — https://raw.githubusercontent.com/ssrsub/ssr/master/ssrsub
2026-05-12 08:39:52,808 | INFO     |   → 743/870 ❌ HTTP 404 — https://raw.githubusercontent.com/ssrsub/ssr/master/trojan
2026-05-12 08:39:52,808 | INFO     |   → 744/870: ✅ 0 взято | 🗑️ 0 мусор
2026-05-12 08:39:52,808 | INFO     |   → 745/870: ✅ 2 взято | 🗑️ 12 мусор
2026-05-12 08:39:52,808 | INFO     |   → 746/870: ✅ 0 взято | 🗑️ 13 мусор
2026-05-12 08:39:52,808 | INFO     |   → 747/870: ✅ 0 взято | 🗑️ 13 мусор
2026-05-12 08:39:52,808 | INFO     |   → 748/870 ❌ HTTP 404 — https://raw.githubusercontent.com/tbbatbb/Proxy/master/dist/clash.config.yaml
2026-05-12 08:39:52,808 | INFO     |   → 749/870: ✅ 2 взято | 🗑️ 35 мусор
2026-05-12 08:39:52,808 | INFO     |   → 750/870: ✅ 0 взято | 🗑️ 0 мусор
2026-05-12 08:39:52,809 | INFO     |   → 751/870: ✅ 5 взято | 🗑️ 111 мусор
2026-05-12 08:39:52,809 | INFO     |   → 752/870: ✅ 0 взято | 🗑️ 0 мусор
2026-05-12 08:39:52,809 | INFO     |   → 753/870: ✅ 0 взято | 🗑️ 57 мусор
2026-05-12 08:39:52,809 | INFO     |   → 754/870 ❌ HTTP 404 — https://raw.githubusercontent.com/v2clash/Autoproxy/a81f840ab2364124133572ec94e4b81fb0d4e58d/sub/2401/240104.txt
2026-05-12 08:39:52,809 | INFO     |   → 755/870 ❌ HTTP 404 — https://raw.githubusercontent.com/v2clash/V2ray-Configs/31f493c584d0c7b56350f4a34d80c53ad82bcc18/Sub9.txt
2026-05-12 08:39:52,809 | INFO     |   → 756/870: ✅ 0 взято | 🗑️ 0 мусор
2026-05-12 08:39:52,809 | INFO     |   → 757/870: ✅ 0 взято | 🗑️ 0 мусор
2026-05-12 08:39:52,809 | INFO     |   → 758/870: ✅ 0 взято | 🗑️ 0 мусор
2026-05-12 08:39:52,809 | INFO     |   → 759/870: ✅ 283 взято | 🗑️ 9640 мусор
2026-05-12 08:39:52,809 | INFO     |   → 760/870: ✅ 281 взято | 🗑️ 10086 мусор
2026-05-12 08:39:52,809 | INFO     |   → 761/870: ✅ 280 взято | 🗑️ 9675 мусор
2026-05-12 08:39:52,809 | INFO     |   → 762/870: ✅ 334 взято | 🗑️ 9823 мусор
2026-05-12 08:39:52,809 | INFO     |   → 763/870: ✅ 350 взято | 🗑️ 9639 мусор
2026-05-12 08:39:52,809 | INFO     |   → 764/870: ✅ 125 взято | 🗑️ 7919 мусор
2026-05-12 08:39:52,809 | INFO     |   → 765/870: ✅ 135 взято | 🗑️ 4836 мусор
2026-05-12 08:39:52,809 | INFO     |   → 766/870: ✅ 502 взято | 🗑️ 7659 мусор
2026-05-12 08:39:52,809 | INFO     |   → 767/870: ✅ 631 взято | 🗑️ 8081 мусор
2026-05-12 08:39:52,809 | INFO     |   → 768/870: ✅ 202 взято | 🗑️ 5131 мусор
2026-05-12 08:39:52,809 | INFO     |   → 769/870 ❌ HTTP 404 — https://raw.githubusercontent.com/vveg26/chromego_merge/main/sub/merged_proxies.yaml
2026-05-12 08:39:52,809 | INFO     |   → 770/870 ❌ HTTP 404 — https://raw.githubusercontent.com/vveg26/get_proxy/main/dist/clash.config.yaml
2026-05-12 08:39:52,809 | INFO     |   → 771/870: ✅ 0 взято | 🗑️ 10 мусор
2026-05-12 08:39:52,809 | INFO     |   → 772/870: ✅ 0 взято | 🗑️ 10 мусор
2026-05-12 08:39:52,809 | INFO     |   → 773/870: ✅ 0 взято | 🗑️ 4 мусор
2026-05-12 08:39:52,809 | INFO     |   → 774/870: ✅ 0 взято | 🗑️ 0 мусор
2026-05-12 08:39:52,809 | INFO     |   → 775/870: ✅ 0 взято | 🗑️ 4 мусор
2026-05-12 08:39:52,809 | INFO     |   → 776/870: ✅ 106 взято | 🗑️ 689 мусор
2026-05-12 08:39:52,809 | INFO     |   → 777/870: ✅ 48 взято | 🗑️ 841 мусор
2026-05-12 08:39:52,809 | INFO     |   → 778/870: ✅ 21 взято | 🗑️ 789 мусор
2026-05-12 08:39:52,809 | INFO     |   → 779/870: ✅ 24 взято | 🗑️ 774 мусор
2026-05-12 08:39:52,810 | INFO     |   → 780/870: ✅ 52 взято | 🗑️ 756 мусор
2026-05-12 08:39:52,810 | INFO     |   → 781/870: ✅ 191 взято | 🗑️ 745 мусор
2026-05-12 08:39:52,810 | INFO     |   → 782/870: ✅ 9 взято | 🗑️ 651 мусор
2026-05-12 08:39:52,810 | INFO     |   → 783/870: ✅ 185 взято | 🗑️ 388 мусор
2026-05-12 08:39:52,810 | INFO     |   → 784/870: ✅ 130 взято | 🗑️ 523 мусор
2026-05-12 08:39:52,810 | INFO     |   → 785/870: ✅ 67 взято | 🗑️ 533 мусор
2026-05-12 08:39:52,810 | INFO     |   → 786/870: ✅ 98 взято | 🗑️ 444 мусор
2026-05-12 08:39:52,810 | INFO     |   → 787/870: ✅ 102 взято | 🗑️ 670 мусор
2026-05-12 08:39:52,810 | INFO     |   → 788/870: ✅ 86 взято | 🗑️ 476 мусор
2026-05-12 08:39:52,810 | INFO     |   → 789/870: ✅ 95 взято | 🗑️ 657 мусор
2026-05-12 08:39:52,810 | INFO     |   → 790/870: ✅ 105 взято | 🗑️ 645 мусор
2026-05-12 08:39:52,810 | INFO     |   → 791/870: ✅ 115 взято | 🗑️ 985 мусор
2026-05-12 08:39:52,810 | INFO     |   → 792/870: ✅ 6 взято | 🗑️ 63 мусор
2026-05-12 08:39:52,810 | INFO     |   → 793/870: ✅ 7 взято | 🗑️ 62 мусор
2026-05-12 08:39:52,810 | INFO     |   → 794/870: ✅ 39 взято | 🗑️ 489 мусор
2026-05-12 08:39:52,810 | INFO     |   → 795/870: ✅ 0 взято | 🗑️ 0 мусор
2026-05-12 08:39:52,810 | INFO     |   → 796/870: ✅ 0 взято | 🗑️ 0 мусор
2026-05-12 08:39:52,810 | INFO     |   → 797/870: ✅ 0 взято | 🗑️ 0 мусор
2026-05-12 08:39:52,810 | INFO     |   → 798/870: ✅ 0 взято | 🗑️ 0 мусор
2026-05-12 08:39:52,810 | INFO     |   → 799/870: ✅ 0 взято | 🗑️ 0 мусор
2026-05-12 08:39:52,810 | INFO     |   → 800/870: ✅ 0 взято | 🗑️ 52 мусор
2026-05-12 08:39:52,810 | INFO     |   → 801/870: ✅ 5 взято | 🗑️ 10 мусор
2026-05-12 08:39:52,810 | INFO     |   → 802/870: ✅ 1 взято | 🗑️ 124 мусор
2026-05-12 08:39:52,810 | INFO     |   → 803/870: ✅ 122 взято | 🗑️ 106 мусор
2026-05-12 08:39:52,810 | INFO     |   → 804/870: ✅ 0 взято | 🗑️ 9 мусор
2026-05-12 08:39:52,810 | INFO     |   → 805/870: ✅ 44 взято | 🗑️ 553 мусор
2026-05-12 08:39:52,810 | INFO     |   → 806/870 ❌ HTTP 404 — https://raw.githubusercontent.com/xiaozhu2007/xiaozhu2007/61a755a044dbaeea678bc2d1e20f21a21c6d7170/docs/fxxk.txt
2026-05-12 08:39:52,811 | INFO     |   → 807/870: ✅ 1 взято | 🗑️ 159 мусор
2026-05-12 08:39:52,811 | INFO     |   → 808/870: ✅ 0 взято | 🗑️ 22 мусор
2026-05-12 08:39:52,811 | INFO     |   → 809/870: ✅ 0 взято | 🗑️ 0 мусор
2026-05-12 08:39:52,811 | INFO     |   → 810/870 ❌ HTTP 404 — https://raw.githubusercontent.com/yebekhe/TVC/0f745f92bf381e505f1245abbc7c145b19b11503/config.txt
2026-05-12 08:39:52,811 | INFO     |   → 811/870 ❌ HTTP 404 — https://raw.githubusercontent.com/yebekhe/TVC/9fac69239c69327fb7a61f5a8d79d107133889e1/lite/config.txt
2026-05-12 08:39:52,811 | INFO     |   → 812/870 ❌ HTTP 404 — https://raw.githubusercontent.com/yebekhe/TelegramV2rayCollector/main/sub/normal/donated
2026-05-12 08:39:52,811 | INFO     |   → 813/870 ❌ HTTP 404 — https://raw.githubusercontent.com/yebekhe/TelegramV2rayCollector/main/sub/normal/hysteria2
2026-05-12 08:39:52,811 | INFO     |   → 814/870 ❌ HTTP 404 — https://raw.githubusercontent.com/yebekhe/TelegramV2rayCollector/main/sub/normal/mix
2026-05-12 08:39:52,811 | INFO     |   → 815/870 ❌ HTTP 404 — https://raw.githubusercontent.com/yebekhe/TelegramV2rayCollector/main/sub/normal/reality
2026-05-12 08:39:52,811 | INFO     |   → 816/870 ❌ HTTP 404 — https://raw.githubusercontent.com/yebekhe/TelegramV2rayCollector/main/sub/normal/shadowsocks
2026-05-12 08:39:52,811 | INFO     |   → 817/870 ❌ HTTP 404 — https://raw.githubusercontent.com/yebekhe/TelegramV2rayCollector/main/sub/normal/trojan
2026-05-12 08:39:52,811 | INFO     |   → 818/870 ❌ HTTP 404 — https://raw.githubusercontent.com/yebekhe/TelegramV2rayCollector/main/sub/normal/tuic
2026-05-12 08:39:52,811 | INFO     |   → 819/870 ❌ HTTP 404 — https://raw.githubusercontent.com/yebekhe/TelegramV2rayCollector/main/sub/normal/vless
2026-05-12 08:39:52,811 | INFO     |   → 820/870 ❌ HTTP 404 — https://raw.githubusercontent.com/yebekhe/TelegramV2rayCollector/main/sub/normal/vmess
2026-05-12 08:39:52,811 | INFO     |   → 821/870 ❌ HTTP 404 — https://raw.githubusercontent.com/yebekhe/V2Hub/main/Split/Normal/shadowsocks
2026-05-12 08:39:52,811 | INFO     |   → 822/870 ❌ HTTP 404 — https://raw.githubusercontent.com/yebekhe/V2Hub/main/merged
2026-05-12 08:39:52,811 | INFO     |   → 823/870: ✅ 0 взято | 🗑️ 30 мусор
2026-05-12 08:39:52,811 | INFO     |   → 824/870: ✅ 955 взято | 🗑️ 7631 мусор
2026-05-12 08:39:52,811 | INFO     |   → 825/870: ✅ 6 взято | 🗑️ 341 мусор
2026-05-12 08:39:52,811 | INFO     |   → 826/870: ✅ 7 взято | 🗑️ 252 мусор
2026-05-12 08:39:52,811 | INFO     |   → 827/870: ✅ 304 взято | 🗑️ 169 мусор
2026-05-12 08:39:52,811 | INFO     |   → 828/870: ✅ 0 взято | 🗑️ 1555 мусор
2026-05-12 08:39:52,811 | INFO     |   → 829/870: ✅ 2 взято | 🗑️ 394 мусор
2026-05-12 08:39:52,811 | INFO     |   → 830/870 ❌ HTTP 404 — https://raw.githubusercontent.com/yyyr-otz/tele-providers-collector/019cb3e07ee52fddbc7caa54fc670c6b9bae6539/sub/proxies.txt
2026-05-12 08:39:52,811 | INFO     |   → 831/870 ❌ HTTP 404 — https://raw.githubusercontent.com/yyyr-otz/tele-providers-collector/b7a74ee98bcf02c5a507d688a1bed3aa9f7f4ed1/script/raw/protocols/mixed.txt
2026-05-12 08:39:52,811 | INFO     |   → 832/870: ✅ 0 взято | 🗑️ 0 мусор
2026-05-12 08:39:52,811 | INFO     |   → 833/870: ✅ 0 взято | 🗑️ 0 мусор
2026-05-12 08:39:52,811 | INFO     |   → 834/870: ✅ 1 взято | 🗑️ 18 мусор
2026-05-12 08:39:52,811 | INFO     |   → 835/870: ✅ 28 взято | 🗑️ 998 мусор
2026-05-12 08:39:52,811 | INFO     |   → 836/870: ✅ 0 взято | 🗑️ 5 мусор
2026-05-12 08:39:52,811 | INFO     |   → 837/870: ✅ 0 взято | 🗑️ 0 мусор
2026-05-12 08:39:52,812 | INFO     |   → 838/870 ⚠️ Ошибка: ('Connection aborted.', RemoteDisconnected('Remote end closed connection without response')) — https://sub.pmsub.me/clash.yaml
2026-05-12 08:39:52,812 | INFO     |   → 839/870: ✅ 0 взято | 🗑️ 1 мусор
2026-05-12 08:39:52,812 | INFO     |   → 840/870: ✅ 8 взято | 🗑️ 21 мусор
2026-05-12 08:39:52,812 | INFO     |   → 841/870: ✅ 0 взято | 🗑️ 0 мусор
2026-05-12 08:39:52,812 | INFO     |   → 842/870: ✅ 9 взято | 🗑️ 19 мусор
2026-05-12 08:39:52,812 | INFO     |   → 843/870: ✅ 0 взято | 🗑️ 0 мусор
2026-05-12 08:39:52,812 | INFO     |   → 844/870: ✅ 2 взято | 🗑️ 14 мусор
2026-05-12 08:39:52,812 | INFO     |   → 845/870: ✅ 4 взято | 🗑️ 22 мусор
2026-05-12 08:39:52,812 | INFO     |   → 846/870: ✅ 0 взято | 🗑️ 0 мусор
2026-05-12 08:39:52,812 | INFO     |   → 847/870: ✅ 0 взято | 🗑️ 0 мусор
2026-05-12 08:39:52,812 | INFO     |   → 848/870: ✅ 0 взято | 🗑️ 0 мусор
2026-05-12 08:39:52,812 | INFO     |   → 849/870: ✅ 2 взято | 🗑️ 16 мусор
2026-05-12 08:39:52,812 | INFO     |   → 850/870: ✅ 0 взято | 🗑️ 0 мусор
2026-05-12 08:39:52,812 | INFO     |   → 851/870: ✅ 4 взято | 🗑️ 7 мусор
2026-05-12 08:39:52,812 | INFO     |   → 852/870: ✅ 0 взято | 🗑️ 0 мусор
2026-05-12 08:39:52,812 | INFO     |   → 853/870: ✅ 6 взято | 🗑️ 14 мусор
2026-05-12 08:39:52,812 | INFO     |   → 854/870: ✅ 0 взято | 🗑️ 0 мусор
2026-05-12 08:39:52,812 | INFO     |   → 855/870: ✅ 2 взято | 🗑️ 13 мусор
2026-05-12 08:39:52,812 | INFO     |   → 856/870: ✅ 0 взято | 🗑️ 0 мусор
2026-05-12 08:39:52,812 | INFO     |   → 857/870: ✅ 0 взято | 🗑️ 0 мусор
2026-05-12 08:39:52,812 | INFO     |   → 858/870: ✅ 2 взято | 🗑️ 7 мусор
2026-05-12 08:39:52,812 | INFO     |   → 859/870: ✅ 2 взято | 🗑️ 14 мусор
2026-05-12 08:39:52,812 | INFO     |   → 860/870: ✅ 2 взято | 🗑️ 14 мусор
2026-05-12 08:39:52,812 | INFO     |   → 861/870: ✅ 0 взято | 🗑️ 0 мусор
2026-05-12 08:39:52,812 | INFO     |   → 862/870: ✅ 3 взято | 🗑️ 22 мусор
2026-05-12 08:39:52,812 | INFO     |   → 863/870: ✅ 0 взято | 🗑️ 0 мусор
2026-05-12 08:39:52,812 | INFO     |   → 864/870: ✅ 2 взято | 🗑️ 15 мусор
2026-05-12 08:39:52,812 | INFO     |   → 865/870: ✅ 3 взято | 🗑️ 12 мусор
2026-05-12 08:39:52,812 | INFO     |   → 866/870: ✅ 0 взято | 🗑️ 0 мусор
2026-05-12 08:39:52,812 | INFO     |   → 867/870: ✅ 0 взято | 🗑️ 0 мусор
2026-05-12 08:39:52,812 | INFO     |   → 868/870: ✅ 0 взято | 🗑️ 0 мусор
2026-05-12 08:39:52,812 | INFO     |   → 869/870: ✅ 4 взято | 🗑️ 11 мусор
2026-05-12 08:39:52,812 | INFO     |   → 870/870: ✅ 0 взято | 🗑️ 19 мусор
2026-05-12 08:39:52,812 | INFO     |   → ✅ ГОТОВО!
2026-05-12 08:39:52,812 | INFO     |   →    📥 Всего ключей после фильтра: 16339
2026-05-12 08:39:52,812 | INFO     |   →    🔗 Уникальных IP:PORT:SCHEME: 9962
2026-05-12 08:39:52,812 | INFO     |   →    🗑️ Выброшено мусора: 269335
2026-05-12 08:39:52,812 | INFO     |   → 📊 По протоколам:
2026-05-12 08:39:52,812 | INFO     |   →    vless: 3427
2026-05-12 08:39:52,812 | INFO     |   →    vmess: 3458
2026-05-12 08:39:52,812 | INFO     |   →    trojan: 1064
2026-05-12 08:39:52,812 | INFO     |   →    ss: 1858
2026-05-12 08:39:52,812 | INFO     |   →    hysteria: 13
2026-05-12 08:39:52,812 | INFO     |   →    hysteria2: 30
2026-05-12 08:39:52,812 | INFO     |   →    hy2: 59
2026-05-12 08:39:52,812 | INFO     |   →    tuic: 53
2026-05-12 08:39:52,813 | INFO     | ✅ mirror.py завершён успешно
2026-05-12 08:39:52,813 | INFO     | 
2026-05-12 08:39:52,813 | INFO     | 
2026-05-12 08:39:52,813 | INFO     | ──────────────────────────────────────────────────────────────────────
2026-05-12 08:39:52,813 | INFO     | 📌 ЭТАП: Фильтрация по реальному SNI
2026-05-12 08:39:52,813 | INFO     | ──────────────────────────────────────────────────────────────────────
2026-05-12 08:39:52,813 | INFO     | 🚀 Запуск filter_ru_sni.py (Фильтр по реальному SNI (CDN+RU))...
2026-05-12 08:39:53,029 | INFO     |   → hy2.txt: 59 → 19 (SNI-filtered)
2026-05-12 08:39:53,029 | INFO     |   →   hysteria.txt: 13 → 0 (SNI-filtered)
2026-05-12 08:39:53,029 | INFO     |   →   hysteria2.txt: 30 → 4 (SNI-filtered)
2026-05-12 08:39:53,029 | INFO     |   →   ss.txt: 1858 → 0 (SNI-filtered)
2026-05-12 08:39:53,029 | INFO     |   →   trojan.txt: 1064 → 4 (SNI-filtered)
2026-05-12 08:39:53,029 | INFO     |   →   tuic.txt: 53 → 0 (SNI-filtered)
2026-05-12 08:39:53,029 | INFO     |   →   vless.txt: 3427 → 452 (SNI-filtered)
2026-05-12 08:39:53,029 | INFO     |   →   vmess.txt: 3458 → 38 (SNI-filtered)
2026-05-12 08:39:53,029 | INFO     |   → ==================================================
2026-05-12 08:39:53,029 | INFO     |   →   Всего входных:  9962
2026-05-12 08:39:53,029 | INFO     |   →   Прошли фильтр:  517
2026-05-12 08:39:53,029 | INFO     |   →   Отброшено:      9445
2026-05-12 08:39:53,030 | INFO     |   → ==================================================
2026-05-12 08:39:53,030 | INFO     |   → Готово → /home/runner/work/vpn-vless-configs-russia/vpn-vless-configs-russia/githubmirror/ru-sni
2026-05-12 08:39:53,030 | INFO     | ✅ filter_ru_sni.py завершён успешно
2026-05-12 08:39:53,030 | INFO     | 
2026-05-12 08:39:53,030 | INFO     | 
2026-05-12 08:39:53,030 | INFO     | ──────────────────────────────────────────────────────────────────────
2026-05-12 08:39:53,030 | INFO     | 📌 ЭТАП: Экспериментальный RU-SNI фильтр
2026-05-12 08:39:53,030 | INFO     | ──────────────────────────────────────────────────────────────────────
2026-05-12 08:39:53,030 | INFO     | 🚀 Запуск filter_ru_sni_local.py (Экспериментальный фильтр по RU-SNI (локальные домены))...
2026-05-12 08:39:53,172 | INFO     |   → hy2.txt: 59 → 0 (RU-SNI)
2026-05-12 08:39:53,173 | INFO     |   → hysteria.txt: 13 → 0 (RU-SNI)
2026-05-12 08:39:53,173 | INFO     |   → hysteria2.txt: 30 → 0 (RU-SNI)
2026-05-12 08:39:53,173 | INFO     |   → ss.txt: 1858 → 0 (RU-SNI)
2026-05-12 08:39:53,173 | INFO     |   → trojan.txt: 1064 → 1 (RU-SNI)
2026-05-12 08:39:53,173 | INFO     |   → tuic.txt: 53 → 0 (RU-SNI)
2026-05-12 08:39:53,173 | INFO     |   → vless.txt: 3427 → 128 (RU-SNI)
2026-05-12 08:39:53,173 | INFO     |   → vmess.txt: 3458 → 0 (RU-SNI)
2026-05-12 08:39:53,173 | INFO     |   → ==================================================
2026-05-12 08:39:53,173 | INFO     |   → Всего входных:  9962
2026-05-12 08:39:53,173 | INFO     |   → Прошли RU-SNI:  129
2026-05-12 08:39:53,173 | INFO     |   → Отброшено:      9833
2026-05-12 08:39:53,173 | INFO     |   → ==================================================
2026-05-12 08:39:53,173 | INFO     |   → Готово → /home/runner/work/vpn-vless-configs-russia/vpn-vless-configs-russia/githubmirror/ru-sni-local
2026-05-12 08:39:53,173 | INFO     | ✅ filter_ru_sni_local.py завершён успешно
2026-05-12 08:39:53,173 | INFO     | 
2026-05-12 08:39:53,173 | INFO     | 
2026-05-12 08:39:53,173 | INFO     | ──────────────────────────────────────────────────────────────────────
2026-05-12 08:39:53,173 | INFO     | 📌 ЭТАП: Сбор статистики
2026-05-12 08:39:53,173 | INFO     | ──────────────────────────────────────────────────────────────────────
2026-05-12 08:39:53,173 | INFO     | 📊 Сбор статистики...
2026-05-12 08:39:53,173 | INFO     |   📁 githubmirror/clean:
2026-05-12 08:39:53,174 | INFO     |     • hy2         :    59 конфигов
2026-05-12 08:39:53,174 | INFO     |     • hysteria    :    13 конфигов
2026-05-12 08:39:53,174 | INFO     |     • hysteria2   :    30 конфигов
2026-05-12 08:39:53,175 | INFO     |     • ss          :  1858 конфигов
2026-05-12 08:39:53,176 | INFO     |     • trojan      :  1064 конфигов
2026-05-12 08:39:53,176 | INFO     |     • tuic        :    53 конфигов
2026-05-12 08:39:53,179 | INFO     |     • vless       :  3427 конфигов
2026-05-12 08:39:53,182 | INFO     |     • vmess       :  3458 конфигов
2026-05-12 08:39:53,182 | INFO     |   📁 githubmirror/ru-sni:
2026-05-12 08:39:53,182 | INFO     |     • hy2         :    19 конфигов ( 32.2% от clean)
2026-05-12 08:39:53,182 | INFO     |     • hysteria    :     0 конфигов (  0.0% от clean)
2026-05-12 08:39:53,182 | INFO     |     • hysteria2   :     4 конфигов ( 13.3% от clean)
2026-05-12 08:39:53,182 | INFO     |     • ss          :     0 конфигов (  0.0% от clean)
2026-05-12 08:39:53,182 | INFO     |     • trojan      :     4 конфигов (  0.4% от clean)
2026-05-12 08:39:53,182 | INFO     |     • tuic        :     0 конфигов (  0.0% от clean)
2026-05-12 08:39:53,183 | INFO     |     • vless       :   452 конфигов ( 13.2% от clean)
2026-05-12 08:39:53,183 | INFO     |     • vmess       :    38 конфигов (  1.1% от clean)
2026-05-12 08:39:53,183 | INFO     | 
2026-05-12 08:39:53,183 | INFO     |   ──────────────────────────────────────────────────
2026-05-12 08:39:53,183 | INFO     |   📈 ИТОГО:
2026-05-12 08:39:53,183 | INFO     |     Clean (после geo-фильтра):     9962
2026-05-12 08:39:53,183 | INFO     |     RU-SNI (после SNI-фильтра):     517
2026-05-12 08:39:53,183 | INFO     |     Прошло фильтр:                  5.2%
2026-05-12 08:39:53,183 | INFO     |   ──────────────────────────────────────────────────
2026-05-12 08:39:53,183 | INFO     | ✅ Статистика сохранена: /home/runner/work/vpn-vless-configs-russia/vpn-vless-configs-russia/stats.json
2026-05-12 08:39:53,184 | INFO     | 
2026-05-12 08:39:53,184 | INFO     | ======================================================================
2026-05-12 08:39:53,184 | INFO     | 📊 ИТОГОВЫЙ ОТЧЁТ
2026-05-12 08:39:53,184 | INFO     | ======================================================================
2026-05-12 08:39:53,184 | INFO     |   ✅ OK         | Загрузка и geo-фильтрация
2026-05-12 08:39:53,184 | INFO     |   ✅ OK         | Фильтрация по реальному SNI
2026-05-12 08:39:53,184 | INFO     |   ✅ OK         | Экспериментальный RU-SNI фильтр
2026-05-12 08:39:53,184 | INFO     |   ✅ OK         | Сбор статистики
2026-05-12 08:39:53,184 | INFO     | ──────────────────────────────────────────────────────────────────────
2026-05-12 08:39:53,184 | INFO     | ✅ ВСЕ ЭТАПЫ УСПЕШНЫ (4/4)
2026-05-12 08:39:53,184 | INFO     | ⏰ Время завершения: 2026-05-12 08:39:53
2026-05-12 08:39:53,184 | INFO     | ======================================================================
