2026-05-11 19:34:12,427 | INFO     | ======================================================================
2026-05-11 19:34:12,427 | INFO     | 🔍 VPN KEY CHECKER - Начало проверки
2026-05-11 19:34:12,427 | INFO     | ⏰ Время старта: 2026-05-11 19:34:12
2026-05-11 19:34:12,428 | INFO     | 📂 Рабочая директория: /home/runner/work/vpn-vless-configs-russia/vpn-vless-configs-russia
2026-05-11 19:34:12,428 | INFO     | ======================================================================
2026-05-11 19:34:12,428 | INFO     | 
2026-05-11 19:34:12,428 | INFO     | 🔍 Проверка наличия скриптов...
2026-05-11 19:34:12,428 | INFO     |   ✅ mirror.py
2026-05-11 19:34:12,428 | INFO     |   ✅ filter_ru_sni.py
2026-05-11 19:34:12,428 | INFO     |   ✅ filter_ru_sni_local.py
2026-05-11 19:34:12,428 | INFO     | 
2026-05-11 19:34:12,428 | INFO     | 
2026-05-11 19:34:12,428 | INFO     | ──────────────────────────────────────────────────────────────────────
2026-05-11 19:34:12,428 | INFO     | 📌 ЭТАП: Загрузка и geo-фильтрация
2026-05-11 19:34:12,428 | INFO     | ──────────────────────────────────────────────────────────────────────
2026-05-11 19:34:12,428 | INFO     | 🚀 Запуск mirror.py (Загрузка и фильтрация по РФ/СНГ/Европа)...
2026-05-11 19:36:36,347 | INFO     |   → 🚀 Старт: всего источников (старые + новые): 864
2026-05-11 19:36:36,347 | INFO     |   → 1/864: ✅ 13 взято | 🗑️ 242 мусор
2026-05-11 19:36:36,347 | INFO     |   → 2/864: ✅ 0 взято | 🗑️ 0 мусор
2026-05-11 19:36:36,347 | INFO     |   → 3/864: ✅ 0 взято | 🗑️ 0 мусор
2026-05-11 19:36:36,347 | INFO     |   → 4/864 ❌ HTTP 404 — https://cdn.jsdelivr.net/gh/cry0ice/genode@main/public/all.txt
2026-05-11 19:36:36,347 | INFO     |   → 5/864 ❌ HTTP 404 — https://cdn.jsdelivr.net/gh/cry0ice/genode@main/public/ss.txt
2026-05-11 19:36:36,347 | INFO     |   → 6/864 ❌ HTTP 404 — https://cdn.jsdelivr.net/gh/cry0ice/genode@main/public/ssr.txt
2026-05-11 19:36:36,347 | INFO     |   → 7/864 ❌ HTTP 404 — https://cdn.jsdelivr.net/gh/cry0ice/genode@main/public/trojan.txt
2026-05-11 19:36:36,347 | INFO     |   → 8/864 ❌ HTTP 404 — https://cdn.jsdelivr.net/gh/cry0ice/genode@main/public/vless.txt
2026-05-11 19:36:36,348 | INFO     |   → 9/864 ❌ HTTP 404 — https://cdn.jsdelivr.net/gh/cry0ice/genode@main/public/vmess.txt
2026-05-11 19:36:36,348 | INFO     |   → 10/864: ✅ 0 взято | 🗑️ 0 мусор
2026-05-11 19:36:36,348 | INFO     |   → 11/864: ✅ 0 взято | 🗑️ 0 мусор
2026-05-11 19:36:36,348 | INFO     |   → 12/864: ✅ 0 взято | 🗑️ 0 мусор
2026-05-11 19:36:36,348 | INFO     |   → 13/864: ✅ 0 взято | 🗑️ 0 мусор
2026-05-11 19:36:36,348 | INFO     |   → 14/864: ✅ 0 взято | 🗑️ 0 мусор
2026-05-11 19:36:36,348 | INFO     |   → 15/864: ✅ 0 взято | 🗑️ 0 мусор
2026-05-11 19:36:36,348 | INFO     |   → 16/864: ✅ 0 взято | 🗑️ 0 мусор
2026-05-11 19:36:36,348 | INFO     |   → 17/864: ✅ 0 взято | 🗑️ 0 мусор
2026-05-11 19:36:36,348 | INFO     |   → 18/864: ✅ 0 взято | 🗑️ 0 мусор
2026-05-11 19:36:36,348 | INFO     |   → 19/864: ✅ 0 взято | 🗑️ 0 мусор
2026-05-11 19:36:36,348 | INFO     |   → 20/864: ✅ 0 взято | 🗑️ 0 мусор
2026-05-11 19:36:36,348 | INFO     |   → 21/864: ✅ 0 взято | 🗑️ 0 мусор
2026-05-11 19:36:36,348 | INFO     |   → 22/864: ✅ 0 взято | 🗑️ 0 мусор
2026-05-11 19:36:36,348 | INFO     |   → 23/864: ✅ 0 взято | 🗑️ 0 мусор
2026-05-11 19:36:36,348 | INFO     |   → 24/864: ✅ 0 взято | 🗑️ 0 мусор
2026-05-11 19:36:36,348 | INFO     |   → 25/864: ✅ 0 взято | 🗑️ 0 мусор
2026-05-11 19:36:36,348 | INFO     |   → 26/864: ✅ 0 взято | 🗑️ 0 мусор
2026-05-11 19:36:36,348 | INFO     |   → 27/864: ✅ 0 взято | 🗑️ 0 мусор
2026-05-11 19:36:36,348 | INFO     |   → 28/864: ✅ 0 взято | 🗑️ 0 мусор
2026-05-11 19:36:36,348 | INFO     |   → 29/864: ✅ 0 взято | 🗑️ 0 мусор
2026-05-11 19:36:36,348 | INFO     |   → 30/864: ✅ 0 взято | 🗑️ 0 мусор
2026-05-11 19:36:36,348 | INFO     |   → 31/864: ✅ 0 взято | 🗑️ 0 мусор
2026-05-11 19:36:36,349 | INFO     |   → 32/864: ✅ 0 взято | 🗑️ 0 мусор
2026-05-11 19:36:36,349 | INFO     |   → 33/864: ✅ 0 взято | 🗑️ 0 мусор
2026-05-11 19:36:36,349 | INFO     |   → 34/864: ✅ 0 взято | 🗑️ 0 мусор
2026-05-11 19:36:36,349 | INFO     |   → 35/864: ✅ 0 взято | 🗑️ 0 мусор
2026-05-11 19:36:36,349 | INFO     |   → 36/864: ✅ 0 взято | 🗑️ 0 мусор
2026-05-11 19:36:36,349 | INFO     |   → 37/864: ✅ 0 взято | 🗑️ 0 мусор
2026-05-11 19:36:36,349 | INFO     |   → 38/864: ✅ 0 взято | 🗑️ 0 мусор
2026-05-11 19:36:36,349 | INFO     |   → 39/864: ✅ 0 взято | 🗑️ 0 мусор
2026-05-11 19:36:36,349 | INFO     |   → 40/864: ✅ 0 взято | 🗑️ 0 мусор
2026-05-11 19:36:36,349 | INFO     |   → 41/864: ✅ 0 взято | 🗑️ 0 мусор
2026-05-11 19:36:36,349 | INFO     |   → 42/864: ✅ 0 взято | 🗑️ 0 мусор
2026-05-11 19:36:36,349 | INFO     |   → 43/864: ✅ 0 взято | 🗑️ 0 мусор
2026-05-11 19:36:36,349 | INFO     |   → 44/864: ✅ 0 взято | 🗑️ 0 мусор
2026-05-11 19:36:36,349 | INFO     |   → 45/864: ✅ 0 взято | 🗑️ 0 мусор
2026-05-11 19:36:36,349 | INFO     |   → 46/864: ✅ 0 взято | 🗑️ 0 мусор
2026-05-11 19:36:36,349 | INFO     |   → 47/864: ✅ 0 взято | 🗑️ 0 мусор
2026-05-11 19:36:36,349 | INFO     |   → 48/864: ✅ 0 взято | 🗑️ 0 мусор
2026-05-11 19:36:36,349 | INFO     |   → 49/864: ✅ 0 взято | 🗑️ 0 мусор
2026-05-11 19:36:36,349 | INFO     |   → 50/864: ✅ 0 взято | 🗑️ 0 мусор
2026-05-11 19:36:36,349 | INFO     |   → 51/864: ✅ 0 взято | 🗑️ 0 мусор
2026-05-11 19:36:36,350 | INFO     |   → 52/864: ✅ 0 взято | 🗑️ 0 мусор
2026-05-11 19:36:36,350 | INFO     |   → 53/864: ✅ 0 взято | 🗑️ 0 мусор
2026-05-11 19:36:36,350 | INFO     |   → 54/864: ✅ 0 взято | 🗑️ 0 мусор
2026-05-11 19:36:36,350 | INFO     |   → 55/864: ✅ 0 взято | 🗑️ 0 мусор
2026-05-11 19:36:36,350 | INFO     |   → 56/864: ✅ 0 взято | 🗑️ 0 мусор
2026-05-11 19:36:36,350 | INFO     |   → 57/864: ✅ 0 взято | 🗑️ 0 мусор
2026-05-11 19:36:36,350 | INFO     |   → 58/864: ✅ 0 взято | 🗑️ 0 мусор
2026-05-11 19:36:36,350 | INFO     |   → 59/864: ✅ 0 взято | 🗑️ 0 мусор
2026-05-11 19:36:36,350 | INFO     |   → 60/864: ✅ 0 взято | 🗑️ 0 мусор
2026-05-11 19:36:36,350 | INFO     |   → 61/864: ✅ 0 взято | 🗑️ 0 мусор
2026-05-11 19:36:36,350 | INFO     |   → 62/864: ✅ 0 взято | 🗑️ 0 мусор
2026-05-11 19:36:36,350 | INFO     |   → 63/864: ✅ 0 взято | 🗑️ 0 мусор
2026-05-11 19:36:36,350 | INFO     |   → 64/864: ✅ 0 взято | 🗑️ 0 мусор
2026-05-11 19:36:36,350 | INFO     |   → 65/864: ✅ 0 взято | 🗑️ 0 мусор
2026-05-11 19:36:36,350 | INFO     |   → 66/864: ✅ 0 взято | 🗑️ 0 мусор
2026-05-11 19:36:36,350 | INFO     |   → 67/864: ✅ 0 взято | 🗑️ 0 мусор
2026-05-11 19:36:36,350 | INFO     |   → 68/864: ✅ 0 взято | 🗑️ 0 мусор
2026-05-11 19:36:36,350 | INFO     |   → 69/864: ✅ 0 взято | 🗑️ 0 мусор
2026-05-11 19:36:36,350 | INFO     |   → 70/864: ✅ 0 взято | 🗑️ 0 мусор
2026-05-11 19:36:36,350 | INFO     |   → 71/864: ✅ 0 взято | 🗑️ 0 мусор
2026-05-11 19:36:36,350 | INFO     |   → 72/864: ✅ 0 взято | 🗑️ 0 мусор
2026-05-11 19:36:36,350 | INFO     |   → 73/864: ✅ 0 взято | 🗑️ 0 мусор
2026-05-11 19:36:36,350 | INFO     |   → 74/864: ✅ 0 взято | 🗑️ 0 мусор
2026-05-11 19:36:36,351 | INFO     |   → 75/864: ✅ 0 взято | 🗑️ 0 мусор
2026-05-11 19:36:36,351 | INFO     |   → 76/864 ❌ HTTP 404 — https://freessrnode.github.io/uploads/2024/08/0-20240822.txt
2026-05-11 19:36:36,351 | INFO     |   → 77/864 ❌ HTTP 404 — https://freessrnode.github.io/uploads/2024/08/1-20240822.txt
2026-05-11 19:36:36,351 | INFO     |   → 78/864 ❌ HTTP 404 — https://freessrnode.github.io/uploads/2024/08/2-20240822.txt
2026-05-11 19:36:36,351 | INFO     |   → 79/864 ❌ HTTP 404 — https://freessrnode.github.io/uploads/2024/08/3-20240822.txt
2026-05-11 19:36:36,351 | INFO     |   → 80/864 ❌ HTTP 404 — https://freessrnode.github.io/uploads/2024/08/4-20240822.txt
2026-05-11 19:36:36,351 | INFO     |   → 81/864 ⚠️ Ошибка: HTTPSConnectionPool(host='freevpnspy.githubrowcontent.com', port=443): Max retries exceeded with url: /2024/08/20240802_novless.yaml (Caused by NameResolutionError("HTTPSConnection(host='freevpnspy.githubrowcontent.com', port=443): Failed to resolve 'freevpnspy.githubrowcontent.com' ([Errno -2] Name or service not known)")) — https://freevpnspy.githubrowcontent.com/2024/08/20240802_novless.yaml
2026-05-11 19:36:36,351 | INFO     |   → 82/864 ⚠️ Ошибка: HTTPSConnectionPool(host='freevpnspy.githubrowcontent.com', port=443): Max retries exceeded with url: /2024/08/20240802_vless.yaml (Caused by NameResolutionError("HTTPSConnection(host='freevpnspy.githubrowcontent.com', port=443): Failed to resolve 'freevpnspy.githubrowcontent.com' ([Errno -2] Name or service not known)")) — https://freevpnspy.githubrowcontent.com/2024/08/20240802_vless.yaml
2026-05-11 19:36:36,351 | INFO     |   → 83/864 ❌ HTTP 404 — https://github.com/Epodonios/bulk-xray-v2ray-vless-vmess-...-configs/raw/main/sub/Albania/config.txt
2026-05-11 19:36:36,351 | INFO     |   → 84/864 ❌ HTTP 404 — https://github.com/Epodonios/bulk-xray-v2ray-vless-vmess-...-configs/raw/main/sub/Cura%C3%A7ao/config.txt
2026-05-11 19:36:36,351 | INFO     |   → 85/864 ❌ HTTP 404 — https://github.com/Epodonios/bulk-xray-v2ray-vless-vmess-...-configs/raw/main/sub/Finland/config.txt
2026-05-11 19:36:36,351 | INFO     |   → 86/864 ❌ HTTP 404 — https://github.com/Epodonios/bulk-xray-v2ray-vless-vmess-...-configs/raw/main/sub/Iran/config.txt
2026-05-11 19:36:36,351 | INFO     |   → 87/864 ❌ HTTP 404 — https://github.com/Epodonios/bulk-xray-v2ray-vless-vmess-...-configs/raw/main/sub/Netherlands/config.txt
2026-05-11 19:36:36,351 | INFO     |   → 88/864 ❌ HTTP 404 — https://github.com/Epodonios/bulk-xray-v2ray-vless-vmess-...-configs/raw/main/sub/Norway/config.txt
2026-05-11 19:36:36,351 | INFO     |   → 89/864 ❌ HTTP 404 — https://github.com/Epodonios/bulk-xray-v2ray-vless-vmess-...-configs/raw/main/sub/Russia/config.txt
2026-05-11 19:36:36,351 | INFO     |   → 90/864: ✅ 13 взято | 🗑️ 70 мусор
2026-05-11 19:36:36,351 | INFO     |   → 91/864: ✅ 0 взято | 🗑️ 4 мусор
2026-05-11 19:36:36,351 | INFO     |   → 92/864: ✅ 0 взято | 🗑️ 7 мусор
2026-05-11 19:36:36,351 | INFO     |   → 93/864: ✅ 0 взято | 🗑️ 51 мусор
2026-05-11 19:36:36,351 | INFO     |   → 94/864: ✅ 0 взято | 🗑️ 8 мусор
2026-05-11 19:36:36,351 | INFO     |   → 95/864: ✅ 0 взято | 🗑️ 0 мусор
2026-05-11 19:36:36,351 | INFO     |   → 96/864: ✅ 17 взято | 🗑️ 119 мусор
2026-05-11 19:36:36,352 | INFO     |   → 97/864 ❌ HTTP 404 — https://github.com/MrMohebi/xray-proxy-grabber-telegram/raw/master/collected-proxies/clash-meta/all.yaml
2026-05-11 19:36:36,352 | INFO     |   → 98/864 ❌ HTTP 404 — https://github.com/MrMohebi/xray-proxy-grabber-telegram/raw/master/collected-proxies/row-url/all.txt
2026-05-11 19:36:36,352 | INFO     |   → 99/864: ✅ 0 взято | 🗑️ 0 мусор
2026-05-11 19:36:36,352 | INFO     |   → 100/864: ✅ 0 взято | 🗑️ 113 мусор
2026-05-11 19:36:36,352 | INFO     |   → 101/864: ✅ 0 взято | 🗑️ 119 мусор
2026-05-11 19:36:36,352 | INFO     |   → 102/864 ❌ HTTP 404 — https://github.com/abbasdvd3/abbasdvd10/73ec60de7a6c6aa6df4c14b511c1da60686891ca/ppo.txt
2026-05-11 19:36:36,352 | INFO     |   → 103/864 ❌ HTTP 404 — https://github.com/acymz/AutoVPN/refs/heads/main/data/V2.txt
2026-05-11 19:36:36,352 | INFO     |   → 104/864: ✅ 0 взято | 🗑️ 0 мусор
2026-05-11 19:36:36,352 | INFO     |   → 105/864: ✅ 0 взято | 🗑️ 0 мусор
2026-05-11 19:36:36,352 | INFO     |   → 106/864: ✅ 0 взято | 🗑️ 0 мусор
2026-05-11 19:36:36,352 | INFO     |   → 107/864: ✅ 0 взято | 🗑️ 0 мусор
2026-05-11 19:36:36,352 | INFO     |   → 108/864: ✅ 0 взято | 🗑️ 0 мусор
2026-05-11 19:36:36,352 | INFO     |   → 109/864: ✅ 0 взято | 🗑️ 0 мусор
2026-05-11 19:36:36,352 | INFO     |   → 110/864: ✅ 0 взято | 🗑️ 0 мусор
2026-05-11 19:36:36,352 | INFO     |   → 111/864 ❌ HTTP 404 — https://github.com/mermeroo/V2RAY-FREE/raw/main/All_Configs_base64_Sub.txt
2026-05-11 19:36:36,352 | INFO     |   → 112/864 ❌ HTTP 404 — https://github.com/mermeroo/V2RAY-FREE/raw/main/Base64/Sub1_base64.txt
2026-05-11 19:36:36,352 | INFO     |   → 113/864 ❌ HTTP 404 — https://github.com/mermeroo/V2RAY-FREE/raw/main/Base64/Sub2_base64.txt
2026-05-11 19:36:36,352 | INFO     |   → 114/864 ❌ HTTP 404 — https://github.com/mermeroo/V2RAY-FREE/raw/main/Base64/Sub3_base64.txt
2026-05-11 19:36:36,352 | INFO     |   → 115/864 ❌ HTTP 404 — https://github.com/mermeroo/V2RAY-FREE/raw/main/Base64/Sub4_base64.txt
2026-05-11 19:36:36,352 | INFO     |   → 116/864 ❌ HTTP 404 — https://github.com/mermeroo/V2RAY-FREE/raw/main/Base64/Sub5_base64.txt
2026-05-11 19:36:36,352 | INFO     |   → 117/864 ❌ HTTP 404 — https://github.com/mermeroo/telegram-configs-collector/raw/main/protocols/hysteria
2026-05-11 19:36:36,352 | INFO     |   → 118/864 ❌ HTTP 404 — https://github.com/mermeroo/telegram-configs-collector/raw/main/protocols/juicity
2026-05-11 19:36:36,352 | INFO     |   → 119/864 ❌ HTTP 404 — https://github.com/mermeroo/telegram-configs-collector/raw/main/protocols/tuic
2026-05-11 19:36:36,353 | INFO     |   → 120/864: ✅ 5 взято | 🗑️ 16 мусор
2026-05-11 19:36:36,353 | INFO     |   → 121/864: ✅ 0 взято | 🗑️ 0 мусор
2026-05-11 19:36:36,353 | INFO     |   → 122/864: ✅ 0 взято | 🗑️ 0 мусор
2026-05-11 19:36:36,353 | INFO     |   → 123/864: ✅ 0 взято | 🗑️ 0 мусор
2026-05-11 19:36:36,353 | INFO     |   → 124/864: ✅ 3 взято | 🗑️ 238 мусор
2026-05-11 19:36:36,353 | INFO     |   → 125/864: ✅ 0 взято | 🗑️ 0 мусор
2026-05-11 19:36:36,353 | INFO     |   → 126/864: ✅ 3 взято | 🗑️ 239 мусор
2026-05-11 19:36:36,353 | INFO     |   → 127/864: ✅ 0 взято | 🗑️ 0 мусор
2026-05-11 19:36:36,353 | INFO     |   → 128/864: ✅ 0 взято | 🗑️ 255 мусор
2026-05-11 19:36:36,353 | INFO     |   → 129/864: ✅ 0 взято | 🗑️ 0 мусор
2026-05-11 19:36:36,353 | INFO     |   → 130/864: ✅ 1 взято | 🗑️ 249 мусор
2026-05-11 19:36:36,353 | INFO     |   → 131/864: ✅ 0 взято | 🗑️ 0 мусор
2026-05-11 19:36:36,353 | INFO     |   → 132/864: ✅ 0 взято | 🗑️ 207 мусор
2026-05-11 19:36:36,353 | INFO     |   → 133/864: ✅ 0 взято | 🗑️ 0 мусор
2026-05-11 19:36:36,353 | INFO     |   → 134/864: ✅ 0 взято | 🗑️ 228 мусор
2026-05-11 19:36:36,353 | INFO     |   → 135/864: ✅ 0 взято | 🗑️ 0 мусор
2026-05-11 19:36:36,353 | INFO     |   → 136/864: ✅ 1 взято | 🗑️ 291 мусор
2026-05-11 19:36:36,353 | INFO     |   → 137/864: ✅ 0 взято | 🗑️ 0 мусор
2026-05-11 19:36:36,353 | INFO     |   → 138/864: ✅ 3 взято | 🗑️ 221 мусор
2026-05-11 19:36:36,353 | INFO     |   → 139/864: ✅ 0 взято | 🗑️ 0 мусор
2026-05-11 19:36:36,353 | INFO     |   → 140/864: ✅ 1 взято | 🗑️ 222 мусор
2026-05-11 19:36:36,353 | INFO     |   → 141/864: ✅ 0 взято | 🗑️ 0 мусор
2026-05-11 19:36:36,353 | INFO     |   → 142/864: ✅ 1 взято | 🗑️ 218 мусор
2026-05-11 19:36:36,354 | INFO     |   → 143/864: ✅ 0 взято | 🗑️ 0 мусор
2026-05-11 19:36:36,354 | INFO     |   → 144/864: ✅ 0 взято | 🗑️ 193 мусор
2026-05-11 19:36:36,354 | INFO     |   → 145/864: ✅ 0 взято | 🗑️ 0 мусор
2026-05-11 19:36:36,354 | INFO     |   → 146/864: ✅ 0 взято | 🗑️ 290 мусор
2026-05-11 19:36:36,354 | INFO     |   → 147/864: ✅ 0 взято | 🗑️ 0 мусор
2026-05-11 19:36:36,354 | INFO     |   → 148/864: ✅ 0 взято | 🗑️ 238 мусор
2026-05-11 19:36:36,354 | INFO     |   → 149/864: ✅ 0 взято | 🗑️ 0 мусор
2026-05-11 19:36:36,354 | INFO     |   → 150/864: ✅ 0 взято | 🗑️ 221 мусор
2026-05-11 19:36:36,354 | INFO     |   → 151/864: ✅ 0 взято | 🗑️ 0 мусор
2026-05-11 19:36:36,354 | INFO     |   → 152/864: ✅ 0 взято | 🗑️ 248 мусор
2026-05-11 19:36:36,354 | INFO     |   → 153/864: ✅ 0 взято | 🗑️ 0 мусор
2026-05-11 19:36:36,354 | INFO     |   → 154/864: ✅ 0 взято | 🗑️ 203 мусор
2026-05-11 19:36:36,354 | INFO     |   → 155/864: ✅ 0 взято | 🗑️ 0 мусор
2026-05-11 19:36:36,354 | INFO     |   → 156/864: ✅ 0 взято | 🗑️ 208 мусор
2026-05-11 19:36:36,354 | INFO     |   → 157/864: ✅ 0 взято | 🗑️ 0 мусор
2026-05-11 19:36:36,354 | INFO     |   → 158/864: ✅ 2 взято | 🗑️ 209 мусор
2026-05-11 19:36:36,354 | INFO     |   → 159/864: ✅ 0 взято | 🗑️ 0 мусор
2026-05-11 19:36:36,354 | INFO     |   → 160/864: ✅ 0 взято | 🗑️ 258 мусор
2026-05-11 19:36:36,354 | INFO     |   → 161/864: ✅ 0 взято | 🗑️ 0 мусор
2026-05-11 19:36:36,354 | INFO     |   → 162/864: ✅ 0 взято | 🗑️ 296 мусор
2026-05-11 19:36:36,354 | INFO     |   → 163/864: ✅ 0 взято | 🗑️ 0 мусор
2026-05-11 19:36:36,354 | INFO     |   → 164/864: ✅ 1 взято | 🗑️ 286 мусор
2026-05-11 19:36:36,354 | INFO     |   → 165/864: ✅ 0 взято | 🗑️ 0 мусор
2026-05-11 19:36:36,355 | INFO     |   → 166/864: ✅ 0 взято | 🗑️ 195 мусор
2026-05-11 19:36:36,355 | INFO     |   → 167/864: ✅ 0 взято | 🗑️ 0 мусор
2026-05-11 19:36:36,355 | INFO     |   → 168/864: ✅ 0 взято | 🗑️ 170 мусор
2026-05-11 19:36:36,355 | INFO     |   → 169/864: ✅ 0 взято | 🗑️ 0 мусор
2026-05-11 19:36:36,355 | INFO     |   → 170/864: ✅ 0 взято | 🗑️ 160 мусор
2026-05-11 19:36:36,355 | INFO     |   → 171/864: ✅ 0 взято | 🗑️ 0 мусор
2026-05-11 19:36:36,355 | INFO     |   → 172/864: ✅ 0 взято | 🗑️ 121 мусор
2026-05-11 19:36:36,355 | INFO     |   → 173/864: ✅ 0 взято | 🗑️ 0 мусор
2026-05-11 19:36:36,355 | INFO     |   → 174/864: ✅ 0 взято | 🗑️ 135 мусор
2026-05-11 19:36:36,355 | INFO     |   → 175/864: ✅ 0 взято | 🗑️ 0 мусор
2026-05-11 19:36:36,355 | INFO     |   → 176/864: ✅ 1 взято | 🗑️ 129 мусор
2026-05-11 19:36:36,355 | INFO     |   → 177/864: ✅ 0 взято | 🗑️ 0 мусор
2026-05-11 19:36:36,355 | INFO     |   → 178/864: ✅ 0 взято | 🗑️ 189 мусор
2026-05-11 19:36:36,355 | INFO     |   → 179/864: ✅ 0 взято | 🗑️ 0 мусор
2026-05-11 19:36:36,355 | INFO     |   → 180/864: ✅ 3 взято | 🗑️ 147 мусор
2026-05-11 19:36:36,355 | INFO     |   → 181/864: ✅ 0 взято | 🗑️ 0 мусор
2026-05-11 19:36:36,355 | INFO     |   → 182/864: ✅ 1 взято | 🗑️ 183 мусор
2026-05-11 19:36:36,355 | INFO     |   → 183/864: ✅ 0 взято | 🗑️ 0 мусор
2026-05-11 19:36:36,355 | INFO     |   → 184/864: ✅ 0 взято | 🗑️ 155 мусор
2026-05-11 19:36:36,355 | INFO     |   → 185/864: ✅ 0 взято | 🗑️ 0 мусор
2026-05-11 19:36:36,355 | INFO     |   → 186/864: ✅ 0 взято | 🗑️ 114 мусор
2026-05-11 19:36:36,355 | INFO     |   → 187/864: ✅ 0 взято | 🗑️ 0 мусор
2026-05-11 19:36:36,355 | INFO     |   → 188/864: ✅ 0 взято | 🗑️ 239 мусор
2026-05-11 19:36:36,355 | INFO     |   → 189/864: ✅ 0 взято | 🗑️ 0 мусор
2026-05-11 19:36:36,356 | INFO     |   → 190/864 ⚠️ Ошибка: HTTPSConnectionPool(host='ivuxy.tech', port=443): Max retries exceeded with url: /v.txt (Caused by NameResolutionError("HTTPSConnection(host='ivuxy.tech', port=443): Failed to resolve 'ivuxy.tech' ([Errno -2] Name or service not known)")) — https://ivuxy.tech/v.txt
2026-05-11 19:36:36,356 | INFO     |   → 191/864 ⚠️ Ошибка: HTTPSConnectionPool(host='mirror.ghproxy.com', port=443): Max retries exceeded with url: /https://raw.githubusercontent.com/Barabama/FreeNodes/master/nodes/blues.txt (Caused by NameResolutionError("HTTPSConnection(host='mirror.ghproxy.com', port=443): Failed to resolve 'mirror.ghproxy.com' ([Errno -2] Name or service not known)")) — https://mirror.ghproxy.com/https://raw.githubusercontent.com/Barabama/FreeNodes/master/nodes/blues.txt
2026-05-11 19:36:36,356 | INFO     |   → 192/864 ⚠️ Ошибка: HTTPSConnectionPool(host='mirror.ghproxy.com', port=443): Max retries exceeded with url: /https://raw.githubusercontent.com/Barabama/FreeNodes/master/nodes/halekj.txt (Caused by NameResolutionError("HTTPSConnection(host='mirror.ghproxy.com', port=443): Failed to resolve 'mirror.ghproxy.com' ([Errno -2] Name or service not known)")) — https://mirror.ghproxy.com/https://raw.githubusercontent.com/Barabama/FreeNodes/master/nodes/halekj.txt
2026-05-11 19:36:36,356 | INFO     |   → 193/864 ⚠️ Ошибка: HTTPSConnectionPool(host='mirror.ghproxy.com', port=443): Max retries exceeded with url: /https://raw.githubusercontent.com/Barabama/FreeNodes/master/nodes/kkzui.txt (Caused by NameResolutionError("HTTPSConnection(host='mirror.ghproxy.com', port=443): Failed to resolve 'mirror.ghproxy.com' ([Errno -2] Name or service not known)")) — https://mirror.ghproxy.com/https://raw.githubusercontent.com/Barabama/FreeNodes/master/nodes/kkzui.txt
2026-05-11 19:36:36,356 | INFO     |   → 194/864 ⚠️ Ошибка: HTTPSConnectionPool(host='mirror.ghproxy.com', port=443): Max retries exceeded with url: /https://raw.githubusercontent.com/Barabama/FreeNodes/master/nodes/merged.txt (Caused by NameResolutionError("HTTPSConnection(host='mirror.ghproxy.com', port=443): Failed to resolve 'mirror.ghproxy.com' ([Errno -2] Name or service not known)")) — https://mirror.ghproxy.com/https://raw.githubusercontent.com/Barabama/FreeNodes/master/nodes/merged.txt
2026-05-11 19:36:36,356 | INFO     |   → 195/864 ⚠️ Ошибка: HTTPSConnectionPool(host='mirror.ghproxy.com', port=443): Max retries exceeded with url: /https://raw.githubusercontent.com/Barabama/FreeNodes/master/nodes/nodefree.txt (Caused by NameResolutionError("HTTPSConnection(host='mirror.ghproxy.com', port=443): Failed to resolve 'mirror.ghproxy.com' ([Errno -2] Name or service not known)")) — https://mirror.ghproxy.com/https://raw.githubusercontent.com/Barabama/FreeNodes/master/nodes/nodefree.txt
2026-05-11 19:36:36,356 | INFO     |   → 196/864 ⚠️ Ошибка: HTTPSConnectionPool(host='mirror.ghproxy.com', port=443): Max retries exceeded with url: /https://raw.githubusercontent.com/Barabama/FreeNodes/master/nodes/openrunner.txt (Caused by NameResolutionError("HTTPSConnection(host='mirror.ghproxy.com', port=443): Failed to resolve 'mirror.ghproxy.com' ([Errno -2] Name or service not known)")) — https://mirror.ghproxy.com/https://raw.githubusercontent.com/Barabama/FreeNodes/master/nodes/openrunner.txt
2026-05-11 19:36:36,356 | INFO     |   → 197/864 ⚠️ Ошибка: HTTPSConnectionPool(host='mirror.ghproxy.com', port=443): Max retries exceeded with url: /https://raw.githubusercontent.com/Barabama/FreeNodes/master/nodes/v2rayshare.txt (Caused by NameResolutionError("HTTPSConnection(host='mirror.ghproxy.com', port=443): Failed to resolve 'mirror.ghproxy.com' ([Errno -2] Name or service not known)")) — https://mirror.ghproxy.com/https://raw.githubusercontent.com/Barabama/FreeNodes/master/nodes/v2rayshare.txt
2026-05-11 19:36:36,356 | INFO     |   → 198/864 ⚠️ Ошибка: HTTPSConnectionPool(host='mirror.ghproxy.com', port=443): Max retries exceeded with url: /https://raw.githubusercontent.com/Barabama/FreeNodes/master/nodes/wenode.txt (Caused by NameResolutionError("HTTPSConnection(host='mirror.ghproxy.com', port=443): Failed to resolve 'mirror.ghproxy.com' ([Errno -2] Name or service not known)")) — https://mirror.ghproxy.com/https://raw.githubusercontent.com/Barabama/FreeNodes/master/nodes/wenode.txt
2026-05-11 19:36:36,356 | INFO     |   → 199/864 ⚠️ Ошибка: HTTPSConnectionPool(host='mirror.ghproxy.com', port=443): Max retries exceeded with url: /https://raw.githubusercontent.com/Barabama/FreeNodes/master/nodes/yudou66.txt (Caused by NameResolutionError("HTTPSConnection(host='mirror.ghproxy.com', port=443): Failed to resolve 'mirror.ghproxy.com' ([Errno -2] Name or service not known)")) — https://mirror.ghproxy.com/https://raw.githubusercontent.com/Barabama/FreeNodes/master/nodes/yudou66.txt
2026-05-11 19:36:36,356 | INFO     |   → 200/864: ✅ 7 взято | 🗑️ 17 мусор
2026-05-11 19:36:36,356 | INFO     |   → 201/864: ✅ 0 взято | 🗑️ 17 мусор
2026-05-11 19:36:36,356 | INFO     |   → 202/864: ✅ 14 взято | 🗑️ 14 мусор
2026-05-11 19:36:36,356 | INFO     |   → 203/864: ✅ 0 взято | 🗑️ 14 мусор
2026-05-11 19:36:36,356 | INFO     |   → 204/864: ✅ 0 взято | 🗑️ 14 мусор
2026-05-11 19:36:36,356 | INFO     |   → 205/864: ✅ 0 взято | 🗑️ 14 мусор
2026-05-11 19:36:36,356 | INFO     |   → 206/864: ✅ 0 взято | 🗑️ 14 мусор
2026-05-11 19:36:36,356 | INFO     |   → 207/864: ✅ 0 взято | 🗑️ 14 мусор
2026-05-11 19:36:36,356 | INFO     |   → 208/864: ✅ 0 взято | 🗑️ 14 мусор
2026-05-11 19:36:36,356 | INFO     |   → 209/864: ✅ 0 взято | 🗑️ 14 мусор
2026-05-11 19:36:36,356 | INFO     |   → 210/864: ✅ 0 взято | 🗑️ 14 мусор
2026-05-11 19:36:36,356 | INFO     |   → 211/864: ✅ 7 взято | 🗑️ 21 мусор
2026-05-11 19:36:36,356 | INFO     |   → 212/864: ✅ 0 взято | 🗑️ 21 мусор
2026-05-11 19:36:36,356 | INFO     |   → 213/864: ✅ 0 взято | 🗑️ 21 мусор
2026-05-11 19:36:36,356 | INFO     |   → 214/864: ✅ 0 взято | 🗑️ 21 мусор
2026-05-11 19:36:36,357 | INFO     |   → 215/864: ✅ 0 взято | 🗑️ 21 мусор
2026-05-11 19:36:36,357 | INFO     |   → 216/864: ✅ 0 взято | 🗑️ 21 мусор
2026-05-11 19:36:36,357 | INFO     |   → 217/864: ✅ 0 взято | 🗑️ 21 мусор
2026-05-11 19:36:36,357 | INFO     |   → 218/864: ✅ 0 взято | 🗑️ 21 мусор
2026-05-11 19:36:36,357 | INFO     |   → 219/864: ✅ 0 взято | 🗑️ 21 мусор
2026-05-11 19:36:36,357 | INFO     |   → 220/864: ✅ 0 взято | 🗑️ 21 мусор
2026-05-11 19:36:36,357 | INFO     |   → 221/864: ✅ 0 взято | 🗑️ 21 мусор
2026-05-11 19:36:36,357 | INFO     |   → 222/864: ✅ 5 взято | 🗑️ 15 мусор
2026-05-11 19:36:36,357 | INFO     |   → 223/864: ✅ 0 взято | 🗑️ 15 мусор
2026-05-11 19:36:36,357 | INFO     |   → 224/864: ✅ 0 взято | 🗑️ 15 мусор
2026-05-11 19:36:36,357 | INFO     |   → 225/864: ✅ 0 взято | 🗑️ 15 мусор
2026-05-11 19:36:36,357 | INFO     |   → 226/864: ✅ 0 взято | 🗑️ 15 мусор
2026-05-11 19:36:36,357 | INFO     |   → 227/864: ✅ 0 взято | 🗑️ 15 мусор
2026-05-11 19:36:36,357 | INFO     |   → 228/864: ✅ 0 взято | 🗑️ 15 мусор
2026-05-11 19:36:36,357 | INFO     |   → 229/864: ✅ 0 взято | 🗑️ 15 мусор
2026-05-11 19:36:36,357 | INFO     |   → 230/864: ✅ 0 взято | 🗑️ 15 мусор
2026-05-11 19:36:36,357 | INFO     |   → 231/864: ✅ 0 взято | 🗑️ 14 мусор
2026-05-11 19:36:36,357 | INFO     |   → 232/864 ❌ HTTP 403 — https://nodefree.org/dy/2023/08/20230806.yaml
2026-05-11 19:36:36,357 | INFO     |   → 233/864 ❌ HTTP 403 — https://nodefree.org/dy/2023/12/20231221.txt
2026-05-11 19:36:36,357 | INFO     |   → 234/864: ✅ 0 взято | 🗑️ 17 мусор
2026-05-11 19:36:36,357 | INFO     |   → 235/864: ✅ 0 взято | 🗑️ 17 мусор
2026-05-11 19:36:36,357 | INFO     |   → 236/864: ✅ 0 взято | 🗑️ 14 мусор
2026-05-11 19:36:36,357 | INFO     |   → 237/864: ✅ 0 взято | 🗑️ 14 мусор
2026-05-11 19:36:36,357 | INFO     |   → 238/864: ✅ 0 взято | 🗑️ 14 мусор
2026-05-11 19:36:36,357 | INFO     |   → 239/864: ✅ 0 взято | 🗑️ 14 мусор
2026-05-11 19:36:36,358 | INFO     |   → 240/864: ✅ 0 взято | 🗑️ 14 мусор
2026-05-11 19:36:36,358 | INFO     |   → 241/864: ✅ 0 взято | 🗑️ 14 мусор
2026-05-11 19:36:36,358 | INFO     |   → 242/864: ✅ 0 взято | 🗑️ 14 мусор
2026-05-11 19:36:36,358 | INFO     |   → 243/864: ✅ 0 взято | 🗑️ 14 мусор
2026-05-11 19:36:36,358 | INFO     |   → 244/864: ✅ 0 взято | 🗑️ 14 мусор
2026-05-11 19:36:36,358 | INFO     |   → 245/864: ✅ 0 взято | 🗑️ 21 мусор
2026-05-11 19:36:36,358 | INFO     |   → 246/864: ✅ 0 взято | 🗑️ 21 мусор
2026-05-11 19:36:36,358 | INFO     |   → 247/864: ✅ 0 взято | 🗑️ 21 мусор
2026-05-11 19:36:36,358 | INFO     |   → 248/864: ✅ 0 взято | 🗑️ 21 мусор
2026-05-11 19:36:36,358 | INFO     |   → 249/864: ✅ 0 взято | 🗑️ 21 мусор
2026-05-11 19:36:36,358 | INFO     |   → 250/864: ✅ 0 взято | 🗑️ 21 мусор
2026-05-11 19:36:36,358 | INFO     |   → 251/864: ✅ 0 взято | 🗑️ 21 мусор
2026-05-11 19:36:36,358 | INFO     |   → 252/864: ✅ 0 взято | 🗑️ 21 мусор
2026-05-11 19:36:36,358 | INFO     |   → 253/864: ✅ 0 взято | 🗑️ 21 мусор
2026-05-11 19:36:36,358 | INFO     |   → 254/864: ✅ 0 взято | 🗑️ 21 мусор
2026-05-11 19:36:36,358 | INFO     |   → 255/864: ✅ 0 взято | 🗑️ 21 мусор
2026-05-11 19:36:36,358 | INFO     |   → 256/864: ✅ 0 взято | 🗑️ 15 мусор
2026-05-11 19:36:36,358 | INFO     |   → 257/864: ✅ 0 взято | 🗑️ 15 мусор
2026-05-11 19:36:36,358 | INFO     |   → 258/864: ✅ 0 взято | 🗑️ 15 мусор
2026-05-11 19:36:36,358 | INFO     |   → 259/864: ✅ 0 взято | 🗑️ 15 мусор
2026-05-11 19:36:36,358 | INFO     |   → 260/864: ✅ 0 взято | 🗑️ 15 мусор
2026-05-11 19:36:36,358 | INFO     |   → 261/864: ✅ 0 взято | 🗑️ 15 мусор
2026-05-11 19:36:36,358 | INFO     |   → 262/864: ✅ 0 взято | 🗑️ 15 мусор
2026-05-11 19:36:36,358 | INFO     |   → 263/864: ✅ 0 взято | 🗑️ 15 мусор
2026-05-11 19:36:36,359 | INFO     |   → 264/864: ✅ 0 взято | 🗑️ 15 мусор
2026-05-11 19:36:36,359 | INFO     |   → 265/864: ✅ 0 взято | 🗑️ 15 мусор
2026-05-11 19:36:36,359 | INFO     |   → 266/864: ✅ 0 взято | 🗑️ 14 мусор
2026-05-11 19:36:36,359 | INFO     |   → 267/864: ✅ 0 взято | 🗑️ 0 мусор
2026-05-11 19:36:36,359 | INFO     |   → 268/864: ✅ 0 взято | 🗑️ 0 мусор
2026-05-11 19:36:36,359 | INFO     |   → 269/864: ✅ 0 взято | 🗑️ 0 мусор
2026-05-11 19:36:36,359 | INFO     |   → 270/864: ✅ 0 взято | 🗑️ 0 мусор
2026-05-11 19:36:36,359 | INFO     |   → 271/864: ✅ 0 взято | 🗑️ 0 мусор
2026-05-11 19:36:36,359 | INFO     |   → 272/864: ✅ 0 взято | 🗑️ 0 мусор
2026-05-11 19:36:36,359 | INFO     |   → 273/864: ✅ 0 взято | 🗑️ 0 мусор
2026-05-11 19:36:36,359 | INFO     |   → 274/864: ✅ 0 взято | 🗑️ 0 мусор
2026-05-11 19:36:36,359 | INFO     |   → 275/864: ✅ 0 взято | 🗑️ 0 мусор
2026-05-11 19:36:36,359 | INFO     |   → 276/864: ✅ 0 взято | 🗑️ 0 мусор
2026-05-11 19:36:36,359 | INFO     |   → 277/864: ✅ 0 взято | 🗑️ 0 мусор
2026-05-11 19:36:36,359 | INFO     |   → 278/864: ✅ 0 взято | 🗑️ 0 мусор
2026-05-11 19:36:36,359 | INFO     |   → 279/864 ❌ HTTP 404 — https://raw.githubusercontent.com/10ium/MihomoSaz/main/Sublist/shatakvpn.yaml4_Sub.txt
2026-05-11 19:36:36,359 | INFO     |   → 280/864: ✅ 0 взято | 🗑️ 0 мусор
2026-05-11 19:36:36,359 | INFO     |   → 281/864: ✅ 0 взято | 🗑️ 0 мусор
2026-05-11 19:36:36,359 | INFO     |   → 282/864: ✅ 12 взято | 🗑️ 38 мусор
2026-05-11 19:36:36,359 | INFO     |   → 283/864: ✅ 0 взято | 🗑️ 0 мусор
2026-05-11 19:36:36,359 | INFO     |   → 284/864: ✅ 0 взято | 🗑️ 0 мусор
2026-05-11 19:36:36,359 | INFO     |   → 285/864: ✅ 11 взято | 🗑️ 399 мусор
2026-05-11 19:36:36,359 | INFO     |   → 286/864: ✅ 0 взято | 🗑️ 0 мусор
2026-05-11 19:36:36,359 | INFO     |   → 287/864 ❌ HTTP 404 — https://raw.githubusercontent.com/9Fork/openit/main/Clash.yaml
2026-05-11 19:36:36,360 | INFO     |   → 288/864: ✅ 100 взято | 🗑️ 381 мусор
2026-05-11 19:36:36,360 | INFO     |   → 289/864: ✅ 0 взято | 🗑️ 381 мусор
2026-05-11 19:36:36,360 | INFO     |   → 290/864: ✅ 19 взято | 🗑️ 81 мусор
2026-05-11 19:36:36,360 | INFO     |   → 291/864: ✅ 11 взято | 🗑️ 87 мусор
2026-05-11 19:36:36,360 | INFO     |   → 292/864: ✅ 27 взято | 🗑️ 73 мусор
2026-05-11 19:36:36,360 | INFO     |   → 293/864: ✅ 13 взято | 🗑️ 75 мусор
2026-05-11 19:36:36,360 | INFO     |   → 294/864: ✅ 10 взято | 🗑️ 83 мусор
2026-05-11 19:36:36,360 | INFO     |   → 295/864: ✅ 12 взято | 🗑️ 86 мусор
2026-05-11 19:36:36,360 | INFO     |   → 296/864: ✅ 11 взято | 🗑️ 87 мусор
2026-05-11 19:36:36,360 | INFO     |   → 297/864: ✅ 11 взято | 🗑️ 80 мусор
2026-05-11 19:36:36,360 | INFO     |   → 298/864: ✅ 9 взято | 🗑️ 82 мусор
2026-05-11 19:36:36,360 | INFO     |   → 299/864: ✅ 69 взято | 🗑️ 3 мусор
2026-05-11 19:36:36,360 | INFO     |   → 300/864: ✅ 3 взято | 🗑️ 75 мусор
2026-05-11 19:36:36,360 | INFO     |   → 301/864: ✅ 4 взято | 🗑️ 69 мусор
2026-05-11 19:36:36,360 | INFO     |   → 302/864: ✅ 4 взято | 🗑️ 80 мусор
2026-05-11 19:36:36,360 | INFO     |   → 303/864: ✅ 6 взято | 🗑️ 81 мусор
2026-05-11 19:36:36,360 | INFO     |   → 304/864: ✅ 5 взято | 🗑️ 79 мусор
2026-05-11 19:36:36,360 | INFO     |   → 305/864: ✅ 11 взято | 🗑️ 78 мусор
2026-05-11 19:36:36,360 | INFO     |   → 306/864: ✅ 3 взято | 🗑️ 83 мусор
2026-05-11 19:36:36,360 | INFO     |   → 307/864: ✅ 14 взято | 🗑️ 76 мусор
2026-05-11 19:36:36,360 | INFO     |   → 308/864: ✅ 12 взято | 🗑️ 78 мусор
2026-05-11 19:36:36,360 | INFO     |   → 309/864: ✅ 26 взято | 🗑️ 218 мусор
2026-05-11 19:36:36,360 | INFO     |   → 310/864: ✅ 44 взято | 🗑️ 141 мусор
2026-05-11 19:36:36,361 | INFO     |   → 311/864: ✅ 10 взято | 🗑️ 71 мусор
2026-05-11 19:36:36,361 | INFO     |   → 312/864: ✅ 2 взято | 🗑️ 88 мусор
2026-05-11 19:36:36,361 | INFO     |   → 313/864: ✅ 0 взято | 🗑️ 3 мусор
2026-05-11 19:36:36,361 | INFO     |   → 314/864: ✅ 14 взято | 🗑️ 4 мусор
2026-05-11 19:36:36,361 | INFO     |   → 315/864: ✅ 696 взято | 🗑️ 2559 мусор
2026-05-11 19:36:36,361 | INFO     |   → 316/864 ❌ HTTP 404 — https://raw.githubusercontent.com/Alvin9999/pac2/master/clash/1/config.yaml
2026-05-11 19:36:36,361 | INFO     |   → 317/864 ❌ HTTP 404 — https://raw.githubusercontent.com/AmirHDevo/temp2/7f15e7ddb311a6f8c5ab338bd1af0e1f2136a84b/configs.txt
2026-05-11 19:36:36,361 | INFO     |   → 318/864: ✅ 6 взято | 🗑️ 34 мусор
2026-05-11 19:36:36,361 | INFO     |   → 319/864: ✅ 1305 взято | 🗑️ 18117 мусор
2026-05-11 19:36:36,361 | INFO     |   → 320/864: ✅ 5 взято | 🗑️ 47 мусор
2026-05-11 19:36:36,361 | INFO     |   → 321/864: ✅ 4 взято | 🗑️ 57 мусор
2026-05-11 19:36:36,361 | INFO     |   → 322/864: ✅ 21 взято | 🗑️ 107 мусор
2026-05-11 19:36:36,361 | INFO     |   → 323/864: ✅ 78 взято | 🗑️ 347 мусор
2026-05-11 19:36:36,361 | INFO     |   → 324/864: ✅ 0 взято | 🗑️ 1373 мусор
2026-05-11 19:36:36,361 | INFO     |   → 325/864: ✅ 339 взято | 🗑️ 1542 мусор
2026-05-11 19:36:36,361 | INFO     |   → 326/864: ✅ 0 взято | 🗑️ 6 мусор
2026-05-11 19:36:36,361 | INFO     |   → 327/864: ✅ 0 взято | 🗑️ 0 мусор
2026-05-11 19:36:36,361 | INFO     |   → 328/864: ✅ 1 взято | 🗑️ 235 мусор
2026-05-11 19:36:36,361 | INFO     |   → 329/864: ✅ 0 взято | 🗑️ 16 мусор
2026-05-11 19:36:36,361 | INFO     |   → 330/864: ✅ 0 взято | 🗑️ 0 мусор
2026-05-11 19:36:36,361 | INFO     |   → 331/864: ✅ 0 взято | 🗑️ 14 мусор
2026-05-11 19:36:36,361 | INFO     |   → 332/864: ✅ 0 взято | 🗑️ 0 мусор
2026-05-11 19:36:36,361 | INFO     |   → 333/864: ✅ 0 взято | 🗑️ 14 мусор
2026-05-11 19:36:36,362 | INFO     |   → 334/864: ✅ 0 взято | 🗑️ 0 мусор
2026-05-11 19:36:36,362 | INFO     |   → 335/864: ✅ 0 взято | 🗑️ 15 мусор
2026-05-11 19:36:36,362 | INFO     |   → 336/864: ✅ 0 взято | 🗑️ 0 мусор
2026-05-11 19:36:36,362 | INFO     |   → 337/864: ✅ 0 взято | 🗑️ 14 мусор
2026-05-11 19:36:36,362 | INFO     |   → 338/864: ✅ 0 взято | 🗑️ 0 мусор
2026-05-11 19:36:36,362 | INFO     |   → 339/864: ✅ 0 взято | 🗑️ 14 мусор
2026-05-11 19:36:36,362 | INFO     |   → 340/864: ✅ 0 взято | 🗑️ 0 мусор
2026-05-11 19:36:36,362 | INFO     |   → 341/864: ✅ 0 взято | 🗑️ 239 мусор
2026-05-11 19:36:36,362 | INFO     |   → 342/864: ✅ 0 взято | 🗑️ 0 мусор
2026-05-11 19:36:36,362 | INFO     |   → 343/864: ✅ 5 взято | 🗑️ 76 мусор
2026-05-11 19:36:36,362 | INFO     |   → 344/864: ✅ 80 взято | 🗑️ 1110 мусор
2026-05-11 19:36:36,362 | INFO     |   → 345/864: ✅ 5 взято | 🗑️ 13 мусор
2026-05-11 19:36:36,362 | INFO     |   → 346/864 ❌ HTTP 404 — https://raw.githubusercontent.com/Epodonios/bulk-xray-v2ray-vless-vmess-...-configs/main/sub/Austria/config.txt
2026-05-11 19:36:36,362 | INFO     |   → 347/864 ❌ HTTP 404 — https://raw.githubusercontent.com/Epodonios/bulk-xray-v2ray-vless-vmess-...-configs/main/sub/Canada/config.txt
2026-05-11 19:36:36,362 | INFO     |   → 348/864 ❌ HTTP 404 — https://raw.githubusercontent.com/Epodonios/bulk-xray-v2ray-vless-vmess-...-configs/main/sub/Costa%20Rica/config.txt
2026-05-11 19:36:36,362 | INFO     |   → 349/864 ❌ HTTP 404 — https://raw.githubusercontent.com/Epodonios/bulk-xray-v2ray-vless-vmess-...-configs/main/sub/France/config.txt
2026-05-11 19:36:36,362 | INFO     |   → 350/864 ❌ HTTP 404 — https://raw.githubusercontent.com/Epodonios/bulk-xray-v2ray-vless-vmess-...-configs/main/sub/Germany/config.txt
2026-05-11 19:36:36,362 | INFO     |   → 351/864 ❌ HTTP 404 — https://raw.githubusercontent.com/Epodonios/bulk-xray-v2ray-vless-vmess-...-configs/main/sub/Indonesia/config.txt
2026-05-11 19:36:36,362 | INFO     |   → 352/864 ❌ HTTP 404 — https://raw.githubusercontent.com/Epodonios/bulk-xray-v2ray-vless-vmess-...-configs/main/sub/Ireland/config.txt
2026-05-11 19:36:36,362 | INFO     |   → 353/864 ❌ HTTP 404 — https://raw.githubusercontent.com/Epodonios/bulk-xray-v2ray-vless-vmess-...-configs/main/sub/Republic%20of%20Lithuania/config.txt
2026-05-11 19:36:36,362 | INFO     |   → 354/864 ❌ HTTP 404 — https://raw.githubusercontent.com/Epodonios/bulk-xray-v2ray-vless-vmess-...-configs/main/sub/South%20Africa/config.txt
2026-05-11 19:36:36,362 | INFO     |   → 355/864 ❌ HTTP 404 — https://raw.githubusercontent.com/Epodonios/bulk-xray-v2ray-vless-vmess-...-configs/main/sub/Sweden/config.txt
2026-05-11 19:36:36,362 | INFO     |   → 356/864 ❌ HTTP 404 — https://raw.githubusercontent.com/Epodonios/bulk-xray-v2ray-vless-vmess-...-configs/main/sub/Turkey/config.txt
2026-05-11 19:36:36,362 | INFO     |   → 357/864 ❌ HTTP 404 — https://raw.githubusercontent.com/Epodonios/bulk-xray-v2ray-vless-vmess-...-configs/main/sub/United%20Arab%20Emirates/config.txt
2026-05-11 19:36:36,362 | INFO     |   → 358/864 ❌ HTTP 404 — https://raw.githubusercontent.com/Epodonios/bulk-xray-v2ray-vless-vmess-...-configs/main/sub/United%20Kingdom/config.txt
2026-05-11 19:36:36,363 | INFO     |   → 359/864 ❌ HTTP 404 — https://raw.githubusercontent.com/Epodonios/bulk-xray-v2ray-vless-vmess-...-configs/main/sub/United%20States/config.txt
2026-05-11 19:36:36,363 | INFO     |   → 360/864: ✅ 379 взято | 🗑️ 3981 мусор
2026-05-11 19:36:36,363 | INFO     |   → 361/864 ❌ HTTP 404 — https://raw.githubusercontent.com/Epodonios/v2ray-configs/main/Splitted-By-Protocol/mix.txt
2026-05-11 19:36:36,363 | INFO     |   → 362/864: ✅ 0 взято | 🗑️ 411 мусор
2026-05-11 19:36:36,363 | INFO     |   → 363/864: ✅ 0 взято | 🗑️ 0 мусор
2026-05-11 19:36:36,363 | INFO     |   → 364/864: ✅ 0 взято | 🗑️ 255 мусор
2026-05-11 19:36:36,363 | INFO     |   → 365/864: ✅ 0 взято | 🗑️ 2734 мусор
2026-05-11 19:36:36,363 | INFO     |   → 366/864: ✅ 0 взято | 🗑️ 579 мусор
2026-05-11 19:36:36,363 | INFO     |   → 367/864 ❌ HTTP 404 — https://raw.githubusercontent.com/Epodonios/v2ray-configs/raw/main/Splitted-By-Protocol/trojan.txt
2026-05-11 19:36:36,363 | INFO     |   → 368/864 ❌ HTTP 404 — https://raw.githubusercontent.com/Epodonios/v2ray-configs/raw/main/Splitted-By-Protocol/vmess.txt
2026-05-11 19:36:36,363 | INFO     |   → 369/864: ✅ 0 взято | 🗑️ 411 мусор
2026-05-11 19:36:36,363 | INFO     |   → 370/864: ✅ 0 взято | 🗑️ 0 мусор
2026-05-11 19:36:36,363 | INFO     |   → 371/864: ✅ 0 взято | 🗑️ 255 мусор
2026-05-11 19:36:36,363 | INFO     |   → 372/864: ✅ 0 взято | 🗑️ 2734 мусор
2026-05-11 19:36:36,363 | INFO     |   → 373/864: ✅ 0 взято | 🗑️ 579 мусор
2026-05-11 19:36:36,363 | INFO     |   → 374/864 ❌ HTTP 404 — https://raw.githubusercontent.com/Fido6/FreeNodes/57221e59caddde55ffdda21d491ae952cd608049/nodes/halekj.txt
2026-05-11 19:36:36,363 | INFO     |   → 375/864 ❌ HTTP 404 — https://raw.githubusercontent.com/Fido6/FreeNodes/57221e59caddde55ffdda21d491ae952cd608049/nodes/kkzui.txt
2026-05-11 19:36:36,363 | INFO     |   → 376/864 ❌ HTTP 404 — https://raw.githubusercontent.com/Fido6/FreeNodes/57221e59caddde55ffdda21d491ae952cd608049/nodes/wenode.txt
2026-05-11 19:36:36,363 | INFO     |   → 377/864: ✅ 0 взято | 🗑️ 0 мусор
2026-05-11 19:36:36,363 | INFO     |   → 378/864: ✅ 0 взято | 🗑️ 0 мусор
2026-05-11 19:36:36,363 | INFO     |   → 379/864: ✅ 14 взято | 🗑️ 250 мусор
2026-05-11 19:36:36,363 | INFO     |   → 380/864: ✅ 3 взято | 🗑️ 5 мусор
2026-05-11 19:36:36,363 | INFO     |   → 381/864: ✅ 1 взято | 🗑️ 17 мусор
2026-05-11 19:36:36,364 | INFO     |   → 382/864: ✅ 4 взято | 🗑️ 11 мусор
2026-05-11 19:36:36,364 | INFO     |   → 383/864: ✅ 0 взято | 🗑️ 0 мусор
2026-05-11 19:36:36,364 | INFO     |   → 384/864: ✅ 0 взято | 🗑️ 137 мусор
2026-05-11 19:36:36,364 | INFO     |   → 385/864: ✅ 0 взято | 🗑️ 32 мусор
2026-05-11 19:36:36,364 | INFO     |   → 386/864: ✅ 2 взято | 🗑️ 19 мусор
2026-05-11 19:36:36,364 | INFO     |   → 387/864: ✅ 0 взято | 🗑️ 43 мусор
2026-05-11 19:36:36,364 | INFO     |   → 388/864: ✅ 0 взято | 🗑️ 43 мусор
2026-05-11 19:36:36,364 | INFO     |   → 389/864 ❌ HTTP 404 — https://raw.githubusercontent.com/Iran-v2ray/v2ray/main/v2ray
2026-05-11 19:36:36,364 | INFO     |   → 390/864: ✅ 0 взято | 🗑️ 1 мусор
2026-05-11 19:36:36,364 | INFO     |   → 391/864: ✅ 0 взято | 🗑️ 1 мусор
2026-05-11 19:36:36,364 | INFO     |   → 392/864: ✅ 0 взято | 🗑️ 28 мусор
2026-05-11 19:36:36,364 | INFO     |   → 393/864: ✅ 14 взято | 🗑️ 282 мусор
2026-05-11 19:36:36,364 | INFO     |   → 394/864: ✅ 0 взято | 🗑️ 94 мусор
2026-05-11 19:36:36,364 | INFO     |   → 395/864: ✅ 0 взято | 🗑️ 0 мусор
2026-05-11 19:36:36,364 | INFO     |   → 396/864: ✅ 0 взято | 🗑️ 0 мусор
2026-05-11 19:36:36,364 | INFO     |   → 397/864 ❌ HTTP 404 — https://raw.githubusercontent.com/Kwinshadow/TelegramV2rayCollector/raw/refs/heads/main/sublinks/mix.txt
2026-05-11 19:36:36,364 | INFO     |   → 398/864 ❌ HTTP 404 — https://raw.githubusercontent.com/LalatinaHub/Mineral/raw/refs/heads/master/result/nodes
2026-05-11 19:36:36,364 | INFO     |   → 399/864 ❌ HTTP 404 — https://raw.githubusercontent.com/Leon406/SubCrawler/main/sub/share/all3
2026-05-11 19:36:36,364 | INFO     |   → 400/864 ❌ HTTP 404 — https://raw.githubusercontent.com/Leon406/SubCrawler/main/sub/share/all4
2026-05-11 19:36:36,364 | INFO     |   → 401/864: ✅ 4 взято | 🗑️ 335 мусор
2026-05-11 19:36:36,364 | INFO     |   → 402/864: ✅ 0 взято | 🗑️ 33 мусор
2026-05-11 19:36:36,364 | INFO     |   → 403/864: ✅ 0 взято | 🗑️ 6 мусор
2026-05-11 19:36:36,364 | INFO     |   → 404/864: ✅ 0 взято | 🗑️ 147 мусор
2026-05-11 19:36:36,365 | INFO     |   → 405/864 ❌ HTTP 404 — https://raw.githubusercontent.com/M-Mashreghi/free-config-collector/main/Splitted-By-Protocol/ssr.txt
2026-05-11 19:36:36,365 | INFO     |   → 406/864: ✅ 139 взято | 🗑️ 114 мусор
2026-05-11 19:36:36,365 | INFO     |   → 407/864: ✅ 126 взято | 🗑️ 137 мусор
2026-05-11 19:36:36,365 | INFO     |   → 408/864: ✅ 0 взято | 🗑️ 12 мусор
2026-05-11 19:36:36,365 | INFO     |   → 409/864: ✅ 0 взято | 🗑️ 1 мусор
2026-05-11 19:36:36,365 | INFO     |   → 410/864: ✅ 6 взято | 🗑️ 12 мусор
2026-05-11 19:36:36,365 | INFO     |   → 411/864: ✅ 0 взято | 🗑️ 12 мусор
2026-05-11 19:36:36,365 | INFO     |   → 412/864 ❌ HTTP 404 — https://raw.githubusercontent.com/MatinGhanbari/v2ray-configs/main/subscriptions/filtered/subs/hy2.txt
2026-05-11 19:36:36,365 | INFO     |   → 413/864: ✅ 30 взято | 🗑️ 1610 мусор
2026-05-11 19:36:36,365 | INFO     |   → 414/864 ❌ HTTP 404 — https://raw.githubusercontent.com/MatinGhanbari/v2ray-configs/main/subscriptions/filtered/subs/ssr.txt
2026-05-11 19:36:36,365 | INFO     |   → 415/864: ✅ 63 взято | 🗑️ 485 мусор
2026-05-11 19:36:36,365 | INFO     |   → 416/864 ❌ HTTP 404 — https://raw.githubusercontent.com/MatinGhanbari/v2ray-configs/main/subscriptions/filtered/subs/tuic.txt
2026-05-11 19:36:36,365 | INFO     |   → 417/864: ✅ 14 взято | 🗑️ 243 мусор
2026-05-11 19:36:36,365 | INFO     |   → 418/864: ✅ 220 взято | 🗑️ 1277 мусор
2026-05-11 19:36:36,365 | INFO     |   → 419/864: ✅ 0 взято | 🗑️ 2 мусор
2026-05-11 19:36:36,365 | INFO     |   → 420/864: ✅ 150 взято | 🗑️ 795 мусор
2026-05-11 19:36:36,365 | INFO     |   → 421/864: ✅ 0 взято | 🗑️ 409 мусор
2026-05-11 19:36:36,365 | INFO     |   → 422/864: ✅ 0 взято | 🗑️ 409 мусор
2026-05-11 19:36:36,365 | INFO     |   → 423/864: ✅ 0 взято | 🗑️ 19 мусор
2026-05-11 19:36:36,365 | INFO     |   → 424/864: ✅ 0 взято | 🗑️ 2 мусор
2026-05-11 19:36:36,365 | INFO     |   → 425/864: ✅ 0 взято | 🗑️ 295 мусор
2026-05-11 19:36:36,365 | INFO     |   → 426/864: ✅ 0 взято | 🗑️ 78 мусор
2026-05-11 19:36:36,366 | INFO     |   → 427/864 ❌ HTTP 404 — https://raw.githubusercontent.com/MhdiTaheri/V2rayCollector/raw/refs/heads/main/sub/mix
2026-05-11 19:36:36,366 | INFO     |   → 428/864: ✅ 53 взято | 🗑️ 267 мусор
2026-05-11 19:36:36,366 | INFO     |   → 429/864 ❌ HTTP 404 — https://raw.githubusercontent.com/MhdiTaheri/V2rayCollector_Py/raw/refs/heads/main/sub/Mix/mix.txt
2026-05-11 19:36:36,366 | INFO     |   → 430/864: ✅ 0 взято | 🗑️ 0 мусор
2026-05-11 19:36:36,366 | INFO     |   → 431/864: ✅ 43 взято | 🗑️ 217 мусор
2026-05-11 19:36:36,366 | INFO     |   → 432/864: ✅ 0 взято | 🗑️ 31 мусор
2026-05-11 19:36:36,366 | INFO     |   → 433/864: ✅ 93 взято | 🗑️ 282 мусор
2026-05-11 19:36:36,366 | INFO     |   → 434/864: ✅ 0 взято | 🗑️ 26 мусор
2026-05-11 19:36:36,366 | INFO     |   → 435/864 ❌ HTTP 404 — https://raw.githubusercontent.com/MrMohebi/xray-proxy-grabber-telegram/master/collected-proxies/clash-meta/all.yaml
2026-05-11 19:36:36,366 | INFO     |   → 436/864 ❌ HTTP 404 — https://raw.githubusercontent.com/MrMohebi/xray-proxy-grabber-telegram/master/collected-proxies/row-url/actives.txt
2026-05-11 19:36:36,366 | INFO     |   → 437/864 ❌ HTTP 404 — https://raw.githubusercontent.com/MrMohebi/xray-proxy-grabber-telegram/master/collected-proxies/row-url/all.txt
2026-05-11 19:36:36,366 | INFO     |   → 438/864: ✅ 0 взято | 🗑️ 13 мусор
2026-05-11 19:36:36,366 | INFO     |   → 439/864: ✅ 0 взято | 🗑️ 13 мусор
2026-05-11 19:36:36,366 | INFO     |   → 440/864: ✅ 5 взято | 🗑️ 15 мусор
2026-05-11 19:36:36,366 | INFO     |   → 441/864: ✅ 0 взято | 🗑️ 30 мусор
2026-05-11 19:36:36,366 | INFO     |   → 442/864: ✅ 0 взято | 🗑️ 15 мусор
2026-05-11 19:36:36,366 | INFO     |   → 443/864: ✅ 66 взято | 🗑️ 123 мусор
2026-05-11 19:36:36,366 | INFO     |   → 444/864: ✅ 175 взято | 🗑️ 582 мусор
2026-05-11 19:36:36,366 | INFO     |   → 445/864: ✅ 0 взято | 🗑️ 0 мусор
2026-05-11 19:36:36,366 | INFO     |   → 446/864 ❌ HTTP 404 — https://raw.githubusercontent.com/OpenCNLink/freevpn/3cfcff048bfdd1493ccffa52ecf30ce7f9fc6b28/src/list/vmess.txt
2026-05-11 19:36:36,366 | INFO     |   → 447/864 ❌ HTTP 404 — https://raw.githubusercontent.com/Pawdro/Collection/main/sub
2026-05-11 19:36:36,366 | INFO     |   → 448/864: ✅ 1 взято | 🗑️ 7 мусор
2026-05-11 19:36:36,366 | INFO     |   → 449/864: ✅ 0 взято | 🗑️ 7 мусор
2026-05-11 19:36:36,367 | INFO     |   → 450/864: ✅ 0 взято | 🗑️ 0 мусор
2026-05-11 19:36:36,367 | INFO     |   → 451/864: ✅ 0 взято | 🗑️ 0 мусор
2026-05-11 19:36:36,367 | INFO     |   → 452/864: ✅ 0 взято | 🗑️ 50 мусор
2026-05-11 19:36:36,367 | INFO     |   → 453/864: ✅ 5 взято | 🗑️ 206 мусор
2026-05-11 19:36:36,367 | INFO     |   → 454/864: ✅ 21 взято | 🗑️ 138 мусор
2026-05-11 19:36:36,367 | INFO     |   → 455/864: ✅ 23 взято | 🗑️ 89 мусор
2026-05-11 19:36:36,367 | INFO     |   → 456/864: ✅ 9 взято | 🗑️ 85 мусор
2026-05-11 19:36:36,367 | INFO     |   → 457/864: ✅ 0 взято | 🗑️ 129 мусор
2026-05-11 19:36:36,367 | INFO     |   → 458/864: ✅ 0 взято | 🗑️ 81 мусор
2026-05-11 19:36:36,367 | INFO     |   → 459/864 ❌ HTTP 404 — https://raw.githubusercontent.com/STR97/STRUGOV/refs/heads/main/STR.BYPASS
2026-05-11 19:36:36,367 | INFO     |   → 460/864: ✅ 4 взято | 🗑️ 34 мусор
2026-05-11 19:36:36,367 | INFO     |   → 461/864: ✅ 11 взято | 🗑️ 16 мусор
2026-05-11 19:36:36,367 | INFO     |   → 462/864: ✅ 0 взято | 🗑️ 16 мусор
2026-05-11 19:36:36,367 | INFO     |   → 463/864: ✅ 0 взято | 🗑️ 27 мусор
2026-05-11 19:36:36,367 | INFO     |   → 464/864: ✅ 140 взято | 🗑️ 1153 мусор
2026-05-11 19:36:36,367 | INFO     |   → 465/864: ✅ 29 взято | 🗑️ 54 мусор
2026-05-11 19:36:36,367 | INFO     |   → 466/864: ✅ 0 взято | 🗑️ 0 мусор
2026-05-11 19:36:36,367 | INFO     |   → 467/864: ✅ 0 взято | 🗑️ 0 мусор
2026-05-11 19:36:36,367 | INFO     |   → 468/864: ✅ 2 взято | 🗑️ 2 мусор
2026-05-11 19:36:36,367 | INFO     |   → 469/864: ✅ 0 взято | 🗑️ 0 мусор
2026-05-11 19:36:36,367 | INFO     |   → 470/864: ✅ 0 взято | 🗑️ 2 мусор
2026-05-11 19:36:36,367 | INFO     |   → 471/864: ✅ 4 взято | 🗑️ 291 мусор
2026-05-11 19:36:36,368 | INFO     |   → 472/864: ✅ 0 взято | 🗑️ 119 мусор
2026-05-11 19:36:36,368 | INFO     |   → 473/864: ✅ 0 взято | 🗑️ 0 мусор
2026-05-11 19:36:36,368 | INFO     |   → 474/864 ❌ HTTP 404 — https://raw.githubusercontent.com/V2RAYCONFIGSPOOL/V2RAY_SUB/main/V2RAY_SUB.txt
2026-05-11 19:36:36,368 | INFO     |   → 475/864: ✅ 14 взято | 🗑️ 185 мусор
2026-05-11 19:36:36,368 | INFO     |   → 476/864: ✅ 19 взято | 🗑️ 76 мусор
2026-05-11 19:36:36,368 | INFO     |   → 477/864: ✅ 0 взято | 🗑️ 0 мусор
2026-05-11 19:36:36,368 | INFO     |   → 478/864: ✅ 0 взято | 🗑️ 76 мусор
2026-05-11 19:36:36,368 | INFO     |   → 479/864: ✅ 58 взято | 🗑️ 348 мусор
2026-05-11 19:36:36,368 | INFO     |   → 480/864: ✅ 1 взято | 🗑️ 231 мусор
2026-05-11 19:36:36,368 | INFO     |   → 481/864: ✅ 0 взято | 🗑️ 0 мусор
2026-05-11 19:36:36,368 | INFO     |   → 482/864: ✅ 1 взято | 🗑️ 83 мусор
2026-05-11 19:36:36,368 | INFO     |   → 483/864: ✅ 0 взято | 🗑️ 16 мусор
2026-05-11 19:36:36,368 | INFO     |   → 484/864: ✅ 0 взято | 🗑️ 16 мусор
2026-05-11 19:36:36,368 | INFO     |   → 485/864 ❌ HTTP 404 — https://raw.githubusercontent.com/aiboboxx/clashfree/main/clash.yml
2026-05-11 19:36:36,368 | INFO     |   → 486/864 ❌ HTTP 404 — https://raw.githubusercontent.com/aiboboxx/v2rayfree/main/v2
2026-05-11 19:36:36,368 | INFO     |   → 487/864 ❌ HTTP 404 — https://raw.githubusercontent.com/amirmohammad-mohammad-88/Sub-Reality-Azadi-config/Config/Azadi-Reality-Different
2026-05-11 19:36:36,368 | INFO     |   → 488/864 ❌ HTTP 404 — https://raw.githubusercontent.com/amirmohammad-mohammad-88/Sub-Reality-Azadi-config/Config/Azadi-Reality-Different-Base64
2026-05-11 19:36:36,368 | INFO     |   → 489/864: ✅ 1 взято | 🗑️ 17 мусор
2026-05-11 19:36:36,368 | INFO     |   → 490/864: ✅ 0 взято | 🗑️ 0 мусор
2026-05-11 19:36:36,368 | INFO     |   → 491/864: ✅ 4 взято | 🗑️ 114 мусор
2026-05-11 19:36:36,368 | INFO     |   → 492/864: ✅ 27 взято | 🗑️ 51 мусор
2026-05-11 19:36:36,368 | INFO     |   → 493/864 ❌ HTTP 404 — https://raw.githubusercontent.com/awesome-vpn/awesome-vpn/master/ss
2026-05-11 19:36:36,368 | INFO     |   → 494/864 ❌ HTTP 404 — https://raw.githubusercontent.com/awesome-vpn/awesome-vpn/master/ssr
2026-05-11 19:36:36,369 | INFO     |   → 495/864: ✅ 0 взято | 🗑️ 0 мусор
2026-05-11 19:36:36,369 | INFO     |   → 496/864: ✅ 1 взято | 🗑️ 22 мусор
2026-05-11 19:36:36,369 | INFO     |   → 497/864: ✅ 0 взято | 🗑️ 266 мусор
2026-05-11 19:36:36,369 | INFO     |   → 498/864 ❌ HTTP 404 — https://raw.githubusercontent.com/barry-far/V2ray-Configs/ced94ddfff48276ec365b40227561f36b1b64bc8/Sub5.txt
2026-05-11 19:36:36,369 | INFO     |   → 499/864 ❌ HTTP 404 — https://raw.githubusercontent.com/barry-far/V2ray-Configs/main/Splitted-By-Protocol/hysteria2.txt
2026-05-11 19:36:36,369 | INFO     |   → 500/864 ❌ HTTP 404 — https://raw.githubusercontent.com/barry-far/V2ray-Configs/main/Splitted-By-Protocol/vless.txt
2026-05-11 19:36:36,369 | INFO     |   → 501/864 ❌ HTTP 404 — https://raw.githubusercontent.com/barry-far/V2ray-Configs/main/Sub1.txt
2026-05-11 19:36:36,369 | INFO     |   → 502/864 ❌ HTTP 404 — https://raw.githubusercontent.com/barry-far/V2ray-Configs/refs/heads/main/All_Configs_Sub.txt
2026-05-11 19:36:36,369 | INFO     |   → 503/864: ✅ 0 взято | 🗑️ 0 мусор
2026-05-11 19:36:36,369 | INFO     |   → 504/864 ❌ HTTP 404 — https://raw.githubusercontent.com/budamu/clashconfig/main/v2ray.txt
2026-05-11 19:36:36,369 | INFO     |   → 505/864 ❌ HTTP 404 — https://raw.githubusercontent.com/budamu/clashconfig/main/v2ray2.txt
2026-05-11 19:36:36,369 | INFO     |   → 506/864: ✅ 0 взято | 🗑️ 0 мусор
2026-05-11 19:36:36,369 | INFO     |   → 507/864: ✅ 0 взято | 🗑️ 442 мусор
2026-05-11 19:36:36,369 | INFO     |   → 508/864: ✅ 0 взято | 🗑️ 0 мусор
2026-05-11 19:36:36,369 | INFO     |   → 509/864 ❌ HTTP 404 — https://raw.githubusercontent.com/chxxyz2004/zd/17fca23b73c46b5dd73e9be49b14d219b5e5f836/sub/2401/240110.txt
2026-05-11 19:36:36,369 | INFO     |   → 510/864: ✅ 0 взято | 🗑️ 44 мусор
2026-05-11 19:36:36,369 | INFO     |   → 511/864: ✅ 236 взято | 🗑️ 517 мусор
2026-05-11 19:36:36,369 | INFO     |   → 512/864 ❌ HTTP 404 — https://raw.githubusercontent.com/cxr9912/cxr2022/main/free.yaml
2026-05-11 19:36:36,369 | INFO     |   → 513/864 ❌ HTTP 404 — https://raw.githubusercontent.com/cxr9912/cxr2022/main/mix.yaml
2026-05-11 19:36:36,369 | INFO     |   → 514/864 ❌ HTTP 404 — https://raw.githubusercontent.com/cxr9912/cxr2022/main/ss.yaml
2026-05-11 19:36:36,369 | INFO     |   → 515/864 ❌ HTTP 404 — https://raw.githubusercontent.com/cxr9912/cxr2022/main/ssr.yaml
2026-05-11 19:36:36,369 | INFO     |   → 516/864 ❌ HTTP 404 — https://raw.githubusercontent.com/cxr9912/cxr2022/main/vmess.yaml
2026-05-11 19:36:36,369 | INFO     |   → 517/864 ❌ HTTP 404 — https://raw.githubusercontent.com/cxr9912/cxr2022/refs/heads/main/18cj.json
2026-05-11 19:36:36,370 | INFO     |   → 518/864 ❌ HTTP 404 — https://raw.githubusercontent.com/cxr9912/cxr2022/refs/heads/main/aaaaaaaa.yaml
2026-05-11 19:36:36,370 | INFO     |   → 519/864 ❌ HTTP 404 — https://raw.githubusercontent.com/cxr9912/cxr2022/refs/heads/main/free.yaml
2026-05-11 19:36:36,370 | INFO     |   → 520/864 ❌ HTTP 404 — https://raw.githubusercontent.com/cxr9912/cxr2022/refs/heads/main/ss2088.txt
2026-05-11 19:36:36,370 | INFO     |   → 521/864: ✅ 0 взято | 🗑️ 18 мусор
2026-05-11 19:36:36,370 | INFO     |   → 522/864: ✅ 0 взято | 🗑️ 18 мусор
2026-05-11 19:36:36,370 | INFO     |   → 523/864: ✅ 6 взято | 🗑️ 78 мусор
2026-05-11 19:36:36,370 | INFO     |   → 524/864: ✅ 6 взято | 🗑️ 4 мусор
2026-05-11 19:36:36,370 | INFO     |   → 525/864: ✅ 0 взято | 🗑️ 2 мусор
2026-05-11 19:36:36,370 | INFO     |   → 526/864: ✅ 0 взято | 🗑️ 2 мусор
2026-05-11 19:36:36,370 | INFO     |   → 527/864: ✅ 0 взято | 🗑️ 2 мусор
2026-05-11 19:36:36,370 | INFO     |   → 528/864: ✅ 0 взято | 🗑️ 3 мусор
2026-05-11 19:36:36,370 | INFO     |   → 529/864: ✅ 0 взято | 🗑️ 2 мусор
2026-05-11 19:36:36,370 | INFO     |   → 530/864: ✅ 0 взято | 🗑️ 9 мусор
2026-05-11 19:36:36,370 | INFO     |   → 531/864: ✅ 1 взято | 🗑️ 1 мусор
2026-05-11 19:36:36,370 | INFO     |   → 532/864: ✅ 0 взято | 🗑️ 10 мусор
2026-05-11 19:36:36,370 | INFO     |   → 533/864: ✅ 0 взято | 🗑️ 2 мусор
2026-05-11 19:36:36,370 | INFO     |   → 534/864: ✅ 0 взято | 🗑️ 0 мусор
2026-05-11 19:36:36,370 | INFO     |   → 535/864: ✅ 144 взято | 🗑️ 3743 мусор
2026-05-11 19:36:36,370 | INFO     |   → 536/864: ✅ 51 взято | 🗑️ 75 мусор
2026-05-11 19:36:36,370 | INFO     |   → 537/864: ✅ 6 взято | 🗑️ 113 мусор
2026-05-11 19:36:36,370 | INFO     |   → 538/864: ✅ 0 взято | 🗑️ 0 мусор
2026-05-11 19:36:36,370 | INFO     |   → 539/864: ✅ 1 взято | 🗑️ 25 мусор
2026-05-11 19:36:36,371 | INFO     |   → 540/864: ✅ 0 взято | 🗑️ 0 мусор
2026-05-11 19:36:36,371 | INFO     |   → 541/864: ✅ 13 взято | 🗑️ 19 мусор
2026-05-11 19:36:36,371 | INFO     |   → 542/864: ✅ 0 взято | 🗑️ 5 мусор
2026-05-11 19:36:36,371 | INFO     |   → 543/864: ✅ 2 взято | 🗑️ 80 мусор
2026-05-11 19:36:36,371 | INFO     |   → 544/864 ❌ HTTP 404 — https://raw.githubusercontent.com/free-nodes/v2rayfree/main/v2
2026-05-11 19:36:36,371 | INFO     |   → 545/864 ❌ HTTP 404 — https://raw.githubusercontent.com/free-v2ray-config/trojan/main/trojan.txt
2026-05-11 19:36:36,371 | INFO     |   → 546/864 ❌ HTTP 404 — https://raw.githubusercontent.com/free-v2ray-config/vless/main/vless.txt
2026-05-11 19:36:36,371 | INFO     |   → 547/864 ❌ HTTP 404 — https://raw.githubusercontent.com/free-v2ray-config/vmess/main/vmess.txt
2026-05-11 19:36:36,371 | INFO     |   → 548/864: ✅ 5 взято | 🗑️ 169 мусор
2026-05-11 19:36:36,371 | INFO     |   → 549/864: ✅ 34 взято | 🗑️ 121 мусор
2026-05-11 19:36:36,371 | INFO     |   → 550/864: ✅ 4 взято | 🗑️ 97 мусор
2026-05-11 19:36:36,371 | INFO     |   → 551/864 ❌ HTTP 404 — https://raw.githubusercontent.com/free18/v2ray/main/Clash.yaml
2026-05-11 19:36:36,371 | INFO     |   → 552/864: ✅ 0 взято | 🗑️ 0 мусор
2026-05-11 19:36:36,371 | INFO     |   → 553/864: ✅ 0 взято | 🗑️ 15 мусор
2026-05-11 19:36:36,371 | INFO     |   → 554/864: ✅ 0 взято | 🗑️ 0 мусор
2026-05-11 19:36:36,371 | INFO     |   → 555/864: ✅ 0 взято | 🗑️ 8 мусор
2026-05-11 19:36:36,371 | INFO     |   → 556/864: ✅ 0 взято | 🗑️ 8 мусор
2026-05-11 19:36:36,371 | INFO     |   → 557/864: ✅ 0 взято | 🗑️ 8 мусор
2026-05-11 19:36:36,371 | INFO     |   → 558/864: ✅ 0 взято | 🗑️ 8 мусор
2026-05-11 19:36:36,371 | INFO     |   → 559/864 ❌ HTTP 404 — https://raw.githubusercontent.com/freev2rayconfig/V2RAY_SUB/3e6a7786a1601ee3723e8d043ae79e70dbdfd9a8/v2rayconfigs.txt
2026-05-11 19:36:36,371 | INFO     |   → 560/864 ❌ HTTP 404 — https://raw.githubusercontent.com/freev2rayconfig/V2RAY_SUBSCRIPTION_LINK/main/v2rayconfigs.txt
2026-05-11 19:36:36,371 | INFO     |   → 561/864 ❌ HTTP 404 — https://raw.githubusercontent.com/gfpcom/free-proxy-list/main/list/http.txt
2026-05-11 19:36:36,371 | INFO     |   → 562/864 ❌ HTTP 404 — https://raw.githubusercontent.com/gfpcom/free-proxy-list/main/list/https.txt
2026-05-11 19:36:36,371 | INFO     |   → 563/864 ❌ HTTP 404 — https://raw.githubusercontent.com/gfpcom/free-proxy-list/main/list/socks4.txt
2026-05-11 19:36:36,371 | INFO     |   → 564/864 ❌ HTTP 404 — https://raw.githubusercontent.com/gfpcom/free-proxy-list/main/list/socks4a.txt
2026-05-11 19:36:36,371 | INFO     |   → 565/864 ❌ HTTP 404 — https://raw.githubusercontent.com/gfpcom/free-proxy-list/main/list/socks5.txt
2026-05-11 19:36:36,371 | INFO     |   → 566/864 ❌ HTTP 404 — https://raw.githubusercontent.com/gfpcom/free-proxy-list/main/list/socks5h.txt
2026-05-11 19:36:36,372 | INFO     |   → 567/864 ❌ HTTP 404 — https://raw.githubusercontent.com/gfpcom/free-proxy-list/main/list/ss.txt
2026-05-11 19:36:36,372 | INFO     |   → 568/864 ❌ HTTP 404 — https://raw.githubusercontent.com/gfpcom/free-proxy-list/main/list/ssr.txt
2026-05-11 19:36:36,372 | INFO     |   → 569/864 ❌ HTTP 404 — https://raw.githubusercontent.com/gfpcom/free-proxy-list/main/list/trojan.txt
2026-05-11 19:36:36,372 | INFO     |   → 570/864 ❌ HTTP 404 — https://raw.githubusercontent.com/gfpcom/free-proxy-list/main/list/vless.txt
2026-05-11 19:36:36,372 | INFO     |   → 571/864 ❌ HTTP 404 — https://raw.githubusercontent.com/gfpcom/free-proxy-list/main/list/vmess.txt
2026-05-11 19:36:36,372 | INFO     |   → 572/864: ✅ 0 взято | 🗑️ 17 мусор
2026-05-11 19:36:36,372 | INFO     |   → 573/864: ✅ 0 взято | 🗑️ 0 мусор
2026-05-11 19:36:36,372 | INFO     |   → 574/864: ✅ 4 взято | 🗑️ 63 мусор
2026-05-11 19:36:36,372 | INFO     |   → 575/864 ❌ HTTP 404 — https://raw.githubusercontent.com/hameed-maleki/TVC/89a4522969c57dcc22458cae9898426e5c4f2679/lite/config.txt
2026-05-11 19:36:36,372 | INFO     |   → 576/864: ✅ 5 взято | 🗑️ 132 мусор
2026-05-11 19:36:36,372 | INFO     |   → 577/864: ✅ 0 взято | 🗑️ 56 мусор
2026-05-11 19:36:36,372 | INFO     |   → 578/864 ❌ HTTP 404 — https://raw.githubusercontent.com/hkaa0/permalink/main/proxy/V2ray
2026-05-11 19:36:36,372 | INFO     |   → 579/864 ❌ HTTP 404 — https://raw.githubusercontent.com/hkaa0/permalink/main/proxy/clash
2026-05-11 19:36:36,372 | INFO     |   → 580/864 ❌ HTTP 404 — https://raw.githubusercontent.com/hkpc/Autoproxy/6cf946ddfc677a29062007e4b47d70674474baa7/sub/2401/240110.txt
2026-05-11 19:36:36,372 | INFO     |   → 581/864 ❌ HTTP 404 — https://raw.githubusercontent.com/hkpc/V2ray-Configs/7d9aa0dabf947af180a7dd6302818ed37950531a/Sub1.txt
2026-05-11 19:36:36,372 | INFO     |   → 582/864: ✅ 0 взято | 🗑️ 14 мусор
2026-05-11 19:36:36,372 | INFO     |   → 583/864: ✅ 16 взято | 🗑️ 16 мусор
2026-05-11 19:36:36,372 | INFO     |   → 584/864 ❌ HTTP 404 — https://raw.githubusercontent.com/iboxz/free-v2ray-collector/main/main
2026-05-11 19:36:36,372 | INFO     |   → 585/864: ✅ 11 взято | 🗑️ 18 мусор
2026-05-11 19:36:36,372 | INFO     |   → 586/864: ✅ 8 взято | 🗑️ 7 мусор
2026-05-11 19:36:36,372 | INFO     |   → 587/864: ✅ 58 взято | 🗑️ 251 мусор
2026-05-11 19:36:36,372 | INFO     |   → 588/864 ❌ HTTP 404 — https://raw.githubusercontent.com/igareck/vpn-configs-for-russia/refs/heads/main/Vless-Reality-White-Lists-Rus-Cable.txt
2026-05-11 19:36:36,372 | INFO     |   → 589/864: ✅ 125 взято | 🗑️ 25 мусор
2026-05-11 19:36:36,372 | INFO     |   → 590/864: ✅ 0 взято | 🗑️ 0 мусор
2026-05-11 19:36:36,372 | INFO     |   → 591/864: ✅ 0 взято | 🗑️ 0 мусор
2026-05-11 19:36:36,372 | INFO     |   → 592/864: ✅ 23 взято | 🗑️ 9 мусор
2026-05-11 19:36:36,373 | INFO     |   → 593/864: ✅ 0 взято | 🗑️ 0 мусор
2026-05-11 19:36:36,373 | INFO     |   → 594/864: ✅ 0 взято | 🗑️ 0 мусор
2026-05-11 19:36:36,373 | INFO     |   → 595/864: ✅ 0 взято | 🗑️ 12 мусор
2026-05-11 19:36:36,373 | INFO     |   → 596/864: ✅ 0 взято | 🗑️ 43 мусор
2026-05-11 19:36:36,373 | INFO     |   → 597/864 ❌ HTTP 404 — https://raw.githubusercontent.com/jw853355718/clash_233/master/config.yml
2026-05-11 19:36:36,373 | INFO     |   → 598/864: ✅ 0 взято | 🗑️ 210 мусор
2026-05-11 19:36:36,373 | INFO     |   → 599/864: ✅ 0 взято | 🗑️ 0 мусор
2026-05-11 19:36:36,373 | INFO     |   → 600/864: ✅ 0 взято | 🗑️ 0 мусор
2026-05-11 19:36:36,373 | INFO     |   → 601/864 ❌ HTTP 404 — https://raw.githubusercontent.com/lcx12901/v2ray-/master/sspool.herokuapp.com/yzcloud.yaml
2026-05-11 19:36:36,373 | INFO     |   → 602/864 ❌ HTTP 404 — https://raw.githubusercontent.com/lcx12901/v2ray-/master/sspool.herokuapp.com/yzcloud2.yaml
2026-05-11 19:36:36,373 | INFO     |   → 603/864: ✅ 0 взято | 🗑️ 0 мусор
2026-05-11 19:36:36,373 | INFO     |   → 604/864 ❌ HTTP 404 — https://raw.githubusercontent.com/learnhard-cn/free_proxy_ss/main/clash/config.yaml
2026-05-11 19:36:36,373 | INFO     |   → 605/864: ✅ 0 взято | 🗑️ 8 мусор
2026-05-11 19:36:36,373 | INFO     |   → 606/864: ✅ 0 взято | 🗑️ 4 мусор
2026-05-11 19:36:36,373 | INFO     |   → 607/864: ✅ 0 взято | 🗑️ 0 мусор
2026-05-11 19:36:36,373 | INFO     |   → 608/864: ✅ 0 взято | 🗑️ 4 мусор
2026-05-11 19:36:36,373 | INFO     |   → 609/864: ✅ 0 взято | 🗑️ 149 мусор
2026-05-11 19:36:36,373 | INFO     |   → 610/864: ✅ 0 взято | 🗑️ 421 мусор
2026-05-11 19:36:36,373 | INFO     |   → 611/864 ❌ HTTP 404 — https://raw.githubusercontent.com/lisylva-lee/v2dyku/main/ssr
2026-05-11 19:36:36,373 | INFO     |   → 612/864 ❌ HTTP 404 — https://raw.githubusercontent.com/lisylva-lee/v2dyku/main/v2dy
2026-05-11 19:36:36,373 | INFO     |   → 613/864: ✅ 0 взято | 🗑️ 53 мусор
2026-05-11 19:36:36,373 | INFO     |   → 614/864 ❌ HTTP 404 — https://raw.githubusercontent.com/luxl-1379/merge/77247d23def72b25226dfa741614e9b07a569c72/sub/sub_merge_base64.txt
2026-05-11 19:36:36,373 | INFO     |   → 615/864: ✅ 146 взято | 🗑️ 343 мусор
2026-05-11 19:36:36,373 | INFO     |   → 616/864: ✅ 0 взято | 🗑️ 129 мусор
2026-05-11 19:36:36,373 | INFO     |   → 617/864: ✅ 928 взято | 🗑️ 4013 мусор
2026-05-11 19:36:36,373 | INFO     |   → 618/864: ✅ 0 взято | 🗑️ 0 мусор
2026-05-11 19:36:36,374 | INFO     |   → 619/864: ✅ 0 взято | 🗑️ 4013 мусор
2026-05-11 19:36:36,374 | INFO     |   → 620/864: ✅ 20 взято | 🗑️ 370 мусор
2026-05-11 19:36:36,374 | INFO     |   → 621/864 ❌ HTTP 404 — https://raw.githubusercontent.com/mermeroo/Clash-V2ray/main/v2ray
2026-05-11 19:36:36,374 | INFO     |   → 622/864: ✅ 15 взято | 🗑️ 417 мусор
2026-05-11 19:36:36,374 | INFO     |   → 623/864: ✅ 6 взято | 🗑️ 102 мусор
2026-05-11 19:36:36,374 | INFO     |   → 624/864: ✅ 716 взято | 🗑️ 6258 мусор
2026-05-11 19:36:36,374 | INFO     |   → 625/864: ✅ 8 взято | 🗑️ 853 мусор
2026-05-11 19:36:36,374 | INFO     |   → 626/864: ✅ 32 взято | 🗑️ 69 мусор
2026-05-11 19:36:36,374 | INFO     |   → 627/864 ❌ HTTP 404 — https://raw.githubusercontent.com/mermeroo/free-v2ray-collector/main/main/mix
2026-05-11 19:36:36,374 | INFO     |   → 628/864 ❌ HTTP 404 — https://raw.githubusercontent.com/mermeroo/free-v2ray-collector/main/main/reality
2026-05-11 19:36:36,374 | INFO     |   → 629/864 ❌ HTTP 404 — https://raw.githubusercontent.com/mermeroo/free-v2ray-collector/main/main/shadowsocks
2026-05-11 19:36:36,374 | INFO     |   → 630/864 ❌ HTTP 404 — https://raw.githubusercontent.com/mermeroo/free-v2ray-collector/main/main/trojan
2026-05-11 19:36:36,374 | INFO     |   → 631/864 ❌ HTTP 404 — https://raw.githubusercontent.com/mermeroo/free-v2ray-collector/main/main/vless
2026-05-11 19:36:36,374 | INFO     |   → 632/864 ❌ HTTP 404 — https://raw.githubusercontent.com/mermeroo/free-v2ray-collector/main/main/vmess
2026-05-11 19:36:36,374 | INFO     |   → 633/864 ❌ HTTP 404 — https://raw.githubusercontent.com/mfuu/v2ray/master/merge/merge.txt
2026-05-11 19:36:36,374 | INFO     |   → 634/864: ✅ 0 взято | 🗑️ 246 мусор
2026-05-11 19:36:36,374 | INFO     |   → 635/864: ✅ 0 взято | 🗑️ 246 мусор
2026-05-11 19:36:36,374 | INFO     |   → 636/864: ✅ 508 взято | 🗑️ 13576 мусор
2026-05-11 19:36:36,374 | INFO     |   → 637/864: ✅ 0 взято | 🗑️ 13576 мусор
2026-05-11 19:36:36,374 | INFO     |   → 638/864: ✅ 0 взято | 🗑️ 3186 мусор
2026-05-11 19:36:36,374 | INFO     |   → 639/864: ✅ 0 взято | 🗑️ 1630 мусор
2026-05-11 19:36:36,374 | INFO     |   → 640/864: ✅ 0 взято | 🗑️ 4523 мусор
2026-05-11 19:36:36,374 | INFO     |   → 641/864: ✅ 0 взято | 🗑️ 4237 мусор
2026-05-11 19:36:36,374 | INFO     |   → 642/864 ❌ HTTP 404 — https://raw.githubusercontent.com/mianous/qiren/main/qiren.txt
2026-05-11 19:36:36,374 | INFO     |   → 643/864 ❌ HTTP 404 — https://raw.githubusercontent.com/miladtahanian/V2RayCFGDumper/refs/heads/main/config.txt
2026-05-11 19:36:36,374 | INFO     |   → 644/864 ❌ HTTP 404 — https://raw.githubusercontent.com/miladtahanian/multi-proxy-config-fetcher/refs/heads/main/configs/proxy_configs.txt
2026-05-11 19:36:36,374 | INFO     |   → 645/864: ✅ 0 взято | 🗑️ 0 мусор
2026-05-11 19:36:36,375 | INFO     |   → 646/864: ✅ 0 взято | 🗑️ 0 мусор
2026-05-11 19:36:36,375 | INFO     |   → 647/864: ✅ 0 взято | 🗑️ 0 мусор
2026-05-11 19:36:36,375 | INFO     |   → 648/864: ✅ 15 взято | 🗑️ 46 мусор
2026-05-11 19:36:36,375 | INFO     |   → 649/864: ✅ 0 взято | 🗑️ 251 мусор
2026-05-11 19:36:36,375 | INFO     |   → 650/864: ✅ 0 взято | 🗑️ 0 мусор
2026-05-11 19:36:36,375 | INFO     |   → 651/864: ✅ 28 взято | 🗑️ 93 мусор
2026-05-11 19:36:36,375 | INFO     |   → 652/864: ✅ 0 взято | 🗑️ 0 мусор
2026-05-11 19:36:36,375 | INFO     |   → 653/864: ✅ 15 взято | 🗑️ 70 мусор
2026-05-11 19:36:36,375 | INFO     |   → 654/864: ✅ 127 взято | 🗑️ 492 мусор
2026-05-11 19:36:36,375 | INFO     |   → 655/864: ✅ 331 взято | 🗑️ 190 мусор
2026-05-11 19:36:36,375 | INFO     |   → 656/864: ✅ 47 взято | 🗑️ 991 мусор
2026-05-11 19:36:36,375 | INFO     |   → 657/864 ❌ HTTP 404 — https://raw.githubusercontent.com/obscure1990/freeVM/master/snippets/nodes.yml
2026-05-11 19:36:36,375 | INFO     |   → 658/864 ❌ HTTP 404 — https://raw.githubusercontent.com/op30mmd/things/909b38024ba14d69dc0f95c238f63bc6e930a00f/eut.txt
2026-05-11 19:36:36,375 | INFO     |   → 659/864 ❌ HTTP 404 — https://raw.githubusercontent.com/openRunner/clash-freenode/main/v2ray.txt
2026-05-11 19:36:36,375 | INFO     |   → 660/864 ❌ HTTP 404 — https://raw.githubusercontent.com/oslook/clash-freenode/main/clash.yaml
2026-05-11 19:36:36,375 | INFO     |   → 661/864: ✅ 0 взято | 🗑️ 0 мусор
2026-05-11 19:36:36,375 | INFO     |   → 662/864: ✅ 4 взято | 🗑️ 1 мусор
2026-05-11 19:36:36,375 | INFO     |   → 663/864: ✅ 0 взято | 🗑️ 0 мусор
2026-05-11 19:36:36,375 | INFO     |   → 664/864: ✅ 9 взято | 🗑️ 211 мусор
2026-05-11 19:36:36,375 | INFO     |   → 665/864: ✅ 0 взято | 🗑️ 0 мусор
2026-05-11 19:36:36,375 | INFO     |   → 666/864: ✅ 0 взято | 🗑️ 0 мусор
2026-05-11 19:36:36,375 | INFO     |   → 667/864: ✅ 0 взято | 🗑️ 19 мусор
2026-05-11 19:36:36,375 | INFO     |   → 668/864: ✅ 0 взято | 🗑️ 44 мусор
2026-05-11 19:36:36,375 | INFO     |   → 669/864: ✅ 63 взято | 🗑️ 521 мусор
2026-05-11 19:36:36,375 | INFO     |   → 670/864: ✅ 165 взято | 🗑️ 273 мусор
2026-05-11 19:36:36,375 | INFO     |   → 671/864: ✅ 0 взято | 🗑️ 0 мусор
2026-05-11 19:36:36,376 | INFO     |   → 672/864: ✅ 28 взято | 🗑️ 211 мусор
2026-05-11 19:36:36,376 | INFO     |   → 673/864: ✅ 0 взято | 🗑️ 79 мусор
2026-05-11 19:36:36,376 | INFO     |   → 674/864: ✅ 13 взято | 🗑️ 32 мусор
2026-05-11 19:36:36,376 | INFO     |   → 675/864: ✅ 0 взято | 🗑️ 0 мусор
2026-05-11 19:36:36,376 | INFO     |   → 676/864: ✅ 2 взято | 🗑️ 9 мусор
2026-05-11 19:36:36,376 | INFO     |   → 677/864: ✅ 11 взято | 🗑️ 76 мусор
2026-05-11 19:36:36,376 | INFO     |   → 678/864: ✅ 0 взято | 🗑️ 168 мусор
2026-05-11 19:36:36,376 | INFO     |   → 679/864: ✅ 0 взято | 🗑️ 79 мусор
2026-05-11 19:36:36,376 | INFO     |   → 680/864: ✅ 0 взято | 🗑️ 16 мусор
2026-05-11 19:36:36,376 | INFO     |   → 681/864 ❌ HTTP 404 — https://raw.githubusercontent.com/ronghuaxueleng/get_v2/main/pub/changfengoss.yaml
2026-05-11 19:36:36,376 | INFO     |   → 682/864: ✅ 0 взято | 🗑️ 0 мусор
2026-05-11 19:36:36,376 | INFO     |   → 683/864: ✅ 51 взято | 🗑️ 97 мусор
2026-05-11 19:36:36,376 | INFO     |   → 684/864: ✅ 0 взято | 🗑️ 97 мусор
2026-05-11 19:36:36,376 | INFO     |   → 685/864 ❌ HTTP 404 — https://raw.githubusercontent.com/rxsweet/CM_Vmess/refs/heads/main/test.txt
2026-05-11 19:36:36,376 | INFO     |   → 686/864 ❌ HTTP 404 — https://raw.githubusercontent.com/rxsweet/proxies/main/sub/free.yaml
2026-05-11 19:36:36,376 | INFO     |   → 687/864 ❌ HTTP 404 — https://raw.githubusercontent.com/rxsweet/proxies/main/sub/rx.yaml
2026-05-11 19:36:36,376 | INFO     |   → 688/864 ❌ HTTP 404 — https://raw.githubusercontent.com/rxsweet/proxies/main/sub/sources/dynamicAll.yaml
2026-05-11 19:36:36,376 | INFO     |   → 689/864 ❌ HTTP 404 — https://raw.githubusercontent.com/rxsweet/proxies/main/sub/sources/miningAll.yaml
2026-05-11 19:36:36,376 | INFO     |   → 690/864 ❌ HTTP 404 — https://raw.githubusercontent.com/rxsweet/proxies/main/sub/srx.yaml
2026-05-11 19:36:36,376 | INFO     |   → 691/864 ❌ HTTP 404 — https://raw.githubusercontent.com/sajad-sajadi/V2ray-Collector/raw/main/output/protocols/vmess.txt
2026-05-11 19:36:36,376 | INFO     |   → 692/864 ❌ HTTP 404 — https://raw.githubusercontent.com/sakha1370/OpenRay/raw/refs/heads/main/output/all_valid_proxies.txt
2026-05-11 19:36:36,376 | INFO     |   → 693/864: ✅ 53 взято | 🗑️ 399 мусор
2026-05-11 19:36:36,376 | INFO     |   → 694/864: ✅ 0 взято | 🗑️ 399 мусор
2026-05-11 19:36:36,376 | INFO     |   → 695/864 ❌ HTTP 404 — https://raw.githubusercontent.com/samjoeyang/subscribe/main/fly
2026-05-11 19:36:36,376 | INFO     |   → 696/864: ✅ 0 взято | 🗑️ 0 мусор
2026-05-11 19:36:36,377 | INFO     |   → 697/864 ❌ HTTP 404 — https://raw.githubusercontent.com/sarina-ad/v2ray/main/v2ray
2026-05-11 19:36:36,377 | INFO     |   → 698/864 ❌ HTTP 404 — https://raw.githubusercontent.com/satrom/V2SSR/master/SSR/Sub.txt
2026-05-11 19:36:36,377 | INFO     |   → 699/864 ❌ HTTP 404 — https://raw.githubusercontent.com/satrom/V2SSR/master/V2RAY/Sub.txt
2026-05-11 19:36:36,377 | INFO     |   → 700/864: ✅ 855 взято | 🗑️ 23921 мусор
2026-05-11 19:36:36,377 | INFO     |   → 701/864: ✅ 0 взято | 🗑️ 0 мусор
2026-05-11 19:36:36,377 | INFO     |   → 702/864: ✅ 0 взято | 🗑️ 0 мусор
2026-05-11 19:36:36,377 | INFO     |   → 703/864: ✅ 3 взято | 🗑️ 49 мусор
2026-05-11 19:36:36,377 | INFO     |   → 704/864: ✅ 118 взято | 🗑️ 1430 мусор
2026-05-11 19:36:36,377 | INFO     |   → 705/864: ✅ 0 взято | 🗑️ 722 мусор
2026-05-11 19:36:36,377 | INFO     |   → 706/864: ✅ 0 взято | 🗑️ 40 мусор
2026-05-11 19:36:36,377 | INFO     |   → 707/864: ✅ 0 взято | 🗑️ 652 мусор
2026-05-11 19:36:36,377 | INFO     |   → 708/864: ✅ 0 взято | 🗑️ 16 мусор
2026-05-11 19:36:36,377 | INFO     |   → 709/864: ✅ 0 взято | 🗑️ 1430 мусор
2026-05-11 19:36:36,377 | INFO     |   → 710/864: ✅ 0 взято | 🗑️ 0 мусор
2026-05-11 19:36:36,377 | INFO     |   → 711/864 ❌ HTTP 404 — https://raw.githubusercontent.com/shirkerboy/scp/main/sub
2026-05-11 19:36:36,377 | INFO     |   → 712/864 ❌ HTTP 404 — https://raw.githubusercontent.com/snakem982/proxypool/main/nodelist.txt
2026-05-11 19:36:36,377 | INFO     |   → 713/864: ✅ 13 взято | 🗑️ 27 мусор
2026-05-11 19:36:36,377 | INFO     |   → 714/864 ❌ HTTP 404 — https://raw.githubusercontent.com/snakem982/proxypool/main/source/v2ray.txt
2026-05-11 19:36:36,377 | INFO     |   → 715/864 ❌ HTTP 404 — https://raw.githubusercontent.com/soroushmirzaei/telegram-configs-collector/main/channels/protocols/hysteria
2026-05-11 19:36:36,377 | INFO     |   → 716/864 ❌ HTTP 404 — https://raw.githubusercontent.com/soroushmirzaei/telegram-configs-collector/main/channels/protocols/juicity
2026-05-11 19:36:36,377 | INFO     |   → 717/864 ❌ HTTP 404 — https://raw.githubusercontent.com/soroushmirzaei/telegram-configs-collector/main/channels/protocols/reality
2026-05-11 19:36:36,377 | INFO     |   → 718/864 ❌ HTTP 404 — https://raw.githubusercontent.com/soroushmirzaei/telegram-configs-collector/main/channels/protocols/shadowsocks
2026-05-11 19:36:36,377 | INFO     |   → 719/864 ❌ HTTP 404 — https://raw.githubusercontent.com/soroushmirzaei/telegram-configs-collector/main/channels/protocols/trojan
2026-05-11 19:36:36,378 | INFO     |   → 720/864 ❌ HTTP 404 — https://raw.githubusercontent.com/soroushmirzaei/telegram-configs-collector/main/channels/protocols/tuic
2026-05-11 19:36:36,378 | INFO     |   → 721/864 ❌ HTTP 404 — https://raw.githubusercontent.com/soroushmirzaei/telegram-configs-collector/main/channels/protocols/vless
2026-05-11 19:36:36,378 | INFO     |   → 722/864 ❌ HTTP 404 — https://raw.githubusercontent.com/soroushmirzaei/telegram-configs-collector/main/channels/protocols/vmess
2026-05-11 19:36:36,378 | INFO     |   → 723/864 ❌ HTTP 404 — https://raw.githubusercontent.com/soroushmirzaei/telegram-configs-collector/main/countries/jp/mixed
2026-05-11 19:36:36,378 | INFO     |   → 724/864 ❌ HTTP 404 — https://raw.githubusercontent.com/soroushmirzaei/telegram-configs-collector/main/protocols/hysteria
2026-05-11 19:36:36,378 | INFO     |   → 725/864 ❌ HTTP 404 — https://raw.githubusercontent.com/soroushmirzaei/telegram-configs-collector/main/protocols/juicity
2026-05-11 19:36:36,378 | INFO     |   → 726/864 ❌ HTTP 404 — https://raw.githubusercontent.com/soroushmirzaei/telegram-configs-collector/main/protocols/reality
2026-05-11 19:36:36,378 | INFO     |   → 727/864 ❌ HTTP 404 — https://raw.githubusercontent.com/soroushmirzaei/telegram-configs-collector/main/protocols/shadowsocks
2026-05-11 19:36:36,378 | INFO     |   → 728/864 ❌ HTTP 404 — https://raw.githubusercontent.com/soroushmirzaei/telegram-configs-collector/main/protocols/trojan
2026-05-11 19:36:36,378 | INFO     |   → 729/864 ❌ HTTP 404 — https://raw.githubusercontent.com/soroushmirzaei/telegram-configs-collector/main/protocols/tuic
2026-05-11 19:36:36,378 | INFO     |   → 730/864 ❌ HTTP 404 — https://raw.githubusercontent.com/soroushmirzaei/telegram-configs-collector/main/protocols/vless
2026-05-11 19:36:36,378 | INFO     |   → 731/864 ❌ HTTP 404 — https://raw.githubusercontent.com/soroushmirzaei/telegram-configs-collector/main/protocols/vmess
2026-05-11 19:36:36,378 | INFO     |   → 732/864 ❌ HTTP 404 — https://raw.githubusercontent.com/soroushmirzaei/telegram-configs-collector/main/splitted/subscribe
2026-05-11 19:36:36,378 | INFO     |   → 733/864 ❌ HTTP 404 — https://raw.githubusercontent.com/ssrsub/ssr/master/Clash.yml
2026-05-11 19:36:36,378 | INFO     |   → 734/864 ❌ HTTP 404 — https://raw.githubusercontent.com/ssrsub/ssr/master/V2Ray
2026-05-11 19:36:36,378 | INFO     |   → 735/864 ❌ HTTP 404 — https://raw.githubusercontent.com/ssrsub/ssr/master/ss-sub
2026-05-11 19:36:36,378 | INFO     |   → 736/864 ❌ HTTP 404 — https://raw.githubusercontent.com/ssrsub/ssr/master/ssrsub
2026-05-11 19:36:36,378 | INFO     |   → 737/864 ❌ HTTP 404 — https://raw.githubusercontent.com/ssrsub/ssr/master/trojan
2026-05-11 19:36:36,378 | INFO     |   → 738/864: ✅ 0 взято | 🗑️ 0 мусор
2026-05-11 19:36:36,378 | INFO     |   → 739/864: ✅ 2 взято | 🗑️ 12 мусор
2026-05-11 19:36:36,378 | INFO     |   → 740/864: ✅ 0 взято | 🗑️ 13 мусор
2026-05-11 19:36:36,378 | INFO     |   → 741/864: ✅ 0 взято | 🗑️ 13 мусор
2026-05-11 19:36:36,378 | INFO     |   → 742/864 ❌ HTTP 404 — https://raw.githubusercontent.com/tbbatbb/Proxy/master/dist/clash.config.yaml
2026-05-11 19:36:36,379 | INFO     |   → 743/864: ✅ 2 взято | 🗑️ 35 мусор
2026-05-11 19:36:36,379 | INFO     |   → 744/864: ✅ 0 взято | 🗑️ 0 мусор
2026-05-11 19:36:36,379 | INFO     |   → 745/864: ✅ 5 взято | 🗑️ 111 мусор
2026-05-11 19:36:36,379 | INFO     |   → 746/864: ✅ 0 взято | 🗑️ 0 мусор
2026-05-11 19:36:36,379 | INFO     |   → 747/864: ✅ 0 взято | 🗑️ 127 мусор
2026-05-11 19:36:36,379 | INFO     |   → 748/864 ❌ HTTP 404 — https://raw.githubusercontent.com/v2clash/Autoproxy/a81f840ab2364124133572ec94e4b81fb0d4e58d/sub/2401/240104.txt
2026-05-11 19:36:36,379 | INFO     |   → 749/864 ❌ HTTP 404 — https://raw.githubusercontent.com/v2clash/V2ray-Configs/31f493c584d0c7b56350f4a34d80c53ad82bcc18/Sub9.txt
2026-05-11 19:36:36,379 | INFO     |   → 750/864: ✅ 0 взято | 🗑️ 0 мусор
2026-05-11 19:36:36,379 | INFO     |   → 751/864: ✅ 0 взято | 🗑️ 0 мусор
2026-05-11 19:36:36,379 | INFO     |   → 752/864: ✅ 0 взято | 🗑️ 0 мусор
2026-05-11 19:36:36,379 | INFO     |   → 753/864: ✅ 283 взято | 🗑️ 9640 мусор
2026-05-11 19:36:36,379 | INFO     |   → 754/864: ✅ 281 взято | 🗑️ 10086 мусор
2026-05-11 19:36:36,379 | INFO     |   → 755/864: ✅ 280 взято | 🗑️ 9675 мусор
2026-05-11 19:36:36,379 | INFO     |   → 756/864: ✅ 334 взято | 🗑️ 9823 мусор
2026-05-11 19:36:36,379 | INFO     |   → 757/864: ✅ 350 взято | 🗑️ 9639 мусор
2026-05-11 19:36:36,379 | INFO     |   → 758/864: ✅ 125 взято | 🗑️ 7919 мусор
2026-05-11 19:36:36,379 | INFO     |   → 759/864: ✅ 135 взято | 🗑️ 4836 мусор
2026-05-11 19:36:36,379 | INFO     |   → 760/864: ✅ 502 взято | 🗑️ 7659 мусор
2026-05-11 19:36:36,379 | INFO     |   → 761/864: ✅ 631 взято | 🗑️ 8081 мусор
2026-05-11 19:36:36,379 | INFO     |   → 762/864: ✅ 202 взято | 🗑️ 5131 мусор
2026-05-11 19:36:36,379 | INFO     |   → 763/864 ❌ HTTP 404 — https://raw.githubusercontent.com/vveg26/chromego_merge/main/sub/merged_proxies.yaml
2026-05-11 19:36:36,379 | INFO     |   → 764/864 ❌ HTTP 404 — https://raw.githubusercontent.com/vveg26/get_proxy/main/dist/clash.config.yaml
2026-05-11 19:36:36,379 | INFO     |   → 765/864: ✅ 0 взято | 🗑️ 10 мусор
2026-05-11 19:36:36,380 | INFO     |   → 766/864: ✅ 0 взято | 🗑️ 10 мусор
2026-05-11 19:36:36,380 | INFO     |   → 767/864: ✅ 0 взято | 🗑️ 4 мусор
2026-05-11 19:36:36,380 | INFO     |   → 768/864: ✅ 0 взято | 🗑️ 0 мусор
2026-05-11 19:36:36,380 | INFO     |   → 769/864: ✅ 0 взято | 🗑️ 4 мусор
2026-05-11 19:36:36,380 | INFO     |   → 770/864: ✅ 106 взято | 🗑️ 689 мусор
2026-05-11 19:36:36,380 | INFO     |   → 771/864: ✅ 48 взято | 🗑️ 841 мусор
2026-05-11 19:36:36,380 | INFO     |   → 772/864: ✅ 21 взято | 🗑️ 789 мусор
2026-05-11 19:36:36,380 | INFO     |   → 773/864: ✅ 24 взято | 🗑️ 774 мусор
2026-05-11 19:36:36,380 | INFO     |   → 774/864: ✅ 52 взято | 🗑️ 756 мусор
2026-05-11 19:36:36,380 | INFO     |   → 775/864: ✅ 191 взято | 🗑️ 745 мусор
2026-05-11 19:36:36,380 | INFO     |   → 776/864: ✅ 9 взято | 🗑️ 651 мусор
2026-05-11 19:36:36,380 | INFO     |   → 777/864: ✅ 185 взято | 🗑️ 388 мусор
2026-05-11 19:36:36,380 | INFO     |   → 778/864: ✅ 130 взято | 🗑️ 523 мусор
2026-05-11 19:36:36,380 | INFO     |   → 779/864: ✅ 67 взято | 🗑️ 533 мусор
2026-05-11 19:36:36,380 | INFO     |   → 780/864: ✅ 98 взято | 🗑️ 444 мусор
2026-05-11 19:36:36,380 | INFO     |   → 781/864: ✅ 102 взято | 🗑️ 670 мусор
2026-05-11 19:36:36,380 | INFO     |   → 782/864: ✅ 86 взято | 🗑️ 476 мусор
2026-05-11 19:36:36,380 | INFO     |   → 783/864: ✅ 95 взято | 🗑️ 657 мусор
2026-05-11 19:36:36,380 | INFO     |   → 784/864: ✅ 105 взято | 🗑️ 645 мусор
2026-05-11 19:36:36,380 | INFO     |   → 785/864: ✅ 115 взято | 🗑️ 985 мусор
2026-05-11 19:36:36,380 | INFO     |   → 786/864: ✅ 6 взято | 🗑️ 63 мусор
2026-05-11 19:36:36,380 | INFO     |   → 787/864: ✅ 7 взято | 🗑️ 62 мусор
2026-05-11 19:36:36,380 | INFO     |   → 788/864: ✅ 39 взято | 🗑️ 489 мусор
2026-05-11 19:36:36,381 | INFO     |   → 789/864: ✅ 0 взято | 🗑️ 0 мусор
2026-05-11 19:36:36,381 | INFO     |   → 790/864: ✅ 0 взято | 🗑️ 0 мусор
2026-05-11 19:36:36,381 | INFO     |   → 791/864: ✅ 0 взято | 🗑️ 0 мусор
2026-05-11 19:36:36,381 | INFO     |   → 792/864: ✅ 0 взято | 🗑️ 0 мусор
2026-05-11 19:36:36,381 | INFO     |   → 793/864: ✅ 0 взято | 🗑️ 0 мусор
2026-05-11 19:36:36,381 | INFO     |   → 794/864: ✅ 0 взято | 🗑️ 52 мусор
2026-05-11 19:36:36,381 | INFO     |   → 795/864: ✅ 5 взято | 🗑️ 10 мусор
2026-05-11 19:36:36,381 | INFO     |   → 796/864: ✅ 1 взято | 🗑️ 124 мусор
2026-05-11 19:36:36,381 | INFO     |   → 797/864: ✅ 108 взято | 🗑️ 78 мусор
2026-05-11 19:36:36,381 | INFO     |   → 798/864: ✅ 0 взято | 🗑️ 9 мусор
2026-05-11 19:36:36,381 | INFO     |   → 799/864: ✅ 41 взято | 🗑️ 420 мусор
2026-05-11 19:36:36,381 | INFO     |   → 800/864 ❌ HTTP 404 — https://raw.githubusercontent.com/xiaozhu2007/xiaozhu2007/61a755a044dbaeea678bc2d1e20f21a21c6d7170/docs/fxxk.txt
2026-05-11 19:36:36,381 | INFO     |   → 801/864: ✅ 1 взято | 🗑️ 159 мусор
2026-05-11 19:36:36,381 | INFO     |   → 802/864: ✅ 0 взято | 🗑️ 22 мусор
2026-05-11 19:36:36,381 | INFO     |   → 803/864: ✅ 0 взято | 🗑️ 0 мусор
2026-05-11 19:36:36,381 | INFO     |   → 804/864 ❌ HTTP 404 — https://raw.githubusercontent.com/yebekhe/TVC/0f745f92bf381e505f1245abbc7c145b19b11503/config.txt
2026-05-11 19:36:36,381 | INFO     |   → 805/864 ❌ HTTP 404 — https://raw.githubusercontent.com/yebekhe/TVC/9fac69239c69327fb7a61f5a8d79d107133889e1/lite/config.txt
2026-05-11 19:36:36,381 | INFO     |   → 806/864 ❌ HTTP 404 — https://raw.githubusercontent.com/yebekhe/TelegramV2rayCollector/main/sub/normal/donated
2026-05-11 19:36:36,381 | INFO     |   → 807/864 ❌ HTTP 404 — https://raw.githubusercontent.com/yebekhe/TelegramV2rayCollector/main/sub/normal/hysteria2
2026-05-11 19:36:36,381 | INFO     |   → 808/864 ❌ HTTP 404 — https://raw.githubusercontent.com/yebekhe/TelegramV2rayCollector/main/sub/normal/mix
2026-05-11 19:36:36,381 | INFO     |   → 809/864 ❌ HTTP 404 — https://raw.githubusercontent.com/yebekhe/TelegramV2rayCollector/main/sub/normal/reality
2026-05-11 19:36:36,381 | INFO     |   → 810/864 ❌ HTTP 404 — https://raw.githubusercontent.com/yebekhe/TelegramV2rayCollector/main/sub/normal/shadowsocks
2026-05-11 19:36:36,381 | INFO     |   → 811/864 ❌ HTTP 404 — https://raw.githubusercontent.com/yebekhe/TelegramV2rayCollector/main/sub/normal/trojan
2026-05-11 19:36:36,382 | INFO     |   → 812/864 ❌ HTTP 404 — https://raw.githubusercontent.com/yebekhe/TelegramV2rayCollector/main/sub/normal/tuic
2026-05-11 19:36:36,382 | INFO     |   → 813/864 ❌ HTTP 404 — https://raw.githubusercontent.com/yebekhe/TelegramV2rayCollector/main/sub/normal/vless
2026-05-11 19:36:36,382 | INFO     |   → 814/864 ❌ HTTP 404 — https://raw.githubusercontent.com/yebekhe/TelegramV2rayCollector/main/sub/normal/vmess
2026-05-11 19:36:36,382 | INFO     |   → 815/864 ❌ HTTP 404 — https://raw.githubusercontent.com/yebekhe/V2Hub/main/Split/Normal/shadowsocks
2026-05-11 19:36:36,382 | INFO     |   → 816/864 ❌ HTTP 404 — https://raw.githubusercontent.com/yebekhe/V2Hub/main/merged
2026-05-11 19:36:36,382 | INFO     |   → 817/864: ✅ 0 взято | 🗑️ 30 мусор
2026-05-11 19:36:36,382 | INFO     |   → 818/864: ✅ 960 взято | 🗑️ 7439 мусор
2026-05-11 19:36:36,382 | INFO     |   → 819/864: ✅ 7 взято | 🗑️ 342 мусор
2026-05-11 19:36:36,382 | INFO     |   → 820/864: ✅ 7 взято | 🗑️ 251 мусор
2026-05-11 19:36:36,382 | INFO     |   → 821/864: ✅ 304 взято | 🗑️ 171 мусор
2026-05-11 19:36:36,382 | INFO     |   → 822/864: ✅ 110 взято | 🗑️ 1538 мусор
2026-05-11 19:36:36,382 | INFO     |   → 823/864: ✅ 2 взято | 🗑️ 394 мусор
2026-05-11 19:36:36,382 | INFO     |   → 824/864 ❌ HTTP 404 — https://raw.githubusercontent.com/yyyr-otz/tele-providers-collector/019cb3e07ee52fddbc7caa54fc670c6b9bae6539/sub/proxies.txt
2026-05-11 19:36:36,382 | INFO     |   → 825/864 ❌ HTTP 404 — https://raw.githubusercontent.com/yyyr-otz/tele-providers-collector/b7a74ee98bcf02c5a507d688a1bed3aa9f7f4ed1/script/raw/protocols/mixed.txt
2026-05-11 19:36:36,382 | INFO     |   → 826/864: ✅ 0 взято | 🗑️ 0 мусор
2026-05-11 19:36:36,382 | INFO     |   → 827/864: ✅ 0 взято | 🗑️ 0 мусор
2026-05-11 19:36:36,382 | INFO     |   → 828/864: ✅ 1 взято | 🗑️ 18 мусор
2026-05-11 19:36:36,382 | INFO     |   → 829/864: ✅ 0 взято | 🗑️ 12 мусор
2026-05-11 19:36:36,382 | INFO     |   → 830/864: ✅ 0 взято | 🗑️ 5 мусор
2026-05-11 19:36:36,382 | INFO     |   → 831/864: ✅ 0 взято | 🗑️ 0 мусор
2026-05-11 19:36:36,382 | INFO     |   → 832/864 ⚠️ Ошибка: ('Connection aborted.', RemoteDisconnected('Remote end closed connection without response')) — https://sub.pmsub.me/clash.yaml
2026-05-11 19:36:36,382 | INFO     |   → 833/864: ✅ 0 взято | 🗑️ 1 мусор
2026-05-11 19:36:36,383 | INFO     |   → 834/864: ✅ 8 взято | 🗑️ 21 мусор
2026-05-11 19:36:36,383 | INFO     |   → 835/864: ✅ 0 взято | 🗑️ 0 мусор
2026-05-11 19:36:36,383 | INFO     |   → 836/864: ✅ 9 взято | 🗑️ 19 мусор
2026-05-11 19:36:36,383 | INFO     |   → 837/864: ✅ 0 взято | 🗑️ 0 мусор
2026-05-11 19:36:36,383 | INFO     |   → 838/864: ✅ 2 взято | 🗑️ 14 мусор
2026-05-11 19:36:36,383 | INFO     |   → 839/864: ✅ 4 взято | 🗑️ 22 мусор
2026-05-11 19:36:36,383 | INFO     |   → 840/864: ✅ 0 взято | 🗑️ 0 мусор
2026-05-11 19:36:36,383 | INFO     |   → 841/864: ✅ 0 взято | 🗑️ 0 мусор
2026-05-11 19:36:36,383 | INFO     |   → 842/864: ✅ 0 взято | 🗑️ 0 мусор
2026-05-11 19:36:36,383 | INFO     |   → 843/864: ✅ 2 взято | 🗑️ 16 мусор
2026-05-11 19:36:36,383 | INFO     |   → 844/864: ✅ 0 взято | 🗑️ 0 мусор
2026-05-11 19:36:36,383 | INFO     |   → 845/864: ✅ 4 взято | 🗑️ 7 мусор
2026-05-11 19:36:36,383 | INFO     |   → 846/864: ✅ 0 взято | 🗑️ 0 мусор
2026-05-11 19:36:36,383 | INFO     |   → 847/864: ✅ 6 взято | 🗑️ 14 мусор
2026-05-11 19:36:36,383 | INFO     |   → 848/864: ✅ 0 взято | 🗑️ 0 мусор
2026-05-11 19:36:36,383 | INFO     |   → 849/864: ✅ 2 взято | 🗑️ 13 мусор
2026-05-11 19:36:36,383 | INFO     |   → 850/864: ✅ 0 взято | 🗑️ 0 мусор
2026-05-11 19:36:36,383 | INFO     |   → 851/864: ✅ 0 взято | 🗑️ 0 мусор
2026-05-11 19:36:36,383 | INFO     |   → 852/864: ✅ 2 взято | 🗑️ 7 мусор
2026-05-11 19:36:36,383 | INFO     |   → 853/864: ✅ 2 взято | 🗑️ 14 мусор
2026-05-11 19:36:36,383 | INFO     |   → 854/864: ✅ 2 взято | 🗑️ 14 мусор
2026-05-11 19:36:36,383 | INFO     |   → 855/864: ✅ 0 взято | 🗑️ 0 мусор
2026-05-11 19:36:36,383 | INFO     |   → 856/864: ✅ 3 взято | 🗑️ 22 мусор
2026-05-11 19:36:36,383 | INFO     |   → 857/864: ✅ 0 взято | 🗑️ 0 мусор
2026-05-11 19:36:36,384 | INFO     |   → 858/864: ✅ 2 взято | 🗑️ 15 мусор
2026-05-11 19:36:36,384 | INFO     |   → 859/864: ✅ 3 взято | 🗑️ 12 мусор
2026-05-11 19:36:36,384 | INFO     |   → 860/864: ✅ 0 взято | 🗑️ 0 мусор
2026-05-11 19:36:36,384 | INFO     |   → 861/864: ✅ 0 взято | 🗑️ 0 мусор
2026-05-11 19:36:36,384 | INFO     |   → 862/864: ✅ 0 взято | 🗑️ 0 мусор
2026-05-11 19:36:36,384 | INFO     |   → 863/864: ✅ 4 взято | 🗑️ 11 мусор
2026-05-11 19:36:36,384 | INFO     |   → 864/864: ✅ 0 взято | 🗑️ 11 мусор
2026-05-11 19:36:36,384 | INFO     |   → ✅ ГОТОВО!
2026-05-11 19:36:36,384 | INFO     |   →    📥 Всего ключей после фильтра: 16408
2026-05-11 19:36:36,384 | INFO     |   →    🔗 Уникальных IP:PORT:SCHEME: 10047
2026-05-11 19:36:36,384 | INFO     |   →    🗑️ Выброшено мусора: 266277
2026-05-11 19:36:36,384 | INFO     |   → 📊 По протоколам:
2026-05-11 19:36:36,384 | INFO     |   →    vless: 3429
2026-05-11 19:36:36,384 | INFO     |   →    vmess: 3520
2026-05-11 19:36:36,384 | INFO     |   →    trojan: 1066
2026-05-11 19:36:36,384 | INFO     |   →    ss: 1877
2026-05-11 19:36:36,384 | INFO     |   →    hysteria: 13
2026-05-11 19:36:36,384 | INFO     |   →    hysteria2: 31
2026-05-11 19:36:36,384 | INFO     |   →    hy2: 59
2026-05-11 19:36:36,384 | INFO     |   →    tuic: 52
2026-05-11 19:36:36,384 | INFO     | ✅ mirror.py завершён успешно
2026-05-11 19:36:36,385 | INFO     | 
2026-05-11 19:36:36,385 | INFO     | 
2026-05-11 19:36:36,385 | INFO     | ──────────────────────────────────────────────────────────────────────
2026-05-11 19:36:36,385 | INFO     | 📌 ЭТАП: Фильтрация по реальному SNI
2026-05-11 19:36:36,385 | INFO     | ──────────────────────────────────────────────────────────────────────
2026-05-11 19:36:36,385 | INFO     | 🚀 Запуск filter_ru_sni.py (Фильтр по реальному SNI (CDN+RU))...
2026-05-11 19:36:36,628 | INFO     |   → hy2.txt: 59 → 19 (SNI-filtered)
2026-05-11 19:36:36,628 | INFO     |   →   hysteria.txt: 13 → 0 (SNI-filtered)
2026-05-11 19:36:36,628 | INFO     |   →   hysteria2.txt: 31 → 4 (SNI-filtered)
2026-05-11 19:36:36,628 | INFO     |   →   ss.txt: 1877 → 0 (SNI-filtered)
2026-05-11 19:36:36,628 | INFO     |   →   trojan.txt: 1066 → 3 (SNI-filtered)
2026-05-11 19:36:36,629 | INFO     |   →   tuic.txt: 52 → 0 (SNI-filtered)
2026-05-11 19:36:36,629 | INFO     |   →   vless.txt: 3429 → 418 (SNI-filtered)
2026-05-11 19:36:36,629 | INFO     |   →   vmess.txt: 3520 → 39 (SNI-filtered)
2026-05-11 19:36:36,629 | INFO     |   → ==================================================
2026-05-11 19:36:36,629 | INFO     |   →   Всего входных:  10047
2026-05-11 19:36:36,629 | INFO     |   →   Прошли фильтр:  483
2026-05-11 19:36:36,629 | INFO     |   →   Отброшено:      9564
2026-05-11 19:36:36,629 | INFO     |   → ==================================================
2026-05-11 19:36:36,629 | INFO     |   → Готово → /home/runner/work/vpn-vless-configs-russia/vpn-vless-configs-russia/githubmirror/ru-sni
2026-05-11 19:36:36,629 | INFO     | ✅ filter_ru_sni.py завершён успешно
2026-05-11 19:36:36,629 | INFO     | 
2026-05-11 19:36:36,629 | INFO     | 
2026-05-11 19:36:36,629 | INFO     | ──────────────────────────────────────────────────────────────────────
2026-05-11 19:36:36,629 | INFO     | 📌 ЭТАП: Экспериментальный RU-SNI фильтр
2026-05-11 19:36:36,629 | INFO     | ──────────────────────────────────────────────────────────────────────
2026-05-11 19:36:36,629 | INFO     | 🚀 Запуск filter_ru_sni_local.py (Экспериментальный фильтр по RU-SNI (локальные домены))...
2026-05-11 19:36:36,792 | INFO     |   → hy2.txt: 59 → 0 (RU-SNI)
2026-05-11 19:36:36,792 | INFO     |   → hysteria.txt: 13 → 0 (RU-SNI)
2026-05-11 19:36:36,792 | INFO     |   → hysteria2.txt: 31 → 0 (RU-SNI)
2026-05-11 19:36:36,793 | INFO     |   → ss.txt: 1877 → 0 (RU-SNI)
2026-05-11 19:36:36,793 | INFO     |   → trojan.txt: 1066 → 0 (RU-SNI)
2026-05-11 19:36:36,793 | INFO     |   → tuic.txt: 52 → 0 (RU-SNI)
2026-05-11 19:36:36,793 | INFO     |   → vless.txt: 3429 → 112 (RU-SNI)
2026-05-11 19:36:36,793 | INFO     |   → vmess.txt: 3520 → 0 (RU-SNI)
2026-05-11 19:36:36,793 | INFO     |   → ==================================================
2026-05-11 19:36:36,793 | INFO     |   → Всего входных:  10047
2026-05-11 19:36:36,793 | INFO     |   → Прошли RU-SNI:  112
2026-05-11 19:36:36,793 | INFO     |   → Отброшено:      9935
2026-05-11 19:36:36,793 | INFO     |   → ==================================================
2026-05-11 19:36:36,793 | INFO     |   → Готово → /home/runner/work/vpn-vless-configs-russia/vpn-vless-configs-russia/githubmirror/ru-sni-local
2026-05-11 19:36:36,793 | INFO     | ✅ filter_ru_sni_local.py завершён успешно
2026-05-11 19:36:36,793 | INFO     | 
2026-05-11 19:36:36,793 | INFO     | 
2026-05-11 19:36:36,793 | INFO     | ──────────────────────────────────────────────────────────────────────
2026-05-11 19:36:36,793 | INFO     | 📌 ЭТАП: Сбор статистики
2026-05-11 19:36:36,793 | INFO     | ──────────────────────────────────────────────────────────────────────
2026-05-11 19:36:36,793 | INFO     | 📊 Сбор статистики...
2026-05-11 19:36:36,793 | INFO     |   📁 githubmirror/clean:
2026-05-11 19:36:36,794 | INFO     |     • hy2         :    59 конфигов
2026-05-11 19:36:36,794 | INFO     |     • hysteria    :    13 конфигов
2026-05-11 19:36:36,794 | INFO     |     • hysteria2   :    31 конфигов
2026-05-11 19:36:36,795 | INFO     |     • ss          :  1877 конфигов
2026-05-11 19:36:36,796 | INFO     |     • trojan      :  1066 конфигов
2026-05-11 19:36:36,796 | INFO     |     • tuic        :    52 конфигов
2026-05-11 19:36:36,800 | INFO     |     • vless       :  3429 конфигов
2026-05-11 19:36:36,802 | INFO     |     • vmess       :  3520 конфигов
2026-05-11 19:36:36,802 | INFO     |   📁 githubmirror/ru-sni:
2026-05-11 19:36:36,803 | INFO     |     • hy2         :    19 конфигов ( 32.2% от clean)
2026-05-11 19:36:36,803 | INFO     |     • hysteria    :     0 конфигов (  0.0% от clean)
2026-05-11 19:36:36,803 | INFO     |     • hysteria2   :     4 конфигов ( 12.9% от clean)
2026-05-11 19:36:36,803 | INFO     |     • ss          :     0 конфигов (  0.0% от clean)
2026-05-11 19:36:36,803 | INFO     |     • trojan      :     3 конфигов (  0.3% от clean)
2026-05-11 19:36:36,803 | INFO     |     • tuic        :     0 конфигов (  0.0% от clean)
2026-05-11 19:36:36,804 | INFO     |     • vless       :   418 конфигов ( 12.2% от clean)
2026-05-11 19:36:36,804 | INFO     |     • vmess       :    39 конфигов (  1.1% от clean)
2026-05-11 19:36:36,804 | INFO     | 
2026-05-11 19:36:36,804 | INFO     |   ──────────────────────────────────────────────────
2026-05-11 19:36:36,804 | INFO     |   📈 ИТОГО:
2026-05-11 19:36:36,804 | INFO     |     Clean (после geo-фильтра):    10047
2026-05-11 19:36:36,804 | INFO     |     RU-SNI (после SNI-фильтра):     483
2026-05-11 19:36:36,804 | INFO     |     Прошло фильтр:                  4.8%
2026-05-11 19:36:36,804 | INFO     |   ──────────────────────────────────────────────────
2026-05-11 19:36:36,805 | INFO     | ✅ Статистика сохранена: /home/runner/work/vpn-vless-configs-russia/vpn-vless-configs-russia/stats.json
2026-05-11 19:36:36,805 | INFO     | 
2026-05-11 19:36:36,805 | INFO     | ======================================================================
2026-05-11 19:36:36,805 | INFO     | 📊 ИТОГОВЫЙ ОТЧЁТ
2026-05-11 19:36:36,805 | INFO     | ======================================================================
2026-05-11 19:36:36,805 | INFO     |   ✅ OK         | Загрузка и geo-фильтрация
2026-05-11 19:36:36,805 | INFO     |   ✅ OK         | Фильтрация по реальному SNI
2026-05-11 19:36:36,805 | INFO     |   ✅ OK         | Экспериментальный RU-SNI фильтр
2026-05-11 19:36:36,805 | INFO     |   ✅ OK         | Сбор статистики
2026-05-11 19:36:36,805 | INFO     | ──────────────────────────────────────────────────────────────────────
2026-05-11 19:36:36,805 | INFO     | ✅ ВСЕ ЭТАПЫ УСПЕШНЫ (4/4)
2026-05-11 19:36:36,805 | INFO     | ⏰ Время завершения: 2026-05-11 19:36:36
2026-05-11 19:36:36,805 | INFO     | ======================================================================
