2026-05-02 12:57:33,059 | INFO     | ======================================================================
2026-05-02 12:57:33,059 | INFO     | 🔍 VPN KEY CHECKER - Начало проверки
2026-05-02 12:57:33,059 | INFO     | ⏰ Время старта: 2026-05-02 12:57:33
2026-05-02 12:57:33,059 | INFO     | 📂 Рабочая директория: /home/runner/work/vpn-vless-configs-russia/vpn-vless-configs-russia
2026-05-02 12:57:33,059 | INFO     | ======================================================================
2026-05-02 12:57:33,059 | INFO     | 
2026-05-02 12:57:33,059 | INFO     | 🔍 Проверка наличия скриптов...
2026-05-02 12:57:33,059 | INFO     |   ✅ mirror.py
2026-05-02 12:57:33,059 | INFO     |   ✅ filter_ru_sni.py
2026-05-02 12:57:33,059 | INFO     |   ✅ filter_ru_sni_local.py
2026-05-02 12:57:33,059 | INFO     | 
2026-05-02 12:57:33,059 | INFO     | 
2026-05-02 12:57:33,059 | INFO     | ──────────────────────────────────────────────────────────────────────
2026-05-02 12:57:33,060 | INFO     | 📌 ЭТАП: Загрузка и geo-фильтрация
2026-05-02 12:57:33,060 | INFO     | ──────────────────────────────────────────────────────────────────────
2026-05-02 12:57:33,060 | INFO     | 🚀 Запуск mirror.py (Загрузка и фильтрация по РФ/СНГ/Европа)...
2026-05-02 12:59:24,032 | INFO     |   → 🚀 Старт: всего источников (старые + новые): 810
2026-05-02 12:59:24,032 | INFO     |   → 1/810: ✅ 13 взято | 🗑️ 242 мусор
2026-05-02 12:59:24,032 | INFO     |   → 2/810: ✅ 0 взято | 🗑️ 0 мусор
2026-05-02 12:59:24,033 | INFO     |   → 3/810: ✅ 0 взято | 🗑️ 0 мусор
2026-05-02 12:59:24,033 | INFO     |   → 4/810 ❌ HTTP 404 — https://cdn.jsdelivr.net/gh/cry0ice/genode@main/public/all.txt
2026-05-02 12:59:24,033 | INFO     |   → 5/810 ❌ HTTP 404 — https://cdn.jsdelivr.net/gh/cry0ice/genode@main/public/ss.txt
2026-05-02 12:59:24,033 | INFO     |   → 6/810 ❌ HTTP 404 — https://cdn.jsdelivr.net/gh/cry0ice/genode@main/public/ssr.txt
2026-05-02 12:59:24,033 | INFO     |   → 7/810 ❌ HTTP 404 — https://cdn.jsdelivr.net/gh/cry0ice/genode@main/public/trojan.txt
2026-05-02 12:59:24,033 | INFO     |   → 8/810 ❌ HTTP 404 — https://cdn.jsdelivr.net/gh/cry0ice/genode@main/public/vless.txt
2026-05-02 12:59:24,033 | INFO     |   → 9/810 ❌ HTTP 404 — https://cdn.jsdelivr.net/gh/cry0ice/genode@main/public/vmess.txt
2026-05-02 12:59:24,033 | INFO     |   → 10/810: ✅ 0 взято | 🗑️ 0 мусор
2026-05-02 12:59:24,033 | INFO     |   → 11/810: ✅ 0 взято | 🗑️ 0 мусор
2026-05-02 12:59:24,033 | INFO     |   → 12/810: ✅ 0 взято | 🗑️ 0 мусор
2026-05-02 12:59:24,033 | INFO     |   → 13/810: ✅ 0 взято | 🗑️ 0 мусор
2026-05-02 12:59:24,033 | INFO     |   → 14/810: ✅ 0 взято | 🗑️ 0 мусор
2026-05-02 12:59:24,033 | INFO     |   → 15/810: ✅ 0 взято | 🗑️ 0 мусор
2026-05-02 12:59:24,033 | INFO     |   → 16/810: ✅ 0 взято | 🗑️ 0 мусор
2026-05-02 12:59:24,033 | INFO     |   → 17/810: ✅ 0 взято | 🗑️ 0 мусор
2026-05-02 12:59:24,033 | INFO     |   → 18/810: ✅ 0 взято | 🗑️ 0 мусор
2026-05-02 12:59:24,033 | INFO     |   → 19/810: ✅ 0 взято | 🗑️ 0 мусор
2026-05-02 12:59:24,033 | INFO     |   → 20/810: ✅ 0 взято | 🗑️ 0 мусор
2026-05-02 12:59:24,033 | INFO     |   → 21/810: ✅ 0 взято | 🗑️ 0 мусор
2026-05-02 12:59:24,033 | INFO     |   → 22/810: ✅ 0 взято | 🗑️ 0 мусор
2026-05-02 12:59:24,034 | INFO     |   → 23/810: ✅ 0 взято | 🗑️ 0 мусор
2026-05-02 12:59:24,034 | INFO     |   → 24/810: ✅ 0 взято | 🗑️ 0 мусор
2026-05-02 12:59:24,034 | INFO     |   → 25/810: ✅ 0 взято | 🗑️ 0 мусор
2026-05-02 12:59:24,034 | INFO     |   → 26/810: ✅ 0 взято | 🗑️ 0 мусор
2026-05-02 12:59:24,034 | INFO     |   → 27/810: ✅ 0 взято | 🗑️ 0 мусор
2026-05-02 12:59:24,034 | INFO     |   → 28/810: ✅ 0 взято | 🗑️ 0 мусор
2026-05-02 12:59:24,034 | INFO     |   → 29/810: ✅ 0 взято | 🗑️ 0 мусор
2026-05-02 12:59:24,034 | INFO     |   → 30/810: ✅ 0 взято | 🗑️ 0 мусор
2026-05-02 12:59:24,034 | INFO     |   → 31/810: ✅ 0 взято | 🗑️ 0 мусор
2026-05-02 12:59:24,034 | INFO     |   → 32/810: ✅ 0 взято | 🗑️ 0 мусор
2026-05-02 12:59:24,034 | INFO     |   → 33/810: ✅ 0 взято | 🗑️ 0 мусор
2026-05-02 12:59:24,034 | INFO     |   → 34/810: ✅ 0 взято | 🗑️ 0 мусор
2026-05-02 12:59:24,034 | INFO     |   → 35/810: ✅ 0 взято | 🗑️ 0 мусор
2026-05-02 12:59:24,034 | INFO     |   → 36/810: ✅ 0 взято | 🗑️ 0 мусор
2026-05-02 12:59:24,034 | INFO     |   → 37/810: ✅ 0 взято | 🗑️ 0 мусор
2026-05-02 12:59:24,034 | INFO     |   → 38/810: ✅ 0 взято | 🗑️ 0 мусор
2026-05-02 12:59:24,034 | INFO     |   → 39/810: ✅ 0 взято | 🗑️ 0 мусор
2026-05-02 12:59:24,034 | INFO     |   → 40/810: ✅ 0 взято | 🗑️ 0 мусор
2026-05-02 12:59:24,035 | INFO     |   → 41/810: ✅ 0 взято | 🗑️ 0 мусор
2026-05-02 12:59:24,035 | INFO     |   → 42/810: ✅ 0 взято | 🗑️ 0 мусор
2026-05-02 12:59:24,035 | INFO     |   → 43/810: ✅ 0 взято | 🗑️ 0 мусор
2026-05-02 12:59:24,035 | INFO     |   → 44/810: ✅ 0 взято | 🗑️ 0 мусор
2026-05-02 12:59:24,035 | INFO     |   → 45/810: ✅ 0 взято | 🗑️ 0 мусор
2026-05-02 12:59:24,035 | INFO     |   → 46/810: ✅ 0 взято | 🗑️ 0 мусор
2026-05-02 12:59:24,035 | INFO     |   → 47/810: ✅ 0 взято | 🗑️ 0 мусор
2026-05-02 12:59:24,035 | INFO     |   → 48/810: ✅ 0 взято | 🗑️ 0 мусор
2026-05-02 12:59:24,035 | INFO     |   → 49/810: ✅ 0 взято | 🗑️ 0 мусор
2026-05-02 12:59:24,035 | INFO     |   → 50/810: ✅ 0 взято | 🗑️ 0 мусор
2026-05-02 12:59:24,035 | INFO     |   → 51/810: ✅ 0 взято | 🗑️ 0 мусор
2026-05-02 12:59:24,035 | INFO     |   → 52/810: ✅ 0 взято | 🗑️ 0 мусор
2026-05-02 12:59:24,035 | INFO     |   → 53/810: ✅ 0 взято | 🗑️ 0 мусор
2026-05-02 12:59:24,035 | INFO     |   → 54/810: ✅ 0 взято | 🗑️ 0 мусор
2026-05-02 12:59:24,035 | INFO     |   → 55/810: ✅ 0 взято | 🗑️ 0 мусор
2026-05-02 12:59:24,035 | INFO     |   → 56/810: ✅ 0 взято | 🗑️ 0 мусор
2026-05-02 12:59:24,035 | INFO     |   → 57/810: ✅ 0 взято | 🗑️ 0 мусор
2026-05-02 12:59:24,035 | INFO     |   → 58/810 ❌ HTTP 404 — https://freessrnode.github.io/uploads/2024/08/0-20240822.txt
2026-05-02 12:59:24,035 | INFO     |   → 59/810 ❌ HTTP 404 — https://freessrnode.github.io/uploads/2024/08/1-20240822.txt
2026-05-02 12:59:24,035 | INFO     |   → 60/810 ❌ HTTP 404 — https://freessrnode.github.io/uploads/2024/08/2-20240822.txt
2026-05-02 12:59:24,035 | INFO     |   → 61/810 ❌ HTTP 404 — https://freessrnode.github.io/uploads/2024/08/3-20240822.txt
2026-05-02 12:59:24,035 | INFO     |   → 62/810 ❌ HTTP 404 — https://freessrnode.github.io/uploads/2024/08/4-20240822.txt
2026-05-02 12:59:24,035 | INFO     |   → 63/810 ⚠️ Ошибка: HTTPSConnectionPool(host='freevpnspy.githubrowcontent.com', port=443): Max retries exceeded with url: /2024/08/20240802_novless.yaml (Caused by NameResolutionError("HTTPSConnection(host='freevpnspy.githubrowcontent.com', port=443): Failed to resolve 'freevpnspy.githubrowcontent.com' ([Errno -2] Name or service not known)")) — https://freevpnspy.githubrowcontent.com/2024/08/20240802_novless.yaml
2026-05-02 12:59:24,036 | INFO     |   → 64/810 ⚠️ Ошибка: HTTPSConnectionPool(host='freevpnspy.githubrowcontent.com', port=443): Max retries exceeded with url: /2024/08/20240802_vless.yaml (Caused by NameResolutionError("HTTPSConnection(host='freevpnspy.githubrowcontent.com', port=443): Failed to resolve 'freevpnspy.githubrowcontent.com' ([Errno -2] Name or service not known)")) — https://freevpnspy.githubrowcontent.com/2024/08/20240802_vless.yaml
2026-05-02 12:59:24,036 | INFO     |   → 65/810 ❌ HTTP 404 — https://github.com/Epodonios/bulk-xray-v2ray-vless-vmess-...-configs/raw/main/sub/Albania/config.txt
2026-05-02 12:59:24,036 | INFO     |   → 66/810 ❌ HTTP 404 — https://github.com/Epodonios/bulk-xray-v2ray-vless-vmess-...-configs/raw/main/sub/Cura%C3%A7ao/config.txt
2026-05-02 12:59:24,036 | INFO     |   → 67/810 ❌ HTTP 404 — https://github.com/Epodonios/bulk-xray-v2ray-vless-vmess-...-configs/raw/main/sub/Finland/config.txt
2026-05-02 12:59:24,036 | INFO     |   → 68/810 ❌ HTTP 404 — https://github.com/Epodonios/bulk-xray-v2ray-vless-vmess-...-configs/raw/main/sub/Iran/config.txt
2026-05-02 12:59:24,036 | INFO     |   → 69/810 ❌ HTTP 404 — https://github.com/Epodonios/bulk-xray-v2ray-vless-vmess-...-configs/raw/main/sub/Netherlands/config.txt
2026-05-02 12:59:24,036 | INFO     |   → 70/810 ❌ HTTP 404 — https://github.com/Epodonios/bulk-xray-v2ray-vless-vmess-...-configs/raw/main/sub/Norway/config.txt
2026-05-02 12:59:24,036 | INFO     |   → 71/810 ❌ HTTP 404 — https://github.com/Epodonios/bulk-xray-v2ray-vless-vmess-...-configs/raw/main/sub/Russia/config.txt
2026-05-02 12:59:24,036 | INFO     |   → 72/810: ✅ 13 взято | 🗑️ 70 мусор
2026-05-02 12:59:24,036 | INFO     |   → 73/810: ✅ 0 взято | 🗑️ 4 мусор
2026-05-02 12:59:24,036 | INFO     |   → 74/810: ✅ 0 взято | 🗑️ 7 мусор
2026-05-02 12:59:24,036 | INFO     |   → 75/810: ✅ 0 взято | 🗑️ 51 мусор
2026-05-02 12:59:24,036 | INFO     |   → 76/810: ✅ 0 взято | 🗑️ 8 мусор
2026-05-02 12:59:24,036 | INFO     |   → 77/810: ✅ 0 взято | 🗑️ 0 мусор
2026-05-02 12:59:24,036 | INFO     |   → 78/810: ✅ 17 взято | 🗑️ 119 мусор
2026-05-02 12:59:24,036 | INFO     |   → 79/810 ❌ HTTP 404 — https://github.com/MrMohebi/xray-proxy-grabber-telegram/raw/master/collected-proxies/clash-meta/all.yaml
2026-05-02 12:59:24,036 | INFO     |   → 80/810 ❌ HTTP 404 — https://github.com/MrMohebi/xray-proxy-grabber-telegram/raw/master/collected-proxies/row-url/all.txt
2026-05-02 12:59:24,036 | INFO     |   → 81/810: ✅ 0 взято | 🗑️ 0 мусор
2026-05-02 12:59:24,036 | INFO     |   → 82/810: ✅ 0 взято | 🗑️ 113 мусор
2026-05-02 12:59:24,036 | INFO     |   → 83/810: ✅ 0 взято | 🗑️ 119 мусор
2026-05-02 12:59:24,036 | INFO     |   → 84/810 ❌ HTTP 404 — https://github.com/abbasdvd3/abbasdvd10/73ec60de7a6c6aa6df4c14b511c1da60686891ca/ppo.txt
2026-05-02 12:59:24,037 | INFO     |   → 85/810 ❌ HTTP 404 — https://github.com/acymz/AutoVPN/refs/heads/main/data/V2.txt
2026-05-02 12:59:24,037 | INFO     |   → 86/810: ✅ 0 взято | 🗑️ 0 мусор
2026-05-02 12:59:24,037 | INFO     |   → 87/810: ✅ 0 взято | 🗑️ 0 мусор
2026-05-02 12:59:24,037 | INFO     |   → 88/810: ✅ 0 взято | 🗑️ 0 мусор
2026-05-02 12:59:24,037 | INFO     |   → 89/810: ✅ 0 взято | 🗑️ 0 мусор
2026-05-02 12:59:24,037 | INFO     |   → 90/810: ✅ 0 взято | 🗑️ 0 мусор
2026-05-02 12:59:24,037 | INFO     |   → 91/810: ✅ 0 взято | 🗑️ 0 мусор
2026-05-02 12:59:24,037 | INFO     |   → 92/810: ✅ 0 взято | 🗑️ 0 мусор
2026-05-02 12:59:24,037 | INFO     |   → 93/810 ❌ HTTP 404 — https://github.com/mermeroo/V2RAY-FREE/raw/main/All_Configs_base64_Sub.txt
2026-05-02 12:59:24,037 | INFO     |   → 94/810 ❌ HTTP 404 — https://github.com/mermeroo/V2RAY-FREE/raw/main/Base64/Sub1_base64.txt
2026-05-02 12:59:24,037 | INFO     |   → 95/810 ❌ HTTP 404 — https://github.com/mermeroo/V2RAY-FREE/raw/main/Base64/Sub2_base64.txt
2026-05-02 12:59:24,037 | INFO     |   → 96/810 ❌ HTTP 404 — https://github.com/mermeroo/V2RAY-FREE/raw/main/Base64/Sub3_base64.txt
2026-05-02 12:59:24,037 | INFO     |   → 97/810 ❌ HTTP 404 — https://github.com/mermeroo/V2RAY-FREE/raw/main/Base64/Sub4_base64.txt
2026-05-02 12:59:24,037 | INFO     |   → 98/810 ❌ HTTP 404 — https://github.com/mermeroo/V2RAY-FREE/raw/main/Base64/Sub5_base64.txt
2026-05-02 12:59:24,037 | INFO     |   → 99/810 ❌ HTTP 404 — https://github.com/mermeroo/telegram-configs-collector/raw/main/protocols/hysteria
2026-05-02 12:59:24,037 | INFO     |   → 100/810 ❌ HTTP 404 — https://github.com/mermeroo/telegram-configs-collector/raw/main/protocols/juicity
2026-05-02 12:59:24,037 | INFO     |   → 101/810 ❌ HTTP 404 — https://github.com/mermeroo/telegram-configs-collector/raw/main/protocols/tuic
2026-05-02 12:59:24,037 | INFO     |   → 102/810: ✅ 5 взято | 🗑️ 16 мусор
2026-05-02 12:59:24,037 | INFO     |   → 103/810: ✅ 0 взято | 🗑️ 0 мусор
2026-05-02 12:59:24,037 | INFO     |   → 104/810: ✅ 0 взято | 🗑️ 0 мусор
2026-05-02 12:59:24,037 | INFO     |   → 105/810: ✅ 0 взято | 🗑️ 0 мусор
2026-05-02 12:59:24,037 | INFO     |   → 106/810: ✅ 3 взято | 🗑️ 238 мусор
2026-05-02 12:59:24,038 | INFO     |   → 107/810: ✅ 0 взято | 🗑️ 0 мусор
2026-05-02 12:59:24,038 | INFO     |   → 108/810: ✅ 3 взято | 🗑️ 239 мусор
2026-05-02 12:59:24,038 | INFO     |   → 109/810: ✅ 0 взято | 🗑️ 0 мусор
2026-05-02 12:59:24,038 | INFO     |   → 110/810: ✅ 0 взято | 🗑️ 255 мусор
2026-05-02 12:59:24,038 | INFO     |   → 111/810: ✅ 0 взято | 🗑️ 0 мусор
2026-05-02 12:59:24,038 | INFO     |   → 112/810: ✅ 1 взято | 🗑️ 249 мусор
2026-05-02 12:59:24,038 | INFO     |   → 113/810: ✅ 0 взято | 🗑️ 0 мусор
2026-05-02 12:59:24,038 | INFO     |   → 114/810: ✅ 0 взято | 🗑️ 207 мусор
2026-05-02 12:59:24,038 | INFO     |   → 115/810: ✅ 0 взято | 🗑️ 0 мусор
2026-05-02 12:59:24,038 | INFO     |   → 116/810: ✅ 0 взято | 🗑️ 228 мусор
2026-05-02 12:59:24,038 | INFO     |   → 117/810: ✅ 0 взято | 🗑️ 0 мусор
2026-05-02 12:59:24,038 | INFO     |   → 118/810: ✅ 1 взято | 🗑️ 291 мусор
2026-05-02 12:59:24,038 | INFO     |   → 119/810: ✅ 0 взято | 🗑️ 0 мусор
2026-05-02 12:59:24,038 | INFO     |   → 120/810: ✅ 3 взято | 🗑️ 221 мусор
2026-05-02 12:59:24,038 | INFO     |   → 121/810: ✅ 0 взято | 🗑️ 0 мусор
2026-05-02 12:59:24,038 | INFO     |   → 122/810: ✅ 1 взято | 🗑️ 222 мусор
2026-05-02 12:59:24,038 | INFO     |   → 123/810: ✅ 0 взято | 🗑️ 0 мусор
2026-05-02 12:59:24,038 | INFO     |   → 124/810: ✅ 1 взято | 🗑️ 218 мусор
2026-05-02 12:59:24,038 | INFO     |   → 125/810: ✅ 0 взято | 🗑️ 0 мусор
2026-05-02 12:59:24,038 | INFO     |   → 126/810: ✅ 0 взято | 🗑️ 193 мусор
2026-05-02 12:59:24,038 | INFO     |   → 127/810: ✅ 0 взято | 🗑️ 0 мусор
2026-05-02 12:59:24,039 | INFO     |   → 128/810: ✅ 0 взято | 🗑️ 290 мусор
2026-05-02 12:59:24,039 | INFO     |   → 129/810: ✅ 0 взято | 🗑️ 0 мусор
2026-05-02 12:59:24,039 | INFO     |   → 130/810: ✅ 0 взято | 🗑️ 238 мусор
2026-05-02 12:59:24,039 | INFO     |   → 131/810: ✅ 0 взято | 🗑️ 0 мусор
2026-05-02 12:59:24,039 | INFO     |   → 132/810: ✅ 0 взято | 🗑️ 221 мусор
2026-05-02 12:59:24,039 | INFO     |   → 133/810: ✅ 0 взято | 🗑️ 0 мусор
2026-05-02 12:59:24,039 | INFO     |   → 134/810: ✅ 0 взято | 🗑️ 248 мусор
2026-05-02 12:59:24,039 | INFO     |   → 135/810: ✅ 0 взято | 🗑️ 0 мусор
2026-05-02 12:59:24,039 | INFO     |   → 136/810: ✅ 0 взято | 🗑️ 203 мусор
2026-05-02 12:59:24,039 | INFO     |   → 137/810: ✅ 0 взято | 🗑️ 0 мусор
2026-05-02 12:59:24,039 | INFO     |   → 138/810: ✅ 0 взято | 🗑️ 208 мусор
2026-05-02 12:59:24,039 | INFO     |   → 139/810: ✅ 0 взято | 🗑️ 0 мусор
2026-05-02 12:59:24,039 | INFO     |   → 140/810: ✅ 2 взято | 🗑️ 209 мусор
2026-05-02 12:59:24,039 | INFO     |   → 141/810: ✅ 0 взято | 🗑️ 0 мусор
2026-05-02 12:59:24,039 | INFO     |   → 142/810: ✅ 0 взято | 🗑️ 258 мусор
2026-05-02 12:59:24,039 | INFO     |   → 143/810: ✅ 0 взято | 🗑️ 0 мусор
2026-05-02 12:59:24,039 | INFO     |   → 144/810: ✅ 0 взято | 🗑️ 296 мусор
2026-05-02 12:59:24,039 | INFO     |   → 145/810: ✅ 0 взято | 🗑️ 0 мусор
2026-05-02 12:59:24,039 | INFO     |   → 146/810: ✅ 1 взято | 🗑️ 286 мусор
2026-05-02 12:59:24,040 | INFO     |   → 147/810: ✅ 0 взято | 🗑️ 0 мусор
2026-05-02 12:59:24,040 | INFO     |   → 148/810: ✅ 0 взято | 🗑️ 195 мусор
2026-05-02 12:59:24,040 | INFO     |   → 149/810: ✅ 0 взято | 🗑️ 0 мусор
2026-05-02 12:59:24,040 | INFO     |   → 150/810: ✅ 0 взято | 🗑️ 170 мусор
2026-05-02 12:59:24,040 | INFO     |   → 151/810: ✅ 0 взято | 🗑️ 0 мусор
2026-05-02 12:59:24,040 | INFO     |   → 152/810: ✅ 0 взято | 🗑️ 160 мусор
2026-05-02 12:59:24,040 | INFO     |   → 153/810: ✅ 0 взято | 🗑️ 0 мусор
2026-05-02 12:59:24,040 | INFO     |   → 154/810 ⚠️ Ошибка: HTTPSConnectionPool(host='ivuxy.tech', port=443): Max retries exceeded with url: /v.txt (Caused by NameResolutionError("HTTPSConnection(host='ivuxy.tech', port=443): Failed to resolve 'ivuxy.tech' ([Errno -2] Name or service not known)")) — https://ivuxy.tech/v.txt
2026-05-02 12:59:24,040 | INFO     |   → 155/810 ⚠️ Ошибка: HTTPSConnectionPool(host='mirror.ghproxy.com', port=443): Max retries exceeded with url: /https://raw.githubusercontent.com/Barabama/FreeNodes/master/nodes/blues.txt (Caused by NameResolutionError("HTTPSConnection(host='mirror.ghproxy.com', port=443): Failed to resolve 'mirror.ghproxy.com' ([Errno -2] Name or service not known)")) — https://mirror.ghproxy.com/https://raw.githubusercontent.com/Barabama/FreeNodes/master/nodes/blues.txt
2026-05-02 12:59:24,040 | INFO     |   → 156/810 ⚠️ Ошибка: HTTPSConnectionPool(host='mirror.ghproxy.com', port=443): Max retries exceeded with url: /https://raw.githubusercontent.com/Barabama/FreeNodes/master/nodes/halekj.txt (Caused by NameResolutionError("HTTPSConnection(host='mirror.ghproxy.com', port=443): Failed to resolve 'mirror.ghproxy.com' ([Errno -2] Name or service not known)")) — https://mirror.ghproxy.com/https://raw.githubusercontent.com/Barabama/FreeNodes/master/nodes/halekj.txt
2026-05-02 12:59:24,040 | INFO     |   → 157/810 ⚠️ Ошибка: HTTPSConnectionPool(host='mirror.ghproxy.com', port=443): Max retries exceeded with url: /https://raw.githubusercontent.com/Barabama/FreeNodes/master/nodes/kkzui.txt (Caused by NameResolutionError("HTTPSConnection(host='mirror.ghproxy.com', port=443): Failed to resolve 'mirror.ghproxy.com' ([Errno -2] Name or service not known)")) — https://mirror.ghproxy.com/https://raw.githubusercontent.com/Barabama/FreeNodes/master/nodes/kkzui.txt
2026-05-02 12:59:24,040 | INFO     |   → 158/810 ⚠️ Ошибка: HTTPSConnectionPool(host='mirror.ghproxy.com', port=443): Max retries exceeded with url: /https://raw.githubusercontent.com/Barabama/FreeNodes/master/nodes/merged.txt (Caused by NameResolutionError("HTTPSConnection(host='mirror.ghproxy.com', port=443): Failed to resolve 'mirror.ghproxy.com' ([Errno -2] Name or service not known)")) — https://mirror.ghproxy.com/https://raw.githubusercontent.com/Barabama/FreeNodes/master/nodes/merged.txt
2026-05-02 12:59:24,040 | INFO     |   → 159/810 ⚠️ Ошибка: HTTPSConnectionPool(host='mirror.ghproxy.com', port=443): Max retries exceeded with url: /https://raw.githubusercontent.com/Barabama/FreeNodes/master/nodes/nodefree.txt (Caused by NameResolutionError("HTTPSConnection(host='mirror.ghproxy.com', port=443): Failed to resolve 'mirror.ghproxy.com' ([Errno -2] Name or service not known)")) — https://mirror.ghproxy.com/https://raw.githubusercontent.com/Barabama/FreeNodes/master/nodes/nodefree.txt
2026-05-02 12:59:24,040 | INFO     |   → 160/810 ⚠️ Ошибка: HTTPSConnectionPool(host='mirror.ghproxy.com', port=443): Max retries exceeded with url: /https://raw.githubusercontent.com/Barabama/FreeNodes/master/nodes/openrunner.txt (Caused by NameResolutionError("HTTPSConnection(host='mirror.ghproxy.com', port=443): Failed to resolve 'mirror.ghproxy.com' ([Errno -2] Name or service not known)")) — https://mirror.ghproxy.com/https://raw.githubusercontent.com/Barabama/FreeNodes/master/nodes/openrunner.txt
2026-05-02 12:59:24,040 | INFO     |   → 161/810 ⚠️ Ошибка: HTTPSConnectionPool(host='mirror.ghproxy.com', port=443): Max retries exceeded with url: /https://raw.githubusercontent.com/Barabama/FreeNodes/master/nodes/v2rayshare.txt (Caused by NameResolutionError("HTTPSConnection(host='mirror.ghproxy.com', port=443): Failed to resolve 'mirror.ghproxy.com' ([Errno -2] Name or service not known)")) — https://mirror.ghproxy.com/https://raw.githubusercontent.com/Barabama/FreeNodes/master/nodes/v2rayshare.txt
2026-05-02 12:59:24,040 | INFO     |   → 162/810 ⚠️ Ошибка: HTTPSConnectionPool(host='mirror.ghproxy.com', port=443): Max retries exceeded with url: /https://raw.githubusercontent.com/Barabama/FreeNodes/master/nodes/wenode.txt (Caused by NameResolutionError("HTTPSConnection(host='mirror.ghproxy.com', port=443): Failed to resolve 'mirror.ghproxy.com' ([Errno -2] Name or service not known)")) — https://mirror.ghproxy.com/https://raw.githubusercontent.com/Barabama/FreeNodes/master/nodes/wenode.txt
2026-05-02 12:59:24,040 | INFO     |   → 163/810 ⚠️ Ошибка: HTTPSConnectionPool(host='mirror.ghproxy.com', port=443): Max retries exceeded with url: /https://raw.githubusercontent.com/Barabama/FreeNodes/master/nodes/yudou66.txt (Caused by NameResolutionError("HTTPSConnection(host='mirror.ghproxy.com', port=443): Failed to resolve 'mirror.ghproxy.com' ([Errno -2] Name or service not known)")) — https://mirror.ghproxy.com/https://raw.githubusercontent.com/Barabama/FreeNodes/master/nodes/yudou66.txt
2026-05-02 12:59:24,040 | INFO     |   → 164/810: ✅ 7 взято | 🗑️ 17 мусор
2026-05-02 12:59:24,040 | INFO     |   → 165/810: ✅ 0 взято | 🗑️ 17 мусор
2026-05-02 12:59:24,041 | INFO     |   → 166/810: ✅ 14 взято | 🗑️ 14 мусор
2026-05-02 12:59:24,041 | INFO     |   → 167/810: ✅ 0 взято | 🗑️ 14 мусор
2026-05-02 12:59:24,041 | INFO     |   → 168/810: ✅ 0 взято | 🗑️ 14 мусор
2026-05-02 12:59:24,041 | INFO     |   → 169/810: ✅ 0 взято | 🗑️ 14 мусор
2026-05-02 12:59:24,041 | INFO     |   → 170/810: ✅ 0 взято | 🗑️ 14 мусор
2026-05-02 12:59:24,041 | INFO     |   → 171/810: ✅ 0 взято | 🗑️ 14 мусор
2026-05-02 12:59:24,041 | INFO     |   → 172/810: ✅ 0 взято | 🗑️ 14 мусор
2026-05-02 12:59:24,041 | INFO     |   → 173/810: ✅ 0 взято | 🗑️ 14 мусор
2026-05-02 12:59:24,041 | INFO     |   → 174/810: ✅ 0 взято | 🗑️ 14 мусор
2026-05-02 12:59:24,041 | INFO     |   → 175/810: ✅ 7 взято | 🗑️ 21 мусор
2026-05-02 12:59:24,041 | INFO     |   → 176/810: ✅ 0 взято | 🗑️ 21 мусор
2026-05-02 12:59:24,041 | INFO     |   → 177/810: ✅ 0 взято | 🗑️ 21 мусор
2026-05-02 12:59:24,041 | INFO     |   → 178/810: ✅ 0 взято | 🗑️ 21 мусор
2026-05-02 12:59:24,041 | INFO     |   → 179/810: ✅ 0 взято | 🗑️ 21 мусор
2026-05-02 12:59:24,041 | INFO     |   → 180/810: ✅ 0 взято | 🗑️ 21 мусор
2026-05-02 12:59:24,041 | INFO     |   → 181/810: ✅ 0 взято | 🗑️ 21 мусор
2026-05-02 12:59:24,041 | INFO     |   → 182/810: ✅ 0 взято | 🗑️ 21 мусор
2026-05-02 12:59:24,041 | INFO     |   → 183/810: ✅ 0 взято | 🗑️ 21 мусор
2026-05-02 12:59:24,041 | INFO     |   → 184/810: ✅ 0 взято | 🗑️ 21 мусор
2026-05-02 12:59:24,041 | INFO     |   → 185/810: ✅ 0 взято | 🗑️ 21 мусор
2026-05-02 12:59:24,042 | INFO     |   → 186/810: ✅ 5 взято | 🗑️ 15 мусор
2026-05-02 12:59:24,042 | INFO     |   → 187/810 ⚠️ Ошибка: HTTPSConnectionPool(host='nodefree.githubrowcontent.com', port=443): Max retries exceeded with url: /2024/07/20240705.yaml (Caused by NameResolutionError("HTTPSConnection(host='nodefree.githubrowcontent.com', port=443): Failed to resolve 'nodefree.githubrowcontent.com' ([Errno -2] Name or service not known)")) — https://nodefree.org/dy/2023/08/20230806.yaml
2026-05-02 12:59:24,042 | INFO     |   → 188/810 ⚠️ Ошибка: HTTPSConnectionPool(host='nodefree.githubrowcontent.com', port=443): Max retries exceeded with url: /2024/07/20240705.txt (Caused by NameResolutionError("HTTPSConnection(host='nodefree.githubrowcontent.com', port=443): Failed to resolve 'nodefree.githubrowcontent.com' ([Errno -2] Name or service not known)")) — https://nodefree.org/dy/2023/12/20231221.txt
2026-05-02 12:59:24,042 | INFO     |   → 189/810: ✅ 0 взято | 🗑️ 17 мусор
2026-05-02 12:59:24,042 | INFO     |   → 190/810: ✅ 0 взято | 🗑️ 17 мусор
2026-05-02 12:59:24,042 | INFO     |   → 191/810: ✅ 0 взято | 🗑️ 14 мусор
2026-05-02 12:59:24,042 | INFO     |   → 192/810: ✅ 0 взято | 🗑️ 14 мусор
2026-05-02 12:59:24,042 | INFO     |   → 193/810: ✅ 0 взято | 🗑️ 14 мусор
2026-05-02 12:59:24,042 | INFO     |   → 194/810: ✅ 0 взято | 🗑️ 14 мусор
2026-05-02 12:59:24,042 | INFO     |   → 195/810: ✅ 0 взято | 🗑️ 14 мусор
2026-05-02 12:59:24,042 | INFO     |   → 196/810: ✅ 0 взято | 🗑️ 14 мусор
2026-05-02 12:59:24,042 | INFO     |   → 197/810: ✅ 0 взято | 🗑️ 14 мусор
2026-05-02 12:59:24,042 | INFO     |   → 198/810: ✅ 0 взято | 🗑️ 14 мусор
2026-05-02 12:59:24,042 | INFO     |   → 199/810: ✅ 0 взято | 🗑️ 14 мусор
2026-05-02 12:59:24,042 | INFO     |   → 200/810: ✅ 0 взято | 🗑️ 21 мусор
2026-05-02 12:59:24,042 | INFO     |   → 201/810: ✅ 0 взято | 🗑️ 21 мусор
2026-05-02 12:59:24,042 | INFO     |   → 202/810: ✅ 0 взято | 🗑️ 21 мусор
2026-05-02 12:59:24,042 | INFO     |   → 203/810: ✅ 0 взято | 🗑️ 21 мусор
2026-05-02 12:59:24,042 | INFO     |   → 204/810: ✅ 0 взято | 🗑️ 21 мусор
2026-05-02 12:59:24,042 | INFO     |   → 205/810: ✅ 0 взято | 🗑️ 21 мусор
2026-05-02 12:59:24,042 | INFO     |   → 206/810: ✅ 0 взято | 🗑️ 21 мусор
2026-05-02 12:59:24,042 | INFO     |   → 207/810: ✅ 0 взято | 🗑️ 21 мусор
2026-05-02 12:59:24,042 | INFO     |   → 208/810: ✅ 0 взято | 🗑️ 21 мусор
2026-05-02 12:59:24,042 | INFO     |   → 209/810: ✅ 0 взято | 🗑️ 21 мусор
2026-05-02 12:59:24,042 | INFO     |   → 210/810: ✅ 0 взято | 🗑️ 21 мусор
2026-05-02 12:59:24,042 | INFO     |   → 211/810: ✅ 0 взято | 🗑️ 15 мусор
2026-05-02 12:59:24,043 | INFO     |   → 212/810: ✅ 0 взято | 🗑️ 15 мусор
2026-05-02 12:59:24,043 | INFO     |   → 213/810: ✅ 0 взято | 🗑️ 0 мусор
2026-05-02 12:59:24,043 | INFO     |   → 214/810: ✅ 0 взято | 🗑️ 0 мусор
2026-05-02 12:59:24,043 | INFO     |   → 215/810: ✅ 0 взято | 🗑️ 0 мусор
2026-05-02 12:59:24,043 | INFO     |   → 216/810: ✅ 0 взято | 🗑️ 0 мусор
2026-05-02 12:59:24,043 | INFO     |   → 217/810: ✅ 0 взято | 🗑️ 0 мусор
2026-05-02 12:59:24,043 | INFO     |   → 218/810: ✅ 0 взято | 🗑️ 0 мусор
2026-05-02 12:59:24,043 | INFO     |   → 219/810: ✅ 0 взято | 🗑️ 0 мусор
2026-05-02 12:59:24,043 | INFO     |   → 220/810: ✅ 0 взято | 🗑️ 0 мусор
2026-05-02 12:59:24,043 | INFO     |   → 221/810: ✅ 0 взято | 🗑️ 0 мусор
2026-05-02 12:59:24,043 | INFO     |   → 222/810: ✅ 0 взято | 🗑️ 0 мусор
2026-05-02 12:59:24,043 | INFO     |   → 223/810: ✅ 0 взято | 🗑️ 0 мусор
2026-05-02 12:59:24,043 | INFO     |   → 224/810: ✅ 0 взято | 🗑️ 0 мусор
2026-05-02 12:59:24,043 | INFO     |   → 225/810 ❌ HTTP 404 — https://raw.githubusercontent.com/10ium/MihomoSaz/main/Sublist/shatakvpn.yaml4_Sub.txt
2026-05-02 12:59:24,043 | INFO     |   → 226/810: ✅ 0 взято | 🗑️ 0 мусор
2026-05-02 12:59:24,043 | INFO     |   → 227/810: ✅ 0 взято | 🗑️ 0 мусор
2026-05-02 12:59:24,043 | INFO     |   → 228/810: ✅ 12 взято | 🗑️ 38 мусор
2026-05-02 12:59:24,043 | INFO     |   → 229/810: ✅ 0 взято | 🗑️ 0 мусор
2026-05-02 12:59:24,043 | INFO     |   → 230/810: ✅ 0 взято | 🗑️ 0 мусор
2026-05-02 12:59:24,043 | INFO     |   → 231/810: ✅ 11 взято | 🗑️ 399 мусор
2026-05-02 12:59:24,043 | INFO     |   → 232/810: ✅ 0 взято | 🗑️ 0 мусор
2026-05-02 12:59:24,044 | INFO     |   → 233/810 ❌ HTTP 404 — https://raw.githubusercontent.com/9Fork/openit/main/Clash.yaml
2026-05-02 12:59:24,044 | INFO     |   → 234/810: ✅ 100 взято | 🗑️ 381 мусор
2026-05-02 12:59:24,044 | INFO     |   → 235/810: ✅ 0 взято | 🗑️ 381 мусор
2026-05-02 12:59:24,044 | INFO     |   → 236/810: ✅ 19 взято | 🗑️ 81 мусор
2026-05-02 12:59:24,044 | INFO     |   → 237/810: ✅ 11 взято | 🗑️ 87 мусор
2026-05-02 12:59:24,044 | INFO     |   → 238/810: ✅ 27 взято | 🗑️ 73 мусор
2026-05-02 12:59:24,044 | INFO     |   → 239/810: ✅ 13 взято | 🗑️ 75 мусор
2026-05-02 12:59:24,044 | INFO     |   → 240/810: ✅ 10 взято | 🗑️ 83 мусор
2026-05-02 12:59:24,044 | INFO     |   → 241/810: ✅ 12 взято | 🗑️ 86 мусор
2026-05-02 12:59:24,044 | INFO     |   → 242/810: ✅ 11 взято | 🗑️ 87 мусор
2026-05-02 12:59:24,044 | INFO     |   → 243/810: ✅ 11 взято | 🗑️ 80 мусор
2026-05-02 12:59:24,044 | INFO     |   → 244/810: ✅ 9 взято | 🗑️ 82 мусор
2026-05-02 12:59:24,044 | INFO     |   → 245/810: ✅ 69 взято | 🗑️ 3 мусор
2026-05-02 12:59:24,044 | INFO     |   → 246/810: ✅ 3 взято | 🗑️ 75 мусор
2026-05-02 12:59:24,044 | INFO     |   → 247/810: ✅ 4 взято | 🗑️ 69 мусор
2026-05-02 12:59:24,044 | INFO     |   → 248/810: ✅ 4 взято | 🗑️ 80 мусор
2026-05-02 12:59:24,044 | INFO     |   → 249/810: ✅ 6 взято | 🗑️ 81 мусор
2026-05-02 12:59:24,044 | INFO     |   → 250/810: ✅ 5 взято | 🗑️ 79 мусор
2026-05-02 12:59:24,044 | INFO     |   → 251/810: ✅ 11 взято | 🗑️ 78 мусор
2026-05-02 12:59:24,044 | INFO     |   → 252/810: ✅ 3 взято | 🗑️ 83 мусор
2026-05-02 12:59:24,045 | INFO     |   → 253/810: ✅ 14 взято | 🗑️ 76 мусор
2026-05-02 12:59:24,045 | INFO     |   → 254/810: ✅ 12 взято | 🗑️ 78 мусор
2026-05-02 12:59:24,045 | INFO     |   → 255/810: ✅ 26 взято | 🗑️ 218 мусор
2026-05-02 12:59:24,045 | INFO     |   → 256/810: ✅ 44 взято | 🗑️ 141 мусор
2026-05-02 12:59:24,045 | INFO     |   → 257/810: ✅ 10 взято | 🗑️ 71 мусор
2026-05-02 12:59:24,045 | INFO     |   → 258/810: ✅ 2 взято | 🗑️ 88 мусор
2026-05-02 12:59:24,045 | INFO     |   → 259/810: ✅ 0 взято | 🗑️ 3 мусор
2026-05-02 12:59:24,045 | INFO     |   → 260/810: ✅ 14 взято | 🗑️ 4 мусор
2026-05-02 12:59:24,045 | INFO     |   → 261/810: ✅ 680 взято | 🗑️ 2468 мусор
2026-05-02 12:59:24,045 | INFO     |   → 262/810 ❌ HTTP 404 — https://raw.githubusercontent.com/Alvin9999/pac2/master/clash/1/config.yaml
2026-05-02 12:59:24,045 | INFO     |   → 263/810 ❌ HTTP 404 — https://raw.githubusercontent.com/AmirHDevo/temp2/7f15e7ddb311a6f8c5ab338bd1af0e1f2136a84b/configs.txt
2026-05-02 12:59:24,045 | INFO     |   → 264/810: ✅ 4 взято | 🗑️ 51 мусор
2026-05-02 12:59:24,045 | INFO     |   → 265/810: ✅ 1005 взято | 🗑️ 20324 мусор
2026-05-02 12:59:24,045 | INFO     |   → 266/810: ✅ 5 взято | 🗑️ 47 мусор
2026-05-02 12:59:24,045 | INFO     |   → 267/810: ✅ 4 взято | 🗑️ 57 мусор
2026-05-02 12:59:24,045 | INFO     |   → 268/810: ✅ 21 взято | 🗑️ 107 мусор
2026-05-02 12:59:24,045 | INFO     |   → 269/810: ✅ 78 взято | 🗑️ 347 мусор
2026-05-02 12:59:24,045 | INFO     |   → 270/810: ✅ 0 взято | 🗑️ 1373 мусор
2026-05-02 12:59:24,045 | INFO     |   → 271/810: ✅ 339 взято | 🗑️ 1542 мусор
2026-05-02 12:59:24,045 | INFO     |   → 272/810: ✅ 0 взято | 🗑️ 6 мусор
2026-05-02 12:59:24,046 | INFO     |   → 273/810: ✅ 0 взято | 🗑️ 0 мусор
2026-05-02 12:59:24,046 | INFO     |   → 274/810: ✅ 1 взято | 🗑️ 235 мусор
2026-05-02 12:59:24,046 | INFO     |   → 275/810: ✅ 0 взято | 🗑️ 16 мусор
2026-05-02 12:59:24,046 | INFO     |   → 276/810: ✅ 0 взято | 🗑️ 0 мусор
2026-05-02 12:59:24,046 | INFO     |   → 277/810: ✅ 0 взято | 🗑️ 14 мусор
2026-05-02 12:59:24,046 | INFO     |   → 278/810: ✅ 0 взято | 🗑️ 0 мусор
2026-05-02 12:59:24,046 | INFO     |   → 279/810: ✅ 0 взято | 🗑️ 15 мусор
2026-05-02 12:59:24,046 | INFO     |   → 280/810: ✅ 0 взято | 🗑️ 0 мусор
2026-05-02 12:59:24,046 | INFO     |   → 281/810: ✅ 0 взято | 🗑️ 21 мусор
2026-05-02 12:59:24,046 | INFO     |   → 282/810: ✅ 0 взято | 🗑️ 0 мусор
2026-05-02 12:59:24,046 | INFO     |   → 283/810: ✅ 0 взято | 🗑️ 15 мусор
2026-05-02 12:59:24,046 | INFO     |   → 284/810: ✅ 0 взято | 🗑️ 0 мусор
2026-05-02 12:59:24,046 | INFO     |   → 285/810: ✅ 0 взято | 🗑️ 15 мусор
2026-05-02 12:59:24,046 | INFO     |   → 286/810: ✅ 0 взято | 🗑️ 0 мусор
2026-05-02 12:59:24,046 | INFO     |   → 287/810: ✅ 0 взято | 🗑️ 160 мусор
2026-05-02 12:59:24,046 | INFO     |   → 288/810: ✅ 0 взято | 🗑️ 0 мусор
2026-05-02 12:59:24,046 | INFO     |   → 289/810: ✅ 5 взято | 🗑️ 76 мусор
2026-05-02 12:59:24,046 | INFO     |   → 290/810: ✅ 80 взято | 🗑️ 1110 мусор
2026-05-02 12:59:24,046 | INFO     |   → 291/810: ✅ 5 взято | 🗑️ 13 мусор
2026-05-02 12:59:24,046 | INFO     |   → 292/810 ❌ HTTP 404 — https://raw.githubusercontent.com/Epodonios/bulk-xray-v2ray-vless-vmess-...-configs/main/sub/Austria/config.txt
2026-05-02 12:59:24,046 | INFO     |   → 293/810 ❌ HTTP 404 — https://raw.githubusercontent.com/Epodonios/bulk-xray-v2ray-vless-vmess-...-configs/main/sub/Canada/config.txt
2026-05-02 12:59:24,046 | INFO     |   → 294/810 ❌ HTTP 404 — https://raw.githubusercontent.com/Epodonios/bulk-xray-v2ray-vless-vmess-...-configs/main/sub/Costa%20Rica/config.txt
2026-05-02 12:59:24,047 | INFO     |   → 295/810 ❌ HTTP 404 — https://raw.githubusercontent.com/Epodonios/bulk-xray-v2ray-vless-vmess-...-configs/main/sub/France/config.txt
2026-05-02 12:59:24,047 | INFO     |   → 296/810 ❌ HTTP 404 — https://raw.githubusercontent.com/Epodonios/bulk-xray-v2ray-vless-vmess-...-configs/main/sub/Germany/config.txt
2026-05-02 12:59:24,047 | INFO     |   → 297/810 ❌ HTTP 404 — https://raw.githubusercontent.com/Epodonios/bulk-xray-v2ray-vless-vmess-...-configs/main/sub/Indonesia/config.txt
2026-05-02 12:59:24,047 | INFO     |   → 298/810 ❌ HTTP 404 — https://raw.githubusercontent.com/Epodonios/bulk-xray-v2ray-vless-vmess-...-configs/main/sub/Ireland/config.txt
2026-05-02 12:59:24,047 | INFO     |   → 299/810 ❌ HTTP 404 — https://raw.githubusercontent.com/Epodonios/bulk-xray-v2ray-vless-vmess-...-configs/main/sub/Republic%20of%20Lithuania/config.txt
2026-05-02 12:59:24,047 | INFO     |   → 300/810 ❌ HTTP 404 — https://raw.githubusercontent.com/Epodonios/bulk-xray-v2ray-vless-vmess-...-configs/main/sub/South%20Africa/config.txt
2026-05-02 12:59:24,047 | INFO     |   → 301/810 ❌ HTTP 404 — https://raw.githubusercontent.com/Epodonios/bulk-xray-v2ray-vless-vmess-...-configs/main/sub/Sweden/config.txt
2026-05-02 12:59:24,047 | INFO     |   → 302/810 ❌ HTTP 404 — https://raw.githubusercontent.com/Epodonios/bulk-xray-v2ray-vless-vmess-...-configs/main/sub/Turkey/config.txt
2026-05-02 12:59:24,047 | INFO     |   → 303/810 ❌ HTTP 404 — https://raw.githubusercontent.com/Epodonios/bulk-xray-v2ray-vless-vmess-...-configs/main/sub/United%20Arab%20Emirates/config.txt
2026-05-02 12:59:24,047 | INFO     |   → 304/810 ❌ HTTP 404 — https://raw.githubusercontent.com/Epodonios/bulk-xray-v2ray-vless-vmess-...-configs/main/sub/United%20Kingdom/config.txt
2026-05-02 12:59:24,047 | INFO     |   → 305/810 ❌ HTTP 404 — https://raw.githubusercontent.com/Epodonios/bulk-xray-v2ray-vless-vmess-...-configs/main/sub/United%20States/config.txt
2026-05-02 12:59:24,047 | INFO     |   → 306/810: ✅ 335 взято | 🗑️ 3761 мусор
2026-05-02 12:59:24,047 | INFO     |   → 307/810 ❌ HTTP 404 — https://raw.githubusercontent.com/Epodonios/v2ray-configs/main/Splitted-By-Protocol/mix.txt
2026-05-02 12:59:24,047 | INFO     |   → 308/810: ✅ 1 взято | 🗑️ 362 мусор
2026-05-02 12:59:24,047 | INFO     |   → 309/810: ✅ 0 взято | 🗑️ 0 мусор
2026-05-02 12:59:24,047 | INFO     |   → 310/810: ✅ 2 взято | 🗑️ 224 мусор
2026-05-02 12:59:24,047 | INFO     |   → 311/810: ✅ 6 взято | 🗑️ 2581 мусор
2026-05-02 12:59:24,047 | INFO     |   → 312/810: ✅ 1 взято | 🗑️ 557 мусор
2026-05-02 12:59:24,047 | INFO     |   → 313/810 ❌ HTTP 404 — https://raw.githubusercontent.com/Epodonios/v2ray-configs/raw/main/Splitted-By-Protocol/trojan.txt
2026-05-02 12:59:24,047 | INFO     |   → 314/810 ❌ HTTP 404 — https://raw.githubusercontent.com/Epodonios/v2ray-configs/raw/main/Splitted-By-Protocol/vmess.txt
2026-05-02 12:59:24,047 | INFO     |   → 315/810: ✅ 0 взято | 🗑️ 362 мусор
2026-05-02 12:59:24,048 | INFO     |   → 316/810: ✅ 0 взято | 🗑️ 0 мусор
2026-05-02 12:59:24,048 | INFO     |   → 317/810: ✅ 0 взято | 🗑️ 224 мусор
2026-05-02 12:59:24,048 | INFO     |   → 318/810: ✅ 0 взято | 🗑️ 2581 мусор
2026-05-02 12:59:24,048 | INFO     |   → 319/810: ✅ 0 взято | 🗑️ 557 мусор
2026-05-02 12:59:24,048 | INFO     |   → 320/810 ❌ HTTP 404 — https://raw.githubusercontent.com/Fido6/FreeNodes/57221e59caddde55ffdda21d491ae952cd608049/nodes/halekj.txt
2026-05-02 12:59:24,048 | INFO     |   → 321/810 ❌ HTTP 404 — https://raw.githubusercontent.com/Fido6/FreeNodes/57221e59caddde55ffdda21d491ae952cd608049/nodes/kkzui.txt
2026-05-02 12:59:24,048 | INFO     |   → 322/810 ❌ HTTP 404 — https://raw.githubusercontent.com/Fido6/FreeNodes/57221e59caddde55ffdda21d491ae952cd608049/nodes/wenode.txt
2026-05-02 12:59:24,048 | INFO     |   → 323/810: ✅ 0 взято | 🗑️ 0 мусор
2026-05-02 12:59:24,048 | INFO     |   → 324/810: ✅ 0 взято | 🗑️ 0 мусор
2026-05-02 12:59:24,048 | INFO     |   → 325/810: ✅ 14 взято | 🗑️ 250 мусор
2026-05-02 12:59:24,048 | INFO     |   → 326/810: ✅ 3 взято | 🗑️ 24 мусор
2026-05-02 12:59:24,048 | INFO     |   → 327/810: ✅ 1 взято | 🗑️ 17 мусор
2026-05-02 12:59:24,048 | INFO     |   → 328/810: ✅ 4 взято | 🗑️ 11 мусор
2026-05-02 12:59:24,048 | INFO     |   → 329/810: ✅ 0 взято | 🗑️ 0 мусор
2026-05-02 12:59:24,048 | INFO     |   → 330/810: ✅ 0 взято | 🗑️ 137 мусор
2026-05-02 12:59:24,048 | INFO     |   → 331/810: ✅ 0 взято | 🗑️ 32 мусор
2026-05-02 12:59:24,048 | INFO     |   → 332/810: ✅ 2 взято | 🗑️ 19 мусор
2026-05-02 12:59:24,048 | INFO     |   → 333/810: ✅ 0 взято | 🗑️ 43 мусор
2026-05-02 12:59:24,048 | INFO     |   → 334/810: ✅ 0 взято | 🗑️ 43 мусор
2026-05-02 12:59:24,048 | INFO     |   → 335/810 ❌ HTTP 404 — https://raw.githubusercontent.com/Iran-v2ray/v2ray/main/v2ray
2026-05-02 12:59:24,048 | INFO     |   → 336/810: ✅ 0 взято | 🗑️ 1 мусор
2026-05-02 12:59:24,048 | INFO     |   → 337/810: ✅ 0 взято | 🗑️ 1 мусор
2026-05-02 12:59:24,049 | INFO     |   → 338/810: ✅ 0 взято | 🗑️ 28 мусор
2026-05-02 12:59:24,049 | INFO     |   → 339/810: ✅ 14 взято | 🗑️ 282 мусор
2026-05-02 12:59:24,049 | INFO     |   → 340/810: ✅ 0 взято | 🗑️ 94 мусор
2026-05-02 12:59:24,049 | INFO     |   → 341/810: ✅ 0 взято | 🗑️ 0 мусор
2026-05-02 12:59:24,049 | INFO     |   → 342/810: ✅ 0 взято | 🗑️ 0 мусор
2026-05-02 12:59:24,049 | INFO     |   → 343/810 ❌ HTTP 404 — https://raw.githubusercontent.com/Kwinshadow/TelegramV2rayCollector/raw/refs/heads/main/sublinks/mix.txt
2026-05-02 12:59:24,049 | INFO     |   → 344/810 ❌ HTTP 404 — https://raw.githubusercontent.com/LalatinaHub/Mineral/raw/refs/heads/master/result/nodes
2026-05-02 12:59:24,049 | INFO     |   → 345/810 ❌ HTTP 404 — https://raw.githubusercontent.com/Leon406/SubCrawler/main/sub/share/all3
2026-05-02 12:59:24,049 | INFO     |   → 346/810 ❌ HTTP 404 — https://raw.githubusercontent.com/Leon406/SubCrawler/main/sub/share/all4
2026-05-02 12:59:24,049 | INFO     |   → 347/810: ✅ 4 взято | 🗑️ 335 мусор
2026-05-02 12:59:24,049 | INFO     |   → 348/810: ✅ 0 взято | 🗑️ 33 мусор
2026-05-02 12:59:24,049 | INFO     |   → 349/810: ✅ 0 взято | 🗑️ 6 мусор
2026-05-02 12:59:24,049 | INFO     |   → 350/810: ✅ 0 взято | 🗑️ 147 мусор
2026-05-02 12:59:24,049 | INFO     |   → 351/810 ❌ HTTP 404 — https://raw.githubusercontent.com/M-Mashreghi/free-config-collector/main/Splitted-By-Protocol/ssr.txt
2026-05-02 12:59:24,049 | INFO     |   → 352/810: ✅ 139 взято | 🗑️ 114 мусор
2026-05-02 12:59:24,049 | INFO     |   → 353/810: ✅ 126 взято | 🗑️ 137 мусор
2026-05-02 12:59:24,049 | INFO     |   → 354/810: ✅ 0 взято | 🗑️ 12 мусор
2026-05-02 12:59:24,049 | INFO     |   → 355/810: ✅ 0 взято | 🗑️ 1 мусор
2026-05-02 12:59:24,049 | INFO     |   → 356/810: ✅ 83 взято | 🗑️ 83 мусор
2026-05-02 12:59:24,049 | INFO     |   → 357/810: ✅ 0 взято | 🗑️ 83 мусор
2026-05-02 12:59:24,050 | INFO     |   → 358/810 ❌ HTTP 404 — https://raw.githubusercontent.com/MatinGhanbari/v2ray-configs/main/subscriptions/filtered/subs/hy2.txt
2026-05-02 12:59:24,050 | INFO     |   → 359/810: ✅ 26 взято | 🗑️ 1625 мусор
2026-05-02 12:59:24,050 | INFO     |   → 360/810 ❌ HTTP 404 — https://raw.githubusercontent.com/MatinGhanbari/v2ray-configs/main/subscriptions/filtered/subs/ssr.txt
2026-05-02 12:59:24,050 | INFO     |   → 361/810: ✅ 54 взято | 🗑️ 411 мусор
2026-05-02 12:59:24,050 | INFO     |   → 362/810 ❌ HTTP 404 — https://raw.githubusercontent.com/MatinGhanbari/v2ray-configs/main/subscriptions/filtered/subs/tuic.txt
2026-05-02 12:59:24,050 | INFO     |   → 363/810: ✅ 17 взято | 🗑️ 239 мусор
2026-05-02 12:59:24,050 | INFO     |   → 364/810: ✅ 215 взято | 🗑️ 1345 мусор
2026-05-02 12:59:24,050 | INFO     |   → 365/810: ✅ 0 взято | 🗑️ 2 мусор
2026-05-02 12:59:24,050 | INFO     |   → 366/810: ✅ 153 взято | 🗑️ 843 мусор
2026-05-02 12:59:24,050 | INFO     |   → 367/810: ✅ 0 взято | 🗑️ 432 мусор
2026-05-02 12:59:24,050 | INFO     |   → 368/810: ✅ 0 взято | 🗑️ 432 мусор
2026-05-02 12:59:24,050 | INFO     |   → 369/810: ✅ 0 взято | 🗑️ 24 мусор
2026-05-02 12:59:24,050 | INFO     |   → 370/810: ✅ 0 взято | 🗑️ 2 мусор
2026-05-02 12:59:24,050 | INFO     |   → 371/810: ✅ 0 взято | 🗑️ 312 мусор
2026-05-02 12:59:24,050 | INFO     |   → 372/810: ✅ 0 взято | 🗑️ 81 мусор
2026-05-02 12:59:24,050 | INFO     |   → 373/810 ❌ HTTP 404 — https://raw.githubusercontent.com/MhdiTaheri/V2rayCollector/raw/refs/heads/main/sub/mix
2026-05-02 12:59:24,050 | INFO     |   → 374/810: ✅ 53 взято | 🗑️ 267 мусор
2026-05-02 12:59:24,050 | INFO     |   → 375/810 ❌ HTTP 404 — https://raw.githubusercontent.com/MhdiTaheri/V2rayCollector_Py/raw/refs/heads/main/sub/Mix/mix.txt
2026-05-02 12:59:24,050 | INFO     |   → 376/810: ✅ 0 взято | 🗑️ 0 мусор
2026-05-02 12:59:24,050 | INFO     |   → 377/810: ✅ 43 взято | 🗑️ 217 мусор
2026-05-02 12:59:24,050 | INFO     |   → 378/810: ✅ 0 взято | 🗑️ 31 мусор
2026-05-02 12:59:24,050 | INFO     |   → 379/810: ✅ 93 взято | 🗑️ 282 мусор
2026-05-02 12:59:24,050 | INFO     |   → 380/810: ✅ 0 взято | 🗑️ 26 мусор
2026-05-02 12:59:24,050 | INFO     |   → 381/810 ❌ HTTP 404 — https://raw.githubusercontent.com/MrMohebi/xray-proxy-grabber-telegram/master/collected-proxies/clash-meta/all.yaml
2026-05-02 12:59:24,050 | INFO     |   → 382/810 ❌ HTTP 404 — https://raw.githubusercontent.com/MrMohebi/xray-proxy-grabber-telegram/master/collected-proxies/row-url/actives.txt
2026-05-02 12:59:24,050 | INFO     |   → 383/810 ❌ HTTP 404 — https://raw.githubusercontent.com/MrMohebi/xray-proxy-grabber-telegram/master/collected-proxies/row-url/all.txt
2026-05-02 12:59:24,050 | INFO     |   → 384/810: ✅ 0 взято | 🗑️ 13 мусор
2026-05-02 12:59:24,050 | INFO     |   → 385/810: ✅ 0 взято | 🗑️ 13 мусор
2026-05-02 12:59:24,050 | INFO     |   → 386/810: ✅ 5 взято | 🗑️ 15 мусор
2026-05-02 12:59:24,050 | INFO     |   → 387/810: ✅ 0 взято | 🗑️ 30 мусор
2026-05-02 12:59:24,051 | INFO     |   → 388/810: ✅ 0 взято | 🗑️ 15 мусор
2026-05-02 12:59:24,051 | INFO     |   → 389/810: ✅ 66 взято | 🗑️ 123 мусор
2026-05-02 12:59:24,051 | INFO     |   → 390/810: ✅ 175 взято | 🗑️ 582 мусор
2026-05-02 12:59:24,051 | INFO     |   → 391/810: ✅ 0 взято | 🗑️ 0 мусор
2026-05-02 12:59:24,051 | INFO     |   → 392/810 ❌ HTTP 404 — https://raw.githubusercontent.com/OpenCNLink/freevpn/3cfcff048bfdd1493ccffa52ecf30ce7f9fc6b28/src/list/vmess.txt
2026-05-02 12:59:24,051 | INFO     |   → 393/810 ❌ HTTP 404 — https://raw.githubusercontent.com/Pawdro/Collection/main/sub
2026-05-02 12:59:24,051 | INFO     |   → 394/810: ✅ 0 взято | 🗑️ 15 мусор
2026-05-02 12:59:24,051 | INFO     |   → 395/810: ✅ 0 взято | 🗑️ 15 мусор
2026-05-02 12:59:24,051 | INFO     |   → 396/810: ✅ 0 взято | 🗑️ 0 мусор
2026-05-02 12:59:24,051 | INFO     |   → 397/810: ✅ 0 взято | 🗑️ 0 мусор
2026-05-02 12:59:24,051 | INFO     |   → 398/810: ✅ 0 взято | 🗑️ 50 мусор
2026-05-02 12:59:24,051 | INFO     |   → 399/810: ✅ 5 взято | 🗑️ 206 мусор
2026-05-02 12:59:24,051 | INFO     |   → 400/810: ✅ 21 взято | 🗑️ 138 мусор
2026-05-02 12:59:24,051 | INFO     |   → 401/810: ✅ 23 взято | 🗑️ 89 мусор
2026-05-02 12:59:24,051 | INFO     |   → 402/810: ✅ 9 взято | 🗑️ 85 мусор
2026-05-02 12:59:24,051 | INFO     |   → 403/810: ✅ 0 взято | 🗑️ 129 мусор
2026-05-02 12:59:24,051 | INFO     |   → 404/810: ✅ 0 взято | 🗑️ 81 мусор
2026-05-02 12:59:24,051 | INFO     |   → 405/810 ❌ HTTP 404 — https://raw.githubusercontent.com/STR97/STRUGOV/refs/heads/main/STR.BYPASS
2026-05-02 12:59:24,051 | INFO     |   → 406/810: ✅ 4 взято | 🗑️ 34 мусор
2026-05-02 12:59:24,051 | INFO     |   → 407/810: ✅ 11 взято | 🗑️ 16 мусор
2026-05-02 12:59:24,051 | INFO     |   → 408/810: ✅ 0 взято | 🗑️ 16 мусор
2026-05-02 12:59:24,051 | INFO     |   → 409/810: ✅ 0 взято | 🗑️ 27 мусор
2026-05-02 12:59:24,051 | INFO     |   → 410/810: ✅ 140 взято | 🗑️ 1153 мусор
2026-05-02 12:59:24,051 | INFO     |   → 411/810: ✅ 29 взято | 🗑️ 54 мусор
2026-05-02 12:59:24,051 | INFO     |   → 412/810: ✅ 0 взято | 🗑️ 0 мусор
2026-05-02 12:59:24,052 | INFO     |   → 413/810: ✅ 0 взято | 🗑️ 0 мусор
2026-05-02 12:59:24,052 | INFO     |   → 414/810: ✅ 0 взято | 🗑️ 5 мусор
2026-05-02 12:59:24,052 | INFO     |   → 415/810: ✅ 0 взято | 🗑️ 0 мусор
2026-05-02 12:59:24,052 | INFO     |   → 416/810: ✅ 0 взято | 🗑️ 5 мусор
2026-05-02 12:59:24,052 | INFO     |   → 417/810: ✅ 4 взято | 🗑️ 291 мусор
2026-05-02 12:59:24,052 | INFO     |   → 418/810: ✅ 0 взято | 🗑️ 119 мусор
2026-05-02 12:59:24,052 | INFO     |   → 419/810: ✅ 0 взято | 🗑️ 0 мусор
2026-05-02 12:59:24,052 | INFO     |   → 420/810 ❌ HTTP 404 — https://raw.githubusercontent.com/V2RAYCONFIGSPOOL/V2RAY_SUB/main/V2RAY_SUB.txt
2026-05-02 12:59:24,052 | INFO     |   → 421/810: ✅ 48 взято | 🗑️ 194 мусор
2026-05-02 12:59:24,052 | INFO     |   → 422/810: ✅ 19 взято | 🗑️ 76 мусор
2026-05-02 12:59:24,052 | INFO     |   → 423/810: ✅ 0 взято | 🗑️ 0 мусор
2026-05-02 12:59:24,052 | INFO     |   → 424/810: ✅ 0 взято | 🗑️ 76 мусор
2026-05-02 12:59:24,052 | INFO     |   → 425/810: ✅ 58 взято | 🗑️ 348 мусор
2026-05-02 12:59:24,052 | INFO     |   → 426/810: ✅ 1 взято | 🗑️ 231 мусор
2026-05-02 12:59:24,052 | INFO     |   → 427/810: ✅ 0 взято | 🗑️ 0 мусор
2026-05-02 12:59:24,052 | INFO     |   → 428/810: ✅ 1 взято | 🗑️ 83 мусор
2026-05-02 12:59:24,052 | INFO     |   → 429/810: ✅ 0 взято | 🗑️ 16 мусор
2026-05-02 12:59:24,052 | INFO     |   → 430/810: ✅ 0 взято | 🗑️ 16 мусор
2026-05-02 12:59:24,053 | INFO     |   → 431/810 ❌ HTTP 404 — https://raw.githubusercontent.com/aiboboxx/clashfree/main/clash.yml
2026-05-02 12:59:24,053 | INFO     |   → 432/810 ❌ HTTP 404 — https://raw.githubusercontent.com/aiboboxx/v2rayfree/main/v2
2026-05-02 12:59:24,053 | INFO     |   → 433/810 ❌ HTTP 404 — https://raw.githubusercontent.com/amirmohammad-mohammad-88/Sub-Reality-Azadi-config/Config/Azadi-Reality-Different
2026-05-02 12:59:24,053 | INFO     |   → 434/810 ❌ HTTP 404 — https://raw.githubusercontent.com/amirmohammad-mohammad-88/Sub-Reality-Azadi-config/Config/Azadi-Reality-Different-Base64
2026-05-02 12:59:24,053 | INFO     |   → 435/810: ✅ 1 взято | 🗑️ 17 мусор
2026-05-02 12:59:24,053 | INFO     |   → 436/810: ✅ 0 взято | 🗑️ 0 мусор
2026-05-02 12:59:24,053 | INFO     |   → 437/810: ✅ 4 взято | 🗑️ 114 мусор
2026-05-02 12:59:24,053 | INFO     |   → 438/810: ✅ 20 взято | 🗑️ 92 мусор
2026-05-02 12:59:24,053 | INFO     |   → 439/810 ❌ HTTP 404 — https://raw.githubusercontent.com/awesome-vpn/awesome-vpn/master/ss
2026-05-02 12:59:24,053 | INFO     |   → 440/810 ❌ HTTP 404 — https://raw.githubusercontent.com/awesome-vpn/awesome-vpn/master/ssr
2026-05-02 12:59:24,053 | INFO     |   → 441/810: ✅ 0 взято | 🗑️ 0 мусор
2026-05-02 12:59:24,053 | INFO     |   → 442/810: ✅ 1 взято | 🗑️ 22 мусор
2026-05-02 12:59:24,053 | INFO     |   → 443/810: ✅ 0 взято | 🗑️ 139 мусор
2026-05-02 12:59:24,053 | INFO     |   → 444/810 ❌ HTTP 404 — https://raw.githubusercontent.com/barry-far/V2ray-Configs/ced94ddfff48276ec365b40227561f36b1b64bc8/Sub5.txt
2026-05-02 12:59:24,053 | INFO     |   → 445/810 ❌ HTTP 404 — https://raw.githubusercontent.com/barry-far/V2ray-Configs/main/Splitted-By-Protocol/hysteria2.txt
2026-05-02 12:59:24,053 | INFO     |   → 446/810 ❌ HTTP 404 — https://raw.githubusercontent.com/barry-far/V2ray-Configs/main/Splitted-By-Protocol/vless.txt
2026-05-02 12:59:24,053 | INFO     |   → 447/810 ❌ HTTP 404 — https://raw.githubusercontent.com/barry-far/V2ray-Configs/main/Sub1.txt
2026-05-02 12:59:24,053 | INFO     |   → 448/810 ❌ HTTP 404 — https://raw.githubusercontent.com/barry-far/V2ray-Configs/refs/heads/main/All_Configs_Sub.txt
2026-05-02 12:59:24,053 | INFO     |   → 449/810: ✅ 0 взято | 🗑️ 0 мусор
2026-05-02 12:59:24,054 | INFO     |   → 450/810 ❌ HTTP 404 — https://raw.githubusercontent.com/budamu/clashconfig/main/v2ray.txt
2026-05-02 12:59:24,054 | INFO     |   → 451/810 ❌ HTTP 404 — https://raw.githubusercontent.com/budamu/clashconfig/main/v2ray2.txt
2026-05-02 12:59:24,054 | INFO     |   → 452/810: ✅ 0 взято | 🗑️ 0 мусор
2026-05-02 12:59:24,054 | INFO     |   → 453/810: ✅ 0 взято | 🗑️ 442 мусор
2026-05-02 12:59:24,054 | INFO     |   → 454/810: ✅ 0 взято | 🗑️ 0 мусор
2026-05-02 12:59:24,054 | INFO     |   → 455/810 ❌ HTTP 404 — https://raw.githubusercontent.com/chxxyz2004/zd/17fca23b73c46b5dd73e9be49b14d219b5e5f836/sub/2401/240110.txt
2026-05-02 12:59:24,054 | INFO     |   → 456/810: ✅ 0 взято | 🗑️ 44 мусор
2026-05-02 12:59:24,054 | INFO     |   → 457/810: ✅ 236 взято | 🗑️ 517 мусор
2026-05-02 12:59:24,054 | INFO     |   → 458/810 ❌ HTTP 404 — https://raw.githubusercontent.com/cxr9912/cxr2022/main/free.yaml
2026-05-02 12:59:24,054 | INFO     |   → 459/810 ❌ HTTP 404 — https://raw.githubusercontent.com/cxr9912/cxr2022/main/mix.yaml
2026-05-02 12:59:24,054 | INFO     |   → 460/810 ❌ HTTP 404 — https://raw.githubusercontent.com/cxr9912/cxr2022/main/ss.yaml
2026-05-02 12:59:24,054 | INFO     |   → 461/810 ❌ HTTP 404 — https://raw.githubusercontent.com/cxr9912/cxr2022/main/ssr.yaml
2026-05-02 12:59:24,054 | INFO     |   → 462/810 ❌ HTTP 404 — https://raw.githubusercontent.com/cxr9912/cxr2022/main/vmess.yaml
2026-05-02 12:59:24,054 | INFO     |   → 463/810 ❌ HTTP 404 — https://raw.githubusercontent.com/cxr9912/cxr2022/refs/heads/main/18cj.json
2026-05-02 12:59:24,054 | INFO     |   → 464/810 ❌ HTTP 404 — https://raw.githubusercontent.com/cxr9912/cxr2022/refs/heads/main/aaaaaaaa.yaml
2026-05-02 12:59:24,054 | INFO     |   → 465/810 ❌ HTTP 404 — https://raw.githubusercontent.com/cxr9912/cxr2022/refs/heads/main/free.yaml
2026-05-02 12:59:24,054 | INFO     |   → 466/810 ❌ HTTP 404 — https://raw.githubusercontent.com/cxr9912/cxr2022/refs/heads/main/ss2088.txt
2026-05-02 12:59:24,054 | INFO     |   → 467/810: ✅ 0 взято | 🗑️ 18 мусор
2026-05-02 12:59:24,055 | INFO     |   → 468/810: ✅ 0 взято | 🗑️ 18 мусор
2026-05-02 12:59:24,055 | INFO     |   → 469/810: ✅ 6 взято | 🗑️ 78 мусор
2026-05-02 12:59:24,055 | INFO     |   → 470/810: ✅ 6 взято | 🗑️ 4 мусор
2026-05-02 12:59:24,055 | INFO     |   → 471/810: ✅ 0 взято | 🗑️ 2 мусор
2026-05-02 12:59:24,055 | INFO     |   → 472/810: ✅ 0 взято | 🗑️ 2 мусор
2026-05-02 12:59:24,055 | INFO     |   → 473/810: ✅ 0 взято | 🗑️ 2 мусор
2026-05-02 12:59:24,055 | INFO     |   → 474/810: ✅ 0 взято | 🗑️ 3 мусор
2026-05-02 12:59:24,055 | INFO     |   → 475/810: ✅ 0 взято | 🗑️ 2 мусор
2026-05-02 12:59:24,055 | INFO     |   → 476/810: ✅ 0 взято | 🗑️ 9 мусор
2026-05-02 12:59:24,055 | INFO     |   → 477/810: ✅ 1 взято | 🗑️ 1 мусор
2026-05-02 12:59:24,055 | INFO     |   → 478/810: ✅ 0 взято | 🗑️ 10 мусор
2026-05-02 12:59:24,055 | INFO     |   → 479/810: ✅ 0 взято | 🗑️ 2 мусор
2026-05-02 12:59:24,055 | INFO     |   → 480/810: ✅ 0 взято | 🗑️ 0 мусор
2026-05-02 12:59:24,055 | INFO     |   → 481/810: ✅ 106 взято | 🗑️ 3390 мусор
2026-05-02 12:59:24,055 | INFO     |   → 482/810: ✅ 55 взято | 🗑️ 86 мусор
2026-05-02 12:59:24,055 | INFO     |   → 483/810: ✅ 6 взято | 🗑️ 113 мусор
2026-05-02 12:59:24,055 | INFO     |   → 484/810: ✅ 0 взято | 🗑️ 0 мусор
2026-05-02 12:59:24,055 | INFO     |   → 485/810: ✅ 1 взято | 🗑️ 25 мусор
2026-05-02 12:59:24,055 | INFO     |   → 486/810: ✅ 0 взято | 🗑️ 0 мусор
2026-05-02 12:59:24,056 | INFO     |   → 487/810: ✅ 13 взято | 🗑️ 19 мусор
2026-05-02 12:59:24,056 | INFO     |   → 488/810: ✅ 0 взято | 🗑️ 5 мусор
2026-05-02 12:59:24,056 | INFO     |   → 489/810: ✅ 2 взято | 🗑️ 80 мусор
2026-05-02 12:59:24,056 | INFO     |   → 490/810 ❌ HTTP 404 — https://raw.githubusercontent.com/free-nodes/v2rayfree/main/v2
2026-05-02 12:59:24,056 | INFO     |   → 491/810 ❌ HTTP 404 — https://raw.githubusercontent.com/free-v2ray-config/trojan/main/trojan.txt
2026-05-02 12:59:24,056 | INFO     |   → 492/810 ❌ HTTP 404 — https://raw.githubusercontent.com/free-v2ray-config/vless/main/vless.txt
2026-05-02 12:59:24,056 | INFO     |   → 493/810 ❌ HTTP 404 — https://raw.githubusercontent.com/free-v2ray-config/vmess/main/vmess.txt
2026-05-02 12:59:24,056 | INFO     |   → 494/810: ✅ 5 взято | 🗑️ 169 мусор
2026-05-02 12:59:24,056 | INFO     |   → 495/810: ✅ 34 взято | 🗑️ 121 мусор
2026-05-02 12:59:24,056 | INFO     |   → 496/810: ✅ 4 взято | 🗑️ 97 мусор
2026-05-02 12:59:24,056 | INFO     |   → 497/810 ❌ HTTP 404 — https://raw.githubusercontent.com/free18/v2ray/main/Clash.yaml
2026-05-02 12:59:24,056 | INFO     |   → 498/810: ✅ 0 взято | 🗑️ 0 мусор
2026-05-02 12:59:24,056 | INFO     |   → 499/810: ✅ 0 взято | 🗑️ 15 мусор
2026-05-02 12:59:24,056 | INFO     |   → 500/810: ✅ 0 взято | 🗑️ 0 мусор
2026-05-02 12:59:24,056 | INFO     |   → 501/810: ✅ 0 взято | 🗑️ 8 мусор
2026-05-02 12:59:24,056 | INFO     |   → 502/810: ✅ 0 взято | 🗑️ 8 мусор
2026-05-02 12:59:24,056 | INFO     |   → 503/810: ✅ 0 взято | 🗑️ 8 мусор
2026-05-02 12:59:24,056 | INFO     |   → 504/810: ✅ 0 взято | 🗑️ 8 мусор
2026-05-02 12:59:24,056 | INFO     |   → 505/810 ❌ HTTP 404 — https://raw.githubusercontent.com/freev2rayconfig/V2RAY_SUB/3e6a7786a1601ee3723e8d043ae79e70dbdfd9a8/v2rayconfigs.txt
2026-05-02 12:59:24,057 | INFO     |   → 506/810 ❌ HTTP 404 — https://raw.githubusercontent.com/freev2rayconfig/V2RAY_SUBSCRIPTION_LINK/main/v2rayconfigs.txt
2026-05-02 12:59:24,057 | INFO     |   → 507/810 ❌ HTTP 404 — https://raw.githubusercontent.com/gfpcom/free-proxy-list/main/list/http.txt
2026-05-02 12:59:24,057 | INFO     |   → 508/810 ❌ HTTP 404 — https://raw.githubusercontent.com/gfpcom/free-proxy-list/main/list/https.txt
2026-05-02 12:59:24,057 | INFO     |   → 509/810 ❌ HTTP 404 — https://raw.githubusercontent.com/gfpcom/free-proxy-list/main/list/socks4.txt
2026-05-02 12:59:24,057 | INFO     |   → 510/810 ❌ HTTP 404 — https://raw.githubusercontent.com/gfpcom/free-proxy-list/main/list/socks4a.txt
2026-05-02 12:59:24,057 | INFO     |   → 511/810 ❌ HTTP 404 — https://raw.githubusercontent.com/gfpcom/free-proxy-list/main/list/socks5.txt
2026-05-02 12:59:24,057 | INFO     |   → 512/810 ❌ HTTP 404 — https://raw.githubusercontent.com/gfpcom/free-proxy-list/main/list/socks5h.txt
2026-05-02 12:59:24,057 | INFO     |   → 513/810 ❌ HTTP 404 — https://raw.githubusercontent.com/gfpcom/free-proxy-list/main/list/ss.txt
2026-05-02 12:59:24,057 | INFO     |   → 514/810 ❌ HTTP 404 — https://raw.githubusercontent.com/gfpcom/free-proxy-list/main/list/ssr.txt
2026-05-02 12:59:24,057 | INFO     |   → 515/810 ❌ HTTP 404 — https://raw.githubusercontent.com/gfpcom/free-proxy-list/main/list/trojan.txt
2026-05-02 12:59:24,057 | INFO     |   → 516/810 ❌ HTTP 404 — https://raw.githubusercontent.com/gfpcom/free-proxy-list/main/list/vless.txt
2026-05-02 12:59:24,057 | INFO     |   → 517/810 ❌ HTTP 404 — https://raw.githubusercontent.com/gfpcom/free-proxy-list/main/list/vmess.txt
2026-05-02 12:59:24,057 | INFO     |   → 518/810: ✅ 0 взято | 🗑️ 17 мусор
2026-05-02 12:59:24,057 | INFO     |   → 519/810: ✅ 0 взято | 🗑️ 0 мусор
2026-05-02 12:59:24,057 | INFO     |   → 520/810: ✅ 4 взято | 🗑️ 63 мусор
2026-05-02 12:59:24,057 | INFO     |   → 521/810 ❌ HTTP 404 — https://raw.githubusercontent.com/hameed-maleki/TVC/89a4522969c57dcc22458cae9898426e5c4f2679/lite/config.txt
2026-05-02 12:59:24,057 | INFO     |   → 522/810: ✅ 5 взято | 🗑️ 132 мусор
2026-05-02 12:59:24,057 | INFO     |   → 523/810: ✅ 0 взято | 🗑️ 56 мусор
2026-05-02 12:59:24,057 | INFO     |   → 524/810 ❌ HTTP 404 — https://raw.githubusercontent.com/hkaa0/permalink/main/proxy/V2ray
2026-05-02 12:59:24,058 | INFO     |   → 525/810 ❌ HTTP 404 — https://raw.githubusercontent.com/hkaa0/permalink/main/proxy/clash
2026-05-02 12:59:24,058 | INFO     |   → 526/810 ❌ HTTP 404 — https://raw.githubusercontent.com/hkpc/Autoproxy/6cf946ddfc677a29062007e4b47d70674474baa7/sub/2401/240110.txt
2026-05-02 12:59:24,058 | INFO     |   → 527/810 ❌ HTTP 404 — https://raw.githubusercontent.com/hkpc/V2ray-Configs/7d9aa0dabf947af180a7dd6302818ed37950531a/Sub1.txt
2026-05-02 12:59:24,058 | INFO     |   → 528/810: ✅ 0 взято | 🗑️ 14 мусор
2026-05-02 12:59:24,058 | INFO     |   → 529/810: ✅ 16 взято | 🗑️ 16 мусор
2026-05-02 12:59:24,058 | INFO     |   → 530/810 ❌ HTTP 404 — https://raw.githubusercontent.com/iboxz/free-v2ray-collector/main/main
2026-05-02 12:59:24,058 | INFO     |   → 531/810: ✅ 12 взято | 🗑️ 14 мусор
2026-05-02 12:59:24,058 | INFO     |   → 532/810: ✅ 9 взято | 🗑️ 11 мусор
2026-05-02 12:59:24,058 | INFO     |   → 533/810: ✅ 61 взято | 🗑️ 254 мусор
2026-05-02 12:59:24,058 | INFO     |   → 534/810 ❌ HTTP 404 — https://raw.githubusercontent.com/igareck/vpn-configs-for-russia/refs/heads/main/Vless-Reality-White-Lists-Rus-Cable.txt
2026-05-02 12:59:24,058 | INFO     |   → 535/810: ✅ 139 взято | 🗑️ 11 мусор
2026-05-02 12:59:24,058 | INFO     |   → 536/810: ✅ 0 взято | 🗑️ 0 мусор
2026-05-02 12:59:24,058 | INFO     |   → 537/810: ✅ 0 взято | 🗑️ 0 мусор
2026-05-02 12:59:24,058 | INFO     |   → 538/810: ✅ 23 взято | 🗑️ 9 мусор
2026-05-02 12:59:24,058 | INFO     |   → 539/810: ✅ 0 взято | 🗑️ 0 мусор
2026-05-02 12:59:24,058 | INFO     |   → 540/810: ✅ 0 взято | 🗑️ 0 мусор
2026-05-02 12:59:24,058 | INFO     |   → 541/810: ✅ 0 взято | 🗑️ 12 мусор
2026-05-02 12:59:24,058 | INFO     |   → 542/810: ✅ 0 взято | 🗑️ 43 мусор
2026-05-02 12:59:24,059 | INFO     |   → 543/810 ❌ HTTP 404 — https://raw.githubusercontent.com/jw853355718/clash_233/master/config.yml
2026-05-02 12:59:24,059 | INFO     |   → 544/810: ✅ 0 взято | 🗑️ 210 мусор
2026-05-02 12:59:24,059 | INFO     |   → 545/810: ✅ 0 взято | 🗑️ 0 мусор
2026-05-02 12:59:24,059 | INFO     |   → 546/810: ✅ 0 взято | 🗑️ 0 мусор
2026-05-02 12:59:24,059 | INFO     |   → 547/810 ❌ HTTP 404 — https://raw.githubusercontent.com/lcx12901/v2ray-/master/sspool.herokuapp.com/yzcloud.yaml
2026-05-02 12:59:24,059 | INFO     |   → 548/810 ❌ HTTP 404 — https://raw.githubusercontent.com/lcx12901/v2ray-/master/sspool.herokuapp.com/yzcloud2.yaml
2026-05-02 12:59:24,059 | INFO     |   → 549/810: ✅ 0 взято | 🗑️ 0 мусор
2026-05-02 12:59:24,059 | INFO     |   → 550/810 ❌ HTTP 404 — https://raw.githubusercontent.com/learnhard-cn/free_proxy_ss/main/clash/config.yaml
2026-05-02 12:59:24,059 | INFO     |   → 551/810: ✅ 0 взято | 🗑️ 8 мусор
2026-05-02 12:59:24,059 | INFO     |   → 552/810: ✅ 0 взято | 🗑️ 4 мусор
2026-05-02 12:59:24,059 | INFO     |   → 553/810: ✅ 0 взято | 🗑️ 0 мусор
2026-05-02 12:59:24,059 | INFO     |   → 554/810: ✅ 0 взято | 🗑️ 4 мусор
2026-05-02 12:59:24,059 | INFO     |   → 555/810: ✅ 0 взято | 🗑️ 149 мусор
2026-05-02 12:59:24,059 | INFO     |   → 556/810: ✅ 0 взято | 🗑️ 421 мусор
2026-05-02 12:59:24,059 | INFO     |   → 557/810 ❌ HTTP 404 — https://raw.githubusercontent.com/lisylva-lee/v2dyku/main/ssr
2026-05-02 12:59:24,059 | INFO     |   → 558/810 ❌ HTTP 404 — https://raw.githubusercontent.com/lisylva-lee/v2dyku/main/v2dy
2026-05-02 12:59:24,059 | INFO     |   → 559/810: ✅ 0 взято | 🗑️ 53 мусор
2026-05-02 12:59:24,059 | INFO     |   → 560/810 ❌ HTTP 404 — https://raw.githubusercontent.com/luxl-1379/merge/77247d23def72b25226dfa741614e9b07a569c72/sub/sub_merge_base64.txt
2026-05-02 12:59:24,059 | INFO     |   → 561/810: ✅ 146 взято | 🗑️ 343 мусор
2026-05-02 12:59:24,060 | INFO     |   → 562/810: ✅ 0 взято | 🗑️ 127 мусор
2026-05-02 12:59:24,060 | INFO     |   → 563/810: ✅ 743 взято | 🗑️ 3932 мусор
2026-05-02 12:59:24,060 | INFO     |   → 564/810: ✅ 0 взято | 🗑️ 0 мусор
2026-05-02 12:59:24,060 | INFO     |   → 565/810: ✅ 0 взято | 🗑️ 3932 мусор
2026-05-02 12:59:24,060 | INFO     |   → 566/810: ✅ 20 взято | 🗑️ 370 мусор
2026-05-02 12:59:24,060 | INFO     |   → 567/810 ❌ HTTP 404 — https://raw.githubusercontent.com/mermeroo/Clash-V2ray/main/v2ray
2026-05-02 12:59:24,060 | INFO     |   → 568/810: ✅ 15 взято | 🗑️ 417 мусор
2026-05-02 12:59:24,060 | INFO     |   → 569/810: ✅ 6 взято | 🗑️ 102 мусор
2026-05-02 12:59:24,060 | INFO     |   → 570/810: ✅ 716 взято | 🗑️ 6258 мусор
2026-05-02 12:59:24,060 | INFO     |   → 571/810: ✅ 8 взято | 🗑️ 853 мусор
2026-05-02 12:59:24,060 | INFO     |   → 572/810: ✅ 32 взято | 🗑️ 69 мусор
2026-05-02 12:59:24,060 | INFO     |   → 573/810 ❌ HTTP 404 — https://raw.githubusercontent.com/mermeroo/free-v2ray-collector/main/main/mix
2026-05-02 12:59:24,060 | INFO     |   → 574/810 ❌ HTTP 404 — https://raw.githubusercontent.com/mermeroo/free-v2ray-collector/main/main/reality
2026-05-02 12:59:24,060 | INFO     |   → 575/810 ❌ HTTP 404 — https://raw.githubusercontent.com/mermeroo/free-v2ray-collector/main/main/shadowsocks
2026-05-02 12:59:24,060 | INFO     |   → 576/810 ❌ HTTP 404 — https://raw.githubusercontent.com/mermeroo/free-v2ray-collector/main/main/trojan
2026-05-02 12:59:24,060 | INFO     |   → 577/810 ❌ HTTP 404 — https://raw.githubusercontent.com/mermeroo/free-v2ray-collector/main/main/vless
2026-05-02 12:59:24,060 | INFO     |   → 578/810 ❌ HTTP 404 — https://raw.githubusercontent.com/mermeroo/free-v2ray-collector/main/main/vmess
2026-05-02 12:59:24,060 | INFO     |   → 579/810: ✅ 0 взято | 🗑️ 171 мусор
2026-05-02 12:59:24,061 | INFO     |   → 580/810: ✅ 0 взято | 🗑️ 171 мусор
2026-05-02 12:59:24,061 | INFO     |   → 581/810: ✅ 0 взято | 🗑️ 171 мусор
2026-05-02 12:59:24,061 | INFO     |   → 582/810: ✅ 484 взято | 🗑️ 12782 мусор
2026-05-02 12:59:24,061 | INFO     |   → 583/810: ✅ 0 взято | 🗑️ 12782 мусор
2026-05-02 12:59:24,061 | INFO     |   → 584/810: ✅ 0 взято | 🗑️ 3176 мусор
2026-05-02 12:59:24,061 | INFO     |   → 585/810: ✅ 0 взято | 🗑️ 1372 мусор
2026-05-02 12:59:24,061 | INFO     |   → 586/810: ✅ 0 взято | 🗑️ 4199 мусор
2026-05-02 12:59:24,061 | INFO     |   → 587/810: ✅ 0 взято | 🗑️ 4035 мусор
2026-05-02 12:59:24,061 | INFO     |   → 588/810 ❌ HTTP 404 — https://raw.githubusercontent.com/mianous/qiren/main/qiren.txt
2026-05-02 12:59:24,061 | INFO     |   → 589/810 ❌ HTTP 404 — https://raw.githubusercontent.com/miladtahanian/V2RayCFGDumper/refs/heads/main/config.txt
2026-05-02 12:59:24,061 | INFO     |   → 590/810 ❌ HTTP 404 — https://raw.githubusercontent.com/miladtahanian/multi-proxy-config-fetcher/refs/heads/main/configs/proxy_configs.txt
2026-05-02 12:59:24,061 | INFO     |   → 591/810: ✅ 0 взято | 🗑️ 0 мусор
2026-05-02 12:59:24,061 | INFO     |   → 592/810: ✅ 0 взято | 🗑️ 0 мусор
2026-05-02 12:59:24,061 | INFO     |   → 593/810: ✅ 0 взято | 🗑️ 0 мусор
2026-05-02 12:59:24,061 | INFO     |   → 594/810: ✅ 15 взято | 🗑️ 46 мусор
2026-05-02 12:59:24,061 | INFO     |   → 595/810: ✅ 0 взято | 🗑️ 254 мусор
2026-05-02 12:59:24,061 | INFO     |   → 596/810: ✅ 0 взято | 🗑️ 0 мусор
2026-05-02 12:59:24,061 | INFO     |   → 597/810: ✅ 28 взято | 🗑️ 93 мусор
2026-05-02 12:59:24,062 | INFO     |   → 598/810: ✅ 0 взято | 🗑️ 0 мусор
2026-05-02 12:59:24,062 | INFO     |   → 599/810: ✅ 15 взято | 🗑️ 70 мусор
2026-05-02 12:59:24,062 | INFO     |   → 600/810: ✅ 127 взято | 🗑️ 492 мусор
2026-05-02 12:59:24,062 | INFO     |   → 601/810: ✅ 331 взято | 🗑️ 190 мусор
2026-05-02 12:59:24,062 | INFO     |   → 602/810: ✅ 27 взято | 🗑️ 857 мусор
2026-05-02 12:59:24,062 | INFO     |   → 603/810 ❌ HTTP 404 — https://raw.githubusercontent.com/obscure1990/freeVM/master/snippets/nodes.yml
2026-05-02 12:59:24,062 | INFO     |   → 604/810 ❌ HTTP 404 — https://raw.githubusercontent.com/op30mmd/things/909b38024ba14d69dc0f95c238f63bc6e930a00f/eut.txt
2026-05-02 12:59:24,062 | INFO     |   → 605/810 ❌ HTTP 404 — https://raw.githubusercontent.com/openRunner/clash-freenode/main/v2ray.txt
2026-05-02 12:59:24,062 | INFO     |   → 606/810 ❌ HTTP 404 — https://raw.githubusercontent.com/oslook/clash-freenode/main/clash.yaml
2026-05-02 12:59:24,062 | INFO     |   → 607/810: ✅ 0 взято | 🗑️ 0 мусор
2026-05-02 12:59:24,062 | INFO     |   → 608/810: ✅ 4 взято | 🗑️ 1 мусор
2026-05-02 12:59:24,062 | INFO     |   → 609/810: ✅ 0 взято | 🗑️ 0 мусор
2026-05-02 12:59:24,062 | INFO     |   → 610/810: ✅ 3 взято | 🗑️ 181 мусор
2026-05-02 12:59:24,062 | INFO     |   → 611/810: ✅ 0 взято | 🗑️ 0 мусор
2026-05-02 12:59:24,062 | INFO     |   → 612/810: ✅ 0 взято | 🗑️ 0 мусор
2026-05-02 12:59:24,062 | INFO     |   → 613/810: ✅ 0 взято | 🗑️ 19 мусор
2026-05-02 12:59:24,062 | INFO     |   → 614/810: ✅ 0 взято | 🗑️ 44 мусор
2026-05-02 12:59:24,062 | INFO     |   → 615/810: ✅ 63 взято | 🗑️ 521 мусор
2026-05-02 12:59:24,062 | INFO     |   → 616/810: ✅ 165 взято | 🗑️ 273 мусор
2026-05-02 12:59:24,063 | INFO     |   → 617/810: ✅ 0 взято | 🗑️ 0 мусор
2026-05-02 12:59:24,063 | INFO     |   → 618/810: ✅ 28 взято | 🗑️ 211 мусор
2026-05-02 12:59:24,063 | INFO     |   → 619/810: ✅ 0 взято | 🗑️ 79 мусор
2026-05-02 12:59:24,063 | INFO     |   → 620/810: ✅ 13 взято | 🗑️ 32 мусор
2026-05-02 12:59:24,063 | INFO     |   → 621/810: ✅ 0 взято | 🗑️ 0 мусор
2026-05-02 12:59:24,063 | INFO     |   → 622/810: ✅ 2 взято | 🗑️ 9 мусор
2026-05-02 12:59:24,063 | INFO     |   → 623/810: ✅ 11 взято | 🗑️ 76 мусор
2026-05-02 12:59:24,063 | INFO     |   → 624/810: ✅ 0 взято | 🗑️ 168 мусор
2026-05-02 12:59:24,063 | INFO     |   → 625/810: ✅ 0 взято | 🗑️ 79 мусор
2026-05-02 12:59:24,063 | INFO     |   → 626/810: ✅ 0 взято | 🗑️ 16 мусор
2026-05-02 12:59:24,063 | INFO     |   → 627/810 ❌ HTTP 404 — https://raw.githubusercontent.com/ronghuaxueleng/get_v2/main/pub/changfengoss.yaml
2026-05-02 12:59:24,063 | INFO     |   → 628/810: ✅ 0 взято | 🗑️ 0 мусор
2026-05-02 12:59:24,063 | INFO     |   → 629/810: ✅ 55 взято | 🗑️ 93 мусор
2026-05-02 12:59:24,063 | INFO     |   → 630/810: ✅ 0 взято | 🗑️ 93 мусор
2026-05-02 12:59:24,063 | INFO     |   → 631/810 ❌ HTTP 404 — https://raw.githubusercontent.com/rxsweet/CM_Vmess/refs/heads/main/test.txt
2026-05-02 12:59:24,063 | INFO     |   → 632/810 ❌ HTTP 404 — https://raw.githubusercontent.com/rxsweet/proxies/main/sub/free.yaml
2026-05-02 12:59:24,063 | INFO     |   → 633/810 ❌ HTTP 404 — https://raw.githubusercontent.com/rxsweet/proxies/main/sub/rx.yaml
2026-05-02 12:59:24,063 | INFO     |   → 634/810 ❌ HTTP 404 — https://raw.githubusercontent.com/rxsweet/proxies/main/sub/sources/dynamicAll.yaml
2026-05-02 12:59:24,063 | INFO     |   → 635/810 ❌ HTTP 404 — https://raw.githubusercontent.com/rxsweet/proxies/main/sub/sources/miningAll.yaml
2026-05-02 12:59:24,064 | INFO     |   → 636/810 ❌ HTTP 404 — https://raw.githubusercontent.com/rxsweet/proxies/main/sub/srx.yaml
2026-05-02 12:59:24,064 | INFO     |   → 637/810 ❌ HTTP 404 — https://raw.githubusercontent.com/sajad-sajadi/V2ray-Collector/raw/main/output/protocols/vmess.txt
2026-05-02 12:59:24,064 | INFO     |   → 638/810 ❌ HTTP 404 — https://raw.githubusercontent.com/sakha1370/OpenRay/raw/refs/heads/main/output/all_valid_proxies.txt
2026-05-02 12:59:24,064 | INFO     |   → 639/810: ✅ 53 взято | 🗑️ 399 мусор
2026-05-02 12:59:24,064 | INFO     |   → 640/810: ✅ 0 взято | 🗑️ 399 мусор
2026-05-02 12:59:24,064 | INFO     |   → 641/810 ❌ HTTP 404 — https://raw.githubusercontent.com/samjoeyang/subscribe/main/fly
2026-05-02 12:59:24,064 | INFO     |   → 642/810: ✅ 0 взято | 🗑️ 0 мусор
2026-05-02 12:59:24,064 | INFO     |   → 643/810 ❌ HTTP 404 — https://raw.githubusercontent.com/sarina-ad/v2ray/main/v2ray
2026-05-02 12:59:24,064 | INFO     |   → 644/810 ❌ HTTP 404 — https://raw.githubusercontent.com/satrom/V2SSR/master/SSR/Sub.txt
2026-05-02 12:59:24,064 | INFO     |   → 645/810 ❌ HTTP 404 — https://raw.githubusercontent.com/satrom/V2SSR/master/V2RAY/Sub.txt
2026-05-02 12:59:24,064 | INFO     |   → 646/810: ✅ 719 взято | 🗑️ 23160 мусор
2026-05-02 12:59:24,064 | INFO     |   → 647/810: ✅ 0 взято | 🗑️ 0 мусор
2026-05-02 12:59:24,064 | INFO     |   → 648/810: ✅ 0 взято | 🗑️ 0 мусор
2026-05-02 12:59:24,064 | INFO     |   → 649/810: ✅ 3 взято | 🗑️ 49 мусор
2026-05-02 12:59:24,064 | INFO     |   → 650/810: ✅ 149 взято | 🗑️ 1483 мусор
2026-05-02 12:59:24,064 | INFO     |   → 651/810: ✅ 0 взято | 🗑️ 736 мусор
2026-05-02 12:59:24,064 | INFO     |   → 652/810: ✅ 0 взято | 🗑️ 62 мусор
2026-05-02 12:59:24,064 | INFO     |   → 653/810: ✅ 0 взято | 🗑️ 663 мусор
2026-05-02 12:59:24,064 | INFO     |   → 654/810: ✅ 0 взято | 🗑️ 22 мусор
2026-05-02 12:59:24,064 | INFO     |   → 655/810: ✅ 0 взято | 🗑️ 1483 мусор
2026-05-02 12:59:24,064 | INFO     |   → 656/810: ✅ 0 взято | 🗑️ 0 мусор
2026-05-02 12:59:24,064 | INFO     |   → 657/810 ❌ HTTP 404 — https://raw.githubusercontent.com/shirkerboy/scp/main/sub
2026-05-02 12:59:24,064 | INFO     |   → 658/810 ❌ HTTP 404 — https://raw.githubusercontent.com/snakem982/proxypool/main/nodelist.txt
2026-05-02 12:59:24,064 | INFO     |   → 659/810: ✅ 3 взято | 🗑️ 6 мусор
2026-05-02 12:59:24,064 | INFO     |   → 660/810 ❌ HTTP 404 — https://raw.githubusercontent.com/snakem982/proxypool/main/source/v2ray.txt
2026-05-02 12:59:24,064 | INFO     |   → 661/810 ❌ HTTP 404 — https://raw.githubusercontent.com/soroushmirzaei/telegram-configs-collector/main/channels/protocols/hysteria
2026-05-02 12:59:24,064 | INFO     |   → 662/810 ❌ HTTP 404 — https://raw.githubusercontent.com/soroushmirzaei/telegram-configs-collector/main/channels/protocols/juicity
2026-05-02 12:59:24,064 | INFO     |   → 663/810 ❌ HTTP 404 — https://raw.githubusercontent.com/soroushmirzaei/telegram-configs-collector/main/channels/protocols/reality
2026-05-02 12:59:24,064 | INFO     |   → 664/810 ❌ HTTP 404 — https://raw.githubusercontent.com/soroushmirzaei/telegram-configs-collector/main/channels/protocols/shadowsocks
2026-05-02 12:59:24,064 | INFO     |   → 665/810 ❌ HTTP 404 — https://raw.githubusercontent.com/soroushmirzaei/telegram-configs-collector/main/channels/protocols/trojan
2026-05-02 12:59:24,064 | INFO     |   → 666/810 ❌ HTTP 404 — https://raw.githubusercontent.com/soroushmirzaei/telegram-configs-collector/main/channels/protocols/tuic
2026-05-02 12:59:24,064 | INFO     |   → 667/810 ❌ HTTP 404 — https://raw.githubusercontent.com/soroushmirzaei/telegram-configs-collector/main/channels/protocols/vless
2026-05-02 12:59:24,064 | INFO     |   → 668/810 ❌ HTTP 404 — https://raw.githubusercontent.com/soroushmirzaei/telegram-configs-collector/main/channels/protocols/vmess
2026-05-02 12:59:24,064 | INFO     |   → 669/810 ❌ HTTP 404 — https://raw.githubusercontent.com/soroushmirzaei/telegram-configs-collector/main/countries/jp/mixed
2026-05-02 12:59:24,064 | INFO     |   → 670/810 ❌ HTTP 404 — https://raw.githubusercontent.com/soroushmirzaei/telegram-configs-collector/main/protocols/hysteria
2026-05-02 12:59:24,065 | INFO     |   → 671/810 ❌ HTTP 404 — https://raw.githubusercontent.com/soroushmirzaei/telegram-configs-collector/main/protocols/juicity
2026-05-02 12:59:24,065 | INFO     |   → 672/810 ❌ HTTP 404 — https://raw.githubusercontent.com/soroushmirzaei/telegram-configs-collector/main/protocols/reality
2026-05-02 12:59:24,065 | INFO     |   → 673/810 ❌ HTTP 404 — https://raw.githubusercontent.com/soroushmirzaei/telegram-configs-collector/main/protocols/shadowsocks
2026-05-02 12:59:24,065 | INFO     |   → 674/810 ❌ HTTP 404 — https://raw.githubusercontent.com/soroushmirzaei/telegram-configs-collector/main/protocols/trojan
2026-05-02 12:59:24,065 | INFO     |   → 675/810 ❌ HTTP 404 — https://raw.githubusercontent.com/soroushmirzaei/telegram-configs-collector/main/protocols/tuic
2026-05-02 12:59:24,065 | INFO     |   → 676/810 ❌ HTTP 404 — https://raw.githubusercontent.com/soroushmirzaei/telegram-configs-collector/main/protocols/vless
2026-05-02 12:59:24,065 | INFO     |   → 677/810 ❌ HTTP 404 — https://raw.githubusercontent.com/soroushmirzaei/telegram-configs-collector/main/protocols/vmess
2026-05-02 12:59:24,065 | INFO     |   → 678/810 ❌ HTTP 404 — https://raw.githubusercontent.com/soroushmirzaei/telegram-configs-collector/main/splitted/subscribe
2026-05-02 12:59:24,065 | INFO     |   → 679/810 ❌ HTTP 404 — https://raw.githubusercontent.com/ssrsub/ssr/master/Clash.yml
2026-05-02 12:59:24,065 | INFO     |   → 680/810 ❌ HTTP 404 — https://raw.githubusercontent.com/ssrsub/ssr/master/V2Ray
2026-05-02 12:59:24,065 | INFO     |   → 681/810 ❌ HTTP 404 — https://raw.githubusercontent.com/ssrsub/ssr/master/ss-sub
2026-05-02 12:59:24,065 | INFO     |   → 682/810 ❌ HTTP 404 — https://raw.githubusercontent.com/ssrsub/ssr/master/ssrsub
2026-05-02 12:59:24,065 | INFO     |   → 683/810 ❌ HTTP 404 — https://raw.githubusercontent.com/ssrsub/ssr/master/trojan
2026-05-02 12:59:24,065 | INFO     |   → 684/810: ✅ 0 взято | 🗑️ 0 мусор
2026-05-02 12:59:24,065 | INFO     |   → 685/810: ✅ 2 взято | 🗑️ 12 мусор
2026-05-02 12:59:24,065 | INFO     |   → 686/810: ✅ 0 взято | 🗑️ 13 мусор
2026-05-02 12:59:24,065 | INFO     |   → 687/810: ✅ 0 взято | 🗑️ 13 мусор
2026-05-02 12:59:24,065 | INFO     |   → 688/810 ❌ HTTP 404 — https://raw.githubusercontent.com/tbbatbb/Proxy/master/dist/clash.config.yaml
2026-05-02 12:59:24,065 | INFO     |   → 689/810: ✅ 2 взято | 🗑️ 35 мусор
2026-05-02 12:59:24,065 | INFO     |   → 690/810: ✅ 0 взято | 🗑️ 0 мусор
2026-05-02 12:59:24,065 | INFO     |   → 691/810: ✅ 5 взято | 🗑️ 111 мусор
2026-05-02 12:59:24,065 | INFO     |   → 692/810: ✅ 0 взято | 🗑️ 0 мусор
2026-05-02 12:59:24,065 | INFO     |   → 693/810: ✅ 0 взято | 🗑️ 70 мусор
2026-05-02 12:59:24,065 | INFO     |   → 694/810 ❌ HTTP 404 — https://raw.githubusercontent.com/v2clash/Autoproxy/a81f840ab2364124133572ec94e4b81fb0d4e58d/sub/2401/240104.txt
2026-05-02 12:59:24,066 | INFO     |   → 695/810 ❌ HTTP 404 — https://raw.githubusercontent.com/v2clash/V2ray-Configs/31f493c584d0c7b56350f4a34d80c53ad82bcc18/Sub9.txt
2026-05-02 12:59:24,066 | INFO     |   → 696/810: ✅ 0 взято | 🗑️ 0 мусор
2026-05-02 12:59:24,066 | INFO     |   → 697/810: ✅ 0 взято | 🗑️ 0 мусор
2026-05-02 12:59:24,066 | INFO     |   → 698/810: ✅ 0 взято | 🗑️ 0 мусор
2026-05-02 12:59:24,066 | INFO     |   → 699/810: ✅ 283 взято | 🗑️ 9640 мусор
2026-05-02 12:59:24,066 | INFO     |   → 700/810: ✅ 281 взято | 🗑️ 10086 мусор
2026-05-02 12:59:24,066 | INFO     |   → 701/810: ✅ 280 взято | 🗑️ 9675 мусор
2026-05-02 12:59:24,066 | INFO     |   → 702/810: ✅ 334 взято | 🗑️ 9823 мусор
2026-05-02 12:59:24,066 | INFO     |   → 703/810: ✅ 350 взято | 🗑️ 9639 мусор
2026-05-02 12:59:24,066 | INFO     |   → 704/810: ✅ 125 взято | 🗑️ 7919 мусор
2026-05-02 12:59:24,066 | INFO     |   → 705/810: ✅ 135 взято | 🗑️ 4836 мусор
2026-05-02 12:59:24,066 | INFO     |   → 706/810: ✅ 502 взято | 🗑️ 7659 мусор
2026-05-02 12:59:24,066 | INFO     |   → 707/810: ✅ 631 взято | 🗑️ 8081 мусор
2026-05-02 12:59:24,066 | INFO     |   → 708/810: ✅ 202 взято | 🗑️ 5131 мусор
2026-05-02 12:59:24,066 | INFO     |   → 709/810 ❌ HTTP 404 — https://raw.githubusercontent.com/vveg26/chromego_merge/main/sub/merged_proxies.yaml
2026-05-02 12:59:24,066 | INFO     |   → 710/810 ❌ HTTP 404 — https://raw.githubusercontent.com/vveg26/get_proxy/main/dist/clash.config.yaml
2026-05-02 12:59:24,066 | INFO     |   → 711/810: ✅ 0 взято | 🗑️ 10 мусор
2026-05-02 12:59:24,066 | INFO     |   → 712/810: ✅ 0 взято | 🗑️ 10 мусор
2026-05-02 12:59:24,066 | INFO     |   → 713/810: ✅ 0 взято | 🗑️ 4 мусор
2026-05-02 12:59:24,067 | INFO     |   → 714/810: ✅ 0 взято | 🗑️ 0 мусор
2026-05-02 12:59:24,067 | INFO     |   → 715/810: ✅ 0 взято | 🗑️ 4 мусор
2026-05-02 12:59:24,067 | INFO     |   → 716/810: ✅ 106 взято | 🗑️ 689 мусор
2026-05-02 12:59:24,067 | INFO     |   → 717/810: ✅ 48 взято | 🗑️ 841 мусор
2026-05-02 12:59:24,067 | INFO     |   → 718/810: ✅ 21 взято | 🗑️ 789 мусор
2026-05-02 12:59:24,067 | INFO     |   → 719/810: ✅ 24 взято | 🗑️ 774 мусор
2026-05-02 12:59:24,067 | INFO     |   → 720/810: ✅ 52 взято | 🗑️ 756 мусор
2026-05-02 12:59:24,067 | INFO     |   → 721/810: ✅ 191 взято | 🗑️ 745 мусор
2026-05-02 12:59:24,067 | INFO     |   → 722/810: ✅ 9 взято | 🗑️ 651 мусор
2026-05-02 12:59:24,067 | INFO     |   → 723/810: ✅ 185 взято | 🗑️ 388 мусор
2026-05-02 12:59:24,067 | INFO     |   → 724/810: ✅ 130 взято | 🗑️ 523 мусор
2026-05-02 12:59:24,067 | INFO     |   → 725/810: ✅ 67 взято | 🗑️ 533 мусор
2026-05-02 12:59:24,067 | INFO     |   → 726/810: ✅ 98 взято | 🗑️ 444 мусор
2026-05-02 12:59:24,067 | INFO     |   → 727/810: ✅ 102 взято | 🗑️ 670 мусор
2026-05-02 12:59:24,067 | INFO     |   → 728/810: ✅ 86 взято | 🗑️ 476 мусор
2026-05-02 12:59:24,067 | INFO     |   → 729/810: ✅ 95 взято | 🗑️ 657 мусор
2026-05-02 12:59:24,067 | INFO     |   → 730/810: ✅ 105 взято | 🗑️ 645 мусор
2026-05-02 12:59:24,067 | INFO     |   → 731/810: ✅ 115 взято | 🗑️ 985 мусор
2026-05-02 12:59:24,068 | INFO     |   → 732/810: ✅ 6 взято | 🗑️ 63 мусор
2026-05-02 12:59:24,068 | INFO     |   → 733/810: ✅ 7 взято | 🗑️ 62 мусор
2026-05-02 12:59:24,068 | INFO     |   → 734/810: ✅ 39 взято | 🗑️ 489 мусор
2026-05-02 12:59:24,068 | INFO     |   → 735/810: ✅ 0 взято | 🗑️ 0 мусор
2026-05-02 12:59:24,068 | INFO     |   → 736/810: ✅ 0 взято | 🗑️ 0 мусор
2026-05-02 12:59:24,068 | INFO     |   → 737/810: ✅ 0 взято | 🗑️ 0 мусор
2026-05-02 12:59:24,068 | INFO     |   → 738/810: ✅ 0 взято | 🗑️ 0 мусор
2026-05-02 12:59:24,068 | INFO     |   → 739/810: ✅ 0 взято | 🗑️ 0 мусор
2026-05-02 12:59:24,068 | INFO     |   → 740/810: ✅ 0 взято | 🗑️ 52 мусор
2026-05-02 12:59:24,068 | INFO     |   → 741/810: ✅ 5 взято | 🗑️ 10 мусор
2026-05-02 12:59:24,068 | INFO     |   → 742/810: ✅ 1 взято | 🗑️ 124 мусор
2026-05-02 12:59:24,068 | INFO     |   → 743/810: ✅ 109 взято | 🗑️ 109 мусор
2026-05-02 12:59:24,068 | INFO     |   → 744/810: ✅ 0 взято | 🗑️ 9 мусор
2026-05-02 12:59:24,068 | INFO     |   → 745/810: ✅ 20 взято | 🗑️ 462 мусор
2026-05-02 12:59:24,068 | INFO     |   → 746/810 ❌ HTTP 404 — https://raw.githubusercontent.com/xiaozhu2007/xiaozhu2007/61a755a044dbaeea678bc2d1e20f21a21c6d7170/docs/fxxk.txt
2026-05-02 12:59:24,068 | INFO     |   → 747/810: ✅ 1 взято | 🗑️ 159 мусор
2026-05-02 12:59:24,068 | INFO     |   → 748/810: ✅ 0 взято | 🗑️ 22 мусор
2026-05-02 12:59:24,068 | INFO     |   → 749/810: ✅ 0 взято | 🗑️ 0 мусор
2026-05-02 12:59:24,068 | INFO     |   → 750/810 ❌ HTTP 404 — https://raw.githubusercontent.com/yebekhe/TVC/0f745f92bf381e505f1245abbc7c145b19b11503/config.txt
2026-05-02 12:59:24,069 | INFO     |   → 751/810 ❌ HTTP 404 — https://raw.githubusercontent.com/yebekhe/TVC/9fac69239c69327fb7a61f5a8d79d107133889e1/lite/config.txt
2026-05-02 12:59:24,069 | INFO     |   → 752/810 ❌ HTTP 404 — https://raw.githubusercontent.com/yebekhe/TelegramV2rayCollector/main/sub/normal/donated
2026-05-02 12:59:24,069 | INFO     |   → 753/810 ❌ HTTP 404 — https://raw.githubusercontent.com/yebekhe/TelegramV2rayCollector/main/sub/normal/hysteria2
2026-05-02 12:59:24,069 | INFO     |   → 754/810 ❌ HTTP 404 — https://raw.githubusercontent.com/yebekhe/TelegramV2rayCollector/main/sub/normal/mix
2026-05-02 12:59:24,069 | INFO     |   → 755/810 ❌ HTTP 404 — https://raw.githubusercontent.com/yebekhe/TelegramV2rayCollector/main/sub/normal/reality
2026-05-02 12:59:24,069 | INFO     |   → 756/810 ❌ HTTP 404 — https://raw.githubusercontent.com/yebekhe/TelegramV2rayCollector/main/sub/normal/shadowsocks
2026-05-02 12:59:24,069 | INFO     |   → 757/810 ❌ HTTP 404 — https://raw.githubusercontent.com/yebekhe/TelegramV2rayCollector/main/sub/normal/trojan
2026-05-02 12:59:24,069 | INFO     |   → 758/810 ❌ HTTP 404 — https://raw.githubusercontent.com/yebekhe/TelegramV2rayCollector/main/sub/normal/tuic
2026-05-02 12:59:24,069 | INFO     |   → 759/810 ❌ HTTP 404 — https://raw.githubusercontent.com/yebekhe/TelegramV2rayCollector/main/sub/normal/vless
2026-05-02 12:59:24,069 | INFO     |   → 760/810 ❌ HTTP 404 — https://raw.githubusercontent.com/yebekhe/TelegramV2rayCollector/main/sub/normal/vmess
2026-05-02 12:59:24,069 | INFO     |   → 761/810 ❌ HTTP 404 — https://raw.githubusercontent.com/yebekhe/V2Hub/main/Split/Normal/shadowsocks
2026-05-02 12:59:24,069 | INFO     |   → 762/810 ❌ HTTP 404 — https://raw.githubusercontent.com/yebekhe/V2Hub/main/merged
2026-05-02 12:59:24,069 | INFO     |   → 763/810: ✅ 0 взято | 🗑️ 30 мусор
2026-05-02 12:59:24,069 | INFO     |   → 764/810: ✅ 1010 взято | 🗑️ 8027 мусор
2026-05-02 12:59:24,069 | INFO     |   → 765/810: ✅ 6 взято | 🗑️ 342 мусор
2026-05-02 12:59:24,069 | INFO     |   → 766/810: ✅ 7 взято | 🗑️ 271 мусор
2026-05-02 12:59:24,069 | INFO     |   → 767/810: ✅ 308 взято | 🗑️ 229 мусор
2026-05-02 12:59:24,069 | INFO     |   → 768/810: ✅ 0 взято | 🗑️ 1670 мусор
2026-05-02 12:59:24,069 | INFO     |   → 769/810: ✅ 2 взято | 🗑️ 415 мусор
2026-05-02 12:59:24,070 | INFO     |   → 770/810 ❌ HTTP 404 — https://raw.githubusercontent.com/yyyr-otz/tele-providers-collector/019cb3e07ee52fddbc7caa54fc670c6b9bae6539/sub/proxies.txt
2026-05-02 12:59:24,070 | INFO     |   → 771/810 ❌ HTTP 404 — https://raw.githubusercontent.com/yyyr-otz/tele-providers-collector/b7a74ee98bcf02c5a507d688a1bed3aa9f7f4ed1/script/raw/protocols/mixed.txt
2026-05-02 12:59:24,070 | INFO     |   → 772/810: ✅ 0 взято | 🗑️ 0 мусор
2026-05-02 12:59:24,070 | INFO     |   → 773/810: ✅ 0 взято | 🗑️ 0 мусор
2026-05-02 12:59:24,070 | INFO     |   → 774/810: ✅ 1 взято | 🗑️ 18 мусор
2026-05-02 12:59:24,070 | INFO     |   → 775/810: ✅ 0 взято | 🗑️ 0 мусор
2026-05-02 12:59:24,070 | INFO     |   → 776/810: ✅ 0 взято | 🗑️ 5 мусор
2026-05-02 12:59:24,070 | INFO     |   → 777/810: ✅ 0 взято | 🗑️ 0 мусор
2026-05-02 12:59:24,070 | INFO     |   → 778/810 ⚠️ Ошибка: ('Connection aborted.', RemoteDisconnected('Remote end closed connection without response')) — https://sub.pmsub.me/clash.yaml
2026-05-02 12:59:24,070 | INFO     |   → 779/810: ✅ 0 взято | 🗑️ 1 мусор
2026-05-02 12:59:24,070 | INFO     |   → 780/810: ✅ 8 взято | 🗑️ 21 мусор
2026-05-02 12:59:24,070 | INFO     |   → 781/810: ✅ 0 взято | 🗑️ 0 мусор
2026-05-02 12:59:24,070 | INFO     |   → 782/810: ✅ 9 взято | 🗑️ 19 мусор
2026-05-02 12:59:24,070 | INFO     |   → 783/810: ✅ 0 взято | 🗑️ 0 мусор
2026-05-02 12:59:24,070 | INFO     |   → 784/810: ✅ 2 взято | 🗑️ 14 мусор
2026-05-02 12:59:24,070 | INFO     |   → 785/810: ✅ 4 взято | 🗑️ 22 мусор
2026-05-02 12:59:24,070 | INFO     |   → 786/810: ✅ 0 взято | 🗑️ 0 мусор
2026-05-02 12:59:24,070 | INFO     |   → 787/810: ✅ 0 взято | 🗑️ 0 мусор
2026-05-02 12:59:24,070 | INFO     |   → 788/810: ✅ 0 взято | 🗑️ 0 мусор
2026-05-02 12:59:24,071 | INFO     |   → 789/810: ✅ 2 взято | 🗑️ 16 мусор
2026-05-02 12:59:24,071 | INFO     |   → 790/810: ✅ 0 взято | 🗑️ 0 мусор
2026-05-02 12:59:24,071 | INFO     |   → 791/810: ✅ 4 взято | 🗑️ 7 мусор
2026-05-02 12:59:24,071 | INFO     |   → 792/810: ✅ 0 взято | 🗑️ 0 мусор
2026-05-02 12:59:24,071 | INFO     |   → 793/810: ✅ 6 взято | 🗑️ 14 мусор
2026-05-02 12:59:24,071 | INFO     |   → 794/810: ✅ 0 взято | 🗑️ 0 мусор
2026-05-02 12:59:24,071 | INFO     |   → 795/810: ✅ 2 взято | 🗑️ 13 мусор
2026-05-02 12:59:24,071 | INFO     |   → 796/810: ✅ 0 взято | 🗑️ 0 мусор
2026-05-02 12:59:24,071 | INFO     |   → 797/810: ✅ 0 взято | 🗑️ 0 мусор
2026-05-02 12:59:24,071 | INFO     |   → 798/810: ✅ 2 взято | 🗑️ 7 мусор
2026-05-02 12:59:24,071 | INFO     |   → 799/810: ✅ 2 взято | 🗑️ 14 мусор
2026-05-02 12:59:24,071 | INFO     |   → 800/810: ✅ 2 взято | 🗑️ 14 мусор
2026-05-02 12:59:24,071 | INFO     |   → 801/810: ✅ 0 взято | 🗑️ 0 мусор
2026-05-02 12:59:24,071 | INFO     |   → 802/810: ✅ 3 взято | 🗑️ 22 мусор
2026-05-02 12:59:24,071 | INFO     |   → 803/810: ✅ 0 взято | 🗑️ 0 мусор
2026-05-02 12:59:24,071 | INFO     |   → 804/810: ✅ 2 взято | 🗑️ 15 мусор
2026-05-02 12:59:24,071 | INFO     |   → 805/810: ✅ 3 взято | 🗑️ 12 мусор
2026-05-02 12:59:24,071 | INFO     |   → 806/810: ✅ 0 взято | 🗑️ 0 мусор
2026-05-02 12:59:24,072 | INFO     |   → 807/810: ✅ 0 взято | 🗑️ 0 мусор
2026-05-02 12:59:24,072 | INFO     |   → 808/810: ✅ 0 взято | 🗑️ 0 мусор
2026-05-02 12:59:24,072 | INFO     |   → 809/810: ✅ 4 взято | 🗑️ 11 мусор
2026-05-02 12:59:24,072 | INFO     |   → 810/810: ✅ 0 взято | 🗑️ 22 мусор
2026-05-02 12:59:24,072 | INFO     |   → ✅ ГОТОВО!
2026-05-02 12:59:24,072 | INFO     |   →    📥 Всего ключей после фильтра: 15702
2026-05-02 12:59:24,072 | INFO     |   →    🔗 Уникальных IP:PORT:SCHEME: 9638
2026-05-02 12:59:24,072 | INFO     |   →    🗑️ Выброшено мусора: 263324
2026-05-02 12:59:24,072 | INFO     |   → 📊 По протоколам:
2026-05-02 12:59:24,072 | INFO     |   →    vless: 3332
2026-05-02 12:59:24,072 | INFO     |   →    vmess: 3257
2026-05-02 12:59:24,072 | INFO     |   →    trojan: 1037
2026-05-02 12:59:24,072 | INFO     |   →    ss: 1862
2026-05-02 12:59:24,072 | INFO     |   →    hysteria: 13
2026-05-02 12:59:24,072 | INFO     |   →    hysteria2: 26
2026-05-02 12:59:24,072 | INFO     |   →    hy2: 59
2026-05-02 12:59:24,072 | INFO     |   →    tuic: 52
2026-05-02 12:59:24,072 | INFO     | ✅ mirror.py завершён успешно
2026-05-02 12:59:24,073 | INFO     | 
2026-05-02 12:59:24,073 | INFO     | 
2026-05-02 12:59:24,073 | INFO     | ──────────────────────────────────────────────────────────────────────
2026-05-02 12:59:24,073 | INFO     | 📌 ЭТАП: Фильтрация по реальному SNI
2026-05-02 12:59:24,073 | INFO     | ──────────────────────────────────────────────────────────────────────
2026-05-02 12:59:24,073 | INFO     | 🚀 Запуск filter_ru_sni.py (Фильтр по реальному SNI (CDN+RU))...
2026-05-02 12:59:24,310 | INFO     |   → hy2.txt: 59 → 19 (SNI-filtered)
2026-05-02 12:59:24,310 | INFO     |   →   hysteria.txt: 13 → 0 (SNI-filtered)
2026-05-02 12:59:24,311 | INFO     |   →   hysteria2.txt: 26 → 5 (SNI-filtered)
2026-05-02 12:59:24,311 | INFO     |   →   ss.txt: 1862 → 0 (SNI-filtered)
2026-05-02 12:59:24,311 | INFO     |   →   trojan.txt: 1037 → 4 (SNI-filtered)
2026-05-02 12:59:24,311 | INFO     |   →   tuic.txt: 52 → 0 (SNI-filtered)
2026-05-02 12:59:24,311 | INFO     |   →   vless.txt: 3332 → 354 (SNI-filtered)
2026-05-02 12:59:24,311 | INFO     |   →   vmess.txt: 3257 → 39 (SNI-filtered)
2026-05-02 12:59:24,311 | INFO     |   → ==================================================
2026-05-02 12:59:24,311 | INFO     |   →   Всего входных:  9638
2026-05-02 12:59:24,311 | INFO     |   →   Прошли фильтр:  421
2026-05-02 12:59:24,311 | INFO     |   →   Отброшено:      9217
2026-05-02 12:59:24,311 | INFO     |   → ==================================================
2026-05-02 12:59:24,311 | INFO     |   → Готово → /home/runner/work/vpn-vless-configs-russia/vpn-vless-configs-russia/githubmirror/ru-sni
2026-05-02 12:59:24,311 | INFO     | ✅ filter_ru_sni.py завершён успешно
2026-05-02 12:59:24,311 | INFO     | 
2026-05-02 12:59:24,311 | INFO     | 
2026-05-02 12:59:24,311 | INFO     | ──────────────────────────────────────────────────────────────────────
2026-05-02 12:59:24,311 | INFO     | 📌 ЭТАП: Экспериментальный RU-SNI фильтр
2026-05-02 12:59:24,311 | INFO     | ──────────────────────────────────────────────────────────────────────
2026-05-02 12:59:24,312 | INFO     | 🚀 Запуск filter_ru_sni_local.py (Экспериментальный фильтр по RU-SNI (локальные домены))...
2026-05-02 12:59:24,472 | INFO     |   → hy2.txt: 59 → 0 (RU-SNI)
2026-05-02 12:59:24,472 | INFO     |   → hysteria.txt: 13 → 0 (RU-SNI)
2026-05-02 12:59:24,472 | INFO     |   → hysteria2.txt: 26 → 0 (RU-SNI)
2026-05-02 12:59:24,472 | INFO     |   → ss.txt: 1862 → 0 (RU-SNI)
2026-05-02 12:59:24,472 | INFO     |   → trojan.txt: 1037 → 0 (RU-SNI)
2026-05-02 12:59:24,472 | INFO     |   → tuic.txt: 52 → 0 (RU-SNI)
2026-05-02 12:59:24,472 | INFO     |   → vless.txt: 3332 → 89 (RU-SNI)
2026-05-02 12:59:24,472 | INFO     |   → vmess.txt: 3257 → 0 (RU-SNI)
2026-05-02 12:59:24,472 | INFO     |   → ==================================================
2026-05-02 12:59:24,472 | INFO     |   → Всего входных:  9638
2026-05-02 12:59:24,472 | INFO     |   → Прошли RU-SNI:  89
2026-05-02 12:59:24,473 | INFO     |   → Отброшено:      9549
2026-05-02 12:59:24,473 | INFO     |   → ==================================================
2026-05-02 12:59:24,473 | INFO     |   → Готово → /home/runner/work/vpn-vless-configs-russia/vpn-vless-configs-russia/githubmirror/ru-sni-local
2026-05-02 12:59:24,473 | INFO     | ✅ filter_ru_sni_local.py завершён успешно
2026-05-02 12:59:24,473 | INFO     | 
2026-05-02 12:59:24,473 | INFO     | 
2026-05-02 12:59:24,473 | INFO     | ──────────────────────────────────────────────────────────────────────
2026-05-02 12:59:24,473 | INFO     | 📌 ЭТАП: Сбор статистики
2026-05-02 12:59:24,473 | INFO     | ──────────────────────────────────────────────────────────────────────
2026-05-02 12:59:24,473 | INFO     | 📊 Сбор статистики...
2026-05-02 12:59:24,473 | INFO     |   📁 githubmirror/clean:
2026-05-02 12:59:24,474 | INFO     |     • hy2         :    59 конфигов
2026-05-02 12:59:24,474 | INFO     |     • hysteria    :    13 конфигов
2026-05-02 12:59:24,474 | INFO     |     • hysteria2   :    26 конфигов
2026-05-02 12:59:24,475 | INFO     |     • ss          :  1862 конфигов
2026-05-02 12:59:24,476 | INFO     |     • trojan      :  1037 конфигов
2026-05-02 12:59:24,476 | INFO     |     • tuic        :    52 конфигов
2026-05-02 12:59:24,480 | INFO     |     • vless       :  3332 конфигов
2026-05-02 12:59:24,482 | INFO     |     • vmess       :  3257 конфигов
2026-05-02 12:59:24,482 | INFO     |   📁 githubmirror/ru-sni:
2026-05-02 12:59:24,483 | INFO     |     • hy2         :    19 конфигов ( 32.2% от clean)
2026-05-02 12:59:24,483 | INFO     |     • hysteria    :     0 конфигов (  0.0% от clean)
2026-05-02 12:59:24,483 | INFO     |     • hysteria2   :     5 конфигов ( 19.2% от clean)
2026-05-02 12:59:24,483 | INFO     |     • ss          :     0 конфигов (  0.0% от clean)
2026-05-02 12:59:24,483 | INFO     |     • trojan      :     4 конфигов (  0.4% от clean)
2026-05-02 12:59:24,483 | INFO     |     • tuic        :     0 конфигов (  0.0% от clean)
2026-05-02 12:59:24,484 | INFO     |     • vless       :   354 конфигов ( 10.6% от clean)
2026-05-02 12:59:24,484 | INFO     |     • vmess       :    39 конфигов (  1.2% от clean)
2026-05-02 12:59:24,484 | INFO     | 
2026-05-02 12:59:24,484 | INFO     |   ──────────────────────────────────────────────────
2026-05-02 12:59:24,484 | INFO     |   📈 ИТОГО:
2026-05-02 12:59:24,484 | INFO     |     Clean (после geo-фильтра):     9638
2026-05-02 12:59:24,484 | INFO     |     RU-SNI (после SNI-фильтра):     421
2026-05-02 12:59:24,484 | INFO     |     Прошло фильтр:                  4.4%
2026-05-02 12:59:24,484 | INFO     |   ──────────────────────────────────────────────────
2026-05-02 12:59:24,485 | INFO     | ✅ Статистика сохранена: /home/runner/work/vpn-vless-configs-russia/vpn-vless-configs-russia/stats.json
2026-05-02 12:59:24,485 | INFO     | 
2026-05-02 12:59:24,485 | INFO     | ======================================================================
2026-05-02 12:59:24,485 | INFO     | 📊 ИТОГОВЫЙ ОТЧЁТ
2026-05-02 12:59:24,485 | INFO     | ======================================================================
2026-05-02 12:59:24,485 | INFO     |   ✅ OK         | Загрузка и geo-фильтрация
2026-05-02 12:59:24,485 | INFO     |   ✅ OK         | Фильтрация по реальному SNI
2026-05-02 12:59:24,485 | INFO     |   ✅ OK         | Экспериментальный RU-SNI фильтр
2026-05-02 12:59:24,485 | INFO     |   ✅ OK         | Сбор статистики
2026-05-02 12:59:24,485 | INFO     | ──────────────────────────────────────────────────────────────────────
2026-05-02 12:59:24,485 | INFO     | ✅ ВСЕ ЭТАПЫ УСПЕШНЫ (4/4)
2026-05-02 12:59:24,485 | INFO     | ⏰ Время завершения: 2026-05-02 12:59:24
2026-05-02 12:59:24,485 | INFO     | ======================================================================
