2026-05-18 19:34:41,901 | INFO     | ======================================================================
2026-05-18 19:34:41,902 | INFO     | 🔍 VPN KEY CHECKER - Начало проверки
2026-05-18 19:34:41,902 | INFO     | ⏰ Время старта: 2026-05-18 19:34:41
2026-05-18 19:34:41,902 | INFO     | 📂 Рабочая директория: /home/runner/work/vpn-vless-configs-russia/vpn-vless-configs-russia
2026-05-18 19:34:41,902 | INFO     | ======================================================================
2026-05-18 19:34:41,902 | INFO     | 
2026-05-18 19:34:41,902 | INFO     | 🔍 Проверка наличия скриптов...
2026-05-18 19:34:41,902 | INFO     |   ✅ mirror.py
2026-05-18 19:34:41,902 | INFO     |   ✅ filter_ru_sni.py
2026-05-18 19:34:41,902 | INFO     |   ✅ filter_ru_sni_local.py
2026-05-18 19:34:41,902 | INFO     | 
2026-05-18 19:34:41,902 | INFO     | 
2026-05-18 19:34:41,902 | INFO     | ──────────────────────────────────────────────────────────────────────
2026-05-18 19:34:41,902 | INFO     | 📌 ЭТАП: Загрузка и geo-фильтрация
2026-05-18 19:34:41,902 | INFO     | ──────────────────────────────────────────────────────────────────────
2026-05-18 19:34:41,902 | INFO     | 🚀 Запуск mirror.py (Загрузка и фильтрация по РФ/СНГ/Европа)...
2026-05-18 19:38:41,086 | INFO     |   → 🚀 Старт: всего источников (старые + новые): 911
2026-05-18 19:38:41,086 | INFO     |   → 1/911: ✅ 13 взято | 🗑️ 242 мусор
2026-05-18 19:38:41,086 | INFO     |   → 2/911: ✅ 0 взято | 🗑️ 0 мусор
2026-05-18 19:38:41,086 | INFO     |   → 3/911 ❌ HTTP 404 — https://bitbucket.org/huwo1/proxy_nodes/raw/f31ca9ec67b84071515729ff45b011b6b09c10f2/clash.yaml
2026-05-18 19:38:41,086 | INFO     |   → 4/911 ❌ HTTP 404 — https://cdn.jsdelivr.net/gh/cry0ice/genode@main/public/all.txt
2026-05-18 19:38:41,086 | INFO     |   → 5/911 ❌ HTTP 404 — https://cdn.jsdelivr.net/gh/cry0ice/genode@main/public/ss.txt
2026-05-18 19:38:41,086 | INFO     |   → 6/911 ❌ HTTP 404 — https://cdn.jsdelivr.net/gh/cry0ice/genode@main/public/ssr.txt
2026-05-18 19:38:41,086 | INFO     |   → 7/911 ❌ HTTP 404 — https://cdn.jsdelivr.net/gh/cry0ice/genode@main/public/trojan.txt
2026-05-18 19:38:41,086 | INFO     |   → 8/911 ❌ HTTP 404 — https://cdn.jsdelivr.net/gh/cry0ice/genode@main/public/vless.txt
2026-05-18 19:38:41,086 | INFO     |   → 9/911 ❌ HTTP 404 — https://cdn.jsdelivr.net/gh/cry0ice/genode@main/public/vmess.txt
2026-05-18 19:38:41,086 | INFO     |   → 10/911: ✅ 0 взято | 🗑️ 0 мусор
2026-05-18 19:38:41,086 | INFO     |   → 11/911: ✅ 0 взято | 🗑️ 0 мусор
2026-05-18 19:38:41,086 | INFO     |   → 12/911: ✅ 0 взято | 🗑️ 0 мусор
2026-05-18 19:38:41,086 | INFO     |   → 13/911: ✅ 0 взято | 🗑️ 0 мусор
2026-05-18 19:38:41,086 | INFO     |   → 14/911: ✅ 0 взято | 🗑️ 0 мусор
2026-05-18 19:38:41,086 | INFO     |   → 15/911: ✅ 0 взято | 🗑️ 0 мусор
2026-05-18 19:38:41,086 | INFO     |   → 16/911: ✅ 0 взято | 🗑️ 0 мусор
2026-05-18 19:38:41,086 | INFO     |   → 17/911: ✅ 0 взято | 🗑️ 0 мусор
2026-05-18 19:38:41,086 | INFO     |   → 18/911: ✅ 0 взято | 🗑️ 0 мусор
2026-05-18 19:38:41,086 | INFO     |   → 19/911: ✅ 0 взято | 🗑️ 0 мусор
2026-05-18 19:38:41,086 | INFO     |   → 20/911: ✅ 0 взято | 🗑️ 0 мусор
2026-05-18 19:38:41,087 | INFO     |   → 21/911: ✅ 0 взято | 🗑️ 0 мусор
2026-05-18 19:38:41,087 | INFO     |   → 22/911: ✅ 0 взято | 🗑️ 0 мусор
2026-05-18 19:38:41,087 | INFO     |   → 23/911: ✅ 0 взято | 🗑️ 0 мусор
2026-05-18 19:38:41,087 | INFO     |   → 24/911: ✅ 0 взято | 🗑️ 0 мусор
2026-05-18 19:38:41,087 | INFO     |   → 25/911: ✅ 0 взято | 🗑️ 0 мусор
2026-05-18 19:38:41,087 | INFO     |   → 26/911: ✅ 0 взято | 🗑️ 0 мусор
2026-05-18 19:38:41,087 | INFO     |   → 27/911: ✅ 0 взято | 🗑️ 0 мусор
2026-05-18 19:38:41,087 | INFO     |   → 28/911: ✅ 0 взято | 🗑️ 0 мусор
2026-05-18 19:38:41,087 | INFO     |   → 29/911: ✅ 0 взято | 🗑️ 0 мусор
2026-05-18 19:38:41,087 | INFO     |   → 30/911: ✅ 0 взято | 🗑️ 0 мусор
2026-05-18 19:38:41,087 | INFO     |   → 31/911: ✅ 0 взято | 🗑️ 0 мусор
2026-05-18 19:38:41,087 | INFO     |   → 32/911: ✅ 0 взято | 🗑️ 0 мусор
2026-05-18 19:38:41,087 | INFO     |   → 33/911: ✅ 0 взято | 🗑️ 0 мусор
2026-05-18 19:38:41,087 | INFO     |   → 34/911: ✅ 0 взято | 🗑️ 0 мусор
2026-05-18 19:38:41,087 | INFO     |   → 35/911: ✅ 0 взято | 🗑️ 0 мусор
2026-05-18 19:38:41,087 | INFO     |   → 36/911: ✅ 0 взято | 🗑️ 0 мусор
2026-05-18 19:38:41,087 | INFO     |   → 37/911: ✅ 0 взято | 🗑️ 0 мусор
2026-05-18 19:38:41,087 | INFO     |   → 38/911: ✅ 0 взято | 🗑️ 0 мусор
2026-05-18 19:38:41,087 | INFO     |   → 39/911: ✅ 0 взято | 🗑️ 0 мусор
2026-05-18 19:38:41,087 | INFO     |   → 40/911: ✅ 0 взято | 🗑️ 0 мусор
2026-05-18 19:38:41,087 | INFO     |   → 41/911: ✅ 0 взято | 🗑️ 0 мусор
2026-05-18 19:38:41,087 | INFO     |   → 42/911: ✅ 0 взято | 🗑️ 0 мусор
2026-05-18 19:38:41,088 | INFO     |   → 43/911: ✅ 0 взято | 🗑️ 0 мусор
2026-05-18 19:38:41,088 | INFO     |   → 44/911: ✅ 0 взято | 🗑️ 0 мусор
2026-05-18 19:38:41,088 | INFO     |   → 45/911: ✅ 0 взято | 🗑️ 0 мусор
2026-05-18 19:38:41,088 | INFO     |   → 46/911: ✅ 0 взято | 🗑️ 0 мусор
2026-05-18 19:38:41,088 | INFO     |   → 47/911: ✅ 0 взято | 🗑️ 0 мусор
2026-05-18 19:38:41,088 | INFO     |   → 48/911: ✅ 0 взято | 🗑️ 0 мусор
2026-05-18 19:38:41,088 | INFO     |   → 49/911: ✅ 0 взято | 🗑️ 0 мусор
2026-05-18 19:38:41,088 | INFO     |   → 50/911: ✅ 0 взято | 🗑️ 0 мусор
2026-05-18 19:38:41,088 | INFO     |   → 51/911: ✅ 0 взято | 🗑️ 0 мусор
2026-05-18 19:38:41,088 | INFO     |   → 52/911: ✅ 0 взято | 🗑️ 0 мусор
2026-05-18 19:38:41,088 | INFO     |   → 53/911: ✅ 0 взято | 🗑️ 0 мусор
2026-05-18 19:38:41,088 | INFO     |   → 54/911: ✅ 0 взято | 🗑️ 0 мусор
2026-05-18 19:38:41,088 | INFO     |   → 55/911: ✅ 0 взято | 🗑️ 0 мусор
2026-05-18 19:38:41,088 | INFO     |   → 56/911: ✅ 0 взято | 🗑️ 0 мусор
2026-05-18 19:38:41,088 | INFO     |   → 57/911: ✅ 0 взято | 🗑️ 0 мусор
2026-05-18 19:38:41,088 | INFO     |   → 58/911: ✅ 0 взято | 🗑️ 0 мусор
2026-05-18 19:38:41,088 | INFO     |   → 59/911: ✅ 0 взято | 🗑️ 0 мусор
2026-05-18 19:38:41,088 | INFO     |   → 60/911: ✅ 0 взято | 🗑️ 0 мусор
2026-05-18 19:38:41,088 | INFO     |   → 61/911: ✅ 0 взято | 🗑️ 0 мусор
2026-05-18 19:38:41,088 | INFO     |   → 62/911: ✅ 0 взято | 🗑️ 0 мусор
2026-05-18 19:38:41,088 | INFO     |   → 63/911: ✅ 0 взято | 🗑️ 0 мусор
2026-05-18 19:38:41,088 | INFO     |   → 64/911: ✅ 0 взято | 🗑️ 0 мусор
2026-05-18 19:38:41,088 | INFO     |   → 65/911: ✅ 0 взято | 🗑️ 0 мусор
2026-05-18 19:38:41,088 | INFO     |   → 66/911: ✅ 0 взято | 🗑️ 0 мусор
2026-05-18 19:38:41,088 | INFO     |   → 67/911: ✅ 0 взято | 🗑️ 0 мусор
2026-05-18 19:38:41,089 | INFO     |   → 68/911: ✅ 0 взято | 🗑️ 0 мусор
2026-05-18 19:38:41,089 | INFO     |   → 69/911: ✅ 0 взято | 🗑️ 0 мусор
2026-05-18 19:38:41,089 | INFO     |   → 70/911: ✅ 0 взято | 🗑️ 0 мусор
2026-05-18 19:38:41,089 | INFO     |   → 71/911: ✅ 0 взято | 🗑️ 0 мусор
2026-05-18 19:38:41,089 | INFO     |   → 72/911: ✅ 0 взято | 🗑️ 0 мусор
2026-05-18 19:38:41,089 | INFO     |   → 73/911: ✅ 0 взято | 🗑️ 0 мусор
2026-05-18 19:38:41,089 | INFO     |   → 74/911: ✅ 0 взято | 🗑️ 0 мусор
2026-05-18 19:38:41,089 | INFO     |   → 75/911: ✅ 0 взято | 🗑️ 0 мусор
2026-05-18 19:38:41,089 | INFO     |   → 76/911: ✅ 0 взято | 🗑️ 0 мусор
2026-05-18 19:38:41,089 | INFO     |   → 77/911: ✅ 0 взято | 🗑️ 0 мусор
2026-05-18 19:38:41,089 | INFO     |   → 78/911: ✅ 0 взято | 🗑️ 0 мусор
2026-05-18 19:38:41,089 | INFO     |   → 79/911: ✅ 0 взято | 🗑️ 0 мусор
2026-05-18 19:38:41,089 | INFO     |   → 80/911: ✅ 0 взято | 🗑️ 0 мусор
2026-05-18 19:38:41,089 | INFO     |   → 81/911: ✅ 0 взято | 🗑️ 0 мусор
2026-05-18 19:38:41,089 | INFO     |   → 82/911: ✅ 0 взято | 🗑️ 0 мусор
2026-05-18 19:38:41,089 | INFO     |   → 83/911: ✅ 0 взято | 🗑️ 0 мусор
2026-05-18 19:38:41,089 | INFO     |   → 84/911: ✅ 0 взято | 🗑️ 0 мусор
2026-05-18 19:38:41,089 | INFO     |   → 85/911: ✅ 0 взято | 🗑️ 0 мусор
2026-05-18 19:38:41,089 | INFO     |   → 86/911: ✅ 0 взято | 🗑️ 0 мусор
2026-05-18 19:38:41,089 | INFO     |   → 87/911: ✅ 0 взято | 🗑️ 0 мусор
2026-05-18 19:38:41,089 | INFO     |   → 88/911: ✅ 0 взято | 🗑️ 0 мусор
2026-05-18 19:38:41,089 | INFO     |   → 89/911: ✅ 0 взято | 🗑️ 0 мусор
2026-05-18 19:38:41,089 | INFO     |   → 90/911 ❌ HTTP 404 — https://freessrnode.github.io/uploads/2024/08/0-20240822.txt
2026-05-18 19:38:41,089 | INFO     |   → 91/911 ❌ HTTP 404 — https://freessrnode.github.io/uploads/2024/08/1-20240822.txt
2026-05-18 19:38:41,089 | INFO     |   → 92/911 ❌ HTTP 404 — https://freessrnode.github.io/uploads/2024/08/2-20240822.txt
2026-05-18 19:38:41,090 | INFO     |   → 93/911 ❌ HTTP 404 — https://freessrnode.github.io/uploads/2024/08/3-20240822.txt
2026-05-18 19:38:41,090 | INFO     |   → 94/911 ❌ HTTP 404 — https://freessrnode.github.io/uploads/2024/08/4-20240822.txt
2026-05-18 19:38:41,090 | INFO     |   → 95/911 ⚠️ Ошибка: HTTPSConnectionPool(host='freevpnspy.githubrowcontent.com', port=443): Max retries exceeded with url: /2024/08/20240802_novless.yaml (Caused by NameResolutionError("HTTPSConnection(host='freevpnspy.githubrowcontent.com', port=443): Failed to resolve 'freevpnspy.githubrowcontent.com' ([Errno -2] Name or service not known)")) — https://freevpnspy.githubrowcontent.com/2024/08/20240802_novless.yaml
2026-05-18 19:38:41,090 | INFO     |   → 96/911 ⚠️ Ошибка: HTTPSConnectionPool(host='freevpnspy.githubrowcontent.com', port=443): Max retries exceeded with url: /2024/08/20240802_vless.yaml (Caused by NameResolutionError("HTTPSConnection(host='freevpnspy.githubrowcontent.com', port=443): Failed to resolve 'freevpnspy.githubrowcontent.com' ([Errno -2] Name or service not known)")) — https://freevpnspy.githubrowcontent.com/2024/08/20240802_vless.yaml
2026-05-18 19:38:41,090 | INFO     |   → 97/911: ✅ 20 взято | 🗑️ 218 мусор
2026-05-18 19:38:41,090 | INFO     |   → 98/911: ✅ 0 взято | 🗑️ 0 мусор
2026-05-18 19:38:41,090 | INFO     |   → 99/911 ❌ HTTP 404 — https://github.com/Epodonios/bulk-xray-v2ray-vless-vmess-...-configs/raw/main/sub/Albania/config.txt
2026-05-18 19:38:41,090 | INFO     |   → 100/911 ❌ HTTP 404 — https://github.com/Epodonios/bulk-xray-v2ray-vless-vmess-...-configs/raw/main/sub/Cura%C3%A7ao/config.txt
2026-05-18 19:38:41,090 | INFO     |   → 101/911 ❌ HTTP 404 — https://github.com/Epodonios/bulk-xray-v2ray-vless-vmess-...-configs/raw/main/sub/Finland/config.txt
2026-05-18 19:38:41,090 | INFO     |   → 102/911 ❌ HTTP 404 — https://github.com/Epodonios/bulk-xray-v2ray-vless-vmess-...-configs/raw/main/sub/Iran/config.txt
2026-05-18 19:38:41,090 | INFO     |   → 103/911 ❌ HTTP 404 — https://github.com/Epodonios/bulk-xray-v2ray-vless-vmess-...-configs/raw/main/sub/Netherlands/config.txt
2026-05-18 19:38:41,090 | INFO     |   → 104/911 ❌ HTTP 404 — https://github.com/Epodonios/bulk-xray-v2ray-vless-vmess-...-configs/raw/main/sub/Norway/config.txt
2026-05-18 19:38:41,090 | INFO     |   → 105/911 ❌ HTTP 404 — https://github.com/Epodonios/bulk-xray-v2ray-vless-vmess-...-configs/raw/main/sub/Russia/config.txt
2026-05-18 19:38:41,090 | INFO     |   → 106/911: ✅ 13 взято | 🗑️ 70 мусор
2026-05-18 19:38:41,090 | INFO     |   → 107/911: ✅ 0 взято | 🗑️ 4 мусор
2026-05-18 19:38:41,090 | INFO     |   → 108/911: ✅ 0 взято | 🗑️ 7 мусор
2026-05-18 19:38:41,090 | INFO     |   → 109/911: ✅ 0 взято | 🗑️ 51 мусор
2026-05-18 19:38:41,090 | INFO     |   → 110/911: ✅ 0 взято | 🗑️ 8 мусор
2026-05-18 19:38:41,090 | INFO     |   → 111/911: ✅ 0 взято | 🗑️ 0 мусор
2026-05-18 19:38:41,090 | INFO     |   → 112/911: ✅ 17 взято | 🗑️ 119 мусор
2026-05-18 19:38:41,090 | INFO     |   → 113/911 ❌ HTTP 404 — https://github.com/MrMohebi/xray-proxy-grabber-telegram/raw/master/collected-proxies/clash-meta/all.yaml
2026-05-18 19:38:41,090 | INFO     |   → 114/911 ❌ HTTP 404 — https://github.com/MrMohebi/xray-proxy-grabber-telegram/raw/master/collected-proxies/row-url/all.txt
2026-05-18 19:38:41,090 | INFO     |   → 115/911: ✅ 0 взято | 🗑️ 0 мусор
2026-05-18 19:38:41,090 | INFO     |   → 116/911: ✅ 0 взято | 🗑️ 113 мусор
2026-05-18 19:38:41,090 | INFO     |   → 117/911: ✅ 0 взято | 🗑️ 119 мусор
2026-05-18 19:38:41,091 | INFO     |   → 118/911 ❌ HTTP 404 — https://github.com/abbasdvd3/abbasdvd10/73ec60de7a6c6aa6df4c14b511c1da60686891ca/ppo.txt
2026-05-18 19:38:41,091 | INFO     |   → 119/911 ❌ HTTP 404 — https://github.com/acymz/AutoVPN/refs/heads/main/data/V2.txt
2026-05-18 19:38:41,091 | INFO     |   → 120/911: ✅ 0 взято | 🗑️ 0 мусор
2026-05-18 19:38:41,091 | INFO     |   → 121/911: ✅ 0 взято | 🗑️ 0 мусор
2026-05-18 19:38:41,091 | INFO     |   → 122/911: ✅ 0 взято | 🗑️ 0 мусор
2026-05-18 19:38:41,091 | INFO     |   → 123/911: ✅ 0 взято | 🗑️ 0 мусор
2026-05-18 19:38:41,091 | INFO     |   → 124/911: ✅ 0 взято | 🗑️ 0 мусор
2026-05-18 19:38:41,091 | INFO     |   → 125/911: ✅ 0 взято | 🗑️ 0 мусор
2026-05-18 19:38:41,091 | INFO     |   → 126/911: ✅ 0 взято | 🗑️ 0 мусор
2026-05-18 19:38:41,091 | INFO     |   → 127/911 ❌ HTTP 404 — https://github.com/mermeroo/V2RAY-FREE/raw/main/All_Configs_base64_Sub.txt
2026-05-18 19:38:41,091 | INFO     |   → 128/911 ❌ HTTP 404 — https://github.com/mermeroo/V2RAY-FREE/raw/main/Base64/Sub1_base64.txt
2026-05-18 19:38:41,091 | INFO     |   → 129/911 ❌ HTTP 404 — https://github.com/mermeroo/V2RAY-FREE/raw/main/Base64/Sub2_base64.txt
2026-05-18 19:38:41,091 | INFO     |   → 130/911 ❌ HTTP 404 — https://github.com/mermeroo/V2RAY-FREE/raw/main/Base64/Sub3_base64.txt
2026-05-18 19:38:41,091 | INFO     |   → 131/911 ❌ HTTP 404 — https://github.com/mermeroo/V2RAY-FREE/raw/main/Base64/Sub4_base64.txt
2026-05-18 19:38:41,091 | INFO     |   → 132/911 ❌ HTTP 404 — https://github.com/mermeroo/V2RAY-FREE/raw/main/Base64/Sub5_base64.txt
2026-05-18 19:38:41,091 | INFO     |   → 133/911 ❌ HTTP 404 — https://github.com/mermeroo/telegram-configs-collector/raw/main/protocols/hysteria
2026-05-18 19:38:41,091 | INFO     |   → 134/911 ❌ HTTP 404 — https://github.com/mermeroo/telegram-configs-collector/raw/main/protocols/juicity
2026-05-18 19:38:41,091 | INFO     |   → 135/911 ❌ HTTP 404 — https://github.com/mermeroo/telegram-configs-collector/raw/main/protocols/tuic
2026-05-18 19:38:41,091 | INFO     |   → 136/911: ✅ 5 взято | 🗑️ 16 мусор
2026-05-18 19:38:41,091 | INFO     |   → 137/911: ✅ 0 взято | 🗑️ 0 мусор
2026-05-18 19:38:41,091 | INFO     |   → 138/911: ✅ 0 взято | 🗑️ 0 мусор
2026-05-18 19:38:41,091 | INFO     |   → 139/911: ✅ 0 взято | 🗑️ 0 мусор
2026-05-18 19:38:41,091 | INFO     |   → 140/911: ✅ 3 взято | 🗑️ 238 мусор
2026-05-18 19:38:41,091 | INFO     |   → 141/911: ✅ 0 взято | 🗑️ 0 мусор
2026-05-18 19:38:41,091 | INFO     |   → 142/911: ✅ 3 взято | 🗑️ 239 мусор
2026-05-18 19:38:41,091 | INFO     |   → 143/911: ✅ 0 взято | 🗑️ 0 мусор
2026-05-18 19:38:41,091 | INFO     |   → 144/911: ✅ 0 взято | 🗑️ 255 мусор
2026-05-18 19:38:41,092 | INFO     |   → 145/911: ✅ 0 взято | 🗑️ 0 мусор
2026-05-18 19:38:41,092 | INFO     |   → 146/911: ✅ 1 взято | 🗑️ 249 мусор
2026-05-18 19:38:41,092 | INFO     |   → 147/911: ✅ 0 взято | 🗑️ 0 мусор
2026-05-18 19:38:41,092 | INFO     |   → 148/911: ✅ 0 взято | 🗑️ 207 мусор
2026-05-18 19:38:41,092 | INFO     |   → 149/911: ✅ 0 взято | 🗑️ 0 мусор
2026-05-18 19:38:41,092 | INFO     |   → 150/911: ✅ 0 взято | 🗑️ 228 мусор
2026-05-18 19:38:41,092 | INFO     |   → 151/911: ✅ 0 взято | 🗑️ 0 мусор
2026-05-18 19:38:41,092 | INFO     |   → 152/911: ✅ 1 взято | 🗑️ 291 мусор
2026-05-18 19:38:41,092 | INFO     |   → 153/911: ✅ 0 взято | 🗑️ 0 мусор
2026-05-18 19:38:41,092 | INFO     |   → 154/911: ✅ 3 взято | 🗑️ 221 мусор
2026-05-18 19:38:41,092 | INFO     |   → 155/911: ✅ 0 взято | 🗑️ 0 мусор
2026-05-18 19:38:41,092 | INFO     |   → 156/911: ✅ 1 взято | 🗑️ 222 мусор
2026-05-18 19:38:41,092 | INFO     |   → 157/911: ✅ 0 взято | 🗑️ 0 мусор
2026-05-18 19:38:41,092 | INFO     |   → 158/911: ✅ 1 взято | 🗑️ 218 мусор
2026-05-18 19:38:41,092 | INFO     |   → 159/911: ✅ 0 взято | 🗑️ 0 мусор
2026-05-18 19:38:41,092 | INFO     |   → 160/911: ✅ 0 взято | 🗑️ 193 мусор
2026-05-18 19:38:41,092 | INFO     |   → 161/911: ✅ 0 взято | 🗑️ 0 мусор
2026-05-18 19:38:41,092 | INFO     |   → 162/911: ✅ 0 взято | 🗑️ 290 мусор
2026-05-18 19:38:41,092 | INFO     |   → 163/911: ✅ 0 взято | 🗑️ 0 мусор
2026-05-18 19:38:41,092 | INFO     |   → 164/911: ✅ 0 взято | 🗑️ 238 мусор
2026-05-18 19:38:41,092 | INFO     |   → 165/911: ✅ 0 взято | 🗑️ 0 мусор
2026-05-18 19:38:41,092 | INFO     |   → 166/911: ✅ 0 взято | 🗑️ 221 мусор
2026-05-18 19:38:41,092 | INFO     |   → 167/911: ✅ 0 взято | 🗑️ 0 мусор
2026-05-18 19:38:41,092 | INFO     |   → 168/911: ✅ 0 взято | 🗑️ 248 мусор
2026-05-18 19:38:41,092 | INFO     |   → 169/911: ✅ 0 взято | 🗑️ 0 мусор
2026-05-18 19:38:41,092 | INFO     |   → 170/911: ✅ 0 взято | 🗑️ 203 мусор
2026-05-18 19:38:41,092 | INFO     |   → 171/911: ✅ 0 взято | 🗑️ 0 мусор
2026-05-18 19:38:41,093 | INFO     |   → 172/911: ✅ 0 взято | 🗑️ 208 мусор
2026-05-18 19:38:41,093 | INFO     |   → 173/911: ✅ 0 взято | 🗑️ 0 мусор
2026-05-18 19:38:41,093 | INFO     |   → 174/911: ✅ 2 взято | 🗑️ 209 мусор
2026-05-18 19:38:41,093 | INFO     |   → 175/911: ✅ 0 взято | 🗑️ 0 мусор
2026-05-18 19:38:41,093 | INFO     |   → 176/911: ✅ 0 взято | 🗑️ 258 мусор
2026-05-18 19:38:41,093 | INFO     |   → 177/911: ✅ 0 взято | 🗑️ 0 мусор
2026-05-18 19:38:41,093 | INFO     |   → 178/911: ✅ 0 взято | 🗑️ 296 мусор
2026-05-18 19:38:41,093 | INFO     |   → 179/911: ✅ 0 взято | 🗑️ 0 мусор
2026-05-18 19:38:41,093 | INFO     |   → 180/911: ✅ 1 взято | 🗑️ 286 мусор
2026-05-18 19:38:41,093 | INFO     |   → 181/911: ✅ 0 взято | 🗑️ 0 мусор
2026-05-18 19:38:41,093 | INFO     |   → 182/911: ✅ 0 взято | 🗑️ 195 мусор
2026-05-18 19:38:41,093 | INFO     |   → 183/911: ✅ 0 взято | 🗑️ 0 мусор
2026-05-18 19:38:41,093 | INFO     |   → 184/911: ✅ 0 взято | 🗑️ 170 мусор
2026-05-18 19:38:41,093 | INFO     |   → 185/911: ✅ 0 взято | 🗑️ 0 мусор
2026-05-18 19:38:41,093 | INFO     |   → 186/911: ✅ 0 взято | 🗑️ 160 мусор
2026-05-18 19:38:41,093 | INFO     |   → 187/911: ✅ 0 взято | 🗑️ 0 мусор
2026-05-18 19:38:41,093 | INFO     |   → 188/911: ✅ 0 взято | 🗑️ 121 мусор
2026-05-18 19:38:41,093 | INFO     |   → 189/911: ✅ 0 взято | 🗑️ 0 мусор
2026-05-18 19:38:41,093 | INFO     |   → 190/911: ✅ 0 взято | 🗑️ 135 мусор
2026-05-18 19:38:41,093 | INFO     |   → 191/911: ✅ 0 взято | 🗑️ 0 мусор
2026-05-18 19:38:41,093 | INFO     |   → 192/911: ✅ 1 взято | 🗑️ 129 мусор
2026-05-18 19:38:41,093 | INFO     |   → 193/911: ✅ 0 взято | 🗑️ 0 мусор
2026-05-18 19:38:41,093 | INFO     |   → 194/911: ✅ 0 взято | 🗑️ 189 мусор
2026-05-18 19:38:41,093 | INFO     |   → 195/911: ✅ 0 взято | 🗑️ 0 мусор
2026-05-18 19:38:41,093 | INFO     |   → 196/911: ✅ 3 взято | 🗑️ 147 мусор
2026-05-18 19:38:41,093 | INFO     |   → 197/911: ✅ 0 взято | 🗑️ 0 мусор
2026-05-18 19:38:41,094 | INFO     |   → 198/911: ✅ 1 взято | 🗑️ 183 мусор
2026-05-18 19:38:41,094 | INFO     |   → 199/911: ✅ 0 взято | 🗑️ 0 мусор
2026-05-18 19:38:41,094 | INFO     |   → 200/911: ✅ 0 взято | 🗑️ 155 мусор
2026-05-18 19:38:41,094 | INFO     |   → 201/911: ✅ 0 взято | 🗑️ 0 мусор
2026-05-18 19:38:41,094 | INFO     |   → 202/911: ✅ 0 взято | 🗑️ 114 мусор
2026-05-18 19:38:41,094 | INFO     |   → 203/911: ✅ 0 взято | 🗑️ 0 мусор
2026-05-18 19:38:41,094 | INFO     |   → 204/911: ✅ 0 взято | 🗑️ 239 мусор
2026-05-18 19:38:41,094 | INFO     |   → 205/911: ✅ 0 взято | 🗑️ 0 мусор
2026-05-18 19:38:41,094 | INFO     |   → 206/911: ✅ 0 взято | 🗑️ 204 мусор
2026-05-18 19:38:41,094 | INFO     |   → 207/911: ✅ 0 взято | 🗑️ 0 мусор
2026-05-18 19:38:41,094 | INFO     |   → 208/911: ✅ 0 взято | 🗑️ 232 мусор
2026-05-18 19:38:41,094 | INFO     |   → 209/911: ✅ 0 взято | 🗑️ 0 мусор
2026-05-18 19:38:41,094 | INFO     |   → 210/911: ✅ 0 взято | 🗑️ 192 мусор
2026-05-18 19:38:41,094 | INFO     |   → 211/911: ✅ 0 взято | 🗑️ 0 мусор
2026-05-18 19:38:41,094 | INFO     |   → 212/911: ✅ 0 взято | 🗑️ 183 мусор
2026-05-18 19:38:41,094 | INFO     |   → 213/911: ✅ 0 взято | 🗑️ 0 мусор
2026-05-18 19:38:41,094 | INFO     |   → 214/911: ✅ 0 взято | 🗑️ 169 мусор
2026-05-18 19:38:41,094 | INFO     |   → 215/911: ✅ 0 взято | 🗑️ 0 мусор
2026-05-18 19:38:41,094 | INFO     |   → 216/911: ✅ 0 взято | 🗑️ 167 мусор
2026-05-18 19:38:41,094 | INFO     |   → 217/911: ✅ 0 взято | 🗑️ 0 мусор
2026-05-18 19:38:41,094 | INFO     |   → 218/911: ✅ 0 взято | 🗑️ 193 мусор
2026-05-18 19:38:41,094 | INFO     |   → 219/911: ✅ 0 взято | 🗑️ 0 мусор
2026-05-18 19:38:41,094 | INFO     |   → 220/911 ⚠️ Ошибка: HTTPSConnectionPool(host='ivuxy.tech', port=443): Max retries exceeded with url: /v.txt (Caused by NameResolutionError("HTTPSConnection(host='ivuxy.tech', port=443): Failed to resolve 'ivuxy.tech' ([Errno -2] Name or service not known)")) — https://ivuxy.tech/v.txt
2026-05-18 19:38:41,094 | INFO     |   → 221/911 ⚠️ Ошибка: HTTPSConnectionPool(host='mirror.ghproxy.com', port=443): Max retries exceeded with url: /https://raw.githubusercontent.com/Barabama/FreeNodes/master/nodes/blues.txt (Caused by NameResolutionError("HTTPSConnection(host='mirror.ghproxy.com', port=443): Failed to resolve 'mirror.ghproxy.com' ([Errno -2] Name or service not known)")) — https://mirror.ghproxy.com/https://raw.githubusercontent.com/Barabama/FreeNodes/master/nodes/blues.txt
2026-05-18 19:38:41,094 | INFO     |   → 222/911 ⚠️ Ошибка: HTTPSConnectionPool(host='mirror.ghproxy.com', port=443): Max retries exceeded with url: /https://raw.githubusercontent.com/Barabama/FreeNodes/master/nodes/halekj.txt (Caused by NameResolutionError("HTTPSConnection(host='mirror.ghproxy.com', port=443): Failed to resolve 'mirror.ghproxy.com' ([Errno -2] Name or service not known)")) — https://mirror.ghproxy.com/https://raw.githubusercontent.com/Barabama/FreeNodes/master/nodes/halekj.txt
2026-05-18 19:38:41,094 | INFO     |   → 223/911 ⚠️ Ошибка: HTTPSConnectionPool(host='mirror.ghproxy.com', port=443): Max retries exceeded with url: /https://raw.githubusercontent.com/Barabama/FreeNodes/master/nodes/kkzui.txt (Caused by NameResolutionError("HTTPSConnection(host='mirror.ghproxy.com', port=443): Failed to resolve 'mirror.ghproxy.com' ([Errno -2] Name or service not known)")) — https://mirror.ghproxy.com/https://raw.githubusercontent.com/Barabama/FreeNodes/master/nodes/kkzui.txt
2026-05-18 19:38:41,095 | INFO     |   → 224/911 ⚠️ Ошибка: HTTPSConnectionPool(host='mirror.ghproxy.com', port=443): Max retries exceeded with url: /https://raw.githubusercontent.com/Barabama/FreeNodes/master/nodes/merged.txt (Caused by NameResolutionError("HTTPSConnection(host='mirror.ghproxy.com', port=443): Failed to resolve 'mirror.ghproxy.com' ([Errno -2] Name or service not known)")) — https://mirror.ghproxy.com/https://raw.githubusercontent.com/Barabama/FreeNodes/master/nodes/merged.txt
2026-05-18 19:38:41,095 | INFO     |   → 225/911 ⚠️ Ошибка: HTTPSConnectionPool(host='mirror.ghproxy.com', port=443): Max retries exceeded with url: /https://raw.githubusercontent.com/Barabama/FreeNodes/master/nodes/nodefree.txt (Caused by NameResolutionError("HTTPSConnection(host='mirror.ghproxy.com', port=443): Failed to resolve 'mirror.ghproxy.com' ([Errno -2] Name or service not known)")) — https://mirror.ghproxy.com/https://raw.githubusercontent.com/Barabama/FreeNodes/master/nodes/nodefree.txt
2026-05-18 19:38:41,095 | INFO     |   → 226/911 ⚠️ Ошибка: HTTPSConnectionPool(host='mirror.ghproxy.com', port=443): Max retries exceeded with url: /https://raw.githubusercontent.com/Barabama/FreeNodes/master/nodes/openrunner.txt (Caused by NameResolutionError("HTTPSConnection(host='mirror.ghproxy.com', port=443): Failed to resolve 'mirror.ghproxy.com' ([Errno -2] Name or service not known)")) — https://mirror.ghproxy.com/https://raw.githubusercontent.com/Barabama/FreeNodes/master/nodes/openrunner.txt
2026-05-18 19:38:41,095 | INFO     |   → 227/911 ⚠️ Ошибка: HTTPSConnectionPool(host='mirror.ghproxy.com', port=443): Max retries exceeded with url: /https://raw.githubusercontent.com/Barabama/FreeNodes/master/nodes/v2rayshare.txt (Caused by NameResolutionError("HTTPSConnection(host='mirror.ghproxy.com', port=443): Failed to resolve 'mirror.ghproxy.com' ([Errno -2] Name or service not known)")) — https://mirror.ghproxy.com/https://raw.githubusercontent.com/Barabama/FreeNodes/master/nodes/v2rayshare.txt
2026-05-18 19:38:41,095 | INFO     |   → 228/911 ⚠️ Ошибка: HTTPSConnectionPool(host='mirror.ghproxy.com', port=443): Max retries exceeded with url: /https://raw.githubusercontent.com/Barabama/FreeNodes/master/nodes/wenode.txt (Caused by NameResolutionError("HTTPSConnection(host='mirror.ghproxy.com', port=443): Failed to resolve 'mirror.ghproxy.com' ([Errno -2] Name or service not known)")) — https://mirror.ghproxy.com/https://raw.githubusercontent.com/Barabama/FreeNodes/master/nodes/wenode.txt
2026-05-18 19:38:41,095 | INFO     |   → 229/911 ⚠️ Ошибка: HTTPSConnectionPool(host='mirror.ghproxy.com', port=443): Max retries exceeded with url: /https://raw.githubusercontent.com/Barabama/FreeNodes/master/nodes/yudou66.txt (Caused by NameResolutionError("HTTPSConnection(host='mirror.ghproxy.com', port=443): Failed to resolve 'mirror.ghproxy.com' ([Errno -2] Name or service not known)")) — https://mirror.ghproxy.com/https://raw.githubusercontent.com/Barabama/FreeNodes/master/nodes/yudou66.txt
2026-05-18 19:38:41,095 | INFO     |   → 230/911: ✅ 7 взято | 🗑️ 17 мусор
2026-05-18 19:38:41,095 | INFO     |   → 231/911: ✅ 0 взято | 🗑️ 17 мусор
2026-05-18 19:38:41,095 | INFO     |   → 232/911: ✅ 14 взято | 🗑️ 14 мусор
2026-05-18 19:38:41,095 | INFO     |   → 233/911: ✅ 0 взято | 🗑️ 14 мусор
2026-05-18 19:38:41,095 | INFO     |   → 234/911: ✅ 0 взято | 🗑️ 14 мусор
2026-05-18 19:38:41,095 | INFO     |   → 235/911: ✅ 0 взято | 🗑️ 14 мусор
2026-05-18 19:38:41,095 | INFO     |   → 236/911: ✅ 0 взято | 🗑️ 14 мусор
2026-05-18 19:38:41,095 | INFO     |   → 237/911: ✅ 0 взято | 🗑️ 14 мусор
2026-05-18 19:38:41,095 | INFO     |   → 238/911: ✅ 0 взято | 🗑️ 14 мусор
2026-05-18 19:38:41,095 | INFO     |   → 239/911: ✅ 0 взято | 🗑️ 14 мусор
2026-05-18 19:38:41,095 | INFO     |   → 240/911: ✅ 0 взято | 🗑️ 14 мусор
2026-05-18 19:38:41,095 | INFO     |   → 241/911: ✅ 7 взято | 🗑️ 21 мусор
2026-05-18 19:38:41,095 | INFO     |   → 242/911: ✅ 0 взято | 🗑️ 21 мусор
2026-05-18 19:38:41,095 | INFO     |   → 243/911: ✅ 0 взято | 🗑️ 21 мусор
2026-05-18 19:38:41,095 | INFO     |   → 244/911: ✅ 0 взято | 🗑️ 21 мусор
2026-05-18 19:38:41,095 | INFO     |   → 245/911: ✅ 0 взято | 🗑️ 21 мусор
2026-05-18 19:38:41,095 | INFO     |   → 246/911: ✅ 0 взято | 🗑️ 21 мусор
2026-05-18 19:38:41,095 | INFO     |   → 247/911: ✅ 0 взято | 🗑️ 21 мусор
2026-05-18 19:38:41,095 | INFO     |   → 248/911: ✅ 0 взято | 🗑️ 21 мусор
2026-05-18 19:38:41,095 | INFO     |   → 249/911: ✅ 0 взято | 🗑️ 21 мусор
2026-05-18 19:38:41,096 | INFO     |   → 250/911: ✅ 0 взято | 🗑️ 21 мусор
2026-05-18 19:38:41,096 | INFO     |   → 251/911: ✅ 0 взято | 🗑️ 21 мусор
2026-05-18 19:38:41,096 | INFO     |   → 252/911: ✅ 5 взято | 🗑️ 15 мусор
2026-05-18 19:38:41,096 | INFO     |   → 253/911: ✅ 0 взято | 🗑️ 15 мусор
2026-05-18 19:38:41,096 | INFO     |   → 254/911: ✅ 0 взято | 🗑️ 15 мусор
2026-05-18 19:38:41,096 | INFO     |   → 255/911: ✅ 0 взято | 🗑️ 15 мусор
2026-05-18 19:38:41,096 | INFO     |   → 256/911: ✅ 0 взято | 🗑️ 15 мусор
2026-05-18 19:38:41,096 | INFO     |   → 257/911: ✅ 0 взято | 🗑️ 15 мусор
2026-05-18 19:38:41,096 | INFO     |   → 258/911: ✅ 0 взято | 🗑️ 15 мусор
2026-05-18 19:38:41,096 | INFO     |   → 259/911: ✅ 0 взято | 🗑️ 15 мусор
2026-05-18 19:38:41,096 | INFO     |   → 260/911: ✅ 0 взято | 🗑️ 15 мусор
2026-05-18 19:38:41,096 | INFO     |   → 261/911: ✅ 0 взято | 🗑️ 14 мусор
2026-05-18 19:38:41,096 | INFO     |   → 262/911: ✅ 0 взято | 🗑️ 14 мусор
2026-05-18 19:38:41,096 | INFO     |   → 263/911: ✅ 0 взято | 🗑️ 14 мусор
2026-05-18 19:38:41,096 | INFO     |   → 264/911: ✅ 0 взято | 🗑️ 14 мусор
2026-05-18 19:38:41,096 | INFO     |   → 265/911: ✅ 6 взято | 🗑️ 17 мусор
2026-05-18 19:38:41,096 | INFO     |   → 266/911: ✅ 0 взято | 🗑️ 17 мусор
2026-05-18 19:38:41,096 | INFO     |   → 267/911: ✅ 0 взято | 🗑️ 17 мусор
2026-05-18 19:38:41,096 | INFO     |   → 268/911: ✅ 0 взято | 🗑️ 17 мусор
2026-05-18 19:38:41,096 | INFO     |   → 269/911 ❌ HTTP 403 — https://nodefree.org/dy/2023/08/20230806.yaml
2026-05-18 19:38:41,096 | INFO     |   → 270/911 ❌ HTTP 403 — https://nodefree.org/dy/2023/12/20231221.txt
2026-05-18 19:38:41,096 | INFO     |   → 271/911: ✅ 0 взято | 🗑️ 17 мусор
2026-05-18 19:38:41,096 | INFO     |   → 272/911: ✅ 0 взято | 🗑️ 17 мусор
2026-05-18 19:38:41,096 | INFO     |   → 273/911: ✅ 0 взято | 🗑️ 14 мусор
2026-05-18 19:38:41,096 | INFO     |   → 274/911: ✅ 0 взято | 🗑️ 14 мусор
2026-05-18 19:38:41,096 | INFO     |   → 275/911: ✅ 0 взято | 🗑️ 14 мусор
2026-05-18 19:38:41,097 | INFO     |   → 276/911: ✅ 0 взято | 🗑️ 14 мусор
2026-05-18 19:38:41,097 | INFO     |   → 277/911: ✅ 0 взято | 🗑️ 14 мусор
2026-05-18 19:38:41,097 | INFO     |   → 278/911: ✅ 0 взято | 🗑️ 14 мусор
2026-05-18 19:38:41,097 | INFO     |   → 279/911: ✅ 0 взято | 🗑️ 14 мусор
2026-05-18 19:38:41,097 | INFO     |   → 280/911: ✅ 0 взято | 🗑️ 14 мусор
2026-05-18 19:38:41,097 | INFO     |   → 281/911: ✅ 0 взято | 🗑️ 14 мусор
2026-05-18 19:38:41,097 | INFO     |   → 282/911: ✅ 0 взято | 🗑️ 21 мусор
2026-05-18 19:38:41,097 | INFO     |   → 283/911: ✅ 0 взято | 🗑️ 21 мусор
2026-05-18 19:38:41,097 | INFO     |   → 284/911: ✅ 0 взято | 🗑️ 21 мусор
2026-05-18 19:38:41,097 | INFO     |   → 285/911: ✅ 0 взято | 🗑️ 21 мусор
2026-05-18 19:38:41,097 | INFO     |   → 286/911: ✅ 0 взято | 🗑️ 21 мусор
2026-05-18 19:38:41,097 | INFO     |   → 287/911: ✅ 0 взято | 🗑️ 21 мусор
2026-05-18 19:38:41,097 | INFO     |   → 288/911: ✅ 0 взято | 🗑️ 21 мусор
2026-05-18 19:38:41,097 | INFO     |   → 289/911: ✅ 0 взято | 🗑️ 21 мусор
2026-05-18 19:38:41,097 | INFO     |   → 290/911: ✅ 0 взято | 🗑️ 21 мусор
2026-05-18 19:38:41,097 | INFO     |   → 291/911: ✅ 0 взято | 🗑️ 21 мусор
2026-05-18 19:38:41,097 | INFO     |   → 292/911: ✅ 0 взято | 🗑️ 21 мусор
2026-05-18 19:38:41,097 | INFO     |   → 293/911: ✅ 0 взято | 🗑️ 15 мусор
2026-05-18 19:38:41,097 | INFO     |   → 294/911: ✅ 0 взято | 🗑️ 15 мусор
2026-05-18 19:38:41,097 | INFO     |   → 295/911: ✅ 0 взято | 🗑️ 15 мусор
2026-05-18 19:38:41,097 | INFO     |   → 296/911: ✅ 0 взято | 🗑️ 15 мусор
2026-05-18 19:38:41,097 | INFO     |   → 297/911: ✅ 0 взято | 🗑️ 15 мусор
2026-05-18 19:38:41,097 | INFO     |   → 298/911: ✅ 0 взято | 🗑️ 15 мусор
2026-05-18 19:38:41,097 | INFO     |   → 299/911: ✅ 0 взято | 🗑️ 15 мусор
2026-05-18 19:38:41,097 | INFO     |   → 300/911: ✅ 0 взято | 🗑️ 15 мусор
2026-05-18 19:38:41,097 | INFO     |   → 301/911: ✅ 0 взято | 🗑️ 15 мусор
2026-05-18 19:38:41,097 | INFO     |   → 302/911: ✅ 0 взято | 🗑️ 15 мусор
2026-05-18 19:38:41,098 | INFO     |   → 303/911: ✅ 0 взято | 🗑️ 14 мусор
2026-05-18 19:38:41,098 | INFO     |   → 304/911: ✅ 0 взято | 🗑️ 14 мусор
2026-05-18 19:38:41,098 | INFO     |   → 305/911: ✅ 0 взято | 🗑️ 14 мусор
2026-05-18 19:38:41,098 | INFO     |   → 306/911: ✅ 0 взято | 🗑️ 14 мусор
2026-05-18 19:38:41,098 | INFO     |   → 307/911: ✅ 0 взято | 🗑️ 17 мусор
2026-05-18 19:38:41,098 | INFO     |   → 308/911: ✅ 0 взято | 🗑️ 17 мусор
2026-05-18 19:38:41,098 | INFO     |   → 309/911: ✅ 0 взято | 🗑️ 17 мусор
2026-05-18 19:38:41,098 | INFO     |   → 310/911: ✅ 0 взято | 🗑️ 0 мусор
2026-05-18 19:38:41,098 | INFO     |   → 311/911: ✅ 0 взято | 🗑️ 0 мусор
2026-05-18 19:38:41,098 | INFO     |   → 312/911: ✅ 0 взято | 🗑️ 0 мусор
2026-05-18 19:38:41,098 | INFO     |   → 313/911: ✅ 0 взято | 🗑️ 0 мусор
2026-05-18 19:38:41,098 | INFO     |   → 314/911: ✅ 0 взято | 🗑️ 0 мусор
2026-05-18 19:38:41,098 | INFO     |   → 315/911: ✅ 0 взято | 🗑️ 0 мусор
2026-05-18 19:38:41,098 | INFO     |   → 316/911: ✅ 0 взято | 🗑️ 0 мусор
2026-05-18 19:38:41,098 | INFO     |   → 317/911: ✅ 0 взято | 🗑️ 0 мусор
2026-05-18 19:38:41,098 | INFO     |   → 318/911: ✅ 0 взято | 🗑️ 0 мусор
2026-05-18 19:38:41,098 | INFO     |   → 319/911: ✅ 0 взято | 🗑️ 0 мусор
2026-05-18 19:38:41,098 | INFO     |   → 320/911: ✅ 0 взято | 🗑️ 0 мусор
2026-05-18 19:38:41,098 | INFO     |   → 321/911: ✅ 0 взято | 🗑️ 0 мусор
2026-05-18 19:38:41,098 | INFO     |   → 322/911 ❌ HTTP 404 — https://raw.githubusercontent.com/10ium/MihomoSaz/main/Sublist/shatakvpn.yaml4_Sub.txt
2026-05-18 19:38:41,098 | INFO     |   → 323/911: ✅ 0 взято | 🗑️ 0 мусор
2026-05-18 19:38:41,098 | INFO     |   → 324/911: ✅ 0 взято | 🗑️ 0 мусор
2026-05-18 19:38:41,098 | INFO     |   → 325/911: ✅ 12 взято | 🗑️ 38 мусор
2026-05-18 19:38:41,098 | INFO     |   → 326/911: ✅ 0 взято | 🗑️ 0 мусор
2026-05-18 19:38:41,098 | INFO     |   → 327/911: ✅ 0 взято | 🗑️ 0 мусор
2026-05-18 19:38:41,098 | INFO     |   → 328/911: ✅ 11 взято | 🗑️ 399 мусор
2026-05-18 19:38:41,099 | INFO     |   → 329/911: ✅ 0 взято | 🗑️ 0 мусор
2026-05-18 19:38:41,099 | INFO     |   → 330/911 ❌ HTTP 404 — https://raw.githubusercontent.com/9Fork/openit/main/Clash.yaml
2026-05-18 19:38:41,099 | INFO     |   → 331/911: ✅ 100 взято | 🗑️ 381 мусор
2026-05-18 19:38:41,099 | INFO     |   → 332/911: ✅ 0 взято | 🗑️ 381 мусор
2026-05-18 19:38:41,099 | INFO     |   → 333/911: ✅ 19 взято | 🗑️ 81 мусор
2026-05-18 19:38:41,099 | INFO     |   → 334/911: ✅ 11 взято | 🗑️ 87 мусор
2026-05-18 19:38:41,099 | INFO     |   → 335/911: ✅ 27 взято | 🗑️ 73 мусор
2026-05-18 19:38:41,099 | INFO     |   → 336/911: ✅ 13 взято | 🗑️ 75 мусор
2026-05-18 19:38:41,099 | INFO     |   → 337/911: ✅ 10 взято | 🗑️ 83 мусор
2026-05-18 19:38:41,099 | INFO     |   → 338/911: ✅ 12 взято | 🗑️ 86 мусор
2026-05-18 19:38:41,099 | INFO     |   → 339/911: ✅ 11 взято | 🗑️ 87 мусор
2026-05-18 19:38:41,099 | INFO     |   → 340/911: ✅ 11 взято | 🗑️ 80 мусор
2026-05-18 19:38:41,099 | INFO     |   → 341/911: ✅ 9 взято | 🗑️ 82 мусор
2026-05-18 19:38:41,099 | INFO     |   → 342/911: ✅ 69 взято | 🗑️ 3 мусор
2026-05-18 19:38:41,099 | INFO     |   → 343/911: ✅ 3 взято | 🗑️ 75 мусор
2026-05-18 19:38:41,099 | INFO     |   → 344/911: ✅ 4 взято | 🗑️ 69 мусор
2026-05-18 19:38:41,099 | INFO     |   → 345/911: ✅ 4 взято | 🗑️ 80 мусор
2026-05-18 19:38:41,099 | INFO     |   → 346/911: ✅ 6 взято | 🗑️ 81 мусор
2026-05-18 19:38:41,099 | INFO     |   → 347/911: ✅ 5 взято | 🗑️ 79 мусор
2026-05-18 19:38:41,099 | INFO     |   → 348/911: ✅ 11 взято | 🗑️ 78 мусор
2026-05-18 19:38:41,099 | INFO     |   → 349/911: ✅ 3 взято | 🗑️ 83 мусор
2026-05-18 19:38:41,099 | INFO     |   → 350/911: ✅ 14 взято | 🗑️ 76 мусор
2026-05-18 19:38:41,099 | INFO     |   → 351/911: ✅ 12 взято | 🗑️ 78 мусор
2026-05-18 19:38:41,099 | INFO     |   → 352/911: ✅ 26 взято | 🗑️ 218 мусор
2026-05-18 19:38:41,099 | INFO     |   → 353/911: ✅ 44 взято | 🗑️ 141 мусор
2026-05-18 19:38:41,099 | INFO     |   → 354/911: ✅ 10 взято | 🗑️ 71 мусор
2026-05-18 19:38:41,099 | INFO     |   → 355/911: ✅ 2 взято | 🗑️ 88 мусор
2026-05-18 19:38:41,100 | INFO     |   → 356/911: ✅ 0 взято | 🗑️ 3 мусор
2026-05-18 19:38:41,100 | INFO     |   → 357/911: ✅ 14 взято | 🗑️ 4 мусор
2026-05-18 19:38:41,100 | INFO     |   → 358/911: ✅ 629 взято | 🗑️ 2559 мусор
2026-05-18 19:38:41,100 | INFO     |   → 359/911 ❌ HTTP 404 — https://raw.githubusercontent.com/Alvin9999/pac2/master/clash/1/config.yaml
2026-05-18 19:38:41,100 | INFO     |   → 360/911 ❌ HTTP 404 — https://raw.githubusercontent.com/AmirHDevo/temp2/7f15e7ddb311a6f8c5ab338bd1af0e1f2136a84b/configs.txt
2026-05-18 19:38:41,100 | INFO     |   → 361/911: ✅ 9 взято | 🗑️ 137 мусор
2026-05-18 19:38:41,100 | INFO     |   → 362/911: ✅ 1651 взято | 🗑️ 29027 мусор
2026-05-18 19:38:41,100 | INFO     |   → 363/911: ✅ 5 взято | 🗑️ 47 мусор
2026-05-18 19:38:41,100 | INFO     |   → 364/911: ✅ 4 взято | 🗑️ 57 мусор
2026-05-18 19:38:41,100 | INFO     |   → 365/911: ✅ 21 взято | 🗑️ 107 мусор
2026-05-18 19:38:41,100 | INFO     |   → 366/911: ✅ 78 взято | 🗑️ 347 мусор
2026-05-18 19:38:41,100 | INFO     |   → 367/911: ✅ 0 взято | 🗑️ 1373 мусор
2026-05-18 19:38:41,100 | INFO     |   → 368/911: ✅ 339 взято | 🗑️ 1542 мусор
2026-05-18 19:38:41,100 | INFO     |   → 369/911: ✅ 0 взято | 🗑️ 6 мусор
2026-05-18 19:38:41,100 | INFO     |   → 370/911: ✅ 0 взято | 🗑️ 0 мусор
2026-05-18 19:38:41,100 | INFO     |   → 371/911: ✅ 1 взято | 🗑️ 235 мусор
2026-05-18 19:38:41,100 | INFO     |   → 372/911: ✅ 0 взято | 🗑️ 16 мусор
2026-05-18 19:38:41,100 | INFO     |   → 373/911: ✅ 0 взято | 🗑️ 0 мусор
2026-05-18 19:38:41,100 | INFO     |   → 374/911: ✅ 0 взято | 🗑️ 14 мусор
2026-05-18 19:38:41,100 | INFO     |   → 375/911: ✅ 0 взято | 🗑️ 0 мусор
2026-05-18 19:38:41,100 | INFO     |   → 376/911: ✅ 0 взято | 🗑️ 17 мусор
2026-05-18 19:38:41,100 | INFO     |   → 377/911: ✅ 0 взято | 🗑️ 0 мусор
2026-05-18 19:38:41,100 | INFO     |   → 378/911: ✅ 0 взято | 🗑️ 17 мусор
2026-05-18 19:38:41,100 | INFO     |   → 379/911: ✅ 0 взято | 🗑️ 0 мусор
2026-05-18 19:38:41,100 | INFO     |   → 380/911: ✅ 0 взято | 🗑️ 17 мусор
2026-05-18 19:38:41,100 | INFO     |   → 381/911: ✅ 0 взято | 🗑️ 0 мусор
2026-05-18 19:38:41,101 | INFO     |   → 382/911: ✅ 0 взято | 🗑️ 17 мусор
2026-05-18 19:38:41,101 | INFO     |   → 383/911: ✅ 0 взято | 🗑️ 0 мусор
2026-05-18 19:38:41,101 | INFO     |   → 384/911: ✅ 0 взято | 🗑️ 193 мусор
2026-05-18 19:38:41,101 | INFO     |   → 385/911: ✅ 0 взято | 🗑️ 0 мусор
2026-05-18 19:38:41,101 | INFO     |   → 386/911: ✅ 5 взято | 🗑️ 76 мусор
2026-05-18 19:38:41,101 | INFO     |   → 387/911: ✅ 80 взято | 🗑️ 1110 мусор
2026-05-18 19:38:41,101 | INFO     |   → 388/911: ✅ 5 взято | 🗑️ 13 мусор
2026-05-18 19:38:41,101 | INFO     |   → 389/911 ❌ HTTP 404 — https://raw.githubusercontent.com/Epodonios/bulk-xray-v2ray-vless-vmess-...-configs/main/sub/Austria/config.txt
2026-05-18 19:38:41,101 | INFO     |   → 390/911 ❌ HTTP 404 — https://raw.githubusercontent.com/Epodonios/bulk-xray-v2ray-vless-vmess-...-configs/main/sub/Canada/config.txt
2026-05-18 19:38:41,101 | INFO     |   → 391/911 ❌ HTTP 404 — https://raw.githubusercontent.com/Epodonios/bulk-xray-v2ray-vless-vmess-...-configs/main/sub/Costa%20Rica/config.txt
2026-05-18 19:38:41,101 | INFO     |   → 392/911 ❌ HTTP 404 — https://raw.githubusercontent.com/Epodonios/bulk-xray-v2ray-vless-vmess-...-configs/main/sub/France/config.txt
2026-05-18 19:38:41,101 | INFO     |   → 393/911 ❌ HTTP 404 — https://raw.githubusercontent.com/Epodonios/bulk-xray-v2ray-vless-vmess-...-configs/main/sub/Germany/config.txt
2026-05-18 19:38:41,101 | INFO     |   → 394/911 ❌ HTTP 404 — https://raw.githubusercontent.com/Epodonios/bulk-xray-v2ray-vless-vmess-...-configs/main/sub/Indonesia/config.txt
2026-05-18 19:38:41,101 | INFO     |   → 395/911 ❌ HTTP 404 — https://raw.githubusercontent.com/Epodonios/bulk-xray-v2ray-vless-vmess-...-configs/main/sub/Ireland/config.txt
2026-05-18 19:38:41,101 | INFO     |   → 396/911 ❌ HTTP 404 — https://raw.githubusercontent.com/Epodonios/bulk-xray-v2ray-vless-vmess-...-configs/main/sub/Republic%20of%20Lithuania/config.txt
2026-05-18 19:38:41,101 | INFO     |   → 397/911 ❌ HTTP 404 — https://raw.githubusercontent.com/Epodonios/bulk-xray-v2ray-vless-vmess-...-configs/main/sub/South%20Africa/config.txt
2026-05-18 19:38:41,101 | INFO     |   → 398/911 ❌ HTTP 404 — https://raw.githubusercontent.com/Epodonios/bulk-xray-v2ray-vless-vmess-...-configs/main/sub/Sweden/config.txt
2026-05-18 19:38:41,101 | INFO     |   → 399/911 ❌ HTTP 404 — https://raw.githubusercontent.com/Epodonios/bulk-xray-v2ray-vless-vmess-...-configs/main/sub/Turkey/config.txt
2026-05-18 19:38:41,101 | INFO     |   → 400/911 ❌ HTTP 404 — https://raw.githubusercontent.com/Epodonios/bulk-xray-v2ray-vless-vmess-...-configs/main/sub/United%20Arab%20Emirates/config.txt
2026-05-18 19:38:41,101 | INFO     |   → 401/911 ❌ HTTP 404 — https://raw.githubusercontent.com/Epodonios/bulk-xray-v2ray-vless-vmess-...-configs/main/sub/United%20Kingdom/config.txt
2026-05-18 19:38:41,101 | INFO     |   → 402/911 ❌ HTTP 404 — https://raw.githubusercontent.com/Epodonios/bulk-xray-v2ray-vless-vmess-...-configs/main/sub/United%20States/config.txt
2026-05-18 19:38:41,101 | INFO     |   → 403/911: ✅ 393 взято | 🗑️ 3889 мусор
2026-05-18 19:38:41,101 | INFO     |   → 404/911 ❌ HTTP 404 — https://raw.githubusercontent.com/Epodonios/v2ray-configs/main/Splitted-By-Protocol/mix.txt
2026-05-18 19:38:41,101 | INFO     |   → 405/911: ✅ 89 взято | 🗑️ 355 мусор
2026-05-18 19:38:41,101 | INFO     |   → 406/911: ✅ 0 взято | 🗑️ 0 мусор
2026-05-18 19:38:41,101 | INFO     |   → 407/911: ✅ 62 взято | 🗑️ 308 мусор
2026-05-18 19:38:41,101 | INFO     |   → 408/911: ✅ 65 взято | 🗑️ 2722 мусор
2026-05-18 19:38:41,102 | INFO     |   → 409/911: ✅ 19 взято | 🗑️ 578 мусор
2026-05-18 19:38:41,102 | INFO     |   → 410/911 ❌ HTTP 404 — https://raw.githubusercontent.com/Epodonios/v2ray-configs/raw/main/Splitted-By-Protocol/trojan.txt
2026-05-18 19:38:41,102 | INFO     |   → 411/911 ❌ HTTP 404 — https://raw.githubusercontent.com/Epodonios/v2ray-configs/raw/main/Splitted-By-Protocol/vmess.txt
2026-05-18 19:38:41,102 | INFO     |   → 412/911: ✅ 0 взято | 🗑️ 355 мусор
2026-05-18 19:38:41,102 | INFO     |   → 413/911: ✅ 0 взято | 🗑️ 0 мусор
2026-05-18 19:38:41,102 | INFO     |   → 414/911: ✅ 0 взято | 🗑️ 308 мусор
2026-05-18 19:38:41,102 | INFO     |   → 415/911: ✅ 0 взято | 🗑️ 2722 мусор
2026-05-18 19:38:41,102 | INFO     |   → 416/911: ✅ 0 взято | 🗑️ 578 мусор
2026-05-18 19:38:41,102 | INFO     |   → 417/911 ❌ HTTP 404 — https://raw.githubusercontent.com/Fido6/FreeNodes/57221e59caddde55ffdda21d491ae952cd608049/nodes/halekj.txt
2026-05-18 19:38:41,102 | INFO     |   → 418/911 ❌ HTTP 404 — https://raw.githubusercontent.com/Fido6/FreeNodes/57221e59caddde55ffdda21d491ae952cd608049/nodes/kkzui.txt
2026-05-18 19:38:41,102 | INFO     |   → 419/911 ❌ HTTP 404 — https://raw.githubusercontent.com/Fido6/FreeNodes/57221e59caddde55ffdda21d491ae952cd608049/nodes/wenode.txt
2026-05-18 19:38:41,102 | INFO     |   → 420/911: ✅ 0 взято | 🗑️ 0 мусор
2026-05-18 19:38:41,102 | INFO     |   → 421/911: ✅ 0 взято | 🗑️ 0 мусор
2026-05-18 19:38:41,102 | INFO     |   → 422/911: ✅ 14 взято | 🗑️ 250 мусор
2026-05-18 19:38:41,102 | INFO     |   → 423/911: ✅ 1 взято | 🗑️ 8 мусор
2026-05-18 19:38:41,102 | INFO     |   → 424/911: ✅ 1 взято | 🗑️ 17 мусор
2026-05-18 19:38:41,102 | INFO     |   → 425/911: ✅ 4 взято | 🗑️ 11 мусор
2026-05-18 19:38:41,102 | INFO     |   → 426/911: ✅ 0 взято | 🗑️ 0 мусор
2026-05-18 19:38:41,102 | INFO     |   → 427/911: ✅ 0 взято | 🗑️ 137 мусор
2026-05-18 19:38:41,102 | INFO     |   → 428/911: ✅ 0 взято | 🗑️ 32 мусор
2026-05-18 19:38:41,102 | INFO     |   → 429/911: ✅ 2 взято | 🗑️ 19 мусор
2026-05-18 19:38:41,102 | INFO     |   → 430/911: ✅ 0 взято | 🗑️ 43 мусор
2026-05-18 19:38:41,102 | INFO     |   → 431/911: ✅ 0 взято | 🗑️ 43 мусор
2026-05-18 19:38:41,102 | INFO     |   → 432/911 ❌ HTTP 404 — https://raw.githubusercontent.com/Iran-v2ray/v2ray/main/v2ray
2026-05-18 19:38:41,102 | INFO     |   → 433/911: ✅ 0 взято | 🗑️ 1 мусор
2026-05-18 19:38:41,102 | INFO     |   → 434/911: ✅ 0 взято | 🗑️ 1 мусор
2026-05-18 19:38:41,102 | INFO     |   → 435/911: ✅ 0 взято | 🗑️ 28 мусор
2026-05-18 19:38:41,102 | INFO     |   → 436/911: ✅ 14 взято | 🗑️ 282 мусор
2026-05-18 19:38:41,102 | INFO     |   → 437/911: ✅ 0 взято | 🗑️ 94 мусор
2026-05-18 19:38:41,102 | INFO     |   → 438/911: ✅ 0 взято | 🗑️ 0 мусор
2026-05-18 19:38:41,102 | INFO     |   → 439/911: ✅ 0 взято | 🗑️ 0 мусор
2026-05-18 19:38:41,103 | INFO     |   → 440/911 ❌ HTTP 404 — https://raw.githubusercontent.com/Kwinshadow/TelegramV2rayCollector/raw/refs/heads/main/sublinks/mix.txt
2026-05-18 19:38:41,103 | INFO     |   → 441/911 ❌ HTTP 404 — https://raw.githubusercontent.com/LalatinaHub/Mineral/raw/refs/heads/master/result/nodes
2026-05-18 19:38:41,103 | INFO     |   → 442/911 ❌ HTTP 404 — https://raw.githubusercontent.com/Leon406/SubCrawler/main/sub/share/all3
2026-05-18 19:38:41,103 | INFO     |   → 443/911 ❌ HTTP 404 — https://raw.githubusercontent.com/Leon406/SubCrawler/main/sub/share/all4
2026-05-18 19:38:41,103 | INFO     |   → 444/911: ✅ 4 взято | 🗑️ 335 мусор
2026-05-18 19:38:41,103 | INFO     |   → 445/911: ✅ 0 взято | 🗑️ 33 мусор
2026-05-18 19:38:41,103 | INFO     |   → 446/911: ✅ 0 взято | 🗑️ 6 мусор
2026-05-18 19:38:41,103 | INFO     |   → 447/911: ✅ 0 взято | 🗑️ 147 мусор
2026-05-18 19:38:41,103 | INFO     |   → 448/911 ❌ HTTP 404 — https://raw.githubusercontent.com/M-Mashreghi/free-config-collector/main/Splitted-By-Protocol/ssr.txt
2026-05-18 19:38:41,103 | INFO     |   → 449/911: ✅ 139 взято | 🗑️ 114 мусор
2026-05-18 19:38:41,103 | INFO     |   → 450/911: ✅ 126 взято | 🗑️ 137 мусор
2026-05-18 19:38:41,103 | INFO     |   → 451/911: ✅ 0 взято | 🗑️ 12 мусор
2026-05-18 19:38:41,103 | INFO     |   → 452/911: ✅ 0 взято | 🗑️ 1 мусор
2026-05-18 19:38:41,103 | INFO     |   → 453/911: ✅ 24 взято | 🗑️ 282 мусор
2026-05-18 19:38:41,103 | INFO     |   → 454/911: ✅ 0 взято | 🗑️ 282 мусор
2026-05-18 19:38:41,103 | INFO     |   → 455/911 ❌ HTTP 404 — https://raw.githubusercontent.com/MatinGhanbari/v2ray-configs/main/subscriptions/filtered/subs/hy2.txt
2026-05-18 19:38:41,103 | INFO     |   → 456/911: ✅ 29 взято | 🗑️ 1518 мусор
2026-05-18 19:38:41,103 | INFO     |   → 457/911 ❌ HTTP 404 — https://raw.githubusercontent.com/MatinGhanbari/v2ray-configs/main/subscriptions/filtered/subs/ssr.txt
2026-05-18 19:38:41,103 | INFO     |   → 458/911: ✅ 51 взято | 🗑️ 502 мусор
2026-05-18 19:38:41,103 | INFO     |   → 459/911 ❌ HTTP 404 — https://raw.githubusercontent.com/MatinGhanbari/v2ray-configs/main/subscriptions/filtered/subs/tuic.txt
2026-05-18 19:38:41,103 | INFO     |   → 460/911: ✅ 14 взято | 🗑️ 242 мусор
2026-05-18 19:38:41,103 | INFO     |   → 461/911: ✅ 219 взято | 🗑️ 1355 мусор
2026-05-18 19:38:41,103 | INFO     |   → 462/911: ✅ 0 взято | 🗑️ 2 мусор
2026-05-18 19:38:41,103 | INFO     |   → 463/911: ✅ 73 взято | 🗑️ 718 мусор
2026-05-18 19:38:41,103 | INFO     |   → 464/911: ✅ 0 взято | 🗑️ 367 мусор
2026-05-18 19:38:41,103 | INFO     |   → 465/911: ✅ 0 взято | 🗑️ 367 мусор
2026-05-18 19:38:41,103 | INFO     |   → 466/911: ✅ 0 взято | 🗑️ 12 мусор
2026-05-18 19:38:41,103 | INFO     |   → 467/911: ✅ 0 взято | 🗑️ 2 мусор
2026-05-18 19:38:41,103 | INFO     |   → 468/911: ✅ 0 взято | 🗑️ 273 мусор
2026-05-18 19:38:41,103 | INFO     |   → 469/911: ✅ 0 взято | 🗑️ 72 мусор
2026-05-18 19:38:41,104 | INFO     |   → 470/911 ❌ HTTP 404 — https://raw.githubusercontent.com/MhdiTaheri/V2rayCollector/raw/refs/heads/main/sub/mix
2026-05-18 19:38:41,104 | INFO     |   → 471/911: ✅ 53 взято | 🗑️ 267 мусор
2026-05-18 19:38:41,104 | INFO     |   → 472/911 ❌ HTTP 404 — https://raw.githubusercontent.com/MhdiTaheri/V2rayCollector_Py/raw/refs/heads/main/sub/Mix/mix.txt
2026-05-18 19:38:41,104 | INFO     |   → 473/911: ✅ 0 взято | 🗑️ 0 мусор
2026-05-18 19:38:41,104 | INFO     |   → 474/911: ✅ 43 взято | 🗑️ 217 мусор
2026-05-18 19:38:41,104 | INFO     |   → 475/911: ✅ 0 взято | 🗑️ 31 мусор
2026-05-18 19:38:41,104 | INFO     |   → 476/911: ✅ 93 взято | 🗑️ 282 мусор
2026-05-18 19:38:41,104 | INFO     |   → 477/911: ✅ 0 взято | 🗑️ 26 мусор
2026-05-18 19:38:41,104 | INFO     |   → 478/911 ❌ HTTP 404 — https://raw.githubusercontent.com/MrMohebi/xray-proxy-grabber-telegram/master/collected-proxies/clash-meta/all.yaml
2026-05-18 19:38:41,104 | INFO     |   → 479/911 ❌ HTTP 404 — https://raw.githubusercontent.com/MrMohebi/xray-proxy-grabber-telegram/master/collected-proxies/row-url/actives.txt
2026-05-18 19:38:41,104 | INFO     |   → 480/911 ❌ HTTP 404 — https://raw.githubusercontent.com/MrMohebi/xray-proxy-grabber-telegram/master/collected-proxies/row-url/all.txt
2026-05-18 19:38:41,104 | INFO     |   → 481/911: ✅ 0 взято | 🗑️ 13 мусор
2026-05-18 19:38:41,104 | INFO     |   → 482/911: ✅ 0 взято | 🗑️ 13 мусор
2026-05-18 19:38:41,104 | INFO     |   → 483/911: ✅ 5 взято | 🗑️ 15 мусор
2026-05-18 19:38:41,104 | INFO     |   → 484/911: ✅ 0 взято | 🗑️ 30 мусор
2026-05-18 19:38:41,104 | INFO     |   → 485/911: ✅ 0 взято | 🗑️ 15 мусор
2026-05-18 19:38:41,104 | INFO     |   → 486/911: ✅ 66 взято | 🗑️ 123 мусор
2026-05-18 19:38:41,104 | INFO     |   → 487/911: ✅ 175 взято | 🗑️ 582 мусор
2026-05-18 19:38:41,104 | INFO     |   → 488/911: ✅ 0 взято | 🗑️ 0 мусор
2026-05-18 19:38:41,104 | INFO     |   → 489/911 ❌ HTTP 404 — https://raw.githubusercontent.com/OpenCNLink/freevpn/3cfcff048bfdd1493ccffa52ecf30ce7f9fc6b28/src/list/vmess.txt
2026-05-18 19:38:41,104 | INFO     |   → 490/911 ❌ HTTP 404 — https://raw.githubusercontent.com/Pawdro/Collection/main/sub
2026-05-18 19:38:41,104 | INFO     |   → 491/911: ✅ 0 взято | 🗑️ 20 мусор
2026-05-18 19:38:41,104 | INFO     |   → 492/911: ✅ 0 взято | 🗑️ 20 мусор
2026-05-18 19:38:41,104 | INFO     |   → 493/911: ✅ 0 взято | 🗑️ 0 мусор
2026-05-18 19:38:41,104 | INFO     |   → 494/911: ✅ 0 взято | 🗑️ 0 мусор
2026-05-18 19:38:41,104 | INFO     |   → 495/911: ✅ 0 взято | 🗑️ 50 мусор
2026-05-18 19:38:41,104 | INFO     |   → 496/911: ✅ 5 взято | 🗑️ 206 мусор
2026-05-18 19:38:41,104 | INFO     |   → 497/911: ✅ 21 взято | 🗑️ 138 мусор
2026-05-18 19:38:41,104 | INFO     |   → 498/911: ✅ 23 взято | 🗑️ 89 мусор
2026-05-18 19:38:41,104 | INFO     |   → 499/911: ✅ 9 взято | 🗑️ 85 мусор
2026-05-18 19:38:41,104 | INFO     |   → 500/911: ✅ 0 взято | 🗑️ 129 мусор
2026-05-18 19:38:41,105 | INFO     |   → 501/911: ✅ 0 взято | 🗑️ 81 мусор
2026-05-18 19:38:41,105 | INFO     |   → 502/911 ❌ HTTP 404 — https://raw.githubusercontent.com/STR97/STRUGOV/refs/heads/main/STR.BYPASS
2026-05-18 19:38:41,105 | INFO     |   → 503/911: ✅ 4 взято | 🗑️ 34 мусор
2026-05-18 19:38:41,105 | INFO     |   → 504/911: ✅ 11 взято | 🗑️ 16 мусор
2026-05-18 19:38:41,105 | INFO     |   → 505/911: ✅ 0 взято | 🗑️ 16 мусор
2026-05-18 19:38:41,105 | INFO     |   → 506/911: ✅ 0 взято | 🗑️ 27 мусор
2026-05-18 19:38:41,105 | INFO     |   → 507/911: ✅ 140 взято | 🗑️ 1153 мусор
2026-05-18 19:38:41,105 | INFO     |   → 508/911: ✅ 29 взято | 🗑️ 54 мусор
2026-05-18 19:38:41,105 | INFO     |   → 509/911: ✅ 0 взято | 🗑️ 9 мусор
2026-05-18 19:38:41,105 | INFO     |   → 510/911: ✅ 0 взято | 🗑️ 0 мусор
2026-05-18 19:38:41,105 | INFO     |   → 511/911: ✅ 2 взято | 🗑️ 1 мусор
2026-05-18 19:38:41,105 | INFO     |   → 512/911: ✅ 0 взято | 🗑️ 9 мусор
2026-05-18 19:38:41,105 | INFO     |   → 513/911: ✅ 0 взято | 🗑️ 1 мусор
2026-05-18 19:38:41,105 | INFO     |   → 514/911: ✅ 4 взято | 🗑️ 291 мусор
2026-05-18 19:38:41,105 | INFO     |   → 515/911: ✅ 0 взято | 🗑️ 119 мусор
2026-05-18 19:38:41,105 | INFO     |   → 516/911: ✅ 0 взято | 🗑️ 0 мусор
2026-05-18 19:38:41,105 | INFO     |   → 517/911 ❌ HTTP 404 — https://raw.githubusercontent.com/V2RAYCONFIGSPOOL/V2RAY_SUB/main/V2RAY_SUB.txt
2026-05-18 19:38:41,105 | INFO     |   → 518/911: ✅ 14 взято | 🗑️ 123 мусор
2026-05-18 19:38:41,105 | INFO     |   → 519/911: ✅ 19 взято | 🗑️ 76 мусор
2026-05-18 19:38:41,105 | INFO     |   → 520/911: ✅ 0 взято | 🗑️ 0 мусор
2026-05-18 19:38:41,105 | INFO     |   → 521/911: ✅ 0 взято | 🗑️ 76 мусор
2026-05-18 19:38:41,105 | INFO     |   → 522/911: ✅ 58 взято | 🗑️ 348 мусор
2026-05-18 19:38:41,105 | INFO     |   → 523/911: ✅ 1 взято | 🗑️ 231 мусор
2026-05-18 19:38:41,105 | INFO     |   → 524/911: ✅ 0 взято | 🗑️ 0 мусор
2026-05-18 19:38:41,105 | INFO     |   → 525/911: ✅ 1 взято | 🗑️ 83 мусор
2026-05-18 19:38:41,105 | INFO     |   → 526/911: ✅ 0 взято | 🗑️ 16 мусор
2026-05-18 19:38:41,105 | INFO     |   → 527/911: ✅ 0 взято | 🗑️ 16 мусор
2026-05-18 19:38:41,105 | INFO     |   → 528/911 ❌ HTTP 404 — https://raw.githubusercontent.com/aiboboxx/clashfree/main/clash.yml
2026-05-18 19:38:41,105 | INFO     |   → 529/911 ❌ HTTP 404 — https://raw.githubusercontent.com/aiboboxx/v2rayfree/main/v2
2026-05-18 19:38:41,105 | INFO     |   → 530/911 ❌ HTTP 404 — https://raw.githubusercontent.com/amirmohammad-mohammad-88/Sub-Reality-Azadi-config/Config/Azadi-Reality-Different
2026-05-18 19:38:41,105 | INFO     |   → 531/911 ❌ HTTP 404 — https://raw.githubusercontent.com/amirmohammad-mohammad-88/Sub-Reality-Azadi-config/Config/Azadi-Reality-Different-Base64
2026-05-18 19:38:41,106 | INFO     |   → 532/911: ✅ 1 взято | 🗑️ 17 мусор
2026-05-18 19:38:41,106 | INFO     |   → 533/911: ✅ 0 взято | 🗑️ 0 мусор
2026-05-18 19:38:41,106 | INFO     |   → 534/911: ✅ 4 взято | 🗑️ 114 мусор
2026-05-18 19:38:41,106 | INFO     |   → 535/911: ✅ 20 взято | 🗑️ 71 мусор
2026-05-18 19:38:41,106 | INFO     |   → 536/911 ❌ HTTP 404 — https://raw.githubusercontent.com/awesome-vpn/awesome-vpn/master/ss
2026-05-18 19:38:41,106 | INFO     |   → 537/911 ❌ HTTP 404 — https://raw.githubusercontent.com/awesome-vpn/awesome-vpn/master/ssr
2026-05-18 19:38:41,106 | INFO     |   → 538/911: ✅ 0 взято | 🗑️ 0 мусор
2026-05-18 19:38:41,106 | INFO     |   → 539/911: ✅ 1 взято | 🗑️ 22 мусор
2026-05-18 19:38:41,106 | INFO     |   → 540/911: ✅ 0 взято | 🗑️ 278 мусор
2026-05-18 19:38:41,106 | INFO     |   → 541/911 ❌ HTTP 404 — https://raw.githubusercontent.com/barry-far/V2ray-Configs/ced94ddfff48276ec365b40227561f36b1b64bc8/Sub5.txt
2026-05-18 19:38:41,106 | INFO     |   → 542/911 ❌ HTTP 404 — https://raw.githubusercontent.com/barry-far/V2ray-Configs/main/Splitted-By-Protocol/hysteria2.txt
2026-05-18 19:38:41,106 | INFO     |   → 543/911 ❌ HTTP 404 — https://raw.githubusercontent.com/barry-far/V2ray-Configs/main/Splitted-By-Protocol/vless.txt
2026-05-18 19:38:41,106 | INFO     |   → 544/911 ❌ HTTP 404 — https://raw.githubusercontent.com/barry-far/V2ray-Configs/main/Sub1.txt
2026-05-18 19:38:41,106 | INFO     |   → 545/911 ❌ HTTP 404 — https://raw.githubusercontent.com/barry-far/V2ray-Configs/refs/heads/main/All_Configs_Sub.txt
2026-05-18 19:38:41,106 | INFO     |   → 546/911: ✅ 0 взято | 🗑️ 0 мусор
2026-05-18 19:38:41,106 | INFO     |   → 547/911 ❌ HTTP 404 — https://raw.githubusercontent.com/budamu/clashconfig/main/v2ray.txt
2026-05-18 19:38:41,106 | INFO     |   → 548/911 ❌ HTTP 404 — https://raw.githubusercontent.com/budamu/clashconfig/main/v2ray2.txt
2026-05-18 19:38:41,106 | INFO     |   → 549/911: ✅ 0 взято | 🗑️ 0 мусор
2026-05-18 19:38:41,106 | INFO     |   → 550/911: ✅ 0 взято | 🗑️ 442 мусор
2026-05-18 19:38:41,106 | INFO     |   → 551/911: ✅ 0 взято | 🗑️ 0 мусор
2026-05-18 19:38:41,106 | INFO     |   → 552/911 ❌ HTTP 404 — https://raw.githubusercontent.com/chxxyz2004/zd/17fca23b73c46b5dd73e9be49b14d219b5e5f836/sub/2401/240110.txt
2026-05-18 19:38:41,106 | INFO     |   → 553/911: ✅ 0 взято | 🗑️ 44 мусор
2026-05-18 19:38:41,106 | INFO     |   → 554/911: ✅ 236 взято | 🗑️ 517 мусор
2026-05-18 19:38:41,106 | INFO     |   → 555/911 ❌ HTTP 404 — https://raw.githubusercontent.com/cxr9912/cxr2022/main/free.yaml
2026-05-18 19:38:41,106 | INFO     |   → 556/911 ❌ HTTP 404 — https://raw.githubusercontent.com/cxr9912/cxr2022/main/mix.yaml
2026-05-18 19:38:41,106 | INFO     |   → 557/911 ❌ HTTP 404 — https://raw.githubusercontent.com/cxr9912/cxr2022/main/ss.yaml
2026-05-18 19:38:41,106 | INFO     |   → 558/911 ❌ HTTP 404 — https://raw.githubusercontent.com/cxr9912/cxr2022/main/ssr.yaml
2026-05-18 19:38:41,106 | INFO     |   → 559/911 ❌ HTTP 404 — https://raw.githubusercontent.com/cxr9912/cxr2022/main/vmess.yaml
2026-05-18 19:38:41,107 | INFO     |   → 560/911 ❌ HTTP 404 — https://raw.githubusercontent.com/cxr9912/cxr2022/refs/heads/main/18cj.json
2026-05-18 19:38:41,107 | INFO     |   → 561/911 ❌ HTTP 404 — https://raw.githubusercontent.com/cxr9912/cxr2022/refs/heads/main/aaaaaaaa.yaml
2026-05-18 19:38:41,107 | INFO     |   → 562/911 ❌ HTTP 404 — https://raw.githubusercontent.com/cxr9912/cxr2022/refs/heads/main/free.yaml
2026-05-18 19:38:41,107 | INFO     |   → 563/911 ❌ HTTP 404 — https://raw.githubusercontent.com/cxr9912/cxr2022/refs/heads/main/ss2088.txt
2026-05-18 19:38:41,107 | INFO     |   → 564/911: ✅ 0 взято | 🗑️ 18 мусор
2026-05-18 19:38:41,107 | INFO     |   → 565/911: ✅ 0 взято | 🗑️ 18 мусор
2026-05-18 19:38:41,107 | INFO     |   → 566/911: ✅ 6 взято | 🗑️ 78 мусор
2026-05-18 19:38:41,107 | INFO     |   → 567/911: ✅ 6 взято | 🗑️ 4 мусор
2026-05-18 19:38:41,107 | INFO     |   → 568/911: ✅ 0 взято | 🗑️ 2 мусор
2026-05-18 19:38:41,107 | INFO     |   → 569/911: ✅ 0 взято | 🗑️ 2 мусор
2026-05-18 19:38:41,107 | INFO     |   → 570/911: ✅ 0 взято | 🗑️ 2 мусор
2026-05-18 19:38:41,107 | INFO     |   → 571/911: ✅ 0 взято | 🗑️ 3 мусор
2026-05-18 19:38:41,107 | INFO     |   → 572/911: ✅ 0 взято | 🗑️ 2 мусор
2026-05-18 19:38:41,107 | INFO     |   → 573/911: ✅ 0 взято | 🗑️ 9 мусор
2026-05-18 19:38:41,107 | INFO     |   → 574/911: ✅ 1 взято | 🗑️ 1 мусор
2026-05-18 19:38:41,107 | INFO     |   → 575/911: ✅ 0 взято | 🗑️ 10 мусор
2026-05-18 19:38:41,107 | INFO     |   → 576/911: ✅ 0 взято | 🗑️ 2 мусор
2026-05-18 19:38:41,107 | INFO     |   → 577/911: ✅ 0 взято | 🗑️ 0 мусор
2026-05-18 19:38:41,107 | INFO     |   → 578/911: ✅ 1924 взято | 🗑️ 39312 мусор
2026-05-18 19:38:41,107 | INFO     |   → 579/911: ✅ 62 взято | 🗑️ 935 мусор
2026-05-18 19:38:41,107 | INFO     |   → 580/911: ✅ 6 взято | 🗑️ 113 мусор
2026-05-18 19:38:41,107 | INFO     |   → 581/911: ✅ 0 взято | 🗑️ 0 мусор
2026-05-18 19:38:41,107 | INFO     |   → 582/911: ✅ 1 взято | 🗑️ 25 мусор
2026-05-18 19:38:41,107 | INFO     |   → 583/911: ✅ 0 взято | 🗑️ 0 мусор
2026-05-18 19:38:41,107 | INFO     |   → 584/911: ✅ 13 взято | 🗑️ 19 мусор
2026-05-18 19:38:41,107 | INFO     |   → 585/911: ✅ 0 взято | 🗑️ 5 мусор
2026-05-18 19:38:41,107 | INFO     |   → 586/911: ✅ 2 взято | 🗑️ 80 мусор
2026-05-18 19:38:41,108 | INFO     |   → 587/911 ❌ HTTP 404 — https://raw.githubusercontent.com/free-nodes/v2rayfree/main/v2
2026-05-18 19:38:41,108 | INFO     |   → 588/911 ❌ HTTP 404 — https://raw.githubusercontent.com/free-v2ray-config/trojan/main/trojan.txt
2026-05-18 19:38:41,108 | INFO     |   → 589/911 ❌ HTTP 404 — https://raw.githubusercontent.com/free-v2ray-config/vless/main/vless.txt
2026-05-18 19:38:41,108 | INFO     |   → 590/911 ❌ HTTP 404 — https://raw.githubusercontent.com/free-v2ray-config/vmess/main/vmess.txt
2026-05-18 19:38:41,108 | INFO     |   → 591/911: ✅ 5 взято | 🗑️ 169 мусор
2026-05-18 19:38:41,108 | INFO     |   → 592/911: ✅ 34 взято | 🗑️ 121 мусор
2026-05-18 19:38:41,108 | INFO     |   → 593/911: ✅ 4 взято | 🗑️ 97 мусор
2026-05-18 19:38:41,108 | INFO     |   → 594/911 ❌ HTTP 404 — https://raw.githubusercontent.com/free18/v2ray/main/Clash.yaml
2026-05-18 19:38:41,108 | INFO     |   → 595/911: ✅ 0 взято | 🗑️ 0 мусор
2026-05-18 19:38:41,108 | INFO     |   → 596/911: ✅ 0 взято | 🗑️ 15 мусор
2026-05-18 19:38:41,108 | INFO     |   → 597/911: ✅ 0 взято | 🗑️ 0 мусор
2026-05-18 19:38:41,108 | INFO     |   → 598/911: ✅ 0 взято | 🗑️ 8 мусор
2026-05-18 19:38:41,108 | INFO     |   → 599/911: ✅ 0 взято | 🗑️ 8 мусор
2026-05-18 19:38:41,108 | INFO     |   → 600/911: ✅ 0 взято | 🗑️ 8 мусор
2026-05-18 19:38:41,108 | INFO     |   → 601/911: ✅ 0 взято | 🗑️ 8 мусор
2026-05-18 19:38:41,108 | INFO     |   → 602/911 ❌ HTTP 404 — https://raw.githubusercontent.com/freev2rayconfig/V2RAY_SUB/3e6a7786a1601ee3723e8d043ae79e70dbdfd9a8/v2rayconfigs.txt
2026-05-18 19:38:41,108 | INFO     |   → 603/911 ❌ HTTP 404 — https://raw.githubusercontent.com/freev2rayconfig/V2RAY_SUBSCRIPTION_LINK/main/v2rayconfigs.txt
2026-05-18 19:38:41,108 | INFO     |   → 604/911 ❌ HTTP 404 — https://raw.githubusercontent.com/gfpcom/free-proxy-list/main/list/http.txt
2026-05-18 19:38:41,108 | INFO     |   → 605/911 ❌ HTTP 404 — https://raw.githubusercontent.com/gfpcom/free-proxy-list/main/list/https.txt
2026-05-18 19:38:41,108 | INFO     |   → 606/911 ❌ HTTP 404 — https://raw.githubusercontent.com/gfpcom/free-proxy-list/main/list/socks4.txt
2026-05-18 19:38:41,108 | INFO     |   → 607/911 ❌ HTTP 404 — https://raw.githubusercontent.com/gfpcom/free-proxy-list/main/list/socks4a.txt
2026-05-18 19:38:41,108 | INFO     |   → 608/911 ❌ HTTP 404 — https://raw.githubusercontent.com/gfpcom/free-proxy-list/main/list/socks5.txt
2026-05-18 19:38:41,108 | INFO     |   → 609/911 ❌ HTTP 404 — https://raw.githubusercontent.com/gfpcom/free-proxy-list/main/list/socks5h.txt
2026-05-18 19:38:41,108 | INFO     |   → 610/911 ❌ HTTP 404 — https://raw.githubusercontent.com/gfpcom/free-proxy-list/main/list/ss.txt
2026-05-18 19:38:41,108 | INFO     |   → 611/911 ❌ HTTP 404 — https://raw.githubusercontent.com/gfpcom/free-proxy-list/main/list/ssr.txt
2026-05-18 19:38:41,108 | INFO     |   → 612/911 ❌ HTTP 404 — https://raw.githubusercontent.com/gfpcom/free-proxy-list/main/list/trojan.txt
2026-05-18 19:38:41,108 | INFO     |   → 613/911 ❌ HTTP 404 — https://raw.githubusercontent.com/gfpcom/free-proxy-list/main/list/vless.txt
2026-05-18 19:38:41,109 | INFO     |   → 614/911 ❌ HTTP 404 — https://raw.githubusercontent.com/gfpcom/free-proxy-list/main/list/vmess.txt
2026-05-18 19:38:41,109 | INFO     |   → 615/911: ✅ 0 взято | 🗑️ 17 мусор
2026-05-18 19:38:41,109 | INFO     |   → 616/911: ✅ 0 взято | 🗑️ 0 мусор
2026-05-18 19:38:41,109 | INFO     |   → 617/911: ✅ 4 взято | 🗑️ 63 мусор
2026-05-18 19:38:41,109 | INFO     |   → 618/911 ❌ HTTP 404 — https://raw.githubusercontent.com/hameed-maleki/TVC/89a4522969c57dcc22458cae9898426e5c4f2679/lite/config.txt
2026-05-18 19:38:41,109 | INFO     |   → 619/911: ✅ 5 взято | 🗑️ 132 мусор
2026-05-18 19:38:41,109 | INFO     |   → 620/911: ✅ 0 взято | 🗑️ 56 мусор
2026-05-18 19:38:41,109 | INFO     |   → 621/911 ❌ HTTP 404 — https://raw.githubusercontent.com/hkaa0/permalink/main/proxy/V2ray
2026-05-18 19:38:41,109 | INFO     |   → 622/911 ❌ HTTP 404 — https://raw.githubusercontent.com/hkaa0/permalink/main/proxy/clash
2026-05-18 19:38:41,109 | INFO     |   → 623/911 ❌ HTTP 404 — https://raw.githubusercontent.com/hkpc/Autoproxy/6cf946ddfc677a29062007e4b47d70674474baa7/sub/2401/240110.txt
2026-05-18 19:38:41,109 | INFO     |   → 624/911 ❌ HTTP 404 — https://raw.githubusercontent.com/hkpc/V2ray-Configs/7d9aa0dabf947af180a7dd6302818ed37950531a/Sub1.txt
2026-05-18 19:38:41,109 | INFO     |   → 625/911: ✅ 0 взято | 🗑️ 14 мусор
2026-05-18 19:38:41,109 | INFO     |   → 626/911: ✅ 16 взято | 🗑️ 16 мусор
2026-05-18 19:38:41,109 | INFO     |   → 627/911 ❌ HTTP 404 — https://raw.githubusercontent.com/iboxz/free-v2ray-collector/main/main
2026-05-18 19:38:41,109 | INFO     |   → 628/911: ✅ 10 взято | 🗑️ 18 мусор
2026-05-18 19:38:41,109 | INFO     |   → 629/911: ✅ 8 взято | 🗑️ 7 мусор
2026-05-18 19:38:41,109 | INFO     |   → 630/911: ✅ 56 взято | 🗑️ 218 мусор
2026-05-18 19:38:41,109 | INFO     |   → 631/911 ❌ HTTP 404 — https://raw.githubusercontent.com/igareck/vpn-configs-for-russia/refs/heads/main/Vless-Reality-White-Lists-Rus-Cable.txt
2026-05-18 19:38:41,109 | INFO     |   → 632/911: ✅ 6 взято | 🗑️ 125 мусор
2026-05-18 19:38:41,109 | INFO     |   → 633/911: ✅ 0 взято | 🗑️ 0 мусор
2026-05-18 19:38:41,109 | INFO     |   → 634/911: ✅ 0 взято | 🗑️ 0 мусор
2026-05-18 19:38:41,109 | INFO     |   → 635/911: ✅ 23 взято | 🗑️ 9 мусор
2026-05-18 19:38:41,109 | INFO     |   → 636/911: ✅ 0 взято | 🗑️ 0 мусор
2026-05-18 19:38:41,109 | INFO     |   → 637/911: ✅ 0 взято | 🗑️ 0 мусор
2026-05-18 19:38:41,109 | INFO     |   → 638/911: ✅ 0 взято | 🗑️ 12 мусор
2026-05-18 19:38:41,110 | INFO     |   → 639/911: ✅ 0 взято | 🗑️ 43 мусор
2026-05-18 19:38:41,110 | INFO     |   → 640/911 ❌ HTTP 404 — https://raw.githubusercontent.com/jw853355718/clash_233/master/config.yml
2026-05-18 19:38:41,110 | INFO     |   → 641/911: ✅ 0 взято | 🗑️ 210 мусор
2026-05-18 19:38:41,110 | INFO     |   → 642/911: ✅ 0 взято | 🗑️ 0 мусор
2026-05-18 19:38:41,110 | INFO     |   → 643/911: ✅ 0 взято | 🗑️ 0 мусор
2026-05-18 19:38:41,110 | INFO     |   → 644/911 ❌ HTTP 404 — https://raw.githubusercontent.com/lcx12901/v2ray-/master/sspool.herokuapp.com/yzcloud.yaml
2026-05-18 19:38:41,110 | INFO     |   → 645/911 ❌ HTTP 404 — https://raw.githubusercontent.com/lcx12901/v2ray-/master/sspool.herokuapp.com/yzcloud2.yaml
2026-05-18 19:38:41,110 | INFO     |   → 646/911: ✅ 0 взято | 🗑️ 0 мусор
2026-05-18 19:38:41,110 | INFO     |   → 647/911 ❌ HTTP 404 — https://raw.githubusercontent.com/learnhard-cn/free_proxy_ss/main/clash/config.yaml
2026-05-18 19:38:41,110 | INFO     |   → 648/911: ✅ 0 взято | 🗑️ 8 мусор
2026-05-18 19:38:41,110 | INFO     |   → 649/911: ✅ 0 взято | 🗑️ 4 мусор
2026-05-18 19:38:41,110 | INFO     |   → 650/911: ✅ 0 взято | 🗑️ 0 мусор
2026-05-18 19:38:41,110 | INFO     |   → 651/911: ✅ 0 взято | 🗑️ 4 мусор
2026-05-18 19:38:41,110 | INFO     |   → 652/911: ✅ 0 взято | 🗑️ 149 мусор
2026-05-18 19:38:41,110 | INFO     |   → 653/911: ✅ 0 взято | 🗑️ 421 мусор
2026-05-18 19:38:41,110 | INFO     |   → 654/911 ❌ HTTP 404 — https://raw.githubusercontent.com/lisylva-lee/v2dyku/main/ssr
2026-05-18 19:38:41,110 | INFO     |   → 655/911 ❌ HTTP 404 — https://raw.githubusercontent.com/lisylva-lee/v2dyku/main/v2dy
2026-05-18 19:38:41,110 | INFO     |   → 656/911: ✅ 0 взято | 🗑️ 53 мусор
2026-05-18 19:38:41,110 | INFO     |   → 657/911 ❌ HTTP 404 — https://raw.githubusercontent.com/luxl-1379/merge/77247d23def72b25226dfa741614e9b07a569c72/sub/sub_merge_base64.txt
2026-05-18 19:38:41,110 | INFO     |   → 658/911: ✅ 146 взято | 🗑️ 343 мусор
2026-05-18 19:38:41,110 | INFO     |   → 659/911: ✅ 0 взято | 🗑️ 116 мусор
2026-05-18 19:38:41,110 | INFO     |   → 660/911: ✅ 875 взято | 🗑️ 3989 мусор
2026-05-18 19:38:41,110 | INFO     |   → 661/911: ✅ 0 взято | 🗑️ 0 мусор
2026-05-18 19:38:41,110 | INFO     |   → 662/911: ✅ 0 взято | 🗑️ 3989 мусор
2026-05-18 19:38:41,110 | INFO     |   → 663/911: ✅ 20 взято | 🗑️ 370 мусор
2026-05-18 19:38:41,110 | INFO     |   → 664/911 ❌ HTTP 404 — https://raw.githubusercontent.com/mermeroo/Clash-V2ray/main/v2ray
2026-05-18 19:38:41,110 | INFO     |   → 665/911: ✅ 15 взято | 🗑️ 417 мусор
2026-05-18 19:38:41,111 | INFO     |   → 666/911: ✅ 6 взято | 🗑️ 102 мусор
2026-05-18 19:38:41,111 | INFO     |   → 667/911: ✅ 716 взято | 🗑️ 6258 мусор
2026-05-18 19:38:41,111 | INFO     |   → 668/911: ✅ 8 взято | 🗑️ 853 мусор
2026-05-18 19:38:41,111 | INFO     |   → 669/911: ✅ 32 взято | 🗑️ 69 мусор
2026-05-18 19:38:41,111 | INFO     |   → 670/911 ❌ HTTP 404 — https://raw.githubusercontent.com/mermeroo/free-v2ray-collector/main/main/mix
2026-05-18 19:38:41,111 | INFO     |   → 671/911 ❌ HTTP 404 — https://raw.githubusercontent.com/mermeroo/free-v2ray-collector/main/main/reality
2026-05-18 19:38:41,111 | INFO     |   → 672/911 ❌ HTTP 404 — https://raw.githubusercontent.com/mermeroo/free-v2ray-collector/main/main/shadowsocks
2026-05-18 19:38:41,111 | INFO     |   → 673/911 ❌ HTTP 404 — https://raw.githubusercontent.com/mermeroo/free-v2ray-collector/main/main/trojan
2026-05-18 19:38:41,111 | INFO     |   → 674/911 ❌ HTTP 404 — https://raw.githubusercontent.com/mermeroo/free-v2ray-collector/main/main/vless
2026-05-18 19:38:41,111 | INFO     |   → 675/911 ❌ HTTP 404 — https://raw.githubusercontent.com/mermeroo/free-v2ray-collector/main/main/vmess
2026-05-18 19:38:41,111 | INFO     |   → 676/911 ❌ HTTP 404 — https://raw.githubusercontent.com/mfuu/v2ray/master/merge/merge.txt
2026-05-18 19:38:41,111 | INFO     |   → 677/911: ✅ 0 взято | 🗑️ 66 мусор
2026-05-18 19:38:41,111 | INFO     |   → 678/911: ✅ 0 взято | 🗑️ 66 мусор
2026-05-18 19:38:41,111 | INFO     |   → 679/911: ✅ 547 взято | 🗑️ 14569 мусор
2026-05-18 19:38:41,111 | INFO     |   → 680/911: ✅ 0 взято | 🗑️ 14569 мусор
2026-05-18 19:38:41,111 | INFO     |   → 681/911: ✅ 0 взято | 🗑️ 3087 мусор
2026-05-18 19:38:41,111 | INFO     |   → 682/911: ✅ 0 взято | 🗑️ 1819 мусор
2026-05-18 19:38:41,111 | INFO     |   → 683/911: ✅ 0 взято | 🗑️ 5177 мусор
2026-05-18 19:38:41,111 | INFO     |   → 684/911: ✅ 0 взято | 🗑️ 4486 мусор
2026-05-18 19:38:41,111 | INFO     |   → 685/911 ❌ HTTP 404 — https://raw.githubusercontent.com/mianous/qiren/main/qiren.txt
2026-05-18 19:38:41,111 | INFO     |   → 686/911 ❌ HTTP 404 — https://raw.githubusercontent.com/miladtahanian/V2RayCFGDumper/refs/heads/main/config.txt
2026-05-18 19:38:41,111 | INFO     |   → 687/911 ❌ HTTP 404 — https://raw.githubusercontent.com/miladtahanian/multi-proxy-config-fetcher/refs/heads/main/configs/proxy_configs.txt
2026-05-18 19:38:41,111 | INFO     |   → 688/911: ✅ 0 взято | 🗑️ 0 мусор
2026-05-18 19:38:41,111 | INFO     |   → 689/911: ✅ 0 взято | 🗑️ 0 мусор
2026-05-18 19:38:41,111 | INFO     |   → 690/911: ✅ 0 взято | 🗑️ 0 мусор
2026-05-18 19:38:41,111 | INFO     |   → 691/911: ✅ 15 взято | 🗑️ 46 мусор
2026-05-18 19:38:41,111 | INFO     |   → 692/911: ✅ 0 взято | 🗑️ 218 мусор
2026-05-18 19:38:41,111 | INFO     |   → 693/911: ✅ 0 взято | 🗑️ 0 мусор
2026-05-18 19:38:41,112 | INFO     |   → 694/911: ✅ 28 взято | 🗑️ 93 мусор
2026-05-18 19:38:41,112 | INFO     |   → 695/911: ✅ 0 взято | 🗑️ 0 мусор
2026-05-18 19:38:41,112 | INFO     |   → 696/911: ✅ 15 взято | 🗑️ 70 мусор
2026-05-18 19:38:41,112 | INFO     |   → 697/911: ✅ 127 взято | 🗑️ 492 мусор
2026-05-18 19:38:41,112 | INFO     |   → 698/911: ✅ 331 взято | 🗑️ 190 мусор
2026-05-18 19:38:41,112 | INFO     |   → 699/911: ✅ 27 взято | 🗑️ 763 мусор
2026-05-18 19:38:41,112 | INFO     |   → 700/911 ❌ HTTP 404 — https://raw.githubusercontent.com/obscure1990/freeVM/master/snippets/nodes.yml
2026-05-18 19:38:41,112 | INFO     |   → 701/911 ❌ HTTP 404 — https://raw.githubusercontent.com/op30mmd/things/909b38024ba14d69dc0f95c238f63bc6e930a00f/eut.txt
2026-05-18 19:38:41,112 | INFO     |   → 702/911 ❌ HTTP 404 — https://raw.githubusercontent.com/openRunner/clash-freenode/main/v2ray.txt
2026-05-18 19:38:41,112 | INFO     |   → 703/911 ❌ HTTP 404 — https://raw.githubusercontent.com/oslook/clash-freenode/main/clash.yaml
2026-05-18 19:38:41,112 | INFO     |   → 704/911: ✅ 0 взято | 🗑️ 0 мусор
2026-05-18 19:38:41,112 | INFO     |   → 705/911: ✅ 4 взято | 🗑️ 1 мусор
2026-05-18 19:38:41,112 | INFO     |   → 706/911: ✅ 0 взято | 🗑️ 0 мусор
2026-05-18 19:38:41,112 | INFO     |   → 707/911: ✅ 1 взято | 🗑️ 186 мусор
2026-05-18 19:38:41,112 | INFO     |   → 708/911: ✅ 0 взято | 🗑️ 0 мусор
2026-05-18 19:38:41,112 | INFO     |   → 709/911: ✅ 0 взято | 🗑️ 0 мусор
2026-05-18 19:38:41,112 | INFO     |   → 710/911: ✅ 0 взято | 🗑️ 19 мусор
2026-05-18 19:38:41,112 | INFO     |   → 711/911: ✅ 0 взято | 🗑️ 44 мусор
2026-05-18 19:38:41,112 | INFO     |   → 712/911: ✅ 63 взято | 🗑️ 521 мусор
2026-05-18 19:38:41,112 | INFO     |   → 713/911: ✅ 165 взято | 🗑️ 273 мусор
2026-05-18 19:38:41,112 | INFO     |   → 714/911: ✅ 0 взято | 🗑️ 0 мусор
2026-05-18 19:38:41,112 | INFO     |   → 715/911: ✅ 28 взято | 🗑️ 211 мусор
2026-05-18 19:38:41,112 | INFO     |   → 716/911: ✅ 0 взято | 🗑️ 79 мусор
2026-05-18 19:38:41,112 | INFO     |   → 717/911: ✅ 13 взято | 🗑️ 32 мусор
2026-05-18 19:38:41,112 | INFO     |   → 718/911: ✅ 0 взято | 🗑️ 0 мусор
2026-05-18 19:38:41,112 | INFO     |   → 719/911: ✅ 2 взято | 🗑️ 9 мусор
2026-05-18 19:38:41,112 | INFO     |   → 720/911: ✅ 11 взято | 🗑️ 76 мусор
2026-05-18 19:38:41,112 | INFO     |   → 721/911: ✅ 0 взято | 🗑️ 168 мусор
2026-05-18 19:38:41,113 | INFO     |   → 722/911: ✅ 0 взято | 🗑️ 79 мусор
2026-05-18 19:38:41,113 | INFO     |   → 723/911: ✅ 0 взято | 🗑️ 16 мусор
2026-05-18 19:38:41,113 | INFO     |   → 724/911 ❌ HTTP 404 — https://raw.githubusercontent.com/ronghuaxueleng/get_v2/main/pub/changfengoss.yaml
2026-05-18 19:38:41,113 | INFO     |   → 725/911: ✅ 0 взято | 🗑️ 0 мусор
2026-05-18 19:38:41,113 | INFO     |   → 726/911: ✅ 38 взято | 🗑️ 110 мусор
2026-05-18 19:38:41,113 | INFO     |   → 727/911: ✅ 0 взято | 🗑️ 110 мусор
2026-05-18 19:38:41,113 | INFO     |   → 728/911 ❌ HTTP 404 — https://raw.githubusercontent.com/rxsweet/CM_Vmess/refs/heads/main/test.txt
2026-05-18 19:38:41,113 | INFO     |   → 729/911 ❌ HTTP 404 — https://raw.githubusercontent.com/rxsweet/proxies/main/sub/free.yaml
2026-05-18 19:38:41,113 | INFO     |   → 730/911 ❌ HTTP 404 — https://raw.githubusercontent.com/rxsweet/proxies/main/sub/rx.yaml
2026-05-18 19:38:41,113 | INFO     |   → 731/911 ❌ HTTP 404 — https://raw.githubusercontent.com/rxsweet/proxies/main/sub/sources/dynamicAll.yaml
2026-05-18 19:38:41,113 | INFO     |   → 732/911 ❌ HTTP 404 — https://raw.githubusercontent.com/rxsweet/proxies/main/sub/sources/miningAll.yaml
2026-05-18 19:38:41,113 | INFO     |   → 733/911 ❌ HTTP 404 — https://raw.githubusercontent.com/rxsweet/proxies/main/sub/srx.yaml
2026-05-18 19:38:41,113 | INFO     |   → 734/911 ❌ HTTP 404 — https://raw.githubusercontent.com/sajad-sajadi/V2ray-Collector/raw/main/output/protocols/vmess.txt
2026-05-18 19:38:41,113 | INFO     |   → 735/911 ❌ HTTP 404 — https://raw.githubusercontent.com/sakha1370/OpenRay/raw/refs/heads/main/output/all_valid_proxies.txt
2026-05-18 19:38:41,113 | INFO     |   → 736/911: ✅ 53 взято | 🗑️ 399 мусор
2026-05-18 19:38:41,113 | INFO     |   → 737/911: ✅ 0 взято | 🗑️ 399 мусор
2026-05-18 19:38:41,113 | INFO     |   → 738/911 ❌ HTTP 404 — https://raw.githubusercontent.com/samjoeyang/subscribe/main/fly
2026-05-18 19:38:41,113 | INFO     |   → 739/911: ✅ 0 взято | 🗑️ 0 мусор
2026-05-18 19:38:41,113 | INFO     |   → 740/911 ❌ HTTP 404 — https://raw.githubusercontent.com/sarina-ad/v2ray/main/v2ray
2026-05-18 19:38:41,113 | INFO     |   → 741/911 ❌ HTTP 404 — https://raw.githubusercontent.com/satrom/V2SSR/master/SSR/Sub.txt
2026-05-18 19:38:41,113 | INFO     |   → 742/911 ❌ HTTP 404 — https://raw.githubusercontent.com/satrom/V2SSR/master/V2RAY/Sub.txt
2026-05-18 19:38:41,113 | INFO     |   → 743/911: ✅ 1875 взято | 🗑️ 43852 мусор
2026-05-18 19:38:41,113 | INFO     |   → 744/911: ✅ 0 взято | 🗑️ 0 мусор
2026-05-18 19:38:41,113 | INFO     |   → 745/911: ✅ 0 взято | 🗑️ 0 мусор
2026-05-18 19:38:41,113 | INFO     |   → 746/911: ✅ 3 взято | 🗑️ 49 мусор
2026-05-18 19:38:41,113 | INFO     |   → 747/911: ✅ 118 взято | 🗑️ 1239 мусор
2026-05-18 19:38:41,113 | INFO     |   → 748/911: ✅ 0 взято | 🗑️ 618 мусор
2026-05-18 19:38:41,114 | INFO     |   → 749/911: ✅ 0 взято | 🗑️ 59 мусор
2026-05-18 19:38:41,114 | INFO     |   → 750/911: ✅ 0 взято | 🗑️ 545 мусор
2026-05-18 19:38:41,114 | INFO     |   → 751/911: ✅ 0 взято | 🗑️ 17 мусор
2026-05-18 19:38:41,114 | INFO     |   → 752/911: ✅ 0 взято | 🗑️ 1239 мусор
2026-05-18 19:38:41,114 | INFO     |   → 753/911: ✅ 0 взято | 🗑️ 0 мусор
2026-05-18 19:38:41,114 | INFO     |   → 754/911 ❌ HTTP 404 — https://raw.githubusercontent.com/shirkerboy/scp/main/sub
2026-05-18 19:38:41,114 | INFO     |   → 755/911 ❌ HTTP 404 — https://raw.githubusercontent.com/snakem982/proxypool/main/nodelist.txt
2026-05-18 19:38:41,114 | INFO     |   → 756/911: ✅ 13 взято | 🗑️ 27 мусор
2026-05-18 19:38:41,114 | INFO     |   → 757/911 ❌ HTTP 404 — https://raw.githubusercontent.com/snakem982/proxypool/main/source/v2ray.txt
2026-05-18 19:38:41,114 | INFO     |   → 758/911 ❌ HTTP 404 — https://raw.githubusercontent.com/soroushmirzaei/telegram-configs-collector/main/channels/protocols/hysteria
2026-05-18 19:38:41,114 | INFO     |   → 759/911 ❌ HTTP 404 — https://raw.githubusercontent.com/soroushmirzaei/telegram-configs-collector/main/channels/protocols/juicity
2026-05-18 19:38:41,114 | INFO     |   → 760/911 ❌ HTTP 404 — https://raw.githubusercontent.com/soroushmirzaei/telegram-configs-collector/main/channels/protocols/reality
2026-05-18 19:38:41,114 | INFO     |   → 761/911 ❌ HTTP 404 — https://raw.githubusercontent.com/soroushmirzaei/telegram-configs-collector/main/channels/protocols/shadowsocks
2026-05-18 19:38:41,114 | INFO     |   → 762/911 ❌ HTTP 404 — https://raw.githubusercontent.com/soroushmirzaei/telegram-configs-collector/main/channels/protocols/trojan
2026-05-18 19:38:41,114 | INFO     |   → 763/911 ❌ HTTP 404 — https://raw.githubusercontent.com/soroushmirzaei/telegram-configs-collector/main/channels/protocols/tuic
2026-05-18 19:38:41,114 | INFO     |   → 764/911 ❌ HTTP 404 — https://raw.githubusercontent.com/soroushmirzaei/telegram-configs-collector/main/channels/protocols/vless
2026-05-18 19:38:41,114 | INFO     |   → 765/911 ❌ HTTP 404 — https://raw.githubusercontent.com/soroushmirzaei/telegram-configs-collector/main/channels/protocols/vmess
2026-05-18 19:38:41,114 | INFO     |   → 766/911 ❌ HTTP 404 — https://raw.githubusercontent.com/soroushmirzaei/telegram-configs-collector/main/countries/jp/mixed
2026-05-18 19:38:41,114 | INFO     |   → 767/911 ❌ HTTP 404 — https://raw.githubusercontent.com/soroushmirzaei/telegram-configs-collector/main/protocols/hysteria
2026-05-18 19:38:41,114 | INFO     |   → 768/911 ❌ HTTP 404 — https://raw.githubusercontent.com/soroushmirzaei/telegram-configs-collector/main/protocols/juicity
2026-05-18 19:38:41,114 | INFO     |   → 769/911 ❌ HTTP 404 — https://raw.githubusercontent.com/soroushmirzaei/telegram-configs-collector/main/protocols/reality
2026-05-18 19:38:41,114 | INFO     |   → 770/911 ❌ HTTP 404 — https://raw.githubusercontent.com/soroushmirzaei/telegram-configs-collector/main/protocols/shadowsocks
2026-05-18 19:38:41,114 | INFO     |   → 771/911 ❌ HTTP 404 — https://raw.githubusercontent.com/soroushmirzaei/telegram-configs-collector/main/protocols/trojan
2026-05-18 19:38:41,114 | INFO     |   → 772/911 ❌ HTTP 404 — https://raw.githubusercontent.com/soroushmirzaei/telegram-configs-collector/main/protocols/tuic
2026-05-18 19:38:41,114 | INFO     |   → 773/911 ❌ HTTP 404 — https://raw.githubusercontent.com/soroushmirzaei/telegram-configs-collector/main/protocols/vless
2026-05-18 19:38:41,114 | INFO     |   → 774/911 ❌ HTTP 404 — https://raw.githubusercontent.com/soroushmirzaei/telegram-configs-collector/main/protocols/vmess
2026-05-18 19:38:41,114 | INFO     |   → 775/911 ❌ HTTP 404 — https://raw.githubusercontent.com/soroushmirzaei/telegram-configs-collector/main/splitted/subscribe
2026-05-18 19:38:41,114 | INFO     |   → 776/911 ❌ HTTP 404 — https://raw.githubusercontent.com/ssrsub/ssr/master/Clash.yml
2026-05-18 19:38:41,115 | INFO     |   → 777/911 ❌ HTTP 404 — https://raw.githubusercontent.com/ssrsub/ssr/master/V2Ray
2026-05-18 19:38:41,115 | INFO     |   → 778/911 ❌ HTTP 404 — https://raw.githubusercontent.com/ssrsub/ssr/master/ss-sub
2026-05-18 19:38:41,115 | INFO     |   → 779/911 ❌ HTTP 404 — https://raw.githubusercontent.com/ssrsub/ssr/master/ssrsub
2026-05-18 19:38:41,115 | INFO     |   → 780/911 ❌ HTTP 404 — https://raw.githubusercontent.com/ssrsub/ssr/master/trojan
2026-05-18 19:38:41,115 | INFO     |   → 781/911: ✅ 0 взято | 🗑️ 0 мусор
2026-05-18 19:38:41,115 | INFO     |   → 782/911: ✅ 2 взято | 🗑️ 12 мусор
2026-05-18 19:38:41,115 | INFO     |   → 783/911: ✅ 0 взято | 🗑️ 13 мусор
2026-05-18 19:38:41,115 | INFO     |   → 784/911: ✅ 0 взято | 🗑️ 13 мусор
2026-05-18 19:38:41,115 | INFO     |   → 785/911 ❌ HTTP 404 — https://raw.githubusercontent.com/tbbatbb/Proxy/master/dist/clash.config.yaml
2026-05-18 19:38:41,115 | INFO     |   → 786/911: ✅ 2 взято | 🗑️ 35 мусор
2026-05-18 19:38:41,115 | INFO     |   → 787/911: ✅ 0 взято | 🗑️ 0 мусор
2026-05-18 19:38:41,115 | INFO     |   → 788/911: ✅ 5 взято | 🗑️ 111 мусор
2026-05-18 19:38:41,115 | INFO     |   → 789/911: ✅ 0 взято | 🗑️ 0 мусор
2026-05-18 19:38:41,115 | INFO     |   → 790/911: ✅ 3 взято | 🗑️ 87 мусор
2026-05-18 19:38:41,115 | INFO     |   → 791/911 ❌ HTTP 404 — https://raw.githubusercontent.com/v2clash/Autoproxy/a81f840ab2364124133572ec94e4b81fb0d4e58d/sub/2401/240104.txt
2026-05-18 19:38:41,115 | INFO     |   → 792/911 ❌ HTTP 404 — https://raw.githubusercontent.com/v2clash/V2ray-Configs/31f493c584d0c7b56350f4a34d80c53ad82bcc18/Sub9.txt
2026-05-18 19:38:41,115 | INFO     |   → 793/911: ✅ 0 взято | 🗑️ 0 мусор
2026-05-18 19:38:41,115 | INFO     |   → 794/911: ✅ 0 взято | 🗑️ 0 мусор
2026-05-18 19:38:41,115 | INFO     |   → 795/911: ✅ 0 взято | 🗑️ 0 мусор
2026-05-18 19:38:41,115 | INFO     |   → 796/911: ✅ 283 взято | 🗑️ 9640 мусор
2026-05-18 19:38:41,115 | INFO     |   → 797/911: ✅ 281 взято | 🗑️ 10086 мусор
2026-05-18 19:38:41,115 | INFO     |   → 798/911: ✅ 280 взято | 🗑️ 9675 мусор
2026-05-18 19:38:41,115 | INFO     |   → 799/911: ✅ 334 взято | 🗑️ 9823 мусор
2026-05-18 19:38:41,115 | INFO     |   → 800/911: ✅ 350 взято | 🗑️ 9639 мусор
2026-05-18 19:38:41,115 | INFO     |   → 801/911: ✅ 125 взято | 🗑️ 7919 мусор
2026-05-18 19:38:41,115 | INFO     |   → 802/911: ✅ 135 взято | 🗑️ 4836 мусор
2026-05-18 19:38:41,115 | INFO     |   → 803/911: ✅ 502 взято | 🗑️ 7659 мусор
2026-05-18 19:38:41,115 | INFO     |   → 804/911: ✅ 631 взято | 🗑️ 8081 мусор
2026-05-18 19:38:41,116 | INFO     |   → 805/911: ✅ 202 взято | 🗑️ 5131 мусор
2026-05-18 19:38:41,116 | INFO     |   → 806/911 ❌ HTTP 404 — https://raw.githubusercontent.com/vveg26/chromego_merge/main/sub/merged_proxies.yaml
2026-05-18 19:38:41,116 | INFO     |   → 807/911 ❌ HTTP 404 — https://raw.githubusercontent.com/vveg26/get_proxy/main/dist/clash.config.yaml
2026-05-18 19:38:41,116 | INFO     |   → 808/911: ✅ 0 взято | 🗑️ 10 мусор
2026-05-18 19:38:41,116 | INFO     |   → 809/911: ✅ 0 взято | 🗑️ 10 мусор
2026-05-18 19:38:41,116 | INFO     |   → 810/911: ✅ 0 взято | 🗑️ 4 мусор
2026-05-18 19:38:41,116 | INFO     |   → 811/911: ✅ 0 взято | 🗑️ 0 мусор
2026-05-18 19:38:41,116 | INFO     |   → 812/911: ✅ 0 взято | 🗑️ 4 мусор
2026-05-18 19:38:41,116 | INFO     |   → 813/911: ✅ 106 взято | 🗑️ 689 мусор
2026-05-18 19:38:41,116 | INFO     |   → 814/911: ✅ 48 взято | 🗑️ 841 мусор
2026-05-18 19:38:41,116 | INFO     |   → 815/911: ✅ 21 взято | 🗑️ 789 мусор
2026-05-18 19:38:41,116 | INFO     |   → 816/911: ✅ 24 взято | 🗑️ 774 мусор
2026-05-18 19:38:41,116 | INFO     |   → 817/911: ✅ 52 взято | 🗑️ 756 мусор
2026-05-18 19:38:41,116 | INFO     |   → 818/911: ✅ 191 взято | 🗑️ 745 мусор
2026-05-18 19:38:41,116 | INFO     |   → 819/911: ✅ 9 взято | 🗑️ 651 мусор
2026-05-18 19:38:41,116 | INFO     |   → 820/911: ✅ 185 взято | 🗑️ 388 мусор
2026-05-18 19:38:41,116 | INFO     |   → 821/911: ✅ 130 взято | 🗑️ 523 мусор
2026-05-18 19:38:41,116 | INFO     |   → 822/911: ✅ 67 взято | 🗑️ 533 мусор
2026-05-18 19:38:41,116 | INFO     |   → 823/911: ✅ 98 взято | 🗑️ 444 мусор
2026-05-18 19:38:41,116 | INFO     |   → 824/911: ✅ 102 взято | 🗑️ 670 мусор
2026-05-18 19:38:41,116 | INFO     |   → 825/911: ✅ 86 взято | 🗑️ 476 мусор
2026-05-18 19:38:41,116 | INFO     |   → 826/911: ✅ 95 взято | 🗑️ 657 мусор
2026-05-18 19:38:41,116 | INFO     |   → 827/911: ✅ 105 взято | 🗑️ 645 мусор
2026-05-18 19:38:41,116 | INFO     |   → 828/911: ✅ 115 взято | 🗑️ 985 мусор
2026-05-18 19:38:41,116 | INFO     |   → 829/911: ✅ 6 взято | 🗑️ 63 мусор
2026-05-18 19:38:41,116 | INFO     |   → 830/911: ✅ 7 взято | 🗑️ 62 мусор
2026-05-18 19:38:41,116 | INFO     |   → 831/911: ✅ 39 взято | 🗑️ 489 мусор
2026-05-18 19:38:41,117 | INFO     |   → 832/911: ✅ 0 взято | 🗑️ 0 мусор
2026-05-18 19:38:41,117 | INFO     |   → 833/911: ✅ 0 взято | 🗑️ 0 мусор
2026-05-18 19:38:41,117 | INFO     |   → 834/911: ✅ 0 взято | 🗑️ 0 мусор
2026-05-18 19:38:41,117 | INFO     |   → 835/911: ✅ 0 взято | 🗑️ 0 мусор
2026-05-18 19:38:41,117 | INFO     |   → 836/911: ✅ 0 взято | 🗑️ 0 мусор
2026-05-18 19:38:41,117 | INFO     |   → 837/911: ✅ 0 взято | 🗑️ 52 мусор
2026-05-18 19:38:41,117 | INFO     |   → 838/911: ✅ 5 взято | 🗑️ 10 мусор
2026-05-18 19:38:41,117 | INFO     |   → 839/911: ✅ 1 взято | 🗑️ 124 мусор
2026-05-18 19:38:41,117 | INFO     |   → 840/911: ✅ 91 взято | 🗑️ 77 мусор
2026-05-18 19:38:41,117 | INFO     |   → 841/911: ✅ 0 взято | 🗑️ 9 мусор
2026-05-18 19:38:41,117 | INFO     |   → 842/911: ✅ 44 взято | 🗑️ 466 мусор
2026-05-18 19:38:41,117 | INFO     |   → 843/911 ❌ HTTP 404 — https://raw.githubusercontent.com/xiaozhu2007/xiaozhu2007/61a755a044dbaeea678bc2d1e20f21a21c6d7170/docs/fxxk.txt
2026-05-18 19:38:41,117 | INFO     |   → 844/911: ✅ 1 взято | 🗑️ 159 мусор
2026-05-18 19:38:41,117 | INFO     |   → 845/911: ✅ 0 взято | 🗑️ 22 мусор
2026-05-18 19:38:41,117 | INFO     |   → 846/911: ✅ 0 взято | 🗑️ 0 мусор
2026-05-18 19:38:41,117 | INFO     |   → 847/911 ❌ HTTP 404 — https://raw.githubusercontent.com/yebekhe/TVC/0f745f92bf381e505f1245abbc7c145b19b11503/config.txt
2026-05-18 19:38:41,117 | INFO     |   → 848/911 ❌ HTTP 404 — https://raw.githubusercontent.com/yebekhe/TVC/9fac69239c69327fb7a61f5a8d79d107133889e1/lite/config.txt
2026-05-18 19:38:41,117 | INFO     |   → 849/911 ❌ HTTP 404 — https://raw.githubusercontent.com/yebekhe/TelegramV2rayCollector/main/sub/normal/donated
2026-05-18 19:38:41,117 | INFO     |   → 850/911 ❌ HTTP 404 — https://raw.githubusercontent.com/yebekhe/TelegramV2rayCollector/main/sub/normal/hysteria2
2026-05-18 19:38:41,117 | INFO     |   → 851/911 ❌ HTTP 404 — https://raw.githubusercontent.com/yebekhe/TelegramV2rayCollector/main/sub/normal/mix
2026-05-18 19:38:41,117 | INFO     |   → 852/911 ❌ HTTP 404 — https://raw.githubusercontent.com/yebekhe/TelegramV2rayCollector/main/sub/normal/reality
2026-05-18 19:38:41,117 | INFO     |   → 853/911 ❌ HTTP 404 — https://raw.githubusercontent.com/yebekhe/TelegramV2rayCollector/main/sub/normal/shadowsocks
2026-05-18 19:38:41,117 | INFO     |   → 854/911 ❌ HTTP 404 — https://raw.githubusercontent.com/yebekhe/TelegramV2rayCollector/main/sub/normal/trojan
2026-05-18 19:38:41,117 | INFO     |   → 855/911 ❌ HTTP 404 — https://raw.githubusercontent.com/yebekhe/TelegramV2rayCollector/main/sub/normal/tuic
2026-05-18 19:38:41,117 | INFO     |   → 856/911 ❌ HTTP 404 — https://raw.githubusercontent.com/yebekhe/TelegramV2rayCollector/main/sub/normal/vless
2026-05-18 19:38:41,117 | INFO     |   → 857/911 ❌ HTTP 404 — https://raw.githubusercontent.com/yebekhe/TelegramV2rayCollector/main/sub/normal/vmess
2026-05-18 19:38:41,117 | INFO     |   → 858/911 ❌ HTTP 404 — https://raw.githubusercontent.com/yebekhe/V2Hub/main/Split/Normal/shadowsocks
2026-05-18 19:38:41,117 | INFO     |   → 859/911 ❌ HTTP 404 — https://raw.githubusercontent.com/yebekhe/V2Hub/main/merged
2026-05-18 19:38:41,118 | INFO     |   → 860/911: ✅ 0 взято | 🗑️ 30 мусор
2026-05-18 19:38:41,118 | INFO     |   → 861/911: ✅ 929 взято | 🗑️ 7105 мусор
2026-05-18 19:38:41,118 | INFO     |   → 862/911: ✅ 8 взято | 🗑️ 338 мусор
2026-05-18 19:38:41,118 | INFO     |   → 863/911: ✅ 7 взято | 🗑️ 273 мусор
2026-05-18 19:38:41,118 | INFO     |   → 864/911: ✅ 304 взято | 🗑️ 241 мусор
2026-05-18 19:38:41,118 | INFO     |   → 865/911: ✅ 0 взято | 🗑️ 1382 мусор
2026-05-18 19:38:41,118 | INFO     |   → 866/911: ✅ 2 взято | 🗑️ 383 мусор
2026-05-18 19:38:41,118 | INFO     |   → 867/911 ❌ HTTP 404 — https://raw.githubusercontent.com/yyyr-otz/tele-providers-collector/019cb3e07ee52fddbc7caa54fc670c6b9bae6539/sub/proxies.txt
2026-05-18 19:38:41,118 | INFO     |   → 868/911 ❌ HTTP 404 — https://raw.githubusercontent.com/yyyr-otz/tele-providers-collector/b7a74ee98bcf02c5a507d688a1bed3aa9f7f4ed1/script/raw/protocols/mixed.txt
2026-05-18 19:38:41,118 | INFO     |   → 869/911: ✅ 0 взято | 🗑️ 0 мусор
2026-05-18 19:38:41,118 | INFO     |   → 870/911: ✅ 0 взято | 🗑️ 0 мусор
2026-05-18 19:38:41,118 | INFO     |   → 871/911: ✅ 1 взято | 🗑️ 18 мусор
2026-05-18 19:38:41,118 | INFO     |   → 872/911: ✅ 0 взято | 🗑️ 14 мусор
2026-05-18 19:38:41,118 | INFO     |   → 873/911: ✅ 0 взято | 🗑️ 5 мусор
2026-05-18 19:38:41,118 | INFO     |   → 874/911: ✅ 0 взято | 🗑️ 0 мусор
2026-05-18 19:38:41,118 | INFO     |   → 875/911 ⚠️ Ошибка: ('Connection aborted.', RemoteDisconnected('Remote end closed connection without response')) — https://sub.pmsub.me/clash.yaml
2026-05-18 19:38:41,118 | INFO     |   → 876/911: ✅ 0 взято | 🗑️ 1 мусор
2026-05-18 19:38:41,118 | INFO     |   → 877/911: ✅ 8 взято | 🗑️ 21 мусор
2026-05-18 19:38:41,118 | INFO     |   → 878/911: ✅ 0 взято | 🗑️ 0 мусор
2026-05-18 19:38:41,118 | INFO     |   → 879/911: ✅ 9 взято | 🗑️ 19 мусор
2026-05-18 19:38:41,118 | INFO     |   → 880/911: ✅ 0 взято | 🗑️ 0 мусор
2026-05-18 19:38:41,118 | INFO     |   → 881/911: ✅ 2 взято | 🗑️ 14 мусор
2026-05-18 19:38:41,118 | INFO     |   → 882/911: ✅ 4 взято | 🗑️ 22 мусор
2026-05-18 19:38:41,118 | INFO     |   → 883/911: ✅ 0 взято | 🗑️ 0 мусор
2026-05-18 19:38:41,118 | INFO     |   → 884/911: ✅ 0 взято | 🗑️ 0 мусор
2026-05-18 19:38:41,118 | INFO     |   → 885/911: ✅ 0 взято | 🗑️ 0 мусор
2026-05-18 19:38:41,119 | INFO     |   → 886/911: ✅ 2 взято | 🗑️ 16 мусор
2026-05-18 19:38:41,119 | INFO     |   → 887/911: ✅ 0 взято | 🗑️ 0 мусор
2026-05-18 19:38:41,119 | INFO     |   → 888/911: ✅ 4 взято | 🗑️ 7 мусор
2026-05-18 19:38:41,119 | INFO     |   → 889/911: ✅ 0 взято | 🗑️ 0 мусор
2026-05-18 19:38:41,119 | INFO     |   → 890/911: ✅ 6 взято | 🗑️ 14 мусор
2026-05-18 19:38:41,119 | INFO     |   → 891/911: ✅ 0 взято | 🗑️ 0 мусор
2026-05-18 19:38:41,119 | INFO     |   → 892/911: ✅ 2 взято | 🗑️ 13 мусор
2026-05-18 19:38:41,119 | INFO     |   → 893/911: ✅ 0 взято | 🗑️ 0 мусор
2026-05-18 19:38:41,119 | INFO     |   → 894/911: ✅ 0 взято | 🗑️ 0 мусор
2026-05-18 19:38:41,119 | INFO     |   → 895/911: ✅ 2 взято | 🗑️ 7 мусор
2026-05-18 19:38:41,119 | INFO     |   → 896/911: ✅ 2 взято | 🗑️ 14 мусор
2026-05-18 19:38:41,119 | INFO     |   → 897/911: ✅ 2 взято | 🗑️ 14 мусор
2026-05-18 19:38:41,119 | INFO     |   → 898/911: ✅ 0 взято | 🗑️ 0 мусор
2026-05-18 19:38:41,119 | INFO     |   → 899/911: ✅ 3 взято | 🗑️ 22 мусор
2026-05-18 19:38:41,119 | INFO     |   → 900/911: ✅ 0 взято | 🗑️ 0 мусор
2026-05-18 19:38:41,119 | INFO     |   → 901/911: ✅ 2 взято | 🗑️ 15 мусор
2026-05-18 19:38:41,119 | INFO     |   → 902/911: ✅ 3 взято | 🗑️ 12 мусор
2026-05-18 19:38:41,119 | INFO     |   → 903/911: ✅ 0 взято | 🗑️ 0 мусор
2026-05-18 19:38:41,119 | INFO     |   → 904/911: ✅ 0 взято | 🗑️ 0 мусор
2026-05-18 19:38:41,119 | INFO     |   → 905/911: ✅ 0 взято | 🗑️ 0 мусор
2026-05-18 19:38:41,119 | INFO     |   → 906/911: ✅ 4 взято | 🗑️ 11 мусор
2026-05-18 19:38:41,119 | INFO     |   → 907/911: ✅ 10 взято | 🗑️ 15 мусор
2026-05-18 19:38:41,119 | INFO     |   → 908/911: ✅ 0 взято | 🗑️ 0 мусор
2026-05-18 19:38:41,119 | INFO     |   → 909/911: ✅ 13 взято | 🗑️ 15 мусор
2026-05-18 19:38:41,119 | INFO     |   → 910/911: ✅ 0 взято | 🗑️ 0 мусор
2026-05-18 19:38:41,119 | INFO     |   → 911/911: ✅ 0 взято | 🗑️ 8 мусор
2026-05-18 19:38:41,119 | INFO     |   → ✅ ГОТОВО!
2026-05-18 19:38:41,120 | INFO     |   →    📥 Всего ключей после фильтра: 19388
2026-05-18 19:38:41,120 | INFO     |   →    🔗 Уникальных IP:PORT:SCHEME: 10381
2026-05-18 19:38:41,120 | INFO     |   →    🗑️ Выброшено мусора: 337026
2026-05-18 19:38:41,120 | INFO     |   → 📊 По протоколам:
2026-05-18 19:38:41,120 | INFO     |   →    vless: 3457
2026-05-18 19:38:41,120 | INFO     |   →    vmess: 3682
2026-05-18 19:38:41,120 | INFO     |   →    trojan: 1208
2026-05-18 19:38:41,120 | INFO     |   →    ss: 1874
2026-05-18 19:38:41,120 | INFO     |   →    hysteria: 13
2026-05-18 19:38:41,120 | INFO     |   →    hysteria2: 35
2026-05-18 19:38:41,120 | INFO     |   →    hy2: 60
2026-05-18 19:38:41,120 | INFO     |   →    tuic: 52
2026-05-18 19:38:41,120 | INFO     | ✅ mirror.py завершён успешно
2026-05-18 19:38:41,120 | INFO     | 
2026-05-18 19:38:41,120 | INFO     | 
2026-05-18 19:38:41,120 | INFO     | ──────────────────────────────────────────────────────────────────────
2026-05-18 19:38:41,120 | INFO     | 📌 ЭТАП: Фильтрация по реальному SNI
2026-05-18 19:38:41,120 | INFO     | ──────────────────────────────────────────────────────────────────────
2026-05-18 19:38:41,120 | INFO     | 🚀 Запуск filter_ru_sni.py (Фильтр по реальному SNI (CDN+RU))...
2026-05-18 19:38:41,344 | INFO     |   → hy2.txt: 60 → 19 (SNI-filtered)
2026-05-18 19:38:41,344 | INFO     |   →   hysteria.txt: 13 → 0 (SNI-filtered)
2026-05-18 19:38:41,344 | INFO     |   →   hysteria2.txt: 35 → 4 (SNI-filtered)
2026-05-18 19:38:41,344 | INFO     |   →   ss.txt: 1874 → 0 (SNI-filtered)
2026-05-18 19:38:41,344 | INFO     |   →   trojan.txt: 1208 → 4 (SNI-filtered)
2026-05-18 19:38:41,344 | INFO     |   →   tuic.txt: 52 → 0 (SNI-filtered)
2026-05-18 19:38:41,344 | INFO     |   →   vless.txt: 3457 → 426 (SNI-filtered)
2026-05-18 19:38:41,344 | INFO     |   →   vmess.txt: 3682 → 38 (SNI-filtered)
2026-05-18 19:38:41,344 | INFO     |   → ==================================================
2026-05-18 19:38:41,344 | INFO     |   →   Всего входных:  10381
2026-05-18 19:38:41,344 | INFO     |   →   Прошли фильтр:  491
2026-05-18 19:38:41,344 | INFO     |   →   Отброшено:      9890
2026-05-18 19:38:41,344 | INFO     |   → ==================================================
2026-05-18 19:38:41,344 | INFO     |   → Готово → /home/runner/work/vpn-vless-configs-russia/vpn-vless-configs-russia/githubmirror/ru-sni
2026-05-18 19:38:41,344 | INFO     | ✅ filter_ru_sni.py завершён успешно
2026-05-18 19:38:41,344 | INFO     | 
2026-05-18 19:38:41,344 | INFO     | 
2026-05-18 19:38:41,344 | INFO     | ──────────────────────────────────────────────────────────────────────
2026-05-18 19:38:41,345 | INFO     | 📌 ЭТАП: Экспериментальный RU-SNI фильтр
2026-05-18 19:38:41,345 | INFO     | ──────────────────────────────────────────────────────────────────────
2026-05-18 19:38:41,345 | INFO     | 🚀 Запуск filter_ru_sni_local.py (Экспериментальный фильтр по RU-SNI (локальные домены))...
2026-05-18 19:38:41,491 | INFO     |   → hy2.txt: 60 → 0 (RU-SNI)
2026-05-18 19:38:41,491 | INFO     |   → hysteria.txt: 13 → 0 (RU-SNI)
2026-05-18 19:38:41,491 | INFO     |   → hysteria2.txt: 35 → 0 (RU-SNI)
2026-05-18 19:38:41,491 | INFO     |   → ss.txt: 1874 → 0 (RU-SNI)
2026-05-18 19:38:41,492 | INFO     |   → trojan.txt: 1208 → 0 (RU-SNI)
2026-05-18 19:38:41,492 | INFO     |   → tuic.txt: 52 → 0 (RU-SNI)
2026-05-18 19:38:41,492 | INFO     |   → vless.txt: 3457 → 118 (RU-SNI)
2026-05-18 19:38:41,492 | INFO     |   → vmess.txt: 3682 → 0 (RU-SNI)
2026-05-18 19:38:41,492 | INFO     |   → ==================================================
2026-05-18 19:38:41,492 | INFO     |   → Всего входных:  10381
2026-05-18 19:38:41,492 | INFO     |   → Прошли RU-SNI:  118
2026-05-18 19:38:41,492 | INFO     |   → Отброшено:      10263
2026-05-18 19:38:41,492 | INFO     |   → ==================================================
2026-05-18 19:38:41,492 | INFO     |   → Готово → /home/runner/work/vpn-vless-configs-russia/vpn-vless-configs-russia/githubmirror/ru-sni-local
2026-05-18 19:38:41,492 | INFO     | ✅ filter_ru_sni_local.py завершён успешно
2026-05-18 19:38:41,492 | INFO     | 
2026-05-18 19:38:41,492 | INFO     | 
2026-05-18 19:38:41,492 | INFO     | ──────────────────────────────────────────────────────────────────────
2026-05-18 19:38:41,492 | INFO     | 📌 ЭТАП: Сбор статистики
2026-05-18 19:38:41,492 | INFO     | ──────────────────────────────────────────────────────────────────────
2026-05-18 19:38:41,492 | INFO     | 📊 Сбор статистики...
2026-05-18 19:38:41,492 | INFO     |   📁 githubmirror/clean:
2026-05-18 19:38:41,493 | INFO     |     • hy2         :    60 конфигов
2026-05-18 19:38:41,493 | INFO     |     • hysteria    :    13 конфигов
2026-05-18 19:38:41,493 | INFO     |     • hysteria2   :    35 конфигов
2026-05-18 19:38:41,494 | INFO     |     • ss          :  1874 конфигов
2026-05-18 19:38:41,495 | INFO     |     • trojan      :  1208 конфигов
2026-05-18 19:38:41,495 | INFO     |     • tuic        :    52 конфигов
2026-05-18 19:38:41,498 | INFO     |     • vless       :  3457 конфигов
2026-05-18 19:38:41,501 | INFO     |     • vmess       :  3682 конфигов
2026-05-18 19:38:41,501 | INFO     |   📁 githubmirror/ru-sni:
2026-05-18 19:38:41,501 | INFO     |     • hy2         :    19 конфигов ( 31.7% от clean)
2026-05-18 19:38:41,501 | INFO     |     • hysteria    :     0 конфигов (  0.0% от clean)
2026-05-18 19:38:41,501 | INFO     |     • hysteria2   :     4 конфигов ( 11.4% от clean)
2026-05-18 19:38:41,501 | INFO     |     • ss          :     0 конфигов (  0.0% от clean)
2026-05-18 19:38:41,502 | INFO     |     • trojan      :     4 конфигов (  0.3% от clean)
2026-05-18 19:38:41,502 | INFO     |     • tuic        :     0 конфигов (  0.0% от clean)
2026-05-18 19:38:41,502 | INFO     |     • vless       :   426 конфигов ( 12.3% от clean)
2026-05-18 19:38:41,502 | INFO     |     • vmess       :    38 конфигов (  1.0% от clean)
2026-05-18 19:38:41,502 | INFO     | 
2026-05-18 19:38:41,502 | INFO     |   ──────────────────────────────────────────────────
2026-05-18 19:38:41,502 | INFO     |   📈 ИТОГО:
2026-05-18 19:38:41,502 | INFO     |     Clean (после geo-фильтра):    10381
2026-05-18 19:38:41,503 | INFO     |     RU-SNI (после SNI-фильтра):     491
2026-05-18 19:38:41,503 | INFO     |     Прошло фильтр:                  4.7%
2026-05-18 19:38:41,503 | INFO     |   ──────────────────────────────────────────────────
2026-05-18 19:38:41,503 | INFO     | ✅ Статистика сохранена: /home/runner/work/vpn-vless-configs-russia/vpn-vless-configs-russia/stats.json
2026-05-18 19:38:41,503 | INFO     | 
2026-05-18 19:38:41,503 | INFO     | ======================================================================
2026-05-18 19:38:41,503 | INFO     | 📊 ИТОГОВЫЙ ОТЧЁТ
2026-05-18 19:38:41,503 | INFO     | ======================================================================
2026-05-18 19:38:41,503 | INFO     |   ✅ OK         | Загрузка и geo-фильтрация
2026-05-18 19:38:41,503 | INFO     |   ✅ OK         | Фильтрация по реальному SNI
2026-05-18 19:38:41,503 | INFO     |   ✅ OK         | Экспериментальный RU-SNI фильтр
2026-05-18 19:38:41,503 | INFO     |   ✅ OK         | Сбор статистики
2026-05-18 19:38:41,503 | INFO     | ──────────────────────────────────────────────────────────────────────
2026-05-18 19:38:41,503 | INFO     | ✅ ВСЕ ЭТАПЫ УСПЕШНЫ (4/4)
2026-05-18 19:38:41,503 | INFO     | ⏰ Время завершения: 2026-05-18 19:38:41
2026-05-18 19:38:41,503 | INFO     | ======================================================================
