2026-05-19 19:51:27,879 | INFO     | ======================================================================
2026-05-19 19:51:27,880 | INFO     | 🔍 VPN KEY CHECKER - Начало проверки
2026-05-19 19:51:27,880 | INFO     | ⏰ Время старта: 2026-05-19 19:51:27
2026-05-19 19:51:27,880 | INFO     | 📂 Рабочая директория: /home/runner/work/vpn-vless-configs-russia/vpn-vless-configs-russia
2026-05-19 19:51:27,880 | INFO     | ======================================================================
2026-05-19 19:51:27,880 | INFO     | 
2026-05-19 19:51:27,880 | INFO     | 🔍 Проверка наличия скриптов...
2026-05-19 19:51:27,880 | INFO     |   ✅ mirror.py
2026-05-19 19:51:27,880 | INFO     |   ✅ filter_ru_sni.py
2026-05-19 19:51:27,880 | INFO     |   ✅ filter_ru_sni_local.py
2026-05-19 19:51:27,880 | INFO     | 
2026-05-19 19:51:27,880 | INFO     | 
2026-05-19 19:51:27,880 | INFO     | ──────────────────────────────────────────────────────────────────────
2026-05-19 19:51:27,880 | INFO     | 📌 ЭТАП: Загрузка и geo-фильтрация
2026-05-19 19:51:27,880 | INFO     | ──────────────────────────────────────────────────────────────────────
2026-05-19 19:51:27,881 | INFO     | 🚀 Запуск mirror.py (Загрузка и фильтрация по РФ/СНГ/Европа)...
2026-05-19 19:54:30,782 | INFO     |   → 🚀 Старт: всего источников (старые + новые): 923
2026-05-19 19:54:30,782 | INFO     |   → 1/923: ✅ 13 взято | 🗑️ 242 мусор
2026-05-19 19:54:30,782 | INFO     |   → 2/923: ✅ 0 взято | 🗑️ 0 мусор
2026-05-19 19:54:30,782 | INFO     |   → 3/923 ❌ HTTP 404 — https://bitbucket.org/huwo1/proxy_nodes/raw/f31ca9ec67b84071515729ff45b011b6b09c10f2/clash.yaml
2026-05-19 19:54:30,782 | INFO     |   → 4/923 ❌ HTTP 404 — https://cdn.jsdelivr.net/gh/cry0ice/genode@main/public/all.txt
2026-05-19 19:54:30,783 | INFO     |   → 5/923 ❌ HTTP 404 — https://cdn.jsdelivr.net/gh/cry0ice/genode@main/public/ss.txt
2026-05-19 19:54:30,783 | INFO     |   → 6/923 ❌ HTTP 404 — https://cdn.jsdelivr.net/gh/cry0ice/genode@main/public/ssr.txt
2026-05-19 19:54:30,783 | INFO     |   → 7/923 ❌ HTTP 404 — https://cdn.jsdelivr.net/gh/cry0ice/genode@main/public/trojan.txt
2026-05-19 19:54:30,783 | INFO     |   → 8/923 ❌ HTTP 404 — https://cdn.jsdelivr.net/gh/cry0ice/genode@main/public/vless.txt
2026-05-19 19:54:30,783 | INFO     |   → 9/923 ❌ HTTP 404 — https://cdn.jsdelivr.net/gh/cry0ice/genode@main/public/vmess.txt
2026-05-19 19:54:30,783 | INFO     |   → 10/923: ✅ 0 взято | 🗑️ 0 мусор
2026-05-19 19:54:30,783 | INFO     |   → 11/923: ✅ 0 взято | 🗑️ 0 мусор
2026-05-19 19:54:30,783 | INFO     |   → 12/923: ✅ 0 взято | 🗑️ 0 мусор
2026-05-19 19:54:30,783 | INFO     |   → 13/923: ✅ 0 взято | 🗑️ 0 мусор
2026-05-19 19:54:30,783 | INFO     |   → 14/923: ✅ 0 взято | 🗑️ 0 мусор
2026-05-19 19:54:30,783 | INFO     |   → 15/923: ✅ 0 взято | 🗑️ 0 мусор
2026-05-19 19:54:30,783 | INFO     |   → 16/923: ✅ 0 взято | 🗑️ 0 мусор
2026-05-19 19:54:30,783 | INFO     |   → 17/923: ✅ 0 взято | 🗑️ 0 мусор
2026-05-19 19:54:30,783 | INFO     |   → 18/923: ✅ 0 взято | 🗑️ 0 мусор
2026-05-19 19:54:30,783 | INFO     |   → 19/923: ✅ 0 взято | 🗑️ 0 мусор
2026-05-19 19:54:30,783 | INFO     |   → 20/923: ✅ 0 взято | 🗑️ 0 мусор
2026-05-19 19:54:30,784 | INFO     |   → 21/923: ✅ 0 взято | 🗑️ 0 мусор
2026-05-19 19:54:30,784 | INFO     |   → 22/923: ✅ 0 взято | 🗑️ 0 мусор
2026-05-19 19:54:30,784 | INFO     |   → 23/923: ✅ 0 взято | 🗑️ 0 мусор
2026-05-19 19:54:30,784 | INFO     |   → 24/923: ✅ 0 взято | 🗑️ 0 мусор
2026-05-19 19:54:30,784 | INFO     |   → 25/923: ✅ 0 взято | 🗑️ 0 мусор
2026-05-19 19:54:30,784 | INFO     |   → 26/923: ✅ 0 взято | 🗑️ 0 мусор
2026-05-19 19:54:30,784 | INFO     |   → 27/923: ✅ 0 взято | 🗑️ 0 мусор
2026-05-19 19:54:30,784 | INFO     |   → 28/923: ✅ 0 взято | 🗑️ 0 мусор
2026-05-19 19:54:30,784 | INFO     |   → 29/923: ✅ 0 взято | 🗑️ 0 мусор
2026-05-19 19:54:30,784 | INFO     |   → 30/923: ✅ 0 взято | 🗑️ 0 мусор
2026-05-19 19:54:30,784 | INFO     |   → 31/923: ✅ 0 взято | 🗑️ 0 мусор
2026-05-19 19:54:30,784 | INFO     |   → 32/923: ✅ 0 взято | 🗑️ 0 мусор
2026-05-19 19:54:30,784 | INFO     |   → 33/923: ✅ 0 взято | 🗑️ 0 мусор
2026-05-19 19:54:30,784 | INFO     |   → 34/923: ✅ 0 взято | 🗑️ 0 мусор
2026-05-19 19:54:30,784 | INFO     |   → 35/923: ✅ 0 взято | 🗑️ 0 мусор
2026-05-19 19:54:30,784 | INFO     |   → 36/923: ✅ 0 взято | 🗑️ 0 мусор
2026-05-19 19:54:30,784 | INFO     |   → 37/923: ✅ 0 взято | 🗑️ 0 мусор
2026-05-19 19:54:30,784 | INFO     |   → 38/923: ✅ 0 взято | 🗑️ 0 мусор
2026-05-19 19:54:30,784 | INFO     |   → 39/923: ✅ 0 взято | 🗑️ 0 мусор
2026-05-19 19:54:30,784 | INFO     |   → 40/923: ✅ 0 взято | 🗑️ 0 мусор
2026-05-19 19:54:30,784 | INFO     |   → 41/923: ✅ 0 взято | 🗑️ 0 мусор
2026-05-19 19:54:30,784 | INFO     |   → 42/923: ✅ 0 взято | 🗑️ 0 мусор
2026-05-19 19:54:30,784 | INFO     |   → 43/923: ✅ 0 взято | 🗑️ 0 мусор
2026-05-19 19:54:30,785 | INFO     |   → 44/923: ✅ 0 взято | 🗑️ 0 мусор
2026-05-19 19:54:30,785 | INFO     |   → 45/923: ✅ 0 взято | 🗑️ 0 мусор
2026-05-19 19:54:30,785 | INFO     |   → 46/923: ✅ 0 взято | 🗑️ 0 мусор
2026-05-19 19:54:30,785 | INFO     |   → 47/923: ✅ 0 взято | 🗑️ 0 мусор
2026-05-19 19:54:30,785 | INFO     |   → 48/923: ✅ 0 взято | 🗑️ 0 мусор
2026-05-19 19:54:30,785 | INFO     |   → 49/923: ✅ 0 взято | 🗑️ 0 мусор
2026-05-19 19:54:30,785 | INFO     |   → 50/923: ✅ 0 взято | 🗑️ 0 мусор
2026-05-19 19:54:30,785 | INFO     |   → 51/923: ✅ 0 взято | 🗑️ 0 мусор
2026-05-19 19:54:30,785 | INFO     |   → 52/923: ✅ 0 взято | 🗑️ 0 мусор
2026-05-19 19:54:30,785 | INFO     |   → 53/923: ✅ 0 взято | 🗑️ 0 мусор
2026-05-19 19:54:30,785 | INFO     |   → 54/923: ✅ 0 взято | 🗑️ 0 мусор
2026-05-19 19:54:30,785 | INFO     |   → 55/923: ✅ 0 взято | 🗑️ 0 мусор
2026-05-19 19:54:30,785 | INFO     |   → 56/923: ✅ 0 взято | 🗑️ 0 мусор
2026-05-19 19:54:30,785 | INFO     |   → 57/923: ✅ 0 взято | 🗑️ 0 мусор
2026-05-19 19:54:30,785 | INFO     |   → 58/923: ✅ 0 взято | 🗑️ 0 мусор
2026-05-19 19:54:30,785 | INFO     |   → 59/923: ✅ 0 взято | 🗑️ 0 мусор
2026-05-19 19:54:30,785 | INFO     |   → 60/923: ✅ 0 взято | 🗑️ 0 мусор
2026-05-19 19:54:30,785 | INFO     |   → 61/923: ✅ 0 взято | 🗑️ 0 мусор
2026-05-19 19:54:30,785 | INFO     |   → 62/923: ✅ 0 взято | 🗑️ 0 мусор
2026-05-19 19:54:30,785 | INFO     |   → 63/923: ✅ 0 взято | 🗑️ 0 мусор
2026-05-19 19:54:30,785 | INFO     |   → 64/923: ✅ 0 взято | 🗑️ 0 мусор
2026-05-19 19:54:30,785 | INFO     |   → 65/923: ✅ 0 взято | 🗑️ 0 мусор
2026-05-19 19:54:30,786 | INFO     |   → 66/923: ✅ 0 взято | 🗑️ 0 мусор
2026-05-19 19:54:30,786 | INFO     |   → 67/923: ✅ 0 взято | 🗑️ 0 мусор
2026-05-19 19:54:30,786 | INFO     |   → 68/923: ✅ 0 взято | 🗑️ 0 мусор
2026-05-19 19:54:30,786 | INFO     |   → 69/923: ✅ 0 взято | 🗑️ 0 мусор
2026-05-19 19:54:30,786 | INFO     |   → 70/923: ✅ 0 взято | 🗑️ 0 мусор
2026-05-19 19:54:30,786 | INFO     |   → 71/923: ✅ 0 взято | 🗑️ 0 мусор
2026-05-19 19:54:30,786 | INFO     |   → 72/923: ✅ 0 взято | 🗑️ 0 мусор
2026-05-19 19:54:30,786 | INFO     |   → 73/923: ✅ 0 взято | 🗑️ 0 мусор
2026-05-19 19:54:30,786 | INFO     |   → 74/923: ✅ 0 взято | 🗑️ 0 мусор
2026-05-19 19:54:30,786 | INFO     |   → 75/923: ✅ 0 взято | 🗑️ 0 мусор
2026-05-19 19:54:30,786 | INFO     |   → 76/923: ✅ 0 взято | 🗑️ 0 мусор
2026-05-19 19:54:30,786 | INFO     |   → 77/923: ✅ 0 взято | 🗑️ 0 мусор
2026-05-19 19:54:30,786 | INFO     |   → 78/923: ✅ 0 взято | 🗑️ 0 мусор
2026-05-19 19:54:30,786 | INFO     |   → 79/923: ✅ 0 взято | 🗑️ 0 мусор
2026-05-19 19:54:30,786 | INFO     |   → 80/923: ✅ 0 взято | 🗑️ 0 мусор
2026-05-19 19:54:30,786 | INFO     |   → 81/923: ✅ 0 взято | 🗑️ 0 мусор
2026-05-19 19:54:30,786 | INFO     |   → 82/923: ✅ 0 взято | 🗑️ 0 мусор
2026-05-19 19:54:30,786 | INFO     |   → 83/923: ✅ 0 взято | 🗑️ 0 мусор
2026-05-19 19:54:30,786 | INFO     |   → 84/923: ✅ 0 взято | 🗑️ 0 мусор
2026-05-19 19:54:30,786 | INFO     |   → 85/923: ✅ 0 взято | 🗑️ 0 мусор
2026-05-19 19:54:30,786 | INFO     |   → 86/923: ✅ 0 взято | 🗑️ 0 мусор
2026-05-19 19:54:30,786 | INFO     |   → 87/923: ✅ 0 взято | 🗑️ 0 мусор
2026-05-19 19:54:30,786 | INFO     |   → 88/923: ✅ 0 взято | 🗑️ 0 мусор
2026-05-19 19:54:30,787 | INFO     |   → 89/923: ✅ 0 взято | 🗑️ 0 мусор
2026-05-19 19:54:30,787 | INFO     |   → 90/923: ✅ 0 взято | 🗑️ 0 мусор
2026-05-19 19:54:30,787 | INFO     |   → 91/923: ✅ 0 взято | 🗑️ 0 мусор
2026-05-19 19:54:30,787 | INFO     |   → 92/923 ❌ HTTP 404 — https://freessrnode.github.io/uploads/2024/08/0-20240822.txt
2026-05-19 19:54:30,787 | INFO     |   → 93/923 ❌ HTTP 404 — https://freessrnode.github.io/uploads/2024/08/1-20240822.txt
2026-05-19 19:54:30,787 | INFO     |   → 94/923 ❌ HTTP 404 — https://freessrnode.github.io/uploads/2024/08/2-20240822.txt
2026-05-19 19:54:30,787 | INFO     |   → 95/923 ❌ HTTP 404 — https://freessrnode.github.io/uploads/2024/08/3-20240822.txt
2026-05-19 19:54:30,787 | INFO     |   → 96/923 ❌ HTTP 404 — https://freessrnode.github.io/uploads/2024/08/4-20240822.txt
2026-05-19 19:54:30,787 | INFO     |   → 97/923 ⚠️ Ошибка: HTTPSConnectionPool(host='freevpnspy.githubrowcontent.com', port=443): Max retries exceeded with url: /2024/08/20240802_novless.yaml (Caused by NameResolutionError("HTTPSConnection(host='freevpnspy.githubrowcontent.com', port=443): Failed to resolve 'freevpnspy.githubrowcontent.com' ([Errno -2] Name or service not known)")) — https://freevpnspy.githubrowcontent.com/2024/08/20240802_novless.yaml
2026-05-19 19:54:30,787 | INFO     |   → 98/923 ⚠️ Ошибка: HTTPSConnectionPool(host='freevpnspy.githubrowcontent.com', port=443): Max retries exceeded with url: /2024/08/20240802_vless.yaml (Caused by NameResolutionError("HTTPSConnection(host='freevpnspy.githubrowcontent.com', port=443): Failed to resolve 'freevpnspy.githubrowcontent.com' ([Errno -2] Name or service not known)")) — https://freevpnspy.githubrowcontent.com/2024/08/20240802_vless.yaml
2026-05-19 19:54:30,787 | INFO     |   → 99/923: ✅ 20 взято | 🗑️ 218 мусор
2026-05-19 19:54:30,787 | INFO     |   → 100/923: ✅ 0 взято | 🗑️ 0 мусор
2026-05-19 19:54:30,787 | INFO     |   → 101/923: ✅ 4 взято | 🗑️ 193 мусор
2026-05-19 19:54:30,787 | INFO     |   → 102/923: ✅ 0 взято | 🗑️ 0 мусор
2026-05-19 19:54:30,787 | INFO     |   → 103/923 ❌ HTTP 404 — https://github.com/Epodonios/bulk-xray-v2ray-vless-vmess-...-configs/raw/main/sub/Albania/config.txt
2026-05-19 19:54:30,787 | INFO     |   → 104/923 ❌ HTTP 404 — https://github.com/Epodonios/bulk-xray-v2ray-vless-vmess-...-configs/raw/main/sub/Cura%C3%A7ao/config.txt
2026-05-19 19:54:30,787 | INFO     |   → 105/923 ❌ HTTP 404 — https://github.com/Epodonios/bulk-xray-v2ray-vless-vmess-...-configs/raw/main/sub/Finland/config.txt
2026-05-19 19:54:30,787 | INFO     |   → 106/923 ❌ HTTP 404 — https://github.com/Epodonios/bulk-xray-v2ray-vless-vmess-...-configs/raw/main/sub/Iran/config.txt
2026-05-19 19:54:30,787 | INFO     |   → 107/923 ❌ HTTP 404 — https://github.com/Epodonios/bulk-xray-v2ray-vless-vmess-...-configs/raw/main/sub/Netherlands/config.txt
2026-05-19 19:54:30,787 | INFO     |   → 108/923 ❌ HTTP 404 — https://github.com/Epodonios/bulk-xray-v2ray-vless-vmess-...-configs/raw/main/sub/Norway/config.txt
2026-05-19 19:54:30,787 | INFO     |   → 109/923 ❌ HTTP 404 — https://github.com/Epodonios/bulk-xray-v2ray-vless-vmess-...-configs/raw/main/sub/Russia/config.txt
2026-05-19 19:54:30,788 | INFO     |   → 110/923: ✅ 13 взято | 🗑️ 70 мусор
2026-05-19 19:54:30,788 | INFO     |   → 111/923: ✅ 0 взято | 🗑️ 4 мусор
2026-05-19 19:54:30,788 | INFO     |   → 112/923: ✅ 0 взято | 🗑️ 7 мусор
2026-05-19 19:54:30,788 | INFO     |   → 113/923: ✅ 0 взято | 🗑️ 51 мусор
2026-05-19 19:54:30,788 | INFO     |   → 114/923: ✅ 0 взято | 🗑️ 8 мусор
2026-05-19 19:54:30,788 | INFO     |   → 115/923: ✅ 0 взято | 🗑️ 0 мусор
2026-05-19 19:54:30,788 | INFO     |   → 116/923: ✅ 17 взято | 🗑️ 119 мусор
2026-05-19 19:54:30,788 | INFO     |   → 117/923 ❌ HTTP 404 — https://github.com/MrMohebi/xray-proxy-grabber-telegram/raw/master/collected-proxies/clash-meta/all.yaml
2026-05-19 19:54:30,788 | INFO     |   → 118/923 ❌ HTTP 404 — https://github.com/MrMohebi/xray-proxy-grabber-telegram/raw/master/collected-proxies/row-url/all.txt
2026-05-19 19:54:30,788 | INFO     |   → 119/923: ✅ 0 взято | 🗑️ 0 мусор
2026-05-19 19:54:30,788 | INFO     |   → 120/923: ✅ 0 взято | 🗑️ 113 мусор
2026-05-19 19:54:30,788 | INFO     |   → 121/923: ✅ 0 взято | 🗑️ 119 мусор
2026-05-19 19:54:30,788 | INFO     |   → 122/923 ❌ HTTP 404 — https://github.com/abbasdvd3/abbasdvd10/73ec60de7a6c6aa6df4c14b511c1da60686891ca/ppo.txt
2026-05-19 19:54:30,788 | INFO     |   → 123/923 ❌ HTTP 404 — https://github.com/acymz/AutoVPN/refs/heads/main/data/V2.txt
2026-05-19 19:54:30,788 | INFO     |   → 124/923: ✅ 0 взято | 🗑️ 0 мусор
2026-05-19 19:54:30,788 | INFO     |   → 125/923: ✅ 0 взято | 🗑️ 0 мусор
2026-05-19 19:54:30,788 | INFO     |   → 126/923: ✅ 0 взято | 🗑️ 0 мусор
2026-05-19 19:54:30,788 | INFO     |   → 127/923: ✅ 0 взято | 🗑️ 0 мусор
2026-05-19 19:54:30,788 | INFO     |   → 128/923: ✅ 0 взято | 🗑️ 0 мусор
2026-05-19 19:54:30,788 | INFO     |   → 129/923: ✅ 0 взято | 🗑️ 0 мусор
2026-05-19 19:54:30,788 | INFO     |   → 130/923: ✅ 0 взято | 🗑️ 0 мусор
2026-05-19 19:54:30,788 | INFO     |   → 131/923 ❌ HTTP 404 — https://github.com/mermeroo/V2RAY-FREE/raw/main/All_Configs_base64_Sub.txt
2026-05-19 19:54:30,789 | INFO     |   → 132/923 ❌ HTTP 404 — https://github.com/mermeroo/V2RAY-FREE/raw/main/Base64/Sub1_base64.txt
2026-05-19 19:54:30,789 | INFO     |   → 133/923 ❌ HTTP 404 — https://github.com/mermeroo/V2RAY-FREE/raw/main/Base64/Sub2_base64.txt
2026-05-19 19:54:30,789 | INFO     |   → 134/923 ❌ HTTP 404 — https://github.com/mermeroo/V2RAY-FREE/raw/main/Base64/Sub3_base64.txt
2026-05-19 19:54:30,789 | INFO     |   → 135/923 ❌ HTTP 404 — https://github.com/mermeroo/V2RAY-FREE/raw/main/Base64/Sub4_base64.txt
2026-05-19 19:54:30,789 | INFO     |   → 136/923 ❌ HTTP 404 — https://github.com/mermeroo/V2RAY-FREE/raw/main/Base64/Sub5_base64.txt
2026-05-19 19:54:30,789 | INFO     |   → 137/923 ❌ HTTP 404 — https://github.com/mermeroo/telegram-configs-collector/raw/main/protocols/hysteria
2026-05-19 19:54:30,789 | INFO     |   → 138/923 ❌ HTTP 404 — https://github.com/mermeroo/telegram-configs-collector/raw/main/protocols/juicity
2026-05-19 19:54:30,789 | INFO     |   → 139/923 ❌ HTTP 404 — https://github.com/mermeroo/telegram-configs-collector/raw/main/protocols/tuic
2026-05-19 19:54:30,789 | INFO     |   → 140/923: ✅ 5 взято | 🗑️ 16 мусор
2026-05-19 19:54:30,789 | INFO     |   → 141/923: ✅ 0 взято | 🗑️ 0 мусор
2026-05-19 19:54:30,789 | INFO     |   → 142/923: ✅ 0 взято | 🗑️ 0 мусор
2026-05-19 19:54:30,789 | INFO     |   → 143/923: ✅ 0 взято | 🗑️ 0 мусор
2026-05-19 19:54:30,789 | INFO     |   → 144/923: ✅ 3 взято | 🗑️ 238 мусор
2026-05-19 19:54:30,789 | INFO     |   → 145/923: ✅ 0 взято | 🗑️ 0 мусор
2026-05-19 19:54:30,789 | INFO     |   → 146/923: ✅ 3 взято | 🗑️ 239 мусор
2026-05-19 19:54:30,789 | INFO     |   → 147/923: ✅ 0 взято | 🗑️ 0 мусор
2026-05-19 19:54:30,789 | INFO     |   → 148/923: ✅ 0 взято | 🗑️ 255 мусор
2026-05-19 19:54:30,789 | INFO     |   → 149/923: ✅ 0 взято | 🗑️ 0 мусор
2026-05-19 19:54:30,789 | INFO     |   → 150/923: ✅ 1 взято | 🗑️ 249 мусор
2026-05-19 19:54:30,789 | INFO     |   → 151/923: ✅ 0 взято | 🗑️ 0 мусор
2026-05-19 19:54:30,789 | INFO     |   → 152/923: ✅ 0 взято | 🗑️ 207 мусор
2026-05-19 19:54:30,789 | INFO     |   → 153/923: ✅ 0 взято | 🗑️ 0 мусор
2026-05-19 19:54:30,789 | INFO     |   → 154/923: ✅ 0 взято | 🗑️ 228 мусор
2026-05-19 19:54:30,790 | INFO     |   → 155/923: ✅ 0 взято | 🗑️ 0 мусор
2026-05-19 19:54:30,790 | INFO     |   → 156/923: ✅ 1 взято | 🗑️ 291 мусор
2026-05-19 19:54:30,790 | INFO     |   → 157/923: ✅ 0 взято | 🗑️ 0 мусор
2026-05-19 19:54:30,790 | INFO     |   → 158/923: ✅ 3 взято | 🗑️ 221 мусор
2026-05-19 19:54:30,790 | INFO     |   → 159/923: ✅ 0 взято | 🗑️ 0 мусор
2026-05-19 19:54:30,790 | INFO     |   → 160/923: ✅ 1 взято | 🗑️ 222 мусор
2026-05-19 19:54:30,790 | INFO     |   → 161/923: ✅ 0 взято | 🗑️ 0 мусор
2026-05-19 19:54:30,790 | INFO     |   → 162/923: ✅ 1 взято | 🗑️ 218 мусор
2026-05-19 19:54:30,790 | INFO     |   → 163/923: ✅ 0 взято | 🗑️ 0 мусор
2026-05-19 19:54:30,790 | INFO     |   → 164/923: ✅ 0 взято | 🗑️ 193 мусор
2026-05-19 19:54:30,790 | INFO     |   → 165/923: ✅ 0 взято | 🗑️ 0 мусор
2026-05-19 19:54:30,790 | INFO     |   → 166/923: ✅ 0 взято | 🗑️ 290 мусор
2026-05-19 19:54:30,790 | INFO     |   → 167/923: ✅ 0 взято | 🗑️ 0 мусор
2026-05-19 19:54:30,790 | INFO     |   → 168/923: ✅ 0 взято | 🗑️ 238 мусор
2026-05-19 19:54:30,790 | INFO     |   → 169/923: ✅ 0 взято | 🗑️ 0 мусор
2026-05-19 19:54:30,790 | INFO     |   → 170/923: ✅ 0 взято | 🗑️ 221 мусор
2026-05-19 19:54:30,790 | INFO     |   → 171/923: ✅ 0 взято | 🗑️ 0 мусор
2026-05-19 19:54:30,790 | INFO     |   → 172/923: ✅ 0 взято | 🗑️ 248 мусор
2026-05-19 19:54:30,790 | INFO     |   → 173/923: ✅ 0 взято | 🗑️ 0 мусор
2026-05-19 19:54:30,790 | INFO     |   → 174/923: ✅ 0 взято | 🗑️ 203 мусор
2026-05-19 19:54:30,790 | INFO     |   → 175/923: ✅ 0 взято | 🗑️ 0 мусор
2026-05-19 19:54:30,790 | INFO     |   → 176/923: ✅ 0 взято | 🗑️ 208 мусор
2026-05-19 19:54:30,791 | INFO     |   → 177/923: ✅ 0 взято | 🗑️ 0 мусор
2026-05-19 19:54:30,791 | INFO     |   → 178/923: ✅ 2 взято | 🗑️ 209 мусор
2026-05-19 19:54:30,791 | INFO     |   → 179/923: ✅ 0 взято | 🗑️ 0 мусор
2026-05-19 19:54:30,791 | INFO     |   → 180/923: ✅ 0 взято | 🗑️ 258 мусор
2026-05-19 19:54:30,791 | INFO     |   → 181/923: ✅ 0 взято | 🗑️ 0 мусор
2026-05-19 19:54:30,791 | INFO     |   → 182/923: ✅ 0 взято | 🗑️ 296 мусор
2026-05-19 19:54:30,791 | INFO     |   → 183/923: ✅ 0 взято | 🗑️ 0 мусор
2026-05-19 19:54:30,791 | INFO     |   → 184/923: ✅ 1 взято | 🗑️ 286 мусор
2026-05-19 19:54:30,791 | INFO     |   → 185/923: ✅ 0 взято | 🗑️ 0 мусор
2026-05-19 19:54:30,791 | INFO     |   → 186/923: ✅ 0 взято | 🗑️ 195 мусор
2026-05-19 19:54:30,791 | INFO     |   → 187/923: ✅ 0 взято | 🗑️ 0 мусор
2026-05-19 19:54:30,791 | INFO     |   → 188/923: ✅ 0 взято | 🗑️ 170 мусор
2026-05-19 19:54:30,791 | INFO     |   → 189/923: ✅ 0 взято | 🗑️ 0 мусор
2026-05-19 19:54:30,791 | INFO     |   → 190/923: ✅ 0 взято | 🗑️ 160 мусор
2026-05-19 19:54:30,791 | INFO     |   → 191/923: ✅ 0 взято | 🗑️ 0 мусор
2026-05-19 19:54:30,791 | INFO     |   → 192/923: ✅ 0 взято | 🗑️ 121 мусор
2026-05-19 19:54:30,791 | INFO     |   → 193/923: ✅ 0 взято | 🗑️ 0 мусор
2026-05-19 19:54:30,791 | INFO     |   → 194/923: ✅ 0 взято | 🗑️ 135 мусор
2026-05-19 19:54:30,791 | INFO     |   → 195/923: ✅ 0 взято | 🗑️ 0 мусор
2026-05-19 19:54:30,791 | INFO     |   → 196/923: ✅ 1 взято | 🗑️ 129 мусор
2026-05-19 19:54:30,791 | INFO     |   → 197/923: ✅ 0 взято | 🗑️ 0 мусор
2026-05-19 19:54:30,791 | INFO     |   → 198/923: ✅ 0 взято | 🗑️ 189 мусор
2026-05-19 19:54:30,792 | INFO     |   → 199/923: ✅ 0 взято | 🗑️ 0 мусор
2026-05-19 19:54:30,792 | INFO     |   → 200/923: ✅ 3 взято | 🗑️ 147 мусор
2026-05-19 19:54:30,792 | INFO     |   → 201/923: ✅ 0 взято | 🗑️ 0 мусор
2026-05-19 19:54:30,792 | INFO     |   → 202/923: ✅ 1 взято | 🗑️ 183 мусор
2026-05-19 19:54:30,792 | INFO     |   → 203/923: ✅ 0 взято | 🗑️ 0 мусор
2026-05-19 19:54:30,792 | INFO     |   → 204/923: ✅ 0 взято | 🗑️ 155 мусор
2026-05-19 19:54:30,792 | INFO     |   → 205/923: ✅ 0 взято | 🗑️ 0 мусор
2026-05-19 19:54:30,792 | INFO     |   → 206/923: ✅ 0 взято | 🗑️ 114 мусор
2026-05-19 19:54:30,792 | INFO     |   → 207/923: ✅ 0 взято | 🗑️ 0 мусор
2026-05-19 19:54:30,792 | INFO     |   → 208/923: ✅ 0 взято | 🗑️ 239 мусор
2026-05-19 19:54:30,792 | INFO     |   → 209/923: ✅ 0 взято | 🗑️ 0 мусор
2026-05-19 19:54:30,792 | INFO     |   → 210/923: ✅ 0 взято | 🗑️ 204 мусор
2026-05-19 19:54:30,792 | INFO     |   → 211/923: ✅ 0 взято | 🗑️ 0 мусор
2026-05-19 19:54:30,792 | INFO     |   → 212/923: ✅ 0 взято | 🗑️ 232 мусор
2026-05-19 19:54:30,792 | INFO     |   → 213/923: ✅ 0 взято | 🗑️ 0 мусор
2026-05-19 19:54:30,792 | INFO     |   → 214/923: ✅ 0 взято | 🗑️ 192 мусор
2026-05-19 19:54:30,792 | INFO     |   → 215/923: ✅ 0 взято | 🗑️ 0 мусор
2026-05-19 19:54:30,792 | INFO     |   → 216/923: ✅ 0 взято | 🗑️ 183 мусор
2026-05-19 19:54:30,792 | INFO     |   → 217/923: ✅ 0 взято | 🗑️ 0 мусор
2026-05-19 19:54:30,792 | INFO     |   → 218/923: ✅ 0 взято | 🗑️ 169 мусор
2026-05-19 19:54:30,792 | INFO     |   → 219/923: ✅ 0 взято | 🗑️ 0 мусор
2026-05-19 19:54:30,792 | INFO     |   → 220/923: ✅ 0 взято | 🗑️ 167 мусор
2026-05-19 19:54:30,792 | INFO     |   → 221/923: ✅ 0 взято | 🗑️ 0 мусор
2026-05-19 19:54:30,793 | INFO     |   → 222/923: ✅ 0 взято | 🗑️ 193 мусор
2026-05-19 19:54:30,793 | INFO     |   → 223/923: ✅ 0 взято | 🗑️ 0 мусор
2026-05-19 19:54:30,793 | INFO     |   → 224/923: ✅ 1 взято | 🗑️ 161 мусор
2026-05-19 19:54:30,793 | INFO     |   → 225/923: ✅ 0 взято | 🗑️ 0 мусор
2026-05-19 19:54:30,793 | INFO     |   → 226/923 ⚠️ Ошибка: HTTPSConnectionPool(host='ivuxy.tech', port=443): Max retries exceeded with url: /v.txt (Caused by NameResolutionError("HTTPSConnection(host='ivuxy.tech', port=443): Failed to resolve 'ivuxy.tech' ([Errno -2] Name or service not known)")) — https://ivuxy.tech/v.txt
2026-05-19 19:54:30,793 | INFO     |   → 227/923 ⚠️ Ошибка: HTTPSConnectionPool(host='mirror.ghproxy.com', port=443): Max retries exceeded with url: /https://raw.githubusercontent.com/Barabama/FreeNodes/master/nodes/blues.txt (Caused by NameResolutionError("HTTPSConnection(host='mirror.ghproxy.com', port=443): Failed to resolve 'mirror.ghproxy.com' ([Errno -2] Name or service not known)")) — https://mirror.ghproxy.com/https://raw.githubusercontent.com/Barabama/FreeNodes/master/nodes/blues.txt
2026-05-19 19:54:30,793 | INFO     |   → 228/923 ⚠️ Ошибка: HTTPSConnectionPool(host='mirror.ghproxy.com', port=443): Max retries exceeded with url: /https://raw.githubusercontent.com/Barabama/FreeNodes/master/nodes/halekj.txt (Caused by NameResolutionError("HTTPSConnection(host='mirror.ghproxy.com', port=443): Failed to resolve 'mirror.ghproxy.com' ([Errno -2] Name or service not known)")) — https://mirror.ghproxy.com/https://raw.githubusercontent.com/Barabama/FreeNodes/master/nodes/halekj.txt
2026-05-19 19:54:30,793 | INFO     |   → 229/923 ⚠️ Ошибка: HTTPSConnectionPool(host='mirror.ghproxy.com', port=443): Max retries exceeded with url: /https://raw.githubusercontent.com/Barabama/FreeNodes/master/nodes/kkzui.txt (Caused by NameResolutionError("HTTPSConnection(host='mirror.ghproxy.com', port=443): Failed to resolve 'mirror.ghproxy.com' ([Errno -2] Name or service not known)")) — https://mirror.ghproxy.com/https://raw.githubusercontent.com/Barabama/FreeNodes/master/nodes/kkzui.txt
2026-05-19 19:54:30,793 | INFO     |   → 230/923 ⚠️ Ошибка: HTTPSConnectionPool(host='mirror.ghproxy.com', port=443): Max retries exceeded with url: /https://raw.githubusercontent.com/Barabama/FreeNodes/master/nodes/merged.txt (Caused by NameResolutionError("HTTPSConnection(host='mirror.ghproxy.com', port=443): Failed to resolve 'mirror.ghproxy.com' ([Errno -2] Name or service not known)")) — https://mirror.ghproxy.com/https://raw.githubusercontent.com/Barabama/FreeNodes/master/nodes/merged.txt
2026-05-19 19:54:30,793 | INFO     |   → 231/923 ⚠️ Ошибка: HTTPSConnectionPool(host='mirror.ghproxy.com', port=443): Max retries exceeded with url: /https://raw.githubusercontent.com/Barabama/FreeNodes/master/nodes/nodefree.txt (Caused by NameResolutionError("HTTPSConnection(host='mirror.ghproxy.com', port=443): Failed to resolve 'mirror.ghproxy.com' ([Errno -2] Name or service not known)")) — https://mirror.ghproxy.com/https://raw.githubusercontent.com/Barabama/FreeNodes/master/nodes/nodefree.txt
2026-05-19 19:54:30,793 | INFO     |   → 232/923 ⚠️ Ошибка: HTTPSConnectionPool(host='mirror.ghproxy.com', port=443): Max retries exceeded with url: /https://raw.githubusercontent.com/Barabama/FreeNodes/master/nodes/openrunner.txt (Caused by NameResolutionError("HTTPSConnection(host='mirror.ghproxy.com', port=443): Failed to resolve 'mirror.ghproxy.com' ([Errno -2] Name or service not known)")) — https://mirror.ghproxy.com/https://raw.githubusercontent.com/Barabama/FreeNodes/master/nodes/openrunner.txt
2026-05-19 19:54:30,793 | INFO     |   → 233/923 ⚠️ Ошибка: HTTPSConnectionPool(host='mirror.ghproxy.com', port=443): Max retries exceeded with url: /https://raw.githubusercontent.com/Barabama/FreeNodes/master/nodes/v2rayshare.txt (Caused by NameResolutionError("HTTPSConnection(host='mirror.ghproxy.com', port=443): Failed to resolve 'mirror.ghproxy.com' ([Errno -2] Name or service not known)")) — https://mirror.ghproxy.com/https://raw.githubusercontent.com/Barabama/FreeNodes/master/nodes/v2rayshare.txt
2026-05-19 19:54:30,793 | INFO     |   → 234/923 ⚠️ Ошибка: HTTPSConnectionPool(host='mirror.ghproxy.com', port=443): Max retries exceeded with url: /https://raw.githubusercontent.com/Barabama/FreeNodes/master/nodes/wenode.txt (Caused by NameResolutionError("HTTPSConnection(host='mirror.ghproxy.com', port=443): Failed to resolve 'mirror.ghproxy.com' ([Errno -2] Name or service not known)")) — https://mirror.ghproxy.com/https://raw.githubusercontent.com/Barabama/FreeNodes/master/nodes/wenode.txt
2026-05-19 19:54:30,793 | INFO     |   → 235/923 ⚠️ Ошибка: HTTPSConnectionPool(host='mirror.ghproxy.com', port=443): Max retries exceeded with url: /https://raw.githubusercontent.com/Barabama/FreeNodes/master/nodes/yudou66.txt (Caused by NameResolutionError("HTTPSConnection(host='mirror.ghproxy.com', port=443): Failed to resolve 'mirror.ghproxy.com' ([Errno -2] Name or service not known)")) — https://mirror.ghproxy.com/https://raw.githubusercontent.com/Barabama/FreeNodes/master/nodes/yudou66.txt
2026-05-19 19:54:30,793 | INFO     |   → 236/923: ✅ 7 взято | 🗑️ 17 мусор
2026-05-19 19:54:30,793 | INFO     |   → 237/923: ✅ 0 взято | 🗑️ 17 мусор
2026-05-19 19:54:30,793 | INFO     |   → 238/923: ✅ 14 взято | 🗑️ 14 мусор
2026-05-19 19:54:30,793 | INFO     |   → 239/923: ✅ 0 взято | 🗑️ 14 мусор
2026-05-19 19:54:30,793 | INFO     |   → 240/923: ✅ 0 взято | 🗑️ 14 мусор
2026-05-19 19:54:30,793 | INFO     |   → 241/923: ✅ 0 взято | 🗑️ 14 мусор
2026-05-19 19:54:30,793 | INFO     |   → 242/923: ✅ 0 взято | 🗑️ 14 мусор
2026-05-19 19:54:30,793 | INFO     |   → 243/923: ✅ 0 взято | 🗑️ 14 мусор
2026-05-19 19:54:30,794 | INFO     |   → 244/923: ✅ 0 взято | 🗑️ 14 мусор
2026-05-19 19:54:30,794 | INFO     |   → 245/923: ✅ 0 взято | 🗑️ 14 мусор
2026-05-19 19:54:30,794 | INFO     |   → 246/923: ✅ 0 взято | 🗑️ 14 мусор
2026-05-19 19:54:30,794 | INFO     |   → 247/923: ✅ 7 взято | 🗑️ 21 мусор
2026-05-19 19:54:30,794 | INFO     |   → 248/923: ✅ 0 взято | 🗑️ 21 мусор
2026-05-19 19:54:30,794 | INFO     |   → 249/923: ✅ 0 взято | 🗑️ 21 мусор
2026-05-19 19:54:30,794 | INFO     |   → 250/923: ✅ 0 взято | 🗑️ 21 мусор
2026-05-19 19:54:30,794 | INFO     |   → 251/923: ✅ 0 взято | 🗑️ 21 мусор
2026-05-19 19:54:30,794 | INFO     |   → 252/923: ✅ 0 взято | 🗑️ 21 мусор
2026-05-19 19:54:30,794 | INFO     |   → 253/923: ✅ 0 взято | 🗑️ 21 мусор
2026-05-19 19:54:30,794 | INFO     |   → 254/923: ✅ 0 взято | 🗑️ 21 мусор
2026-05-19 19:54:30,794 | INFO     |   → 255/923: ✅ 0 взято | 🗑️ 21 мусор
2026-05-19 19:54:30,794 | INFO     |   → 256/923: ✅ 0 взято | 🗑️ 21 мусор
2026-05-19 19:54:30,794 | INFO     |   → 257/923: ✅ 0 взято | 🗑️ 21 мусор
2026-05-19 19:54:30,794 | INFO     |   → 258/923: ✅ 5 взято | 🗑️ 15 мусор
2026-05-19 19:54:30,794 | INFO     |   → 259/923: ✅ 0 взято | 🗑️ 15 мусор
2026-05-19 19:54:30,794 | INFO     |   → 260/923: ✅ 0 взято | 🗑️ 15 мусор
2026-05-19 19:54:30,794 | INFO     |   → 261/923: ✅ 0 взято | 🗑️ 15 мусор
2026-05-19 19:54:30,794 | INFO     |   → 262/923: ✅ 0 взято | 🗑️ 15 мусор
2026-05-19 19:54:30,794 | INFO     |   → 263/923: ✅ 0 взято | 🗑️ 15 мусор
2026-05-19 19:54:30,794 | INFO     |   → 264/923: ✅ 0 взято | 🗑️ 15 мусор
2026-05-19 19:54:30,794 | INFO     |   → 265/923: ✅ 0 взято | 🗑️ 15 мусор
2026-05-19 19:54:30,794 | INFO     |   → 266/923: ✅ 0 взято | 🗑️ 15 мусор
2026-05-19 19:54:30,795 | INFO     |   → 267/923: ✅ 0 взято | 🗑️ 14 мусор
2026-05-19 19:54:30,795 | INFO     |   → 268/923: ✅ 0 взято | 🗑️ 14 мусор
2026-05-19 19:54:30,795 | INFO     |   → 269/923: ✅ 0 взято | 🗑️ 14 мусор
2026-05-19 19:54:30,795 | INFO     |   → 270/923: ✅ 0 взято | 🗑️ 14 мусор
2026-05-19 19:54:30,795 | INFO     |   → 271/923: ✅ 6 взято | 🗑️ 17 мусор
2026-05-19 19:54:30,795 | INFO     |   → 272/923: ✅ 0 взято | 🗑️ 17 мусор
2026-05-19 19:54:30,795 | INFO     |   → 273/923: ✅ 0 взято | 🗑️ 17 мусор
2026-05-19 19:54:30,795 | INFO     |   → 274/923: ✅ 0 взято | 🗑️ 17 мусор
2026-05-19 19:54:30,795 | INFO     |   → 275/923: ✅ 0 взято | 🗑️ 17 мусор
2026-05-19 19:54:30,795 | INFO     |   → 276/923 ❌ HTTP 403 — https://nodefree.org/dy/2023/08/20230806.yaml
2026-05-19 19:54:30,795 | INFO     |   → 277/923 ❌ HTTP 403 — https://nodefree.org/dy/2023/12/20231221.txt
2026-05-19 19:54:30,795 | INFO     |   → 278/923: ✅ 0 взято | 🗑️ 17 мусор
2026-05-19 19:54:30,795 | INFO     |   → 279/923: ✅ 0 взято | 🗑️ 17 мусор
2026-05-19 19:54:30,795 | INFO     |   → 280/923: ✅ 0 взято | 🗑️ 14 мусор
2026-05-19 19:54:30,795 | INFO     |   → 281/923: ✅ 0 взято | 🗑️ 14 мусор
2026-05-19 19:54:30,795 | INFO     |   → 282/923: ✅ 0 взято | 🗑️ 14 мусор
2026-05-19 19:54:30,795 | INFO     |   → 283/923: ✅ 0 взято | 🗑️ 14 мусор
2026-05-19 19:54:30,795 | INFO     |   → 284/923: ✅ 0 взято | 🗑️ 14 мусор
2026-05-19 19:54:30,795 | INFO     |   → 285/923: ✅ 0 взято | 🗑️ 14 мусор
2026-05-19 19:54:30,795 | INFO     |   → 286/923: ✅ 0 взято | 🗑️ 14 мусор
2026-05-19 19:54:30,795 | INFO     |   → 287/923: ✅ 0 взято | 🗑️ 14 мусор
2026-05-19 19:54:30,796 | INFO     |   → 288/923: ✅ 0 взято | 🗑️ 14 мусор
2026-05-19 19:54:30,796 | INFO     |   → 289/923: ✅ 0 взято | 🗑️ 21 мусор
2026-05-19 19:54:30,796 | INFO     |   → 290/923: ✅ 0 взято | 🗑️ 21 мусор
2026-05-19 19:54:30,796 | INFO     |   → 291/923: ✅ 0 взято | 🗑️ 21 мусор
2026-05-19 19:54:30,796 | INFO     |   → 292/923: ✅ 0 взято | 🗑️ 21 мусор
2026-05-19 19:54:30,796 | INFO     |   → 293/923: ✅ 0 взято | 🗑️ 21 мусор
2026-05-19 19:54:30,796 | INFO     |   → 294/923: ✅ 0 взято | 🗑️ 21 мусор
2026-05-19 19:54:30,796 | INFO     |   → 295/923: ✅ 0 взято | 🗑️ 21 мусор
2026-05-19 19:54:30,796 | INFO     |   → 296/923: ✅ 0 взято | 🗑️ 21 мусор
2026-05-19 19:54:30,796 | INFO     |   → 297/923: ✅ 0 взято | 🗑️ 21 мусор
2026-05-19 19:54:30,796 | INFO     |   → 298/923: ✅ 0 взято | 🗑️ 21 мусор
2026-05-19 19:54:30,796 | INFO     |   → 299/923: ✅ 0 взято | 🗑️ 21 мусор
2026-05-19 19:54:30,796 | INFO     |   → 300/923: ✅ 0 взято | 🗑️ 15 мусор
2026-05-19 19:54:30,796 | INFO     |   → 301/923: ✅ 0 взято | 🗑️ 15 мусор
2026-05-19 19:54:30,796 | INFO     |   → 302/923: ✅ 0 взято | 🗑️ 15 мусор
2026-05-19 19:54:30,796 | INFO     |   → 303/923: ✅ 0 взято | 🗑️ 15 мусор
2026-05-19 19:54:30,796 | INFO     |   → 304/923: ✅ 0 взято | 🗑️ 15 мусор
2026-05-19 19:54:30,796 | INFO     |   → 305/923: ✅ 0 взято | 🗑️ 15 мусор
2026-05-19 19:54:30,796 | INFO     |   → 306/923: ✅ 0 взято | 🗑️ 15 мусор
2026-05-19 19:54:30,796 | INFO     |   → 307/923: ✅ 0 взято | 🗑️ 15 мусор
2026-05-19 19:54:30,796 | INFO     |   → 308/923: ✅ 0 взято | 🗑️ 15 мусор
2026-05-19 19:54:30,796 | INFO     |   → 309/923: ✅ 0 взято | 🗑️ 15 мусор
2026-05-19 19:54:30,796 | INFO     |   → 310/923: ✅ 0 взято | 🗑️ 14 мусор
2026-05-19 19:54:30,796 | INFO     |   → 311/923: ✅ 0 взято | 🗑️ 14 мусор
2026-05-19 19:54:30,797 | INFO     |   → 312/923: ✅ 0 взято | 🗑️ 14 мусор
2026-05-19 19:54:30,797 | INFO     |   → 313/923: ✅ 0 взято | 🗑️ 14 мусор
2026-05-19 19:54:30,797 | INFO     |   → 314/923: ✅ 0 взято | 🗑️ 17 мусор
2026-05-19 19:54:30,797 | INFO     |   → 315/923: ✅ 0 взято | 🗑️ 17 мусор
2026-05-19 19:54:30,797 | INFO     |   → 316/923: ✅ 0 взято | 🗑️ 17 мусор
2026-05-19 19:54:30,797 | INFO     |   → 317/923: ✅ 0 взято | 🗑️ 17 мусор
2026-05-19 19:54:30,797 | INFO     |   → 318/923: ✅ 0 взято | 🗑️ 0 мусор
2026-05-19 19:54:30,797 | INFO     |   → 319/923: ✅ 0 взято | 🗑️ 0 мусор
2026-05-19 19:54:30,797 | INFO     |   → 320/923: ✅ 0 взято | 🗑️ 0 мусор
2026-05-19 19:54:30,797 | INFO     |   → 321/923: ✅ 0 взято | 🗑️ 0 мусор
2026-05-19 19:54:30,797 | INFO     |   → 322/923: ✅ 0 взято | 🗑️ 0 мусор
2026-05-19 19:54:30,797 | INFO     |   → 323/923: ✅ 0 взято | 🗑️ 0 мусор
2026-05-19 19:54:30,797 | INFO     |   → 324/923: ✅ 0 взято | 🗑️ 0 мусор
2026-05-19 19:54:30,797 | INFO     |   → 325/923: ✅ 0 взято | 🗑️ 0 мусор
2026-05-19 19:54:30,797 | INFO     |   → 326/923: ✅ 0 взято | 🗑️ 0 мусор
2026-05-19 19:54:30,797 | INFO     |   → 327/923: ✅ 0 взято | 🗑️ 0 мусор
2026-05-19 19:54:30,797 | INFO     |   → 328/923: ✅ 0 взято | 🗑️ 0 мусор
2026-05-19 19:54:30,797 | INFO     |   → 329/923: ✅ 0 взято | 🗑️ 0 мусор
2026-05-19 19:54:30,797 | INFO     |   → 330/923 ❌ HTTP 404 — https://raw.githubusercontent.com/10ium/MihomoSaz/main/Sublist/shatakvpn.yaml4_Sub.txt
2026-05-19 19:54:30,797 | INFO     |   → 331/923: ✅ 0 взято | 🗑️ 0 мусор
2026-05-19 19:54:30,797 | INFO     |   → 332/923: ✅ 0 взято | 🗑️ 0 мусор
2026-05-19 19:54:30,797 | INFO     |   → 333/923: ✅ 12 взято | 🗑️ 38 мусор
2026-05-19 19:54:30,797 | INFO     |   → 334/923: ✅ 0 взято | 🗑️ 0 мусор
2026-05-19 19:54:30,797 | INFO     |   → 335/923: ✅ 0 взято | 🗑️ 0 мусор
2026-05-19 19:54:30,798 | INFO     |   → 336/923: ✅ 11 взято | 🗑️ 399 мусор
2026-05-19 19:54:30,798 | INFO     |   → 337/923: ✅ 0 взято | 🗑️ 0 мусор
2026-05-19 19:54:30,798 | INFO     |   → 338/923 ❌ HTTP 404 — https://raw.githubusercontent.com/9Fork/openit/main/Clash.yaml
2026-05-19 19:54:30,798 | INFO     |   → 339/923: ✅ 100 взято | 🗑️ 381 мусор
2026-05-19 19:54:30,798 | INFO     |   → 340/923: ✅ 0 взято | 🗑️ 381 мусор
2026-05-19 19:54:30,798 | INFO     |   → 341/923: ✅ 19 взято | 🗑️ 81 мусор
2026-05-19 19:54:30,798 | INFO     |   → 342/923: ✅ 11 взято | 🗑️ 87 мусор
2026-05-19 19:54:30,798 | INFO     |   → 343/923: ✅ 27 взято | 🗑️ 73 мусор
2026-05-19 19:54:30,798 | INFO     |   → 344/923: ✅ 13 взято | 🗑️ 75 мусор
2026-05-19 19:54:30,798 | INFO     |   → 345/923: ✅ 10 взято | 🗑️ 83 мусор
2026-05-19 19:54:30,798 | INFO     |   → 346/923: ✅ 12 взято | 🗑️ 86 мусор
2026-05-19 19:54:30,798 | INFO     |   → 347/923: ✅ 11 взято | 🗑️ 87 мусор
2026-05-19 19:54:30,798 | INFO     |   → 348/923: ✅ 11 взято | 🗑️ 80 мусор
2026-05-19 19:54:30,798 | INFO     |   → 349/923: ✅ 9 взято | 🗑️ 82 мусор
2026-05-19 19:54:30,798 | INFO     |   → 350/923: ✅ 69 взято | 🗑️ 3 мусор
2026-05-19 19:54:30,798 | INFO     |   → 351/923: ✅ 3 взято | 🗑️ 75 мусор
2026-05-19 19:54:30,798 | INFO     |   → 352/923: ✅ 4 взято | 🗑️ 69 мусор
2026-05-19 19:54:30,798 | INFO     |   → 353/923: ✅ 4 взято | 🗑️ 80 мусор
2026-05-19 19:54:30,798 | INFO     |   → 354/923: ✅ 6 взято | 🗑️ 81 мусор
2026-05-19 19:54:30,798 | INFO     |   → 355/923: ✅ 5 взято | 🗑️ 79 мусор
2026-05-19 19:54:30,798 | INFO     |   → 356/923: ✅ 11 взято | 🗑️ 78 мусор
2026-05-19 19:54:30,798 | INFO     |   → 357/923: ✅ 3 взято | 🗑️ 83 мусор
2026-05-19 19:54:30,798 | INFO     |   → 358/923: ✅ 14 взято | 🗑️ 76 мусор
2026-05-19 19:54:30,798 | INFO     |   → 359/923: ✅ 12 взято | 🗑️ 78 мусор
2026-05-19 19:54:30,798 | INFO     |   → 360/923: ✅ 26 взято | 🗑️ 218 мусор
2026-05-19 19:54:30,799 | INFO     |   → 361/923: ✅ 44 взято | 🗑️ 141 мусор
2026-05-19 19:54:30,799 | INFO     |   → 362/923: ✅ 10 взято | 🗑️ 71 мусор
2026-05-19 19:54:30,799 | INFO     |   → 363/923: ✅ 2 взято | 🗑️ 88 мусор
2026-05-19 19:54:30,799 | INFO     |   → 364/923: ✅ 0 взято | 🗑️ 3 мусор
2026-05-19 19:54:30,799 | INFO     |   → 365/923: ✅ 14 взято | 🗑️ 4 мусор
2026-05-19 19:54:30,799 | INFO     |   → 366/923: ✅ 634 взято | 🗑️ 2543 мусор
2026-05-19 19:54:30,799 | INFO     |   → 367/923 ❌ HTTP 404 — https://raw.githubusercontent.com/Alvin9999/pac2/master/clash/1/config.yaml
2026-05-19 19:54:30,799 | INFO     |   → 368/923 ❌ HTTP 404 — https://raw.githubusercontent.com/AmirHDevo/temp2/7f15e7ddb311a6f8c5ab338bd1af0e1f2136a84b/configs.txt
2026-05-19 19:54:30,799 | INFO     |   → 369/923: ✅ 5 взято | 🗑️ 116 мусор
2026-05-19 19:54:30,799 | INFO     |   → 370/923: ✅ 1647 взято | 🗑️ 29518 мусор
2026-05-19 19:54:30,799 | INFO     |   → 371/923: ✅ 5 взято | 🗑️ 47 мусор
2026-05-19 19:54:30,799 | INFO     |   → 372/923: ✅ 4 взято | 🗑️ 57 мусор
2026-05-19 19:54:30,799 | INFO     |   → 373/923: ✅ 21 взято | 🗑️ 107 мусор
2026-05-19 19:54:30,799 | INFO     |   → 374/923: ✅ 78 взято | 🗑️ 347 мусор
2026-05-19 19:54:30,799 | INFO     |   → 375/923: ✅ 0 взято | 🗑️ 1373 мусор
2026-05-19 19:54:30,799 | INFO     |   → 376/923: ✅ 339 взято | 🗑️ 1542 мусор
2026-05-19 19:54:30,799 | INFO     |   → 377/923: ✅ 0 взято | 🗑️ 6 мусор
2026-05-19 19:54:30,799 | INFO     |   → 378/923: ✅ 0 взято | 🗑️ 0 мусор
2026-05-19 19:54:30,799 | INFO     |   → 379/923: ✅ 1 взято | 🗑️ 235 мусор
2026-05-19 19:54:30,799 | INFO     |   → 380/923: ✅ 0 взято | 🗑️ 16 мусор
2026-05-19 19:54:30,799 | INFO     |   → 381/923: ✅ 0 взято | 🗑️ 0 мусор
2026-05-19 19:54:30,799 | INFO     |   → 382/923: ✅ 0 взято | 🗑️ 14 мусор
2026-05-19 19:54:30,799 | INFO     |   → 383/923: ✅ 0 взято | 🗑️ 0 мусор
2026-05-19 19:54:30,799 | INFO     |   → 384/923: ✅ 0 взято | 🗑️ 17 мусор
2026-05-19 19:54:30,800 | INFO     |   → 385/923: ✅ 0 взято | 🗑️ 0 мусор
2026-05-19 19:54:30,800 | INFO     |   → 386/923: ✅ 1 взято | 🗑️ 12 мусор
2026-05-19 19:54:30,800 | INFO     |   → 387/923: ✅ 0 взято | 🗑️ 0 мусор
2026-05-19 19:54:30,800 | INFO     |   → 388/923: ✅ 0 взято | 🗑️ 17 мусор
2026-05-19 19:54:30,800 | INFO     |   → 389/923: ✅ 0 взято | 🗑️ 0 мусор
2026-05-19 19:54:30,800 | INFO     |   → 390/923: ✅ 0 взято | 🗑️ 17 мусор
2026-05-19 19:54:30,800 | INFO     |   → 391/923: ✅ 0 взято | 🗑️ 0 мусор
2026-05-19 19:54:30,800 | INFO     |   → 392/923: ✅ 0 взято | 🗑️ 161 мусор
2026-05-19 19:54:30,800 | INFO     |   → 393/923: ✅ 0 взято | 🗑️ 0 мусор
2026-05-19 19:54:30,800 | INFO     |   → 394/923: ✅ 5 взято | 🗑️ 76 мусор
2026-05-19 19:54:30,800 | INFO     |   → 395/923: ✅ 80 взято | 🗑️ 1110 мусор
2026-05-19 19:54:30,800 | INFO     |   → 396/923: ✅ 5 взято | 🗑️ 13 мусор
2026-05-19 19:54:30,800 | INFO     |   → 397/923 ❌ HTTP 404 — https://raw.githubusercontent.com/Epodonios/bulk-xray-v2ray-vless-vmess-...-configs/main/sub/Austria/config.txt
2026-05-19 19:54:30,800 | INFO     |   → 398/923 ❌ HTTP 404 — https://raw.githubusercontent.com/Epodonios/bulk-xray-v2ray-vless-vmess-...-configs/main/sub/Canada/config.txt
2026-05-19 19:54:30,800 | INFO     |   → 399/923 ❌ HTTP 404 — https://raw.githubusercontent.com/Epodonios/bulk-xray-v2ray-vless-vmess-...-configs/main/sub/Costa%20Rica/config.txt
2026-05-19 19:54:30,800 | INFO     |   → 400/923 ❌ HTTP 404 — https://raw.githubusercontent.com/Epodonios/bulk-xray-v2ray-vless-vmess-...-configs/main/sub/France/config.txt
2026-05-19 19:54:30,800 | INFO     |   → 401/923 ❌ HTTP 404 — https://raw.githubusercontent.com/Epodonios/bulk-xray-v2ray-vless-vmess-...-configs/main/sub/Germany/config.txt
2026-05-19 19:54:30,800 | INFO     |   → 402/923 ❌ HTTP 404 — https://raw.githubusercontent.com/Epodonios/bulk-xray-v2ray-vless-vmess-...-configs/main/sub/Indonesia/config.txt
2026-05-19 19:54:30,800 | INFO     |   → 403/923 ❌ HTTP 404 — https://raw.githubusercontent.com/Epodonios/bulk-xray-v2ray-vless-vmess-...-configs/main/sub/Ireland/config.txt
2026-05-19 19:54:30,800 | INFO     |   → 404/923 ❌ HTTP 404 — https://raw.githubusercontent.com/Epodonios/bulk-xray-v2ray-vless-vmess-...-configs/main/sub/Republic%20of%20Lithuania/config.txt
2026-05-19 19:54:30,800 | INFO     |   → 405/923 ❌ HTTP 404 — https://raw.githubusercontent.com/Epodonios/bulk-xray-v2ray-vless-vmess-...-configs/main/sub/South%20Africa/config.txt
2026-05-19 19:54:30,800 | INFO     |   → 406/923 ❌ HTTP 404 — https://raw.githubusercontent.com/Epodonios/bulk-xray-v2ray-vless-vmess-...-configs/main/sub/Sweden/config.txt
2026-05-19 19:54:30,800 | INFO     |   → 407/923 ❌ HTTP 404 — https://raw.githubusercontent.com/Epodonios/bulk-xray-v2ray-vless-vmess-...-configs/main/sub/Turkey/config.txt
2026-05-19 19:54:30,801 | INFO     |   → 408/923 ❌ HTTP 404 — https://raw.githubusercontent.com/Epodonios/bulk-xray-v2ray-vless-vmess-...-configs/main/sub/United%20Arab%20Emirates/config.txt
2026-05-19 19:54:30,801 | INFO     |   → 409/923 ❌ HTTP 404 — https://raw.githubusercontent.com/Epodonios/bulk-xray-v2ray-vless-vmess-...-configs/main/sub/United%20Kingdom/config.txt
2026-05-19 19:54:30,801 | INFO     |   → 410/923 ❌ HTTP 404 — https://raw.githubusercontent.com/Epodonios/bulk-xray-v2ray-vless-vmess-...-configs/main/sub/United%20States/config.txt
2026-05-19 19:54:30,801 | INFO     |   → 411/923: ✅ 347 взято | 🗑️ 3843 мусор
2026-05-19 19:54:30,801 | INFO     |   → 412/923 ❌ HTTP 404 — https://raw.githubusercontent.com/Epodonios/v2ray-configs/main/Splitted-By-Protocol/mix.txt
2026-05-19 19:54:30,801 | INFO     |   → 413/923: ✅ 13 взято | 🗑️ 337 мусор
2026-05-19 19:54:30,801 | INFO     |   → 414/923: ✅ 0 взято | 🗑️ 0 мусор
2026-05-19 19:54:30,801 | INFO     |   → 415/923: ✅ 7 взято | 🗑️ 249 мусор
2026-05-19 19:54:30,801 | INFO     |   → 416/923: ✅ 22 взято | 🗑️ 2771 мусор
2026-05-19 19:54:30,801 | INFO     |   → 417/923: ✅ 4 взято | 🗑️ 490 мусор
2026-05-19 19:54:30,801 | INFO     |   → 418/923 ❌ HTTP 404 — https://raw.githubusercontent.com/Epodonios/v2ray-configs/raw/main/Splitted-By-Protocol/trojan.txt
2026-05-19 19:54:30,801 | INFO     |   → 419/923 ❌ HTTP 404 — https://raw.githubusercontent.com/Epodonios/v2ray-configs/raw/main/Splitted-By-Protocol/vmess.txt
2026-05-19 19:54:30,801 | INFO     |   → 420/923: ✅ 0 взято | 🗑️ 337 мусор
2026-05-19 19:54:30,801 | INFO     |   → 421/923: ✅ 0 взято | 🗑️ 0 мусор
2026-05-19 19:54:30,801 | INFO     |   → 422/923: ✅ 0 взято | 🗑️ 249 мусор
2026-05-19 19:54:30,801 | INFO     |   → 423/923: ✅ 0 взято | 🗑️ 2771 мусор
2026-05-19 19:54:30,801 | INFO     |   → 424/923: ✅ 0 взято | 🗑️ 490 мусор
2026-05-19 19:54:30,801 | INFO     |   → 425/923 ❌ HTTP 404 — https://raw.githubusercontent.com/Fido6/FreeNodes/57221e59caddde55ffdda21d491ae952cd608049/nodes/halekj.txt
2026-05-19 19:54:30,801 | INFO     |   → 426/923 ❌ HTTP 404 — https://raw.githubusercontent.com/Fido6/FreeNodes/57221e59caddde55ffdda21d491ae952cd608049/nodes/kkzui.txt
2026-05-19 19:54:30,801 | INFO     |   → 427/923 ❌ HTTP 404 — https://raw.githubusercontent.com/Fido6/FreeNodes/57221e59caddde55ffdda21d491ae952cd608049/nodes/wenode.txt
2026-05-19 19:54:30,801 | INFO     |   → 428/923: ✅ 0 взято | 🗑️ 0 мусор
2026-05-19 19:54:30,801 | INFO     |   → 429/923: ✅ 0 взято | 🗑️ 0 мусор
2026-05-19 19:54:30,801 | INFO     |   → 430/923: ✅ 14 взято | 🗑️ 250 мусор
2026-05-19 19:54:30,802 | INFO     |   → 431/923: ✅ 1 взято | 🗑️ 8 мусор
2026-05-19 19:54:30,802 | INFO     |   → 432/923: ✅ 1 взято | 🗑️ 17 мусор
2026-05-19 19:54:30,802 | INFO     |   → 433/923: ✅ 4 взято | 🗑️ 11 мусор
2026-05-19 19:54:30,802 | INFO     |   → 434/923: ✅ 0 взято | 🗑️ 0 мусор
2026-05-19 19:54:30,802 | INFO     |   → 435/923: ✅ 0 взято | 🗑️ 137 мусор
2026-05-19 19:54:30,802 | INFO     |   → 436/923: ✅ 0 взято | 🗑️ 32 мусор
2026-05-19 19:54:30,802 | INFO     |   → 437/923: ✅ 2 взято | 🗑️ 19 мусор
2026-05-19 19:54:30,802 | INFO     |   → 438/923: ✅ 0 взято | 🗑️ 43 мусор
2026-05-19 19:54:30,802 | INFO     |   → 439/923: ✅ 0 взято | 🗑️ 43 мусор
2026-05-19 19:54:30,802 | INFO     |   → 440/923 ❌ HTTP 404 — https://raw.githubusercontent.com/Iran-v2ray/v2ray/main/v2ray
2026-05-19 19:54:30,802 | INFO     |   → 441/923: ✅ 0 взято | 🗑️ 1 мусор
2026-05-19 19:54:30,802 | INFO     |   → 442/923: ✅ 0 взято | 🗑️ 1 мусор
2026-05-19 19:54:30,802 | INFO     |   → 443/923: ✅ 0 взято | 🗑️ 28 мусор
2026-05-19 19:54:30,802 | INFO     |   → 444/923: ✅ 14 взято | 🗑️ 282 мусор
2026-05-19 19:54:30,802 | INFO     |   → 445/923: ✅ 0 взято | 🗑️ 94 мусор
2026-05-19 19:54:30,802 | INFO     |   → 446/923: ✅ 0 взято | 🗑️ 0 мусор
2026-05-19 19:54:30,802 | INFO     |   → 447/923: ✅ 0 взято | 🗑️ 0 мусор
2026-05-19 19:54:30,802 | INFO     |   → 448/923 ❌ HTTP 404 — https://raw.githubusercontent.com/Kwinshadow/TelegramV2rayCollector/raw/refs/heads/main/sublinks/mix.txt
2026-05-19 19:54:30,802 | INFO     |   → 449/923 ❌ HTTP 404 — https://raw.githubusercontent.com/LalatinaHub/Mineral/raw/refs/heads/master/result/nodes
2026-05-19 19:54:30,802 | INFO     |   → 450/923 ❌ HTTP 404 — https://raw.githubusercontent.com/Leon406/SubCrawler/main/sub/share/all3
2026-05-19 19:54:30,802 | INFO     |   → 451/923 ❌ HTTP 404 — https://raw.githubusercontent.com/Leon406/SubCrawler/main/sub/share/all4
2026-05-19 19:54:30,802 | INFO     |   → 452/923: ✅ 4 взято | 🗑️ 335 мусор
2026-05-19 19:54:30,802 | INFO     |   → 453/923: ✅ 0 взято | 🗑️ 33 мусор
2026-05-19 19:54:30,802 | INFO     |   → 454/923: ✅ 0 взято | 🗑️ 6 мусор
2026-05-19 19:54:30,803 | INFO     |   → 455/923: ✅ 0 взято | 🗑️ 147 мусор
2026-05-19 19:54:30,803 | INFO     |   → 456/923 ❌ HTTP 404 — https://raw.githubusercontent.com/M-Mashreghi/free-config-collector/main/Splitted-By-Protocol/ssr.txt
2026-05-19 19:54:30,803 | INFO     |   → 457/923: ✅ 139 взято | 🗑️ 114 мусор
2026-05-19 19:54:30,803 | INFO     |   → 458/923: ✅ 126 взято | 🗑️ 137 мусор
2026-05-19 19:54:30,803 | INFO     |   → 459/923: ✅ 0 взято | 🗑️ 12 мусор
2026-05-19 19:54:30,803 | INFO     |   → 460/923: ✅ 0 взято | 🗑️ 1 мусор
2026-05-19 19:54:30,803 | INFO     |   → 461/923: ✅ 15 взято | 🗑️ 424 мусор
2026-05-19 19:54:30,803 | INFO     |   → 462/923: ✅ 0 взято | 🗑️ 424 мусор
2026-05-19 19:54:30,803 | INFO     |   → 463/923 ❌ HTTP 404 — https://raw.githubusercontent.com/MatinGhanbari/v2ray-configs/main/subscriptions/filtered/subs/hy2.txt
2026-05-19 19:54:30,803 | INFO     |   → 464/923: ✅ 24 взято | 🗑️ 1580 мусор
2026-05-19 19:54:30,803 | INFO     |   → 465/923 ❌ HTTP 404 — https://raw.githubusercontent.com/MatinGhanbari/v2ray-configs/main/subscriptions/filtered/subs/ssr.txt
2026-05-19 19:54:30,803 | INFO     |   → 466/923: ✅ 58 взято | 🗑️ 500 мусор
2026-05-19 19:54:30,803 | INFO     |   → 467/923 ❌ HTTP 404 — https://raw.githubusercontent.com/MatinGhanbari/v2ray-configs/main/subscriptions/filtered/subs/tuic.txt
2026-05-19 19:54:30,803 | INFO     |   → 468/923: ✅ 14 взято | 🗑️ 260 мусор
2026-05-19 19:54:30,803 | INFO     |   → 469/923: ✅ 213 взято | 🗑️ 1284 мусор
2026-05-19 19:54:30,803 | INFO     |   → 470/923: ✅ 0 взято | 🗑️ 2 мусор
2026-05-19 19:54:30,803 | INFO     |   → 471/923: ✅ 73 взято | 🗑️ 704 мусор
2026-05-19 19:54:30,803 | INFO     |   → 472/923: ✅ 0 взято | 🗑️ 359 мусор
2026-05-19 19:54:30,803 | INFO     |   → 473/923: ✅ 0 взято | 🗑️ 359 мусор
2026-05-19 19:54:30,803 | INFO     |   → 474/923: ✅ 0 взято | 🗑️ 13 мусор
2026-05-19 19:54:30,803 | INFO     |   → 475/923: ✅ 0 взято | 🗑️ 2 мусор
2026-05-19 19:54:30,803 | INFO     |   → 476/923: ✅ 0 взято | 🗑️ 266 мусор
2026-05-19 19:54:30,803 | INFO     |   → 477/923: ✅ 0 взято | 🗑️ 72 мусор
2026-05-19 19:54:30,804 | INFO     |   → 478/923 ❌ HTTP 404 — https://raw.githubusercontent.com/MhdiTaheri/V2rayCollector/raw/refs/heads/main/sub/mix
2026-05-19 19:54:30,804 | INFO     |   → 479/923: ✅ 53 взято | 🗑️ 267 мусор
2026-05-19 19:54:30,804 | INFO     |   → 480/923 ❌ HTTP 404 — https://raw.githubusercontent.com/MhdiTaheri/V2rayCollector_Py/raw/refs/heads/main/sub/Mix/mix.txt
2026-05-19 19:54:30,804 | INFO     |   → 481/923: ✅ 0 взято | 🗑️ 0 мусор
2026-05-19 19:54:30,804 | INFO     |   → 482/923: ✅ 43 взято | 🗑️ 217 мусор
2026-05-19 19:54:30,804 | INFO     |   → 483/923: ✅ 0 взято | 🗑️ 31 мусор
2026-05-19 19:54:30,804 | INFO     |   → 484/923: ✅ 93 взято | 🗑️ 282 мусор
2026-05-19 19:54:30,804 | INFO     |   → 485/923: ✅ 0 взято | 🗑️ 26 мусор
2026-05-19 19:54:30,804 | INFO     |   → 486/923 ❌ HTTP 404 — https://raw.githubusercontent.com/MrMohebi/xray-proxy-grabber-telegram/master/collected-proxies/clash-meta/all.yaml
2026-05-19 19:54:30,804 | INFO     |   → 487/923 ❌ HTTP 404 — https://raw.githubusercontent.com/MrMohebi/xray-proxy-grabber-telegram/master/collected-proxies/row-url/actives.txt
2026-05-19 19:54:30,804 | INFO     |   → 488/923 ❌ HTTP 404 — https://raw.githubusercontent.com/MrMohebi/xray-proxy-grabber-telegram/master/collected-proxies/row-url/all.txt
2026-05-19 19:54:30,804 | INFO     |   → 489/923: ✅ 0 взято | 🗑️ 13 мусор
2026-05-19 19:54:30,804 | INFO     |   → 490/923: ✅ 0 взято | 🗑️ 13 мусор
2026-05-19 19:54:30,804 | INFO     |   → 491/923: ✅ 5 взято | 🗑️ 15 мусор
2026-05-19 19:54:30,804 | INFO     |   → 492/923: ✅ 0 взято | 🗑️ 30 мусор
2026-05-19 19:54:30,804 | INFO     |   → 493/923: ✅ 0 взято | 🗑️ 15 мусор
2026-05-19 19:54:30,804 | INFO     |   → 494/923: ✅ 66 взято | 🗑️ 123 мусор
2026-05-19 19:54:30,804 | INFO     |   → 495/923: ✅ 175 взято | 🗑️ 582 мусор
2026-05-19 19:54:30,804 | INFO     |   → 496/923: ✅ 0 взято | 🗑️ 0 мусор
2026-05-19 19:54:30,804 | INFO     |   → 497/923 ❌ HTTP 404 — https://raw.githubusercontent.com/OpenCNLink/freevpn/3cfcff048bfdd1493ccffa52ecf30ce7f9fc6b28/src/list/vmess.txt
2026-05-19 19:54:30,804 | INFO     |   → 498/923 ❌ HTTP 404 — https://raw.githubusercontent.com/Pawdro/Collection/main/sub
2026-05-19 19:54:30,804 | INFO     |   → 499/923: ✅ 0 взято | 🗑️ 14 мусор
2026-05-19 19:54:30,804 | INFO     |   → 500/923: ✅ 0 взято | 🗑️ 14 мусор
2026-05-19 19:54:30,804 | INFO     |   → 501/923: ✅ 0 взято | 🗑️ 0 мусор
2026-05-19 19:54:30,805 | INFO     |   → 502/923: ✅ 0 взято | 🗑️ 0 мусор
2026-05-19 19:54:30,805 | INFO     |   → 503/923: ✅ 0 взято | 🗑️ 50 мусор
2026-05-19 19:54:30,805 | INFO     |   → 504/923: ✅ 5 взято | 🗑️ 206 мусор
2026-05-19 19:54:30,805 | INFO     |   → 505/923: ✅ 21 взято | 🗑️ 138 мусор
2026-05-19 19:54:30,805 | INFO     |   → 506/923: ✅ 23 взято | 🗑️ 89 мусор
2026-05-19 19:54:30,805 | INFO     |   → 507/923: ✅ 9 взято | 🗑️ 85 мусор
2026-05-19 19:54:30,805 | INFO     |   → 508/923: ✅ 0 взято | 🗑️ 129 мусор
2026-05-19 19:54:30,805 | INFO     |   → 509/923: ✅ 0 взято | 🗑️ 81 мусор
2026-05-19 19:54:30,805 | INFO     |   → 510/923 ❌ HTTP 404 — https://raw.githubusercontent.com/STR97/STRUGOV/refs/heads/main/STR.BYPASS
2026-05-19 19:54:30,805 | INFO     |   → 511/923: ✅ 4 взято | 🗑️ 34 мусор
2026-05-19 19:54:30,805 | INFO     |   → 512/923: ✅ 11 взято | 🗑️ 16 мусор
2026-05-19 19:54:30,805 | INFO     |   → 513/923: ✅ 0 взято | 🗑️ 16 мусор
2026-05-19 19:54:30,805 | INFO     |   → 514/923: ✅ 0 взято | 🗑️ 27 мусор
2026-05-19 19:54:30,805 | INFO     |   → 515/923: ✅ 140 взято | 🗑️ 1153 мусор
2026-05-19 19:54:30,805 | INFO     |   → 516/923: ✅ 29 взято | 🗑️ 54 мусор
2026-05-19 19:54:30,805 | INFO     |   → 517/923: ✅ 0 взято | 🗑️ 2 мусор
2026-05-19 19:54:30,805 | INFO     |   → 518/923: ✅ 0 взято | 🗑️ 0 мусор
2026-05-19 19:54:30,805 | INFO     |   → 519/923: ✅ 2 взято | 🗑️ 1 мусор
2026-05-19 19:54:30,805 | INFO     |   → 520/923: ✅ 0 взято | 🗑️ 2 мусор
2026-05-19 19:54:30,805 | INFO     |   → 521/923: ✅ 0 взято | 🗑️ 1 мусор
2026-05-19 19:54:30,805 | INFO     |   → 522/923: ✅ 4 взято | 🗑️ 291 мусор
2026-05-19 19:54:30,805 | INFO     |   → 523/923: ✅ 0 взято | 🗑️ 119 мусор
2026-05-19 19:54:30,805 | INFO     |   → 524/923: ✅ 0 взято | 🗑️ 0 мусор
2026-05-19 19:54:30,806 | INFO     |   → 525/923 ❌ HTTP 404 — https://raw.githubusercontent.com/V2RAYCONFIGSPOOL/V2RAY_SUB/main/V2RAY_SUB.txt
2026-05-19 19:54:30,806 | INFO     |   → 526/923: ✅ 50 взято | 🗑️ 84 мусор
2026-05-19 19:54:30,806 | INFO     |   → 527/923: ✅ 19 взято | 🗑️ 76 мусор
2026-05-19 19:54:30,806 | INFO     |   → 528/923: ✅ 0 взято | 🗑️ 0 мусор
2026-05-19 19:54:30,806 | INFO     |   → 529/923: ✅ 0 взято | 🗑️ 76 мусор
2026-05-19 19:54:30,806 | INFO     |   → 530/923: ✅ 58 взято | 🗑️ 348 мусор
2026-05-19 19:54:30,806 | INFO     |   → 531/923: ✅ 1 взято | 🗑️ 231 мусор
2026-05-19 19:54:30,806 | INFO     |   → 532/923: ✅ 0 взято | 🗑️ 0 мусор
2026-05-19 19:54:30,806 | INFO     |   → 533/923: ✅ 1 взято | 🗑️ 83 мусор
2026-05-19 19:54:30,806 | INFO     |   → 534/923: ✅ 0 взято | 🗑️ 16 мусор
2026-05-19 19:54:30,806 | INFO     |   → 535/923: ✅ 0 взято | 🗑️ 16 мусор
2026-05-19 19:54:30,806 | INFO     |   → 536/923 ❌ HTTP 404 — https://raw.githubusercontent.com/aiboboxx/clashfree/main/clash.yml
2026-05-19 19:54:30,806 | INFO     |   → 537/923 ❌ HTTP 404 — https://raw.githubusercontent.com/aiboboxx/v2rayfree/main/v2
2026-05-19 19:54:30,806 | INFO     |   → 538/923 ❌ HTTP 404 — https://raw.githubusercontent.com/amirmohammad-mohammad-88/Sub-Reality-Azadi-config/Config/Azadi-Reality-Different
2026-05-19 19:54:30,806 | INFO     |   → 539/923 ❌ HTTP 404 — https://raw.githubusercontent.com/amirmohammad-mohammad-88/Sub-Reality-Azadi-config/Config/Azadi-Reality-Different-Base64
2026-05-19 19:54:30,806 | INFO     |   → 540/923: ✅ 1 взято | 🗑️ 17 мусор
2026-05-19 19:54:30,806 | INFO     |   → 541/923: ✅ 0 взято | 🗑️ 0 мусор
2026-05-19 19:54:30,806 | INFO     |   → 542/923: ✅ 4 взято | 🗑️ 114 мусор
2026-05-19 19:54:30,806 | INFO     |   → 543/923: ✅ 17 взято | 🗑️ 59 мусор
2026-05-19 19:54:30,806 | INFO     |   → 544/923 ❌ HTTP 404 — https://raw.githubusercontent.com/awesome-vpn/awesome-vpn/master/ss
2026-05-19 19:54:30,806 | INFO     |   → 545/923 ❌ HTTP 404 — https://raw.githubusercontent.com/awesome-vpn/awesome-vpn/master/ssr
2026-05-19 19:54:30,806 | INFO     |   → 546/923: ✅ 0 взято | 🗑️ 0 мусор
2026-05-19 19:54:30,806 | INFO     |   → 547/923: ✅ 1 взято | 🗑️ 22 мусор
2026-05-19 19:54:30,806 | INFO     |   → 548/923: ✅ 0 взято | 🗑️ 218 мусор
2026-05-19 19:54:30,807 | INFO     |   → 549/923 ❌ HTTP 404 — https://raw.githubusercontent.com/barry-far/V2ray-Configs/ced94ddfff48276ec365b40227561f36b1b64bc8/Sub5.txt
2026-05-19 19:54:30,807 | INFO     |   → 550/923 ❌ HTTP 404 — https://raw.githubusercontent.com/barry-far/V2ray-Configs/main/Splitted-By-Protocol/hysteria2.txt
2026-05-19 19:54:30,807 | INFO     |   → 551/923 ❌ HTTP 404 — https://raw.githubusercontent.com/barry-far/V2ray-Configs/main/Splitted-By-Protocol/vless.txt
2026-05-19 19:54:30,807 | INFO     |   → 552/923 ❌ HTTP 404 — https://raw.githubusercontent.com/barry-far/V2ray-Configs/main/Sub1.txt
2026-05-19 19:54:30,807 | INFO     |   → 553/923 ❌ HTTP 404 — https://raw.githubusercontent.com/barry-far/V2ray-Configs/refs/heads/main/All_Configs_Sub.txt
2026-05-19 19:54:30,807 | INFO     |   → 554/923: ✅ 0 взято | 🗑️ 0 мусор
2026-05-19 19:54:30,807 | INFO     |   → 555/923 ❌ HTTP 404 — https://raw.githubusercontent.com/budamu/clashconfig/main/v2ray.txt
2026-05-19 19:54:30,807 | INFO     |   → 556/923 ❌ HTTP 404 — https://raw.githubusercontent.com/budamu/clashconfig/main/v2ray2.txt
2026-05-19 19:54:30,807 | INFO     |   → 557/923: ✅ 0 взято | 🗑️ 0 мусор
2026-05-19 19:54:30,807 | INFO     |   → 558/923: ✅ 0 взято | 🗑️ 442 мусор
2026-05-19 19:54:30,807 | INFO     |   → 559/923: ✅ 0 взято | 🗑️ 0 мусор
2026-05-19 19:54:30,807 | INFO     |   → 560/923 ❌ HTTP 404 — https://raw.githubusercontent.com/chxxyz2004/zd/17fca23b73c46b5dd73e9be49b14d219b5e5f836/sub/2401/240110.txt
2026-05-19 19:54:30,807 | INFO     |   → 561/923: ✅ 0 взято | 🗑️ 44 мусор
2026-05-19 19:54:30,807 | INFO     |   → 562/923: ✅ 236 взято | 🗑️ 517 мусор
2026-05-19 19:54:30,807 | INFO     |   → 563/923 ❌ HTTP 404 — https://raw.githubusercontent.com/cxr9912/cxr2022/main/free.yaml
2026-05-19 19:54:30,807 | INFO     |   → 564/923 ❌ HTTP 404 — https://raw.githubusercontent.com/cxr9912/cxr2022/main/mix.yaml
2026-05-19 19:54:30,807 | INFO     |   → 565/923 ❌ HTTP 404 — https://raw.githubusercontent.com/cxr9912/cxr2022/main/ss.yaml
2026-05-19 19:54:30,807 | INFO     |   → 566/923 ❌ HTTP 404 — https://raw.githubusercontent.com/cxr9912/cxr2022/main/ssr.yaml
2026-05-19 19:54:30,807 | INFO     |   → 567/923 ❌ HTTP 404 — https://raw.githubusercontent.com/cxr9912/cxr2022/main/vmess.yaml
2026-05-19 19:54:30,807 | INFO     |   → 568/923 ❌ HTTP 404 — https://raw.githubusercontent.com/cxr9912/cxr2022/refs/heads/main/18cj.json
2026-05-19 19:54:30,807 | INFO     |   → 569/923 ❌ HTTP 404 — https://raw.githubusercontent.com/cxr9912/cxr2022/refs/heads/main/aaaaaaaa.yaml
2026-05-19 19:54:30,807 | INFO     |   → 570/923 ❌ HTTP 404 — https://raw.githubusercontent.com/cxr9912/cxr2022/refs/heads/main/free.yaml
2026-05-19 19:54:30,807 | INFO     |   → 571/923 ❌ HTTP 404 — https://raw.githubusercontent.com/cxr9912/cxr2022/refs/heads/main/ss2088.txt
2026-05-19 19:54:30,807 | INFO     |   → 572/923: ✅ 0 взято | 🗑️ 18 мусор
2026-05-19 19:54:30,807 | INFO     |   → 573/923: ✅ 0 взято | 🗑️ 18 мусор
2026-05-19 19:54:30,808 | INFO     |   → 574/923: ✅ 6 взято | 🗑️ 78 мусор
2026-05-19 19:54:30,808 | INFO     |   → 575/923: ✅ 6 взято | 🗑️ 4 мусор
2026-05-19 19:54:30,808 | INFO     |   → 576/923: ✅ 0 взято | 🗑️ 2 мусор
2026-05-19 19:54:30,808 | INFO     |   → 577/923: ✅ 0 взято | 🗑️ 2 мусор
2026-05-19 19:54:30,808 | INFO     |   → 578/923: ✅ 0 взято | 🗑️ 2 мусор
2026-05-19 19:54:30,808 | INFO     |   → 579/923: ✅ 0 взято | 🗑️ 3 мусор
2026-05-19 19:54:30,808 | INFO     |   → 580/923: ✅ 0 взято | 🗑️ 2 мусор
2026-05-19 19:54:30,808 | INFO     |   → 581/923: ✅ 0 взято | 🗑️ 9 мусор
2026-05-19 19:54:30,808 | INFO     |   → 582/923: ✅ 1 взято | 🗑️ 1 мусор
2026-05-19 19:54:30,808 | INFO     |   → 583/923: ✅ 0 взято | 🗑️ 10 мусор
2026-05-19 19:54:30,808 | INFO     |   → 584/923: ✅ 0 взято | 🗑️ 2 мусор
2026-05-19 19:54:30,808 | INFO     |   → 585/923: ✅ 0 взято | 🗑️ 0 мусор
2026-05-19 19:54:30,808 | INFO     |   → 586/923: ✅ 1911 взято | 🗑️ 39272 мусор
2026-05-19 19:54:30,808 | INFO     |   → 587/923: ✅ 62 взято | 🗑️ 914 мусор
2026-05-19 19:54:30,808 | INFO     |   → 588/923: ✅ 6 взято | 🗑️ 113 мусор
2026-05-19 19:54:30,808 | INFO     |   → 589/923: ✅ 0 взято | 🗑️ 0 мусор
2026-05-19 19:54:30,808 | INFO     |   → 590/923: ✅ 1 взято | 🗑️ 25 мусор
2026-05-19 19:54:30,808 | INFO     |   → 591/923: ✅ 0 взято | 🗑️ 0 мусор
2026-05-19 19:54:30,808 | INFO     |   → 592/923: ✅ 13 взято | 🗑️ 19 мусор
2026-05-19 19:54:30,808 | INFO     |   → 593/923: ✅ 0 взято | 🗑️ 5 мусор
2026-05-19 19:54:30,808 | INFO     |   → 594/923: ✅ 2 взято | 🗑️ 80 мусор
2026-05-19 19:54:30,808 | INFO     |   → 595/923 ❌ HTTP 404 — https://raw.githubusercontent.com/free-nodes/v2rayfree/main/v2
2026-05-19 19:54:30,808 | INFO     |   → 596/923 ❌ HTTP 404 — https://raw.githubusercontent.com/free-v2ray-config/trojan/main/trojan.txt
2026-05-19 19:54:30,808 | INFO     |   → 597/923 ❌ HTTP 404 — https://raw.githubusercontent.com/free-v2ray-config/vless/main/vless.txt
2026-05-19 19:54:30,808 | INFO     |   → 598/923 ❌ HTTP 404 — https://raw.githubusercontent.com/free-v2ray-config/vmess/main/vmess.txt
2026-05-19 19:54:30,808 | INFO     |   → 599/923: ✅ 5 взято | 🗑️ 169 мусор
2026-05-19 19:54:30,809 | INFO     |   → 600/923: ✅ 34 взято | 🗑️ 121 мусор
2026-05-19 19:54:30,809 | INFO     |   → 601/923: ✅ 4 взято | 🗑️ 97 мусор
2026-05-19 19:54:30,809 | INFO     |   → 602/923 ❌ HTTP 404 — https://raw.githubusercontent.com/free18/v2ray/main/Clash.yaml
2026-05-19 19:54:30,809 | INFO     |   → 603/923: ✅ 0 взято | 🗑️ 0 мусор
2026-05-19 19:54:30,809 | INFO     |   → 604/923: ✅ 0 взято | 🗑️ 15 мусор
2026-05-19 19:54:30,809 | INFO     |   → 605/923: ✅ 0 взято | 🗑️ 0 мусор
2026-05-19 19:54:30,809 | INFO     |   → 606/923: ✅ 0 взято | 🗑️ 8 мусор
2026-05-19 19:54:30,809 | INFO     |   → 607/923: ✅ 0 взято | 🗑️ 8 мусор
2026-05-19 19:54:30,809 | INFO     |   → 608/923: ✅ 0 взято | 🗑️ 8 мусор
2026-05-19 19:54:30,809 | INFO     |   → 609/923: ✅ 0 взято | 🗑️ 8 мусор
2026-05-19 19:54:30,809 | INFO     |   → 610/923 ❌ HTTP 404 — https://raw.githubusercontent.com/freev2rayconfig/V2RAY_SUB/3e6a7786a1601ee3723e8d043ae79e70dbdfd9a8/v2rayconfigs.txt
2026-05-19 19:54:30,809 | INFO     |   → 611/923 ❌ HTTP 404 — https://raw.githubusercontent.com/freev2rayconfig/V2RAY_SUBSCRIPTION_LINK/main/v2rayconfigs.txt
2026-05-19 19:54:30,809 | INFO     |   → 612/923 ❌ HTTP 404 — https://raw.githubusercontent.com/gfpcom/free-proxy-list/main/list/http.txt
2026-05-19 19:54:30,809 | INFO     |   → 613/923 ❌ HTTP 404 — https://raw.githubusercontent.com/gfpcom/free-proxy-list/main/list/https.txt
2026-05-19 19:54:30,809 | INFO     |   → 614/923 ❌ HTTP 404 — https://raw.githubusercontent.com/gfpcom/free-proxy-list/main/list/socks4.txt
2026-05-19 19:54:30,809 | INFO     |   → 615/923 ❌ HTTP 404 — https://raw.githubusercontent.com/gfpcom/free-proxy-list/main/list/socks4a.txt
2026-05-19 19:54:30,809 | INFO     |   → 616/923 ❌ HTTP 404 — https://raw.githubusercontent.com/gfpcom/free-proxy-list/main/list/socks5.txt
2026-05-19 19:54:30,809 | INFO     |   → 617/923 ❌ HTTP 404 — https://raw.githubusercontent.com/gfpcom/free-proxy-list/main/list/socks5h.txt
2026-05-19 19:54:30,809 | INFO     |   → 618/923 ❌ HTTP 404 — https://raw.githubusercontent.com/gfpcom/free-proxy-list/main/list/ss.txt
2026-05-19 19:54:30,809 | INFO     |   → 619/923 ❌ HTTP 404 — https://raw.githubusercontent.com/gfpcom/free-proxy-list/main/list/ssr.txt
2026-05-19 19:54:30,809 | INFO     |   → 620/923 ❌ HTTP 404 — https://raw.githubusercontent.com/gfpcom/free-proxy-list/main/list/trojan.txt
2026-05-19 19:54:30,809 | INFO     |   → 621/923 ❌ HTTP 404 — https://raw.githubusercontent.com/gfpcom/free-proxy-list/main/list/vless.txt
2026-05-19 19:54:30,809 | INFO     |   → 622/923 ❌ HTTP 404 — https://raw.githubusercontent.com/gfpcom/free-proxy-list/main/list/vmess.txt
2026-05-19 19:54:30,809 | INFO     |   → 623/923: ✅ 0 взято | 🗑️ 17 мусор
2026-05-19 19:54:30,809 | INFO     |   → 624/923: ✅ 0 взято | 🗑️ 0 мусор
2026-05-19 19:54:30,809 | INFO     |   → 625/923: ✅ 4 взято | 🗑️ 63 мусор
2026-05-19 19:54:30,810 | INFO     |   → 626/923 ❌ HTTP 404 — https://raw.githubusercontent.com/hameed-maleki/TVC/89a4522969c57dcc22458cae9898426e5c4f2679/lite/config.txt
2026-05-19 19:54:30,810 | INFO     |   → 627/923: ✅ 5 взято | 🗑️ 132 мусор
2026-05-19 19:54:30,810 | INFO     |   → 628/923: ✅ 0 взято | 🗑️ 56 мусор
2026-05-19 19:54:30,810 | INFO     |   → 629/923 ❌ HTTP 404 — https://raw.githubusercontent.com/hkaa0/permalink/main/proxy/V2ray
2026-05-19 19:54:30,810 | INFO     |   → 630/923 ❌ HTTP 404 — https://raw.githubusercontent.com/hkaa0/permalink/main/proxy/clash
2026-05-19 19:54:30,810 | INFO     |   → 631/923 ❌ HTTP 404 — https://raw.githubusercontent.com/hkpc/Autoproxy/6cf946ddfc677a29062007e4b47d70674474baa7/sub/2401/240110.txt
2026-05-19 19:54:30,810 | INFO     |   → 632/923 ❌ HTTP 404 — https://raw.githubusercontent.com/hkpc/V2ray-Configs/7d9aa0dabf947af180a7dd6302818ed37950531a/Sub1.txt
2026-05-19 19:54:30,810 | INFO     |   → 633/923: ✅ 0 взято | 🗑️ 14 мусор
2026-05-19 19:54:30,810 | INFO     |   → 634/923: ✅ 16 взято | 🗑️ 16 мусор
2026-05-19 19:54:30,810 | INFO     |   → 635/923 ❌ HTTP 404 — https://raw.githubusercontent.com/iboxz/free-v2ray-collector/main/main
2026-05-19 19:54:30,810 | INFO     |   → 636/923: ✅ 11 взято | 🗑️ 12 мусор
2026-05-19 19:54:30,810 | INFO     |   → 637/923: ✅ 9 взято | 🗑️ 15 мусор
2026-05-19 19:54:30,810 | INFO     |   → 638/923: ✅ 52 взято | 🗑️ 216 мусор
2026-05-19 19:54:30,810 | INFO     |   → 639/923 ❌ HTTP 404 — https://raw.githubusercontent.com/igareck/vpn-configs-for-russia/refs/heads/main/Vless-Reality-White-Lists-Rus-Cable.txt
2026-05-19 19:54:30,810 | INFO     |   → 640/923: ✅ 23 взято | 🗑️ 64 мусор
2026-05-19 19:54:30,810 | INFO     |   → 641/923: ✅ 0 взято | 🗑️ 0 мусор
2026-05-19 19:54:30,810 | INFO     |   → 642/923: ✅ 0 взято | 🗑️ 0 мусор
2026-05-19 19:54:30,810 | INFO     |   → 643/923: ✅ 23 взято | 🗑️ 9 мусор
2026-05-19 19:54:30,810 | INFO     |   → 644/923: ✅ 0 взято | 🗑️ 0 мусор
2026-05-19 19:54:30,810 | INFO     |   → 645/923: ✅ 0 взято | 🗑️ 0 мусор
2026-05-19 19:54:30,810 | INFO     |   → 646/923: ✅ 0 взято | 🗑️ 12 мусор
2026-05-19 19:54:30,810 | INFO     |   → 647/923: ✅ 0 взято | 🗑️ 43 мусор
2026-05-19 19:54:30,810 | INFO     |   → 648/923 ❌ HTTP 404 — https://raw.githubusercontent.com/jw853355718/clash_233/master/config.yml
2026-05-19 19:54:30,810 | INFO     |   → 649/923: ✅ 0 взято | 🗑️ 210 мусор
2026-05-19 19:54:30,810 | INFO     |   → 650/923: ✅ 0 взято | 🗑️ 0 мусор
2026-05-19 19:54:30,810 | INFO     |   → 651/923: ✅ 0 взято | 🗑️ 0 мусор
2026-05-19 19:54:30,810 | INFO     |   → 652/923 ❌ HTTP 404 — https://raw.githubusercontent.com/lcx12901/v2ray-/master/sspool.herokuapp.com/yzcloud.yaml
2026-05-19 19:54:30,811 | INFO     |   → 653/923 ❌ HTTP 404 — https://raw.githubusercontent.com/lcx12901/v2ray-/master/sspool.herokuapp.com/yzcloud2.yaml
2026-05-19 19:54:30,811 | INFO     |   → 654/923: ✅ 0 взято | 🗑️ 0 мусор
2026-05-19 19:54:30,811 | INFO     |   → 655/923 ❌ HTTP 404 — https://raw.githubusercontent.com/learnhard-cn/free_proxy_ss/main/clash/config.yaml
2026-05-19 19:54:30,811 | INFO     |   → 656/923: ✅ 0 взято | 🗑️ 8 мусор
2026-05-19 19:54:30,811 | INFO     |   → 657/923: ✅ 0 взято | 🗑️ 4 мусор
2026-05-19 19:54:30,811 | INFO     |   → 658/923: ✅ 0 взято | 🗑️ 0 мусор
2026-05-19 19:54:30,811 | INFO     |   → 659/923: ✅ 0 взято | 🗑️ 4 мусор
2026-05-19 19:54:30,811 | INFO     |   → 660/923: ✅ 0 взято | 🗑️ 149 мусор
2026-05-19 19:54:30,811 | INFO     |   → 661/923: ✅ 0 взято | 🗑️ 421 мусор
2026-05-19 19:54:30,811 | INFO     |   → 662/923 ❌ HTTP 404 — https://raw.githubusercontent.com/lisylva-lee/v2dyku/main/ssr
2026-05-19 19:54:30,811 | INFO     |   → 663/923 ❌ HTTP 404 — https://raw.githubusercontent.com/lisylva-lee/v2dyku/main/v2dy
2026-05-19 19:54:30,811 | INFO     |   → 664/923: ✅ 0 взято | 🗑️ 53 мусор
2026-05-19 19:54:30,811 | INFO     |   → 665/923 ❌ HTTP 404 — https://raw.githubusercontent.com/luxl-1379/merge/77247d23def72b25226dfa741614e9b07a569c72/sub/sub_merge_base64.txt
2026-05-19 19:54:30,811 | INFO     |   → 666/923: ✅ 146 взято | 🗑️ 343 мусор
2026-05-19 19:54:30,811 | INFO     |   → 667/923: ✅ 0 взято | 🗑️ 117 мусор
2026-05-19 19:54:30,811 | INFO     |   → 668/923: ✅ 655 взято | 🗑️ 3971 мусор
2026-05-19 19:54:30,811 | INFO     |   → 669/923: ✅ 0 взято | 🗑️ 0 мусор
2026-05-19 19:54:30,811 | INFO     |   → 670/923: ✅ 0 взято | 🗑️ 3971 мусор
2026-05-19 19:54:30,811 | INFO     |   → 671/923: ✅ 20 взято | 🗑️ 370 мусор
2026-05-19 19:54:30,811 | INFO     |   → 672/923 ❌ HTTP 404 — https://raw.githubusercontent.com/mermeroo/Clash-V2ray/main/v2ray
2026-05-19 19:54:30,811 | INFO     |   → 673/923: ✅ 15 взято | 🗑️ 417 мусор
2026-05-19 19:54:30,811 | INFO     |   → 674/923: ✅ 6 взято | 🗑️ 102 мусор
2026-05-19 19:54:30,811 | INFO     |   → 675/923: ✅ 716 взято | 🗑️ 6258 мусор
2026-05-19 19:54:30,811 | INFO     |   → 676/923: ✅ 8 взято | 🗑️ 853 мусор
2026-05-19 19:54:30,811 | INFO     |   → 677/923: ✅ 32 взято | 🗑️ 69 мусор
2026-05-19 19:54:30,811 | INFO     |   → 678/923 ❌ HTTP 404 — https://raw.githubusercontent.com/mermeroo/free-v2ray-collector/main/main/mix
2026-05-19 19:54:30,812 | INFO     |   → 679/923 ❌ HTTP 404 — https://raw.githubusercontent.com/mermeroo/free-v2ray-collector/main/main/reality
2026-05-19 19:54:30,812 | INFO     |   → 680/923 ❌ HTTP 404 — https://raw.githubusercontent.com/mermeroo/free-v2ray-collector/main/main/shadowsocks
2026-05-19 19:54:30,812 | INFO     |   → 681/923 ❌ HTTP 404 — https://raw.githubusercontent.com/mermeroo/free-v2ray-collector/main/main/trojan
2026-05-19 19:54:30,812 | INFO     |   → 682/923 ❌ HTTP 404 — https://raw.githubusercontent.com/mermeroo/free-v2ray-collector/main/main/vless
2026-05-19 19:54:30,812 | INFO     |   → 683/923 ❌ HTTP 404 — https://raw.githubusercontent.com/mermeroo/free-v2ray-collector/main/main/vmess
2026-05-19 19:54:30,812 | INFO     |   → 684/923 ❌ HTTP 404 — https://raw.githubusercontent.com/mfuu/v2ray/master/merge/merge.txt
2026-05-19 19:54:30,812 | INFO     |   → 685/923: ✅ 0 взято | 🗑️ 60 мусор
2026-05-19 19:54:30,812 | INFO     |   → 686/923: ✅ 0 взято | 🗑️ 60 мусор
2026-05-19 19:54:30,812 | INFO     |   → 687/923: ✅ 536 взято | 🗑️ 14269 мусор
2026-05-19 19:54:30,812 | INFO     |   → 688/923: ✅ 0 взято | 🗑️ 14269 мусор
2026-05-19 19:54:30,812 | INFO     |   → 689/923: ✅ 0 взято | 🗑️ 3084 мусор
2026-05-19 19:54:30,812 | INFO     |   → 690/923: ✅ 0 взято | 🗑️ 1706 мусор
2026-05-19 19:54:30,812 | INFO     |   → 691/923: ✅ 0 взято | 🗑️ 5146 мусор
2026-05-19 19:54:30,812 | INFO     |   → 692/923: ✅ 0 взято | 🗑️ 4333 мусор
2026-05-19 19:54:30,812 | INFO     |   → 693/923 ❌ HTTP 404 — https://raw.githubusercontent.com/mianous/qiren/main/qiren.txt
2026-05-19 19:54:30,812 | INFO     |   → 694/923 ❌ HTTP 404 — https://raw.githubusercontent.com/miladtahanian/V2RayCFGDumper/refs/heads/main/config.txt
2026-05-19 19:54:30,812 | INFO     |   → 695/923 ❌ HTTP 404 — https://raw.githubusercontent.com/miladtahanian/multi-proxy-config-fetcher/refs/heads/main/configs/proxy_configs.txt
2026-05-19 19:54:30,812 | INFO     |   → 696/923: ✅ 0 взято | 🗑️ 0 мусор
2026-05-19 19:54:30,812 | INFO     |   → 697/923: ✅ 0 взято | 🗑️ 0 мусор
2026-05-19 19:54:30,812 | INFO     |   → 698/923: ✅ 0 взято | 🗑️ 0 мусор
2026-05-19 19:54:30,812 | INFO     |   → 699/923: ✅ 15 взято | 🗑️ 46 мусор
2026-05-19 19:54:30,812 | INFO     |   → 700/923: ✅ 0 взято | 🗑️ 216 мусор
2026-05-19 19:54:30,812 | INFO     |   → 701/923: ✅ 0 взято | 🗑️ 0 мусор
2026-05-19 19:54:30,812 | INFO     |   → 702/923: ✅ 28 взято | 🗑️ 93 мусор
2026-05-19 19:54:30,812 | INFO     |   → 703/923: ✅ 0 взято | 🗑️ 0 мусор
2026-05-19 19:54:30,812 | INFO     |   → 704/923: ✅ 15 взято | 🗑️ 70 мусор
2026-05-19 19:54:30,813 | INFO     |   → 705/923: ✅ 127 взято | 🗑️ 492 мусор
2026-05-19 19:54:30,813 | INFO     |   → 706/923: ✅ 331 взято | 🗑️ 190 мусор
2026-05-19 19:54:30,813 | INFO     |   → 707/923: ✅ 27 взято | 🗑️ 740 мусор
2026-05-19 19:54:30,813 | INFO     |   → 708/923 ❌ HTTP 404 — https://raw.githubusercontent.com/obscure1990/freeVM/master/snippets/nodes.yml
2026-05-19 19:54:30,813 | INFO     |   → 709/923 ❌ HTTP 404 — https://raw.githubusercontent.com/op30mmd/things/909b38024ba14d69dc0f95c238f63bc6e930a00f/eut.txt
2026-05-19 19:54:30,813 | INFO     |   → 710/923 ❌ HTTP 404 — https://raw.githubusercontent.com/openRunner/clash-freenode/main/v2ray.txt
2026-05-19 19:54:30,813 | INFO     |   → 711/923 ❌ HTTP 404 — https://raw.githubusercontent.com/oslook/clash-freenode/main/clash.yaml
2026-05-19 19:54:30,813 | INFO     |   → 712/923: ✅ 0 взято | 🗑️ 0 мусор
2026-05-19 19:54:30,813 | INFO     |   → 713/923: ✅ 4 взято | 🗑️ 1 мусор
2026-05-19 19:54:30,813 | INFO     |   → 714/923: ✅ 0 взято | 🗑️ 0 мусор
2026-05-19 19:54:30,813 | INFO     |   → 715/923: ✅ 5 взято | 🗑️ 181 мусор
2026-05-19 19:54:30,813 | INFO     |   → 716/923: ✅ 0 взято | 🗑️ 0 мусор
2026-05-19 19:54:30,813 | INFO     |   → 717/923: ✅ 0 взято | 🗑️ 0 мусор
2026-05-19 19:54:30,813 | INFO     |   → 718/923: ✅ 0 взято | 🗑️ 19 мусор
2026-05-19 19:54:30,813 | INFO     |   → 719/923: ✅ 0 взято | 🗑️ 44 мусор
2026-05-19 19:54:30,813 | INFO     |   → 720/923: ✅ 63 взято | 🗑️ 521 мусор
2026-05-19 19:54:30,813 | INFO     |   → 721/923: ✅ 165 взято | 🗑️ 273 мусор
2026-05-19 19:54:30,813 | INFO     |   → 722/923: ✅ 0 взято | 🗑️ 0 мусор
2026-05-19 19:54:30,813 | INFO     |   → 723/923: ✅ 28 взято | 🗑️ 211 мусор
2026-05-19 19:54:30,813 | INFO     |   → 724/923: ✅ 0 взято | 🗑️ 79 мусор
2026-05-19 19:54:30,813 | INFO     |   → 725/923: ✅ 13 взято | 🗑️ 32 мусор
2026-05-19 19:54:30,813 | INFO     |   → 726/923: ✅ 0 взято | 🗑️ 0 мусор
2026-05-19 19:54:30,813 | INFO     |   → 727/923: ✅ 2 взято | 🗑️ 9 мусор
2026-05-19 19:54:30,813 | INFO     |   → 728/923: ✅ 11 взято | 🗑️ 76 мусор
2026-05-19 19:54:30,813 | INFO     |   → 729/923: ✅ 0 взято | 🗑️ 168 мусор
2026-05-19 19:54:30,813 | INFO     |   → 730/923: ✅ 0 взято | 🗑️ 79 мусор
2026-05-19 19:54:30,814 | INFO     |   → 731/923: ✅ 0 взято | 🗑️ 16 мусор
2026-05-19 19:54:30,814 | INFO     |   → 732/923 ❌ HTTP 404 — https://raw.githubusercontent.com/ronghuaxueleng/get_v2/main/pub/changfengoss.yaml
2026-05-19 19:54:30,814 | INFO     |   → 733/923: ✅ 0 взято | 🗑️ 0 мусор
2026-05-19 19:54:30,814 | INFO     |   → 734/923: ✅ 29 взято | 🗑️ 121 мусор
2026-05-19 19:54:30,814 | INFO     |   → 735/923: ✅ 0 взято | 🗑️ 121 мусор
2026-05-19 19:54:30,814 | INFO     |   → 736/923 ❌ HTTP 404 — https://raw.githubusercontent.com/rxsweet/CM_Vmess/refs/heads/main/test.txt
2026-05-19 19:54:30,814 | INFO     |   → 737/923 ❌ HTTP 404 — https://raw.githubusercontent.com/rxsweet/proxies/main/sub/free.yaml
2026-05-19 19:54:30,814 | INFO     |   → 738/923 ❌ HTTP 404 — https://raw.githubusercontent.com/rxsweet/proxies/main/sub/rx.yaml
2026-05-19 19:54:30,814 | INFO     |   → 739/923 ❌ HTTP 404 — https://raw.githubusercontent.com/rxsweet/proxies/main/sub/sources/dynamicAll.yaml
2026-05-19 19:54:30,814 | INFO     |   → 740/923 ❌ HTTP 404 — https://raw.githubusercontent.com/rxsweet/proxies/main/sub/sources/miningAll.yaml
2026-05-19 19:54:30,814 | INFO     |   → 741/923 ❌ HTTP 404 — https://raw.githubusercontent.com/rxsweet/proxies/main/sub/srx.yaml
2026-05-19 19:54:30,814 | INFO     |   → 742/923 ❌ HTTP 404 — https://raw.githubusercontent.com/sajad-sajadi/V2ray-Collector/raw/main/output/protocols/vmess.txt
2026-05-19 19:54:30,814 | INFO     |   → 743/923 ❌ HTTP 404 — https://raw.githubusercontent.com/sakha1370/OpenRay/raw/refs/heads/main/output/all_valid_proxies.txt
2026-05-19 19:54:30,814 | INFO     |   → 744/923: ✅ 53 взято | 🗑️ 399 мусор
2026-05-19 19:54:30,814 | INFO     |   → 745/923: ✅ 0 взято | 🗑️ 399 мусор
2026-05-19 19:54:30,814 | INFO     |   → 746/923 ❌ HTTP 404 — https://raw.githubusercontent.com/samjoeyang/subscribe/main/fly
2026-05-19 19:54:30,814 | INFO     |   → 747/923: ✅ 0 взято | 🗑️ 0 мусор
2026-05-19 19:54:30,814 | INFO     |   → 748/923 ❌ HTTP 404 — https://raw.githubusercontent.com/sarina-ad/v2ray/main/v2ray
2026-05-19 19:54:30,814 | INFO     |   → 749/923 ❌ HTTP 404 — https://raw.githubusercontent.com/satrom/V2SSR/master/SSR/Sub.txt
2026-05-19 19:54:30,814 | INFO     |   → 750/923 ❌ HTTP 404 — https://raw.githubusercontent.com/satrom/V2SSR/master/V2RAY/Sub.txt
2026-05-19 19:54:30,814 | INFO     |   → 751/923: ✅ 1796 взято | 🗑️ 42492 мусор
2026-05-19 19:54:30,814 | INFO     |   → 752/923: ✅ 0 взято | 🗑️ 0 мусор
2026-05-19 19:54:30,814 | INFO     |   → 753/923: ✅ 0 взято | 🗑️ 0 мусор
2026-05-19 19:54:30,814 | INFO     |   → 754/923: ✅ 3 взято | 🗑️ 49 мусор
2026-05-19 19:54:30,814 | INFO     |   → 755/923: ✅ 122 взято | 🗑️ 1239 мусор
2026-05-19 19:54:30,815 | INFO     |   → 756/923: ✅ 0 взято | 🗑️ 618 мусор
2026-05-19 19:54:30,815 | INFO     |   → 757/923: ✅ 0 взято | 🗑️ 59 мусор
2026-05-19 19:54:30,815 | INFO     |   → 758/923: ✅ 0 взято | 🗑️ 545 мусор
2026-05-19 19:54:30,815 | INFO     |   → 759/923: ✅ 0 взято | 🗑️ 17 мусор
2026-05-19 19:54:30,815 | INFO     |   → 760/923: ✅ 0 взято | 🗑️ 1239 мусор
2026-05-19 19:54:30,815 | INFO     |   → 761/923: ✅ 0 взято | 🗑️ 0 мусор
2026-05-19 19:54:30,815 | INFO     |   → 762/923 ❌ HTTP 404 — https://raw.githubusercontent.com/shirkerboy/scp/main/sub
2026-05-19 19:54:30,815 | INFO     |   → 763/923 ❌ HTTP 404 — https://raw.githubusercontent.com/snakem982/proxypool/main/nodelist.txt
2026-05-19 19:54:30,815 | INFO     |   → 764/923: ✅ 13 взято | 🗑️ 27 мусор
2026-05-19 19:54:30,815 | INFO     |   → 765/923 ❌ HTTP 404 — https://raw.githubusercontent.com/snakem982/proxypool/main/source/v2ray.txt
2026-05-19 19:54:30,815 | INFO     |   → 766/923 ❌ HTTP 404 — https://raw.githubusercontent.com/soroushmirzaei/telegram-configs-collector/main/channels/protocols/hysteria
2026-05-19 19:54:30,815 | INFO     |   → 767/923 ❌ HTTP 404 — https://raw.githubusercontent.com/soroushmirzaei/telegram-configs-collector/main/channels/protocols/juicity
2026-05-19 19:54:30,815 | INFO     |   → 768/923 ❌ HTTP 404 — https://raw.githubusercontent.com/soroushmirzaei/telegram-configs-collector/main/channels/protocols/reality
2026-05-19 19:54:30,815 | INFO     |   → 769/923 ❌ HTTP 404 — https://raw.githubusercontent.com/soroushmirzaei/telegram-configs-collector/main/channels/protocols/shadowsocks
2026-05-19 19:54:30,815 | INFO     |   → 770/923 ❌ HTTP 404 — https://raw.githubusercontent.com/soroushmirzaei/telegram-configs-collector/main/channels/protocols/trojan
2026-05-19 19:54:30,815 | INFO     |   → 771/923 ❌ HTTP 404 — https://raw.githubusercontent.com/soroushmirzaei/telegram-configs-collector/main/channels/protocols/tuic
2026-05-19 19:54:30,815 | INFO     |   → 772/923 ❌ HTTP 404 — https://raw.githubusercontent.com/soroushmirzaei/telegram-configs-collector/main/channels/protocols/vless
2026-05-19 19:54:30,815 | INFO     |   → 773/923 ❌ HTTP 404 — https://raw.githubusercontent.com/soroushmirzaei/telegram-configs-collector/main/channels/protocols/vmess
2026-05-19 19:54:30,815 | INFO     |   → 774/923 ❌ HTTP 404 — https://raw.githubusercontent.com/soroushmirzaei/telegram-configs-collector/main/countries/jp/mixed
2026-05-19 19:54:30,815 | INFO     |   → 775/923 ❌ HTTP 404 — https://raw.githubusercontent.com/soroushmirzaei/telegram-configs-collector/main/protocols/hysteria
2026-05-19 19:54:30,815 | INFO     |   → 776/923 ❌ HTTP 404 — https://raw.githubusercontent.com/soroushmirzaei/telegram-configs-collector/main/protocols/juicity
2026-05-19 19:54:30,815 | INFO     |   → 777/923 ❌ HTTP 404 — https://raw.githubusercontent.com/soroushmirzaei/telegram-configs-collector/main/protocols/reality
2026-05-19 19:54:30,815 | INFO     |   → 778/923 ❌ HTTP 404 — https://raw.githubusercontent.com/soroushmirzaei/telegram-configs-collector/main/protocols/shadowsocks
2026-05-19 19:54:30,815 | INFO     |   → 779/923 ❌ HTTP 404 — https://raw.githubusercontent.com/soroushmirzaei/telegram-configs-collector/main/protocols/trojan
2026-05-19 19:54:30,815 | INFO     |   → 780/923 ❌ HTTP 404 — https://raw.githubusercontent.com/soroushmirzaei/telegram-configs-collector/main/protocols/tuic
2026-05-19 19:54:30,816 | INFO     |   → 781/923 ❌ HTTP 404 — https://raw.githubusercontent.com/soroushmirzaei/telegram-configs-collector/main/protocols/vless
2026-05-19 19:54:30,816 | INFO     |   → 782/923 ❌ HTTP 404 — https://raw.githubusercontent.com/soroushmirzaei/telegram-configs-collector/main/protocols/vmess
2026-05-19 19:54:30,816 | INFO     |   → 783/923 ❌ HTTP 404 — https://raw.githubusercontent.com/soroushmirzaei/telegram-configs-collector/main/splitted/subscribe
2026-05-19 19:54:30,816 | INFO     |   → 784/923 ❌ HTTP 404 — https://raw.githubusercontent.com/ssrsub/ssr/master/Clash.yml
2026-05-19 19:54:30,816 | INFO     |   → 785/923 ❌ HTTP 404 — https://raw.githubusercontent.com/ssrsub/ssr/master/V2Ray
2026-05-19 19:54:30,816 | INFO     |   → 786/923 ❌ HTTP 404 — https://raw.githubusercontent.com/ssrsub/ssr/master/ss-sub
2026-05-19 19:54:30,816 | INFO     |   → 787/923 ❌ HTTP 404 — https://raw.githubusercontent.com/ssrsub/ssr/master/ssrsub
2026-05-19 19:54:30,816 | INFO     |   → 788/923 ❌ HTTP 404 — https://raw.githubusercontent.com/ssrsub/ssr/master/trojan
2026-05-19 19:54:30,816 | INFO     |   → 789/923: ✅ 0 взято | 🗑️ 0 мусор
2026-05-19 19:54:30,816 | INFO     |   → 790/923: ✅ 2 взято | 🗑️ 12 мусор
2026-05-19 19:54:30,816 | INFO     |   → 791/923: ✅ 0 взято | 🗑️ 13 мусор
2026-05-19 19:54:30,816 | INFO     |   → 792/923: ✅ 0 взято | 🗑️ 13 мусор
2026-05-19 19:54:30,816 | INFO     |   → 793/923 ❌ HTTP 404 — https://raw.githubusercontent.com/tbbatbb/Proxy/master/dist/clash.config.yaml
2026-05-19 19:54:30,816 | INFO     |   → 794/923: ✅ 2 взято | 🗑️ 35 мусор
2026-05-19 19:54:30,816 | INFO     |   → 795/923: ✅ 0 взято | 🗑️ 0 мусор
2026-05-19 19:54:30,816 | INFO     |   → 796/923: ✅ 5 взято | 🗑️ 111 мусор
2026-05-19 19:54:30,816 | INFO     |   → 797/923: ✅ 0 взято | 🗑️ 0 мусор
2026-05-19 19:54:30,816 | INFO     |   → 798/923: ✅ 0 взято | 🗑️ 74 мусор
2026-05-19 19:54:30,816 | INFO     |   → 799/923 ❌ HTTP 404 — https://raw.githubusercontent.com/v2clash/Autoproxy/a81f840ab2364124133572ec94e4b81fb0d4e58d/sub/2401/240104.txt
2026-05-19 19:54:30,816 | INFO     |   → 800/923 ❌ HTTP 404 — https://raw.githubusercontent.com/v2clash/V2ray-Configs/31f493c584d0c7b56350f4a34d80c53ad82bcc18/Sub9.txt
2026-05-19 19:54:30,816 | INFO     |   → 801/923: ✅ 0 взято | 🗑️ 0 мусор
2026-05-19 19:54:30,816 | INFO     |   → 802/923: ✅ 0 взято | 🗑️ 0 мусор
2026-05-19 19:54:30,816 | INFO     |   → 803/923: ✅ 0 взято | 🗑️ 0 мусор
2026-05-19 19:54:30,817 | INFO     |   → 804/923: ✅ 283 взято | 🗑️ 9640 мусор
2026-05-19 19:54:30,817 | INFO     |   → 805/923: ✅ 281 взято | 🗑️ 10086 мусор
2026-05-19 19:54:30,817 | INFO     |   → 806/923: ✅ 280 взято | 🗑️ 9675 мусор
2026-05-19 19:54:30,817 | INFO     |   → 807/923: ✅ 334 взято | 🗑️ 9823 мусор
2026-05-19 19:54:30,817 | INFO     |   → 808/923: ✅ 350 взято | 🗑️ 9639 мусор
2026-05-19 19:54:30,817 | INFO     |   → 809/923: ✅ 125 взято | 🗑️ 7919 мусор
2026-05-19 19:54:30,817 | INFO     |   → 810/923: ✅ 135 взято | 🗑️ 4836 мусор
2026-05-19 19:54:30,817 | INFO     |   → 811/923: ✅ 502 взято | 🗑️ 7659 мусор
2026-05-19 19:54:30,817 | INFO     |   → 812/923: ✅ 631 взято | 🗑️ 8081 мусор
2026-05-19 19:54:30,817 | INFO     |   → 813/923: ✅ 202 взято | 🗑️ 5131 мусор
2026-05-19 19:54:30,817 | INFO     |   → 814/923 ❌ HTTP 404 — https://raw.githubusercontent.com/vveg26/chromego_merge/main/sub/merged_proxies.yaml
2026-05-19 19:54:30,817 | INFO     |   → 815/923 ❌ HTTP 404 — https://raw.githubusercontent.com/vveg26/get_proxy/main/dist/clash.config.yaml
2026-05-19 19:54:30,817 | INFO     |   → 816/923: ✅ 0 взято | 🗑️ 10 мусор
2026-05-19 19:54:30,817 | INFO     |   → 817/923: ✅ 0 взято | 🗑️ 10 мусор
2026-05-19 19:54:30,817 | INFO     |   → 818/923: ✅ 0 взято | 🗑️ 4 мусор
2026-05-19 19:54:30,817 | INFO     |   → 819/923: ✅ 0 взято | 🗑️ 0 мусор
2026-05-19 19:54:30,817 | INFO     |   → 820/923: ✅ 0 взято | 🗑️ 4 мусор
2026-05-19 19:54:30,817 | INFO     |   → 821/923: ✅ 106 взято | 🗑️ 689 мусор
2026-05-19 19:54:30,817 | INFO     |   → 822/923: ✅ 48 взято | 🗑️ 841 мусор
2026-05-19 19:54:30,817 | INFO     |   → 823/923: ✅ 21 взято | 🗑️ 789 мусор
2026-05-19 19:54:30,817 | INFO     |   → 824/923: ✅ 24 взято | 🗑️ 774 мусор
2026-05-19 19:54:30,817 | INFO     |   → 825/923: ✅ 52 взято | 🗑️ 756 мусор
2026-05-19 19:54:30,817 | INFO     |   → 826/923: ✅ 191 взято | 🗑️ 745 мусор
2026-05-19 19:54:30,817 | INFO     |   → 827/923: ✅ 9 взято | 🗑️ 651 мусор
2026-05-19 19:54:30,818 | INFO     |   → 828/923: ✅ 185 взято | 🗑️ 388 мусор
2026-05-19 19:54:30,818 | INFO     |   → 829/923: ✅ 130 взято | 🗑️ 523 мусор
2026-05-19 19:54:30,818 | INFO     |   → 830/923: ✅ 67 взято | 🗑️ 533 мусор
2026-05-19 19:54:30,818 | INFO     |   → 831/923: ✅ 98 взято | 🗑️ 444 мусор
2026-05-19 19:54:30,818 | INFO     |   → 832/923: ✅ 102 взято | 🗑️ 670 мусор
2026-05-19 19:54:30,818 | INFO     |   → 833/923: ✅ 86 взято | 🗑️ 476 мусор
2026-05-19 19:54:30,818 | INFO     |   → 834/923: ✅ 95 взято | 🗑️ 657 мусор
2026-05-19 19:54:30,818 | INFO     |   → 835/923: ✅ 105 взято | 🗑️ 645 мусор
2026-05-19 19:54:30,818 | INFO     |   → 836/923: ✅ 115 взято | 🗑️ 985 мусор
2026-05-19 19:54:30,818 | INFO     |   → 837/923: ✅ 6 взято | 🗑️ 63 мусор
2026-05-19 19:54:30,818 | INFO     |   → 838/923: ✅ 7 взято | 🗑️ 62 мусор
2026-05-19 19:54:30,818 | INFO     |   → 839/923: ✅ 39 взято | 🗑️ 489 мусор
2026-05-19 19:54:30,818 | INFO     |   → 840/923: ✅ 0 взято | 🗑️ 0 мусор
2026-05-19 19:54:30,818 | INFO     |   → 841/923: ✅ 0 взято | 🗑️ 0 мусор
2026-05-19 19:54:30,818 | INFO     |   → 842/923: ✅ 0 взято | 🗑️ 0 мусор
2026-05-19 19:54:30,818 | INFO     |   → 843/923: ✅ 0 взято | 🗑️ 0 мусор
2026-05-19 19:54:30,818 | INFO     |   → 844/923: ✅ 0 взято | 🗑️ 0 мусор
2026-05-19 19:54:30,818 | INFO     |   → 845/923: ✅ 0 взято | 🗑️ 52 мусор
2026-05-19 19:54:30,818 | INFO     |   → 846/923: ✅ 5 взято | 🗑️ 10 мусор
2026-05-19 19:54:30,818 | INFO     |   → 847/923: ✅ 1 взято | 🗑️ 124 мусор
2026-05-19 19:54:30,818 | INFO     |   → 848/923: ✅ 79 взято | 🗑️ 74 мусор
2026-05-19 19:54:30,818 | INFO     |   → 849/923: ✅ 0 взято | 🗑️ 9 мусор
2026-05-19 19:54:30,818 | INFO     |   → 850/923: ✅ 39 взято | 🗑️ 498 мусор
2026-05-19 19:54:30,818 | INFO     |   → 851/923 ❌ HTTP 404 — https://raw.githubusercontent.com/xiaozhu2007/xiaozhu2007/61a755a044dbaeea678bc2d1e20f21a21c6d7170/docs/fxxk.txt
2026-05-19 19:54:30,819 | INFO     |   → 852/923: ✅ 1 взято | 🗑️ 159 мусор
2026-05-19 19:54:30,819 | INFO     |   → 853/923: ✅ 0 взято | 🗑️ 22 мусор
2026-05-19 19:54:30,819 | INFO     |   → 854/923: ✅ 0 взято | 🗑️ 0 мусор
2026-05-19 19:54:30,819 | INFO     |   → 855/923 ❌ HTTP 404 — https://raw.githubusercontent.com/yebekhe/TVC/0f745f92bf381e505f1245abbc7c145b19b11503/config.txt
2026-05-19 19:54:30,819 | INFO     |   → 856/923 ❌ HTTP 404 — https://raw.githubusercontent.com/yebekhe/TVC/9fac69239c69327fb7a61f5a8d79d107133889e1/lite/config.txt
2026-05-19 19:54:30,819 | INFO     |   → 857/923 ❌ HTTP 404 — https://raw.githubusercontent.com/yebekhe/TelegramV2rayCollector/main/sub/normal/donated
2026-05-19 19:54:30,819 | INFO     |   → 858/923 ❌ HTTP 404 — https://raw.githubusercontent.com/yebekhe/TelegramV2rayCollector/main/sub/normal/hysteria2
2026-05-19 19:54:30,819 | INFO     |   → 859/923 ❌ HTTP 404 — https://raw.githubusercontent.com/yebekhe/TelegramV2rayCollector/main/sub/normal/mix
2026-05-19 19:54:30,819 | INFO     |   → 860/923 ❌ HTTP 404 — https://raw.githubusercontent.com/yebekhe/TelegramV2rayCollector/main/sub/normal/reality
2026-05-19 19:54:30,819 | INFO     |   → 861/923 ❌ HTTP 404 — https://raw.githubusercontent.com/yebekhe/TelegramV2rayCollector/main/sub/normal/shadowsocks
2026-05-19 19:54:30,819 | INFO     |   → 862/923 ❌ HTTP 404 — https://raw.githubusercontent.com/yebekhe/TelegramV2rayCollector/main/sub/normal/trojan
2026-05-19 19:54:30,819 | INFO     |   → 863/923 ❌ HTTP 404 — https://raw.githubusercontent.com/yebekhe/TelegramV2rayCollector/main/sub/normal/tuic
2026-05-19 19:54:30,819 | INFO     |   → 864/923 ❌ HTTP 404 — https://raw.githubusercontent.com/yebekhe/TelegramV2rayCollector/main/sub/normal/vless
2026-05-19 19:54:30,819 | INFO     |   → 865/923 ❌ HTTP 404 — https://raw.githubusercontent.com/yebekhe/TelegramV2rayCollector/main/sub/normal/vmess
2026-05-19 19:54:30,819 | INFO     |   → 866/923 ❌ HTTP 404 — https://raw.githubusercontent.com/yebekhe/V2Hub/main/Split/Normal/shadowsocks
2026-05-19 19:54:30,819 | INFO     |   → 867/923 ❌ HTTP 404 — https://raw.githubusercontent.com/yebekhe/V2Hub/main/merged
2026-05-19 19:54:30,819 | INFO     |   → 868/923: ✅ 0 взято | 🗑️ 30 мусор
2026-05-19 19:54:30,819 | INFO     |   → 869/923: ✅ 925 взято | 🗑️ 7100 мусор
2026-05-19 19:54:30,819 | INFO     |   → 870/923: ✅ 6 взято | 🗑️ 340 мусор
2026-05-19 19:54:30,819 | INFO     |   → 871/923: ✅ 7 взято | 🗑️ 274 мусор
2026-05-19 19:54:30,819 | INFO     |   → 872/923: ✅ 305 взято | 🗑️ 259 мусор
2026-05-19 19:54:30,819 | INFO     |   → 873/923: ✅ 0 взято | 🗑️ 1368 мусор
2026-05-19 19:54:30,819 | INFO     |   → 874/923: ✅ 2 взято | 🗑️ 385 мусор
2026-05-19 19:54:30,819 | INFO     |   → 875/923 ❌ HTTP 404 — https://raw.githubusercontent.com/yyyr-otz/tele-providers-collector/019cb3e07ee52fddbc7caa54fc670c6b9bae6539/sub/proxies.txt
2026-05-19 19:54:30,820 | INFO     |   → 876/923 ❌ HTTP 404 — https://raw.githubusercontent.com/yyyr-otz/tele-providers-collector/b7a74ee98bcf02c5a507d688a1bed3aa9f7f4ed1/script/raw/protocols/mixed.txt
2026-05-19 19:54:30,820 | INFO     |   → 877/923: ✅ 0 взято | 🗑️ 0 мусор
2026-05-19 19:54:30,820 | INFO     |   → 878/923: ✅ 0 взято | 🗑️ 0 мусор
2026-05-19 19:54:30,820 | INFO     |   → 879/923: ✅ 1 взято | 🗑️ 18 мусор
2026-05-19 19:54:30,820 | INFO     |   → 880/923: ✅ 0 взято | 🗑️ 14 мусор
2026-05-19 19:54:30,820 | INFO     |   → 881/923: ✅ 0 взято | 🗑️ 5 мусор
2026-05-19 19:54:30,820 | INFO     |   → 882/923: ✅ 0 взято | 🗑️ 0 мусор
2026-05-19 19:54:30,820 | INFO     |   → 883/923 ⚠️ Ошибка: ('Connection aborted.', RemoteDisconnected('Remote end closed connection without response')) — https://sub.pmsub.me/clash.yaml
2026-05-19 19:54:30,820 | INFO     |   → 884/923: ✅ 0 взято | 🗑️ 1 мусор
2026-05-19 19:54:30,820 | INFO     |   → 885/923: ✅ 8 взято | 🗑️ 21 мусор
2026-05-19 19:54:30,820 | INFO     |   → 886/923: ✅ 0 взято | 🗑️ 0 мусор
2026-05-19 19:54:30,820 | INFO     |   → 887/923: ✅ 9 взято | 🗑️ 19 мусор
2026-05-19 19:54:30,820 | INFO     |   → 888/923: ✅ 0 взято | 🗑️ 0 мусор
2026-05-19 19:54:30,820 | INFO     |   → 889/923: ✅ 2 взято | 🗑️ 14 мусор
2026-05-19 19:54:30,820 | INFO     |   → 890/923: ✅ 4 взято | 🗑️ 22 мусор
2026-05-19 19:54:30,820 | INFO     |   → 891/923: ✅ 0 взято | 🗑️ 0 мусор
2026-05-19 19:54:30,820 | INFO     |   → 892/923: ✅ 0 взято | 🗑️ 0 мусор
2026-05-19 19:54:30,820 | INFO     |   → 893/923: ✅ 0 взято | 🗑️ 0 мусор
2026-05-19 19:54:30,820 | INFO     |   → 894/923: ✅ 2 взято | 🗑️ 16 мусор
2026-05-19 19:54:30,820 | INFO     |   → 895/923: ✅ 0 взято | 🗑️ 0 мусор
2026-05-19 19:54:30,820 | INFO     |   → 896/923: ✅ 4 взято | 🗑️ 7 мусор
2026-05-19 19:54:30,820 | INFO     |   → 897/923: ✅ 0 взято | 🗑️ 0 мусор
2026-05-19 19:54:30,821 | INFO     |   → 898/923: ✅ 6 взято | 🗑️ 14 мусор
2026-05-19 19:54:30,821 | INFO     |   → 899/923: ✅ 0 взято | 🗑️ 0 мусор
2026-05-19 19:54:30,821 | INFO     |   → 900/923: ✅ 2 взято | 🗑️ 13 мусор
2026-05-19 19:54:30,821 | INFO     |   → 901/923: ✅ 0 взято | 🗑️ 0 мусор
2026-05-19 19:54:30,821 | INFO     |   → 902/923: ✅ 0 взято | 🗑️ 0 мусор
2026-05-19 19:54:30,821 | INFO     |   → 903/923: ✅ 2 взято | 🗑️ 7 мусор
2026-05-19 19:54:30,821 | INFO     |   → 904/923: ✅ 2 взято | 🗑️ 14 мусор
2026-05-19 19:54:30,821 | INFO     |   → 905/923: ✅ 2 взято | 🗑️ 14 мусор
2026-05-19 19:54:30,821 | INFO     |   → 906/923: ✅ 0 взято | 🗑️ 0 мусор
2026-05-19 19:54:30,821 | INFO     |   → 907/923: ✅ 3 взято | 🗑️ 22 мусор
2026-05-19 19:54:30,821 | INFO     |   → 908/923: ✅ 0 взято | 🗑️ 0 мусор
2026-05-19 19:54:30,821 | INFO     |   → 909/923: ✅ 2 взято | 🗑️ 15 мусор
2026-05-19 19:54:30,821 | INFO     |   → 910/923: ✅ 3 взято | 🗑️ 12 мусор
2026-05-19 19:54:30,821 | INFO     |   → 911/923: ✅ 0 взято | 🗑️ 0 мусор
2026-05-19 19:54:30,821 | INFO     |   → 912/923: ✅ 0 взято | 🗑️ 0 мусор
2026-05-19 19:54:30,821 | INFO     |   → 913/923: ✅ 0 взято | 🗑️ 0 мусор
2026-05-19 19:54:30,821 | INFO     |   → 914/923: ✅ 4 взято | 🗑️ 11 мусор
2026-05-19 19:54:30,821 | INFO     |   → 915/923: ✅ 10 взято | 🗑️ 15 мусор
2026-05-19 19:54:30,821 | INFO     |   → 916/923: ✅ 0 взято | 🗑️ 0 мусор
2026-05-19 19:54:30,821 | INFO     |   → 917/923: ✅ 13 взято | 🗑️ 15 мусор
2026-05-19 19:54:30,821 | INFO     |   → 918/923: ✅ 0 взято | 🗑️ 0 мусор
2026-05-19 19:54:30,821 | INFO     |   → 919/923: ✅ 6 взято | 🗑️ 15 мусор
2026-05-19 19:54:30,821 | INFO     |   → 920/923: ✅ 0 взято | 🗑️ 0 мусор
2026-05-19 19:54:30,821 | INFO     |   → 921/923: ✅ 8 взято | 🗑️ 16 мусор
2026-05-19 19:54:30,822 | INFO     |   → 922/923: ✅ 0 взято | 🗑️ 0 мусор
2026-05-19 19:54:30,822 | INFO     |   → 923/923: ✅ 0 взято | 🗑️ 14 мусор
2026-05-19 19:54:30,822 | INFO     |   → ✅ ГОТОВО!
2026-05-19 19:54:30,822 | INFO     |   →    📥 Всего ключей после фильтра: 18856
2026-05-19 19:54:30,822 | INFO     |   →    🔗 Уникальных IP:PORT:SCHEME: 10180
2026-05-19 19:54:30,822 | INFO     |   →    🗑️ Выброшено мусора: 335291
2026-05-19 19:54:30,822 | INFO     |   → 📊 По протоколам:
2026-05-19 19:54:30,822 | INFO     |   →    vless: 3508
2026-05-19 19:54:30,822 | INFO     |   →    vmess: 3464
2026-05-19 19:54:30,822 | INFO     |   →    trojan: 1182
2026-05-19 19:54:30,822 | INFO     |   →    ss: 1867
2026-05-19 19:54:30,822 | INFO     |   →    hysteria: 13
2026-05-19 19:54:30,822 | INFO     |   →    hysteria2: 35
2026-05-19 19:54:30,822 | INFO     |   →    hy2: 59
2026-05-19 19:54:30,822 | INFO     |   →    tuic: 52
2026-05-19 19:54:30,822 | INFO     | ✅ mirror.py завершён успешно
2026-05-19 19:54:30,822 | INFO     | 
2026-05-19 19:54:30,822 | INFO     | 
2026-05-19 19:54:30,822 | INFO     | ──────────────────────────────────────────────────────────────────────
2026-05-19 19:54:30,822 | INFO     | 📌 ЭТАП: Фильтрация по реальному SNI
2026-05-19 19:54:30,822 | INFO     | ──────────────────────────────────────────────────────────────────────
2026-05-19 19:54:30,823 | INFO     | 🚀 Запуск filter_ru_sni.py (Фильтр по реальному SNI (CDN+RU))...
2026-05-19 19:54:31,068 | INFO     |   → hy2.txt: 59 → 19 (SNI-filtered)
2026-05-19 19:54:31,068 | INFO     |   →   hysteria.txt: 13 → 0 (SNI-filtered)
2026-05-19 19:54:31,068 | INFO     |   →   hysteria2.txt: 35 → 5 (SNI-filtered)
2026-05-19 19:54:31,069 | INFO     |   →   ss.txt: 1867 → 0 (SNI-filtered)
2026-05-19 19:54:31,069 | INFO     |   →   trojan.txt: 1182 → 3 (SNI-filtered)
2026-05-19 19:54:31,069 | INFO     |   →   tuic.txt: 52 → 0 (SNI-filtered)
2026-05-19 19:54:31,069 | INFO     |   →   vless.txt: 3508 → 420 (SNI-filtered)
2026-05-19 19:54:31,069 | INFO     |   →   vmess.txt: 3464 → 38 (SNI-filtered)
2026-05-19 19:54:31,069 | INFO     |   → ==================================================
2026-05-19 19:54:31,069 | INFO     |   →   Всего входных:  10180
2026-05-19 19:54:31,069 | INFO     |   →   Прошли фильтр:  485
2026-05-19 19:54:31,069 | INFO     |   →   Отброшено:      9695
2026-05-19 19:54:31,069 | INFO     |   → ==================================================
2026-05-19 19:54:31,069 | INFO     |   → Готово → /home/runner/work/vpn-vless-configs-russia/vpn-vless-configs-russia/githubmirror/ru-sni
2026-05-19 19:54:31,069 | INFO     | ✅ filter_ru_sni.py завершён успешно
2026-05-19 19:54:31,069 | INFO     | 
2026-05-19 19:54:31,069 | INFO     | 
2026-05-19 19:54:31,069 | INFO     | ──────────────────────────────────────────────────────────────────────
2026-05-19 19:54:31,069 | INFO     | 📌 ЭТАП: Экспериментальный RU-SNI фильтр
2026-05-19 19:54:31,069 | INFO     | ──────────────────────────────────────────────────────────────────────
2026-05-19 19:54:31,069 | INFO     | 🚀 Запуск filter_ru_sni_local.py (Экспериментальный фильтр по RU-SNI (локальные домены))...
2026-05-19 19:54:31,235 | INFO     |   → hy2.txt: 59 → 0 (RU-SNI)
2026-05-19 19:54:31,235 | INFO     |   → hysteria.txt: 13 → 0 (RU-SNI)
2026-05-19 19:54:31,235 | INFO     |   → hysteria2.txt: 35 → 0 (RU-SNI)
2026-05-19 19:54:31,235 | INFO     |   → ss.txt: 1867 → 0 (RU-SNI)
2026-05-19 19:54:31,236 | INFO     |   → trojan.txt: 1182 → 0 (RU-SNI)
2026-05-19 19:54:31,236 | INFO     |   → tuic.txt: 52 → 0 (RU-SNI)
2026-05-19 19:54:31,236 | INFO     |   → vless.txt: 3508 → 107 (RU-SNI)
2026-05-19 19:54:31,236 | INFO     |   → vmess.txt: 3464 → 0 (RU-SNI)
2026-05-19 19:54:31,236 | INFO     |   → ==================================================
2026-05-19 19:54:31,236 | INFO     |   → Всего входных:  10180
2026-05-19 19:54:31,236 | INFO     |   → Прошли RU-SNI:  107
2026-05-19 19:54:31,236 | INFO     |   → Отброшено:      10073
2026-05-19 19:54:31,236 | INFO     |   → ==================================================
2026-05-19 19:54:31,236 | INFO     |   → Готово → /home/runner/work/vpn-vless-configs-russia/vpn-vless-configs-russia/githubmirror/ru-sni-local
2026-05-19 19:54:31,236 | INFO     | ✅ filter_ru_sni_local.py завершён успешно
2026-05-19 19:54:31,236 | INFO     | 
2026-05-19 19:54:31,236 | INFO     | 
2026-05-19 19:54:31,236 | INFO     | ──────────────────────────────────────────────────────────────────────
2026-05-19 19:54:31,236 | INFO     | 📌 ЭТАП: Сбор статистики
2026-05-19 19:54:31,236 | INFO     | ──────────────────────────────────────────────────────────────────────
2026-05-19 19:54:31,236 | INFO     | 📊 Сбор статистики...
2026-05-19 19:54:31,237 | INFO     |   📁 githubmirror/clean:
2026-05-19 19:54:31,237 | INFO     |     • hy2         :    59 конфигов
2026-05-19 19:54:31,237 | INFO     |     • hysteria    :    13 конфигов
2026-05-19 19:54:31,237 | INFO     |     • hysteria2   :    35 конфигов
2026-05-19 19:54:31,239 | INFO     |     • ss          :  1867 конфигов
2026-05-19 19:54:31,240 | INFO     |     • trojan      :  1182 конфигов
2026-05-19 19:54:31,240 | INFO     |     • tuic        :    52 конфигов
2026-05-19 19:54:31,244 | INFO     |     • vless       :  3508 конфигов
2026-05-19 19:54:31,246 | INFO     |     • vmess       :  3464 конфигов
2026-05-19 19:54:31,246 | INFO     |   📁 githubmirror/ru-sni:
2026-05-19 19:54:31,247 | INFO     |     • hy2         :    19 конфигов ( 32.2% от clean)
2026-05-19 19:54:31,247 | INFO     |     • hysteria    :     0 конфигов (  0.0% от clean)
2026-05-19 19:54:31,247 | INFO     |     • hysteria2   :     5 конфигов ( 14.3% от clean)
2026-05-19 19:54:31,247 | INFO     |     • ss          :     0 конфигов (  0.0% от clean)
2026-05-19 19:54:31,247 | INFO     |     • trojan      :     3 конфигов (  0.3% от clean)
2026-05-19 19:54:31,247 | INFO     |     • tuic        :     0 конфигов (  0.0% от clean)
2026-05-19 19:54:31,248 | INFO     |     • vless       :   420 конфигов ( 12.0% от clean)
2026-05-19 19:54:31,248 | INFO     |     • vmess       :    38 конфигов (  1.1% от clean)
2026-05-19 19:54:31,248 | INFO     | 
2026-05-19 19:54:31,248 | INFO     |   ──────────────────────────────────────────────────
2026-05-19 19:54:31,248 | INFO     |   📈 ИТОГО:
2026-05-19 19:54:31,248 | INFO     |     Clean (после geo-фильтра):    10180
2026-05-19 19:54:31,248 | INFO     |     RU-SNI (после SNI-фильтра):     485
2026-05-19 19:54:31,248 | INFO     |     Прошло фильтр:                  4.8%
2026-05-19 19:54:31,248 | INFO     |   ──────────────────────────────────────────────────
2026-05-19 19:54:31,249 | INFO     | ✅ Статистика сохранена: /home/runner/work/vpn-vless-configs-russia/vpn-vless-configs-russia/stats.json
2026-05-19 19:54:31,249 | INFO     | 
2026-05-19 19:54:31,249 | INFO     | ======================================================================
2026-05-19 19:54:31,249 | INFO     | 📊 ИТОГОВЫЙ ОТЧЁТ
2026-05-19 19:54:31,249 | INFO     | ======================================================================
2026-05-19 19:54:31,249 | INFO     |   ✅ OK         | Загрузка и geo-фильтрация
2026-05-19 19:54:31,249 | INFO     |   ✅ OK         | Фильтрация по реальному SNI
2026-05-19 19:54:31,249 | INFO     |   ✅ OK         | Экспериментальный RU-SNI фильтр
2026-05-19 19:54:31,249 | INFO     |   ✅ OK         | Сбор статистики
2026-05-19 19:54:31,249 | INFO     | ──────────────────────────────────────────────────────────────────────
2026-05-19 19:54:31,249 | INFO     | ✅ ВСЕ ЭТАПЫ УСПЕШНЫ (4/4)
2026-05-19 19:54:31,249 | INFO     | ⏰ Время завершения: 2026-05-19 19:54:31
2026-05-19 19:54:31,249 | INFO     | ======================================================================
