2026-05-20 02:42:49,572 | INFO     | ======================================================================
2026-05-20 02:42:49,572 | INFO     | 🔍 VPN KEY CHECKER - Начало проверки
2026-05-20 02:42:49,572 | INFO     | ⏰ Время старта: 2026-05-20 02:42:49
2026-05-20 02:42:49,572 | INFO     | 📂 Рабочая директория: /home/runner/work/vpn-vless-configs-russia/vpn-vless-configs-russia
2026-05-20 02:42:49,572 | INFO     | ======================================================================
2026-05-20 02:42:49,572 | INFO     | 
2026-05-20 02:42:49,572 | INFO     | 🔍 Проверка наличия скриптов...
2026-05-20 02:42:49,573 | INFO     |   ✅ mirror.py
2026-05-20 02:42:49,573 | INFO     |   ✅ filter_ru_sni.py
2026-05-20 02:42:49,573 | INFO     |   ✅ filter_ru_sni_local.py
2026-05-20 02:42:49,573 | INFO     | 
2026-05-20 02:42:49,573 | INFO     | 
2026-05-20 02:42:49,573 | INFO     | ──────────────────────────────────────────────────────────────────────
2026-05-20 02:42:49,573 | INFO     | 📌 ЭТАП: Загрузка и geo-фильтрация
2026-05-20 02:42:49,573 | INFO     | ──────────────────────────────────────────────────────────────────────
2026-05-20 02:42:49,573 | INFO     | 🚀 Запуск mirror.py (Загрузка и фильтрация по РФ/СНГ/Европа)...
2026-05-20 02:46:51,524 | INFO     |   → 🚀 Старт: всего источников (старые + новые): 927
2026-05-20 02:46:51,524 | INFO     |   → 1/927: ✅ 13 взято | 🗑️ 242 мусор
2026-05-20 02:46:51,524 | INFO     |   → 2/927: ✅ 0 взято | 🗑️ 0 мусор
2026-05-20 02:46:51,524 | INFO     |   → 3/927 ❌ HTTP 404 — https://bitbucket.org/huwo1/proxy_nodes/raw/f31ca9ec67b84071515729ff45b011b6b09c10f2/clash.yaml
2026-05-20 02:46:51,524 | INFO     |   → 4/927 ❌ HTTP 404 — https://cdn.jsdelivr.net/gh/cry0ice/genode@main/public/all.txt
2026-05-20 02:46:51,524 | INFO     |   → 5/927 ❌ HTTP 404 — https://cdn.jsdelivr.net/gh/cry0ice/genode@main/public/ss.txt
2026-05-20 02:46:51,524 | INFO     |   → 6/927 ❌ HTTP 404 — https://cdn.jsdelivr.net/gh/cry0ice/genode@main/public/ssr.txt
2026-05-20 02:46:51,524 | INFO     |   → 7/927 ❌ HTTP 404 — https://cdn.jsdelivr.net/gh/cry0ice/genode@main/public/trojan.txt
2026-05-20 02:46:51,524 | INFO     |   → 8/927 ❌ HTTP 404 — https://cdn.jsdelivr.net/gh/cry0ice/genode@main/public/vless.txt
2026-05-20 02:46:51,524 | INFO     |   → 9/927 ❌ HTTP 404 — https://cdn.jsdelivr.net/gh/cry0ice/genode@main/public/vmess.txt
2026-05-20 02:46:51,524 | INFO     |   → 10/927: ✅ 0 взято | 🗑️ 0 мусор
2026-05-20 02:46:51,524 | INFO     |   → 11/927: ✅ 0 взято | 🗑️ 0 мусор
2026-05-20 02:46:51,524 | INFO     |   → 12/927: ✅ 0 взято | 🗑️ 0 мусор
2026-05-20 02:46:51,524 | INFO     |   → 13/927: ✅ 0 взято | 🗑️ 0 мусор
2026-05-20 02:46:51,524 | INFO     |   → 14/927: ✅ 0 взято | 🗑️ 0 мусор
2026-05-20 02:46:51,524 | INFO     |   → 15/927: ✅ 0 взято | 🗑️ 0 мусор
2026-05-20 02:46:51,524 | INFO     |   → 16/927: ✅ 0 взято | 🗑️ 0 мусор
2026-05-20 02:46:51,525 | INFO     |   → 17/927: ✅ 0 взято | 🗑️ 0 мусор
2026-05-20 02:46:51,525 | INFO     |   → 18/927: ✅ 0 взято | 🗑️ 0 мусор
2026-05-20 02:46:51,525 | INFO     |   → 19/927: ✅ 0 взято | 🗑️ 0 мусор
2026-05-20 02:46:51,525 | INFO     |   → 20/927: ✅ 0 взято | 🗑️ 0 мусор
2026-05-20 02:46:51,525 | INFO     |   → 21/927: ✅ 0 взято | 🗑️ 0 мусор
2026-05-20 02:46:51,525 | INFO     |   → 22/927: ✅ 0 взято | 🗑️ 0 мусор
2026-05-20 02:46:51,525 | INFO     |   → 23/927: ✅ 0 взято | 🗑️ 0 мусор
2026-05-20 02:46:51,525 | INFO     |   → 24/927: ✅ 0 взято | 🗑️ 0 мусор
2026-05-20 02:46:51,525 | INFO     |   → 25/927: ✅ 0 взято | 🗑️ 0 мусор
2026-05-20 02:46:51,525 | INFO     |   → 26/927: ✅ 0 взято | 🗑️ 0 мусор
2026-05-20 02:46:51,525 | INFO     |   → 27/927: ✅ 0 взято | 🗑️ 0 мусор
2026-05-20 02:46:51,525 | INFO     |   → 28/927: ✅ 0 взято | 🗑️ 0 мусор
2026-05-20 02:46:51,525 | INFO     |   → 29/927: ✅ 0 взято | 🗑️ 0 мусор
2026-05-20 02:46:51,525 | INFO     |   → 30/927: ✅ 0 взято | 🗑️ 0 мусор
2026-05-20 02:46:51,525 | INFO     |   → 31/927: ✅ 0 взято | 🗑️ 0 мусор
2026-05-20 02:46:51,525 | INFO     |   → 32/927: ✅ 0 взято | 🗑️ 0 мусор
2026-05-20 02:46:51,525 | INFO     |   → 33/927: ✅ 0 взято | 🗑️ 0 мусор
2026-05-20 02:46:51,525 | INFO     |   → 34/927: ✅ 0 взято | 🗑️ 0 мусор
2026-05-20 02:46:51,525 | INFO     |   → 35/927: ✅ 0 взято | 🗑️ 0 мусор
2026-05-20 02:46:51,525 | INFO     |   → 36/927: ✅ 0 взято | 🗑️ 0 мусор
2026-05-20 02:46:51,525 | INFO     |   → 37/927: ✅ 0 взято | 🗑️ 0 мусор
2026-05-20 02:46:51,525 | INFO     |   → 38/927: ✅ 0 взято | 🗑️ 0 мусор
2026-05-20 02:46:51,526 | INFO     |   → 39/927: ✅ 0 взято | 🗑️ 0 мусор
2026-05-20 02:46:51,526 | INFO     |   → 40/927: ✅ 0 взято | 🗑️ 0 мусор
2026-05-20 02:46:51,526 | INFO     |   → 41/927: ✅ 0 взято | 🗑️ 0 мусор
2026-05-20 02:46:51,526 | INFO     |   → 42/927: ✅ 0 взято | 🗑️ 0 мусор
2026-05-20 02:46:51,526 | INFO     |   → 43/927: ✅ 0 взято | 🗑️ 0 мусор
2026-05-20 02:46:51,526 | INFO     |   → 44/927: ✅ 0 взято | 🗑️ 0 мусор
2026-05-20 02:46:51,526 | INFO     |   → 45/927: ✅ 0 взято | 🗑️ 0 мусор
2026-05-20 02:46:51,526 | INFO     |   → 46/927: ✅ 0 взято | 🗑️ 0 мусор
2026-05-20 02:46:51,526 | INFO     |   → 47/927: ✅ 0 взято | 🗑️ 0 мусор
2026-05-20 02:46:51,526 | INFO     |   → 48/927: ✅ 0 взято | 🗑️ 0 мусор
2026-05-20 02:46:51,526 | INFO     |   → 49/927: ✅ 0 взято | 🗑️ 0 мусор
2026-05-20 02:46:51,526 | INFO     |   → 50/927: ✅ 0 взято | 🗑️ 0 мусор
2026-05-20 02:46:51,526 | INFO     |   → 51/927: ✅ 0 взято | 🗑️ 0 мусор
2026-05-20 02:46:51,526 | INFO     |   → 52/927: ✅ 0 взято | 🗑️ 0 мусор
2026-05-20 02:46:51,526 | INFO     |   → 53/927: ✅ 0 взято | 🗑️ 0 мусор
2026-05-20 02:46:51,526 | INFO     |   → 54/927: ✅ 0 взято | 🗑️ 0 мусор
2026-05-20 02:46:51,526 | INFO     |   → 55/927: ✅ 0 взято | 🗑️ 0 мусор
2026-05-20 02:46:51,526 | INFO     |   → 56/927: ✅ 0 взято | 🗑️ 0 мусор
2026-05-20 02:46:51,526 | INFO     |   → 57/927: ✅ 0 взято | 🗑️ 0 мусор
2026-05-20 02:46:51,526 | INFO     |   → 58/927: ✅ 0 взято | 🗑️ 0 мусор
2026-05-20 02:46:51,526 | INFO     |   → 59/927: ✅ 0 взято | 🗑️ 0 мусор
2026-05-20 02:46:51,526 | INFO     |   → 60/927: ✅ 0 взято | 🗑️ 0 мусор
2026-05-20 02:46:51,526 | INFO     |   → 61/927: ✅ 0 взято | 🗑️ 0 мусор
2026-05-20 02:46:51,526 | INFO     |   → 62/927: ✅ 0 взято | 🗑️ 0 мусор
2026-05-20 02:46:51,527 | INFO     |   → 63/927: ✅ 0 взято | 🗑️ 0 мусор
2026-05-20 02:46:51,527 | INFO     |   → 64/927: ✅ 0 взято | 🗑️ 0 мусор
2026-05-20 02:46:51,527 | INFO     |   → 65/927: ✅ 0 взято | 🗑️ 0 мусор
2026-05-20 02:46:51,527 | INFO     |   → 66/927: ✅ 0 взято | 🗑️ 0 мусор
2026-05-20 02:46:51,527 | INFO     |   → 67/927: ✅ 0 взято | 🗑️ 0 мусор
2026-05-20 02:46:51,527 | INFO     |   → 68/927: ✅ 0 взято | 🗑️ 0 мусор
2026-05-20 02:46:51,527 | INFO     |   → 69/927: ✅ 0 взято | 🗑️ 0 мусор
2026-05-20 02:46:51,527 | INFO     |   → 70/927: ✅ 0 взято | 🗑️ 0 мусор
2026-05-20 02:46:51,527 | INFO     |   → 71/927: ✅ 0 взято | 🗑️ 0 мусор
2026-05-20 02:46:51,527 | INFO     |   → 72/927: ✅ 0 взято | 🗑️ 0 мусор
2026-05-20 02:46:51,527 | INFO     |   → 73/927: ✅ 0 взято | 🗑️ 0 мусор
2026-05-20 02:46:51,527 | INFO     |   → 74/927: ✅ 0 взято | 🗑️ 0 мусор
2026-05-20 02:46:51,527 | INFO     |   → 75/927: ✅ 0 взято | 🗑️ 0 мусор
2026-05-20 02:46:51,527 | INFO     |   → 76/927: ✅ 0 взято | 🗑️ 0 мусор
2026-05-20 02:46:51,527 | INFO     |   → 77/927: ✅ 0 взято | 🗑️ 0 мусор
2026-05-20 02:46:51,527 | INFO     |   → 78/927: ✅ 0 взято | 🗑️ 0 мусор
2026-05-20 02:46:51,527 | INFO     |   → 79/927: ✅ 0 взято | 🗑️ 0 мусор
2026-05-20 02:46:51,527 | INFO     |   → 80/927: ✅ 0 взято | 🗑️ 0 мусор
2026-05-20 02:46:51,527 | INFO     |   → 81/927: ✅ 0 взято | 🗑️ 0 мусор
2026-05-20 02:46:51,528 | INFO     |   → 82/927: ✅ 0 взято | 🗑️ 0 мусор
2026-05-20 02:46:51,528 | INFO     |   → 83/927: ✅ 0 взято | 🗑️ 0 мусор
2026-05-20 02:46:51,528 | INFO     |   → 84/927: ✅ 0 взято | 🗑️ 0 мусор
2026-05-20 02:46:51,528 | INFO     |   → 85/927: ✅ 0 взято | 🗑️ 0 мусор
2026-05-20 02:46:51,528 | INFO     |   → 86/927: ✅ 0 взято | 🗑️ 0 мусор
2026-05-20 02:46:51,528 | INFO     |   → 87/927: ✅ 0 взято | 🗑️ 0 мусор
2026-05-20 02:46:51,528 | INFO     |   → 88/927: ✅ 0 взято | 🗑️ 0 мусор
2026-05-20 02:46:51,528 | INFO     |   → 89/927: ✅ 0 взято | 🗑️ 0 мусор
2026-05-20 02:46:51,528 | INFO     |   → 90/927: ✅ 0 взято | 🗑️ 0 мусор
2026-05-20 02:46:51,528 | INFO     |   → 91/927: ✅ 0 взято | 🗑️ 0 мусор
2026-05-20 02:46:51,528 | INFO     |   → 92/927 ❌ HTTP 404 — https://freessrnode.github.io/uploads/2024/08/0-20240822.txt
2026-05-20 02:46:51,528 | INFO     |   → 93/927 ❌ HTTP 404 — https://freessrnode.github.io/uploads/2024/08/1-20240822.txt
2026-05-20 02:46:51,528 | INFO     |   → 94/927 ❌ HTTP 404 — https://freessrnode.github.io/uploads/2024/08/2-20240822.txt
2026-05-20 02:46:51,528 | INFO     |   → 95/927 ❌ HTTP 404 — https://freessrnode.github.io/uploads/2024/08/3-20240822.txt
2026-05-20 02:46:51,528 | INFO     |   → 96/927 ❌ HTTP 404 — https://freessrnode.github.io/uploads/2024/08/4-20240822.txt
2026-05-20 02:46:51,528 | INFO     |   → 97/927 ⚠️ Ошибка: HTTPSConnectionPool(host='freevpnspy.githubrowcontent.com', port=443): Max retries exceeded with url: /2024/08/20240802_novless.yaml (Caused by NameResolutionError("HTTPSConnection(host='freevpnspy.githubrowcontent.com', port=443): Failed to resolve 'freevpnspy.githubrowcontent.com' ([Errno -2] Name or service not known)")) — https://freevpnspy.githubrowcontent.com/2024/08/20240802_novless.yaml
2026-05-20 02:46:51,528 | INFO     |   → 98/927 ⚠️ Ошибка: HTTPSConnectionPool(host='freevpnspy.githubrowcontent.com', port=443): Max retries exceeded with url: /2024/08/20240802_vless.yaml (Caused by NameResolutionError("HTTPSConnection(host='freevpnspy.githubrowcontent.com', port=443): Failed to resolve 'freevpnspy.githubrowcontent.com' ([Errno -2] Name or service not known)")) — https://freevpnspy.githubrowcontent.com/2024/08/20240802_vless.yaml
2026-05-20 02:46:51,528 | INFO     |   → 99/927: ✅ 20 взято | 🗑️ 218 мусор
2026-05-20 02:46:51,528 | INFO     |   → 100/927: ✅ 0 взято | 🗑️ 0 мусор
2026-05-20 02:46:51,529 | INFO     |   → 101/927: ✅ 4 взято | 🗑️ 193 мусор
2026-05-20 02:46:51,529 | INFO     |   → 102/927: ✅ 0 взято | 🗑️ 0 мусор
2026-05-20 02:46:51,529 | INFO     |   → 103/927 ❌ HTTP 404 — https://github.com/Epodonios/bulk-xray-v2ray-vless-vmess-...-configs/raw/main/sub/Albania/config.txt
2026-05-20 02:46:51,529 | INFO     |   → 104/927 ❌ HTTP 404 — https://github.com/Epodonios/bulk-xray-v2ray-vless-vmess-...-configs/raw/main/sub/Cura%C3%A7ao/config.txt
2026-05-20 02:46:51,529 | INFO     |   → 105/927 ❌ HTTP 404 — https://github.com/Epodonios/bulk-xray-v2ray-vless-vmess-...-configs/raw/main/sub/Finland/config.txt
2026-05-20 02:46:51,529 | INFO     |   → 106/927 ❌ HTTP 404 — https://github.com/Epodonios/bulk-xray-v2ray-vless-vmess-...-configs/raw/main/sub/Iran/config.txt
2026-05-20 02:46:51,529 | INFO     |   → 107/927 ❌ HTTP 404 — https://github.com/Epodonios/bulk-xray-v2ray-vless-vmess-...-configs/raw/main/sub/Netherlands/config.txt
2026-05-20 02:46:51,529 | INFO     |   → 108/927 ❌ HTTP 404 — https://github.com/Epodonios/bulk-xray-v2ray-vless-vmess-...-configs/raw/main/sub/Norway/config.txt
2026-05-20 02:46:51,529 | INFO     |   → 109/927 ❌ HTTP 404 — https://github.com/Epodonios/bulk-xray-v2ray-vless-vmess-...-configs/raw/main/sub/Russia/config.txt
2026-05-20 02:46:51,529 | INFO     |   → 110/927: ✅ 13 взято | 🗑️ 70 мусор
2026-05-20 02:46:51,529 | INFO     |   → 111/927: ✅ 0 взято | 🗑️ 4 мусор
2026-05-20 02:46:51,529 | INFO     |   → 112/927: ✅ 0 взято | 🗑️ 7 мусор
2026-05-20 02:46:51,529 | INFO     |   → 113/927: ✅ 0 взято | 🗑️ 51 мусор
2026-05-20 02:46:51,529 | INFO     |   → 114/927: ✅ 0 взято | 🗑️ 8 мусор
2026-05-20 02:46:51,529 | INFO     |   → 115/927: ✅ 0 взято | 🗑️ 0 мусор
2026-05-20 02:46:51,529 | INFO     |   → 116/927: ✅ 17 взято | 🗑️ 119 мусор
2026-05-20 02:46:51,529 | INFO     |   → 117/927 ❌ HTTP 404 — https://github.com/MrMohebi/xray-proxy-grabber-telegram/raw/master/collected-proxies/clash-meta/all.yaml
2026-05-20 02:46:51,529 | INFO     |   → 118/927 ❌ HTTP 404 — https://github.com/MrMohebi/xray-proxy-grabber-telegram/raw/master/collected-proxies/row-url/all.txt
2026-05-20 02:46:51,529 | INFO     |   → 119/927: ✅ 0 взято | 🗑️ 0 мусор
2026-05-20 02:46:51,530 | INFO     |   → 120/927: ✅ 0 взято | 🗑️ 113 мусор
2026-05-20 02:46:51,530 | INFO     |   → 121/927: ✅ 0 взято | 🗑️ 119 мусор
2026-05-20 02:46:51,530 | INFO     |   → 122/927 ❌ HTTP 404 — https://github.com/abbasdvd3/abbasdvd10/73ec60de7a6c6aa6df4c14b511c1da60686891ca/ppo.txt
2026-05-20 02:46:51,530 | INFO     |   → 123/927 ❌ HTTP 404 — https://github.com/acymz/AutoVPN/refs/heads/main/data/V2.txt
2026-05-20 02:46:51,530 | INFO     |   → 124/927: ✅ 0 взято | 🗑️ 0 мусор
2026-05-20 02:46:51,530 | INFO     |   → 125/927: ✅ 0 взято | 🗑️ 0 мусор
2026-05-20 02:46:51,530 | INFO     |   → 126/927: ✅ 0 взято | 🗑️ 0 мусор
2026-05-20 02:46:51,530 | INFO     |   → 127/927: ✅ 0 взято | 🗑️ 0 мусор
2026-05-20 02:46:51,530 | INFO     |   → 128/927: ✅ 0 взято | 🗑️ 0 мусор
2026-05-20 02:46:51,530 | INFO     |   → 129/927: ✅ 0 взято | 🗑️ 0 мусор
2026-05-20 02:46:51,530 | INFO     |   → 130/927: ✅ 0 взято | 🗑️ 0 мусор
2026-05-20 02:46:51,530 | INFO     |   → 131/927 ❌ HTTP 404 — https://github.com/mermeroo/V2RAY-FREE/raw/main/All_Configs_base64_Sub.txt
2026-05-20 02:46:51,530 | INFO     |   → 132/927 ❌ HTTP 404 — https://github.com/mermeroo/V2RAY-FREE/raw/main/Base64/Sub1_base64.txt
2026-05-20 02:46:51,530 | INFO     |   → 133/927 ❌ HTTP 404 — https://github.com/mermeroo/V2RAY-FREE/raw/main/Base64/Sub2_base64.txt
2026-05-20 02:46:51,530 | INFO     |   → 134/927 ❌ HTTP 404 — https://github.com/mermeroo/V2RAY-FREE/raw/main/Base64/Sub3_base64.txt
2026-05-20 02:46:51,530 | INFO     |   → 135/927 ❌ HTTP 404 — https://github.com/mermeroo/V2RAY-FREE/raw/main/Base64/Sub4_base64.txt
2026-05-20 02:46:51,530 | INFO     |   → 136/927 ❌ HTTP 404 — https://github.com/mermeroo/V2RAY-FREE/raw/main/Base64/Sub5_base64.txt
2026-05-20 02:46:51,530 | INFO     |   → 137/927 ❌ HTTP 404 — https://github.com/mermeroo/telegram-configs-collector/raw/main/protocols/hysteria
2026-05-20 02:46:51,530 | INFO     |   → 138/927 ❌ HTTP 404 — https://github.com/mermeroo/telegram-configs-collector/raw/main/protocols/juicity
2026-05-20 02:46:51,531 | INFO     |   → 139/927 ❌ HTTP 404 — https://github.com/mermeroo/telegram-configs-collector/raw/main/protocols/tuic
2026-05-20 02:46:51,531 | INFO     |   → 140/927: ✅ 5 взято | 🗑️ 16 мусор
2026-05-20 02:46:51,531 | INFO     |   → 141/927: ✅ 0 взято | 🗑️ 0 мусор
2026-05-20 02:46:51,531 | INFO     |   → 142/927: ✅ 0 взято | 🗑️ 0 мусор
2026-05-20 02:46:51,531 | INFO     |   → 143/927: ✅ 0 взято | 🗑️ 0 мусор
2026-05-20 02:46:51,531 | INFO     |   → 144/927: ✅ 3 взято | 🗑️ 238 мусор
2026-05-20 02:46:51,531 | INFO     |   → 145/927: ✅ 0 взято | 🗑️ 0 мусор
2026-05-20 02:46:51,531 | INFO     |   → 146/927: ✅ 3 взято | 🗑️ 239 мусор
2026-05-20 02:46:51,531 | INFO     |   → 147/927: ✅ 0 взято | 🗑️ 0 мусор
2026-05-20 02:46:51,531 | INFO     |   → 148/927: ✅ 0 взято | 🗑️ 255 мусор
2026-05-20 02:46:51,531 | INFO     |   → 149/927: ✅ 0 взято | 🗑️ 0 мусор
2026-05-20 02:46:51,531 | INFO     |   → 150/927: ✅ 1 взято | 🗑️ 249 мусор
2026-05-20 02:46:51,531 | INFO     |   → 151/927: ✅ 0 взято | 🗑️ 0 мусор
2026-05-20 02:46:51,531 | INFO     |   → 152/927: ✅ 0 взято | 🗑️ 207 мусор
2026-05-20 02:46:51,531 | INFO     |   → 153/927: ✅ 0 взято | 🗑️ 0 мусор
2026-05-20 02:46:51,531 | INFO     |   → 154/927: ✅ 0 взято | 🗑️ 228 мусор
2026-05-20 02:46:51,531 | INFO     |   → 155/927: ✅ 0 взято | 🗑️ 0 мусор
2026-05-20 02:46:51,531 | INFO     |   → 156/927: ✅ 1 взято | 🗑️ 291 мусор
2026-05-20 02:46:51,531 | INFO     |   → 157/927: ✅ 0 взято | 🗑️ 0 мусор
2026-05-20 02:46:51,531 | INFO     |   → 158/927: ✅ 3 взято | 🗑️ 221 мусор
2026-05-20 02:46:51,532 | INFO     |   → 159/927: ✅ 0 взято | 🗑️ 0 мусор
2026-05-20 02:46:51,532 | INFO     |   → 160/927: ✅ 1 взято | 🗑️ 222 мусор
2026-05-20 02:46:51,532 | INFO     |   → 161/927: ✅ 0 взято | 🗑️ 0 мусор
2026-05-20 02:46:51,532 | INFO     |   → 162/927: ✅ 1 взято | 🗑️ 218 мусор
2026-05-20 02:46:51,532 | INFO     |   → 163/927: ✅ 0 взято | 🗑️ 0 мусор
2026-05-20 02:46:51,532 | INFO     |   → 164/927: ✅ 0 взято | 🗑️ 193 мусор
2026-05-20 02:46:51,532 | INFO     |   → 165/927: ✅ 0 взято | 🗑️ 0 мусор
2026-05-20 02:46:51,532 | INFO     |   → 166/927: ✅ 0 взято | 🗑️ 290 мусор
2026-05-20 02:46:51,532 | INFO     |   → 167/927: ✅ 0 взято | 🗑️ 0 мусор
2026-05-20 02:46:51,532 | INFO     |   → 168/927: ✅ 0 взято | 🗑️ 238 мусор
2026-05-20 02:46:51,532 | INFO     |   → 169/927: ✅ 0 взято | 🗑️ 0 мусор
2026-05-20 02:46:51,532 | INFO     |   → 170/927: ✅ 0 взято | 🗑️ 221 мусор
2026-05-20 02:46:51,532 | INFO     |   → 171/927: ✅ 0 взято | 🗑️ 0 мусор
2026-05-20 02:46:51,532 | INFO     |   → 172/927: ✅ 0 взято | 🗑️ 248 мусор
2026-05-20 02:46:51,532 | INFO     |   → 173/927: ✅ 0 взято | 🗑️ 0 мусор
2026-05-20 02:46:51,532 | INFO     |   → 174/927: ✅ 0 взято | 🗑️ 203 мусор
2026-05-20 02:46:51,532 | INFO     |   → 175/927: ✅ 0 взято | 🗑️ 0 мусор
2026-05-20 02:46:51,532 | INFO     |   → 176/927: ✅ 0 взято | 🗑️ 208 мусор
2026-05-20 02:46:51,532 | INFO     |   → 177/927: ✅ 0 взято | 🗑️ 0 мусор
2026-05-20 02:46:51,532 | INFO     |   → 178/927: ✅ 2 взято | 🗑️ 209 мусор
2026-05-20 02:46:51,532 | INFO     |   → 179/927: ✅ 0 взято | 🗑️ 0 мусор
2026-05-20 02:46:51,533 | INFO     |   → 180/927: ✅ 0 взято | 🗑️ 258 мусор
2026-05-20 02:46:51,533 | INFO     |   → 181/927: ✅ 0 взято | 🗑️ 0 мусор
2026-05-20 02:46:51,533 | INFO     |   → 182/927: ✅ 0 взято | 🗑️ 296 мусор
2026-05-20 02:46:51,533 | INFO     |   → 183/927: ✅ 0 взято | 🗑️ 0 мусор
2026-05-20 02:46:51,533 | INFO     |   → 184/927: ✅ 1 взято | 🗑️ 286 мусор
2026-05-20 02:46:51,533 | INFO     |   → 185/927: ✅ 0 взято | 🗑️ 0 мусор
2026-05-20 02:46:51,533 | INFO     |   → 186/927: ✅ 0 взято | 🗑️ 195 мусор
2026-05-20 02:46:51,533 | INFO     |   → 187/927: ✅ 0 взято | 🗑️ 0 мусор
2026-05-20 02:46:51,533 | INFO     |   → 188/927: ✅ 0 взято | 🗑️ 170 мусор
2026-05-20 02:46:51,533 | INFO     |   → 189/927: ✅ 0 взято | 🗑️ 0 мусор
2026-05-20 02:46:51,533 | INFO     |   → 190/927: ✅ 0 взято | 🗑️ 160 мусор
2026-05-20 02:46:51,533 | INFO     |   → 191/927: ✅ 0 взято | 🗑️ 0 мусор
2026-05-20 02:46:51,533 | INFO     |   → 192/927: ✅ 0 взято | 🗑️ 121 мусор
2026-05-20 02:46:51,533 | INFO     |   → 193/927: ✅ 0 взято | 🗑️ 0 мусор
2026-05-20 02:46:51,533 | INFO     |   → 194/927: ✅ 0 взято | 🗑️ 135 мусор
2026-05-20 02:46:51,533 | INFO     |   → 195/927: ✅ 0 взято | 🗑️ 0 мусор
2026-05-20 02:46:51,533 | INFO     |   → 196/927: ✅ 1 взято | 🗑️ 129 мусор
2026-05-20 02:46:51,533 | INFO     |   → 197/927: ✅ 0 взято | 🗑️ 0 мусор
2026-05-20 02:46:51,533 | INFO     |   → 198/927: ✅ 0 взято | 🗑️ 189 мусор
2026-05-20 02:46:51,533 | INFO     |   → 199/927: ✅ 0 взято | 🗑️ 0 мусор
2026-05-20 02:46:51,533 | INFO     |   → 200/927: ✅ 3 взято | 🗑️ 147 мусор
2026-05-20 02:46:51,533 | INFO     |   → 201/927: ✅ 0 взято | 🗑️ 0 мусор
2026-05-20 02:46:51,534 | INFO     |   → 202/927: ✅ 1 взято | 🗑️ 183 мусор
2026-05-20 02:46:51,534 | INFO     |   → 203/927: ✅ 0 взято | 🗑️ 0 мусор
2026-05-20 02:46:51,534 | INFO     |   → 204/927: ✅ 0 взято | 🗑️ 155 мусор
2026-05-20 02:46:51,534 | INFO     |   → 205/927: ✅ 0 взято | 🗑️ 0 мусор
2026-05-20 02:46:51,534 | INFO     |   → 206/927: ✅ 0 взято | 🗑️ 114 мусор
2026-05-20 02:46:51,534 | INFO     |   → 207/927: ✅ 0 взято | 🗑️ 0 мусор
2026-05-20 02:46:51,534 | INFO     |   → 208/927: ✅ 0 взято | 🗑️ 239 мусор
2026-05-20 02:46:51,534 | INFO     |   → 209/927: ✅ 0 взято | 🗑️ 0 мусор
2026-05-20 02:46:51,534 | INFO     |   → 210/927: ✅ 0 взято | 🗑️ 204 мусор
2026-05-20 02:46:51,534 | INFO     |   → 211/927: ✅ 0 взято | 🗑️ 0 мусор
2026-05-20 02:46:51,534 | INFO     |   → 212/927: ✅ 0 взято | 🗑️ 232 мусор
2026-05-20 02:46:51,534 | INFO     |   → 213/927: ✅ 0 взято | 🗑️ 0 мусор
2026-05-20 02:46:51,534 | INFO     |   → 214/927: ✅ 0 взято | 🗑️ 192 мусор
2026-05-20 02:46:51,534 | INFO     |   → 215/927: ✅ 0 взято | 🗑️ 0 мусор
2026-05-20 02:46:51,534 | INFO     |   → 216/927: ✅ 0 взято | 🗑️ 183 мусор
2026-05-20 02:46:51,534 | INFO     |   → 217/927: ✅ 0 взято | 🗑️ 0 мусор
2026-05-20 02:46:51,534 | INFO     |   → 218/927: ✅ 0 взято | 🗑️ 169 мусор
2026-05-20 02:46:51,534 | INFO     |   → 219/927: ✅ 0 взято | 🗑️ 0 мусор
2026-05-20 02:46:51,534 | INFO     |   → 220/927: ✅ 0 взято | 🗑️ 167 мусор
2026-05-20 02:46:51,534 | INFO     |   → 221/927: ✅ 0 взято | 🗑️ 0 мусор
2026-05-20 02:46:51,534 | INFO     |   → 222/927: ✅ 0 взято | 🗑️ 193 мусор
2026-05-20 02:46:51,534 | INFO     |   → 223/927: ✅ 0 взято | 🗑️ 0 мусор
2026-05-20 02:46:51,534 | INFO     |   → 224/927: ✅ 1 взято | 🗑️ 161 мусор
2026-05-20 02:46:51,535 | INFO     |   → 225/927: ✅ 0 взято | 🗑️ 0 мусор
2026-05-20 02:46:51,535 | INFO     |   → 226/927: ✅ 0 взято | 🗑️ 171 мусор
2026-05-20 02:46:51,535 | INFO     |   → 227/927: ✅ 0 взято | 🗑️ 0 мусор
2026-05-20 02:46:51,535 | INFO     |   → 228/927 ⚠️ Ошибка: HTTPSConnectionPool(host='ivuxy.tech', port=443): Max retries exceeded with url: /v.txt (Caused by NameResolutionError("HTTPSConnection(host='ivuxy.tech', port=443): Failed to resolve 'ivuxy.tech' ([Errno -2] Name or service not known)")) — https://ivuxy.tech/v.txt
2026-05-20 02:46:51,535 | INFO     |   → 229/927 ⚠️ Ошибка: HTTPSConnectionPool(host='mirror.ghproxy.com', port=443): Max retries exceeded with url: /https://raw.githubusercontent.com/Barabama/FreeNodes/master/nodes/blues.txt (Caused by NameResolutionError("HTTPSConnection(host='mirror.ghproxy.com', port=443): Failed to resolve 'mirror.ghproxy.com' ([Errno -2] Name or service not known)")) — https://mirror.ghproxy.com/https://raw.githubusercontent.com/Barabama/FreeNodes/master/nodes/blues.txt
2026-05-20 02:46:51,535 | INFO     |   → 230/927 ⚠️ Ошибка: HTTPSConnectionPool(host='mirror.ghproxy.com', port=443): Max retries exceeded with url: /https://raw.githubusercontent.com/Barabama/FreeNodes/master/nodes/halekj.txt (Caused by NameResolutionError("HTTPSConnection(host='mirror.ghproxy.com', port=443): Failed to resolve 'mirror.ghproxy.com' ([Errno -2] Name or service not known)")) — https://mirror.ghproxy.com/https://raw.githubusercontent.com/Barabama/FreeNodes/master/nodes/halekj.txt
2026-05-20 02:46:51,535 | INFO     |   → 231/927 ⚠️ Ошибка: HTTPSConnectionPool(host='mirror.ghproxy.com', port=443): Max retries exceeded with url: /https://raw.githubusercontent.com/Barabama/FreeNodes/master/nodes/kkzui.txt (Caused by NameResolutionError("HTTPSConnection(host='mirror.ghproxy.com', port=443): Failed to resolve 'mirror.ghproxy.com' ([Errno -2] Name or service not known)")) — https://mirror.ghproxy.com/https://raw.githubusercontent.com/Barabama/FreeNodes/master/nodes/kkzui.txt
2026-05-20 02:46:51,535 | INFO     |   → 232/927 ⚠️ Ошибка: HTTPSConnectionPool(host='mirror.ghproxy.com', port=443): Max retries exceeded with url: /https://raw.githubusercontent.com/Barabama/FreeNodes/master/nodes/merged.txt (Caused by NameResolutionError("HTTPSConnection(host='mirror.ghproxy.com', port=443): Failed to resolve 'mirror.ghproxy.com' ([Errno -2] Name or service not known)")) — https://mirror.ghproxy.com/https://raw.githubusercontent.com/Barabama/FreeNodes/master/nodes/merged.txt
2026-05-20 02:46:51,535 | INFO     |   → 233/927 ⚠️ Ошибка: HTTPSConnectionPool(host='mirror.ghproxy.com', port=443): Max retries exceeded with url: /https://raw.githubusercontent.com/Barabama/FreeNodes/master/nodes/nodefree.txt (Caused by NameResolutionError("HTTPSConnection(host='mirror.ghproxy.com', port=443): Failed to resolve 'mirror.ghproxy.com' ([Errno -2] Name or service not known)")) — https://mirror.ghproxy.com/https://raw.githubusercontent.com/Barabama/FreeNodes/master/nodes/nodefree.txt
2026-05-20 02:46:51,535 | INFO     |   → 234/927 ⚠️ Ошибка: HTTPSConnectionPool(host='mirror.ghproxy.com', port=443): Max retries exceeded with url: /https://raw.githubusercontent.com/Barabama/FreeNodes/master/nodes/openrunner.txt (Caused by NameResolutionError("HTTPSConnection(host='mirror.ghproxy.com', port=443): Failed to resolve 'mirror.ghproxy.com' ([Errno -2] Name or service not known)")) — https://mirror.ghproxy.com/https://raw.githubusercontent.com/Barabama/FreeNodes/master/nodes/openrunner.txt
2026-05-20 02:46:51,535 | INFO     |   → 235/927 ⚠️ Ошибка: HTTPSConnectionPool(host='mirror.ghproxy.com', port=443): Max retries exceeded with url: /https://raw.githubusercontent.com/Barabama/FreeNodes/master/nodes/v2rayshare.txt (Caused by NameResolutionError("HTTPSConnection(host='mirror.ghproxy.com', port=443): Failed to resolve 'mirror.ghproxy.com' ([Errno -2] Name or service not known)")) — https://mirror.ghproxy.com/https://raw.githubusercontent.com/Barabama/FreeNodes/master/nodes/v2rayshare.txt
2026-05-20 02:46:51,535 | INFO     |   → 236/927 ⚠️ Ошибка: HTTPSConnectionPool(host='mirror.ghproxy.com', port=443): Max retries exceeded with url: /https://raw.githubusercontent.com/Barabama/FreeNodes/master/nodes/wenode.txt (Caused by NameResolutionError("HTTPSConnection(host='mirror.ghproxy.com', port=443): Failed to resolve 'mirror.ghproxy.com' ([Errno -2] Name or service not known)")) — https://mirror.ghproxy.com/https://raw.githubusercontent.com/Barabama/FreeNodes/master/nodes/wenode.txt
2026-05-20 02:46:51,535 | INFO     |   → 237/927 ⚠️ Ошибка: HTTPSConnectionPool(host='mirror.ghproxy.com', port=443): Max retries exceeded with url: /https://raw.githubusercontent.com/Barabama/FreeNodes/master/nodes/yudou66.txt (Caused by NameResolutionError("HTTPSConnection(host='mirror.ghproxy.com', port=443): Failed to resolve 'mirror.ghproxy.com' ([Errno -2] Name or service not known)")) — https://mirror.ghproxy.com/https://raw.githubusercontent.com/Barabama/FreeNodes/master/nodes/yudou66.txt
2026-05-20 02:46:51,535 | INFO     |   → 238/927: ✅ 7 взято | 🗑️ 17 мусор
2026-05-20 02:46:51,535 | INFO     |   → 239/927: ✅ 0 взято | 🗑️ 17 мусор
2026-05-20 02:46:51,535 | INFO     |   → 240/927: ✅ 14 взято | 🗑️ 14 мусор
2026-05-20 02:46:51,535 | INFO     |   → 241/927: ✅ 0 взято | 🗑️ 14 мусор
2026-05-20 02:46:51,535 | INFO     |   → 242/927: ✅ 0 взято | 🗑️ 14 мусор
2026-05-20 02:46:51,535 | INFO     |   → 243/927: ✅ 0 взято | 🗑️ 14 мусор
2026-05-20 02:46:51,535 | INFO     |   → 244/927: ✅ 0 взято | 🗑️ 14 мусор
2026-05-20 02:46:51,535 | INFO     |   → 245/927: ✅ 0 взято | 🗑️ 14 мусор
2026-05-20 02:46:51,536 | INFO     |   → 246/927: ✅ 0 взято | 🗑️ 14 мусор
2026-05-20 02:46:51,536 | INFO     |   → 247/927: ✅ 0 взято | 🗑️ 14 мусор
2026-05-20 02:46:51,536 | INFO     |   → 248/927: ✅ 0 взято | 🗑️ 14 мусор
2026-05-20 02:46:51,536 | INFO     |   → 249/927: ✅ 7 взято | 🗑️ 21 мусор
2026-05-20 02:46:51,536 | INFO     |   → 250/927: ✅ 0 взято | 🗑️ 21 мусор
2026-05-20 02:46:51,536 | INFO     |   → 251/927: ✅ 0 взято | 🗑️ 21 мусор
2026-05-20 02:46:51,536 | INFO     |   → 252/927: ✅ 0 взято | 🗑️ 21 мусор
2026-05-20 02:46:51,536 | INFO     |   → 253/927: ✅ 0 взято | 🗑️ 21 мусор
2026-05-20 02:46:51,536 | INFO     |   → 254/927: ✅ 0 взято | 🗑️ 21 мусор
2026-05-20 02:46:51,536 | INFO     |   → 255/927: ✅ 0 взято | 🗑️ 21 мусор
2026-05-20 02:46:51,536 | INFO     |   → 256/927: ✅ 0 взято | 🗑️ 21 мусор
2026-05-20 02:46:51,536 | INFO     |   → 257/927: ✅ 0 взято | 🗑️ 21 мусор
2026-05-20 02:46:51,536 | INFO     |   → 258/927: ✅ 0 взято | 🗑️ 21 мусор
2026-05-20 02:46:51,536 | INFO     |   → 259/927: ✅ 0 взято | 🗑️ 21 мусор
2026-05-20 02:46:51,536 | INFO     |   → 260/927: ✅ 5 взято | 🗑️ 15 мусор
2026-05-20 02:46:51,536 | INFO     |   → 261/927: ✅ 0 взято | 🗑️ 15 мусор
2026-05-20 02:46:51,536 | INFO     |   → 262/927: ✅ 0 взято | 🗑️ 15 мусор
2026-05-20 02:46:51,536 | INFO     |   → 263/927: ✅ 0 взято | 🗑️ 15 мусор
2026-05-20 02:46:51,536 | INFO     |   → 264/927: ✅ 0 взято | 🗑️ 15 мусор
2026-05-20 02:46:51,536 | INFO     |   → 265/927: ✅ 0 взято | 🗑️ 15 мусор
2026-05-20 02:46:51,536 | INFO     |   → 266/927: ✅ 0 взято | 🗑️ 15 мусор
2026-05-20 02:46:51,536 | INFO     |   → 267/927: ✅ 0 взято | 🗑️ 15 мусор
2026-05-20 02:46:51,537 | INFO     |   → 268/927: ✅ 0 взято | 🗑️ 15 мусор
2026-05-20 02:46:51,537 | INFO     |   → 269/927: ✅ 0 взято | 🗑️ 14 мусор
2026-05-20 02:46:51,537 | INFO     |   → 270/927: ✅ 0 взято | 🗑️ 14 мусор
2026-05-20 02:46:51,537 | INFO     |   → 271/927: ✅ 0 взято | 🗑️ 14 мусор
2026-05-20 02:46:51,537 | INFO     |   → 272/927: ✅ 0 взято | 🗑️ 14 мусор
2026-05-20 02:46:51,537 | INFO     |   → 273/927: ✅ 6 взято | 🗑️ 17 мусор
2026-05-20 02:46:51,537 | INFO     |   → 274/927: ✅ 0 взято | 🗑️ 17 мусор
2026-05-20 02:46:51,537 | INFO     |   → 275/927: ✅ 0 взято | 🗑️ 17 мусор
2026-05-20 02:46:51,537 | INFO     |   → 276/927: ✅ 0 взято | 🗑️ 17 мусор
2026-05-20 02:46:51,537 | INFO     |   → 277/927: ✅ 0 взято | 🗑️ 17 мусор
2026-05-20 02:46:51,537 | INFO     |   → 278/927 ❌ HTTP 403 — https://nodefree.org/dy/2023/08/20230806.yaml
2026-05-20 02:46:51,537 | INFO     |   → 279/927 ❌ HTTP 403 — https://nodefree.org/dy/2023/12/20231221.txt
2026-05-20 02:46:51,537 | INFO     |   → 280/927: ✅ 0 взято | 🗑️ 17 мусор
2026-05-20 02:46:51,537 | INFO     |   → 281/927: ✅ 0 взято | 🗑️ 17 мусор
2026-05-20 02:46:51,537 | INFO     |   → 282/927: ✅ 0 взято | 🗑️ 14 мусор
2026-05-20 02:46:51,537 | INFO     |   → 283/927: ✅ 0 взято | 🗑️ 14 мусор
2026-05-20 02:46:51,537 | INFO     |   → 284/927: ✅ 0 взято | 🗑️ 14 мусор
2026-05-20 02:46:51,537 | INFO     |   → 285/927: ✅ 0 взято | 🗑️ 14 мусор
2026-05-20 02:46:51,537 | INFO     |   → 286/927: ✅ 0 взято | 🗑️ 14 мусор
2026-05-20 02:46:51,537 | INFO     |   → 287/927: ✅ 0 взято | 🗑️ 14 мусор
2026-05-20 02:46:51,537 | INFO     |   → 288/927: ✅ 0 взято | 🗑️ 14 мусор
2026-05-20 02:46:51,537 | INFO     |   → 289/927: ✅ 0 взято | 🗑️ 14 мусор
2026-05-20 02:46:51,537 | INFO     |   → 290/927: ✅ 0 взято | 🗑️ 14 мусор
2026-05-20 02:46:51,537 | INFO     |   → 291/927: ✅ 0 взято | 🗑️ 21 мусор
2026-05-20 02:46:51,537 | INFO     |   → 292/927: ✅ 0 взято | 🗑️ 21 мусор
2026-05-20 02:46:51,538 | INFO     |   → 293/927: ✅ 0 взято | 🗑️ 21 мусор
2026-05-20 02:46:51,538 | INFO     |   → 294/927: ✅ 0 взято | 🗑️ 21 мусор
2026-05-20 02:46:51,538 | INFO     |   → 295/927: ✅ 0 взято | 🗑️ 21 мусор
2026-05-20 02:46:51,538 | INFO     |   → 296/927: ✅ 0 взято | 🗑️ 21 мусор
2026-05-20 02:46:51,538 | INFO     |   → 297/927: ✅ 0 взято | 🗑️ 21 мусор
2026-05-20 02:46:51,538 | INFO     |   → 298/927: ✅ 0 взято | 🗑️ 21 мусор
2026-05-20 02:46:51,538 | INFO     |   → 299/927: ✅ 0 взято | 🗑️ 21 мусор
2026-05-20 02:46:51,538 | INFO     |   → 300/927: ✅ 0 взято | 🗑️ 21 мусор
2026-05-20 02:46:51,538 | INFO     |   → 301/927: ✅ 0 взято | 🗑️ 21 мусор
2026-05-20 02:46:51,538 | INFO     |   → 302/927: ✅ 0 взято | 🗑️ 15 мусор
2026-05-20 02:46:51,538 | INFO     |   → 303/927: ✅ 0 взято | 🗑️ 15 мусор
2026-05-20 02:46:51,538 | INFO     |   → 304/927: ✅ 0 взято | 🗑️ 15 мусор
2026-05-20 02:46:51,538 | INFO     |   → 305/927: ✅ 0 взято | 🗑️ 15 мусор
2026-05-20 02:46:51,538 | INFO     |   → 306/927: ✅ 0 взято | 🗑️ 15 мусор
2026-05-20 02:46:51,538 | INFO     |   → 307/927: ✅ 0 взято | 🗑️ 15 мусор
2026-05-20 02:46:51,538 | INFO     |   → 308/927: ✅ 0 взято | 🗑️ 15 мусор
2026-05-20 02:46:51,538 | INFO     |   → 309/927: ✅ 0 взято | 🗑️ 15 мусор
2026-05-20 02:46:51,538 | INFO     |   → 310/927: ✅ 0 взято | 🗑️ 15 мусор
2026-05-20 02:46:51,538 | INFO     |   → 311/927: ✅ 0 взято | 🗑️ 15 мусор
2026-05-20 02:46:51,538 | INFO     |   → 312/927: ✅ 0 взято | 🗑️ 14 мусор
2026-05-20 02:46:51,538 | INFO     |   → 313/927: ✅ 0 взято | 🗑️ 14 мусор
2026-05-20 02:46:51,538 | INFO     |   → 314/927: ✅ 0 взято | 🗑️ 14 мусор
2026-05-20 02:46:51,538 | INFO     |   → 315/927: ✅ 0 взято | 🗑️ 14 мусор
2026-05-20 02:46:51,538 | INFO     |   → 316/927: ✅ 0 взято | 🗑️ 17 мусор
2026-05-20 02:46:51,538 | INFO     |   → 317/927: ✅ 0 взято | 🗑️ 17 мусор
2026-05-20 02:46:51,539 | INFO     |   → 318/927: ✅ 0 взято | 🗑️ 17 мусор
2026-05-20 02:46:51,539 | INFO     |   → 319/927: ✅ 0 взято | 🗑️ 17 мусор
2026-05-20 02:46:51,539 | INFO     |   → 320/927: ✅ 0 взято | 🗑️ 0 мусор
2026-05-20 02:46:51,539 | INFO     |   → 321/927: ✅ 0 взято | 🗑️ 0 мусор
2026-05-20 02:46:51,539 | INFO     |   → 322/927: ✅ 0 взято | 🗑️ 0 мусор
2026-05-20 02:46:51,539 | INFO     |   → 323/927: ✅ 0 взято | 🗑️ 0 мусор
2026-05-20 02:46:51,539 | INFO     |   → 324/927: ✅ 0 взято | 🗑️ 0 мусор
2026-05-20 02:46:51,539 | INFO     |   → 325/927: ✅ 0 взято | 🗑️ 0 мусор
2026-05-20 02:46:51,539 | INFO     |   → 326/927: ✅ 0 взято | 🗑️ 0 мусор
2026-05-20 02:46:51,539 | INFO     |   → 327/927: ✅ 0 взято | 🗑️ 0 мусор
2026-05-20 02:46:51,539 | INFO     |   → 328/927: ✅ 0 взято | 🗑️ 0 мусор
2026-05-20 02:46:51,539 | INFO     |   → 329/927: ✅ 0 взято | 🗑️ 0 мусор
2026-05-20 02:46:51,539 | INFO     |   → 330/927: ✅ 0 взято | 🗑️ 0 мусор
2026-05-20 02:46:51,539 | INFO     |   → 331/927: ✅ 0 взято | 🗑️ 0 мусор
2026-05-20 02:46:51,539 | INFO     |   → 332/927 ❌ HTTP 404 — https://raw.githubusercontent.com/10ium/MihomoSaz/main/Sublist/shatakvpn.yaml4_Sub.txt
2026-05-20 02:46:51,539 | INFO     |   → 333/927: ✅ 0 взято | 🗑️ 0 мусор
2026-05-20 02:46:51,539 | INFO     |   → 334/927: ✅ 0 взято | 🗑️ 0 мусор
2026-05-20 02:46:51,539 | INFO     |   → 335/927: ✅ 12 взято | 🗑️ 38 мусор
2026-05-20 02:46:51,539 | INFO     |   → 336/927: ✅ 0 взято | 🗑️ 0 мусор
2026-05-20 02:46:51,539 | INFO     |   → 337/927: ✅ 0 взято | 🗑️ 0 мусор
2026-05-20 02:46:51,539 | INFO     |   → 338/927: ✅ 11 взято | 🗑️ 399 мусор
2026-05-20 02:46:51,539 | INFO     |   → 339/927: ✅ 0 взято | 🗑️ 0 мусор
2026-05-20 02:46:51,539 | INFO     |   → 340/927 ❌ HTTP 404 — https://raw.githubusercontent.com/9Fork/openit/main/Clash.yaml
2026-05-20 02:46:51,539 | INFO     |   → 341/927: ✅ 100 взято | 🗑️ 381 мусор
2026-05-20 02:46:51,540 | INFO     |   → 342/927: ✅ 0 взято | 🗑️ 381 мусор
2026-05-20 02:46:51,540 | INFO     |   → 343/927: ✅ 19 взято | 🗑️ 81 мусор
2026-05-20 02:46:51,540 | INFO     |   → 344/927: ✅ 11 взято | 🗑️ 87 мусор
2026-05-20 02:46:51,540 | INFO     |   → 345/927: ✅ 27 взято | 🗑️ 73 мусор
2026-05-20 02:46:51,540 | INFO     |   → 346/927: ✅ 13 взято | 🗑️ 75 мусор
2026-05-20 02:46:51,540 | INFO     |   → 347/927: ✅ 10 взято | 🗑️ 83 мусор
2026-05-20 02:46:51,540 | INFO     |   → 348/927: ✅ 12 взято | 🗑️ 86 мусор
2026-05-20 02:46:51,540 | INFO     |   → 349/927: ✅ 11 взято | 🗑️ 87 мусор
2026-05-20 02:46:51,540 | INFO     |   → 350/927: ✅ 11 взято | 🗑️ 80 мусор
2026-05-20 02:46:51,540 | INFO     |   → 351/927: ✅ 9 взято | 🗑️ 82 мусор
2026-05-20 02:46:51,540 | INFO     |   → 352/927: ✅ 69 взято | 🗑️ 3 мусор
2026-05-20 02:46:51,540 | INFO     |   → 353/927: ✅ 3 взято | 🗑️ 75 мусор
2026-05-20 02:46:51,540 | INFO     |   → 354/927: ✅ 4 взято | 🗑️ 69 мусор
2026-05-20 02:46:51,540 | INFO     |   → 355/927: ✅ 4 взято | 🗑️ 80 мусор
2026-05-20 02:46:51,540 | INFO     |   → 356/927: ✅ 6 взято | 🗑️ 81 мусор
2026-05-20 02:46:51,540 | INFO     |   → 357/927: ✅ 5 взято | 🗑️ 79 мусор
2026-05-20 02:46:51,540 | INFO     |   → 358/927: ✅ 11 взято | 🗑️ 78 мусор
2026-05-20 02:46:51,540 | INFO     |   → 359/927: ✅ 3 взято | 🗑️ 83 мусор
2026-05-20 02:46:51,540 | INFO     |   → 360/927: ✅ 14 взято | 🗑️ 76 мусор
2026-05-20 02:46:51,540 | INFO     |   → 361/927: ✅ 12 взято | 🗑️ 78 мусор
2026-05-20 02:46:51,540 | INFO     |   → 362/927: ✅ 26 взято | 🗑️ 218 мусор
2026-05-20 02:46:51,540 | INFO     |   → 363/927: ✅ 44 взято | 🗑️ 141 мусор
2026-05-20 02:46:51,540 | INFO     |   → 364/927: ✅ 10 взято | 🗑️ 71 мусор
2026-05-20 02:46:51,540 | INFO     |   → 365/927: ✅ 2 взято | 🗑️ 88 мусор
2026-05-20 02:46:51,540 | INFO     |   → 366/927: ✅ 0 взято | 🗑️ 3 мусор
2026-05-20 02:46:51,541 | INFO     |   → 367/927: ✅ 14 взято | 🗑️ 4 мусор
2026-05-20 02:46:51,541 | INFO     |   → 368/927: ✅ 634 взято | 🗑️ 2543 мусор
2026-05-20 02:46:51,541 | INFO     |   → 369/927 ❌ HTTP 404 — https://raw.githubusercontent.com/Alvin9999/pac2/master/clash/1/config.yaml
2026-05-20 02:46:51,541 | INFO     |   → 370/927 ❌ HTTP 404 — https://raw.githubusercontent.com/AmirHDevo/temp2/7f15e7ddb311a6f8c5ab338bd1af0e1f2136a84b/configs.txt
2026-05-20 02:46:51,541 | INFO     |   → 371/927: ✅ 5 взято | 🗑️ 114 мусор
2026-05-20 02:46:51,541 | INFO     |   → 372/927: ✅ 1657 взято | 🗑️ 28804 мусор
2026-05-20 02:46:51,541 | INFO     |   → 373/927: ✅ 5 взято | 🗑️ 47 мусор
2026-05-20 02:46:51,541 | INFO     |   → 374/927: ✅ 4 взято | 🗑️ 57 мусор
2026-05-20 02:46:51,541 | INFO     |   → 375/927: ✅ 21 взято | 🗑️ 107 мусор
2026-05-20 02:46:51,541 | INFO     |   → 376/927: ✅ 78 взято | 🗑️ 347 мусор
2026-05-20 02:46:51,541 | INFO     |   → 377/927: ✅ 0 взято | 🗑️ 1373 мусор
2026-05-20 02:46:51,541 | INFO     |   → 378/927: ✅ 339 взято | 🗑️ 1542 мусор
2026-05-20 02:46:51,541 | INFO     |   → 379/927: ✅ 0 взято | 🗑️ 6 мусор
2026-05-20 02:46:51,541 | INFO     |   → 380/927: ✅ 0 взято | 🗑️ 0 мусор
2026-05-20 02:46:51,541 | INFO     |   → 381/927: ✅ 1 взято | 🗑️ 235 мусор
2026-05-20 02:46:51,541 | INFO     |   → 382/927: ✅ 0 взято | 🗑️ 16 мусор
2026-05-20 02:46:51,541 | INFO     |   → 383/927: ✅ 0 взято | 🗑️ 0 мусор
2026-05-20 02:46:51,541 | INFO     |   → 384/927: ✅ 0 взято | 🗑️ 14 мусор
2026-05-20 02:46:51,541 | INFO     |   → 385/927: ✅ 0 взято | 🗑️ 0 мусор
2026-05-20 02:46:51,541 | INFO     |   → 386/927: ✅ 0 взято | 🗑️ 17 мусор
2026-05-20 02:46:51,541 | INFO     |   → 387/927: ✅ 0 взято | 🗑️ 0 мусор
2026-05-20 02:46:51,541 | INFO     |   → 388/927: ✅ 1 взято | 🗑️ 12 мусор
2026-05-20 02:46:51,541 | INFO     |   → 389/927: ✅ 0 взято | 🗑️ 0 мусор
2026-05-20 02:46:51,541 | INFO     |   → 390/927: ✅ 0 взято | 🗑️ 17 мусор
2026-05-20 02:46:51,541 | INFO     |   → 391/927: ✅ 0 взято | 🗑️ 0 мусор
2026-05-20 02:46:51,542 | INFO     |   → 392/927: ✅ 0 взято | 🗑️ 17 мусор
2026-05-20 02:46:51,542 | INFO     |   → 393/927: ✅ 0 взято | 🗑️ 0 мусор
2026-05-20 02:46:51,542 | INFO     |   → 394/927: ✅ 0 взято | 🗑️ 161 мусор
2026-05-20 02:46:51,542 | INFO     |   → 395/927: ✅ 0 взято | 🗑️ 0 мусор
2026-05-20 02:46:51,542 | INFO     |   → 396/927: ✅ 5 взято | 🗑️ 76 мусор
2026-05-20 02:46:51,542 | INFO     |   → 397/927: ✅ 80 взято | 🗑️ 1110 мусор
2026-05-20 02:46:51,542 | INFO     |   → 398/927: ✅ 5 взято | 🗑️ 13 мусор
2026-05-20 02:46:51,542 | INFO     |   → 399/927 ❌ HTTP 404 — https://raw.githubusercontent.com/Epodonios/bulk-xray-v2ray-vless-vmess-...-configs/main/sub/Austria/config.txt
2026-05-20 02:46:51,542 | INFO     |   → 400/927 ❌ HTTP 404 — https://raw.githubusercontent.com/Epodonios/bulk-xray-v2ray-vless-vmess-...-configs/main/sub/Canada/config.txt
2026-05-20 02:46:51,542 | INFO     |   → 401/927 ❌ HTTP 404 — https://raw.githubusercontent.com/Epodonios/bulk-xray-v2ray-vless-vmess-...-configs/main/sub/Costa%20Rica/config.txt
2026-05-20 02:46:51,542 | INFO     |   → 402/927 ❌ HTTP 404 — https://raw.githubusercontent.com/Epodonios/bulk-xray-v2ray-vless-vmess-...-configs/main/sub/France/config.txt
2026-05-20 02:46:51,542 | INFO     |   → 403/927 ❌ HTTP 404 — https://raw.githubusercontent.com/Epodonios/bulk-xray-v2ray-vless-vmess-...-configs/main/sub/Germany/config.txt
2026-05-20 02:46:51,542 | INFO     |   → 404/927 ❌ HTTP 404 — https://raw.githubusercontent.com/Epodonios/bulk-xray-v2ray-vless-vmess-...-configs/main/sub/Indonesia/config.txt
2026-05-20 02:46:51,542 | INFO     |   → 405/927 ❌ HTTP 404 — https://raw.githubusercontent.com/Epodonios/bulk-xray-v2ray-vless-vmess-...-configs/main/sub/Ireland/config.txt
2026-05-20 02:46:51,542 | INFO     |   → 406/927 ❌ HTTP 404 — https://raw.githubusercontent.com/Epodonios/bulk-xray-v2ray-vless-vmess-...-configs/main/sub/Republic%20of%20Lithuania/config.txt
2026-05-20 02:46:51,542 | INFO     |   → 407/927 ❌ HTTP 404 — https://raw.githubusercontent.com/Epodonios/bulk-xray-v2ray-vless-vmess-...-configs/main/sub/South%20Africa/config.txt
2026-05-20 02:46:51,542 | INFO     |   → 408/927 ❌ HTTP 404 — https://raw.githubusercontent.com/Epodonios/bulk-xray-v2ray-vless-vmess-...-configs/main/sub/Sweden/config.txt
2026-05-20 02:46:51,542 | INFO     |   → 409/927 ❌ HTTP 404 — https://raw.githubusercontent.com/Epodonios/bulk-xray-v2ray-vless-vmess-...-configs/main/sub/Turkey/config.txt
2026-05-20 02:46:51,542 | INFO     |   → 410/927 ❌ HTTP 404 — https://raw.githubusercontent.com/Epodonios/bulk-xray-v2ray-vless-vmess-...-configs/main/sub/United%20Arab%20Emirates/config.txt
2026-05-20 02:46:51,542 | INFO     |   → 411/927 ❌ HTTP 404 — https://raw.githubusercontent.com/Epodonios/bulk-xray-v2ray-vless-vmess-...-configs/main/sub/United%20Kingdom/config.txt
2026-05-20 02:46:51,542 | INFO     |   → 412/927 ❌ HTTP 404 — https://raw.githubusercontent.com/Epodonios/bulk-xray-v2ray-vless-vmess-...-configs/main/sub/United%20States/config.txt
2026-05-20 02:46:51,542 | INFO     |   → 413/927: ✅ 357 взято | 🗑️ 3920 мусор
2026-05-20 02:46:51,542 | INFO     |   → 414/927 ❌ HTTP 404 — https://raw.githubusercontent.com/Epodonios/v2ray-configs/main/Splitted-By-Protocol/mix.txt
2026-05-20 02:46:51,542 | INFO     |   → 415/927: ✅ 0 взято | 🗑️ 328 мусор
2026-05-20 02:46:51,543 | INFO     |   → 416/927: ✅ 0 взято | 🗑️ 0 мусор
2026-05-20 02:46:51,543 | INFO     |   → 417/927: ✅ 2 взято | 🗑️ 235 мусор
2026-05-20 02:46:51,543 | INFO     |   → 418/927: ✅ 24 взято | 🗑️ 2763 мусор
2026-05-20 02:46:51,543 | INFO     |   → 419/927: ✅ 1 взято | 🗑️ 613 мусор
2026-05-20 02:46:51,543 | INFO     |   → 420/927 ❌ HTTP 404 — https://raw.githubusercontent.com/Epodonios/v2ray-configs/raw/main/Splitted-By-Protocol/trojan.txt
2026-05-20 02:46:51,543 | INFO     |   → 421/927 ❌ HTTP 404 — https://raw.githubusercontent.com/Epodonios/v2ray-configs/raw/main/Splitted-By-Protocol/vmess.txt
2026-05-20 02:46:51,543 | INFO     |   → 422/927: ✅ 0 взято | 🗑️ 328 мусор
2026-05-20 02:46:51,543 | INFO     |   → 423/927: ✅ 0 взято | 🗑️ 0 мусор
2026-05-20 02:46:51,543 | INFO     |   → 424/927: ✅ 0 взято | 🗑️ 235 мусор
2026-05-20 02:46:51,543 | INFO     |   → 425/927: ✅ 0 взято | 🗑️ 2763 мусор
2026-05-20 02:46:51,543 | INFO     |   → 426/927: ✅ 0 взято | 🗑️ 613 мусор
2026-05-20 02:46:51,543 | INFO     |   → 427/927 ❌ HTTP 404 — https://raw.githubusercontent.com/Fido6/FreeNodes/57221e59caddde55ffdda21d491ae952cd608049/nodes/halekj.txt
2026-05-20 02:46:51,543 | INFO     |   → 428/927 ❌ HTTP 404 — https://raw.githubusercontent.com/Fido6/FreeNodes/57221e59caddde55ffdda21d491ae952cd608049/nodes/kkzui.txt
2026-05-20 02:46:51,543 | INFO     |   → 429/927 ❌ HTTP 404 — https://raw.githubusercontent.com/Fido6/FreeNodes/57221e59caddde55ffdda21d491ae952cd608049/nodes/wenode.txt
2026-05-20 02:46:51,543 | INFO     |   → 430/927: ✅ 0 взято | 🗑️ 0 мусор
2026-05-20 02:46:51,543 | INFO     |   → 431/927: ✅ 0 взято | 🗑️ 17 мусор
2026-05-20 02:46:51,543 | INFO     |   → 432/927: ✅ 14 взято | 🗑️ 250 мусор
2026-05-20 02:46:51,543 | INFO     |   → 433/927: ✅ 1 взято | 🗑️ 8 мусор
2026-05-20 02:46:51,543 | INFO     |   → 434/927: ✅ 1 взято | 🗑️ 17 мусор
2026-05-20 02:46:51,543 | INFO     |   → 435/927: ✅ 4 взято | 🗑️ 11 мусор
2026-05-20 02:46:51,543 | INFO     |   → 436/927: ✅ 0 взято | 🗑️ 0 мусор
2026-05-20 02:46:51,543 | INFO     |   → 437/927: ✅ 0 взято | 🗑️ 137 мусор
2026-05-20 02:46:51,543 | INFO     |   → 438/927: ✅ 0 взято | 🗑️ 32 мусор
2026-05-20 02:46:51,543 | INFO     |   → 439/927: ✅ 2 взято | 🗑️ 19 мусор
2026-05-20 02:46:51,544 | INFO     |   → 440/927: ✅ 0 взято | 🗑️ 43 мусор
2026-05-20 02:46:51,544 | INFO     |   → 441/927: ✅ 0 взято | 🗑️ 43 мусор
2026-05-20 02:46:51,544 | INFO     |   → 442/927 ❌ HTTP 404 — https://raw.githubusercontent.com/Iran-v2ray/v2ray/main/v2ray
2026-05-20 02:46:51,544 | INFO     |   → 443/927: ✅ 0 взято | 🗑️ 1 мусор
2026-05-20 02:46:51,544 | INFO     |   → 444/927: ✅ 0 взято | 🗑️ 1 мусор
2026-05-20 02:46:51,544 | INFO     |   → 445/927: ✅ 0 взято | 🗑️ 28 мусор
2026-05-20 02:46:51,544 | INFO     |   → 446/927: ✅ 14 взято | 🗑️ 282 мусор
2026-05-20 02:46:51,544 | INFO     |   → 447/927: ✅ 0 взято | 🗑️ 94 мусор
2026-05-20 02:46:51,544 | INFO     |   → 448/927: ✅ 0 взято | 🗑️ 0 мусор
2026-05-20 02:46:51,544 | INFO     |   → 449/927: ✅ 0 взято | 🗑️ 0 мусор
2026-05-20 02:46:51,544 | INFO     |   → 450/927 ❌ HTTP 404 — https://raw.githubusercontent.com/Kwinshadow/TelegramV2rayCollector/raw/refs/heads/main/sublinks/mix.txt
2026-05-20 02:46:51,544 | INFO     |   → 451/927 ❌ HTTP 404 — https://raw.githubusercontent.com/LalatinaHub/Mineral/raw/refs/heads/master/result/nodes
2026-05-20 02:46:51,544 | INFO     |   → 452/927 ❌ HTTP 404 — https://raw.githubusercontent.com/Leon406/SubCrawler/main/sub/share/all3
2026-05-20 02:46:51,544 | INFO     |   → 453/927 ❌ HTTP 404 — https://raw.githubusercontent.com/Leon406/SubCrawler/main/sub/share/all4
2026-05-20 02:46:51,544 | INFO     |   → 454/927: ✅ 4 взято | 🗑️ 335 мусор
2026-05-20 02:46:51,544 | INFO     |   → 455/927: ✅ 0 взято | 🗑️ 33 мусор
2026-05-20 02:46:51,544 | INFO     |   → 456/927: ✅ 0 взято | 🗑️ 6 мусор
2026-05-20 02:46:51,544 | INFO     |   → 457/927: ✅ 0 взято | 🗑️ 147 мусор
2026-05-20 02:46:51,544 | INFO     |   → 458/927 ❌ HTTP 404 — https://raw.githubusercontent.com/M-Mashreghi/free-config-collector/main/Splitted-By-Protocol/ssr.txt
2026-05-20 02:46:51,544 | INFO     |   → 459/927: ✅ 139 взято | 🗑️ 114 мусор
2026-05-20 02:46:51,544 | INFO     |   → 460/927: ✅ 126 взято | 🗑️ 137 мусор
2026-05-20 02:46:51,544 | INFO     |   → 461/927: ✅ 0 взято | 🗑️ 12 мусор
2026-05-20 02:46:51,544 | INFO     |   → 462/927: ✅ 0 взято | 🗑️ 1 мусор
2026-05-20 02:46:51,544 | INFO     |   → 463/927: ✅ 15 взято | 🗑️ 424 мусор
2026-05-20 02:46:51,545 | INFO     |   → 464/927: ✅ 0 взято | 🗑️ 424 мусор
2026-05-20 02:46:51,545 | INFO     |   → 465/927 ❌ HTTP 404 — https://raw.githubusercontent.com/MatinGhanbari/v2ray-configs/main/subscriptions/filtered/subs/hy2.txt
2026-05-20 02:46:51,545 | INFO     |   → 466/927: ✅ 30 взято | 🗑️ 1567 мусор
2026-05-20 02:46:51,545 | INFO     |   → 467/927 ❌ HTTP 404 — https://raw.githubusercontent.com/MatinGhanbari/v2ray-configs/main/subscriptions/filtered/subs/ssr.txt
2026-05-20 02:46:51,545 | INFO     |   → 468/927: ✅ 55 взято | 🗑️ 474 мусор
2026-05-20 02:46:51,545 | INFO     |   → 469/927 ❌ HTTP 404 — https://raw.githubusercontent.com/MatinGhanbari/v2ray-configs/main/subscriptions/filtered/subs/tuic.txt
2026-05-20 02:46:51,545 | INFO     |   → 470/927: ✅ 11 взято | 🗑️ 242 мусор
2026-05-20 02:46:51,545 | INFO     |   → 471/927: ✅ 227 взято | 🗑️ 1324 мусор
2026-05-20 02:46:51,545 | INFO     |   → 472/927: ✅ 0 взято | 🗑️ 2 мусор
2026-05-20 02:46:51,545 | INFO     |   → 473/927: ✅ 73 взято | 🗑️ 719 мусор
2026-05-20 02:46:51,545 | INFO     |   → 474/927: ✅ 0 взято | 🗑️ 366 мусор
2026-05-20 02:46:51,545 | INFO     |   → 475/927: ✅ 0 взято | 🗑️ 366 мусор
2026-05-20 02:46:51,545 | INFO     |   → 476/927: ✅ 0 взято | 🗑️ 14 мусор
2026-05-20 02:46:51,545 | INFO     |   → 477/927: ✅ 0 взято | 🗑️ 2 мусор
2026-05-20 02:46:51,545 | INFO     |   → 478/927: ✅ 0 взято | 🗑️ 272 мусор
2026-05-20 02:46:51,545 | INFO     |   → 479/927: ✅ 0 взято | 🗑️ 73 мусор
2026-05-20 02:46:51,545 | INFO     |   → 480/927 ❌ HTTP 404 — https://raw.githubusercontent.com/MhdiTaheri/V2rayCollector/raw/refs/heads/main/sub/mix
2026-05-20 02:46:51,545 | INFO     |   → 481/927: ✅ 53 взято | 🗑️ 267 мусор
2026-05-20 02:46:51,545 | INFO     |   → 482/927 ❌ HTTP 404 — https://raw.githubusercontent.com/MhdiTaheri/V2rayCollector_Py/raw/refs/heads/main/sub/Mix/mix.txt
2026-05-20 02:46:51,545 | INFO     |   → 483/927: ✅ 0 взято | 🗑️ 0 мусор
2026-05-20 02:46:51,545 | INFO     |   → 484/927: ✅ 43 взято | 🗑️ 217 мусор
2026-05-20 02:46:51,545 | INFO     |   → 485/927: ✅ 0 взято | 🗑️ 31 мусор
2026-05-20 02:46:51,545 | INFO     |   → 486/927: ✅ 93 взято | 🗑️ 282 мусор
2026-05-20 02:46:51,545 | INFO     |   → 487/927: ✅ 0 взято | 🗑️ 26 мусор
2026-05-20 02:46:51,545 | INFO     |   → 488/927 ❌ HTTP 404 — https://raw.githubusercontent.com/MrMohebi/xray-proxy-grabber-telegram/master/collected-proxies/clash-meta/all.yaml
2026-05-20 02:46:51,546 | INFO     |   → 489/927 ❌ HTTP 404 — https://raw.githubusercontent.com/MrMohebi/xray-proxy-grabber-telegram/master/collected-proxies/row-url/actives.txt
2026-05-20 02:46:51,546 | INFO     |   → 490/927 ❌ HTTP 404 — https://raw.githubusercontent.com/MrMohebi/xray-proxy-grabber-telegram/master/collected-proxies/row-url/all.txt
2026-05-20 02:46:51,546 | INFO     |   → 491/927: ✅ 0 взято | 🗑️ 13 мусор
2026-05-20 02:46:51,546 | INFO     |   → 492/927: ✅ 0 взято | 🗑️ 13 мусор
2026-05-20 02:46:51,546 | INFO     |   → 493/927: ✅ 5 взято | 🗑️ 15 мусор
2026-05-20 02:46:51,546 | INFO     |   → 494/927: ✅ 0 взято | 🗑️ 30 мусор
2026-05-20 02:46:51,546 | INFO     |   → 495/927: ✅ 0 взято | 🗑️ 15 мусор
2026-05-20 02:46:51,546 | INFO     |   → 496/927: ✅ 66 взято | 🗑️ 123 мусор
2026-05-20 02:46:51,546 | INFO     |   → 497/927: ✅ 175 взято | 🗑️ 582 мусор
2026-05-20 02:46:51,546 | INFO     |   → 498/927: ✅ 0 взято | 🗑️ 0 мусор
2026-05-20 02:46:51,546 | INFO     |   → 499/927 ❌ HTTP 404 — https://raw.githubusercontent.com/OpenCNLink/freevpn/3cfcff048bfdd1493ccffa52ecf30ce7f9fc6b28/src/list/vmess.txt
2026-05-20 02:46:51,546 | INFO     |   → 500/927 ❌ HTTP 404 — https://raw.githubusercontent.com/Pawdro/Collection/main/sub
2026-05-20 02:46:51,546 | INFO     |   → 501/927: ✅ 0 взято | 🗑️ 19 мусор
2026-05-20 02:46:51,546 | INFO     |   → 502/927: ✅ 0 взято | 🗑️ 19 мусор
2026-05-20 02:46:51,546 | INFO     |   → 503/927: ✅ 0 взято | 🗑️ 0 мусор
2026-05-20 02:46:51,546 | INFO     |   → 504/927: ✅ 0 взято | 🗑️ 0 мусор
2026-05-20 02:46:51,546 | INFO     |   → 505/927: ✅ 0 взято | 🗑️ 50 мусор
2026-05-20 02:46:51,546 | INFO     |   → 506/927: ✅ 5 взято | 🗑️ 206 мусор
2026-05-20 02:46:51,546 | INFO     |   → 507/927: ✅ 21 взято | 🗑️ 138 мусор
2026-05-20 02:46:51,546 | INFO     |   → 508/927: ✅ 23 взято | 🗑️ 89 мусор
2026-05-20 02:46:51,546 | INFO     |   → 509/927: ✅ 9 взято | 🗑️ 85 мусор
2026-05-20 02:46:51,546 | INFO     |   → 510/927: ✅ 0 взято | 🗑️ 129 мусор
2026-05-20 02:46:51,546 | INFO     |   → 511/927: ✅ 0 взято | 🗑️ 81 мусор
2026-05-20 02:46:51,546 | INFO     |   → 512/927 ❌ HTTP 404 — https://raw.githubusercontent.com/STR97/STRUGOV/refs/heads/main/STR.BYPASS
2026-05-20 02:46:51,546 | INFO     |   → 513/927: ✅ 4 взято | 🗑️ 34 мусор
2026-05-20 02:46:51,547 | INFO     |   → 514/927: ✅ 11 взято | 🗑️ 16 мусор
2026-05-20 02:46:51,547 | INFO     |   → 515/927: ✅ 0 взято | 🗑️ 16 мусор
2026-05-20 02:46:51,547 | INFO     |   → 516/927: ✅ 0 взято | 🗑️ 27 мусор
2026-05-20 02:46:51,547 | INFO     |   → 517/927: ✅ 140 взято | 🗑️ 1153 мусор
2026-05-20 02:46:51,547 | INFO     |   → 518/927: ✅ 29 взято | 🗑️ 54 мусор
2026-05-20 02:46:51,547 | INFO     |   → 519/927: ✅ 0 взято | 🗑️ 1 мусор
2026-05-20 02:46:51,547 | INFO     |   → 520/927: ✅ 0 взято | 🗑️ 1 мусор
2026-05-20 02:46:51,547 | INFO     |   → 521/927: ✅ 2 взято | 🗑️ 1 мусор
2026-05-20 02:46:51,547 | INFO     |   → 522/927: ✅ 0 взято | 🗑️ 1 мусор
2026-05-20 02:46:51,547 | INFO     |   → 523/927: ✅ 0 взято | 🗑️ 1 мусор
2026-05-20 02:46:51,547 | INFO     |   → 524/927: ✅ 4 взято | 🗑️ 291 мусор
2026-05-20 02:46:51,547 | INFO     |   → 525/927: ✅ 0 взято | 🗑️ 119 мусор
2026-05-20 02:46:51,547 | INFO     |   → 526/927: ✅ 0 взято | 🗑️ 0 мусор
2026-05-20 02:46:51,547 | INFO     |   → 527/927 ❌ HTTP 404 — https://raw.githubusercontent.com/V2RAYCONFIGSPOOL/V2RAY_SUB/main/V2RAY_SUB.txt
2026-05-20 02:46:51,547 | INFO     |   → 528/927: ✅ 34 взято | 🗑️ 93 мусор
2026-05-20 02:46:51,547 | INFO     |   → 529/927: ✅ 19 взято | 🗑️ 76 мусор
2026-05-20 02:46:51,547 | INFO     |   → 530/927: ✅ 0 взято | 🗑️ 0 мусор
2026-05-20 02:46:51,547 | INFO     |   → 531/927: ✅ 0 взято | 🗑️ 76 мусор
2026-05-20 02:46:51,547 | INFO     |   → 532/927: ✅ 58 взято | 🗑️ 348 мусор
2026-05-20 02:46:51,547 | INFO     |   → 533/927: ✅ 1 взято | 🗑️ 231 мусор
2026-05-20 02:46:51,548 | INFO     |   → 534/927: ✅ 0 взято | 🗑️ 17 мусор
2026-05-20 02:46:51,548 | INFO     |   → 535/927: ✅ 1 взято | 🗑️ 83 мусор
2026-05-20 02:46:51,548 | INFO     |   → 536/927: ✅ 0 взято | 🗑️ 16 мусор
2026-05-20 02:46:51,548 | INFO     |   → 537/927: ✅ 0 взято | 🗑️ 16 мусор
2026-05-20 02:46:51,548 | INFO     |   → 538/927 ❌ HTTP 404 — https://raw.githubusercontent.com/aiboboxx/clashfree/main/clash.yml
2026-05-20 02:46:51,548 | INFO     |   → 539/927 ❌ HTTP 404 — https://raw.githubusercontent.com/aiboboxx/v2rayfree/main/v2
2026-05-20 02:46:51,548 | INFO     |   → 540/927 ❌ HTTP 404 — https://raw.githubusercontent.com/amirmohammad-mohammad-88/Sub-Reality-Azadi-config/Config/Azadi-Reality-Different
2026-05-20 02:46:51,548 | INFO     |   → 541/927 ❌ HTTP 404 — https://raw.githubusercontent.com/amirmohammad-mohammad-88/Sub-Reality-Azadi-config/Config/Azadi-Reality-Different-Base64
2026-05-20 02:46:51,548 | INFO     |   → 542/927: ✅ 1 взято | 🗑️ 17 мусор
2026-05-20 02:46:51,548 | INFO     |   → 543/927: ✅ 0 взято | 🗑️ 0 мусор
2026-05-20 02:46:51,548 | INFO     |   → 544/927: ✅ 4 взято | 🗑️ 114 мусор
2026-05-20 02:46:51,548 | INFO     |   → 545/927: ✅ 21 взято | 🗑️ 63 мусор
2026-05-20 02:46:51,548 | INFO     |   → 546/927 ❌ HTTP 404 — https://raw.githubusercontent.com/awesome-vpn/awesome-vpn/master/ss
2026-05-20 02:46:51,548 | INFO     |   → 547/927 ❌ HTTP 404 — https://raw.githubusercontent.com/awesome-vpn/awesome-vpn/master/ssr
2026-05-20 02:46:51,548 | INFO     |   → 548/927: ✅ 0 взято | 🗑️ 0 мусор
2026-05-20 02:46:51,548 | INFO     |   → 549/927: ✅ 1 взято | 🗑️ 22 мусор
2026-05-20 02:46:51,548 | INFO     |   → 550/927: ✅ 0 взято | 🗑️ 172 мусор
2026-05-20 02:46:51,548 | INFO     |   → 551/927 ❌ HTTP 404 — https://raw.githubusercontent.com/barry-far/V2ray-Configs/ced94ddfff48276ec365b40227561f36b1b64bc8/Sub5.txt
2026-05-20 02:46:51,548 | INFO     |   → 552/927 ❌ HTTP 404 — https://raw.githubusercontent.com/barry-far/V2ray-Configs/main/Splitted-By-Protocol/hysteria2.txt
2026-05-20 02:46:51,548 | INFO     |   → 553/927 ❌ HTTP 404 — https://raw.githubusercontent.com/barry-far/V2ray-Configs/main/Splitted-By-Protocol/vless.txt
2026-05-20 02:46:51,548 | INFO     |   → 554/927 ❌ HTTP 404 — https://raw.githubusercontent.com/barry-far/V2ray-Configs/main/Sub1.txt
2026-05-20 02:46:51,548 | INFO     |   → 555/927 ❌ HTTP 404 — https://raw.githubusercontent.com/barry-far/V2ray-Configs/refs/heads/main/All_Configs_Sub.txt
2026-05-20 02:46:51,548 | INFO     |   → 556/927: ✅ 0 взято | 🗑️ 0 мусор
2026-05-20 02:46:51,548 | INFO     |   → 557/927 ❌ HTTP 404 — https://raw.githubusercontent.com/budamu/clashconfig/main/v2ray.txt
2026-05-20 02:46:51,548 | INFO     |   → 558/927 ❌ HTTP 404 — https://raw.githubusercontent.com/budamu/clashconfig/main/v2ray2.txt
2026-05-20 02:46:51,549 | INFO     |   → 559/927: ✅ 0 взято | 🗑️ 0 мусор
2026-05-20 02:46:51,549 | INFO     |   → 560/927: ✅ 0 взято | 🗑️ 442 мусор
2026-05-20 02:46:51,549 | INFO     |   → 561/927: ✅ 0 взято | 🗑️ 0 мусор
2026-05-20 02:46:51,549 | INFO     |   → 562/927 ❌ HTTP 404 — https://raw.githubusercontent.com/chxxyz2004/zd/17fca23b73c46b5dd73e9be49b14d219b5e5f836/sub/2401/240110.txt
2026-05-20 02:46:51,549 | INFO     |   → 563/927: ✅ 0 взято | 🗑️ 44 мусор
2026-05-20 02:46:51,549 | INFO     |   → 564/927: ✅ 236 взято | 🗑️ 517 мусор
2026-05-20 02:46:51,549 | INFO     |   → 565/927 ❌ HTTP 404 — https://raw.githubusercontent.com/cxr9912/cxr2022/main/free.yaml
2026-05-20 02:46:51,549 | INFO     |   → 566/927 ❌ HTTP 404 — https://raw.githubusercontent.com/cxr9912/cxr2022/main/mix.yaml
2026-05-20 02:46:51,549 | INFO     |   → 567/927 ❌ HTTP 404 — https://raw.githubusercontent.com/cxr9912/cxr2022/main/ss.yaml
2026-05-20 02:46:51,549 | INFO     |   → 568/927 ❌ HTTP 404 — https://raw.githubusercontent.com/cxr9912/cxr2022/main/ssr.yaml
2026-05-20 02:46:51,549 | INFO     |   → 569/927 ❌ HTTP 404 — https://raw.githubusercontent.com/cxr9912/cxr2022/main/vmess.yaml
2026-05-20 02:46:51,549 | INFO     |   → 570/927 ❌ HTTP 404 — https://raw.githubusercontent.com/cxr9912/cxr2022/refs/heads/main/18cj.json
2026-05-20 02:46:51,549 | INFO     |   → 571/927 ❌ HTTP 404 — https://raw.githubusercontent.com/cxr9912/cxr2022/refs/heads/main/aaaaaaaa.yaml
2026-05-20 02:46:51,549 | INFO     |   → 572/927 ❌ HTTP 404 — https://raw.githubusercontent.com/cxr9912/cxr2022/refs/heads/main/free.yaml
2026-05-20 02:46:51,549 | INFO     |   → 573/927 ❌ HTTP 404 — https://raw.githubusercontent.com/cxr9912/cxr2022/refs/heads/main/ss2088.txt
2026-05-20 02:46:51,549 | INFO     |   → 574/927: ✅ 0 взято | 🗑️ 18 мусор
2026-05-20 02:46:51,549 | INFO     |   → 575/927: ✅ 0 взято | 🗑️ 18 мусор
2026-05-20 02:46:51,549 | INFO     |   → 576/927: ✅ 6 взято | 🗑️ 78 мусор
2026-05-20 02:46:51,549 | INFO     |   → 577/927: ✅ 6 взято | 🗑️ 4 мусор
2026-05-20 02:46:51,549 | INFO     |   → 578/927: ✅ 0 взято | 🗑️ 2 мусор
2026-05-20 02:46:51,549 | INFO     |   → 579/927: ✅ 0 взято | 🗑️ 2 мусор
2026-05-20 02:46:51,549 | INFO     |   → 580/927: ✅ 0 взято | 🗑️ 2 мусор
2026-05-20 02:46:51,549 | INFO     |   → 581/927: ✅ 0 взято | 🗑️ 3 мусор
2026-05-20 02:46:51,549 | INFO     |   → 582/927: ✅ 0 взято | 🗑️ 2 мусор
2026-05-20 02:46:51,549 | INFO     |   → 583/927: ✅ 0 взято | 🗑️ 9 мусор
2026-05-20 02:46:51,550 | INFO     |   → 584/927: ✅ 1 взято | 🗑️ 1 мусор
2026-05-20 02:46:51,550 | INFO     |   → 585/927: ✅ 0 взято | 🗑️ 10 мусор
2026-05-20 02:46:51,550 | INFO     |   → 586/927: ✅ 0 взято | 🗑️ 2 мусор
2026-05-20 02:46:51,550 | INFO     |   → 587/927: ✅ 0 взято | 🗑️ 0 мусор
2026-05-20 02:46:51,550 | INFO     |   → 588/927: ✅ 1908 взято | 🗑️ 38942 мусор
2026-05-20 02:46:51,550 | INFO     |   → 589/927: ✅ 64 взято | 🗑️ 944 мусор
2026-05-20 02:46:51,550 | INFO     |   → 590/927: ✅ 6 взято | 🗑️ 113 мусор
2026-05-20 02:46:51,550 | INFO     |   → 591/927: ✅ 0 взято | 🗑️ 0 мусор
2026-05-20 02:46:51,550 | INFO     |   → 592/927: ✅ 1 взято | 🗑️ 25 мусор
2026-05-20 02:46:51,550 | INFO     |   → 593/927: ✅ 0 взято | 🗑️ 0 мусор
2026-05-20 02:46:51,550 | INFO     |   → 594/927: ✅ 13 взято | 🗑️ 19 мусор
2026-05-20 02:46:51,550 | INFO     |   → 595/927: ✅ 0 взято | 🗑️ 5 мусор
2026-05-20 02:46:51,550 | INFO     |   → 596/927: ✅ 2 взято | 🗑️ 80 мусор
2026-05-20 02:46:51,550 | INFO     |   → 597/927 ❌ HTTP 404 — https://raw.githubusercontent.com/free-nodes/v2rayfree/main/v2
2026-05-20 02:46:51,550 | INFO     |   → 598/927 ❌ HTTP 404 — https://raw.githubusercontent.com/free-v2ray-config/trojan/main/trojan.txt
2026-05-20 02:46:51,550 | INFO     |   → 599/927 ❌ HTTP 404 — https://raw.githubusercontent.com/free-v2ray-config/vless/main/vless.txt
2026-05-20 02:46:51,550 | INFO     |   → 600/927 ❌ HTTP 404 — https://raw.githubusercontent.com/free-v2ray-config/vmess/main/vmess.txt
2026-05-20 02:46:51,550 | INFO     |   → 601/927: ✅ 5 взято | 🗑️ 169 мусор
2026-05-20 02:46:51,550 | INFO     |   → 602/927: ✅ 34 взято | 🗑️ 121 мусор
2026-05-20 02:46:51,550 | INFO     |   → 603/927: ✅ 4 взято | 🗑️ 97 мусор
2026-05-20 02:46:51,550 | INFO     |   → 604/927 ❌ HTTP 404 — https://raw.githubusercontent.com/free18/v2ray/main/Clash.yaml
2026-05-20 02:46:51,550 | INFO     |   → 605/927: ✅ 0 взято | 🗑️ 0 мусор
2026-05-20 02:46:51,550 | INFO     |   → 606/927: ✅ 0 взято | 🗑️ 15 мусор
2026-05-20 02:46:51,550 | INFO     |   → 607/927: ✅ 0 взято | 🗑️ 0 мусор
2026-05-20 02:46:51,550 | INFO     |   → 608/927: ✅ 0 взято | 🗑️ 8 мусор
2026-05-20 02:46:51,551 | INFO     |   → 609/927: ✅ 0 взято | 🗑️ 8 мусор
2026-05-20 02:46:51,551 | INFO     |   → 610/927: ✅ 0 взято | 🗑️ 8 мусор
2026-05-20 02:46:51,551 | INFO     |   → 611/927: ✅ 0 взято | 🗑️ 8 мусор
2026-05-20 02:46:51,551 | INFO     |   → 612/927 ❌ HTTP 404 — https://raw.githubusercontent.com/freev2rayconfig/V2RAY_SUB/3e6a7786a1601ee3723e8d043ae79e70dbdfd9a8/v2rayconfigs.txt
2026-05-20 02:46:51,551 | INFO     |   → 613/927 ❌ HTTP 404 — https://raw.githubusercontent.com/freev2rayconfig/V2RAY_SUBSCRIPTION_LINK/main/v2rayconfigs.txt
2026-05-20 02:46:51,551 | INFO     |   → 614/927 ❌ HTTP 404 — https://raw.githubusercontent.com/gfpcom/free-proxy-list/main/list/http.txt
2026-05-20 02:46:51,551 | INFO     |   → 615/927 ❌ HTTP 404 — https://raw.githubusercontent.com/gfpcom/free-proxy-list/main/list/https.txt
2026-05-20 02:46:51,551 | INFO     |   → 616/927 ❌ HTTP 404 — https://raw.githubusercontent.com/gfpcom/free-proxy-list/main/list/socks4.txt
2026-05-20 02:46:51,551 | INFO     |   → 617/927 ❌ HTTP 404 — https://raw.githubusercontent.com/gfpcom/free-proxy-list/main/list/socks4a.txt
2026-05-20 02:46:51,551 | INFO     |   → 618/927 ❌ HTTP 404 — https://raw.githubusercontent.com/gfpcom/free-proxy-list/main/list/socks5.txt
2026-05-20 02:46:51,551 | INFO     |   → 619/927 ❌ HTTP 404 — https://raw.githubusercontent.com/gfpcom/free-proxy-list/main/list/socks5h.txt
2026-05-20 02:46:51,551 | INFO     |   → 620/927 ❌ HTTP 404 — https://raw.githubusercontent.com/gfpcom/free-proxy-list/main/list/ss.txt
2026-05-20 02:46:51,551 | INFO     |   → 621/927 ❌ HTTP 404 — https://raw.githubusercontent.com/gfpcom/free-proxy-list/main/list/ssr.txt
2026-05-20 02:46:51,551 | INFO     |   → 622/927 ❌ HTTP 404 — https://raw.githubusercontent.com/gfpcom/free-proxy-list/main/list/trojan.txt
2026-05-20 02:46:51,551 | INFO     |   → 623/927 ❌ HTTP 404 — https://raw.githubusercontent.com/gfpcom/free-proxy-list/main/list/vless.txt
2026-05-20 02:46:51,551 | INFO     |   → 624/927 ❌ HTTP 404 — https://raw.githubusercontent.com/gfpcom/free-proxy-list/main/list/vmess.txt
2026-05-20 02:46:51,551 | INFO     |   → 625/927: ✅ 0 взято | 🗑️ 17 мусор
2026-05-20 02:46:51,551 | INFO     |   → 626/927: ✅ 0 взято | 🗑️ 0 мусор
2026-05-20 02:46:51,551 | INFO     |   → 627/927: ✅ 4 взято | 🗑️ 63 мусор
2026-05-20 02:46:51,551 | INFO     |   → 628/927 ❌ HTTP 404 — https://raw.githubusercontent.com/hameed-maleki/TVC/89a4522969c57dcc22458cae9898426e5c4f2679/lite/config.txt
2026-05-20 02:46:51,551 | INFO     |   → 629/927: ✅ 5 взято | 🗑️ 132 мусор
2026-05-20 02:46:51,551 | INFO     |   → 630/927: ✅ 0 взято | 🗑️ 56 мусор
2026-05-20 02:46:51,551 | INFO     |   → 631/927 ❌ HTTP 404 — https://raw.githubusercontent.com/hkaa0/permalink/main/proxy/V2ray
2026-05-20 02:46:51,551 | INFO     |   → 632/927 ❌ HTTP 404 — https://raw.githubusercontent.com/hkaa0/permalink/main/proxy/clash
2026-05-20 02:46:51,552 | INFO     |   → 633/927 ❌ HTTP 404 — https://raw.githubusercontent.com/hkpc/Autoproxy/6cf946ddfc677a29062007e4b47d70674474baa7/sub/2401/240110.txt
2026-05-20 02:46:51,552 | INFO     |   → 634/927 ❌ HTTP 404 — https://raw.githubusercontent.com/hkpc/V2ray-Configs/7d9aa0dabf947af180a7dd6302818ed37950531a/Sub1.txt
2026-05-20 02:46:51,552 | INFO     |   → 635/927: ✅ 0 взято | 🗑️ 14 мусор
2026-05-20 02:46:51,552 | INFO     |   → 636/927: ✅ 16 взято | 🗑️ 16 мусор
2026-05-20 02:46:51,552 | INFO     |   → 637/927 ❌ HTTP 404 — https://raw.githubusercontent.com/iboxz/free-v2ray-collector/main/main
2026-05-20 02:46:51,552 | INFO     |   → 638/927: ✅ 11 взято | 🗑️ 12 мусор
2026-05-20 02:46:51,552 | INFO     |   → 639/927: ✅ 8 взято | 🗑️ 15 мусор
2026-05-20 02:46:51,552 | INFO     |   → 640/927: ✅ 54 взято | 🗑️ 217 мусор
2026-05-20 02:46:51,552 | INFO     |   → 641/927 ❌ HTTP 404 — https://raw.githubusercontent.com/igareck/vpn-configs-for-russia/refs/heads/main/Vless-Reality-White-Lists-Rus-Cable.txt
2026-05-20 02:46:51,552 | INFO     |   → 642/927: ✅ 36 взято | 🗑️ 113 мусор
2026-05-20 02:46:51,552 | INFO     |   → 643/927: ✅ 0 взято | 🗑️ 0 мусор
2026-05-20 02:46:51,552 | INFO     |   → 644/927: ✅ 0 взято | 🗑️ 0 мусор
2026-05-20 02:46:51,552 | INFO     |   → 645/927: ✅ 23 взято | 🗑️ 9 мусор
2026-05-20 02:46:51,552 | INFO     |   → 646/927: ✅ 0 взято | 🗑️ 0 мусор
2026-05-20 02:46:51,552 | INFO     |   → 647/927: ✅ 0 взято | 🗑️ 0 мусор
2026-05-20 02:46:51,552 | INFO     |   → 648/927: ✅ 0 взято | 🗑️ 12 мусор
2026-05-20 02:46:51,552 | INFO     |   → 649/927: ✅ 0 взято | 🗑️ 43 мусор
2026-05-20 02:46:51,552 | INFO     |   → 650/927 ❌ HTTP 404 — https://raw.githubusercontent.com/jw853355718/clash_233/master/config.yml
2026-05-20 02:46:51,552 | INFO     |   → 651/927: ✅ 0 взято | 🗑️ 210 мусор
2026-05-20 02:46:51,552 | INFO     |   → 652/927: ✅ 0 взято | 🗑️ 0 мусор
2026-05-20 02:46:51,552 | INFO     |   → 653/927: ✅ 0 взято | 🗑️ 0 мусор
2026-05-20 02:46:51,552 | INFO     |   → 654/927 ❌ HTTP 404 — https://raw.githubusercontent.com/lcx12901/v2ray-/master/sspool.herokuapp.com/yzcloud.yaml
2026-05-20 02:46:51,552 | INFO     |   → 655/927 ❌ HTTP 404 — https://raw.githubusercontent.com/lcx12901/v2ray-/master/sspool.herokuapp.com/yzcloud2.yaml
2026-05-20 02:46:51,552 | INFO     |   → 656/927: ✅ 0 взято | 🗑️ 0 мусор
2026-05-20 02:46:51,552 | INFO     |   → 657/927 ❌ HTTP 404 — https://raw.githubusercontent.com/learnhard-cn/free_proxy_ss/main/clash/config.yaml
2026-05-20 02:46:51,553 | INFO     |   → 658/927: ✅ 0 взято | 🗑️ 8 мусор
2026-05-20 02:46:51,553 | INFO     |   → 659/927: ✅ 0 взято | 🗑️ 4 мусор
2026-05-20 02:46:51,553 | INFO     |   → 660/927: ✅ 0 взято | 🗑️ 0 мусор
2026-05-20 02:46:51,553 | INFO     |   → 661/927: ✅ 0 взято | 🗑️ 4 мусор
2026-05-20 02:46:51,553 | INFO     |   → 662/927: ✅ 0 взято | 🗑️ 149 мусор
2026-05-20 02:46:51,553 | INFO     |   → 663/927: ✅ 0 взято | 🗑️ 421 мусор
2026-05-20 02:46:51,553 | INFO     |   → 664/927 ❌ HTTP 404 — https://raw.githubusercontent.com/lisylva-lee/v2dyku/main/ssr
2026-05-20 02:46:51,553 | INFO     |   → 665/927 ❌ HTTP 404 — https://raw.githubusercontent.com/lisylva-lee/v2dyku/main/v2dy
2026-05-20 02:46:51,553 | INFO     |   → 666/927: ✅ 0 взято | 🗑️ 53 мусор
2026-05-20 02:46:51,553 | INFO     |   → 667/927 ❌ HTTP 404 — https://raw.githubusercontent.com/luxl-1379/merge/77247d23def72b25226dfa741614e9b07a569c72/sub/sub_merge_base64.txt
2026-05-20 02:46:51,553 | INFO     |   → 668/927: ✅ 146 взято | 🗑️ 343 мусор
2026-05-20 02:46:51,553 | INFO     |   → 669/927: ✅ 0 взято | 🗑️ 117 мусор
2026-05-20 02:46:51,553 | INFO     |   → 670/927: ✅ 641 взято | 🗑️ 3971 мусор
2026-05-20 02:46:51,553 | INFO     |   → 671/927: ✅ 0 взято | 🗑️ 0 мусор
2026-05-20 02:46:51,553 | INFO     |   → 672/927: ✅ 0 взято | 🗑️ 3971 мусор
2026-05-20 02:46:51,553 | INFO     |   → 673/927: ✅ 20 взято | 🗑️ 370 мусор
2026-05-20 02:46:51,553 | INFO     |   → 674/927 ❌ HTTP 404 — https://raw.githubusercontent.com/mermeroo/Clash-V2ray/main/v2ray
2026-05-20 02:46:51,553 | INFO     |   → 675/927: ✅ 15 взято | 🗑️ 417 мусор
2026-05-20 02:46:51,553 | INFO     |   → 676/927: ✅ 6 взято | 🗑️ 102 мусор
2026-05-20 02:46:51,553 | INFO     |   → 677/927: ✅ 716 взято | 🗑️ 6258 мусор
2026-05-20 02:46:51,553 | INFO     |   → 678/927: ✅ 8 взято | 🗑️ 853 мусор
2026-05-20 02:46:51,553 | INFO     |   → 679/927: ✅ 32 взято | 🗑️ 69 мусор
2026-05-20 02:46:51,553 | INFO     |   → 680/927 ❌ HTTP 404 — https://raw.githubusercontent.com/mermeroo/free-v2ray-collector/main/main/mix
2026-05-20 02:46:51,553 | INFO     |   → 681/927 ❌ HTTP 404 — https://raw.githubusercontent.com/mermeroo/free-v2ray-collector/main/main/reality
2026-05-20 02:46:51,553 | INFO     |   → 682/927 ❌ HTTP 404 — https://raw.githubusercontent.com/mermeroo/free-v2ray-collector/main/main/shadowsocks
2026-05-20 02:46:51,554 | INFO     |   → 683/927 ❌ HTTP 404 — https://raw.githubusercontent.com/mermeroo/free-v2ray-collector/main/main/trojan
2026-05-20 02:46:51,554 | INFO     |   → 684/927 ❌ HTTP 404 — https://raw.githubusercontent.com/mermeroo/free-v2ray-collector/main/main/vless
2026-05-20 02:46:51,554 | INFO     |   → 685/927 ❌ HTTP 404 — https://raw.githubusercontent.com/mermeroo/free-v2ray-collector/main/main/vmess
2026-05-20 02:46:51,554 | INFO     |   → 686/927 ❌ HTTP 404 — https://raw.githubusercontent.com/mfuu/v2ray/master/merge/merge.txt
2026-05-20 02:46:51,554 | INFO     |   → 687/927: ✅ 0 взято | 🗑️ 198 мусор
2026-05-20 02:46:51,554 | INFO     |   → 688/927: ✅ 0 взято | 🗑️ 198 мусор
2026-05-20 02:46:51,554 | INFO     |   → 689/927: ✅ 534 взято | 🗑️ 14418 мусор
2026-05-20 02:46:51,554 | INFO     |   → 690/927: ✅ 0 взято | 🗑️ 14418 мусор
2026-05-20 02:46:51,554 | INFO     |   → 691/927: ✅ 0 взято | 🗑️ 3095 мусор
2026-05-20 02:46:51,554 | INFO     |   → 692/927: ✅ 0 взято | 🗑️ 1696 мусор
2026-05-20 02:46:51,554 | INFO     |   → 693/927: ✅ 0 взято | 🗑️ 5177 мусор
2026-05-20 02:46:51,554 | INFO     |   → 694/927: ✅ 0 взято | 🗑️ 4450 мусор
2026-05-20 02:46:51,554 | INFO     |   → 695/927 ❌ HTTP 404 — https://raw.githubusercontent.com/mianous/qiren/main/qiren.txt
2026-05-20 02:46:51,554 | INFO     |   → 696/927 ❌ HTTP 404 — https://raw.githubusercontent.com/miladtahanian/V2RayCFGDumper/refs/heads/main/config.txt
2026-05-20 02:46:51,554 | INFO     |   → 697/927 ❌ HTTP 404 — https://raw.githubusercontent.com/miladtahanian/multi-proxy-config-fetcher/refs/heads/main/configs/proxy_configs.txt
2026-05-20 02:46:51,554 | INFO     |   → 698/927: ✅ 0 взято | 🗑️ 0 мусор
2026-05-20 02:46:51,554 | INFO     |   → 699/927: ✅ 0 взято | 🗑️ 0 мусор
2026-05-20 02:46:51,554 | INFO     |   → 700/927: ✅ 0 взято | 🗑️ 0 мусор
2026-05-20 02:46:51,554 | INFO     |   → 701/927: ✅ 15 взято | 🗑️ 46 мусор
2026-05-20 02:46:51,554 | INFO     |   → 702/927: ✅ 0 взято | 🗑️ 217 мусор
2026-05-20 02:46:51,554 | INFO     |   → 703/927: ✅ 0 взято | 🗑️ 0 мусор
2026-05-20 02:46:51,554 | INFO     |   → 704/927: ✅ 28 взято | 🗑️ 93 мусор
2026-05-20 02:46:51,554 | INFO     |   → 705/927: ✅ 0 взято | 🗑️ 0 мусор
2026-05-20 02:46:51,554 | INFO     |   → 706/927: ✅ 15 взято | 🗑️ 70 мусор
2026-05-20 02:46:51,554 | INFO     |   → 707/927: ✅ 127 взято | 🗑️ 492 мусор
2026-05-20 02:46:51,555 | INFO     |   → 708/927: ✅ 331 взято | 🗑️ 190 мусор
2026-05-20 02:46:51,555 | INFO     |   → 709/927: ✅ 27 взято | 🗑️ 878 мусор
2026-05-20 02:46:51,555 | INFO     |   → 710/927 ❌ HTTP 404 — https://raw.githubusercontent.com/obscure1990/freeVM/master/snippets/nodes.yml
2026-05-20 02:46:51,555 | INFO     |   → 711/927 ❌ HTTP 404 — https://raw.githubusercontent.com/op30mmd/things/909b38024ba14d69dc0f95c238f63bc6e930a00f/eut.txt
2026-05-20 02:46:51,555 | INFO     |   → 712/927 ❌ HTTP 404 — https://raw.githubusercontent.com/openRunner/clash-freenode/main/v2ray.txt
2026-05-20 02:46:51,555 | INFO     |   → 713/927 ❌ HTTP 404 — https://raw.githubusercontent.com/oslook/clash-freenode/main/clash.yaml
2026-05-20 02:46:51,555 | INFO     |   → 714/927: ✅ 0 взято | 🗑️ 0 мусор
2026-05-20 02:46:51,555 | INFO     |   → 715/927: ✅ 4 взято | 🗑️ 1 мусор
2026-05-20 02:46:51,555 | INFO     |   → 716/927: ✅ 0 взято | 🗑️ 0 мусор
2026-05-20 02:46:51,555 | INFO     |   → 717/927: ✅ 5 взято | 🗑️ 205 мусор
2026-05-20 02:46:51,555 | INFO     |   → 718/927: ✅ 0 взято | 🗑️ 0 мусор
2026-05-20 02:46:51,555 | INFO     |   → 719/927: ✅ 0 взято | 🗑️ 0 мусор
2026-05-20 02:46:51,555 | INFO     |   → 720/927: ✅ 0 взято | 🗑️ 19 мусор
2026-05-20 02:46:51,555 | INFO     |   → 721/927: ✅ 0 взято | 🗑️ 44 мусор
2026-05-20 02:46:51,555 | INFO     |   → 722/927: ✅ 63 взято | 🗑️ 521 мусор
2026-05-20 02:46:51,555 | INFO     |   → 723/927: ✅ 165 взято | 🗑️ 273 мусор
2026-05-20 02:46:51,555 | INFO     |   → 724/927: ✅ 0 взято | 🗑️ 0 мусор
2026-05-20 02:46:51,555 | INFO     |   → 725/927: ✅ 28 взято | 🗑️ 211 мусор
2026-05-20 02:46:51,555 | INFO     |   → 726/927: ✅ 0 взято | 🗑️ 79 мусор
2026-05-20 02:46:51,555 | INFO     |   → 727/927: ✅ 13 взято | 🗑️ 32 мусор
2026-05-20 02:46:51,555 | INFO     |   → 728/927: ✅ 0 взято | 🗑️ 0 мусор
2026-05-20 02:46:51,555 | INFO     |   → 729/927: ✅ 2 взято | 🗑️ 9 мусор
2026-05-20 02:46:51,555 | INFO     |   → 730/927: ✅ 11 взято | 🗑️ 76 мусор
2026-05-20 02:46:51,555 | INFO     |   → 731/927: ✅ 0 взято | 🗑️ 168 мусор
2026-05-20 02:46:51,555 | INFO     |   → 732/927: ✅ 0 взято | 🗑️ 79 мусор
2026-05-20 02:46:51,556 | INFO     |   → 733/927: ✅ 0 взято | 🗑️ 16 мусор
2026-05-20 02:46:51,556 | INFO     |   → 734/927 ❌ HTTP 404 — https://raw.githubusercontent.com/ronghuaxueleng/get_v2/main/pub/changfengoss.yaml
2026-05-20 02:46:51,556 | INFO     |   → 735/927: ✅ 0 взято | 🗑️ 0 мусор
2026-05-20 02:46:51,556 | INFO     |   → 736/927: ✅ 39 взято | 🗑️ 110 мусор
2026-05-20 02:46:51,556 | INFO     |   → 737/927: ✅ 0 взято | 🗑️ 110 мусор
2026-05-20 02:46:51,556 | INFO     |   → 738/927 ❌ HTTP 404 — https://raw.githubusercontent.com/rxsweet/CM_Vmess/refs/heads/main/test.txt
2026-05-20 02:46:51,556 | INFO     |   → 739/927 ❌ HTTP 404 — https://raw.githubusercontent.com/rxsweet/proxies/main/sub/free.yaml
2026-05-20 02:46:51,556 | INFO     |   → 740/927 ❌ HTTP 404 — https://raw.githubusercontent.com/rxsweet/proxies/main/sub/rx.yaml
2026-05-20 02:46:51,556 | INFO     |   → 741/927 ❌ HTTP 404 — https://raw.githubusercontent.com/rxsweet/proxies/main/sub/sources/dynamicAll.yaml
2026-05-20 02:46:51,556 | INFO     |   → 742/927 ❌ HTTP 404 — https://raw.githubusercontent.com/rxsweet/proxies/main/sub/sources/miningAll.yaml
2026-05-20 02:46:51,556 | INFO     |   → 743/927 ❌ HTTP 404 — https://raw.githubusercontent.com/rxsweet/proxies/main/sub/srx.yaml
2026-05-20 02:46:51,556 | INFO     |   → 744/927 ❌ HTTP 404 — https://raw.githubusercontent.com/sajad-sajadi/V2ray-Collector/raw/main/output/protocols/vmess.txt
2026-05-20 02:46:51,556 | INFO     |   → 745/927 ❌ HTTP 404 — https://raw.githubusercontent.com/sakha1370/OpenRay/raw/refs/heads/main/output/all_valid_proxies.txt
2026-05-20 02:46:51,556 | INFO     |   → 746/927: ✅ 53 взято | 🗑️ 399 мусор
2026-05-20 02:46:51,556 | INFO     |   → 747/927: ✅ 0 взято | 🗑️ 399 мусор
2026-05-20 02:46:51,556 | INFO     |   → 748/927 ❌ HTTP 404 — https://raw.githubusercontent.com/samjoeyang/subscribe/main/fly
2026-05-20 02:46:51,556 | INFO     |   → 749/927: ✅ 0 взято | 🗑️ 0 мусор
2026-05-20 02:46:51,556 | INFO     |   → 750/927 ❌ HTTP 404 — https://raw.githubusercontent.com/sarina-ad/v2ray/main/v2ray
2026-05-20 02:46:51,556 | INFO     |   → 751/927 ❌ HTTP 404 — https://raw.githubusercontent.com/satrom/V2SSR/master/SSR/Sub.txt
2026-05-20 02:46:51,556 | INFO     |   → 752/927 ❌ HTTP 404 — https://raw.githubusercontent.com/satrom/V2SSR/master/V2RAY/Sub.txt
2026-05-20 02:46:51,556 | INFO     |   → 753/927: ✅ 1769 взято | 🗑️ 42677 мусор
2026-05-20 02:46:51,556 | INFO     |   → 754/927: ✅ 0 взято | 🗑️ 0 мусор
2026-05-20 02:46:51,556 | INFO     |   → 755/927: ✅ 0 взято | 🗑️ 0 мусор
2026-05-20 02:46:51,556 | INFO     |   → 756/927: ✅ 3 взято | 🗑️ 49 мусор
2026-05-20 02:46:51,556 | INFO     |   → 757/927: ✅ 123 взято | 🗑️ 1239 мусор
2026-05-20 02:46:51,557 | INFO     |   → 758/927: ✅ 0 взято | 🗑️ 618 мусор
2026-05-20 02:46:51,557 | INFO     |   → 759/927: ✅ 0 взято | 🗑️ 59 мусор
2026-05-20 02:46:51,557 | INFO     |   → 760/927: ✅ 0 взято | 🗑️ 545 мусор
2026-05-20 02:46:51,557 | INFO     |   → 761/927: ✅ 0 взято | 🗑️ 17 мусор
2026-05-20 02:46:51,557 | INFO     |   → 762/927: ✅ 0 взято | 🗑️ 1239 мусор
2026-05-20 02:46:51,557 | INFO     |   → 763/927: ✅ 0 взято | 🗑️ 0 мусор
2026-05-20 02:46:51,557 | INFO     |   → 764/927 ❌ HTTP 404 — https://raw.githubusercontent.com/shirkerboy/scp/main/sub
2026-05-20 02:46:51,557 | INFO     |   → 765/927 ❌ HTTP 404 — https://raw.githubusercontent.com/snakem982/proxypool/main/nodelist.txt
2026-05-20 02:46:51,557 | INFO     |   → 766/927: ✅ 13 взято | 🗑️ 27 мусор
2026-05-20 02:46:51,557 | INFO     |   → 767/927 ❌ HTTP 404 — https://raw.githubusercontent.com/snakem982/proxypool/main/source/v2ray.txt
2026-05-20 02:46:51,557 | INFO     |   → 768/927 ❌ HTTP 404 — https://raw.githubusercontent.com/soroushmirzaei/telegram-configs-collector/main/channels/protocols/hysteria
2026-05-20 02:46:51,557 | INFO     |   → 769/927 ❌ HTTP 404 — https://raw.githubusercontent.com/soroushmirzaei/telegram-configs-collector/main/channels/protocols/juicity
2026-05-20 02:46:51,557 | INFO     |   → 770/927 ❌ HTTP 404 — https://raw.githubusercontent.com/soroushmirzaei/telegram-configs-collector/main/channels/protocols/reality
2026-05-20 02:46:51,557 | INFO     |   → 771/927 ❌ HTTP 404 — https://raw.githubusercontent.com/soroushmirzaei/telegram-configs-collector/main/channels/protocols/shadowsocks
2026-05-20 02:46:51,557 | INFO     |   → 772/927 ❌ HTTP 404 — https://raw.githubusercontent.com/soroushmirzaei/telegram-configs-collector/main/channels/protocols/trojan
2026-05-20 02:46:51,557 | INFO     |   → 773/927 ❌ HTTP 404 — https://raw.githubusercontent.com/soroushmirzaei/telegram-configs-collector/main/channels/protocols/tuic
2026-05-20 02:46:51,557 | INFO     |   → 774/927 ❌ HTTP 404 — https://raw.githubusercontent.com/soroushmirzaei/telegram-configs-collector/main/channels/protocols/vless
2026-05-20 02:46:51,557 | INFO     |   → 775/927 ❌ HTTP 404 — https://raw.githubusercontent.com/soroushmirzaei/telegram-configs-collector/main/channels/protocols/vmess
2026-05-20 02:46:51,557 | INFO     |   → 776/927 ❌ HTTP 404 — https://raw.githubusercontent.com/soroushmirzaei/telegram-configs-collector/main/countries/jp/mixed
2026-05-20 02:46:51,557 | INFO     |   → 777/927 ❌ HTTP 404 — https://raw.githubusercontent.com/soroushmirzaei/telegram-configs-collector/main/protocols/hysteria
2026-05-20 02:46:51,557 | INFO     |   → 778/927 ❌ HTTP 404 — https://raw.githubusercontent.com/soroushmirzaei/telegram-configs-collector/main/protocols/juicity
2026-05-20 02:46:51,557 | INFO     |   → 779/927 ❌ HTTP 404 — https://raw.githubusercontent.com/soroushmirzaei/telegram-configs-collector/main/protocols/reality
2026-05-20 02:46:51,557 | INFO     |   → 780/927 ❌ HTTP 404 — https://raw.githubusercontent.com/soroushmirzaei/telegram-configs-collector/main/protocols/shadowsocks
2026-05-20 02:46:51,557 | INFO     |   → 781/927 ❌ HTTP 404 — https://raw.githubusercontent.com/soroushmirzaei/telegram-configs-collector/main/protocols/trojan
2026-05-20 02:46:51,558 | INFO     |   → 782/927 ❌ HTTP 404 — https://raw.githubusercontent.com/soroushmirzaei/telegram-configs-collector/main/protocols/tuic
2026-05-20 02:46:51,558 | INFO     |   → 783/927 ❌ HTTP 404 — https://raw.githubusercontent.com/soroushmirzaei/telegram-configs-collector/main/protocols/vless
2026-05-20 02:46:51,558 | INFO     |   → 784/927 ❌ HTTP 404 — https://raw.githubusercontent.com/soroushmirzaei/telegram-configs-collector/main/protocols/vmess
2026-05-20 02:46:51,558 | INFO     |   → 785/927 ❌ HTTP 404 — https://raw.githubusercontent.com/soroushmirzaei/telegram-configs-collector/main/splitted/subscribe
2026-05-20 02:46:51,558 | INFO     |   → 786/927 ❌ HTTP 404 — https://raw.githubusercontent.com/ssrsub/ssr/master/Clash.yml
2026-05-20 02:46:51,558 | INFO     |   → 787/927 ❌ HTTP 404 — https://raw.githubusercontent.com/ssrsub/ssr/master/V2Ray
2026-05-20 02:46:51,558 | INFO     |   → 788/927 ❌ HTTP 404 — https://raw.githubusercontent.com/ssrsub/ssr/master/ss-sub
2026-05-20 02:46:51,558 | INFO     |   → 789/927 ❌ HTTP 404 — https://raw.githubusercontent.com/ssrsub/ssr/master/ssrsub
2026-05-20 02:46:51,558 | INFO     |   → 790/927 ❌ HTTP 404 — https://raw.githubusercontent.com/ssrsub/ssr/master/trojan
2026-05-20 02:46:51,558 | INFO     |   → 791/927: ✅ 0 взято | 🗑️ 0 мусор
2026-05-20 02:46:51,558 | INFO     |   → 792/927: ✅ 2 взято | 🗑️ 12 мусор
2026-05-20 02:46:51,558 | INFO     |   → 793/927: ✅ 0 взято | 🗑️ 13 мусор
2026-05-20 02:46:51,558 | INFO     |   → 794/927: ✅ 0 взято | 🗑️ 13 мусор
2026-05-20 02:46:51,558 | INFO     |   → 795/927 ❌ HTTP 404 — https://raw.githubusercontent.com/tbbatbb/Proxy/master/dist/clash.config.yaml
2026-05-20 02:46:51,558 | INFO     |   → 796/927: ✅ 2 взято | 🗑️ 35 мусор
2026-05-20 02:46:51,558 | INFO     |   → 797/927: ✅ 0 взято | 🗑️ 0 мусор
2026-05-20 02:46:51,558 | INFO     |   → 798/927: ✅ 5 взято | 🗑️ 111 мусор
2026-05-20 02:46:51,558 | INFO     |   → 799/927: ✅ 0 взято | 🗑️ 0 мусор
2026-05-20 02:46:51,558 | INFO     |   → 800/927: ✅ 0 взято | 🗑️ 74 мусор
2026-05-20 02:46:51,558 | INFO     |   → 801/927 ❌ HTTP 404 — https://raw.githubusercontent.com/v2clash/Autoproxy/a81f840ab2364124133572ec94e4b81fb0d4e58d/sub/2401/240104.txt
2026-05-20 02:46:51,558 | INFO     |   → 802/927 ❌ HTTP 404 — https://raw.githubusercontent.com/v2clash/V2ray-Configs/31f493c584d0c7b56350f4a34d80c53ad82bcc18/Sub9.txt
2026-05-20 02:46:51,558 | INFO     |   → 803/927: ✅ 0 взято | 🗑️ 0 мусор
2026-05-20 02:46:51,558 | INFO     |   → 804/927: ✅ 0 взято | 🗑️ 0 мусор
2026-05-20 02:46:51,558 | INFO     |   → 805/927: ✅ 0 взято | 🗑️ 0 мусор
2026-05-20 02:46:51,558 | INFO     |   → 806/927: ✅ 283 взято | 🗑️ 9640 мусор
2026-05-20 02:46:51,559 | INFO     |   → 807/927: ✅ 281 взято | 🗑️ 10086 мусор
2026-05-20 02:46:51,559 | INFO     |   → 808/927: ✅ 280 взято | 🗑️ 9675 мусор
2026-05-20 02:46:51,559 | INFO     |   → 809/927: ✅ 334 взято | 🗑️ 9823 мусор
2026-05-20 02:46:51,559 | INFO     |   → 810/927: ✅ 350 взято | 🗑️ 9639 мусор
2026-05-20 02:46:51,559 | INFO     |   → 811/927: ✅ 125 взято | 🗑️ 7919 мусор
2026-05-20 02:46:51,559 | INFO     |   → 812/927: ✅ 135 взято | 🗑️ 4836 мусор
2026-05-20 02:46:51,559 | INFO     |   → 813/927: ✅ 502 взято | 🗑️ 7659 мусор
2026-05-20 02:46:51,559 | INFO     |   → 814/927: ✅ 631 взято | 🗑️ 8081 мусор
2026-05-20 02:46:51,559 | INFO     |   → 815/927: ✅ 202 взято | 🗑️ 5131 мусор
2026-05-20 02:46:51,559 | INFO     |   → 816/927 ❌ HTTP 404 — https://raw.githubusercontent.com/vveg26/chromego_merge/main/sub/merged_proxies.yaml
2026-05-20 02:46:51,559 | INFO     |   → 817/927 ❌ HTTP 404 — https://raw.githubusercontent.com/vveg26/get_proxy/main/dist/clash.config.yaml
2026-05-20 02:46:51,559 | INFO     |   → 818/927: ✅ 0 взято | 🗑️ 10 мусор
2026-05-20 02:46:51,559 | INFO     |   → 819/927: ✅ 0 взято | 🗑️ 10 мусор
2026-05-20 02:46:51,559 | INFO     |   → 820/927: ✅ 0 взято | 🗑️ 4 мусор
2026-05-20 02:46:51,559 | INFO     |   → 821/927: ✅ 0 взято | 🗑️ 0 мусор
2026-05-20 02:46:51,559 | INFO     |   → 822/927: ✅ 0 взято | 🗑️ 4 мусор
2026-05-20 02:46:51,559 | INFO     |   → 823/927: ✅ 106 взято | 🗑️ 689 мусор
2026-05-20 02:46:51,559 | INFO     |   → 824/927: ✅ 48 взято | 🗑️ 841 мусор
2026-05-20 02:46:51,559 | INFO     |   → 825/927: ✅ 21 взято | 🗑️ 789 мусор
2026-05-20 02:46:51,559 | INFO     |   → 826/927: ✅ 24 взято | 🗑️ 774 мусор
2026-05-20 02:46:51,559 | INFO     |   → 827/927: ✅ 52 взято | 🗑️ 756 мусор
2026-05-20 02:46:51,559 | INFO     |   → 828/927: ✅ 191 взято | 🗑️ 745 мусор
2026-05-20 02:46:51,559 | INFO     |   → 829/927: ✅ 9 взято | 🗑️ 651 мусор
2026-05-20 02:46:51,559 | INFO     |   → 830/927: ✅ 185 взято | 🗑️ 388 мусор
2026-05-20 02:46:51,559 | INFO     |   → 831/927: ✅ 130 взято | 🗑️ 523 мусор
2026-05-20 02:46:51,560 | INFO     |   → 832/927: ✅ 67 взято | 🗑️ 533 мусор
2026-05-20 02:46:51,560 | INFO     |   → 833/927: ✅ 98 взято | 🗑️ 444 мусор
2026-05-20 02:46:51,560 | INFO     |   → 834/927: ✅ 102 взято | 🗑️ 670 мусор
2026-05-20 02:46:51,560 | INFO     |   → 835/927: ✅ 86 взято | 🗑️ 476 мусор
2026-05-20 02:46:51,560 | INFO     |   → 836/927: ✅ 95 взято | 🗑️ 657 мусор
2026-05-20 02:46:51,560 | INFO     |   → 837/927: ✅ 105 взято | 🗑️ 645 мусор
2026-05-20 02:46:51,560 | INFO     |   → 838/927: ✅ 115 взято | 🗑️ 985 мусор
2026-05-20 02:46:51,560 | INFO     |   → 839/927: ✅ 6 взято | 🗑️ 63 мусор
2026-05-20 02:46:51,560 | INFO     |   → 840/927: ✅ 7 взято | 🗑️ 62 мусор
2026-05-20 02:46:51,560 | INFO     |   → 841/927: ✅ 39 взято | 🗑️ 489 мусор
2026-05-20 02:46:51,560 | INFO     |   → 842/927: ✅ 0 взято | 🗑️ 0 мусор
2026-05-20 02:46:51,560 | INFO     |   → 843/927: ✅ 0 взято | 🗑️ 0 мусор
2026-05-20 02:46:51,560 | INFO     |   → 844/927: ✅ 0 взято | 🗑️ 0 мусор
2026-05-20 02:46:51,560 | INFO     |   → 845/927: ✅ 0 взято | 🗑️ 0 мусор
2026-05-20 02:46:51,560 | INFO     |   → 846/927: ✅ 0 взято | 🗑️ 0 мусор
2026-05-20 02:46:51,560 | INFO     |   → 847/927: ✅ 0 взято | 🗑️ 52 мусор
2026-05-20 02:46:51,560 | INFO     |   → 848/927: ✅ 5 взято | 🗑️ 10 мусор
2026-05-20 02:46:51,560 | INFO     |   → 849/927: ✅ 1 взято | 🗑️ 124 мусор
2026-05-20 02:46:51,560 | INFO     |   → 850/927: ✅ 77 взято | 🗑️ 84 мусор
2026-05-20 02:46:51,560 | INFO     |   → 851/927: ✅ 0 взято | 🗑️ 9 мусор
2026-05-20 02:46:51,560 | INFO     |   → 852/927: ✅ 39 взято | 🗑️ 498 мусор
2026-05-20 02:46:51,560 | INFO     |   → 853/927 ❌ HTTP 404 — https://raw.githubusercontent.com/xiaozhu2007/xiaozhu2007/61a755a044dbaeea678bc2d1e20f21a21c6d7170/docs/fxxk.txt
2026-05-20 02:46:51,560 | INFO     |   → 854/927: ✅ 1 взято | 🗑️ 159 мусор
2026-05-20 02:46:51,560 | INFO     |   → 855/927: ✅ 0 взято | 🗑️ 22 мусор
2026-05-20 02:46:51,560 | INFO     |   → 856/927: ✅ 0 взято | 🗑️ 0 мусор
2026-05-20 02:46:51,561 | INFO     |   → 857/927 ❌ HTTP 404 — https://raw.githubusercontent.com/yebekhe/TVC/0f745f92bf381e505f1245abbc7c145b19b11503/config.txt
2026-05-20 02:46:51,561 | INFO     |   → 858/927 ❌ HTTP 404 — https://raw.githubusercontent.com/yebekhe/TVC/9fac69239c69327fb7a61f5a8d79d107133889e1/lite/config.txt
2026-05-20 02:46:51,561 | INFO     |   → 859/927 ❌ HTTP 404 — https://raw.githubusercontent.com/yebekhe/TelegramV2rayCollector/main/sub/normal/donated
2026-05-20 02:46:51,561 | INFO     |   → 860/927 ❌ HTTP 404 — https://raw.githubusercontent.com/yebekhe/TelegramV2rayCollector/main/sub/normal/hysteria2
2026-05-20 02:46:51,561 | INFO     |   → 861/927 ❌ HTTP 404 — https://raw.githubusercontent.com/yebekhe/TelegramV2rayCollector/main/sub/normal/mix
2026-05-20 02:46:51,561 | INFO     |   → 862/927 ❌ HTTP 404 — https://raw.githubusercontent.com/yebekhe/TelegramV2rayCollector/main/sub/normal/reality
2026-05-20 02:46:51,561 | INFO     |   → 863/927 ❌ HTTP 404 — https://raw.githubusercontent.com/yebekhe/TelegramV2rayCollector/main/sub/normal/shadowsocks
2026-05-20 02:46:51,561 | INFO     |   → 864/927 ❌ HTTP 404 — https://raw.githubusercontent.com/yebekhe/TelegramV2rayCollector/main/sub/normal/trojan
2026-05-20 02:46:51,561 | INFO     |   → 865/927 ❌ HTTP 404 — https://raw.githubusercontent.com/yebekhe/TelegramV2rayCollector/main/sub/normal/tuic
2026-05-20 02:46:51,561 | INFO     |   → 866/927 ❌ HTTP 404 — https://raw.githubusercontent.com/yebekhe/TelegramV2rayCollector/main/sub/normal/vless
2026-05-20 02:46:51,561 | INFO     |   → 867/927 ❌ HTTP 404 — https://raw.githubusercontent.com/yebekhe/TelegramV2rayCollector/main/sub/normal/vmess
2026-05-20 02:46:51,561 | INFO     |   → 868/927 ❌ HTTP 404 — https://raw.githubusercontent.com/yebekhe/V2Hub/main/Split/Normal/shadowsocks
2026-05-20 02:46:51,561 | INFO     |   → 869/927 ❌ HTTP 404 — https://raw.githubusercontent.com/yebekhe/V2Hub/main/merged
2026-05-20 02:46:51,561 | INFO     |   → 870/927: ✅ 0 взято | 🗑️ 30 мусор
2026-05-20 02:46:51,561 | INFO     |   → 871/927: ✅ 919 взято | 🗑️ 7066 мусор
2026-05-20 02:46:51,561 | INFO     |   → 872/927: ✅ 7 взято | 🗑️ 341 мусор
2026-05-20 02:46:51,561 | INFO     |   → 873/927: ✅ 7 взято | 🗑️ 277 мусор
2026-05-20 02:46:51,561 | INFO     |   → 874/927: ✅ 304 взято | 🗑️ 252 мусор
2026-05-20 02:46:51,561 | INFO     |   → 875/927: ✅ 113 взято | 🗑️ 1386 мусор
2026-05-20 02:46:51,561 | INFO     |   → 876/927: ✅ 2 взято | 🗑️ 386 мусор
2026-05-20 02:46:51,561 | INFO     |   → 877/927 ❌ HTTP 404 — https://raw.githubusercontent.com/yyyr-otz/tele-providers-collector/019cb3e07ee52fddbc7caa54fc670c6b9bae6539/sub/proxies.txt
2026-05-20 02:46:51,561 | INFO     |   → 878/927 ❌ HTTP 404 — https://raw.githubusercontent.com/yyyr-otz/tele-providers-collector/b7a74ee98bcf02c5a507d688a1bed3aa9f7f4ed1/script/raw/protocols/mixed.txt
2026-05-20 02:46:51,561 | INFO     |   → 879/927: ✅ 0 взято | 🗑️ 0 мусор
2026-05-20 02:46:51,561 | INFO     |   → 880/927: ✅ 0 взято | 🗑️ 0 мусор
2026-05-20 02:46:51,561 | INFO     |   → 881/927: ✅ 1 взято | 🗑️ 18 мусор
2026-05-20 02:46:51,562 | INFO     |   → 882/927: ✅ 0 взято | 🗑️ 14 мусор
2026-05-20 02:46:51,562 | INFO     |   → 883/927: ✅ 0 взято | 🗑️ 5 мусор
2026-05-20 02:46:51,562 | INFO     |   → 884/927: ✅ 0 взято | 🗑️ 0 мусор
2026-05-20 02:46:51,562 | INFO     |   → 885/927 ⚠️ Ошибка: ('Connection aborted.', RemoteDisconnected('Remote end closed connection without response')) — https://sub.pmsub.me/clash.yaml
2026-05-20 02:46:51,562 | INFO     |   → 886/927: ✅ 0 взято | 🗑️ 1 мусор
2026-05-20 02:46:51,562 | INFO     |   → 887/927: ✅ 8 взято | 🗑️ 21 мусор
2026-05-20 02:46:51,562 | INFO     |   → 888/927: ✅ 0 взято | 🗑️ 0 мусор
2026-05-20 02:46:51,562 | INFO     |   → 889/927: ✅ 9 взято | 🗑️ 19 мусор
2026-05-20 02:46:51,562 | INFO     |   → 890/927: ✅ 0 взято | 🗑️ 0 мусор
2026-05-20 02:46:51,562 | INFO     |   → 891/927: ✅ 2 взято | 🗑️ 14 мусор
2026-05-20 02:46:51,562 | INFO     |   → 892/927: ✅ 4 взято | 🗑️ 22 мусор
2026-05-20 02:46:51,562 | INFO     |   → 893/927: ✅ 0 взято | 🗑️ 0 мусор
2026-05-20 02:46:51,562 | INFO     |   → 894/927: ✅ 0 взято | 🗑️ 0 мусор
2026-05-20 02:46:51,562 | INFO     |   → 895/927: ✅ 0 взято | 🗑️ 0 мусор
2026-05-20 02:46:51,562 | INFO     |   → 896/927: ✅ 2 взято | 🗑️ 16 мусор
2026-05-20 02:46:51,562 | INFO     |   → 897/927: ✅ 0 взято | 🗑️ 0 мусор
2026-05-20 02:46:51,562 | INFO     |   → 898/927: ✅ 4 взято | 🗑️ 7 мусор
2026-05-20 02:46:51,562 | INFO     |   → 899/927: ✅ 0 взято | 🗑️ 0 мусор
2026-05-20 02:46:51,562 | INFO     |   → 900/927: ✅ 6 взято | 🗑️ 14 мусор
2026-05-20 02:46:51,562 | INFO     |   → 901/927: ✅ 0 взято | 🗑️ 0 мусор
2026-05-20 02:46:51,562 | INFO     |   → 902/927: ✅ 2 взято | 🗑️ 13 мусор
2026-05-20 02:46:51,562 | INFO     |   → 903/927: ✅ 0 взято | 🗑️ 0 мусор
2026-05-20 02:46:51,562 | INFO     |   → 904/927: ✅ 0 взято | 🗑️ 0 мусор
2026-05-20 02:46:51,562 | INFO     |   → 905/927: ✅ 2 взято | 🗑️ 7 мусор
2026-05-20 02:46:51,562 | INFO     |   → 906/927: ✅ 2 взято | 🗑️ 14 мусор
2026-05-20 02:46:51,563 | INFO     |   → 907/927: ✅ 2 взято | 🗑️ 14 мусор
2026-05-20 02:46:51,563 | INFO     |   → 908/927: ✅ 0 взято | 🗑️ 0 мусор
2026-05-20 02:46:51,563 | INFO     |   → 909/927: ✅ 3 взято | 🗑️ 22 мусор
2026-05-20 02:46:51,563 | INFO     |   → 910/927: ✅ 0 взято | 🗑️ 0 мусор
2026-05-20 02:46:51,563 | INFO     |   → 911/927: ✅ 2 взято | 🗑️ 15 мусор
2026-05-20 02:46:51,563 | INFO     |   → 912/927: ✅ 3 взято | 🗑️ 12 мусор
2026-05-20 02:46:51,563 | INFO     |   → 913/927: ✅ 0 взято | 🗑️ 0 мусор
2026-05-20 02:46:51,563 | INFO     |   → 914/927: ✅ 0 взято | 🗑️ 0 мусор
2026-05-20 02:46:51,563 | INFO     |   → 915/927: ✅ 0 взято | 🗑️ 0 мусор
2026-05-20 02:46:51,563 | INFO     |   → 916/927: ✅ 4 взято | 🗑️ 11 мусор
2026-05-20 02:46:51,563 | INFO     |   → 917/927: ✅ 10 взято | 🗑️ 15 мусор
2026-05-20 02:46:51,563 | INFO     |   → 918/927: ✅ 0 взято | 🗑️ 0 мусор
2026-05-20 02:46:51,563 | INFO     |   → 919/927: ✅ 13 взято | 🗑️ 15 мусор
2026-05-20 02:46:51,563 | INFO     |   → 920/927: ✅ 0 взято | 🗑️ 0 мусор
2026-05-20 02:46:51,563 | INFO     |   → 921/927: ✅ 6 взято | 🗑️ 15 мусор
2026-05-20 02:46:51,563 | INFO     |   → 922/927: ✅ 0 взято | 🗑️ 0 мусор
2026-05-20 02:46:51,563 | INFO     |   → 923/927: ✅ 8 взято | 🗑️ 16 мусор
2026-05-20 02:46:51,563 | INFO     |   → 924/927: ✅ 0 взято | 🗑️ 0 мусор
2026-05-20 02:46:51,563 | INFO     |   → 925/927: ✅ 5 взято | 🗑️ 17 мусор
2026-05-20 02:46:51,563 | INFO     |   → 926/927: ✅ 0 взято | 🗑️ 0 мусор
2026-05-20 02:46:51,563 | INFO     |   → 927/927: ✅ 0 взято | 🗑️ 16 мусор
2026-05-20 02:46:51,563 | INFO     |   → ✅ ГОТОВО!
2026-05-20 02:46:51,563 | INFO     |   →    📥 Всего ключей после фильтра: 18950
2026-05-20 02:46:51,563 | INFO     |   →    🔗 Уникальных IP:PORT:SCHEME: 10229
2026-05-20 02:46:51,563 | INFO     |   →    🗑️ Выброшено мусора: 335847
2026-05-20 02:46:51,564 | INFO     |   → 📊 По протоколам:
2026-05-20 02:46:51,564 | INFO     |   →    vless: 3545
2026-05-20 02:46:51,564 | INFO     |   →    vmess: 3476
2026-05-20 02:46:51,564 | INFO     |   →    trojan: 1180
2026-05-20 02:46:51,564 | INFO     |   →    ss: 1868
2026-05-20 02:46:51,564 | INFO     |   →    hysteria: 13
2026-05-20 02:46:51,564 | INFO     |   →    hysteria2: 36
2026-05-20 02:46:51,564 | INFO     |   →    hy2: 59
2026-05-20 02:46:51,564 | INFO     |   →    tuic: 52
2026-05-20 02:46:51,564 | INFO     | ✅ mirror.py завершён успешно
2026-05-20 02:46:51,564 | INFO     | 
2026-05-20 02:46:51,564 | INFO     | 
2026-05-20 02:46:51,564 | INFO     | ──────────────────────────────────────────────────────────────────────
2026-05-20 02:46:51,564 | INFO     | 📌 ЭТАП: Фильтрация по реальному SNI
2026-05-20 02:46:51,564 | INFO     | ──────────────────────────────────────────────────────────────────────
2026-05-20 02:46:51,564 | INFO     | 🚀 Запуск filter_ru_sni.py (Фильтр по реальному SNI (CDN+RU))...
2026-05-20 02:46:51,812 | INFO     |   → hy2.txt: 59 → 19 (SNI-filtered)
2026-05-20 02:46:51,812 | INFO     |   →   hysteria.txt: 13 → 0 (SNI-filtered)
2026-05-20 02:46:51,813 | INFO     |   →   hysteria2.txt: 36 → 5 (SNI-filtered)
2026-05-20 02:46:51,813 | INFO     |   →   ss.txt: 1868 → 0 (SNI-filtered)
2026-05-20 02:46:51,813 | INFO     |   →   trojan.txt: 1180 → 3 (SNI-filtered)
2026-05-20 02:46:51,813 | INFO     |   →   tuic.txt: 52 → 0 (SNI-filtered)
2026-05-20 02:46:51,813 | INFO     |   →   vless.txt: 3545 → 437 (SNI-filtered)
2026-05-20 02:46:51,813 | INFO     |   →   vmess.txt: 3476 → 37 (SNI-filtered)
2026-05-20 02:46:51,813 | INFO     |   → ==================================================
2026-05-20 02:46:51,813 | INFO     |   →   Всего входных:  10229
2026-05-20 02:46:51,813 | INFO     |   →   Прошли фильтр:  501
2026-05-20 02:46:51,813 | INFO     |   →   Отброшено:      9728
2026-05-20 02:46:51,813 | INFO     |   → ==================================================
2026-05-20 02:46:51,813 | INFO     |   → Готово → /home/runner/work/vpn-vless-configs-russia/vpn-vless-configs-russia/githubmirror/ru-sni
2026-05-20 02:46:51,813 | INFO     | ✅ filter_ru_sni.py завершён успешно
2026-05-20 02:46:51,813 | INFO     | 
2026-05-20 02:46:51,813 | INFO     | 
2026-05-20 02:46:51,813 | INFO     | ──────────────────────────────────────────────────────────────────────
2026-05-20 02:46:51,813 | INFO     | 📌 ЭТАП: Экспериментальный RU-SNI фильтр
2026-05-20 02:46:51,813 | INFO     | ──────────────────────────────────────────────────────────────────────
2026-05-20 02:46:51,813 | INFO     | 🚀 Запуск filter_ru_sni_local.py (Экспериментальный фильтр по RU-SNI (локальные домены))...
2026-05-20 02:46:51,980 | INFO     |   → hy2.txt: 59 → 0 (RU-SNI)
2026-05-20 02:46:51,981 | INFO     |   → hysteria.txt: 13 → 0 (RU-SNI)
2026-05-20 02:46:51,981 | INFO     |   → hysteria2.txt: 36 → 0 (RU-SNI)
2026-05-20 02:46:51,981 | INFO     |   → ss.txt: 1868 → 0 (RU-SNI)
2026-05-20 02:46:51,981 | INFO     |   → trojan.txt: 1180 → 0 (RU-SNI)
2026-05-20 02:46:51,981 | INFO     |   → tuic.txt: 52 → 0 (RU-SNI)
2026-05-20 02:46:51,981 | INFO     |   → vless.txt: 3545 → 117 (RU-SNI)
2026-05-20 02:46:51,981 | INFO     |   → vmess.txt: 3476 → 0 (RU-SNI)
2026-05-20 02:46:51,981 | INFO     |   → ==================================================
2026-05-20 02:46:51,981 | INFO     |   → Всего входных:  10229
2026-05-20 02:46:51,981 | INFO     |   → Прошли RU-SNI:  117
2026-05-20 02:46:51,981 | INFO     |   → Отброшено:      10112
2026-05-20 02:46:51,981 | INFO     |   → ==================================================
2026-05-20 02:46:51,981 | INFO     |   → Готово → /home/runner/work/vpn-vless-configs-russia/vpn-vless-configs-russia/githubmirror/ru-sni-local
2026-05-20 02:46:51,981 | INFO     | ✅ filter_ru_sni_local.py завершён успешно
2026-05-20 02:46:51,981 | INFO     | 
2026-05-20 02:46:51,981 | INFO     | 
2026-05-20 02:46:51,981 | INFO     | ──────────────────────────────────────────────────────────────────────
2026-05-20 02:46:51,981 | INFO     | 📌 ЭТАП: Сбор статистики
2026-05-20 02:46:51,981 | INFO     | ──────────────────────────────────────────────────────────────────────
2026-05-20 02:46:51,981 | INFO     | 📊 Сбор статистики...
2026-05-20 02:46:51,981 | INFO     |   📁 githubmirror/clean:
2026-05-20 02:46:51,982 | INFO     |     • hy2         :    59 конфигов
2026-05-20 02:46:51,982 | INFO     |     • hysteria    :    13 конфигов
2026-05-20 02:46:51,982 | INFO     |     • hysteria2   :    36 конфигов
2026-05-20 02:46:51,984 | INFO     |     • ss          :  1868 конфигов
2026-05-20 02:46:51,985 | INFO     |     • trojan      :  1180 конфигов
2026-05-20 02:46:51,985 | INFO     |     • tuic        :    52 конфигов
2026-05-20 02:46:51,989 | INFO     |     • vless       :  3545 конфигов
2026-05-20 02:46:51,991 | INFO     |     • vmess       :  3476 конфигов
2026-05-20 02:46:51,991 | INFO     |   📁 githubmirror/ru-sni:
2026-05-20 02:46:51,991 | INFO     |     • hy2         :    19 конфигов ( 32.2% от clean)
2026-05-20 02:46:51,992 | INFO     |     • hysteria    :     0 конфигов (  0.0% от clean)
2026-05-20 02:46:51,992 | INFO     |     • hysteria2   :     5 конфигов ( 13.9% от clean)
2026-05-20 02:46:51,992 | INFO     |     • ss          :     0 конфигов (  0.0% от clean)
2026-05-20 02:46:51,992 | INFO     |     • trojan      :     3 конфигов (  0.3% от clean)
2026-05-20 02:46:51,992 | INFO     |     • tuic        :     0 конфигов (  0.0% от clean)
2026-05-20 02:46:51,993 | INFO     |     • vless       :   437 конфигов ( 12.3% от clean)
2026-05-20 02:46:51,993 | INFO     |     • vmess       :    37 конфигов (  1.1% от clean)
2026-05-20 02:46:51,993 | INFO     | 
2026-05-20 02:46:51,993 | INFO     |   ──────────────────────────────────────────────────
2026-05-20 02:46:51,993 | INFO     |   📈 ИТОГО:
2026-05-20 02:46:51,993 | INFO     |     Clean (после geo-фильтра):    10229
2026-05-20 02:46:51,993 | INFO     |     RU-SNI (после SNI-фильтра):     501
2026-05-20 02:46:51,993 | INFO     |     Прошло фильтр:                  4.9%
2026-05-20 02:46:51,993 | INFO     |   ──────────────────────────────────────────────────
2026-05-20 02:46:51,994 | INFO     | ✅ Статистика сохранена: /home/runner/work/vpn-vless-configs-russia/vpn-vless-configs-russia/stats.json
2026-05-20 02:46:51,994 | INFO     | 
2026-05-20 02:46:51,994 | INFO     | ======================================================================
2026-05-20 02:46:51,994 | INFO     | 📊 ИТОГОВЫЙ ОТЧЁТ
2026-05-20 02:46:51,994 | INFO     | ======================================================================
2026-05-20 02:46:51,994 | INFO     |   ✅ OK         | Загрузка и geo-фильтрация
2026-05-20 02:46:51,994 | INFO     |   ✅ OK         | Фильтрация по реальному SNI
2026-05-20 02:46:51,994 | INFO     |   ✅ OK         | Экспериментальный RU-SNI фильтр
2026-05-20 02:46:51,994 | INFO     |   ✅ OK         | Сбор статистики
2026-05-20 02:46:51,994 | INFO     | ──────────────────────────────────────────────────────────────────────
2026-05-20 02:46:51,994 | INFO     | ✅ ВСЕ ЭТАПЫ УСПЕШНЫ (4/4)
2026-05-20 02:46:51,994 | INFO     | ⏰ Время завершения: 2026-05-20 02:46:51
2026-05-20 02:46:51,994 | INFO     | ======================================================================
