2026-05-17 13:07:39,625 | INFO     | ======================================================================
2026-05-17 13:07:39,625 | INFO     | 🔍 VPN KEY CHECKER - Начало проверки
2026-05-17 13:07:39,625 | INFO     | ⏰ Время старта: 2026-05-17 13:07:39
2026-05-17 13:07:39,625 | INFO     | 📂 Рабочая директория: /home/runner/work/vpn-vless-configs-russia/vpn-vless-configs-russia
2026-05-17 13:07:39,625 | INFO     | ======================================================================
2026-05-17 13:07:39,625 | INFO     | 
2026-05-17 13:07:39,625 | INFO     | 🔍 Проверка наличия скриптов...
2026-05-17 13:07:39,626 | INFO     |   ✅ mirror.py
2026-05-17 13:07:39,626 | INFO     |   ✅ filter_ru_sni.py
2026-05-17 13:07:39,626 | INFO     |   ✅ filter_ru_sni_local.py
2026-05-17 13:07:39,626 | INFO     | 
2026-05-17 13:07:39,626 | INFO     | 
2026-05-17 13:07:39,626 | INFO     | ──────────────────────────────────────────────────────────────────────
2026-05-17 13:07:39,626 | INFO     | 📌 ЭТАП: Загрузка и geo-фильтрация
2026-05-17 13:07:39,626 | INFO     | ──────────────────────────────────────────────────────────────────────
2026-05-17 13:07:39,626 | INFO     | 🚀 Запуск mirror.py (Загрузка и фильтрация по РФ/СНГ/Европа)...
2026-05-17 13:10:22,760 | INFO     |   → 🚀 Старт: всего источников (старые + новые): 900
2026-05-17 13:10:22,760 | INFO     |   → 1/900: ✅ 13 взято | 🗑️ 242 мусор
2026-05-17 13:10:22,760 | INFO     |   → 2/900: ✅ 0 взято | 🗑️ 0 мусор
2026-05-17 13:10:22,760 | INFO     |   → 3/900 ❌ HTTP 404 — https://bitbucket.org/huwo1/proxy_nodes/raw/f31ca9ec67b84071515729ff45b011b6b09c10f2/clash.yaml
2026-05-17 13:10:22,760 | INFO     |   → 4/900 ❌ HTTP 404 — https://cdn.jsdelivr.net/gh/cry0ice/genode@main/public/all.txt
2026-05-17 13:10:22,760 | INFO     |   → 5/900 ❌ HTTP 404 — https://cdn.jsdelivr.net/gh/cry0ice/genode@main/public/ss.txt
2026-05-17 13:10:22,760 | INFO     |   → 6/900 ❌ HTTP 404 — https://cdn.jsdelivr.net/gh/cry0ice/genode@main/public/ssr.txt
2026-05-17 13:10:22,760 | INFO     |   → 7/900 ❌ HTTP 404 — https://cdn.jsdelivr.net/gh/cry0ice/genode@main/public/trojan.txt
2026-05-17 13:10:22,760 | INFO     |   → 8/900 ❌ HTTP 404 — https://cdn.jsdelivr.net/gh/cry0ice/genode@main/public/vless.txt
2026-05-17 13:10:22,760 | INFO     |   → 9/900 ❌ HTTP 404 — https://cdn.jsdelivr.net/gh/cry0ice/genode@main/public/vmess.txt
2026-05-17 13:10:22,760 | INFO     |   → 10/900: ✅ 0 взято | 🗑️ 0 мусор
2026-05-17 13:10:22,760 | INFO     |   → 11/900: ✅ 0 взято | 🗑️ 0 мусор
2026-05-17 13:10:22,760 | INFO     |   → 12/900: ✅ 0 взято | 🗑️ 0 мусор
2026-05-17 13:10:22,760 | INFO     |   → 13/900: ✅ 0 взято | 🗑️ 0 мусор
2026-05-17 13:10:22,760 | INFO     |   → 14/900: ✅ 0 взято | 🗑️ 0 мусор
2026-05-17 13:10:22,760 | INFO     |   → 15/900: ✅ 0 взято | 🗑️ 0 мусор
2026-05-17 13:10:22,760 | INFO     |   → 16/900: ✅ 0 взято | 🗑️ 0 мусор
2026-05-17 13:10:22,760 | INFO     |   → 17/900: ✅ 0 взято | 🗑️ 0 мусор
2026-05-17 13:10:22,760 | INFO     |   → 18/900: ✅ 0 взято | 🗑️ 0 мусор
2026-05-17 13:10:22,760 | INFO     |   → 19/900: ✅ 0 взято | 🗑️ 0 мусор
2026-05-17 13:10:22,760 | INFO     |   → 20/900: ✅ 0 взято | 🗑️ 0 мусор
2026-05-17 13:10:22,760 | INFO     |   → 21/900: ✅ 0 взято | 🗑️ 0 мусор
2026-05-17 13:10:22,760 | INFO     |   → 22/900: ✅ 0 взято | 🗑️ 0 мусор
2026-05-17 13:10:22,761 | INFO     |   → 23/900: ✅ 0 взято | 🗑️ 0 мусор
2026-05-17 13:10:22,761 | INFO     |   → 24/900: ✅ 0 взято | 🗑️ 0 мусор
2026-05-17 13:10:22,761 | INFO     |   → 25/900: ✅ 0 взято | 🗑️ 0 мусор
2026-05-17 13:10:22,761 | INFO     |   → 26/900: ✅ 0 взято | 🗑️ 0 мусор
2026-05-17 13:10:22,761 | INFO     |   → 27/900: ✅ 0 взято | 🗑️ 0 мусор
2026-05-17 13:10:22,761 | INFO     |   → 28/900: ✅ 0 взято | 🗑️ 0 мусор
2026-05-17 13:10:22,761 | INFO     |   → 29/900: ✅ 0 взято | 🗑️ 0 мусор
2026-05-17 13:10:22,761 | INFO     |   → 30/900: ✅ 0 взято | 🗑️ 0 мусор
2026-05-17 13:10:22,761 | INFO     |   → 31/900: ✅ 0 взято | 🗑️ 0 мусор
2026-05-17 13:10:22,761 | INFO     |   → 32/900: ✅ 0 взято | 🗑️ 0 мусор
2026-05-17 13:10:22,761 | INFO     |   → 33/900: ✅ 0 взято | 🗑️ 0 мусор
2026-05-17 13:10:22,761 | INFO     |   → 34/900: ✅ 0 взято | 🗑️ 0 мусор
2026-05-17 13:10:22,761 | INFO     |   → 35/900: ✅ 0 взято | 🗑️ 0 мусор
2026-05-17 13:10:22,761 | INFO     |   → 36/900: ✅ 0 взято | 🗑️ 0 мусор
2026-05-17 13:10:22,761 | INFO     |   → 37/900: ✅ 0 взято | 🗑️ 0 мусор
2026-05-17 13:10:22,761 | INFO     |   → 38/900: ✅ 0 взято | 🗑️ 0 мусор
2026-05-17 13:10:22,761 | INFO     |   → 39/900: ✅ 0 взято | 🗑️ 0 мусор
2026-05-17 13:10:22,761 | INFO     |   → 40/900: ✅ 0 взято | 🗑️ 0 мусор
2026-05-17 13:10:22,761 | INFO     |   → 41/900: ✅ 0 взято | 🗑️ 0 мусор
2026-05-17 13:10:22,761 | INFO     |   → 42/900: ✅ 0 взято | 🗑️ 0 мусор
2026-05-17 13:10:22,761 | INFO     |   → 43/900: ✅ 0 взято | 🗑️ 0 мусор
2026-05-17 13:10:22,761 | INFO     |   → 44/900: ✅ 0 взято | 🗑️ 0 мусор
2026-05-17 13:10:22,761 | INFO     |   → 45/900: ✅ 0 взято | 🗑️ 0 мусор
2026-05-17 13:10:22,761 | INFO     |   → 46/900: ✅ 0 взято | 🗑️ 0 мусор
2026-05-17 13:10:22,761 | INFO     |   → 47/900: ✅ 0 взято | 🗑️ 0 мусор
2026-05-17 13:10:22,761 | INFO     |   → 48/900: ✅ 0 взято | 🗑️ 0 мусор
2026-05-17 13:10:22,761 | INFO     |   → 49/900: ✅ 0 взято | 🗑️ 0 мусор
2026-05-17 13:10:22,761 | INFO     |   → 50/900: ✅ 0 взято | 🗑️ 0 мусор
2026-05-17 13:10:22,762 | INFO     |   → 51/900: ✅ 0 взято | 🗑️ 0 мусор
2026-05-17 13:10:22,762 | INFO     |   → 52/900: ✅ 0 взято | 🗑️ 0 мусор
2026-05-17 13:10:22,762 | INFO     |   → 53/900: ✅ 0 взято | 🗑️ 0 мусор
2026-05-17 13:10:22,762 | INFO     |   → 54/900: ✅ 0 взято | 🗑️ 0 мусор
2026-05-17 13:10:22,762 | INFO     |   → 55/900: ✅ 0 взято | 🗑️ 0 мусор
2026-05-17 13:10:22,762 | INFO     |   → 56/900: ✅ 0 взято | 🗑️ 0 мусор
2026-05-17 13:10:22,762 | INFO     |   → 57/900: ✅ 0 взято | 🗑️ 0 мусор
2026-05-17 13:10:22,762 | INFO     |   → 58/900: ✅ 0 взято | 🗑️ 0 мусор
2026-05-17 13:10:22,762 | INFO     |   → 59/900: ✅ 0 взято | 🗑️ 0 мусор
2026-05-17 13:10:22,762 | INFO     |   → 60/900: ✅ 0 взято | 🗑️ 0 мусор
2026-05-17 13:10:22,762 | INFO     |   → 61/900: ✅ 0 взято | 🗑️ 0 мусор
2026-05-17 13:10:22,762 | INFO     |   → 62/900: ✅ 0 взято | 🗑️ 0 мусор
2026-05-17 13:10:22,762 | INFO     |   → 63/900: ✅ 0 взято | 🗑️ 0 мусор
2026-05-17 13:10:22,762 | INFO     |   → 64/900: ✅ 0 взято | 🗑️ 0 мусор
2026-05-17 13:10:22,762 | INFO     |   → 65/900: ✅ 0 взято | 🗑️ 0 мусор
2026-05-17 13:10:22,762 | INFO     |   → 66/900: ✅ 0 взято | 🗑️ 0 мусор
2026-05-17 13:10:22,762 | INFO     |   → 67/900: ✅ 0 взято | 🗑️ 0 мусор
2026-05-17 13:10:22,762 | INFO     |   → 68/900: ✅ 0 взято | 🗑️ 0 мусор
2026-05-17 13:10:22,762 | INFO     |   → 69/900: ✅ 0 взято | 🗑️ 0 мусор
2026-05-17 13:10:22,762 | INFO     |   → 70/900: ✅ 0 взято | 🗑️ 0 мусор
2026-05-17 13:10:22,762 | INFO     |   → 71/900: ✅ 0 взято | 🗑️ 0 мусор
2026-05-17 13:10:22,762 | INFO     |   → 72/900: ✅ 0 взято | 🗑️ 0 мусор
2026-05-17 13:10:22,762 | INFO     |   → 73/900: ✅ 0 взято | 🗑️ 0 мусор
2026-05-17 13:10:22,762 | INFO     |   → 74/900: ✅ 0 взято | 🗑️ 0 мусор
2026-05-17 13:10:22,762 | INFO     |   → 75/900: ✅ 0 взято | 🗑️ 0 мусор
2026-05-17 13:10:22,762 | INFO     |   → 76/900: ✅ 0 взято | 🗑️ 0 мусор
2026-05-17 13:10:22,762 | INFO     |   → 77/900: ✅ 0 взято | 🗑️ 0 мусор
2026-05-17 13:10:22,762 | INFO     |   → 78/900: ✅ 0 взято | 🗑️ 0 мусор
2026-05-17 13:10:22,762 | INFO     |   → 79/900: ✅ 0 взято | 🗑️ 0 мусор
2026-05-17 13:10:22,762 | INFO     |   → 80/900: ✅ 0 взято | 🗑️ 0 мусор
2026-05-17 13:10:22,763 | INFO     |   → 81/900: ✅ 0 взято | 🗑️ 0 мусор
2026-05-17 13:10:22,763 | INFO     |   → 82/900: ✅ 0 взято | 🗑️ 0 мусор
2026-05-17 13:10:22,763 | INFO     |   → 83/900: ✅ 0 взято | 🗑️ 0 мусор
2026-05-17 13:10:22,763 | INFO     |   → 84/900: ✅ 0 взято | 🗑️ 0 мусор
2026-05-17 13:10:22,763 | INFO     |   → 85/900: ✅ 0 взято | 🗑️ 0 мусор
2026-05-17 13:10:22,763 | INFO     |   → 86/900: ✅ 0 взято | 🗑️ 0 мусор
2026-05-17 13:10:22,763 | INFO     |   → 87/900: ✅ 0 взято | 🗑️ 0 мусор
2026-05-17 13:10:22,763 | INFO     |   → 88/900 ❌ HTTP 404 — https://freessrnode.github.io/uploads/2024/08/0-20240822.txt
2026-05-17 13:10:22,763 | INFO     |   → 89/900 ❌ HTTP 404 — https://freessrnode.github.io/uploads/2024/08/1-20240822.txt
2026-05-17 13:10:22,763 | INFO     |   → 90/900 ❌ HTTP 404 — https://freessrnode.github.io/uploads/2024/08/2-20240822.txt
2026-05-17 13:10:22,763 | INFO     |   → 91/900 ❌ HTTP 404 — https://freessrnode.github.io/uploads/2024/08/3-20240822.txt
2026-05-17 13:10:22,763 | INFO     |   → 92/900 ❌ HTTP 404 — https://freessrnode.github.io/uploads/2024/08/4-20240822.txt
2026-05-17 13:10:22,763 | INFO     |   → 93/900 ⚠️ Ошибка: HTTPSConnectionPool(host='freevpnspy.githubrowcontent.com', port=443): Max retries exceeded with url: /2024/08/20240802_novless.yaml (Caused by NameResolutionError("HTTPSConnection(host='freevpnspy.githubrowcontent.com', port=443): Failed to resolve 'freevpnspy.githubrowcontent.com' ([Errno -2] Name or service not known)")) — https://freevpnspy.githubrowcontent.com/2024/08/20240802_novless.yaml
2026-05-17 13:10:22,763 | INFO     |   → 94/900 ⚠️ Ошибка: HTTPSConnectionPool(host='freevpnspy.githubrowcontent.com', port=443): Max retries exceeded with url: /2024/08/20240802_vless.yaml (Caused by NameResolutionError("HTTPSConnection(host='freevpnspy.githubrowcontent.com', port=443): Failed to resolve 'freevpnspy.githubrowcontent.com' ([Errno -2] Name or service not known)")) — https://freevpnspy.githubrowcontent.com/2024/08/20240802_vless.yaml
2026-05-17 13:10:22,763 | INFO     |   → 95/900 ❌ HTTP 404 — https://github.com/Epodonios/bulk-xray-v2ray-vless-vmess-...-configs/raw/main/sub/Albania/config.txt
2026-05-17 13:10:22,763 | INFO     |   → 96/900 ❌ HTTP 404 — https://github.com/Epodonios/bulk-xray-v2ray-vless-vmess-...-configs/raw/main/sub/Cura%C3%A7ao/config.txt
2026-05-17 13:10:22,763 | INFO     |   → 97/900 ❌ HTTP 404 — https://github.com/Epodonios/bulk-xray-v2ray-vless-vmess-...-configs/raw/main/sub/Finland/config.txt
2026-05-17 13:10:22,763 | INFO     |   → 98/900 ❌ HTTP 404 — https://github.com/Epodonios/bulk-xray-v2ray-vless-vmess-...-configs/raw/main/sub/Iran/config.txt
2026-05-17 13:10:22,763 | INFO     |   → 99/900 ❌ HTTP 404 — https://github.com/Epodonios/bulk-xray-v2ray-vless-vmess-...-configs/raw/main/sub/Netherlands/config.txt
2026-05-17 13:10:22,763 | INFO     |   → 100/900 ❌ HTTP 404 — https://github.com/Epodonios/bulk-xray-v2ray-vless-vmess-...-configs/raw/main/sub/Norway/config.txt
2026-05-17 13:10:22,763 | INFO     |   → 101/900 ❌ HTTP 404 — https://github.com/Epodonios/bulk-xray-v2ray-vless-vmess-...-configs/raw/main/sub/Russia/config.txt
2026-05-17 13:10:22,763 | INFO     |   → 102/900: ✅ 13 взято | 🗑️ 70 мусор
2026-05-17 13:10:22,763 | INFO     |   → 103/900: ✅ 0 взято | 🗑️ 4 мусор
2026-05-17 13:10:22,763 | INFO     |   → 104/900: ✅ 0 взято | 🗑️ 7 мусор
2026-05-17 13:10:22,763 | INFO     |   → 105/900: ✅ 0 взято | 🗑️ 51 мусор
2026-05-17 13:10:22,763 | INFO     |   → 106/900: ✅ 0 взято | 🗑️ 8 мусор
2026-05-17 13:10:22,763 | INFO     |   → 107/900: ✅ 0 взято | 🗑️ 0 мусор
2026-05-17 13:10:22,763 | INFO     |   → 108/900: ✅ 17 взято | 🗑️ 119 мусор
2026-05-17 13:10:22,763 | INFO     |   → 109/900 ❌ HTTP 404 — https://github.com/MrMohebi/xray-proxy-grabber-telegram/raw/master/collected-proxies/clash-meta/all.yaml
2026-05-17 13:10:22,764 | INFO     |   → 110/900 ❌ HTTP 404 — https://github.com/MrMohebi/xray-proxy-grabber-telegram/raw/master/collected-proxies/row-url/all.txt
2026-05-17 13:10:22,764 | INFO     |   → 111/900: ✅ 0 взято | 🗑️ 0 мусор
2026-05-17 13:10:22,764 | INFO     |   → 112/900: ✅ 0 взято | 🗑️ 113 мусор
2026-05-17 13:10:22,764 | INFO     |   → 113/900: ✅ 0 взято | 🗑️ 119 мусор
2026-05-17 13:10:22,764 | INFO     |   → 114/900 ❌ HTTP 404 — https://github.com/abbasdvd3/abbasdvd10/73ec60de7a6c6aa6df4c14b511c1da60686891ca/ppo.txt
2026-05-17 13:10:22,764 | INFO     |   → 115/900 ❌ HTTP 404 — https://github.com/acymz/AutoVPN/refs/heads/main/data/V2.txt
2026-05-17 13:10:22,764 | INFO     |   → 116/900: ✅ 0 взято | 🗑️ 0 мусор
2026-05-17 13:10:22,764 | INFO     |   → 117/900: ✅ 0 взято | 🗑️ 0 мусор
2026-05-17 13:10:22,764 | INFO     |   → 118/900: ✅ 0 взято | 🗑️ 0 мусор
2026-05-17 13:10:22,764 | INFO     |   → 119/900: ✅ 0 взято | 🗑️ 0 мусор
2026-05-17 13:10:22,764 | INFO     |   → 120/900: ✅ 0 взято | 🗑️ 0 мусор
2026-05-17 13:10:22,764 | INFO     |   → 121/900: ✅ 0 взято | 🗑️ 0 мусор
2026-05-17 13:10:22,764 | INFO     |   → 122/900: ✅ 0 взято | 🗑️ 0 мусор
2026-05-17 13:10:22,764 | INFO     |   → 123/900 ❌ HTTP 404 — https://github.com/mermeroo/V2RAY-FREE/raw/main/All_Configs_base64_Sub.txt
2026-05-17 13:10:22,764 | INFO     |   → 124/900 ❌ HTTP 404 — https://github.com/mermeroo/V2RAY-FREE/raw/main/Base64/Sub1_base64.txt
2026-05-17 13:10:22,764 | INFO     |   → 125/900 ❌ HTTP 404 — https://github.com/mermeroo/V2RAY-FREE/raw/main/Base64/Sub2_base64.txt
2026-05-17 13:10:22,764 | INFO     |   → 126/900 ❌ HTTP 404 — https://github.com/mermeroo/V2RAY-FREE/raw/main/Base64/Sub3_base64.txt
2026-05-17 13:10:22,764 | INFO     |   → 127/900 ❌ HTTP 404 — https://github.com/mermeroo/V2RAY-FREE/raw/main/Base64/Sub4_base64.txt
2026-05-17 13:10:22,764 | INFO     |   → 128/900 ❌ HTTP 404 — https://github.com/mermeroo/V2RAY-FREE/raw/main/Base64/Sub5_base64.txt
2026-05-17 13:10:22,764 | INFO     |   → 129/900 ❌ HTTP 404 — https://github.com/mermeroo/telegram-configs-collector/raw/main/protocols/hysteria
2026-05-17 13:10:22,764 | INFO     |   → 130/900 ❌ HTTP 404 — https://github.com/mermeroo/telegram-configs-collector/raw/main/protocols/juicity
2026-05-17 13:10:22,764 | INFO     |   → 131/900 ❌ HTTP 404 — https://github.com/mermeroo/telegram-configs-collector/raw/main/protocols/tuic
2026-05-17 13:10:22,764 | INFO     |   → 132/900: ✅ 5 взято | 🗑️ 16 мусор
2026-05-17 13:10:22,764 | INFO     |   → 133/900: ✅ 0 взято | 🗑️ 0 мусор
2026-05-17 13:10:22,764 | INFO     |   → 134/900: ✅ 0 взято | 🗑️ 0 мусор
2026-05-17 13:10:22,764 | INFO     |   → 135/900: ✅ 0 взято | 🗑️ 0 мусор
2026-05-17 13:10:22,764 | INFO     |   → 136/900: ✅ 3 взято | 🗑️ 238 мусор
2026-05-17 13:10:22,764 | INFO     |   → 137/900: ✅ 0 взято | 🗑️ 0 мусор
2026-05-17 13:10:22,764 | INFO     |   → 138/900: ✅ 3 взято | 🗑️ 239 мусор
2026-05-17 13:10:22,765 | INFO     |   → 139/900: ✅ 0 взято | 🗑️ 0 мусор
2026-05-17 13:10:22,765 | INFO     |   → 140/900: ✅ 0 взято | 🗑️ 255 мусор
2026-05-17 13:10:22,765 | INFO     |   → 141/900: ✅ 0 взято | 🗑️ 0 мусор
2026-05-17 13:10:22,765 | INFO     |   → 142/900: ✅ 1 взято | 🗑️ 249 мусор
2026-05-17 13:10:22,765 | INFO     |   → 143/900: ✅ 0 взято | 🗑️ 0 мусор
2026-05-17 13:10:22,765 | INFO     |   → 144/900: ✅ 0 взято | 🗑️ 207 мусор
2026-05-17 13:10:22,765 | INFO     |   → 145/900: ✅ 0 взято | 🗑️ 0 мусор
2026-05-17 13:10:22,765 | INFO     |   → 146/900: ✅ 0 взято | 🗑️ 228 мусор
2026-05-17 13:10:22,765 | INFO     |   → 147/900: ✅ 0 взято | 🗑️ 0 мусор
2026-05-17 13:10:22,765 | INFO     |   → 148/900: ✅ 1 взято | 🗑️ 291 мусор
2026-05-17 13:10:22,765 | INFO     |   → 149/900: ✅ 0 взято | 🗑️ 0 мусор
2026-05-17 13:10:22,765 | INFO     |   → 150/900: ✅ 3 взято | 🗑️ 221 мусор
2026-05-17 13:10:22,765 | INFO     |   → 151/900: ✅ 0 взято | 🗑️ 0 мусор
2026-05-17 13:10:22,765 | INFO     |   → 152/900: ✅ 1 взято | 🗑️ 222 мусор
2026-05-17 13:10:22,765 | INFO     |   → 153/900: ✅ 0 взято | 🗑️ 0 мусор
2026-05-17 13:10:22,765 | INFO     |   → 154/900: ✅ 1 взято | 🗑️ 218 мусор
2026-05-17 13:10:22,765 | INFO     |   → 155/900: ✅ 0 взято | 🗑️ 0 мусор
2026-05-17 13:10:22,765 | INFO     |   → 156/900: ✅ 0 взято | 🗑️ 193 мусор
2026-05-17 13:10:22,765 | INFO     |   → 157/900: ✅ 0 взято | 🗑️ 0 мусор
2026-05-17 13:10:22,765 | INFO     |   → 158/900: ✅ 0 взято | 🗑️ 290 мусор
2026-05-17 13:10:22,765 | INFO     |   → 159/900: ✅ 0 взято | 🗑️ 0 мусор
2026-05-17 13:10:22,765 | INFO     |   → 160/900: ✅ 0 взято | 🗑️ 238 мусор
2026-05-17 13:10:22,765 | INFO     |   → 161/900: ✅ 0 взято | 🗑️ 0 мусор
2026-05-17 13:10:22,765 | INFO     |   → 162/900: ✅ 0 взято | 🗑️ 221 мусор
2026-05-17 13:10:22,765 | INFO     |   → 163/900: ✅ 0 взято | 🗑️ 0 мусор
2026-05-17 13:10:22,765 | INFO     |   → 164/900: ✅ 0 взято | 🗑️ 248 мусор
2026-05-17 13:10:22,765 | INFO     |   → 165/900: ✅ 0 взято | 🗑️ 0 мусор
2026-05-17 13:10:22,765 | INFO     |   → 166/900: ✅ 0 взято | 🗑️ 203 мусор
2026-05-17 13:10:22,765 | INFO     |   → 167/900: ✅ 0 взято | 🗑️ 0 мусор
2026-05-17 13:10:22,766 | INFO     |   → 168/900: ✅ 0 взято | 🗑️ 208 мусор
2026-05-17 13:10:22,766 | INFO     |   → 169/900: ✅ 0 взято | 🗑️ 0 мусор
2026-05-17 13:10:22,766 | INFO     |   → 170/900: ✅ 2 взято | 🗑️ 209 мусор
2026-05-17 13:10:22,766 | INFO     |   → 171/900: ✅ 0 взято | 🗑️ 0 мусор
2026-05-17 13:10:22,766 | INFO     |   → 172/900: ✅ 0 взято | 🗑️ 258 мусор
2026-05-17 13:10:22,766 | INFO     |   → 173/900: ✅ 0 взято | 🗑️ 0 мусор
2026-05-17 13:10:22,766 | INFO     |   → 174/900: ✅ 0 взято | 🗑️ 296 мусор
2026-05-17 13:10:22,766 | INFO     |   → 175/900: ✅ 0 взято | 🗑️ 0 мусор
2026-05-17 13:10:22,766 | INFO     |   → 176/900: ✅ 1 взято | 🗑️ 286 мусор
2026-05-17 13:10:22,766 | INFO     |   → 177/900: ✅ 0 взято | 🗑️ 0 мусор
2026-05-17 13:10:22,766 | INFO     |   → 178/900: ✅ 0 взято | 🗑️ 195 мусор
2026-05-17 13:10:22,766 | INFO     |   → 179/900: ✅ 0 взято | 🗑️ 0 мусор
2026-05-17 13:10:22,766 | INFO     |   → 180/900: ✅ 0 взято | 🗑️ 170 мусор
2026-05-17 13:10:22,766 | INFO     |   → 181/900: ✅ 0 взято | 🗑️ 0 мусор
2026-05-17 13:10:22,766 | INFO     |   → 182/900: ✅ 0 взято | 🗑️ 160 мусор
2026-05-17 13:10:22,766 | INFO     |   → 183/900: ✅ 0 взято | 🗑️ 0 мусор
2026-05-17 13:10:22,766 | INFO     |   → 184/900: ✅ 0 взято | 🗑️ 121 мусор
2026-05-17 13:10:22,766 | INFO     |   → 185/900: ✅ 0 взято | 🗑️ 0 мусор
2026-05-17 13:10:22,766 | INFO     |   → 186/900: ✅ 0 взято | 🗑️ 135 мусор
2026-05-17 13:10:22,766 | INFO     |   → 187/900: ✅ 0 взято | 🗑️ 0 мусор
2026-05-17 13:10:22,766 | INFO     |   → 188/900: ✅ 1 взято | 🗑️ 129 мусор
2026-05-17 13:10:22,766 | INFO     |   → 189/900: ✅ 0 взято | 🗑️ 0 мусор
2026-05-17 13:10:22,766 | INFO     |   → 190/900: ✅ 0 взято | 🗑️ 189 мусор
2026-05-17 13:10:22,766 | INFO     |   → 191/900: ✅ 0 взято | 🗑️ 0 мусор
2026-05-17 13:10:22,766 | INFO     |   → 192/900: ✅ 3 взято | 🗑️ 147 мусор
2026-05-17 13:10:22,766 | INFO     |   → 193/900: ✅ 0 взято | 🗑️ 0 мусор
2026-05-17 13:10:22,766 | INFO     |   → 194/900: ✅ 1 взято | 🗑️ 183 мусор
2026-05-17 13:10:22,766 | INFO     |   → 195/900: ✅ 0 взято | 🗑️ 0 мусор
2026-05-17 13:10:22,766 | INFO     |   → 196/900: ✅ 0 взято | 🗑️ 155 мусор
2026-05-17 13:10:22,766 | INFO     |   → 197/900: ✅ 0 взято | 🗑️ 0 мусор
2026-05-17 13:10:22,767 | INFO     |   → 198/900: ✅ 0 взято | 🗑️ 114 мусор
2026-05-17 13:10:22,767 | INFO     |   → 199/900: ✅ 0 взято | 🗑️ 0 мусор
2026-05-17 13:10:22,767 | INFO     |   → 200/900: ✅ 0 взято | 🗑️ 239 мусор
2026-05-17 13:10:22,767 | INFO     |   → 201/900: ✅ 0 взято | 🗑️ 0 мусор
2026-05-17 13:10:22,767 | INFO     |   → 202/900: ✅ 0 взято | 🗑️ 204 мусор
2026-05-17 13:10:22,767 | INFO     |   → 203/900: ✅ 0 взято | 🗑️ 0 мусор
2026-05-17 13:10:22,767 | INFO     |   → 204/900: ✅ 0 взято | 🗑️ 232 мусор
2026-05-17 13:10:22,767 | INFO     |   → 205/900: ✅ 0 взято | 🗑️ 0 мусор
2026-05-17 13:10:22,767 | INFO     |   → 206/900: ✅ 0 взято | 🗑️ 192 мусор
2026-05-17 13:10:22,767 | INFO     |   → 207/900: ✅ 0 взято | 🗑️ 0 мусор
2026-05-17 13:10:22,767 | INFO     |   → 208/900: ✅ 0 взято | 🗑️ 183 мусор
2026-05-17 13:10:22,767 | INFO     |   → 209/900: ✅ 0 взято | 🗑️ 0 мусор
2026-05-17 13:10:22,767 | INFO     |   → 210/900: ✅ 0 взято | 🗑️ 169 мусор
2026-05-17 13:10:22,767 | INFO     |   → 211/900: ✅ 0 взято | 🗑️ 0 мусор
2026-05-17 13:10:22,767 | INFO     |   → 212/900: ✅ 0 взято | 🗑️ 167 мусор
2026-05-17 13:10:22,767 | INFO     |   → 213/900: ✅ 0 взято | 🗑️ 0 мусор
2026-05-17 13:10:22,767 | INFO     |   → 214/900 ⚠️ Ошибка: HTTPSConnectionPool(host='ivuxy.tech', port=443): Max retries exceeded with url: /v.txt (Caused by NameResolutionError("HTTPSConnection(host='ivuxy.tech', port=443): Failed to resolve 'ivuxy.tech' ([Errno -2] Name or service not known)")) — https://ivuxy.tech/v.txt
2026-05-17 13:10:22,767 | INFO     |   → 215/900 ⚠️ Ошибка: HTTPSConnectionPool(host='mirror.ghproxy.com', port=443): Max retries exceeded with url: /https://raw.githubusercontent.com/Barabama/FreeNodes/master/nodes/blues.txt (Caused by NameResolutionError("HTTPSConnection(host='mirror.ghproxy.com', port=443): Failed to resolve 'mirror.ghproxy.com' ([Errno -2] Name or service not known)")) — https://mirror.ghproxy.com/https://raw.githubusercontent.com/Barabama/FreeNodes/master/nodes/blues.txt
2026-05-17 13:10:22,767 | INFO     |   → 216/900 ⚠️ Ошибка: HTTPSConnectionPool(host='mirror.ghproxy.com', port=443): Max retries exceeded with url: /https://raw.githubusercontent.com/Barabama/FreeNodes/master/nodes/halekj.txt (Caused by NameResolutionError("HTTPSConnection(host='mirror.ghproxy.com', port=443): Failed to resolve 'mirror.ghproxy.com' ([Errno -2] Name or service not known)")) — https://mirror.ghproxy.com/https://raw.githubusercontent.com/Barabama/FreeNodes/master/nodes/halekj.txt
2026-05-17 13:10:22,767 | INFO     |   → 217/900 ⚠️ Ошибка: HTTPSConnectionPool(host='mirror.ghproxy.com', port=443): Max retries exceeded with url: /https://raw.githubusercontent.com/Barabama/FreeNodes/master/nodes/kkzui.txt (Caused by NameResolutionError("HTTPSConnection(host='mirror.ghproxy.com', port=443): Failed to resolve 'mirror.ghproxy.com' ([Errno -2] Name or service not known)")) — https://mirror.ghproxy.com/https://raw.githubusercontent.com/Barabama/FreeNodes/master/nodes/kkzui.txt
2026-05-17 13:10:22,767 | INFO     |   → 218/900 ⚠️ Ошибка: HTTPSConnectionPool(host='mirror.ghproxy.com', port=443): Max retries exceeded with url: /https://raw.githubusercontent.com/Barabama/FreeNodes/master/nodes/merged.txt (Caused by NameResolutionError("HTTPSConnection(host='mirror.ghproxy.com', port=443): Failed to resolve 'mirror.ghproxy.com' ([Errno -2] Name or service not known)")) — https://mirror.ghproxy.com/https://raw.githubusercontent.com/Barabama/FreeNodes/master/nodes/merged.txt
2026-05-17 13:10:22,767 | INFO     |   → 219/900 ⚠️ Ошибка: HTTPSConnectionPool(host='mirror.ghproxy.com', port=443): Max retries exceeded with url: /https://raw.githubusercontent.com/Barabama/FreeNodes/master/nodes/nodefree.txt (Caused by NameResolutionError("HTTPSConnection(host='mirror.ghproxy.com', port=443): Failed to resolve 'mirror.ghproxy.com' ([Errno -2] Name or service not known)")) — https://mirror.ghproxy.com/https://raw.githubusercontent.com/Barabama/FreeNodes/master/nodes/nodefree.txt
2026-05-17 13:10:22,767 | INFO     |   → 220/900 ⚠️ Ошибка: HTTPSConnectionPool(host='mirror.ghproxy.com', port=443): Max retries exceeded with url: /https://raw.githubusercontent.com/Barabama/FreeNodes/master/nodes/openrunner.txt (Caused by NameResolutionError("HTTPSConnection(host='mirror.ghproxy.com', port=443): Failed to resolve 'mirror.ghproxy.com' ([Errno -2] Name or service not known)")) — https://mirror.ghproxy.com/https://raw.githubusercontent.com/Barabama/FreeNodes/master/nodes/openrunner.txt
2026-05-17 13:10:22,767 | INFO     |   → 221/900 ⚠️ Ошибка: HTTPSConnectionPool(host='mirror.ghproxy.com', port=443): Max retries exceeded with url: /https://raw.githubusercontent.com/Barabama/FreeNodes/master/nodes/v2rayshare.txt (Caused by NameResolutionError("HTTPSConnection(host='mirror.ghproxy.com', port=443): Failed to resolve 'mirror.ghproxy.com' ([Errno -2] Name or service not known)")) — https://mirror.ghproxy.com/https://raw.githubusercontent.com/Barabama/FreeNodes/master/nodes/v2rayshare.txt
2026-05-17 13:10:22,767 | INFO     |   → 222/900 ⚠️ Ошибка: HTTPSConnectionPool(host='mirror.ghproxy.com', port=443): Max retries exceeded with url: /https://raw.githubusercontent.com/Barabama/FreeNodes/master/nodes/wenode.txt (Caused by NameResolutionError("HTTPSConnection(host='mirror.ghproxy.com', port=443): Failed to resolve 'mirror.ghproxy.com' ([Errno -2] Name or service not known)")) — https://mirror.ghproxy.com/https://raw.githubusercontent.com/Barabama/FreeNodes/master/nodes/wenode.txt
2026-05-17 13:10:22,767 | INFO     |   → 223/900 ⚠️ Ошибка: HTTPSConnectionPool(host='mirror.ghproxy.com', port=443): Max retries exceeded with url: /https://raw.githubusercontent.com/Barabama/FreeNodes/master/nodes/yudou66.txt (Caused by NameResolutionError("HTTPSConnection(host='mirror.ghproxy.com', port=443): Failed to resolve 'mirror.ghproxy.com' ([Errno -2] Name or service not known)")) — https://mirror.ghproxy.com/https://raw.githubusercontent.com/Barabama/FreeNodes/master/nodes/yudou66.txt
2026-05-17 13:10:22,767 | INFO     |   → 224/900: ✅ 7 взято | 🗑️ 17 мусор
2026-05-17 13:10:22,767 | INFO     |   → 225/900: ✅ 0 взято | 🗑️ 17 мусор
2026-05-17 13:10:22,767 | INFO     |   → 226/900: ✅ 14 взято | 🗑️ 14 мусор
2026-05-17 13:10:22,768 | INFO     |   → 227/900: ✅ 0 взято | 🗑️ 14 мусор
2026-05-17 13:10:22,768 | INFO     |   → 228/900: ✅ 0 взято | 🗑️ 14 мусор
2026-05-17 13:10:22,768 | INFO     |   → 229/900: ✅ 0 взято | 🗑️ 14 мусор
2026-05-17 13:10:22,768 | INFO     |   → 230/900: ✅ 0 взято | 🗑️ 14 мусор
2026-05-17 13:10:22,768 | INFO     |   → 231/900: ✅ 0 взято | 🗑️ 14 мусор
2026-05-17 13:10:22,768 | INFO     |   → 232/900: ✅ 0 взято | 🗑️ 14 мусор
2026-05-17 13:10:22,768 | INFO     |   → 233/900: ✅ 0 взято | 🗑️ 14 мусор
2026-05-17 13:10:22,768 | INFO     |   → 234/900: ✅ 0 взято | 🗑️ 14 мусор
2026-05-17 13:10:22,768 | INFO     |   → 235/900: ✅ 7 взято | 🗑️ 21 мусор
2026-05-17 13:10:22,768 | INFO     |   → 236/900: ✅ 0 взято | 🗑️ 21 мусор
2026-05-17 13:10:22,768 | INFO     |   → 237/900: ✅ 0 взято | 🗑️ 21 мусор
2026-05-17 13:10:22,768 | INFO     |   → 238/900: ✅ 0 взято | 🗑️ 21 мусор
2026-05-17 13:10:22,768 | INFO     |   → 239/900: ✅ 0 взято | 🗑️ 21 мусор
2026-05-17 13:10:22,768 | INFO     |   → 240/900: ✅ 0 взято | 🗑️ 21 мусор
2026-05-17 13:10:22,768 | INFO     |   → 241/900: ✅ 0 взято | 🗑️ 21 мусор
2026-05-17 13:10:22,768 | INFO     |   → 242/900: ✅ 0 взято | 🗑️ 21 мусор
2026-05-17 13:10:22,768 | INFO     |   → 243/900: ✅ 0 взято | 🗑️ 21 мусор
2026-05-17 13:10:22,768 | INFO     |   → 244/900: ✅ 0 взято | 🗑️ 21 мусор
2026-05-17 13:10:22,768 | INFO     |   → 245/900: ✅ 0 взято | 🗑️ 21 мусор
2026-05-17 13:10:22,768 | INFO     |   → 246/900: ✅ 5 взято | 🗑️ 15 мусор
2026-05-17 13:10:22,768 | INFO     |   → 247/900: ✅ 0 взято | 🗑️ 15 мусор
2026-05-17 13:10:22,768 | INFO     |   → 248/900: ✅ 0 взято | 🗑️ 15 мусор
2026-05-17 13:10:22,768 | INFO     |   → 249/900: ✅ 0 взято | 🗑️ 15 мусор
2026-05-17 13:10:22,768 | INFO     |   → 250/900: ✅ 0 взято | 🗑️ 15 мусор
2026-05-17 13:10:22,768 | INFO     |   → 251/900: ✅ 0 взято | 🗑️ 15 мусор
2026-05-17 13:10:22,768 | INFO     |   → 252/900: ✅ 0 взято | 🗑️ 15 мусор
2026-05-17 13:10:22,768 | INFO     |   → 253/900: ✅ 0 взято | 🗑️ 15 мусор
2026-05-17 13:10:22,768 | INFO     |   → 254/900: ✅ 0 взято | 🗑️ 15 мусор
2026-05-17 13:10:22,768 | INFO     |   → 255/900: ✅ 0 взято | 🗑️ 14 мусор
2026-05-17 13:10:22,768 | INFO     |   → 256/900: ✅ 0 взято | 🗑️ 14 мусор
2026-05-17 13:10:22,769 | INFO     |   → 257/900: ✅ 0 взято | 🗑️ 14 мусор
2026-05-17 13:10:22,769 | INFO     |   → 258/900: ✅ 0 взято | 🗑️ 14 мусор
2026-05-17 13:10:22,769 | INFO     |   → 259/900: ✅ 6 взято | 🗑️ 17 мусор
2026-05-17 13:10:22,769 | INFO     |   → 260/900: ✅ 0 взято | 🗑️ 17 мусор
2026-05-17 13:10:22,769 | INFO     |   → 261/900: ✅ 0 взято | 🗑️ 17 мусор
2026-05-17 13:10:22,769 | INFO     |   → 262/900 ❌ HTTP 403 — https://nodefree.org/dy/2023/08/20230806.yaml
2026-05-17 13:10:22,769 | INFO     |   → 263/900 ❌ HTTP 403 — https://nodefree.org/dy/2023/12/20231221.txt
2026-05-17 13:10:22,769 | INFO     |   → 264/900: ✅ 0 взято | 🗑️ 17 мусор
2026-05-17 13:10:22,769 | INFO     |   → 265/900: ✅ 0 взято | 🗑️ 17 мусор
2026-05-17 13:10:22,769 | INFO     |   → 266/900: ✅ 0 взято | 🗑️ 14 мусор
2026-05-17 13:10:22,769 | INFO     |   → 267/900: ✅ 0 взято | 🗑️ 14 мусор
2026-05-17 13:10:22,769 | INFO     |   → 268/900: ✅ 0 взято | 🗑️ 14 мусор
2026-05-17 13:10:22,769 | INFO     |   → 269/900: ✅ 0 взято | 🗑️ 14 мусор
2026-05-17 13:10:22,769 | INFO     |   → 270/900: ✅ 0 взято | 🗑️ 14 мусор
2026-05-17 13:10:22,769 | INFO     |   → 271/900: ✅ 0 взято | 🗑️ 14 мусор
2026-05-17 13:10:22,769 | INFO     |   → 272/900: ✅ 0 взято | 🗑️ 14 мусор
2026-05-17 13:10:22,769 | INFO     |   → 273/900: ✅ 0 взято | 🗑️ 14 мусор
2026-05-17 13:10:22,769 | INFO     |   → 274/900: ✅ 0 взято | 🗑️ 14 мусор
2026-05-17 13:10:22,769 | INFO     |   → 275/900: ✅ 0 взято | 🗑️ 21 мусор
2026-05-17 13:10:22,769 | INFO     |   → 276/900: ✅ 0 взято | 🗑️ 21 мусор
2026-05-17 13:10:22,769 | INFO     |   → 277/900: ✅ 0 взято | 🗑️ 21 мусор
2026-05-17 13:10:22,769 | INFO     |   → 278/900: ✅ 0 взято | 🗑️ 21 мусор
2026-05-17 13:10:22,769 | INFO     |   → 279/900: ✅ 0 взято | 🗑️ 21 мусор
2026-05-17 13:10:22,769 | INFO     |   → 280/900: ✅ 0 взято | 🗑️ 21 мусор
2026-05-17 13:10:22,769 | INFO     |   → 281/900: ✅ 0 взято | 🗑️ 21 мусор
2026-05-17 13:10:22,769 | INFO     |   → 282/900: ✅ 0 взято | 🗑️ 21 мусор
2026-05-17 13:10:22,769 | INFO     |   → 283/900: ✅ 0 взято | 🗑️ 21 мусор
2026-05-17 13:10:22,769 | INFO     |   → 284/900: ✅ 0 взято | 🗑️ 21 мусор
2026-05-17 13:10:22,769 | INFO     |   → 285/900: ✅ 0 взято | 🗑️ 21 мусор
2026-05-17 13:10:22,770 | INFO     |   → 286/900: ✅ 0 взято | 🗑️ 15 мусор
2026-05-17 13:10:22,770 | INFO     |   → 287/900: ✅ 0 взято | 🗑️ 15 мусор
2026-05-17 13:10:22,770 | INFO     |   → 288/900: ✅ 0 взято | 🗑️ 15 мусор
2026-05-17 13:10:22,770 | INFO     |   → 289/900: ✅ 0 взято | 🗑️ 15 мусор
2026-05-17 13:10:22,770 | INFO     |   → 290/900: ✅ 0 взято | 🗑️ 15 мусор
2026-05-17 13:10:22,770 | INFO     |   → 291/900: ✅ 0 взято | 🗑️ 15 мусор
2026-05-17 13:10:22,770 | INFO     |   → 292/900: ✅ 0 взято | 🗑️ 15 мусор
2026-05-17 13:10:22,770 | INFO     |   → 293/900: ✅ 0 взято | 🗑️ 15 мусор
2026-05-17 13:10:22,770 | INFO     |   → 294/900: ✅ 0 взято | 🗑️ 15 мусор
2026-05-17 13:10:22,770 | INFO     |   → 295/900: ✅ 0 взято | 🗑️ 15 мусор
2026-05-17 13:10:22,770 | INFO     |   → 296/900: ✅ 0 взято | 🗑️ 14 мусор
2026-05-17 13:10:22,770 | INFO     |   → 297/900: ✅ 0 взято | 🗑️ 14 мусор
2026-05-17 13:10:22,770 | INFO     |   → 298/900: ✅ 0 взято | 🗑️ 14 мусор
2026-05-17 13:10:22,770 | INFO     |   → 299/900: ✅ 0 взято | 🗑️ 14 мусор
2026-05-17 13:10:22,770 | INFO     |   → 300/900: ✅ 0 взято | 🗑️ 17 мусор
2026-05-17 13:10:22,770 | INFO     |   → 301/900: ✅ 0 взято | 🗑️ 17 мусор
2026-05-17 13:10:22,770 | INFO     |   → 302/900: ✅ 0 взято | 🗑️ 17 мусор
2026-05-17 13:10:22,770 | INFO     |   → 303/900: ✅ 0 взято | 🗑️ 0 мусор
2026-05-17 13:10:22,770 | INFO     |   → 304/900: ✅ 0 взято | 🗑️ 0 мусор
2026-05-17 13:10:22,770 | INFO     |   → 305/900: ✅ 0 взято | 🗑️ 0 мусор
2026-05-17 13:10:22,770 | INFO     |   → 306/900: ✅ 0 взято | 🗑️ 0 мусор
2026-05-17 13:10:22,770 | INFO     |   → 307/900: ✅ 0 взято | 🗑️ 0 мусор
2026-05-17 13:10:22,770 | INFO     |   → 308/900: ✅ 0 взято | 🗑️ 0 мусор
2026-05-17 13:10:22,770 | INFO     |   → 309/900: ✅ 0 взято | 🗑️ 0 мусор
2026-05-17 13:10:22,770 | INFO     |   → 310/900: ✅ 0 взято | 🗑️ 0 мусор
2026-05-17 13:10:22,770 | INFO     |   → 311/900: ✅ 0 взято | 🗑️ 0 мусор
2026-05-17 13:10:22,770 | INFO     |   → 312/900: ✅ 0 взято | 🗑️ 0 мусор
2026-05-17 13:10:22,770 | INFO     |   → 313/900: ✅ 0 взято | 🗑️ 0 мусор
2026-05-17 13:10:22,770 | INFO     |   → 314/900: ✅ 0 взято | 🗑️ 0 мусор
2026-05-17 13:10:22,770 | INFO     |   → 315/900 ❌ HTTP 404 — https://raw.githubusercontent.com/10ium/MihomoSaz/main/Sublist/shatakvpn.yaml4_Sub.txt
2026-05-17 13:10:22,770 | INFO     |   → 316/900: ✅ 0 взято | 🗑️ 0 мусор
2026-05-17 13:10:22,771 | INFO     |   → 317/900: ✅ 0 взято | 🗑️ 0 мусор
2026-05-17 13:10:22,771 | INFO     |   → 318/900: ✅ 12 взято | 🗑️ 38 мусор
2026-05-17 13:10:22,771 | INFO     |   → 319/900: ✅ 0 взято | 🗑️ 0 мусор
2026-05-17 13:10:22,771 | INFO     |   → 320/900: ✅ 0 взято | 🗑️ 0 мусор
2026-05-17 13:10:22,771 | INFO     |   → 321/900: ✅ 11 взято | 🗑️ 399 мусор
2026-05-17 13:10:22,771 | INFO     |   → 322/900: ✅ 0 взято | 🗑️ 0 мусор
2026-05-17 13:10:22,771 | INFO     |   → 323/900 ❌ HTTP 404 — https://raw.githubusercontent.com/9Fork/openit/main/Clash.yaml
2026-05-17 13:10:22,771 | INFO     |   → 324/900: ✅ 100 взято | 🗑️ 381 мусор
2026-05-17 13:10:22,771 | INFO     |   → 325/900: ✅ 0 взято | 🗑️ 381 мусор
2026-05-17 13:10:22,771 | INFO     |   → 326/900: ✅ 19 взято | 🗑️ 81 мусор
2026-05-17 13:10:22,771 | INFO     |   → 327/900: ✅ 11 взято | 🗑️ 87 мусор
2026-05-17 13:10:22,771 | INFO     |   → 328/900: ✅ 27 взято | 🗑️ 73 мусор
2026-05-17 13:10:22,771 | INFO     |   → 329/900: ✅ 13 взято | 🗑️ 75 мусор
2026-05-17 13:10:22,771 | INFO     |   → 330/900: ✅ 10 взято | 🗑️ 83 мусор
2026-05-17 13:10:22,771 | INFO     |   → 331/900: ✅ 12 взято | 🗑️ 86 мусор
2026-05-17 13:10:22,771 | INFO     |   → 332/900: ✅ 11 взято | 🗑️ 87 мусор
2026-05-17 13:10:22,771 | INFO     |   → 333/900: ✅ 11 взято | 🗑️ 80 мусор
2026-05-17 13:10:22,771 | INFO     |   → 334/900: ✅ 9 взято | 🗑️ 82 мусор
2026-05-17 13:10:22,771 | INFO     |   → 335/900: ✅ 69 взято | 🗑️ 3 мусор
2026-05-17 13:10:22,771 | INFO     |   → 336/900: ✅ 3 взято | 🗑️ 75 мусор
2026-05-17 13:10:22,771 | INFO     |   → 337/900: ✅ 4 взято | 🗑️ 69 мусор
2026-05-17 13:10:22,771 | INFO     |   → 338/900: ✅ 4 взято | 🗑️ 80 мусор
2026-05-17 13:10:22,771 | INFO     |   → 339/900: ✅ 6 взято | 🗑️ 81 мусор
2026-05-17 13:10:22,771 | INFO     |   → 340/900: ✅ 5 взято | 🗑️ 79 мусор
2026-05-17 13:10:22,771 | INFO     |   → 341/900: ✅ 11 взято | 🗑️ 78 мусор
2026-05-17 13:10:22,771 | INFO     |   → 342/900: ✅ 3 взято | 🗑️ 83 мусор
2026-05-17 13:10:22,771 | INFO     |   → 343/900: ✅ 14 взято | 🗑️ 76 мусор
2026-05-17 13:10:22,771 | INFO     |   → 344/900: ✅ 12 взято | 🗑️ 78 мусор
2026-05-17 13:10:22,771 | INFO     |   → 345/900: ✅ 26 взято | 🗑️ 218 мусор
2026-05-17 13:10:22,771 | INFO     |   → 346/900: ✅ 44 взято | 🗑️ 141 мусор
2026-05-17 13:10:22,771 | INFO     |   → 347/900: ✅ 10 взято | 🗑️ 71 мусор
2026-05-17 13:10:22,771 | INFO     |   → 348/900: ✅ 2 взято | 🗑️ 88 мусор
2026-05-17 13:10:22,772 | INFO     |   → 349/900: ✅ 0 взято | 🗑️ 3 мусор
2026-05-17 13:10:22,772 | INFO     |   → 350/900: ✅ 14 взято | 🗑️ 4 мусор
2026-05-17 13:10:22,772 | INFO     |   → 351/900: ✅ 662 взято | 🗑️ 2399 мусор
2026-05-17 13:10:22,772 | INFO     |   → 352/900 ❌ HTTP 404 — https://raw.githubusercontent.com/Alvin9999/pac2/master/clash/1/config.yaml
2026-05-17 13:10:22,772 | INFO     |   → 353/900 ❌ HTTP 404 — https://raw.githubusercontent.com/AmirHDevo/temp2/7f15e7ddb311a6f8c5ab338bd1af0e1f2136a84b/configs.txt
2026-05-17 13:10:22,772 | INFO     |   → 354/900: ✅ 5 взято | 🗑️ 97 мусор
2026-05-17 13:10:22,772 | INFO     |   → 355/900: ✅ 1703 взято | 🗑️ 28542 мусор
2026-05-17 13:10:22,772 | INFO     |   → 356/900: ✅ 5 взято | 🗑️ 47 мусор
2026-05-17 13:10:22,772 | INFO     |   → 357/900: ✅ 4 взято | 🗑️ 57 мусор
2026-05-17 13:10:22,772 | INFO     |   → 358/900: ✅ 21 взято | 🗑️ 107 мусор
2026-05-17 13:10:22,772 | INFO     |   → 359/900: ✅ 78 взято | 🗑️ 347 мусор
2026-05-17 13:10:22,772 | INFO     |   → 360/900: ✅ 0 взято | 🗑️ 1373 мусор
2026-05-17 13:10:22,772 | INFO     |   → 361/900: ✅ 339 взято | 🗑️ 1542 мусор
2026-05-17 13:10:22,772 | INFO     |   → 362/900: ✅ 0 взято | 🗑️ 6 мусор
2026-05-17 13:10:22,772 | INFO     |   → 363/900: ✅ 0 взято | 🗑️ 0 мусор
2026-05-17 13:10:22,772 | INFO     |   → 364/900: ✅ 1 взято | 🗑️ 235 мусор
2026-05-17 13:10:22,772 | INFO     |   → 365/900: ✅ 0 взято | 🗑️ 16 мусор
2026-05-17 13:10:22,772 | INFO     |   → 366/900: ✅ 0 взято | 🗑️ 0 мусор
2026-05-17 13:10:22,772 | INFO     |   → 367/900: ✅ 0 взято | 🗑️ 14 мусор
2026-05-17 13:10:22,772 | INFO     |   → 368/900: ✅ 0 взято | 🗑️ 0 мусор
2026-05-17 13:10:22,772 | INFO     |   → 369/900: ✅ 0 взято | 🗑️ 17 мусор
2026-05-17 13:10:22,772 | INFO     |   → 370/900: ✅ 0 взято | 🗑️ 0 мусор
2026-05-17 13:10:22,772 | INFO     |   → 371/900: ✅ 1 взято | 🗑️ 12 мусор
2026-05-17 13:10:22,772 | INFO     |   → 372/900: ✅ 0 взято | 🗑️ 0 мусор
2026-05-17 13:10:22,772 | INFO     |   → 373/900: ✅ 0 взято | 🗑️ 17 мусор
2026-05-17 13:10:22,772 | INFO     |   → 374/900: ✅ 0 взято | 🗑️ 0 мусор
2026-05-17 13:10:22,772 | INFO     |   → 375/900: ✅ 0 взято | 🗑️ 17 мусор
2026-05-17 13:10:22,772 | INFO     |   → 376/900: ✅ 0 взято | 🗑️ 0 мусор
2026-05-17 13:10:22,772 | INFO     |   → 377/900: ✅ 0 взято | 🗑️ 167 мусор
2026-05-17 13:10:22,772 | INFO     |   → 378/900: ✅ 0 взято | 🗑️ 0 мусор
2026-05-17 13:10:22,772 | INFO     |   → 379/900: ✅ 5 взято | 🗑️ 76 мусор
2026-05-17 13:10:22,772 | INFO     |   → 380/900: ✅ 80 взято | 🗑️ 1110 мусор
2026-05-17 13:10:22,773 | INFO     |   → 381/900: ✅ 5 взято | 🗑️ 13 мусор
2026-05-17 13:10:22,773 | INFO     |   → 382/900 ❌ HTTP 404 — https://raw.githubusercontent.com/Epodonios/bulk-xray-v2ray-vless-vmess-...-configs/main/sub/Austria/config.txt
2026-05-17 13:10:22,773 | INFO     |   → 383/900 ❌ HTTP 404 — https://raw.githubusercontent.com/Epodonios/bulk-xray-v2ray-vless-vmess-...-configs/main/sub/Canada/config.txt
2026-05-17 13:10:22,773 | INFO     |   → 384/900 ❌ HTTP 404 — https://raw.githubusercontent.com/Epodonios/bulk-xray-v2ray-vless-vmess-...-configs/main/sub/Costa%20Rica/config.txt
2026-05-17 13:10:22,773 | INFO     |   → 385/900 ❌ HTTP 404 — https://raw.githubusercontent.com/Epodonios/bulk-xray-v2ray-vless-vmess-...-configs/main/sub/France/config.txt
2026-05-17 13:10:22,773 | INFO     |   → 386/900 ❌ HTTP 404 — https://raw.githubusercontent.com/Epodonios/bulk-xray-v2ray-vless-vmess-...-configs/main/sub/Germany/config.txt
2026-05-17 13:10:22,773 | INFO     |   → 387/900 ❌ HTTP 404 — https://raw.githubusercontent.com/Epodonios/bulk-xray-v2ray-vless-vmess-...-configs/main/sub/Indonesia/config.txt
2026-05-17 13:10:22,773 | INFO     |   → 388/900 ❌ HTTP 404 — https://raw.githubusercontent.com/Epodonios/bulk-xray-v2ray-vless-vmess-...-configs/main/sub/Ireland/config.txt
2026-05-17 13:10:22,773 | INFO     |   → 389/900 ❌ HTTP 404 — https://raw.githubusercontent.com/Epodonios/bulk-xray-v2ray-vless-vmess-...-configs/main/sub/Republic%20of%20Lithuania/config.txt
2026-05-17 13:10:22,773 | INFO     |   → 390/900 ❌ HTTP 404 — https://raw.githubusercontent.com/Epodonios/bulk-xray-v2ray-vless-vmess-...-configs/main/sub/South%20Africa/config.txt
2026-05-17 13:10:22,773 | INFO     |   → 391/900 ❌ HTTP 404 — https://raw.githubusercontent.com/Epodonios/bulk-xray-v2ray-vless-vmess-...-configs/main/sub/Sweden/config.txt
2026-05-17 13:10:22,773 | INFO     |   → 392/900 ❌ HTTP 404 — https://raw.githubusercontent.com/Epodonios/bulk-xray-v2ray-vless-vmess-...-configs/main/sub/Turkey/config.txt
2026-05-17 13:10:22,773 | INFO     |   → 393/900 ❌ HTTP 404 — https://raw.githubusercontent.com/Epodonios/bulk-xray-v2ray-vless-vmess-...-configs/main/sub/United%20Arab%20Emirates/config.txt
2026-05-17 13:10:22,773 | INFO     |   → 394/900 ❌ HTTP 404 — https://raw.githubusercontent.com/Epodonios/bulk-xray-v2ray-vless-vmess-...-configs/main/sub/United%20Kingdom/config.txt
2026-05-17 13:10:22,773 | INFO     |   → 395/900 ❌ HTTP 404 — https://raw.githubusercontent.com/Epodonios/bulk-xray-v2ray-vless-vmess-...-configs/main/sub/United%20States/config.txt
2026-05-17 13:10:22,773 | INFO     |   → 396/900: ✅ 362 взято | 🗑️ 3858 мусор
2026-05-17 13:10:22,773 | INFO     |   → 397/900 ❌ HTTP 404 — https://raw.githubusercontent.com/Epodonios/v2ray-configs/main/Splitted-By-Protocol/mix.txt
2026-05-17 13:10:22,773 | INFO     |   → 398/900: ✅ 4 взято | 🗑️ 349 мусор
2026-05-17 13:10:22,773 | INFO     |   → 399/900: ✅ 0 взято | 🗑️ 0 мусор
2026-05-17 13:10:22,773 | INFO     |   → 400/900: ✅ 4 взято | 🗑️ 320 мусор
2026-05-17 13:10:22,773 | INFO     |   → 401/900: ✅ 12 взято | 🗑️ 2606 мусор
2026-05-17 13:10:22,773 | INFO     |   → 402/900: ✅ 0 взято | 🗑️ 576 мусор
2026-05-17 13:10:22,773 | INFO     |   → 403/900 ❌ HTTP 404 — https://raw.githubusercontent.com/Epodonios/v2ray-configs/raw/main/Splitted-By-Protocol/trojan.txt
2026-05-17 13:10:22,773 | INFO     |   → 404/900 ❌ HTTP 404 — https://raw.githubusercontent.com/Epodonios/v2ray-configs/raw/main/Splitted-By-Protocol/vmess.txt
2026-05-17 13:10:22,773 | INFO     |   → 405/900: ✅ 0 взято | 🗑️ 349 мусор
2026-05-17 13:10:22,773 | INFO     |   → 406/900: ✅ 0 взято | 🗑️ 0 мусор
2026-05-17 13:10:22,773 | INFO     |   → 407/900: ✅ 0 взято | 🗑️ 320 мусор
2026-05-17 13:10:22,773 | INFO     |   → 408/900: ✅ 0 взято | 🗑️ 2606 мусор
2026-05-17 13:10:22,773 | INFO     |   → 409/900: ✅ 0 взято | 🗑️ 576 мусор
2026-05-17 13:10:22,773 | INFO     |   → 410/900 ❌ HTTP 404 — https://raw.githubusercontent.com/Fido6/FreeNodes/57221e59caddde55ffdda21d491ae952cd608049/nodes/halekj.txt
2026-05-17 13:10:22,773 | INFO     |   → 411/900 ❌ HTTP 404 — https://raw.githubusercontent.com/Fido6/FreeNodes/57221e59caddde55ffdda21d491ae952cd608049/nodes/kkzui.txt
2026-05-17 13:10:22,774 | INFO     |   → 412/900 ❌ HTTP 404 — https://raw.githubusercontent.com/Fido6/FreeNodes/57221e59caddde55ffdda21d491ae952cd608049/nodes/wenode.txt
2026-05-17 13:10:22,774 | INFO     |   → 413/900: ✅ 0 взято | 🗑️ 0 мусор
2026-05-17 13:10:22,774 | INFO     |   → 414/900: ✅ 0 взято | 🗑️ 0 мусор
2026-05-17 13:10:22,774 | INFO     |   → 415/900: ✅ 14 взято | 🗑️ 250 мусор
2026-05-17 13:10:22,774 | INFO     |   → 416/900: ✅ 4 взято | 🗑️ 13 мусор
2026-05-17 13:10:22,774 | INFO     |   → 417/900: ✅ 1 взято | 🗑️ 17 мусор
2026-05-17 13:10:22,774 | INFO     |   → 418/900: ✅ 4 взято | 🗑️ 11 мусор
2026-05-17 13:10:22,774 | INFO     |   → 419/900: ✅ 0 взято | 🗑️ 0 мусор
2026-05-17 13:10:22,774 | INFO     |   → 420/900: ✅ 0 взято | 🗑️ 137 мусор
2026-05-17 13:10:22,774 | INFO     |   → 421/900: ✅ 0 взято | 🗑️ 32 мусор
2026-05-17 13:10:22,774 | INFO     |   → 422/900: ✅ 2 взято | 🗑️ 19 мусор
2026-05-17 13:10:22,774 | INFO     |   → 423/900: ✅ 0 взято | 🗑️ 43 мусор
2026-05-17 13:10:22,774 | INFO     |   → 424/900: ✅ 0 взято | 🗑️ 43 мусор
2026-05-17 13:10:22,774 | INFO     |   → 425/900 ❌ HTTP 404 — https://raw.githubusercontent.com/Iran-v2ray/v2ray/main/v2ray
2026-05-17 13:10:22,774 | INFO     |   → 426/900: ✅ 0 взято | 🗑️ 1 мусор
2026-05-17 13:10:22,774 | INFO     |   → 427/900: ✅ 0 взято | 🗑️ 1 мусор
2026-05-17 13:10:22,774 | INFO     |   → 428/900: ✅ 0 взято | 🗑️ 28 мусор
2026-05-17 13:10:22,774 | INFO     |   → 429/900: ✅ 14 взято | 🗑️ 282 мусор
2026-05-17 13:10:22,774 | INFO     |   → 430/900: ✅ 0 взято | 🗑️ 94 мусор
2026-05-17 13:10:22,774 | INFO     |   → 431/900: ✅ 0 взято | 🗑️ 0 мусор
2026-05-17 13:10:22,774 | INFO     |   → 432/900: ✅ 0 взято | 🗑️ 0 мусор
2026-05-17 13:10:22,774 | INFO     |   → 433/900 ❌ HTTP 404 — https://raw.githubusercontent.com/Kwinshadow/TelegramV2rayCollector/raw/refs/heads/main/sublinks/mix.txt
2026-05-17 13:10:22,774 | INFO     |   → 434/900 ❌ HTTP 404 — https://raw.githubusercontent.com/LalatinaHub/Mineral/raw/refs/heads/master/result/nodes
2026-05-17 13:10:22,774 | INFO     |   → 435/900 ❌ HTTP 404 — https://raw.githubusercontent.com/Leon406/SubCrawler/main/sub/share/all3
2026-05-17 13:10:22,774 | INFO     |   → 436/900 ❌ HTTP 404 — https://raw.githubusercontent.com/Leon406/SubCrawler/main/sub/share/all4
2026-05-17 13:10:22,774 | INFO     |   → 437/900: ✅ 4 взято | 🗑️ 335 мусор
2026-05-17 13:10:22,774 | INFO     |   → 438/900: ✅ 0 взято | 🗑️ 33 мусор
2026-05-17 13:10:22,774 | INFO     |   → 439/900: ✅ 0 взято | 🗑️ 6 мусор
2026-05-17 13:10:22,774 | INFO     |   → 440/900: ✅ 0 взято | 🗑️ 147 мусор
2026-05-17 13:10:22,774 | INFO     |   → 441/900 ❌ HTTP 404 — https://raw.githubusercontent.com/M-Mashreghi/free-config-collector/main/Splitted-By-Protocol/ssr.txt
2026-05-17 13:10:22,774 | INFO     |   → 442/900: ✅ 139 взято | 🗑️ 114 мусор
2026-05-17 13:10:22,774 | INFO     |   → 443/900: ✅ 126 взято | 🗑️ 137 мусор
2026-05-17 13:10:22,775 | INFO     |   → 444/900: ✅ 0 взято | 🗑️ 12 мусор
2026-05-17 13:10:22,775 | INFO     |   → 445/900: ✅ 0 взято | 🗑️ 1 мусор
2026-05-17 13:10:22,775 | INFO     |   → 446/900: ✅ 96 взято | 🗑️ 411 мусор
2026-05-17 13:10:22,775 | INFO     |   → 447/900: ✅ 0 взято | 🗑️ 411 мусор
2026-05-17 13:10:22,775 | INFO     |   → 448/900 ❌ HTTP 404 — https://raw.githubusercontent.com/MatinGhanbari/v2ray-configs/main/subscriptions/filtered/subs/hy2.txt
2026-05-17 13:10:22,775 | INFO     |   → 449/900: ✅ 23 взято | 🗑️ 1489 мусор
2026-05-17 13:10:22,775 | INFO     |   → 450/900 ❌ HTTP 404 — https://raw.githubusercontent.com/MatinGhanbari/v2ray-configs/main/subscriptions/filtered/subs/ssr.txt
2026-05-17 13:10:22,775 | INFO     |   → 451/900: ✅ 60 взято | 🗑️ 528 мусор
2026-05-17 13:10:22,775 | INFO     |   → 452/900 ❌ HTTP 404 — https://raw.githubusercontent.com/MatinGhanbari/v2ray-configs/main/subscriptions/filtered/subs/tuic.txt
2026-05-17 13:10:22,775 | INFO     |   → 453/900: ✅ 14 взято | 🗑️ 241 мусор
2026-05-17 13:10:22,775 | INFO     |   → 454/900: ✅ 227 взято | 🗑️ 1358 мусор
2026-05-17 13:10:22,775 | INFO     |   → 455/900: ✅ 0 взято | 🗑️ 2 мусор
2026-05-17 13:10:22,775 | INFO     |   → 456/900: ✅ 81 взято | 🗑️ 715 мусор
2026-05-17 13:10:22,775 | INFO     |   → 457/900: ✅ 0 взято | 🗑️ 368 мусор
2026-05-17 13:10:22,775 | INFO     |   → 458/900: ✅ 0 взято | 🗑️ 368 мусор
2026-05-17 13:10:22,775 | INFO     |   → 459/900: ✅ 0 взято | 🗑️ 11 мусор
2026-05-17 13:10:22,775 | INFO     |   → 460/900: ✅ 0 взято | 🗑️ 2 мусор
2026-05-17 13:10:22,775 | INFO     |   → 461/900: ✅ 0 взято | 🗑️ 270 мусор
2026-05-17 13:10:22,775 | INFO     |   → 462/900: ✅ 0 взято | 🗑️ 72 мусор
2026-05-17 13:10:22,775 | INFO     |   → 463/900 ❌ HTTP 404 — https://raw.githubusercontent.com/MhdiTaheri/V2rayCollector/raw/refs/heads/main/sub/mix
2026-05-17 13:10:22,775 | INFO     |   → 464/900: ✅ 53 взято | 🗑️ 267 мусор
2026-05-17 13:10:22,775 | INFO     |   → 465/900 ❌ HTTP 404 — https://raw.githubusercontent.com/MhdiTaheri/V2rayCollector_Py/raw/refs/heads/main/sub/Mix/mix.txt
2026-05-17 13:10:22,775 | INFO     |   → 466/900: ✅ 0 взято | 🗑️ 0 мусор
2026-05-17 13:10:22,775 | INFO     |   → 467/900: ✅ 43 взято | 🗑️ 217 мусор
2026-05-17 13:10:22,775 | INFO     |   → 468/900: ✅ 0 взято | 🗑️ 31 мусор
2026-05-17 13:10:22,775 | INFO     |   → 469/900: ✅ 93 взято | 🗑️ 282 мусор
2026-05-17 13:10:22,775 | INFO     |   → 470/900: ✅ 0 взято | 🗑️ 26 мусор
2026-05-17 13:10:22,775 | INFO     |   → 471/900 ❌ HTTP 404 — https://raw.githubusercontent.com/MrMohebi/xray-proxy-grabber-telegram/master/collected-proxies/clash-meta/all.yaml
2026-05-17 13:10:22,775 | INFO     |   → 472/900 ❌ HTTP 404 — https://raw.githubusercontent.com/MrMohebi/xray-proxy-grabber-telegram/master/collected-proxies/row-url/actives.txt
2026-05-17 13:10:22,775 | INFO     |   → 473/900 ❌ HTTP 404 — https://raw.githubusercontent.com/MrMohebi/xray-proxy-grabber-telegram/master/collected-proxies/row-url/all.txt
2026-05-17 13:10:22,775 | INFO     |   → 474/900: ✅ 0 взято | 🗑️ 13 мусор
2026-05-17 13:10:22,775 | INFO     |   → 475/900: ✅ 0 взято | 🗑️ 13 мусор
2026-05-17 13:10:22,775 | INFO     |   → 476/900: ✅ 5 взято | 🗑️ 15 мусор
2026-05-17 13:10:22,775 | INFO     |   → 477/900: ✅ 0 взято | 🗑️ 30 мусор
2026-05-17 13:10:22,775 | INFO     |   → 478/900: ✅ 0 взято | 🗑️ 15 мусор
2026-05-17 13:10:22,775 | INFO     |   → 479/900: ✅ 66 взято | 🗑️ 123 мусор
2026-05-17 13:10:22,775 | INFO     |   → 480/900: ✅ 175 взято | 🗑️ 582 мусор
2026-05-17 13:10:22,775 | INFO     |   → 481/900: ✅ 0 взято | 🗑️ 0 мусор
2026-05-17 13:10:22,775 | INFO     |   → 482/900 ❌ HTTP 404 — https://raw.githubusercontent.com/OpenCNLink/freevpn/3cfcff048bfdd1493ccffa52ecf30ce7f9fc6b28/src/list/vmess.txt
2026-05-17 13:10:22,775 | INFO     |   → 483/900 ❌ HTTP 404 — https://raw.githubusercontent.com/Pawdro/Collection/main/sub
2026-05-17 13:10:22,775 | INFO     |   → 484/900: ✅ 0 взято | 🗑️ 20 мусор
2026-05-17 13:10:22,775 | INFO     |   → 485/900: ✅ 0 взято | 🗑️ 20 мусор
2026-05-17 13:10:22,775 | INFO     |   → 486/900: ✅ 0 взято | 🗑️ 0 мусор
2026-05-17 13:10:22,775 | INFO     |   → 487/900: ✅ 0 взято | 🗑️ 0 мусор
2026-05-17 13:10:22,776 | INFO     |   → 488/900: ✅ 0 взято | 🗑️ 50 мусор
2026-05-17 13:10:22,776 | INFO     |   → 489/900: ✅ 5 взято | 🗑️ 206 мусор
2026-05-17 13:10:22,776 | INFO     |   → 490/900: ✅ 21 взято | 🗑️ 138 мусор
2026-05-17 13:10:22,776 | INFO     |   → 491/900: ✅ 23 взято | 🗑️ 89 мусор
2026-05-17 13:10:22,776 | INFO     |   → 492/900: ✅ 9 взято | 🗑️ 85 мусор
2026-05-17 13:10:22,776 | INFO     |   → 493/900: ✅ 0 взято | 🗑️ 129 мусор
2026-05-17 13:10:22,776 | INFO     |   → 494/900: ✅ 0 взято | 🗑️ 81 мусор
2026-05-17 13:10:22,776 | INFO     |   → 495/900 ❌ HTTP 404 — https://raw.githubusercontent.com/STR97/STRUGOV/refs/heads/main/STR.BYPASS
2026-05-17 13:10:22,776 | INFO     |   → 496/900: ✅ 4 взято | 🗑️ 34 мусор
2026-05-17 13:10:22,776 | INFO     |   → 497/900: ✅ 11 взято | 🗑️ 16 мусор
2026-05-17 13:10:22,776 | INFO     |   → 498/900: ✅ 0 взято | 🗑️ 16 мусор
2026-05-17 13:10:22,776 | INFO     |   → 499/900: ✅ 0 взято | 🗑️ 27 мусор
2026-05-17 13:10:22,776 | INFO     |   → 500/900: ✅ 140 взято | 🗑️ 1153 мусор
2026-05-17 13:10:22,776 | INFO     |   → 501/900: ✅ 29 взято | 🗑️ 54 мусор
2026-05-17 13:10:22,776 | INFO     |   → 502/900: ✅ 0 взято | 🗑️ 3 мусор
2026-05-17 13:10:22,776 | INFO     |   → 503/900: ✅ 0 взято | 🗑️ 0 мусор
2026-05-17 13:10:22,776 | INFO     |   → 504/900: ✅ 2 взято | 🗑️ 3 мусор
2026-05-17 13:10:22,776 | INFO     |   → 505/900: ✅ 0 взято | 🗑️ 3 мусор
2026-05-17 13:10:22,776 | INFO     |   → 506/900: ✅ 0 взято | 🗑️ 3 мусор
2026-05-17 13:10:22,776 | INFO     |   → 507/900: ✅ 4 взято | 🗑️ 291 мусор
2026-05-17 13:10:22,776 | INFO     |   → 508/900: ✅ 0 взято | 🗑️ 119 мусор
2026-05-17 13:10:22,776 | INFO     |   → 509/900: ✅ 0 взято | 🗑️ 0 мусор
2026-05-17 13:10:22,776 | INFO     |   → 510/900 ❌ HTTP 404 — https://raw.githubusercontent.com/V2RAYCONFIGSPOOL/V2RAY_SUB/main/V2RAY_SUB.txt
2026-05-17 13:10:22,776 | INFO     |   → 511/900: ✅ 46 взято | 🗑️ 91 мусор
2026-05-17 13:10:22,776 | INFO     |   → 512/900: ✅ 19 взято | 🗑️ 76 мусор
2026-05-17 13:10:22,776 | INFO     |   → 513/900: ✅ 0 взято | 🗑️ 0 мусор
2026-05-17 13:10:22,776 | INFO     |   → 514/900: ✅ 0 взято | 🗑️ 76 мусор
2026-05-17 13:10:22,776 | INFO     |   → 515/900: ✅ 58 взято | 🗑️ 348 мусор
2026-05-17 13:10:22,776 | INFO     |   → 516/900: ✅ 1 взято | 🗑️ 231 мусор
2026-05-17 13:10:22,776 | INFO     |   → 517/900: ✅ 0 взято | 🗑️ 0 мусор
2026-05-17 13:10:22,776 | INFO     |   → 518/900: ✅ 1 взято | 🗑️ 83 мусор
2026-05-17 13:10:22,777 | INFO     |   → 519/900: ✅ 0 взято | 🗑️ 16 мусор
2026-05-17 13:10:22,777 | INFO     |   → 520/900: ✅ 0 взято | 🗑️ 16 мусор
2026-05-17 13:10:22,777 | INFO     |   → 521/900 ❌ HTTP 404 — https://raw.githubusercontent.com/aiboboxx/clashfree/main/clash.yml
2026-05-17 13:10:22,777 | INFO     |   → 522/900 ❌ HTTP 404 — https://raw.githubusercontent.com/aiboboxx/v2rayfree/main/v2
2026-05-17 13:10:22,777 | INFO     |   → 523/900 ❌ HTTP 404 — https://raw.githubusercontent.com/amirmohammad-mohammad-88/Sub-Reality-Azadi-config/Config/Azadi-Reality-Different
2026-05-17 13:10:22,777 | INFO     |   → 524/900 ❌ HTTP 404 — https://raw.githubusercontent.com/amirmohammad-mohammad-88/Sub-Reality-Azadi-config/Config/Azadi-Reality-Different-Base64
2026-05-17 13:10:22,777 | INFO     |   → 525/900: ✅ 1 взято | 🗑️ 17 мусор
2026-05-17 13:10:22,777 | INFO     |   → 526/900: ✅ 0 взято | 🗑️ 0 мусор
2026-05-17 13:10:22,777 | INFO     |   → 527/900: ✅ 4 взято | 🗑️ 114 мусор
2026-05-17 13:10:22,777 | INFO     |   → 528/900: ✅ 19 взято | 🗑️ 74 мусор
2026-05-17 13:10:22,777 | INFO     |   → 529/900 ❌ HTTP 404 — https://raw.githubusercontent.com/awesome-vpn/awesome-vpn/master/ss
2026-05-17 13:10:22,777 | INFO     |   → 530/900 ❌ HTTP 404 — https://raw.githubusercontent.com/awesome-vpn/awesome-vpn/master/ssr
2026-05-17 13:10:22,777 | INFO     |   → 531/900: ✅ 0 взято | 🗑️ 0 мусор
2026-05-17 13:10:22,777 | INFO     |   → 532/900: ✅ 1 взято | 🗑️ 22 мусор
2026-05-17 13:10:22,777 | INFO     |   → 533/900: ✅ 0 взято | 🗑️ 116 мусор
2026-05-17 13:10:22,777 | INFO     |   → 534/900 ❌ HTTP 404 — https://raw.githubusercontent.com/barry-far/V2ray-Configs/ced94ddfff48276ec365b40227561f36b1b64bc8/Sub5.txt
2026-05-17 13:10:22,777 | INFO     |   → 535/900 ❌ HTTP 404 — https://raw.githubusercontent.com/barry-far/V2ray-Configs/main/Splitted-By-Protocol/hysteria2.txt
2026-05-17 13:10:22,777 | INFO     |   → 536/900 ❌ HTTP 404 — https://raw.githubusercontent.com/barry-far/V2ray-Configs/main/Splitted-By-Protocol/vless.txt
2026-05-17 13:10:22,777 | INFO     |   → 537/900 ❌ HTTP 404 — https://raw.githubusercontent.com/barry-far/V2ray-Configs/main/Sub1.txt
2026-05-17 13:10:22,777 | INFO     |   → 538/900 ❌ HTTP 404 — https://raw.githubusercontent.com/barry-far/V2ray-Configs/refs/heads/main/All_Configs_Sub.txt
2026-05-17 13:10:22,777 | INFO     |   → 539/900: ✅ 0 взято | 🗑️ 0 мусор
2026-05-17 13:10:22,777 | INFO     |   → 540/900 ❌ HTTP 404 — https://raw.githubusercontent.com/budamu/clashconfig/main/v2ray.txt
2026-05-17 13:10:22,777 | INFO     |   → 541/900 ❌ HTTP 404 — https://raw.githubusercontent.com/budamu/clashconfig/main/v2ray2.txt
2026-05-17 13:10:22,777 | INFO     |   → 542/900: ✅ 0 взято | 🗑️ 0 мусор
2026-05-17 13:10:22,777 | INFO     |   → 543/900: ✅ 0 взято | 🗑️ 442 мусор
2026-05-17 13:10:22,777 | INFO     |   → 544/900: ✅ 0 взято | 🗑️ 0 мусор
2026-05-17 13:10:22,778 | INFO     |   → 545/900 ❌ HTTP 404 — https://raw.githubusercontent.com/chxxyz2004/zd/17fca23b73c46b5dd73e9be49b14d219b5e5f836/sub/2401/240110.txt
2026-05-17 13:10:22,778 | INFO     |   → 546/900: ✅ 0 взято | 🗑️ 44 мусор
2026-05-17 13:10:22,778 | INFO     |   → 547/900: ✅ 236 взято | 🗑️ 517 мусор
2026-05-17 13:10:22,778 | INFO     |   → 548/900 ❌ HTTP 404 — https://raw.githubusercontent.com/cxr9912/cxr2022/main/free.yaml
2026-05-17 13:10:22,778 | INFO     |   → 549/900 ❌ HTTP 404 — https://raw.githubusercontent.com/cxr9912/cxr2022/main/mix.yaml
2026-05-17 13:10:22,778 | INFO     |   → 550/900 ❌ HTTP 404 — https://raw.githubusercontent.com/cxr9912/cxr2022/main/ss.yaml
2026-05-17 13:10:22,778 | INFO     |   → 551/900 ❌ HTTP 404 — https://raw.githubusercontent.com/cxr9912/cxr2022/main/ssr.yaml
2026-05-17 13:10:22,778 | INFO     |   → 552/900 ❌ HTTP 404 — https://raw.githubusercontent.com/cxr9912/cxr2022/main/vmess.yaml
2026-05-17 13:10:22,778 | INFO     |   → 553/900 ❌ HTTP 404 — https://raw.githubusercontent.com/cxr9912/cxr2022/refs/heads/main/18cj.json
2026-05-17 13:10:22,778 | INFO     |   → 554/900 ❌ HTTP 404 — https://raw.githubusercontent.com/cxr9912/cxr2022/refs/heads/main/aaaaaaaa.yaml
2026-05-17 13:10:22,778 | INFO     |   → 555/900 ❌ HTTP 404 — https://raw.githubusercontent.com/cxr9912/cxr2022/refs/heads/main/free.yaml
2026-05-17 13:10:22,778 | INFO     |   → 556/900 ❌ HTTP 404 — https://raw.githubusercontent.com/cxr9912/cxr2022/refs/heads/main/ss2088.txt
2026-05-17 13:10:22,778 | INFO     |   → 557/900: ✅ 0 взято | 🗑️ 18 мусор
2026-05-17 13:10:22,778 | INFO     |   → 558/900: ✅ 0 взято | 🗑️ 18 мусор
2026-05-17 13:10:22,778 | INFO     |   → 559/900: ✅ 6 взято | 🗑️ 78 мусор
2026-05-17 13:10:22,778 | INFO     |   → 560/900: ✅ 6 взято | 🗑️ 4 мусор
2026-05-17 13:10:22,778 | INFO     |   → 561/900: ✅ 0 взято | 🗑️ 2 мусор
2026-05-17 13:10:22,778 | INFO     |   → 562/900: ✅ 0 взято | 🗑️ 2 мусор
2026-05-17 13:10:22,778 | INFO     |   → 563/900: ✅ 0 взято | 🗑️ 2 мусор
2026-05-17 13:10:22,778 | INFO     |   → 564/900: ✅ 0 взято | 🗑️ 3 мусор
2026-05-17 13:10:22,778 | INFO     |   → 565/900: ✅ 0 взято | 🗑️ 2 мусор
2026-05-17 13:10:22,778 | INFO     |   → 566/900: ✅ 0 взято | 🗑️ 9 мусор
2026-05-17 13:10:22,778 | INFO     |   → 567/900: ✅ 1 взято | 🗑️ 1 мусор
2026-05-17 13:10:22,778 | INFO     |   → 568/900: ✅ 0 взято | 🗑️ 10 мусор
2026-05-17 13:10:22,778 | INFO     |   → 569/900: ✅ 0 взято | 🗑️ 2 мусор
2026-05-17 13:10:22,778 | INFO     |   → 570/900: ✅ 0 взято | 🗑️ 0 мусор
2026-05-17 13:10:22,778 | INFO     |   → 571/900: ✅ 139 взято | 🗑️ 3815 мусор
2026-05-17 13:10:22,779 | INFO     |   → 572/900: ✅ 49 взято | 🗑️ 90 мусор
2026-05-17 13:10:22,779 | INFO     |   → 573/900: ✅ 6 взято | 🗑️ 113 мусор
2026-05-17 13:10:22,779 | INFO     |   → 574/900: ✅ 0 взято | 🗑️ 0 мусор
2026-05-17 13:10:22,779 | INFO     |   → 575/900: ✅ 1 взято | 🗑️ 25 мусор
2026-05-17 13:10:22,779 | INFO     |   → 576/900: ✅ 0 взято | 🗑️ 0 мусор
2026-05-17 13:10:22,779 | INFO     |   → 577/900: ✅ 13 взято | 🗑️ 19 мусор
2026-05-17 13:10:22,779 | INFO     |   → 578/900: ✅ 0 взято | 🗑️ 5 мусор
2026-05-17 13:10:22,779 | INFO     |   → 579/900: ✅ 2 взято | 🗑️ 80 мусор
2026-05-17 13:10:22,779 | INFO     |   → 580/900 ❌ HTTP 404 — https://raw.githubusercontent.com/free-nodes/v2rayfree/main/v2
2026-05-17 13:10:22,779 | INFO     |   → 581/900 ❌ HTTP 404 — https://raw.githubusercontent.com/free-v2ray-config/trojan/main/trojan.txt
2026-05-17 13:10:22,779 | INFO     |   → 582/900 ❌ HTTP 404 — https://raw.githubusercontent.com/free-v2ray-config/vless/main/vless.txt
2026-05-17 13:10:22,779 | INFO     |   → 583/900 ❌ HTTP 404 — https://raw.githubusercontent.com/free-v2ray-config/vmess/main/vmess.txt
2026-05-17 13:10:22,779 | INFO     |   → 584/900: ✅ 5 взято | 🗑️ 169 мусор
2026-05-17 13:10:22,779 | INFO     |   → 585/900: ✅ 34 взято | 🗑️ 121 мусор
2026-05-17 13:10:22,779 | INFO     |   → 586/900: ✅ 4 взято | 🗑️ 97 мусор
2026-05-17 13:10:22,779 | INFO     |   → 587/900 ❌ HTTP 404 — https://raw.githubusercontent.com/free18/v2ray/main/Clash.yaml
2026-05-17 13:10:22,779 | INFO     |   → 588/900: ✅ 0 взято | 🗑️ 0 мусор
2026-05-17 13:10:22,779 | INFO     |   → 589/900: ✅ 0 взято | 🗑️ 15 мусор
2026-05-17 13:10:22,779 | INFO     |   → 590/900: ✅ 0 взято | 🗑️ 0 мусор
2026-05-17 13:10:22,779 | INFO     |   → 591/900: ✅ 0 взято | 🗑️ 8 мусор
2026-05-17 13:10:22,779 | INFO     |   → 592/900: ✅ 0 взято | 🗑️ 8 мусор
2026-05-17 13:10:22,779 | INFO     |   → 593/900: ✅ 0 взято | 🗑️ 8 мусор
2026-05-17 13:10:22,779 | INFO     |   → 594/900: ✅ 0 взято | 🗑️ 8 мусор
2026-05-17 13:10:22,779 | INFO     |   → 595/900 ❌ HTTP 404 — https://raw.githubusercontent.com/freev2rayconfig/V2RAY_SUB/3e6a7786a1601ee3723e8d043ae79e70dbdfd9a8/v2rayconfigs.txt
2026-05-17 13:10:22,779 | INFO     |   → 596/900 ❌ HTTP 404 — https://raw.githubusercontent.com/freev2rayconfig/V2RAY_SUBSCRIPTION_LINK/main/v2rayconfigs.txt
2026-05-17 13:10:22,779 | INFO     |   → 597/900 ❌ HTTP 404 — https://raw.githubusercontent.com/gfpcom/free-proxy-list/main/list/http.txt
2026-05-17 13:10:22,780 | INFO     |   → 598/900 ❌ HTTP 404 — https://raw.githubusercontent.com/gfpcom/free-proxy-list/main/list/https.txt
2026-05-17 13:10:22,780 | INFO     |   → 599/900 ❌ HTTP 404 — https://raw.githubusercontent.com/gfpcom/free-proxy-list/main/list/socks4.txt
2026-05-17 13:10:22,780 | INFO     |   → 600/900 ❌ HTTP 404 — https://raw.githubusercontent.com/gfpcom/free-proxy-list/main/list/socks4a.txt
2026-05-17 13:10:22,780 | INFO     |   → 601/900 ❌ HTTP 404 — https://raw.githubusercontent.com/gfpcom/free-proxy-list/main/list/socks5.txt
2026-05-17 13:10:22,780 | INFO     |   → 602/900 ❌ HTTP 404 — https://raw.githubusercontent.com/gfpcom/free-proxy-list/main/list/socks5h.txt
2026-05-17 13:10:22,780 | INFO     |   → 603/900 ❌ HTTP 404 — https://raw.githubusercontent.com/gfpcom/free-proxy-list/main/list/ss.txt
2026-05-17 13:10:22,780 | INFO     |   → 604/900 ❌ HTTP 404 — https://raw.githubusercontent.com/gfpcom/free-proxy-list/main/list/ssr.txt
2026-05-17 13:10:22,780 | INFO     |   → 605/900 ❌ HTTP 404 — https://raw.githubusercontent.com/gfpcom/free-proxy-list/main/list/trojan.txt
2026-05-17 13:10:22,780 | INFO     |   → 606/900 ❌ HTTP 404 — https://raw.githubusercontent.com/gfpcom/free-proxy-list/main/list/vless.txt
2026-05-17 13:10:22,780 | INFO     |   → 607/900 ❌ HTTP 404 — https://raw.githubusercontent.com/gfpcom/free-proxy-list/main/list/vmess.txt
2026-05-17 13:10:22,780 | INFO     |   → 608/900: ✅ 0 взято | 🗑️ 17 мусор
2026-05-17 13:10:22,780 | INFO     |   → 609/900: ✅ 0 взято | 🗑️ 0 мусор
2026-05-17 13:10:22,780 | INFO     |   → 610/900: ✅ 4 взято | 🗑️ 63 мусор
2026-05-17 13:10:22,780 | INFO     |   → 611/900 ❌ HTTP 404 — https://raw.githubusercontent.com/hameed-maleki/TVC/89a4522969c57dcc22458cae9898426e5c4f2679/lite/config.txt
2026-05-17 13:10:22,780 | INFO     |   → 612/900: ✅ 5 взято | 🗑️ 132 мусор
2026-05-17 13:10:22,780 | INFO     |   → 613/900: ✅ 0 взято | 🗑️ 56 мусор
2026-05-17 13:10:22,780 | INFO     |   → 614/900 ❌ HTTP 404 — https://raw.githubusercontent.com/hkaa0/permalink/main/proxy/V2ray
2026-05-17 13:10:22,780 | INFO     |   → 615/900 ❌ HTTP 404 — https://raw.githubusercontent.com/hkaa0/permalink/main/proxy/clash
2026-05-17 13:10:22,780 | INFO     |   → 616/900 ❌ HTTP 404 — https://raw.githubusercontent.com/hkpc/Autoproxy/6cf946ddfc677a29062007e4b47d70674474baa7/sub/2401/240110.txt
2026-05-17 13:10:22,780 | INFO     |   → 617/900 ❌ HTTP 404 — https://raw.githubusercontent.com/hkpc/V2ray-Configs/7d9aa0dabf947af180a7dd6302818ed37950531a/Sub1.txt
2026-05-17 13:10:22,780 | INFO     |   → 618/900: ✅ 0 взято | 🗑️ 14 мусор
2026-05-17 13:10:22,780 | INFO     |   → 619/900: ✅ 16 взято | 🗑️ 16 мусор
2026-05-17 13:10:22,780 | INFO     |   → 620/900 ❌ HTTP 404 — https://raw.githubusercontent.com/iboxz/free-v2ray-collector/main/main
2026-05-17 13:10:22,780 | INFO     |   → 621/900: ✅ 9 взято | 🗑️ 16 мусор
2026-05-17 13:10:22,780 | INFO     |   → 622/900: ✅ 8 взято | 🗑️ 8 мусор
2026-05-17 13:10:22,780 | INFO     |   → 623/900: ✅ 57 взято | 🗑️ 212 мусор
2026-05-17 13:10:22,780 | INFO     |   → 624/900 ❌ HTTP 404 — https://raw.githubusercontent.com/igareck/vpn-configs-for-russia/refs/heads/main/Vless-Reality-White-Lists-Rus-Cable.txt
2026-05-17 13:10:22,781 | INFO     |   → 625/900: ✅ 62 взято | 🗑️ 8 мусор
2026-05-17 13:10:22,781 | INFO     |   → 626/900: ✅ 0 взято | 🗑️ 0 мусор
2026-05-17 13:10:22,781 | INFO     |   → 627/900: ✅ 0 взято | 🗑️ 0 мусор
2026-05-17 13:10:22,781 | INFO     |   → 628/900: ✅ 23 взято | 🗑️ 9 мусор
2026-05-17 13:10:22,781 | INFO     |   → 629/900: ✅ 0 взято | 🗑️ 0 мусор
2026-05-17 13:10:22,781 | INFO     |   → 630/900: ✅ 0 взято | 🗑️ 0 мусор
2026-05-17 13:10:22,781 | INFO     |   → 631/900: ✅ 0 взято | 🗑️ 12 мусор
2026-05-17 13:10:22,781 | INFO     |   → 632/900: ✅ 0 взято | 🗑️ 43 мусор
2026-05-17 13:10:22,781 | INFO     |   → 633/900 ❌ HTTP 404 — https://raw.githubusercontent.com/jw853355718/clash_233/master/config.yml
2026-05-17 13:10:22,781 | INFO     |   → 634/900: ✅ 0 взято | 🗑️ 210 мусор
2026-05-17 13:10:22,781 | INFO     |   → 635/900: ✅ 0 взято | 🗑️ 0 мусор
2026-05-17 13:10:22,781 | INFO     |   → 636/900: ✅ 0 взято | 🗑️ 0 мусор
2026-05-17 13:10:22,781 | INFO     |   → 637/900 ❌ HTTP 404 — https://raw.githubusercontent.com/lcx12901/v2ray-/master/sspool.herokuapp.com/yzcloud.yaml
2026-05-17 13:10:22,781 | INFO     |   → 638/900 ❌ HTTP 404 — https://raw.githubusercontent.com/lcx12901/v2ray-/master/sspool.herokuapp.com/yzcloud2.yaml
2026-05-17 13:10:22,781 | INFO     |   → 639/900: ✅ 0 взято | 🗑️ 0 мусор
2026-05-17 13:10:22,781 | INFO     |   → 640/900 ❌ HTTP 404 — https://raw.githubusercontent.com/learnhard-cn/free_proxy_ss/main/clash/config.yaml
2026-05-17 13:10:22,781 | INFO     |   → 641/900: ✅ 0 взято | 🗑️ 8 мусор
2026-05-17 13:10:22,781 | INFO     |   → 642/900: ✅ 0 взято | 🗑️ 4 мусор
2026-05-17 13:10:22,781 | INFO     |   → 643/900: ✅ 0 взято | 🗑️ 0 мусор
2026-05-17 13:10:22,781 | INFO     |   → 644/900: ✅ 0 взято | 🗑️ 4 мусор
2026-05-17 13:10:22,781 | INFO     |   → 645/900: ✅ 0 взято | 🗑️ 149 мусор
2026-05-17 13:10:22,781 | INFO     |   → 646/900: ✅ 0 взято | 🗑️ 421 мусор
2026-05-17 13:10:22,781 | INFO     |   → 647/900 ❌ HTTP 404 — https://raw.githubusercontent.com/lisylva-lee/v2dyku/main/ssr
2026-05-17 13:10:22,781 | INFO     |   → 648/900 ❌ HTTP 404 — https://raw.githubusercontent.com/lisylva-lee/v2dyku/main/v2dy
2026-05-17 13:10:22,781 | INFO     |   → 649/900: ✅ 0 взято | 🗑️ 53 мусор
2026-05-17 13:10:22,781 | INFO     |   → 650/900 ❌ HTTP 404 — https://raw.githubusercontent.com/luxl-1379/merge/77247d23def72b25226dfa741614e9b07a569c72/sub/sub_merge_base64.txt
2026-05-17 13:10:22,781 | INFO     |   → 651/900: ✅ 146 взято | 🗑️ 343 мусор
2026-05-17 13:10:22,782 | INFO     |   → 652/900: ✅ 0 взято | 🗑️ 120 мусор
2026-05-17 13:10:22,782 | INFO     |   → 653/900: ✅ 638 взято | 🗑️ 3914 мусор
2026-05-17 13:10:22,782 | INFO     |   → 654/900: ✅ 0 взято | 🗑️ 0 мусор
2026-05-17 13:10:22,782 | INFO     |   → 655/900: ✅ 0 взято | 🗑️ 3914 мусор
2026-05-17 13:10:22,782 | INFO     |   → 656/900: ✅ 20 взято | 🗑️ 370 мусор
2026-05-17 13:10:22,782 | INFO     |   → 657/900 ❌ HTTP 404 — https://raw.githubusercontent.com/mermeroo/Clash-V2ray/main/v2ray
2026-05-17 13:10:22,782 | INFO     |   → 658/900: ✅ 15 взято | 🗑️ 417 мусор
2026-05-17 13:10:22,782 | INFO     |   → 659/900: ✅ 6 взято | 🗑️ 102 мусор
2026-05-17 13:10:22,782 | INFO     |   → 660/900: ✅ 716 взято | 🗑️ 6258 мусор
2026-05-17 13:10:22,782 | INFO     |   → 661/900: ✅ 8 взято | 🗑️ 853 мусор
2026-05-17 13:10:22,782 | INFO     |   → 662/900: ✅ 32 взято | 🗑️ 69 мусор
2026-05-17 13:10:22,782 | INFO     |   → 663/900 ❌ HTTP 404 — https://raw.githubusercontent.com/mermeroo/free-v2ray-collector/main/main/mix
2026-05-17 13:10:22,782 | INFO     |   → 664/900 ❌ HTTP 404 — https://raw.githubusercontent.com/mermeroo/free-v2ray-collector/main/main/reality
2026-05-17 13:10:22,782 | INFO     |   → 665/900 ❌ HTTP 404 — https://raw.githubusercontent.com/mermeroo/free-v2ray-collector/main/main/shadowsocks
2026-05-17 13:10:22,782 | INFO     |   → 666/900 ❌ HTTP 404 — https://raw.githubusercontent.com/mermeroo/free-v2ray-collector/main/main/trojan
2026-05-17 13:10:22,782 | INFO     |   → 667/900 ❌ HTTP 404 — https://raw.githubusercontent.com/mermeroo/free-v2ray-collector/main/main/vless
2026-05-17 13:10:22,782 | INFO     |   → 668/900 ❌ HTTP 404 — https://raw.githubusercontent.com/mermeroo/free-v2ray-collector/main/main/vmess
2026-05-17 13:10:22,782 | INFO     |   → 669/900 ❌ HTTP 404 — https://raw.githubusercontent.com/mfuu/v2ray/master/merge/merge.txt
2026-05-17 13:10:22,782 | INFO     |   → 670/900: ✅ 0 взято | 🗑️ 224 мусор
2026-05-17 13:10:22,782 | INFO     |   → 671/900: ✅ 0 взято | 🗑️ 224 мусор
2026-05-17 13:10:22,782 | INFO     |   → 672/900: ✅ 504 взято | 🗑️ 13384 мусор
2026-05-17 13:10:22,782 | INFO     |   → 673/900: ✅ 0 взято | 🗑️ 13384 мусор
2026-05-17 13:10:22,782 | INFO     |   → 674/900: ✅ 0 взято | 🗑️ 3055 мусор
2026-05-17 13:10:22,782 | INFO     |   → 675/900: ✅ 0 взято | 🗑️ 1651 мусор
2026-05-17 13:10:22,782 | INFO     |   → 676/900: ✅ 0 взято | 🗑️ 4495 мусор
2026-05-17 13:10:22,782 | INFO     |   → 677/900: ✅ 0 взято | 🗑️ 4183 мусор
2026-05-17 13:10:22,783 | INFO     |   → 678/900 ❌ HTTP 404 — https://raw.githubusercontent.com/mianous/qiren/main/qiren.txt
2026-05-17 13:10:22,783 | INFO     |   → 679/900 ❌ HTTP 404 — https://raw.githubusercontent.com/miladtahanian/V2RayCFGDumper/refs/heads/main/config.txt
2026-05-17 13:10:22,783 | INFO     |   → 680/900 ❌ HTTP 404 — https://raw.githubusercontent.com/miladtahanian/multi-proxy-config-fetcher/refs/heads/main/configs/proxy_configs.txt
2026-05-17 13:10:22,783 | INFO     |   → 681/900: ✅ 0 взято | 🗑️ 0 мусор
2026-05-17 13:10:22,783 | INFO     |   → 682/900: ✅ 0 взято | 🗑️ 0 мусор
2026-05-17 13:10:22,783 | INFO     |   → 683/900: ✅ 0 взято | 🗑️ 0 мусор
2026-05-17 13:10:22,783 | INFO     |   → 684/900: ✅ 15 взято | 🗑️ 46 мусор
2026-05-17 13:10:22,783 | INFO     |   → 685/900: ✅ 0 взято | 🗑️ 212 мусор
2026-05-17 13:10:22,783 | INFO     |   → 686/900: ✅ 0 взято | 🗑️ 0 мусор
2026-05-17 13:10:22,783 | INFO     |   → 687/900: ✅ 28 взято | 🗑️ 93 мусор
2026-05-17 13:10:22,783 | INFO     |   → 688/900: ✅ 0 взято | 🗑️ 0 мусор
2026-05-17 13:10:22,783 | INFO     |   → 689/900: ✅ 15 взято | 🗑️ 70 мусор
2026-05-17 13:10:22,783 | INFO     |   → 690/900: ✅ 127 взято | 🗑️ 492 мусор
2026-05-17 13:10:22,783 | INFO     |   → 691/900: ✅ 331 взято | 🗑️ 190 мусор
2026-05-17 13:10:22,783 | INFO     |   → 692/900: ✅ 27 взято | 🗑️ 940 мусор
2026-05-17 13:10:22,783 | INFO     |   → 693/900 ❌ HTTP 404 — https://raw.githubusercontent.com/obscure1990/freeVM/master/snippets/nodes.yml
2026-05-17 13:10:22,783 | INFO     |   → 694/900 ❌ HTTP 404 — https://raw.githubusercontent.com/op30mmd/things/909b38024ba14d69dc0f95c238f63bc6e930a00f/eut.txt
2026-05-17 13:10:22,783 | INFO     |   → 695/900 ❌ HTTP 404 — https://raw.githubusercontent.com/openRunner/clash-freenode/main/v2ray.txt
2026-05-17 13:10:22,783 | INFO     |   → 696/900 ❌ HTTP 404 — https://raw.githubusercontent.com/oslook/clash-freenode/main/clash.yaml
2026-05-17 13:10:22,783 | INFO     |   → 697/900: ✅ 0 взято | 🗑️ 0 мусор
2026-05-17 13:10:22,783 | INFO     |   → 698/900: ✅ 4 взято | 🗑️ 1 мусор
2026-05-17 13:10:22,783 | INFO     |   → 699/900: ✅ 0 взято | 🗑️ 0 мусор
2026-05-17 13:10:22,783 | INFO     |   → 700/900: ✅ 3 взято | 🗑️ 185 мусор
2026-05-17 13:10:22,783 | INFO     |   → 701/900: ✅ 0 взято | 🗑️ 0 мусор
2026-05-17 13:10:22,783 | INFO     |   → 702/900: ✅ 0 взято | 🗑️ 0 мусор
2026-05-17 13:10:22,783 | INFO     |   → 703/900: ✅ 0 взято | 🗑️ 19 мусор
2026-05-17 13:10:22,784 | INFO     |   → 704/900: ✅ 0 взято | 🗑️ 44 мусор
2026-05-17 13:10:22,784 | INFO     |   → 705/900: ✅ 63 взято | 🗑️ 521 мусор
2026-05-17 13:10:22,784 | INFO     |   → 706/900: ✅ 165 взято | 🗑️ 273 мусор
2026-05-17 13:10:22,784 | INFO     |   → 707/900: ✅ 0 взято | 🗑️ 0 мусор
2026-05-17 13:10:22,784 | INFO     |   → 708/900: ✅ 28 взято | 🗑️ 211 мусор
2026-05-17 13:10:22,784 | INFO     |   → 709/900: ✅ 0 взято | 🗑️ 79 мусор
2026-05-17 13:10:22,784 | INFO     |   → 710/900: ✅ 13 взято | 🗑️ 32 мусор
2026-05-17 13:10:22,784 | INFO     |   → 711/900: ✅ 0 взято | 🗑️ 0 мусор
2026-05-17 13:10:22,784 | INFO     |   → 712/900: ✅ 2 взято | 🗑️ 9 мусор
2026-05-17 13:10:22,784 | INFO     |   → 713/900: ✅ 11 взято | 🗑️ 76 мусор
2026-05-17 13:10:22,784 | INFO     |   → 714/900: ✅ 0 взято | 🗑️ 168 мусор
2026-05-17 13:10:22,784 | INFO     |   → 715/900: ✅ 0 взято | 🗑️ 79 мусор
2026-05-17 13:10:22,784 | INFO     |   → 716/900: ✅ 0 взято | 🗑️ 16 мусор
2026-05-17 13:10:22,784 | INFO     |   → 717/900 ❌ HTTP 404 — https://raw.githubusercontent.com/ronghuaxueleng/get_v2/main/pub/changfengoss.yaml
2026-05-17 13:10:22,784 | INFO     |   → 718/900: ✅ 0 взято | 🗑️ 0 мусор
2026-05-17 13:10:22,784 | INFO     |   → 719/900: ✅ 49 взято | 🗑️ 100 мусор
2026-05-17 13:10:22,784 | INFO     |   → 720/900: ✅ 0 взято | 🗑️ 100 мусор
2026-05-17 13:10:22,784 | INFO     |   → 721/900 ❌ HTTP 404 — https://raw.githubusercontent.com/rxsweet/CM_Vmess/refs/heads/main/test.txt
2026-05-17 13:10:22,784 | INFO     |   → 722/900 ❌ HTTP 404 — https://raw.githubusercontent.com/rxsweet/proxies/main/sub/free.yaml
2026-05-17 13:10:22,784 | INFO     |   → 723/900 ❌ HTTP 404 — https://raw.githubusercontent.com/rxsweet/proxies/main/sub/rx.yaml
2026-05-17 13:10:22,784 | INFO     |   → 724/900 ❌ HTTP 404 — https://raw.githubusercontent.com/rxsweet/proxies/main/sub/sources/dynamicAll.yaml
2026-05-17 13:10:22,784 | INFO     |   → 725/900 ❌ HTTP 404 — https://raw.githubusercontent.com/rxsweet/proxies/main/sub/sources/miningAll.yaml
2026-05-17 13:10:22,784 | INFO     |   → 726/900 ❌ HTTP 404 — https://raw.githubusercontent.com/rxsweet/proxies/main/sub/srx.yaml
2026-05-17 13:10:22,784 | INFO     |   → 727/900 ❌ HTTP 404 — https://raw.githubusercontent.com/sajad-sajadi/V2ray-Collector/raw/main/output/protocols/vmess.txt
2026-05-17 13:10:22,784 | INFO     |   → 728/900 ❌ HTTP 404 — https://raw.githubusercontent.com/sakha1370/OpenRay/raw/refs/heads/main/output/all_valid_proxies.txt
2026-05-17 13:10:22,784 | INFO     |   → 729/900: ✅ 53 взято | 🗑️ 399 мусор
2026-05-17 13:10:22,785 | INFO     |   → 730/900: ✅ 0 взято | 🗑️ 399 мусор
2026-05-17 13:10:22,785 | INFO     |   → 731/900 ❌ HTTP 404 — https://raw.githubusercontent.com/samjoeyang/subscribe/main/fly
2026-05-17 13:10:22,785 | INFO     |   → 732/900: ✅ 0 взято | 🗑️ 0 мусор
2026-05-17 13:10:22,785 | INFO     |   → 733/900 ❌ HTTP 404 — https://raw.githubusercontent.com/sarina-ad/v2ray/main/v2ray
2026-05-17 13:10:22,785 | INFO     |   → 734/900 ❌ HTTP 404 — https://raw.githubusercontent.com/satrom/V2SSR/master/SSR/Sub.txt
2026-05-17 13:10:22,785 | INFO     |   → 735/900 ❌ HTTP 404 — https://raw.githubusercontent.com/satrom/V2SSR/master/V2RAY/Sub.txt
2026-05-17 13:10:22,785 | INFO     |   → 736/900: ✅ 852 взято | 🗑️ 23496 мусор
2026-05-17 13:10:22,785 | INFO     |   → 737/900: ✅ 0 взято | 🗑️ 0 мусор
2026-05-17 13:10:22,785 | INFO     |   → 738/900: ✅ 0 взято | 🗑️ 0 мусор
2026-05-17 13:10:22,785 | INFO     |   → 739/900: ✅ 3 взято | 🗑️ 49 мусор
2026-05-17 13:10:22,785 | INFO     |   → 740/900: ✅ 189 взято | 🗑️ 1361 мусор
2026-05-17 13:10:22,785 | INFO     |   → 741/900: ✅ 0 взято | 🗑️ 684 мусор
2026-05-17 13:10:22,785 | INFO     |   → 742/900: ✅ 0 взято | 🗑️ 48 мусор
2026-05-17 13:10:22,785 | INFO     |   → 743/900: ✅ 0 взято | 🗑️ 613 мусор
2026-05-17 13:10:22,785 | INFO     |   → 744/900: ✅ 0 взято | 🗑️ 16 мусор
2026-05-17 13:10:22,785 | INFO     |   → 745/900: ✅ 0 взято | 🗑️ 1361 мусор
2026-05-17 13:10:22,785 | INFO     |   → 746/900: ✅ 0 взято | 🗑️ 0 мусор
2026-05-17 13:10:22,785 | INFO     |   → 747/900 ❌ HTTP 404 — https://raw.githubusercontent.com/shirkerboy/scp/main/sub
2026-05-17 13:10:22,785 | INFO     |   → 748/900 ❌ HTTP 404 — https://raw.githubusercontent.com/snakem982/proxypool/main/nodelist.txt
2026-05-17 13:10:22,785 | INFO     |   → 749/900: ✅ 13 взято | 🗑️ 27 мусор
2026-05-17 13:10:22,785 | INFO     |   → 750/900 ❌ HTTP 404 — https://raw.githubusercontent.com/snakem982/proxypool/main/source/v2ray.txt
2026-05-17 13:10:22,785 | INFO     |   → 751/900 ❌ HTTP 404 — https://raw.githubusercontent.com/soroushmirzaei/telegram-configs-collector/main/channels/protocols/hysteria
2026-05-17 13:10:22,785 | INFO     |   → 752/900 ❌ HTTP 404 — https://raw.githubusercontent.com/soroushmirzaei/telegram-configs-collector/main/channels/protocols/juicity
2026-05-17 13:10:22,785 | INFO     |   → 753/900 ❌ HTTP 404 — https://raw.githubusercontent.com/soroushmirzaei/telegram-configs-collector/main/channels/protocols/reality
2026-05-17 13:10:22,785 | INFO     |   → 754/900 ❌ HTTP 404 — https://raw.githubusercontent.com/soroushmirzaei/telegram-configs-collector/main/channels/protocols/shadowsocks
2026-05-17 13:10:22,785 | INFO     |   → 755/900 ❌ HTTP 404 — https://raw.githubusercontent.com/soroushmirzaei/telegram-configs-collector/main/channels/protocols/trojan
2026-05-17 13:10:22,785 | INFO     |   → 756/900 ❌ HTTP 404 — https://raw.githubusercontent.com/soroushmirzaei/telegram-configs-collector/main/channels/protocols/tuic
2026-05-17 13:10:22,786 | INFO     |   → 757/900 ❌ HTTP 404 — https://raw.githubusercontent.com/soroushmirzaei/telegram-configs-collector/main/channels/protocols/vless
2026-05-17 13:10:22,786 | INFO     |   → 758/900 ❌ HTTP 404 — https://raw.githubusercontent.com/soroushmirzaei/telegram-configs-collector/main/channels/protocols/vmess
2026-05-17 13:10:22,786 | INFO     |   → 759/900 ❌ HTTP 404 — https://raw.githubusercontent.com/soroushmirzaei/telegram-configs-collector/main/countries/jp/mixed
2026-05-17 13:10:22,786 | INFO     |   → 760/900 ❌ HTTP 404 — https://raw.githubusercontent.com/soroushmirzaei/telegram-configs-collector/main/protocols/hysteria
2026-05-17 13:10:22,786 | INFO     |   → 761/900 ❌ HTTP 404 — https://raw.githubusercontent.com/soroushmirzaei/telegram-configs-collector/main/protocols/juicity
2026-05-17 13:10:22,786 | INFO     |   → 762/900 ❌ HTTP 404 — https://raw.githubusercontent.com/soroushmirzaei/telegram-configs-collector/main/protocols/reality
2026-05-17 13:10:22,786 | INFO     |   → 763/900 ❌ HTTP 404 — https://raw.githubusercontent.com/soroushmirzaei/telegram-configs-collector/main/protocols/shadowsocks
2026-05-17 13:10:22,786 | INFO     |   → 764/900 ❌ HTTP 404 — https://raw.githubusercontent.com/soroushmirzaei/telegram-configs-collector/main/protocols/trojan
2026-05-17 13:10:22,786 | INFO     |   → 765/900 ❌ HTTP 404 — https://raw.githubusercontent.com/soroushmirzaei/telegram-configs-collector/main/protocols/tuic
2026-05-17 13:10:22,786 | INFO     |   → 766/900 ❌ HTTP 404 — https://raw.githubusercontent.com/soroushmirzaei/telegram-configs-collector/main/protocols/vless
2026-05-17 13:10:22,786 | INFO     |   → 767/900 ❌ HTTP 404 — https://raw.githubusercontent.com/soroushmirzaei/telegram-configs-collector/main/protocols/vmess
2026-05-17 13:10:22,786 | INFO     |   → 768/900 ❌ HTTP 404 — https://raw.githubusercontent.com/soroushmirzaei/telegram-configs-collector/main/splitted/subscribe
2026-05-17 13:10:22,786 | INFO     |   → 769/900 ❌ HTTP 404 — https://raw.githubusercontent.com/ssrsub/ssr/master/Clash.yml
2026-05-17 13:10:22,786 | INFO     |   → 770/900 ❌ HTTP 404 — https://raw.githubusercontent.com/ssrsub/ssr/master/V2Ray
2026-05-17 13:10:22,786 | INFO     |   → 771/900 ❌ HTTP 404 — https://raw.githubusercontent.com/ssrsub/ssr/master/ss-sub
2026-05-17 13:10:22,786 | INFO     |   → 772/900 ❌ HTTP 404 — https://raw.githubusercontent.com/ssrsub/ssr/master/ssrsub
2026-05-17 13:10:22,786 | INFO     |   → 773/900 ❌ HTTP 404 — https://raw.githubusercontent.com/ssrsub/ssr/master/trojan
2026-05-17 13:10:22,786 | INFO     |   → 774/900: ✅ 0 взято | 🗑️ 0 мусор
2026-05-17 13:10:22,786 | INFO     |   → 775/900: ✅ 2 взято | 🗑️ 12 мусор
2026-05-17 13:10:22,786 | INFO     |   → 776/900: ✅ 0 взято | 🗑️ 13 мусор
2026-05-17 13:10:22,786 | INFO     |   → 777/900: ✅ 0 взято | 🗑️ 13 мусор
2026-05-17 13:10:22,786 | INFO     |   → 778/900 ❌ HTTP 404 — https://raw.githubusercontent.com/tbbatbb/Proxy/master/dist/clash.config.yaml
2026-05-17 13:10:22,786 | INFO     |   → 779/900: ✅ 2 взято | 🗑️ 35 мусор
2026-05-17 13:10:22,786 | INFO     |   → 780/900: ✅ 0 взято | 🗑️ 0 мусор
2026-05-17 13:10:22,786 | INFO     |   → 781/900: ✅ 5 взято | 🗑️ 111 мусор
2026-05-17 13:10:22,786 | INFO     |   → 782/900: ✅ 0 взято | 🗑️ 0 мусор
2026-05-17 13:10:22,786 | INFO     |   → 783/900: ✅ 0 взято | 🗑️ 107 мусор
2026-05-17 13:10:22,786 | INFO     |   → 784/900 ❌ HTTP 404 — https://raw.githubusercontent.com/v2clash/Autoproxy/a81f840ab2364124133572ec94e4b81fb0d4e58d/sub/2401/240104.txt
2026-05-17 13:10:22,787 | INFO     |   → 785/900 ❌ HTTP 404 — https://raw.githubusercontent.com/v2clash/V2ray-Configs/31f493c584d0c7b56350f4a34d80c53ad82bcc18/Sub9.txt
2026-05-17 13:10:22,787 | INFO     |   → 786/900: ✅ 0 взято | 🗑️ 0 мусор
2026-05-17 13:10:22,787 | INFO     |   → 787/900: ✅ 0 взято | 🗑️ 0 мусор
2026-05-17 13:10:22,787 | INFO     |   → 788/900: ✅ 0 взято | 🗑️ 0 мусор
2026-05-17 13:10:22,787 | INFO     |   → 789/900: ✅ 283 взято | 🗑️ 9640 мусор
2026-05-17 13:10:22,787 | INFO     |   → 790/900: ✅ 281 взято | 🗑️ 10086 мусор
2026-05-17 13:10:22,787 | INFO     |   → 791/900: ✅ 280 взято | 🗑️ 9675 мусор
2026-05-17 13:10:22,787 | INFO     |   → 792/900: ✅ 334 взято | 🗑️ 9823 мусор
2026-05-17 13:10:22,787 | INFO     |   → 793/900: ✅ 350 взято | 🗑️ 9639 мусор
2026-05-17 13:10:22,787 | INFO     |   → 794/900: ✅ 125 взято | 🗑️ 7919 мусор
2026-05-17 13:10:22,787 | INFO     |   → 795/900: ✅ 135 взято | 🗑️ 4836 мусор
2026-05-17 13:10:22,787 | INFO     |   → 796/900: ✅ 502 взято | 🗑️ 7659 мусор
2026-05-17 13:10:22,787 | INFO     |   → 797/900: ✅ 631 взято | 🗑️ 8081 мусор
2026-05-17 13:10:22,787 | INFO     |   → 798/900: ✅ 202 взято | 🗑️ 5131 мусор
2026-05-17 13:10:22,787 | INFO     |   → 799/900 ❌ HTTP 404 — https://raw.githubusercontent.com/vveg26/chromego_merge/main/sub/merged_proxies.yaml
2026-05-17 13:10:22,787 | INFO     |   → 800/900 ❌ HTTP 404 — https://raw.githubusercontent.com/vveg26/get_proxy/main/dist/clash.config.yaml
2026-05-17 13:10:22,787 | INFO     |   → 801/900: ✅ 0 взято | 🗑️ 10 мусор
2026-05-17 13:10:22,787 | INFO     |   → 802/900: ✅ 0 взято | 🗑️ 10 мусор
2026-05-17 13:10:22,787 | INFO     |   → 803/900: ✅ 0 взято | 🗑️ 4 мусор
2026-05-17 13:10:22,787 | INFO     |   → 804/900: ✅ 0 взято | 🗑️ 0 мусор
2026-05-17 13:10:22,787 | INFO     |   → 805/900: ✅ 0 взято | 🗑️ 4 мусор
2026-05-17 13:10:22,787 | INFO     |   → 806/900: ✅ 106 взято | 🗑️ 689 мусор
2026-05-17 13:10:22,787 | INFO     |   → 807/900: ✅ 48 взято | 🗑️ 841 мусор
2026-05-17 13:10:22,787 | INFO     |   → 808/900: ✅ 21 взято | 🗑️ 789 мусор
2026-05-17 13:10:22,787 | INFO     |   → 809/900: ✅ 24 взято | 🗑️ 774 мусор
2026-05-17 13:10:22,787 | INFO     |   → 810/900: ✅ 52 взято | 🗑️ 756 мусор
2026-05-17 13:10:22,788 | INFO     |   → 811/900: ✅ 191 взято | 🗑️ 745 мусор
2026-05-17 13:10:22,788 | INFO     |   → 812/900: ✅ 9 взято | 🗑️ 651 мусор
2026-05-17 13:10:22,788 | INFO     |   → 813/900: ✅ 185 взято | 🗑️ 388 мусор
2026-05-17 13:10:22,788 | INFO     |   → 814/900: ✅ 130 взято | 🗑️ 523 мусор
2026-05-17 13:10:22,788 | INFO     |   → 815/900: ✅ 67 взято | 🗑️ 533 мусор
2026-05-17 13:10:22,788 | INFO     |   → 816/900: ✅ 98 взято | 🗑️ 444 мусор
2026-05-17 13:10:22,788 | INFO     |   → 817/900: ✅ 102 взято | 🗑️ 670 мусор
2026-05-17 13:10:22,788 | INFO     |   → 818/900: ✅ 86 взято | 🗑️ 476 мусор
2026-05-17 13:10:22,788 | INFO     |   → 819/900: ✅ 95 взято | 🗑️ 657 мусор
2026-05-17 13:10:22,788 | INFO     |   → 820/900: ✅ 105 взято | 🗑️ 645 мусор
2026-05-17 13:10:22,788 | INFO     |   → 821/900: ✅ 115 взято | 🗑️ 985 мусор
2026-05-17 13:10:22,788 | INFO     |   → 822/900: ✅ 6 взято | 🗑️ 63 мусор
2026-05-17 13:10:22,788 | INFO     |   → 823/900: ✅ 7 взято | 🗑️ 62 мусор
2026-05-17 13:10:22,788 | INFO     |   → 824/900: ✅ 39 взято | 🗑️ 489 мусор
2026-05-17 13:10:22,788 | INFO     |   → 825/900: ✅ 0 взято | 🗑️ 0 мусор
2026-05-17 13:10:22,788 | INFO     |   → 826/900: ✅ 0 взято | 🗑️ 0 мусор
2026-05-17 13:10:22,788 | INFO     |   → 827/900: ✅ 0 взято | 🗑️ 0 мусор
2026-05-17 13:10:22,788 | INFO     |   → 828/900: ✅ 0 взято | 🗑️ 0 мусор
2026-05-17 13:10:22,788 | INFO     |   → 829/900: ✅ 0 взято | 🗑️ 0 мусор
2026-05-17 13:10:22,788 | INFO     |   → 830/900: ✅ 0 взято | 🗑️ 52 мусор
2026-05-17 13:10:22,788 | INFO     |   → 831/900: ✅ 5 взято | 🗑️ 10 мусор
2026-05-17 13:10:22,788 | INFO     |   → 832/900: ✅ 1 взято | 🗑️ 124 мусор
2026-05-17 13:10:22,788 | INFO     |   → 833/900: ✅ 97 взято | 🗑️ 86 мусор
2026-05-17 13:10:22,788 | INFO     |   → 834/900: ✅ 0 взято | 🗑️ 9 мусор
2026-05-17 13:10:22,788 | INFO     |   → 835/900: ✅ 40 взято | 🗑️ 454 мусор
2026-05-17 13:10:22,788 | INFO     |   → 836/900 ❌ HTTP 404 — https://raw.githubusercontent.com/xiaozhu2007/xiaozhu2007/61a755a044dbaeea678bc2d1e20f21a21c6d7170/docs/fxxk.txt
2026-05-17 13:10:22,788 | INFO     |   → 837/900: ✅ 1 взято | 🗑️ 159 мусор
2026-05-17 13:10:22,789 | INFO     |   → 838/900: ✅ 0 взято | 🗑️ 22 мусор
2026-05-17 13:10:22,789 | INFO     |   → 839/900: ✅ 0 взято | 🗑️ 0 мусор
2026-05-17 13:10:22,789 | INFO     |   → 840/900 ❌ HTTP 404 — https://raw.githubusercontent.com/yebekhe/TVC/0f745f92bf381e505f1245abbc7c145b19b11503/config.txt
2026-05-17 13:10:22,789 | INFO     |   → 841/900 ❌ HTTP 404 — https://raw.githubusercontent.com/yebekhe/TVC/9fac69239c69327fb7a61f5a8d79d107133889e1/lite/config.txt
2026-05-17 13:10:22,789 | INFO     |   → 842/900 ❌ HTTP 404 — https://raw.githubusercontent.com/yebekhe/TelegramV2rayCollector/main/sub/normal/donated
2026-05-17 13:10:22,789 | INFO     |   → 843/900 ❌ HTTP 404 — https://raw.githubusercontent.com/yebekhe/TelegramV2rayCollector/main/sub/normal/hysteria2
2026-05-17 13:10:22,789 | INFO     |   → 844/900 ❌ HTTP 404 — https://raw.githubusercontent.com/yebekhe/TelegramV2rayCollector/main/sub/normal/mix
2026-05-17 13:10:22,789 | INFO     |   → 845/900 ❌ HTTP 404 — https://raw.githubusercontent.com/yebekhe/TelegramV2rayCollector/main/sub/normal/reality
2026-05-17 13:10:22,789 | INFO     |   → 846/900 ❌ HTTP 404 — https://raw.githubusercontent.com/yebekhe/TelegramV2rayCollector/main/sub/normal/shadowsocks
2026-05-17 13:10:22,789 | INFO     |   → 847/900 ❌ HTTP 404 — https://raw.githubusercontent.com/yebekhe/TelegramV2rayCollector/main/sub/normal/trojan
2026-05-17 13:10:22,789 | INFO     |   → 848/900 ❌ HTTP 404 — https://raw.githubusercontent.com/yebekhe/TelegramV2rayCollector/main/sub/normal/tuic
2026-05-17 13:10:22,789 | INFO     |   → 849/900 ❌ HTTP 404 — https://raw.githubusercontent.com/yebekhe/TelegramV2rayCollector/main/sub/normal/vless
2026-05-17 13:10:22,789 | INFO     |   → 850/900 ❌ HTTP 404 — https://raw.githubusercontent.com/yebekhe/TelegramV2rayCollector/main/sub/normal/vmess
2026-05-17 13:10:22,789 | INFO     |   → 851/900 ❌ HTTP 404 — https://raw.githubusercontent.com/yebekhe/V2Hub/main/Split/Normal/shadowsocks
2026-05-17 13:10:22,789 | INFO     |   → 852/900 ❌ HTTP 404 — https://raw.githubusercontent.com/yebekhe/V2Hub/main/merged
2026-05-17 13:10:22,789 | INFO     |   → 853/900: ✅ 0 взято | 🗑️ 30 мусор
2026-05-17 13:10:22,789 | INFO     |   → 854/900: ✅ 939 взято | 🗑️ 7120 мусор
2026-05-17 13:10:22,789 | INFO     |   → 855/900: ✅ 6 взято | 🗑️ 338 мусор
2026-05-17 13:10:22,789 | INFO     |   → 856/900: ✅ 7 взято | 🗑️ 277 мусор
2026-05-17 13:10:22,789 | INFO     |   → 857/900: ✅ 304 взято | 🗑️ 201 мусор
2026-05-17 13:10:22,789 | INFO     |   → 858/900: ✅ 0 взято | 🗑️ 1451 мусор
2026-05-17 13:10:22,789 | INFO     |   → 859/900: ✅ 2 взято | 🗑️ 384 мусор
2026-05-17 13:10:22,789 | INFO     |   → 860/900 ❌ HTTP 404 — https://raw.githubusercontent.com/yyyr-otz/tele-providers-collector/019cb3e07ee52fddbc7caa54fc670c6b9bae6539/sub/proxies.txt
2026-05-17 13:10:22,789 | INFO     |   → 861/900 ❌ HTTP 404 — https://raw.githubusercontent.com/yyyr-otz/tele-providers-collector/b7a74ee98bcf02c5a507d688a1bed3aa9f7f4ed1/script/raw/protocols/mixed.txt
2026-05-17 13:10:22,789 | INFO     |   → 862/900: ✅ 0 взято | 🗑️ 0 мусор
2026-05-17 13:10:22,789 | INFO     |   → 863/900: ✅ 0 взято | 🗑️ 0 мусор
2026-05-17 13:10:22,789 | INFO     |   → 864/900: ✅ 1 взято | 🗑️ 18 мусор
2026-05-17 13:10:22,790 | INFO     |   → 865/900: ✅ 28 взято | 🗑️ 1025 мусор
2026-05-17 13:10:22,790 | INFO     |   → 866/900: ✅ 0 взято | 🗑️ 5 мусор
2026-05-17 13:10:22,790 | INFO     |   → 867/900: ✅ 0 взято | 🗑️ 0 мусор
2026-05-17 13:10:22,790 | INFO     |   → 868/900 ⚠️ Ошибка: ('Connection aborted.', RemoteDisconnected('Remote end closed connection without response')) — https://sub.pmsub.me/clash.yaml
2026-05-17 13:10:22,790 | INFO     |   → 869/900: ✅ 0 взято | 🗑️ 1 мусор
2026-05-17 13:10:22,790 | INFO     |   → 870/900: ✅ 8 взято | 🗑️ 21 мусор
2026-05-17 13:10:22,790 | INFO     |   → 871/900: ✅ 0 взято | 🗑️ 0 мусор
2026-05-17 13:10:22,790 | INFO     |   → 872/900: ✅ 9 взято | 🗑️ 19 мусор
2026-05-17 13:10:22,790 | INFO     |   → 873/900: ✅ 0 взято | 🗑️ 0 мусор
2026-05-17 13:10:22,790 | INFO     |   → 874/900: ✅ 2 взято | 🗑️ 14 мусор
2026-05-17 13:10:22,790 | INFO     |   → 875/900: ✅ 4 взято | 🗑️ 22 мусор
2026-05-17 13:10:22,790 | INFO     |   → 876/900: ✅ 0 взято | 🗑️ 0 мусор
2026-05-17 13:10:22,790 | INFO     |   → 877/900: ✅ 0 взято | 🗑️ 0 мусор
2026-05-17 13:10:22,790 | INFO     |   → 878/900: ✅ 0 взято | 🗑️ 0 мусор
2026-05-17 13:10:22,790 | INFO     |   → 879/900: ✅ 2 взято | 🗑️ 16 мусор
2026-05-17 13:10:22,790 | INFO     |   → 880/900: ✅ 0 взято | 🗑️ 0 мусор
2026-05-17 13:10:22,790 | INFO     |   → 881/900: ✅ 4 взято | 🗑️ 7 мусор
2026-05-17 13:10:22,790 | INFO     |   → 882/900: ✅ 0 взято | 🗑️ 0 мусор
2026-05-17 13:10:22,790 | INFO     |   → 883/900: ✅ 6 взято | 🗑️ 14 мусор
2026-05-17 13:10:22,790 | INFO     |   → 884/900: ✅ 0 взято | 🗑️ 0 мусор
2026-05-17 13:10:22,790 | INFO     |   → 885/900: ✅ 2 взято | 🗑️ 13 мусор
2026-05-17 13:10:22,790 | INFO     |   → 886/900: ✅ 0 взято | 🗑️ 0 мусор
2026-05-17 13:10:22,790 | INFO     |   → 887/900: ✅ 0 взято | 🗑️ 0 мусор
2026-05-17 13:10:22,790 | INFO     |   → 888/900: ✅ 2 взято | 🗑️ 7 мусор
2026-05-17 13:10:22,790 | INFO     |   → 889/900: ✅ 2 взято | 🗑️ 14 мусор
2026-05-17 13:10:22,790 | INFO     |   → 890/900: ✅ 2 взято | 🗑️ 14 мусор
2026-05-17 13:10:22,791 | INFO     |   → 891/900: ✅ 0 взято | 🗑️ 0 мусор
2026-05-17 13:10:22,791 | INFO     |   → 892/900: ✅ 3 взято | 🗑️ 22 мусор
2026-05-17 13:10:22,791 | INFO     |   → 893/900: ✅ 0 взято | 🗑️ 0 мусор
2026-05-17 13:10:22,791 | INFO     |   → 894/900: ✅ 2 взято | 🗑️ 15 мусор
2026-05-17 13:10:22,791 | INFO     |   → 895/900: ✅ 3 взято | 🗑️ 12 мусор
2026-05-17 13:10:22,791 | INFO     |   → 896/900: ✅ 0 взято | 🗑️ 0 мусор
2026-05-17 13:10:22,791 | INFO     |   → 897/900: ✅ 0 взято | 🗑️ 0 мусор
2026-05-17 13:10:22,791 | INFO     |   → 898/900: ✅ 0 взято | 🗑️ 0 мусор
2026-05-17 13:10:22,791 | INFO     |   → 899/900: ✅ 4 взято | 🗑️ 11 мусор
2026-05-17 13:10:22,791 | INFO     |   → 900/900: ✅ 0 взято | 🗑️ 14 мусор
2026-05-17 13:10:22,791 | INFO     |   → ✅ ГОТОВО!
2026-05-17 13:10:22,791 | INFO     |   →    📥 Всего ключей после фильтра: 16380
2026-05-17 13:10:22,791 | INFO     |   →    🔗 Уникальных IP:PORT:SCHEME: 9711
2026-05-17 13:10:22,791 | INFO     |   →    🗑️ Выброшено мусора: 277047
2026-05-17 13:10:22,791 | INFO     |   → 📊 По протоколам:
2026-05-17 13:10:22,791 | INFO     |   →    vless: 3363
2026-05-17 13:10:22,791 | INFO     |   →    vmess: 3316
2026-05-17 13:10:22,791 | INFO     |   →    trojan: 1062
2026-05-17 13:10:22,791 | INFO     |   →    ss: 1815
2026-05-17 13:10:22,791 | INFO     |   →    hysteria: 13
2026-05-17 13:10:22,791 | INFO     |   →    hysteria2: 30
2026-05-17 13:10:22,791 | INFO     |   →    hy2: 59
2026-05-17 13:10:22,791 | INFO     |   →    tuic: 53
2026-05-17 13:10:22,791 | INFO     | ✅ mirror.py завершён успешно
2026-05-17 13:10:22,791 | INFO     | 
2026-05-17 13:10:22,791 | INFO     | 
2026-05-17 13:10:22,792 | INFO     | ──────────────────────────────────────────────────────────────────────
2026-05-17 13:10:22,792 | INFO     | 📌 ЭТАП: Фильтрация по реальному SNI
2026-05-17 13:10:22,792 | INFO     | ──────────────────────────────────────────────────────────────────────
2026-05-17 13:10:22,792 | INFO     | 🚀 Запуск filter_ru_sni.py (Фильтр по реальному SNI (CDN+RU))...
2026-05-17 13:10:23,017 | INFO     |   → hy2.txt: 59 → 19 (SNI-filtered)
2026-05-17 13:10:23,017 | INFO     |   →   hysteria.txt: 13 → 0 (SNI-filtered)
2026-05-17 13:10:23,017 | INFO     |   →   hysteria2.txt: 30 → 5 (SNI-filtered)
2026-05-17 13:10:23,017 | INFO     |   →   ss.txt: 1815 → 0 (SNI-filtered)
2026-05-17 13:10:23,017 | INFO     |   →   trojan.txt: 1062 → 3 (SNI-filtered)
2026-05-17 13:10:23,017 | INFO     |   →   tuic.txt: 53 → 0 (SNI-filtered)
2026-05-17 13:10:23,017 | INFO     |   →   vless.txt: 3363 → 402 (SNI-filtered)
2026-05-17 13:10:23,017 | INFO     |   →   vmess.txt: 3316 → 37 (SNI-filtered)
2026-05-17 13:10:23,017 | INFO     |   → ==================================================
2026-05-17 13:10:23,017 | INFO     |   →   Всего входных:  9711
2026-05-17 13:10:23,017 | INFO     |   →   Прошли фильтр:  466
2026-05-17 13:10:23,017 | INFO     |   →   Отброшено:      9245
2026-05-17 13:10:23,018 | INFO     |   → ==================================================
2026-05-17 13:10:23,018 | INFO     |   → Готово → /home/runner/work/vpn-vless-configs-russia/vpn-vless-configs-russia/githubmirror/ru-sni
2026-05-17 13:10:23,018 | INFO     | ✅ filter_ru_sni.py завершён успешно
2026-05-17 13:10:23,018 | INFO     | 
2026-05-17 13:10:23,018 | INFO     | 
2026-05-17 13:10:23,018 | INFO     | ──────────────────────────────────────────────────────────────────────
2026-05-17 13:10:23,018 | INFO     | 📌 ЭТАП: Экспериментальный RU-SNI фильтр
2026-05-17 13:10:23,018 | INFO     | ──────────────────────────────────────────────────────────────────────
2026-05-17 13:10:23,018 | INFO     | 🚀 Запуск filter_ru_sni_local.py (Экспериментальный фильтр по RU-SNI (локальные домены))...
2026-05-17 13:10:23,169 | INFO     |   → hy2.txt: 59 → 0 (RU-SNI)
2026-05-17 13:10:23,170 | INFO     |   → hysteria.txt: 13 → 0 (RU-SNI)
2026-05-17 13:10:23,170 | INFO     |   → hysteria2.txt: 30 → 0 (RU-SNI)
2026-05-17 13:10:23,170 | INFO     |   → ss.txt: 1815 → 0 (RU-SNI)
2026-05-17 13:10:23,170 | INFO     |   → trojan.txt: 1062 → 0 (RU-SNI)
2026-05-17 13:10:23,170 | INFO     |   → tuic.txt: 53 → 0 (RU-SNI)
2026-05-17 13:10:23,170 | INFO     |   → vless.txt: 3363 → 102 (RU-SNI)
2026-05-17 13:10:23,170 | INFO     |   → vmess.txt: 3316 → 0 (RU-SNI)
2026-05-17 13:10:23,170 | INFO     |   → ==================================================
2026-05-17 13:10:23,170 | INFO     |   → Всего входных:  9711
2026-05-17 13:10:23,170 | INFO     |   → Прошли RU-SNI:  102
2026-05-17 13:10:23,170 | INFO     |   → Отброшено:      9609
2026-05-17 13:10:23,170 | INFO     |   → ==================================================
2026-05-17 13:10:23,170 | INFO     |   → Готово → /home/runner/work/vpn-vless-configs-russia/vpn-vless-configs-russia/githubmirror/ru-sni-local
2026-05-17 13:10:23,170 | INFO     | ✅ filter_ru_sni_local.py завершён успешно
2026-05-17 13:10:23,170 | INFO     | 
2026-05-17 13:10:23,170 | INFO     | 
2026-05-17 13:10:23,170 | INFO     | ──────────────────────────────────────────────────────────────────────
2026-05-17 13:10:23,170 | INFO     | 📌 ЭТАП: Сбор статистики
2026-05-17 13:10:23,170 | INFO     | ──────────────────────────────────────────────────────────────────────
2026-05-17 13:10:23,170 | INFO     | 📊 Сбор статистики...
2026-05-17 13:10:23,170 | INFO     |   📁 githubmirror/clean:
2026-05-17 13:10:23,171 | INFO     |     • hy2         :    59 конфигов
2026-05-17 13:10:23,171 | INFO     |     • hysteria    :    13 конфигов
2026-05-17 13:10:23,171 | INFO     |     • hysteria2   :    30 конфигов
2026-05-17 13:10:23,172 | INFO     |     • ss          :  1815 конфигов
2026-05-17 13:10:23,174 | INFO     |     • trojan      :  1062 конфигов
2026-05-17 13:10:23,174 | INFO     |     • tuic        :    53 конфигов
2026-05-17 13:10:23,178 | INFO     |     • vless       :  3363 конфигов
2026-05-17 13:10:23,180 | INFO     |     • vmess       :  3316 конфигов
2026-05-17 13:10:23,180 | INFO     |   📁 githubmirror/ru-sni:
2026-05-17 13:10:23,181 | INFO     |     • hy2         :    19 конфигов ( 32.2% от clean)
2026-05-17 13:10:23,181 | INFO     |     • hysteria    :     0 конфигов (  0.0% от clean)
2026-05-17 13:10:23,181 | INFO     |     • hysteria2   :     5 конфигов ( 16.7% от clean)
2026-05-17 13:10:23,181 | INFO     |     • ss          :     0 конфигов (  0.0% от clean)
2026-05-17 13:10:23,181 | INFO     |     • trojan      :     3 конфигов (  0.3% от clean)
2026-05-17 13:10:23,181 | INFO     |     • tuic        :     0 конфигов (  0.0% от clean)
2026-05-17 13:10:23,182 | INFO     |     • vless       :   402 конфигов ( 12.0% от clean)
2026-05-17 13:10:23,182 | INFO     |     • vmess       :    37 конфигов (  1.1% от clean)
2026-05-17 13:10:23,182 | INFO     | 
2026-05-17 13:10:23,182 | INFO     |   ──────────────────────────────────────────────────
2026-05-17 13:10:23,182 | INFO     |   📈 ИТОГО:
2026-05-17 13:10:23,182 | INFO     |     Clean (после geo-фильтра):     9711
2026-05-17 13:10:23,182 | INFO     |     RU-SNI (после SNI-фильтра):     466
2026-05-17 13:10:23,182 | INFO     |     Прошло фильтр:                  4.8%
2026-05-17 13:10:23,182 | INFO     |   ──────────────────────────────────────────────────
2026-05-17 13:10:23,183 | INFO     | ✅ Статистика сохранена: /home/runner/work/vpn-vless-configs-russia/vpn-vless-configs-russia/stats.json
2026-05-17 13:10:23,183 | INFO     | 
2026-05-17 13:10:23,183 | INFO     | ======================================================================
2026-05-17 13:10:23,183 | INFO     | 📊 ИТОГОВЫЙ ОТЧЁТ
2026-05-17 13:10:23,183 | INFO     | ======================================================================
2026-05-17 13:10:23,183 | INFO     |   ✅ OK         | Загрузка и geo-фильтрация
2026-05-17 13:10:23,183 | INFO     |   ✅ OK         | Фильтрация по реальному SNI
2026-05-17 13:10:23,183 | INFO     |   ✅ OK         | Экспериментальный RU-SNI фильтр
2026-05-17 13:10:23,183 | INFO     |   ✅ OK         | Сбор статистики
2026-05-17 13:10:23,183 | INFO     | ──────────────────────────────────────────────────────────────────────
2026-05-17 13:10:23,183 | INFO     | ✅ ВСЕ ЭТАПЫ УСПЕШНЫ (4/4)
2026-05-17 13:10:23,183 | INFO     | ⏰ Время завершения: 2026-05-17 13:10:23
2026-05-17 13:10:23,183 | INFO     | ======================================================================
