2026-05-18 02:43:02,697 | INFO     | ======================================================================
2026-05-18 02:43:02,697 | INFO     | 🔍 VPN KEY CHECKER - Начало проверки
2026-05-18 02:43:02,697 | INFO     | ⏰ Время старта: 2026-05-18 02:43:02
2026-05-18 02:43:02,697 | INFO     | 📂 Рабочая директория: /home/runner/work/vpn-vless-configs-russia/vpn-vless-configs-russia
2026-05-18 02:43:02,697 | INFO     | ======================================================================
2026-05-18 02:43:02,697 | INFO     | 
2026-05-18 02:43:02,697 | INFO     | 🔍 Проверка наличия скриптов...
2026-05-18 02:43:02,697 | INFO     |   ✅ mirror.py
2026-05-18 02:43:02,697 | INFO     |   ✅ filter_ru_sni.py
2026-05-18 02:43:02,698 | INFO     |   ✅ filter_ru_sni_local.py
2026-05-18 02:43:02,698 | INFO     | 
2026-05-18 02:43:02,698 | INFO     | 
2026-05-18 02:43:02,698 | INFO     | ──────────────────────────────────────────────────────────────────────
2026-05-18 02:43:02,698 | INFO     | 📌 ЭТАП: Загрузка и geo-фильтрация
2026-05-18 02:43:02,698 | INFO     | ──────────────────────────────────────────────────────────────────────
2026-05-18 02:43:02,698 | INFO     | 🚀 Запуск mirror.py (Загрузка и фильтрация по РФ/СНГ/Европа)...
2026-05-18 02:45:34,921 | INFO     |   → 🚀 Старт: всего источников (старые + новые): 902
2026-05-18 02:45:34,922 | INFO     |   → 1/902: ✅ 13 взято | 🗑️ 242 мусор
2026-05-18 02:45:34,922 | INFO     |   → 2/902: ✅ 0 взято | 🗑️ 0 мусор
2026-05-18 02:45:34,922 | INFO     |   → 3/902 ❌ HTTP 404 — https://bitbucket.org/huwo1/proxy_nodes/raw/f31ca9ec67b84071515729ff45b011b6b09c10f2/clash.yaml
2026-05-18 02:45:34,922 | INFO     |   → 4/902 ❌ HTTP 404 — https://cdn.jsdelivr.net/gh/cry0ice/genode@main/public/all.txt
2026-05-18 02:45:34,922 | INFO     |   → 5/902 ❌ HTTP 404 — https://cdn.jsdelivr.net/gh/cry0ice/genode@main/public/ss.txt
2026-05-18 02:45:34,922 | INFO     |   → 6/902 ❌ HTTP 404 — https://cdn.jsdelivr.net/gh/cry0ice/genode@main/public/ssr.txt
2026-05-18 02:45:34,922 | INFO     |   → 7/902 ❌ HTTP 404 — https://cdn.jsdelivr.net/gh/cry0ice/genode@main/public/trojan.txt
2026-05-18 02:45:34,922 | INFO     |   → 8/902 ❌ HTTP 404 — https://cdn.jsdelivr.net/gh/cry0ice/genode@main/public/vless.txt
2026-05-18 02:45:34,922 | INFO     |   → 9/902 ❌ HTTP 404 — https://cdn.jsdelivr.net/gh/cry0ice/genode@main/public/vmess.txt
2026-05-18 02:45:34,922 | INFO     |   → 10/902: ✅ 0 взято | 🗑️ 0 мусор
2026-05-18 02:45:34,922 | INFO     |   → 11/902: ✅ 0 взято | 🗑️ 0 мусор
2026-05-18 02:45:34,922 | INFO     |   → 12/902: ✅ 0 взято | 🗑️ 0 мусор
2026-05-18 02:45:34,922 | INFO     |   → 13/902: ✅ 0 взято | 🗑️ 0 мусор
2026-05-18 02:45:34,922 | INFO     |   → 14/902: ✅ 0 взято | 🗑️ 0 мусор
2026-05-18 02:45:34,922 | INFO     |   → 15/902: ✅ 0 взято | 🗑️ 0 мусор
2026-05-18 02:45:34,922 | INFO     |   → 16/902: ✅ 0 взято | 🗑️ 0 мусор
2026-05-18 02:45:34,922 | INFO     |   → 17/902: ✅ 0 взято | 🗑️ 0 мусор
2026-05-18 02:45:34,922 | INFO     |   → 18/902: ✅ 0 взято | 🗑️ 0 мусор
2026-05-18 02:45:34,922 | INFO     |   → 19/902: ✅ 0 взято | 🗑️ 0 мусор
2026-05-18 02:45:34,922 | INFO     |   → 20/902: ✅ 0 взято | 🗑️ 0 мусор
2026-05-18 02:45:34,922 | INFO     |   → 21/902: ✅ 0 взято | 🗑️ 0 мусор
2026-05-18 02:45:34,922 | INFO     |   → 22/902: ✅ 0 взято | 🗑️ 0 мусор
2026-05-18 02:45:34,922 | INFO     |   → 23/902: ✅ 0 взято | 🗑️ 0 мусор
2026-05-18 02:45:34,922 | INFO     |   → 24/902: ✅ 0 взято | 🗑️ 0 мусор
2026-05-18 02:45:34,922 | INFO     |   → 25/902: ✅ 0 взято | 🗑️ 0 мусор
2026-05-18 02:45:34,922 | INFO     |   → 26/902: ✅ 0 взято | 🗑️ 0 мусор
2026-05-18 02:45:34,922 | INFO     |   → 27/902: ✅ 0 взято | 🗑️ 0 мусор
2026-05-18 02:45:34,923 | INFO     |   → 28/902: ✅ 0 взято | 🗑️ 0 мусор
2026-05-18 02:45:34,923 | INFO     |   → 29/902: ✅ 0 взято | 🗑️ 0 мусор
2026-05-18 02:45:34,923 | INFO     |   → 30/902: ✅ 0 взято | 🗑️ 0 мусор
2026-05-18 02:45:34,923 | INFO     |   → 31/902: ✅ 0 взято | 🗑️ 0 мусор
2026-05-18 02:45:34,923 | INFO     |   → 32/902: ✅ 0 взято | 🗑️ 0 мусор
2026-05-18 02:45:34,923 | INFO     |   → 33/902: ✅ 0 взято | 🗑️ 0 мусор
2026-05-18 02:45:34,923 | INFO     |   → 34/902: ✅ 0 взято | 🗑️ 0 мусор
2026-05-18 02:45:34,923 | INFO     |   → 35/902: ✅ 0 взято | 🗑️ 0 мусор
2026-05-18 02:45:34,923 | INFO     |   → 36/902: ✅ 0 взято | 🗑️ 0 мусор
2026-05-18 02:45:34,923 | INFO     |   → 37/902: ✅ 0 взято | 🗑️ 0 мусор
2026-05-18 02:45:34,923 | INFO     |   → 38/902: ✅ 0 взято | 🗑️ 0 мусор
2026-05-18 02:45:34,923 | INFO     |   → 39/902: ✅ 0 взято | 🗑️ 0 мусор
2026-05-18 02:45:34,923 | INFO     |   → 40/902: ✅ 0 взято | 🗑️ 0 мусор
2026-05-18 02:45:34,923 | INFO     |   → 41/902: ✅ 0 взято | 🗑️ 0 мусор
2026-05-18 02:45:34,923 | INFO     |   → 42/902: ✅ 0 взято | 🗑️ 0 мусор
2026-05-18 02:45:34,923 | INFO     |   → 43/902: ✅ 0 взято | 🗑️ 0 мусор
2026-05-18 02:45:34,923 | INFO     |   → 44/902: ✅ 0 взято | 🗑️ 0 мусор
2026-05-18 02:45:34,923 | INFO     |   → 45/902: ✅ 0 взято | 🗑️ 0 мусор
2026-05-18 02:45:34,923 | INFO     |   → 46/902: ✅ 0 взято | 🗑️ 0 мусор
2026-05-18 02:45:34,923 | INFO     |   → 47/902: ✅ 0 взято | 🗑️ 0 мусор
2026-05-18 02:45:34,923 | INFO     |   → 48/902: ✅ 0 взято | 🗑️ 0 мусор
2026-05-18 02:45:34,923 | INFO     |   → 49/902: ✅ 0 взято | 🗑️ 0 мусор
2026-05-18 02:45:34,923 | INFO     |   → 50/902: ✅ 0 взято | 🗑️ 0 мусор
2026-05-18 02:45:34,923 | INFO     |   → 51/902: ✅ 0 взято | 🗑️ 0 мусор
2026-05-18 02:45:34,924 | INFO     |   → 52/902: ✅ 0 взято | 🗑️ 0 мусор
2026-05-18 02:45:34,924 | INFO     |   → 53/902: ✅ 0 взято | 🗑️ 0 мусор
2026-05-18 02:45:34,924 | INFO     |   → 54/902: ✅ 0 взято | 🗑️ 0 мусор
2026-05-18 02:45:34,924 | INFO     |   → 55/902: ✅ 0 взято | 🗑️ 0 мусор
2026-05-18 02:45:34,924 | INFO     |   → 56/902: ✅ 0 взято | 🗑️ 0 мусор
2026-05-18 02:45:34,924 | INFO     |   → 57/902: ✅ 0 взято | 🗑️ 0 мусор
2026-05-18 02:45:34,924 | INFO     |   → 58/902: ✅ 0 взято | 🗑️ 0 мусор
2026-05-18 02:45:34,924 | INFO     |   → 59/902: ✅ 0 взято | 🗑️ 0 мусор
2026-05-18 02:45:34,924 | INFO     |   → 60/902: ✅ 0 взято | 🗑️ 0 мусор
2026-05-18 02:45:34,924 | INFO     |   → 61/902: ✅ 0 взято | 🗑️ 0 мусор
2026-05-18 02:45:34,924 | INFO     |   → 62/902: ✅ 0 взято | 🗑️ 0 мусор
2026-05-18 02:45:34,924 | INFO     |   → 63/902: ✅ 0 взято | 🗑️ 0 мусор
2026-05-18 02:45:34,924 | INFO     |   → 64/902: ✅ 0 взято | 🗑️ 0 мусор
2026-05-18 02:45:34,924 | INFO     |   → 65/902: ✅ 0 взято | 🗑️ 0 мусор
2026-05-18 02:45:34,924 | INFO     |   → 66/902: ✅ 0 взято | 🗑️ 0 мусор
2026-05-18 02:45:34,924 | INFO     |   → 67/902: ✅ 0 взято | 🗑️ 0 мусор
2026-05-18 02:45:34,924 | INFO     |   → 68/902: ✅ 0 взято | 🗑️ 0 мусор
2026-05-18 02:45:34,924 | INFO     |   → 69/902: ✅ 0 взято | 🗑️ 0 мусор
2026-05-18 02:45:34,924 | INFO     |   → 70/902: ✅ 0 взято | 🗑️ 0 мусор
2026-05-18 02:45:34,924 | INFO     |   → 71/902: ✅ 0 взято | 🗑️ 0 мусор
2026-05-18 02:45:34,924 | INFO     |   → 72/902: ✅ 0 взято | 🗑️ 0 мусор
2026-05-18 02:45:34,924 | INFO     |   → 73/902: ✅ 0 взято | 🗑️ 0 мусор
2026-05-18 02:45:34,924 | INFO     |   → 74/902: ✅ 0 взято | 🗑️ 0 мусор
2026-05-18 02:45:34,924 | INFO     |   → 75/902: ✅ 0 взято | 🗑️ 0 мусор
2026-05-18 02:45:34,924 | INFO     |   → 76/902: ✅ 0 взято | 🗑️ 0 мусор
2026-05-18 02:45:34,925 | INFO     |   → 77/902: ✅ 0 взято | 🗑️ 0 мусор
2026-05-18 02:45:34,925 | INFO     |   → 78/902: ✅ 0 взято | 🗑️ 0 мусор
2026-05-18 02:45:34,925 | INFO     |   → 79/902: ✅ 0 взято | 🗑️ 0 мусор
2026-05-18 02:45:34,925 | INFO     |   → 80/902: ✅ 0 взято | 🗑️ 0 мусор
2026-05-18 02:45:34,925 | INFO     |   → 81/902: ✅ 0 взято | 🗑️ 0 мусор
2026-05-18 02:45:34,925 | INFO     |   → 82/902: ✅ 0 взято | 🗑️ 0 мусор
2026-05-18 02:45:34,925 | INFO     |   → 83/902: ✅ 0 взято | 🗑️ 0 мусор
2026-05-18 02:45:34,925 | INFO     |   → 84/902: ✅ 0 взято | 🗑️ 0 мусор
2026-05-18 02:45:34,925 | INFO     |   → 85/902: ✅ 0 взято | 🗑️ 0 мусор
2026-05-18 02:45:34,925 | INFO     |   → 86/902: ✅ 0 взято | 🗑️ 0 мусор
2026-05-18 02:45:34,925 | INFO     |   → 87/902: ✅ 0 взято | 🗑️ 0 мусор
2026-05-18 02:45:34,925 | INFO     |   → 88/902: ✅ 0 взято | 🗑️ 0 мусор
2026-05-18 02:45:34,925 | INFO     |   → 89/902: ✅ 0 взято | 🗑️ 0 мусор
2026-05-18 02:45:34,925 | INFO     |   → 90/902 ❌ HTTP 404 — https://freessrnode.github.io/uploads/2024/08/0-20240822.txt
2026-05-18 02:45:34,925 | INFO     |   → 91/902 ❌ HTTP 404 — https://freessrnode.github.io/uploads/2024/08/1-20240822.txt
2026-05-18 02:45:34,925 | INFO     |   → 92/902 ❌ HTTP 404 — https://freessrnode.github.io/uploads/2024/08/2-20240822.txt
2026-05-18 02:45:34,925 | INFO     |   → 93/902 ❌ HTTP 404 — https://freessrnode.github.io/uploads/2024/08/3-20240822.txt
2026-05-18 02:45:34,925 | INFO     |   → 94/902 ❌ HTTP 404 — https://freessrnode.github.io/uploads/2024/08/4-20240822.txt
2026-05-18 02:45:34,925 | INFO     |   → 95/902 ⚠️ Ошибка: HTTPSConnectionPool(host='freevpnspy.githubrowcontent.com', port=443): Max retries exceeded with url: /2024/08/20240802_novless.yaml (Caused by NameResolutionError("HTTPSConnection(host='freevpnspy.githubrowcontent.com', port=443): Failed to resolve 'freevpnspy.githubrowcontent.com' ([Errno -2] Name or service not known)")) — https://freevpnspy.githubrowcontent.com/2024/08/20240802_novless.yaml
2026-05-18 02:45:34,925 | INFO     |   → 96/902 ⚠️ Ошибка: HTTPSConnectionPool(host='freevpnspy.githubrowcontent.com', port=443): Max retries exceeded with url: /2024/08/20240802_vless.yaml (Caused by NameResolutionError("HTTPSConnection(host='freevpnspy.githubrowcontent.com', port=443): Failed to resolve 'freevpnspy.githubrowcontent.com' ([Errno -2] Name or service not known)")) — https://freevpnspy.githubrowcontent.com/2024/08/20240802_vless.yaml
2026-05-18 02:45:34,925 | INFO     |   → 97/902 ❌ HTTP 404 — https://github.com/Epodonios/bulk-xray-v2ray-vless-vmess-...-configs/raw/main/sub/Albania/config.txt
2026-05-18 02:45:34,925 | INFO     |   → 98/902 ❌ HTTP 404 — https://github.com/Epodonios/bulk-xray-v2ray-vless-vmess-...-configs/raw/main/sub/Cura%C3%A7ao/config.txt
2026-05-18 02:45:34,925 | INFO     |   → 99/902 ❌ HTTP 404 — https://github.com/Epodonios/bulk-xray-v2ray-vless-vmess-...-configs/raw/main/sub/Finland/config.txt
2026-05-18 02:45:34,925 | INFO     |   → 100/902 ❌ HTTP 404 — https://github.com/Epodonios/bulk-xray-v2ray-vless-vmess-...-configs/raw/main/sub/Iran/config.txt
2026-05-18 02:45:34,926 | INFO     |   → 101/902 ❌ HTTP 404 — https://github.com/Epodonios/bulk-xray-v2ray-vless-vmess-...-configs/raw/main/sub/Netherlands/config.txt
2026-05-18 02:45:34,926 | INFO     |   → 102/902 ❌ HTTP 404 — https://github.com/Epodonios/bulk-xray-v2ray-vless-vmess-...-configs/raw/main/sub/Norway/config.txt
2026-05-18 02:45:34,926 | INFO     |   → 103/902 ❌ HTTP 404 — https://github.com/Epodonios/bulk-xray-v2ray-vless-vmess-...-configs/raw/main/sub/Russia/config.txt
2026-05-18 02:45:34,926 | INFO     |   → 104/902: ✅ 13 взято | 🗑️ 70 мусор
2026-05-18 02:45:34,926 | INFO     |   → 105/902: ✅ 0 взято | 🗑️ 4 мусор
2026-05-18 02:45:34,926 | INFO     |   → 106/902: ✅ 0 взято | 🗑️ 7 мусор
2026-05-18 02:45:34,926 | INFO     |   → 107/902: ✅ 0 взято | 🗑️ 51 мусор
2026-05-18 02:45:34,926 | INFO     |   → 108/902: ✅ 0 взято | 🗑️ 8 мусор
2026-05-18 02:45:34,926 | INFO     |   → 109/902: ✅ 0 взято | 🗑️ 0 мусор
2026-05-18 02:45:34,926 | INFO     |   → 110/902: ✅ 17 взято | 🗑️ 119 мусор
2026-05-18 02:45:34,926 | INFO     |   → 111/902 ❌ HTTP 404 — https://github.com/MrMohebi/xray-proxy-grabber-telegram/raw/master/collected-proxies/clash-meta/all.yaml
2026-05-18 02:45:34,926 | INFO     |   → 112/902 ❌ HTTP 404 — https://github.com/MrMohebi/xray-proxy-grabber-telegram/raw/master/collected-proxies/row-url/all.txt
2026-05-18 02:45:34,926 | INFO     |   → 113/902: ✅ 0 взято | 🗑️ 0 мусор
2026-05-18 02:45:34,926 | INFO     |   → 114/902: ✅ 0 взято | 🗑️ 113 мусор
2026-05-18 02:45:34,926 | INFO     |   → 115/902: ✅ 0 взято | 🗑️ 119 мусор
2026-05-18 02:45:34,926 | INFO     |   → 116/902 ❌ HTTP 404 — https://github.com/abbasdvd3/abbasdvd10/73ec60de7a6c6aa6df4c14b511c1da60686891ca/ppo.txt
2026-05-18 02:45:34,926 | INFO     |   → 117/902 ❌ HTTP 404 — https://github.com/acymz/AutoVPN/refs/heads/main/data/V2.txt
2026-05-18 02:45:34,926 | INFO     |   → 118/902: ✅ 0 взято | 🗑️ 0 мусор
2026-05-18 02:45:34,926 | INFO     |   → 119/902: ✅ 0 взято | 🗑️ 0 мусор
2026-05-18 02:45:34,926 | INFO     |   → 120/902: ✅ 0 взято | 🗑️ 0 мусор
2026-05-18 02:45:34,926 | INFO     |   → 121/902: ✅ 0 взято | 🗑️ 0 мусор
2026-05-18 02:45:34,926 | INFO     |   → 122/902: ✅ 0 взято | 🗑️ 0 мусор
2026-05-18 02:45:34,926 | INFO     |   → 123/902: ✅ 0 взято | 🗑️ 0 мусор
2026-05-18 02:45:34,926 | INFO     |   → 124/902: ✅ 0 взято | 🗑️ 0 мусор
2026-05-18 02:45:34,926 | INFO     |   → 125/902 ❌ HTTP 404 — https://github.com/mermeroo/V2RAY-FREE/raw/main/All_Configs_base64_Sub.txt
2026-05-18 02:45:34,927 | INFO     |   → 126/902 ❌ HTTP 404 — https://github.com/mermeroo/V2RAY-FREE/raw/main/Base64/Sub1_base64.txt
2026-05-18 02:45:34,927 | INFO     |   → 127/902 ❌ HTTP 404 — https://github.com/mermeroo/V2RAY-FREE/raw/main/Base64/Sub2_base64.txt
2026-05-18 02:45:34,927 | INFO     |   → 128/902 ❌ HTTP 404 — https://github.com/mermeroo/V2RAY-FREE/raw/main/Base64/Sub3_base64.txt
2026-05-18 02:45:34,927 | INFO     |   → 129/902 ❌ HTTP 404 — https://github.com/mermeroo/V2RAY-FREE/raw/main/Base64/Sub4_base64.txt
2026-05-18 02:45:34,927 | INFO     |   → 130/902 ❌ HTTP 404 — https://github.com/mermeroo/V2RAY-FREE/raw/main/Base64/Sub5_base64.txt
2026-05-18 02:45:34,927 | INFO     |   → 131/902 ❌ HTTP 404 — https://github.com/mermeroo/telegram-configs-collector/raw/main/protocols/hysteria
2026-05-18 02:45:34,927 | INFO     |   → 132/902 ❌ HTTP 404 — https://github.com/mermeroo/telegram-configs-collector/raw/main/protocols/juicity
2026-05-18 02:45:34,927 | INFO     |   → 133/902 ❌ HTTP 404 — https://github.com/mermeroo/telegram-configs-collector/raw/main/protocols/tuic
2026-05-18 02:45:34,927 | INFO     |   → 134/902: ✅ 5 взято | 🗑️ 16 мусор
2026-05-18 02:45:34,927 | INFO     |   → 135/902: ✅ 0 взято | 🗑️ 0 мусор
2026-05-18 02:45:34,927 | INFO     |   → 136/902: ✅ 0 взято | 🗑️ 0 мусор
2026-05-18 02:45:34,927 | INFO     |   → 137/902: ✅ 0 взято | 🗑️ 0 мусор
2026-05-18 02:45:34,927 | INFO     |   → 138/902: ✅ 3 взято | 🗑️ 238 мусор
2026-05-18 02:45:34,927 | INFO     |   → 139/902: ✅ 0 взято | 🗑️ 0 мусор
2026-05-18 02:45:34,927 | INFO     |   → 140/902: ✅ 3 взято | 🗑️ 239 мусор
2026-05-18 02:45:34,927 | INFO     |   → 141/902: ✅ 0 взято | 🗑️ 0 мусор
2026-05-18 02:45:34,927 | INFO     |   → 142/902: ✅ 0 взято | 🗑️ 255 мусор
2026-05-18 02:45:34,927 | INFO     |   → 143/902: ✅ 0 взято | 🗑️ 0 мусор
2026-05-18 02:45:34,927 | INFO     |   → 144/902: ✅ 1 взято | 🗑️ 249 мусор
2026-05-18 02:45:34,927 | INFO     |   → 145/902: ✅ 0 взято | 🗑️ 0 мусор
2026-05-18 02:45:34,927 | INFO     |   → 146/902: ✅ 0 взято | 🗑️ 207 мусор
2026-05-18 02:45:34,927 | INFO     |   → 147/902: ✅ 0 взято | 🗑️ 0 мусор
2026-05-18 02:45:34,927 | INFO     |   → 148/902: ✅ 0 взято | 🗑️ 228 мусор
2026-05-18 02:45:34,927 | INFO     |   → 149/902: ✅ 0 взято | 🗑️ 0 мусор
2026-05-18 02:45:34,927 | INFO     |   → 150/902: ✅ 1 взято | 🗑️ 291 мусор
2026-05-18 02:45:34,928 | INFO     |   → 151/902: ✅ 0 взято | 🗑️ 0 мусор
2026-05-18 02:45:34,928 | INFO     |   → 152/902: ✅ 3 взято | 🗑️ 221 мусор
2026-05-18 02:45:34,928 | INFO     |   → 153/902: ✅ 0 взято | 🗑️ 0 мусор
2026-05-18 02:45:34,928 | INFO     |   → 154/902: ✅ 1 взято | 🗑️ 222 мусор
2026-05-18 02:45:34,928 | INFO     |   → 155/902: ✅ 0 взято | 🗑️ 0 мусор
2026-05-18 02:45:34,928 | INFO     |   → 156/902: ✅ 1 взято | 🗑️ 218 мусор
2026-05-18 02:45:34,928 | INFO     |   → 157/902: ✅ 0 взято | 🗑️ 0 мусор
2026-05-18 02:45:34,928 | INFO     |   → 158/902: ✅ 0 взято | 🗑️ 193 мусор
2026-05-18 02:45:34,928 | INFO     |   → 159/902: ✅ 0 взято | 🗑️ 0 мусор
2026-05-18 02:45:34,928 | INFO     |   → 160/902: ✅ 0 взято | 🗑️ 290 мусор
2026-05-18 02:45:34,928 | INFO     |   → 161/902: ✅ 0 взято | 🗑️ 0 мусор
2026-05-18 02:45:34,928 | INFO     |   → 162/902: ✅ 0 взято | 🗑️ 238 мусор
2026-05-18 02:45:34,928 | INFO     |   → 163/902: ✅ 0 взято | 🗑️ 0 мусор
2026-05-18 02:45:34,928 | INFO     |   → 164/902: ✅ 0 взято | 🗑️ 221 мусор
2026-05-18 02:45:34,928 | INFO     |   → 165/902: ✅ 0 взято | 🗑️ 0 мусор
2026-05-18 02:45:34,928 | INFO     |   → 166/902: ✅ 0 взято | 🗑️ 248 мусор
2026-05-18 02:45:34,928 | INFO     |   → 167/902: ✅ 0 взято | 🗑️ 0 мусор
2026-05-18 02:45:34,928 | INFO     |   → 168/902: ✅ 0 взято | 🗑️ 203 мусор
2026-05-18 02:45:34,928 | INFO     |   → 169/902: ✅ 0 взято | 🗑️ 0 мусор
2026-05-18 02:45:34,928 | INFO     |   → 170/902: ✅ 0 взято | 🗑️ 208 мусор
2026-05-18 02:45:34,928 | INFO     |   → 171/902: ✅ 0 взято | 🗑️ 0 мусор
2026-05-18 02:45:34,928 | INFO     |   → 172/902: ✅ 2 взято | 🗑️ 209 мусор
2026-05-18 02:45:34,928 | INFO     |   → 173/902: ✅ 0 взято | 🗑️ 0 мусор
2026-05-18 02:45:34,928 | INFO     |   → 174/902: ✅ 0 взято | 🗑️ 258 мусор
2026-05-18 02:45:34,928 | INFO     |   → 175/902: ✅ 0 взято | 🗑️ 0 мусор
2026-05-18 02:45:34,929 | INFO     |   → 176/902: ✅ 0 взято | 🗑️ 296 мусор
2026-05-18 02:45:34,929 | INFO     |   → 177/902: ✅ 0 взято | 🗑️ 0 мусор
2026-05-18 02:45:34,929 | INFO     |   → 178/902: ✅ 1 взято | 🗑️ 286 мусор
2026-05-18 02:45:34,929 | INFO     |   → 179/902: ✅ 0 взято | 🗑️ 0 мусор
2026-05-18 02:45:34,929 | INFO     |   → 180/902: ✅ 0 взято | 🗑️ 195 мусор
2026-05-18 02:45:34,929 | INFO     |   → 181/902: ✅ 0 взято | 🗑️ 0 мусор
2026-05-18 02:45:34,929 | INFO     |   → 182/902: ✅ 0 взято | 🗑️ 170 мусор
2026-05-18 02:45:34,929 | INFO     |   → 183/902: ✅ 0 взято | 🗑️ 0 мусор
2026-05-18 02:45:34,929 | INFO     |   → 184/902: ✅ 0 взято | 🗑️ 160 мусор
2026-05-18 02:45:34,929 | INFO     |   → 185/902: ✅ 0 взято | 🗑️ 0 мусор
2026-05-18 02:45:34,929 | INFO     |   → 186/902: ✅ 0 взято | 🗑️ 121 мусор
2026-05-18 02:45:34,929 | INFO     |   → 187/902: ✅ 0 взято | 🗑️ 0 мусор
2026-05-18 02:45:34,929 | INFO     |   → 188/902: ✅ 0 взято | 🗑️ 135 мусор
2026-05-18 02:45:34,929 | INFO     |   → 189/902: ✅ 0 взято | 🗑️ 0 мусор
2026-05-18 02:45:34,929 | INFO     |   → 190/902: ✅ 1 взято | 🗑️ 129 мусор
2026-05-18 02:45:34,929 | INFO     |   → 191/902: ✅ 0 взято | 🗑️ 0 мусор
2026-05-18 02:45:34,929 | INFO     |   → 192/902: ✅ 0 взято | 🗑️ 189 мусор
2026-05-18 02:45:34,929 | INFO     |   → 193/902: ✅ 0 взято | 🗑️ 0 мусор
2026-05-18 02:45:34,929 | INFO     |   → 194/902: ✅ 3 взято | 🗑️ 147 мусор
2026-05-18 02:45:34,929 | INFO     |   → 195/902: ✅ 0 взято | 🗑️ 0 мусор
2026-05-18 02:45:34,929 | INFO     |   → 196/902: ✅ 1 взято | 🗑️ 183 мусор
2026-05-18 02:45:34,929 | INFO     |   → 197/902: ✅ 0 взято | 🗑️ 0 мусор
2026-05-18 02:45:34,929 | INFO     |   → 198/902: ✅ 0 взято | 🗑️ 155 мусор
2026-05-18 02:45:34,929 | INFO     |   → 199/902: ✅ 0 взято | 🗑️ 0 мусор
2026-05-18 02:45:34,929 | INFO     |   → 200/902: ✅ 0 взято | 🗑️ 114 мусор
2026-05-18 02:45:34,930 | INFO     |   → 201/902: ✅ 0 взято | 🗑️ 0 мусор
2026-05-18 02:45:34,930 | INFO     |   → 202/902: ✅ 0 взято | 🗑️ 239 мусор
2026-05-18 02:45:34,930 | INFO     |   → 203/902: ✅ 0 взято | 🗑️ 0 мусор
2026-05-18 02:45:34,930 | INFO     |   → 204/902: ✅ 0 взято | 🗑️ 204 мусор
2026-05-18 02:45:34,930 | INFO     |   → 205/902: ✅ 0 взято | 🗑️ 0 мусор
2026-05-18 02:45:34,930 | INFO     |   → 206/902: ✅ 0 взято | 🗑️ 232 мусор
2026-05-18 02:45:34,930 | INFO     |   → 207/902: ✅ 0 взято | 🗑️ 0 мусор
2026-05-18 02:45:34,930 | INFO     |   → 208/902: ✅ 0 взято | 🗑️ 192 мусор
2026-05-18 02:45:34,930 | INFO     |   → 209/902: ✅ 0 взято | 🗑️ 0 мусор
2026-05-18 02:45:34,930 | INFO     |   → 210/902: ✅ 0 взято | 🗑️ 183 мусор
2026-05-18 02:45:34,930 | INFO     |   → 211/902: ✅ 0 взято | 🗑️ 0 мусор
2026-05-18 02:45:34,930 | INFO     |   → 212/902: ✅ 0 взято | 🗑️ 169 мусор
2026-05-18 02:45:34,930 | INFO     |   → 213/902: ✅ 0 взято | 🗑️ 0 мусор
2026-05-18 02:45:34,930 | INFO     |   → 214/902: ✅ 0 взято | 🗑️ 167 мусор
2026-05-18 02:45:34,930 | INFO     |   → 215/902: ✅ 0 взято | 🗑️ 0 мусор
2026-05-18 02:45:34,930 | INFO     |   → 216/902 ⚠️ Ошибка: HTTPSConnectionPool(host='ivuxy.tech', port=443): Max retries exceeded with url: /v.txt (Caused by NameResolutionError("HTTPSConnection(host='ivuxy.tech', port=443): Failed to resolve 'ivuxy.tech' ([Errno -2] Name or service not known)")) — https://ivuxy.tech/v.txt
2026-05-18 02:45:34,930 | INFO     |   → 217/902 ⚠️ Ошибка: HTTPSConnectionPool(host='mirror.ghproxy.com', port=443): Max retries exceeded with url: /https://raw.githubusercontent.com/Barabama/FreeNodes/master/nodes/blues.txt (Caused by NameResolutionError("HTTPSConnection(host='mirror.ghproxy.com', port=443): Failed to resolve 'mirror.ghproxy.com' ([Errno -2] Name or service not known)")) — https://mirror.ghproxy.com/https://raw.githubusercontent.com/Barabama/FreeNodes/master/nodes/blues.txt
2026-05-18 02:45:34,930 | INFO     |   → 218/902 ⚠️ Ошибка: HTTPSConnectionPool(host='mirror.ghproxy.com', port=443): Max retries exceeded with url: /https://raw.githubusercontent.com/Barabama/FreeNodes/master/nodes/halekj.txt (Caused by NameResolutionError("HTTPSConnection(host='mirror.ghproxy.com', port=443): Failed to resolve 'mirror.ghproxy.com' ([Errno -2] Name or service not known)")) — https://mirror.ghproxy.com/https://raw.githubusercontent.com/Barabama/FreeNodes/master/nodes/halekj.txt
2026-05-18 02:45:34,930 | INFO     |   → 219/902 ⚠️ Ошибка: HTTPSConnectionPool(host='mirror.ghproxy.com', port=443): Max retries exceeded with url: /https://raw.githubusercontent.com/Barabama/FreeNodes/master/nodes/kkzui.txt (Caused by NameResolutionError("HTTPSConnection(host='mirror.ghproxy.com', port=443): Failed to resolve 'mirror.ghproxy.com' ([Errno -2] Name or service not known)")) — https://mirror.ghproxy.com/https://raw.githubusercontent.com/Barabama/FreeNodes/master/nodes/kkzui.txt
2026-05-18 02:45:34,930 | INFO     |   → 220/902 ⚠️ Ошибка: HTTPSConnectionPool(host='mirror.ghproxy.com', port=443): Max retries exceeded with url: /https://raw.githubusercontent.com/Barabama/FreeNodes/master/nodes/merged.txt (Caused by NameResolutionError("HTTPSConnection(host='mirror.ghproxy.com', port=443): Failed to resolve 'mirror.ghproxy.com' ([Errno -2] Name or service not known)")) — https://mirror.ghproxy.com/https://raw.githubusercontent.com/Barabama/FreeNodes/master/nodes/merged.txt
2026-05-18 02:45:34,930 | INFO     |   → 221/902 ⚠️ Ошибка: HTTPSConnectionPool(host='mirror.ghproxy.com', port=443): Max retries exceeded with url: /https://raw.githubusercontent.com/Barabama/FreeNodes/master/nodes/nodefree.txt (Caused by NameResolutionError("HTTPSConnection(host='mirror.ghproxy.com', port=443): Failed to resolve 'mirror.ghproxy.com' ([Errno -2] Name or service not known)")) — https://mirror.ghproxy.com/https://raw.githubusercontent.com/Barabama/FreeNodes/master/nodes/nodefree.txt
2026-05-18 02:45:34,930 | INFO     |   → 222/902 ⚠️ Ошибка: HTTPSConnectionPool(host='mirror.ghproxy.com', port=443): Max retries exceeded with url: /https://raw.githubusercontent.com/Barabama/FreeNodes/master/nodes/openrunner.txt (Caused by NameResolutionError("HTTPSConnection(host='mirror.ghproxy.com', port=443): Failed to resolve 'mirror.ghproxy.com' ([Errno -2] Name or service not known)")) — https://mirror.ghproxy.com/https://raw.githubusercontent.com/Barabama/FreeNodes/master/nodes/openrunner.txt
2026-05-18 02:45:34,930 | INFO     |   → 223/902 ⚠️ Ошибка: HTTPSConnectionPool(host='mirror.ghproxy.com', port=443): Max retries exceeded with url: /https://raw.githubusercontent.com/Barabama/FreeNodes/master/nodes/v2rayshare.txt (Caused by NameResolutionError("HTTPSConnection(host='mirror.ghproxy.com', port=443): Failed to resolve 'mirror.ghproxy.com' ([Errno -2] Name or service not known)")) — https://mirror.ghproxy.com/https://raw.githubusercontent.com/Barabama/FreeNodes/master/nodes/v2rayshare.txt
2026-05-18 02:45:34,930 | INFO     |   → 224/902 ⚠️ Ошибка: HTTPSConnectionPool(host='mirror.ghproxy.com', port=443): Max retries exceeded with url: /https://raw.githubusercontent.com/Barabama/FreeNodes/master/nodes/wenode.txt (Caused by NameResolutionError("HTTPSConnection(host='mirror.ghproxy.com', port=443): Failed to resolve 'mirror.ghproxy.com' ([Errno -2] Name or service not known)")) — https://mirror.ghproxy.com/https://raw.githubusercontent.com/Barabama/FreeNodes/master/nodes/wenode.txt
2026-05-18 02:45:34,930 | INFO     |   → 225/902 ⚠️ Ошибка: HTTPSConnectionPool(host='mirror.ghproxy.com', port=443): Max retries exceeded with url: /https://raw.githubusercontent.com/Barabama/FreeNodes/master/nodes/yudou66.txt (Caused by NameResolutionError("HTTPSConnection(host='mirror.ghproxy.com', port=443): Failed to resolve 'mirror.ghproxy.com' ([Errno -2] Name or service not known)")) — https://mirror.ghproxy.com/https://raw.githubusercontent.com/Barabama/FreeNodes/master/nodes/yudou66.txt
2026-05-18 02:45:34,930 | INFO     |   → 226/902: ✅ 7 взято | 🗑️ 17 мусор
2026-05-18 02:45:34,931 | INFO     |   → 227/902: ✅ 0 взято | 🗑️ 17 мусор
2026-05-18 02:45:34,931 | INFO     |   → 228/902: ✅ 14 взято | 🗑️ 14 мусор
2026-05-18 02:45:34,931 | INFO     |   → 229/902: ✅ 0 взято | 🗑️ 14 мусор
2026-05-18 02:45:34,931 | INFO     |   → 230/902: ✅ 0 взято | 🗑️ 14 мусор
2026-05-18 02:45:34,931 | INFO     |   → 231/902: ✅ 0 взято | 🗑️ 14 мусор
2026-05-18 02:45:34,931 | INFO     |   → 232/902: ✅ 0 взято | 🗑️ 14 мусор
2026-05-18 02:45:34,931 | INFO     |   → 233/902: ✅ 0 взято | 🗑️ 14 мусор
2026-05-18 02:45:34,931 | INFO     |   → 234/902: ✅ 0 взято | 🗑️ 14 мусор
2026-05-18 02:45:34,931 | INFO     |   → 235/902: ✅ 0 взято | 🗑️ 14 мусор
2026-05-18 02:45:34,931 | INFO     |   → 236/902: ✅ 0 взято | 🗑️ 14 мусор
2026-05-18 02:45:34,931 | INFO     |   → 237/902: ✅ 7 взято | 🗑️ 21 мусор
2026-05-18 02:45:34,931 | INFO     |   → 238/902: ✅ 0 взято | 🗑️ 21 мусор
2026-05-18 02:45:34,931 | INFO     |   → 239/902: ✅ 0 взято | 🗑️ 21 мусор
2026-05-18 02:45:34,931 | INFO     |   → 240/902: ✅ 0 взято | 🗑️ 21 мусор
2026-05-18 02:45:34,931 | INFO     |   → 241/902: ✅ 0 взято | 🗑️ 21 мусор
2026-05-18 02:45:34,931 | INFO     |   → 242/902: ✅ 0 взято | 🗑️ 21 мусор
2026-05-18 02:45:34,931 | INFO     |   → 243/902: ✅ 0 взято | 🗑️ 21 мусор
2026-05-18 02:45:34,931 | INFO     |   → 244/902: ✅ 0 взято | 🗑️ 21 мусор
2026-05-18 02:45:34,931 | INFO     |   → 245/902: ✅ 0 взято | 🗑️ 21 мусор
2026-05-18 02:45:34,931 | INFO     |   → 246/902: ✅ 0 взято | 🗑️ 21 мусор
2026-05-18 02:45:34,931 | INFO     |   → 247/902: ✅ 0 взято | 🗑️ 21 мусор
2026-05-18 02:45:34,931 | INFO     |   → 248/902: ✅ 5 взято | 🗑️ 15 мусор
2026-05-18 02:45:34,931 | INFO     |   → 249/902: ✅ 0 взято | 🗑️ 15 мусор
2026-05-18 02:45:34,931 | INFO     |   → 250/902: ✅ 0 взято | 🗑️ 15 мусор
2026-05-18 02:45:34,931 | INFO     |   → 251/902: ✅ 0 взято | 🗑️ 15 мусор
2026-05-18 02:45:34,932 | INFO     |   → 252/902: ✅ 0 взято | 🗑️ 15 мусор
2026-05-18 02:45:34,932 | INFO     |   → 253/902: ✅ 0 взято | 🗑️ 15 мусор
2026-05-18 02:45:34,932 | INFO     |   → 254/902: ✅ 0 взято | 🗑️ 15 мусор
2026-05-18 02:45:34,932 | INFO     |   → 255/902: ✅ 0 взято | 🗑️ 15 мусор
2026-05-18 02:45:34,932 | INFO     |   → 256/902: ✅ 0 взято | 🗑️ 15 мусор
2026-05-18 02:45:34,932 | INFO     |   → 257/902: ✅ 0 взято | 🗑️ 14 мусор
2026-05-18 02:45:34,932 | INFO     |   → 258/902: ✅ 0 взято | 🗑️ 14 мусор
2026-05-18 02:45:34,932 | INFO     |   → 259/902: ✅ 0 взято | 🗑️ 14 мусор
2026-05-18 02:45:34,932 | INFO     |   → 260/902: ✅ 0 взято | 🗑️ 14 мусор
2026-05-18 02:45:34,932 | INFO     |   → 261/902: ✅ 6 взято | 🗑️ 17 мусор
2026-05-18 02:45:34,932 | INFO     |   → 262/902: ✅ 0 взято | 🗑️ 17 мусор
2026-05-18 02:45:34,932 | INFO     |   → 263/902: ✅ 0 взято | 🗑️ 17 мусор
2026-05-18 02:45:34,932 | INFO     |   → 264/902 ❌ HTTP 403 — https://nodefree.org/dy/2023/08/20230806.yaml
2026-05-18 02:45:34,932 | INFO     |   → 265/902 ❌ HTTP 403 — https://nodefree.org/dy/2023/12/20231221.txt
2026-05-18 02:45:34,932 | INFO     |   → 266/902: ✅ 0 взято | 🗑️ 17 мусор
2026-05-18 02:45:34,932 | INFO     |   → 267/902: ✅ 0 взято | 🗑️ 17 мусор
2026-05-18 02:45:34,932 | INFO     |   → 268/902: ✅ 0 взято | 🗑️ 14 мусор
2026-05-18 02:45:34,932 | INFO     |   → 269/902: ✅ 0 взято | 🗑️ 14 мусор
2026-05-18 02:45:34,932 | INFO     |   → 270/902: ✅ 0 взято | 🗑️ 14 мусор
2026-05-18 02:45:34,932 | INFO     |   → 271/902: ✅ 0 взято | 🗑️ 14 мусор
2026-05-18 02:45:34,932 | INFO     |   → 272/902: ✅ 0 взято | 🗑️ 14 мусор
2026-05-18 02:45:34,932 | INFO     |   → 273/902: ✅ 0 взято | 🗑️ 14 мусор
2026-05-18 02:45:34,932 | INFO     |   → 274/902: ✅ 0 взято | 🗑️ 14 мусор
2026-05-18 02:45:34,932 | INFO     |   → 275/902: ✅ 0 взято | 🗑️ 14 мусор
2026-05-18 02:45:34,932 | INFO     |   → 276/902: ✅ 0 взято | 🗑️ 14 мусор
2026-05-18 02:45:34,932 | INFO     |   → 277/902: ✅ 0 взято | 🗑️ 21 мусор
2026-05-18 02:45:34,933 | INFO     |   → 278/902: ✅ 0 взято | 🗑️ 21 мусор
2026-05-18 02:45:34,933 | INFO     |   → 279/902: ✅ 0 взято | 🗑️ 21 мусор
2026-05-18 02:45:34,933 | INFO     |   → 280/902: ✅ 0 взято | 🗑️ 21 мусор
2026-05-18 02:45:34,933 | INFO     |   → 281/902: ✅ 0 взято | 🗑️ 21 мусор
2026-05-18 02:45:34,933 | INFO     |   → 282/902: ✅ 0 взято | 🗑️ 21 мусор
2026-05-18 02:45:34,933 | INFO     |   → 283/902: ✅ 0 взято | 🗑️ 21 мусор
2026-05-18 02:45:34,933 | INFO     |   → 284/902: ✅ 0 взято | 🗑️ 21 мусор
2026-05-18 02:45:34,933 | INFO     |   → 285/902: ✅ 0 взято | 🗑️ 21 мусор
2026-05-18 02:45:34,933 | INFO     |   → 286/902: ✅ 0 взято | 🗑️ 21 мусор
2026-05-18 02:45:34,933 | INFO     |   → 287/902: ✅ 0 взято | 🗑️ 21 мусор
2026-05-18 02:45:34,933 | INFO     |   → 288/902: ✅ 0 взято | 🗑️ 15 мусор
2026-05-18 02:45:34,933 | INFO     |   → 289/902: ✅ 0 взято | 🗑️ 15 мусор
2026-05-18 02:45:34,933 | INFO     |   → 290/902: ✅ 0 взято | 🗑️ 15 мусор
2026-05-18 02:45:34,933 | INFO     |   → 291/902: ✅ 0 взято | 🗑️ 15 мусор
2026-05-18 02:45:34,933 | INFO     |   → 292/902: ✅ 0 взято | 🗑️ 15 мусор
2026-05-18 02:45:34,933 | INFO     |   → 293/902: ✅ 0 взято | 🗑️ 15 мусор
2026-05-18 02:45:34,933 | INFO     |   → 294/902: ✅ 0 взято | 🗑️ 15 мусор
2026-05-18 02:45:34,933 | INFO     |   → 295/902: ✅ 0 взято | 🗑️ 15 мусор
2026-05-18 02:45:34,933 | INFO     |   → 296/902: ✅ 0 взято | 🗑️ 15 мусор
2026-05-18 02:45:34,933 | INFO     |   → 297/902: ✅ 0 взято | 🗑️ 15 мусор
2026-05-18 02:45:34,933 | INFO     |   → 298/902: ✅ 0 взято | 🗑️ 14 мусор
2026-05-18 02:45:34,933 | INFO     |   → 299/902: ✅ 0 взято | 🗑️ 14 мусор
2026-05-18 02:45:34,933 | INFO     |   → 300/902: ✅ 0 взято | 🗑️ 14 мусор
2026-05-18 02:45:34,933 | INFO     |   → 301/902: ✅ 0 взято | 🗑️ 14 мусор
2026-05-18 02:45:34,933 | INFO     |   → 302/902: ✅ 0 взято | 🗑️ 17 мусор
2026-05-18 02:45:34,933 | INFO     |   → 303/902: ✅ 0 взято | 🗑️ 17 мусор
2026-05-18 02:45:34,934 | INFO     |   → 304/902: ✅ 0 взято | 🗑️ 17 мусор
2026-05-18 02:45:34,934 | INFO     |   → 305/902: ✅ 0 взято | 🗑️ 0 мусор
2026-05-18 02:45:34,934 | INFO     |   → 306/902: ✅ 0 взято | 🗑️ 0 мусор
2026-05-18 02:45:34,934 | INFO     |   → 307/902: ✅ 0 взято | 🗑️ 0 мусор
2026-05-18 02:45:34,934 | INFO     |   → 308/902: ✅ 0 взято | 🗑️ 0 мусор
2026-05-18 02:45:34,934 | INFO     |   → 309/902: ✅ 0 взято | 🗑️ 0 мусор
2026-05-18 02:45:34,934 | INFO     |   → 310/902: ✅ 0 взято | 🗑️ 0 мусор
2026-05-18 02:45:34,934 | INFO     |   → 311/902: ✅ 0 взято | 🗑️ 0 мусор
2026-05-18 02:45:34,934 | INFO     |   → 312/902: ✅ 0 взято | 🗑️ 0 мусор
2026-05-18 02:45:34,934 | INFO     |   → 313/902: ✅ 0 взято | 🗑️ 0 мусор
2026-05-18 02:45:34,934 | INFO     |   → 314/902: ✅ 0 взято | 🗑️ 0 мусор
2026-05-18 02:45:34,934 | INFO     |   → 315/902: ✅ 0 взято | 🗑️ 0 мусор
2026-05-18 02:45:34,934 | INFO     |   → 316/902: ✅ 0 взято | 🗑️ 0 мусор
2026-05-18 02:45:34,934 | INFO     |   → 317/902 ❌ HTTP 404 — https://raw.githubusercontent.com/10ium/MihomoSaz/main/Sublist/shatakvpn.yaml4_Sub.txt
2026-05-18 02:45:34,934 | INFO     |   → 318/902: ✅ 0 взято | 🗑️ 0 мусор
2026-05-18 02:45:34,934 | INFO     |   → 319/902: ✅ 0 взято | 🗑️ 0 мусор
2026-05-18 02:45:34,934 | INFO     |   → 320/902: ✅ 12 взято | 🗑️ 38 мусор
2026-05-18 02:45:34,934 | INFO     |   → 321/902: ✅ 0 взято | 🗑️ 0 мусор
2026-05-18 02:45:34,934 | INFO     |   → 322/902: ✅ 0 взято | 🗑️ 0 мусор
2026-05-18 02:45:34,934 | INFO     |   → 323/902: ✅ 11 взято | 🗑️ 399 мусор
2026-05-18 02:45:34,934 | INFO     |   → 324/902: ✅ 0 взято | 🗑️ 0 мусор
2026-05-18 02:45:34,934 | INFO     |   → 325/902 ❌ HTTP 404 — https://raw.githubusercontent.com/9Fork/openit/main/Clash.yaml
2026-05-18 02:45:34,934 | INFO     |   → 326/902: ✅ 100 взято | 🗑️ 381 мусор
2026-05-18 02:45:34,934 | INFO     |   → 327/902: ✅ 0 взято | 🗑️ 381 мусор
2026-05-18 02:45:34,934 | INFO     |   → 328/902: ✅ 19 взято | 🗑️ 81 мусор
2026-05-18 02:45:34,935 | INFO     |   → 329/902: ✅ 11 взято | 🗑️ 87 мусор
2026-05-18 02:45:34,935 | INFO     |   → 330/902: ✅ 27 взято | 🗑️ 73 мусор
2026-05-18 02:45:34,935 | INFO     |   → 331/902: ✅ 13 взято | 🗑️ 75 мусор
2026-05-18 02:45:34,935 | INFO     |   → 332/902: ✅ 10 взято | 🗑️ 83 мусор
2026-05-18 02:45:34,935 | INFO     |   → 333/902: ✅ 12 взято | 🗑️ 86 мусор
2026-05-18 02:45:34,935 | INFO     |   → 334/902: ✅ 11 взято | 🗑️ 87 мусор
2026-05-18 02:45:34,935 | INFO     |   → 335/902: ✅ 11 взято | 🗑️ 80 мусор
2026-05-18 02:45:34,935 | INFO     |   → 336/902: ✅ 9 взято | 🗑️ 82 мусор
2026-05-18 02:45:34,935 | INFO     |   → 337/902: ✅ 69 взято | 🗑️ 3 мусор
2026-05-18 02:45:34,935 | INFO     |   → 338/902: ✅ 3 взято | 🗑️ 75 мусор
2026-05-18 02:45:34,935 | INFO     |   → 339/902: ✅ 4 взято | 🗑️ 69 мусор
2026-05-18 02:45:34,935 | INFO     |   → 340/902: ✅ 4 взято | 🗑️ 80 мусор
2026-05-18 02:45:34,935 | INFO     |   → 341/902: ✅ 6 взято | 🗑️ 81 мусор
2026-05-18 02:45:34,935 | INFO     |   → 342/902: ✅ 5 взято | 🗑️ 79 мусор
2026-05-18 02:45:34,935 | INFO     |   → 343/902: ✅ 11 взято | 🗑️ 78 мусор
2026-05-18 02:45:34,935 | INFO     |   → 344/902: ✅ 3 взято | 🗑️ 83 мусор
2026-05-18 02:45:34,935 | INFO     |   → 345/902: ✅ 14 взято | 🗑️ 76 мусор
2026-05-18 02:45:34,935 | INFO     |   → 346/902: ✅ 12 взято | 🗑️ 78 мусор
2026-05-18 02:45:34,935 | INFO     |   → 347/902: ✅ 26 взято | 🗑️ 218 мусор
2026-05-18 02:45:34,935 | INFO     |   → 348/902: ✅ 44 взято | 🗑️ 141 мусор
2026-05-18 02:45:34,935 | INFO     |   → 349/902: ✅ 10 взято | 🗑️ 71 мусор
2026-05-18 02:45:34,935 | INFO     |   → 350/902: ✅ 2 взято | 🗑️ 88 мусор
2026-05-18 02:45:34,935 | INFO     |   → 351/902: ✅ 0 взято | 🗑️ 3 мусор
2026-05-18 02:45:34,935 | INFO     |   → 352/902: ✅ 14 взято | 🗑️ 4 мусор
2026-05-18 02:45:34,935 | INFO     |   → 353/902: ✅ 622 взято | 🗑️ 2509 мусор
2026-05-18 02:45:34,936 | INFO     |   → 354/902 ❌ HTTP 404 — https://raw.githubusercontent.com/Alvin9999/pac2/master/clash/1/config.yaml
2026-05-18 02:45:34,936 | INFO     |   → 355/902 ❌ HTTP 404 — https://raw.githubusercontent.com/AmirHDevo/temp2/7f15e7ddb311a6f8c5ab338bd1af0e1f2136a84b/configs.txt
2026-05-18 02:45:34,936 | INFO     |   → 356/902: ✅ 5 взято | 🗑️ 83 мусор
2026-05-18 02:45:34,936 | INFO     |   → 357/902: ✅ 1687 взято | 🗑️ 29024 мусор
2026-05-18 02:45:34,936 | INFO     |   → 358/902: ✅ 5 взято | 🗑️ 47 мусор
2026-05-18 02:45:34,936 | INFO     |   → 359/902: ✅ 4 взято | 🗑️ 57 мусор
2026-05-18 02:45:34,936 | INFO     |   → 360/902: ✅ 21 взято | 🗑️ 107 мусор
2026-05-18 02:45:34,936 | INFO     |   → 361/902: ✅ 78 взято | 🗑️ 347 мусор
2026-05-18 02:45:34,936 | INFO     |   → 362/902: ✅ 0 взято | 🗑️ 1373 мусор
2026-05-18 02:45:34,936 | INFO     |   → 363/902: ✅ 339 взято | 🗑️ 1542 мусор
2026-05-18 02:45:34,936 | INFO     |   → 364/902: ✅ 0 взято | 🗑️ 6 мусор
2026-05-18 02:45:34,936 | INFO     |   → 365/902: ✅ 0 взято | 🗑️ 0 мусор
2026-05-18 02:45:34,936 | INFO     |   → 366/902: ✅ 1 взято | 🗑️ 235 мусор
2026-05-18 02:45:34,936 | INFO     |   → 367/902: ✅ 0 взято | 🗑️ 16 мусор
2026-05-18 02:45:34,936 | INFO     |   → 368/902: ✅ 0 взято | 🗑️ 0 мусор
2026-05-18 02:45:34,936 | INFO     |   → 369/902: ✅ 0 взято | 🗑️ 14 мусор
2026-05-18 02:45:34,936 | INFO     |   → 370/902: ✅ 0 взято | 🗑️ 0 мусор
2026-05-18 02:45:34,936 | INFO     |   → 371/902: ✅ 0 взято | 🗑️ 17 мусор
2026-05-18 02:45:34,936 | INFO     |   → 372/902: ✅ 0 взято | 🗑️ 0 мусор
2026-05-18 02:45:34,936 | INFO     |   → 373/902: ✅ 1 взято | 🗑️ 12 мусор
2026-05-18 02:45:34,936 | INFO     |   → 374/902: ✅ 0 взято | 🗑️ 0 мусор
2026-05-18 02:45:34,936 | INFO     |   → 375/902: ✅ 0 взято | 🗑️ 17 мусор
2026-05-18 02:45:34,936 | INFO     |   → 376/902: ✅ 0 взято | 🗑️ 0 мусор
2026-05-18 02:45:34,936 | INFO     |   → 377/902: ✅ 0 взято | 🗑️ 17 мусор
2026-05-18 02:45:34,936 | INFO     |   → 378/902: ✅ 0 взято | 🗑️ 0 мусор
2026-05-18 02:45:34,937 | INFO     |   → 379/902: ✅ 0 взято | 🗑️ 167 мусор
2026-05-18 02:45:34,937 | INFO     |   → 380/902: ✅ 0 взято | 🗑️ 0 мусор
2026-05-18 02:45:34,937 | INFO     |   → 381/902: ✅ 5 взято | 🗑️ 76 мусор
2026-05-18 02:45:34,937 | INFO     |   → 382/902: ✅ 80 взято | 🗑️ 1110 мусор
2026-05-18 02:45:34,937 | INFO     |   → 383/902: ✅ 5 взято | 🗑️ 13 мусор
2026-05-18 02:45:34,937 | INFO     |   → 384/902 ❌ HTTP 404 — https://raw.githubusercontent.com/Epodonios/bulk-xray-v2ray-vless-vmess-...-configs/main/sub/Austria/config.txt
2026-05-18 02:45:34,937 | INFO     |   → 385/902 ❌ HTTP 404 — https://raw.githubusercontent.com/Epodonios/bulk-xray-v2ray-vless-vmess-...-configs/main/sub/Canada/config.txt
2026-05-18 02:45:34,937 | INFO     |   → 386/902 ❌ HTTP 404 — https://raw.githubusercontent.com/Epodonios/bulk-xray-v2ray-vless-vmess-...-configs/main/sub/Costa%20Rica/config.txt
2026-05-18 02:45:34,937 | INFO     |   → 387/902 ❌ HTTP 404 — https://raw.githubusercontent.com/Epodonios/bulk-xray-v2ray-vless-vmess-...-configs/main/sub/France/config.txt
2026-05-18 02:45:34,937 | INFO     |   → 388/902 ❌ HTTP 404 — https://raw.githubusercontent.com/Epodonios/bulk-xray-v2ray-vless-vmess-...-configs/main/sub/Germany/config.txt
2026-05-18 02:45:34,937 | INFO     |   → 389/902 ❌ HTTP 404 — https://raw.githubusercontent.com/Epodonios/bulk-xray-v2ray-vless-vmess-...-configs/main/sub/Indonesia/config.txt
2026-05-18 02:45:34,937 | INFO     |   → 390/902 ❌ HTTP 404 — https://raw.githubusercontent.com/Epodonios/bulk-xray-v2ray-vless-vmess-...-configs/main/sub/Ireland/config.txt
2026-05-18 02:45:34,937 | INFO     |   → 391/902 ❌ HTTP 404 — https://raw.githubusercontent.com/Epodonios/bulk-xray-v2ray-vless-vmess-...-configs/main/sub/Republic%20of%20Lithuania/config.txt
2026-05-18 02:45:34,937 | INFO     |   → 392/902 ❌ HTTP 404 — https://raw.githubusercontent.com/Epodonios/bulk-xray-v2ray-vless-vmess-...-configs/main/sub/South%20Africa/config.txt
2026-05-18 02:45:34,937 | INFO     |   → 393/902 ❌ HTTP 404 — https://raw.githubusercontent.com/Epodonios/bulk-xray-v2ray-vless-vmess-...-configs/main/sub/Sweden/config.txt
2026-05-18 02:45:34,937 | INFO     |   → 394/902 ❌ HTTP 404 — https://raw.githubusercontent.com/Epodonios/bulk-xray-v2ray-vless-vmess-...-configs/main/sub/Turkey/config.txt
2026-05-18 02:45:34,937 | INFO     |   → 395/902 ❌ HTTP 404 — https://raw.githubusercontent.com/Epodonios/bulk-xray-v2ray-vless-vmess-...-configs/main/sub/United%20Arab%20Emirates/config.txt
2026-05-18 02:45:34,937 | INFO     |   → 396/902 ❌ HTTP 404 — https://raw.githubusercontent.com/Epodonios/bulk-xray-v2ray-vless-vmess-...-configs/main/sub/United%20Kingdom/config.txt
2026-05-18 02:45:34,937 | INFO     |   → 397/902 ❌ HTTP 404 — https://raw.githubusercontent.com/Epodonios/bulk-xray-v2ray-vless-vmess-...-configs/main/sub/United%20States/config.txt
2026-05-18 02:45:34,937 | INFO     |   → 398/902: ✅ 371 взято | 🗑️ 3649 мусор
2026-05-18 02:45:34,937 | INFO     |   → 399/902 ❌ HTTP 404 — https://raw.githubusercontent.com/Epodonios/v2ray-configs/main/Splitted-By-Protocol/mix.txt
2026-05-18 02:45:34,937 | INFO     |   → 400/902: ✅ 0 взято | 🗑️ 344 мусор
2026-05-18 02:45:34,937 | INFO     |   → 401/902: ✅ 0 взято | 🗑️ 0 мусор
2026-05-18 02:45:34,937 | INFO     |   → 402/902: ✅ 0 взято | 🗑️ 278 мусор
2026-05-18 02:45:34,937 | INFO     |   → 403/902: ✅ 13 взято | 🗑️ 2605 мусор
2026-05-18 02:45:34,938 | INFO     |   → 404/902: ✅ 1 взято | 🗑️ 464 мусор
2026-05-18 02:45:34,938 | INFO     |   → 405/902 ❌ HTTP 404 — https://raw.githubusercontent.com/Epodonios/v2ray-configs/raw/main/Splitted-By-Protocol/trojan.txt
2026-05-18 02:45:34,938 | INFO     |   → 406/902 ❌ HTTP 404 — https://raw.githubusercontent.com/Epodonios/v2ray-configs/raw/main/Splitted-By-Protocol/vmess.txt
2026-05-18 02:45:34,938 | INFO     |   → 407/902: ✅ 0 взято | 🗑️ 344 мусор
2026-05-18 02:45:34,938 | INFO     |   → 408/902: ✅ 0 взято | 🗑️ 0 мусор
2026-05-18 02:45:34,938 | INFO     |   → 409/902: ✅ 0 взято | 🗑️ 278 мусор
2026-05-18 02:45:34,938 | INFO     |   → 410/902: ✅ 0 взято | 🗑️ 2605 мусор
2026-05-18 02:45:34,938 | INFO     |   → 411/902: ✅ 0 взято | 🗑️ 464 мусор
2026-05-18 02:45:34,938 | INFO     |   → 412/902 ❌ HTTP 404 — https://raw.githubusercontent.com/Fido6/FreeNodes/57221e59caddde55ffdda21d491ae952cd608049/nodes/halekj.txt
2026-05-18 02:45:34,938 | INFO     |   → 413/902 ❌ HTTP 404 — https://raw.githubusercontent.com/Fido6/FreeNodes/57221e59caddde55ffdda21d491ae952cd608049/nodes/kkzui.txt
2026-05-18 02:45:34,938 | INFO     |   → 414/902 ❌ HTTP 404 — https://raw.githubusercontent.com/Fido6/FreeNodes/57221e59caddde55ffdda21d491ae952cd608049/nodes/wenode.txt
2026-05-18 02:45:34,938 | INFO     |   → 415/902: ✅ 0 взято | 🗑️ 0 мусор
2026-05-18 02:45:34,938 | INFO     |   → 416/902: ✅ 0 взято | 🗑️ 0 мусор
2026-05-18 02:45:34,938 | INFO     |   → 417/902: ✅ 14 взято | 🗑️ 250 мусор
2026-05-18 02:45:34,938 | INFO     |   → 418/902: ✅ 1 взято | 🗑️ 8 мусор
2026-05-18 02:45:34,938 | INFO     |   → 419/902: ✅ 1 взято | 🗑️ 17 мусор
2026-05-18 02:45:34,938 | INFO     |   → 420/902: ✅ 4 взято | 🗑️ 11 мусор
2026-05-18 02:45:34,938 | INFO     |   → 421/902: ✅ 0 взято | 🗑️ 0 мусор
2026-05-18 02:45:34,938 | INFO     |   → 422/902: ✅ 0 взято | 🗑️ 137 мусор
2026-05-18 02:45:34,938 | INFO     |   → 423/902: ✅ 0 взято | 🗑️ 32 мусор
2026-05-18 02:45:34,938 | INFO     |   → 424/902: ✅ 2 взято | 🗑️ 19 мусор
2026-05-18 02:45:34,938 | INFO     |   → 425/902: ✅ 0 взято | 🗑️ 43 мусор
2026-05-18 02:45:34,938 | INFO     |   → 426/902: ✅ 0 взято | 🗑️ 43 мусор
2026-05-18 02:45:34,938 | INFO     |   → 427/902 ❌ HTTP 404 — https://raw.githubusercontent.com/Iran-v2ray/v2ray/main/v2ray
2026-05-18 02:45:34,938 | INFO     |   → 428/902: ✅ 0 взято | 🗑️ 1 мусор
2026-05-18 02:45:34,939 | INFO     |   → 429/902: ✅ 0 взято | 🗑️ 1 мусор
2026-05-18 02:45:34,939 | INFO     |   → 430/902: ✅ 0 взято | 🗑️ 28 мусор
2026-05-18 02:45:34,939 | INFO     |   → 431/902: ✅ 14 взято | 🗑️ 282 мусор
2026-05-18 02:45:34,939 | INFO     |   → 432/902: ✅ 0 взято | 🗑️ 94 мусор
2026-05-18 02:45:34,939 | INFO     |   → 433/902: ✅ 0 взято | 🗑️ 0 мусор
2026-05-18 02:45:34,939 | INFO     |   → 434/902: ✅ 0 взято | 🗑️ 0 мусор
2026-05-18 02:45:34,939 | INFO     |   → 435/902 ❌ HTTP 404 — https://raw.githubusercontent.com/Kwinshadow/TelegramV2rayCollector/raw/refs/heads/main/sublinks/mix.txt
2026-05-18 02:45:34,939 | INFO     |   → 436/902 ❌ HTTP 404 — https://raw.githubusercontent.com/LalatinaHub/Mineral/raw/refs/heads/master/result/nodes
2026-05-18 02:45:34,939 | INFO     |   → 437/902 ❌ HTTP 404 — https://raw.githubusercontent.com/Leon406/SubCrawler/main/sub/share/all3
2026-05-18 02:45:34,939 | INFO     |   → 438/902 ❌ HTTP 404 — https://raw.githubusercontent.com/Leon406/SubCrawler/main/sub/share/all4
2026-05-18 02:45:34,939 | INFO     |   → 439/902: ✅ 4 взято | 🗑️ 335 мусор
2026-05-18 02:45:34,939 | INFO     |   → 440/902: ✅ 0 взято | 🗑️ 33 мусор
2026-05-18 02:45:34,939 | INFO     |   → 441/902: ✅ 0 взято | 🗑️ 6 мусор
2026-05-18 02:45:34,939 | INFO     |   → 442/902: ✅ 0 взято | 🗑️ 147 мусор
2026-05-18 02:45:34,939 | INFO     |   → 443/902 ❌ HTTP 404 — https://raw.githubusercontent.com/M-Mashreghi/free-config-collector/main/Splitted-By-Protocol/ssr.txt
2026-05-18 02:45:34,939 | INFO     |   → 444/902: ✅ 139 взято | 🗑️ 114 мусор
2026-05-18 02:45:34,939 | INFO     |   → 445/902: ✅ 126 взято | 🗑️ 137 мусор
2026-05-18 02:45:34,939 | INFO     |   → 446/902: ✅ 0 взято | 🗑️ 12 мусор
2026-05-18 02:45:34,939 | INFO     |   → 447/902: ✅ 0 взято | 🗑️ 1 мусор
2026-05-18 02:45:34,939 | INFO     |   → 448/902: ✅ 108 взято | 🗑️ 468 мусор
2026-05-18 02:45:34,939 | INFO     |   → 449/902: ✅ 0 взято | 🗑️ 468 мусор
2026-05-18 02:45:34,939 | INFO     |   → 450/902 ❌ HTTP 404 — https://raw.githubusercontent.com/MatinGhanbari/v2ray-configs/main/subscriptions/filtered/subs/hy2.txt
2026-05-18 02:45:34,939 | INFO     |   → 451/902: ✅ 23 взято | 🗑️ 1518 мусор
2026-05-18 02:45:34,939 | INFO     |   → 452/902 ❌ HTTP 404 — https://raw.githubusercontent.com/MatinGhanbari/v2ray-configs/main/subscriptions/filtered/subs/ssr.txt
2026-05-18 02:45:34,940 | INFO     |   → 453/902: ✅ 59 взято | 🗑️ 561 мусор
2026-05-18 02:45:34,940 | INFO     |   → 454/902 ❌ HTTP 404 — https://raw.githubusercontent.com/MatinGhanbari/v2ray-configs/main/subscriptions/filtered/subs/tuic.txt
2026-05-18 02:45:34,940 | INFO     |   → 455/902: ✅ 13 взято | 🗑️ 220 мусор
2026-05-18 02:45:34,940 | INFO     |   → 456/902: ✅ 213 взято | 🗑️ 1322 мусор
2026-05-18 02:45:34,940 | INFO     |   → 457/902: ✅ 0 взято | 🗑️ 2 мусор
2026-05-18 02:45:34,940 | INFO     |   → 458/902: ✅ 73 взято | 🗑️ 704 мусор
2026-05-18 02:45:34,940 | INFO     |   → 459/902: ✅ 0 взято | 🗑️ 361 мусор
2026-05-18 02:45:34,940 | INFO     |   → 460/902: ✅ 0 взято | 🗑️ 361 мусор
2026-05-18 02:45:34,940 | INFO     |   → 461/902: ✅ 0 взято | 🗑️ 11 мусор
2026-05-18 02:45:34,940 | INFO     |   → 462/902: ✅ 0 взято | 🗑️ 2 мусор
2026-05-18 02:45:34,940 | INFO     |   → 463/902: ✅ 0 взято | 🗑️ 266 мусор
2026-05-18 02:45:34,940 | INFO     |   → 464/902: ✅ 0 взято | 🗑️ 72 мусор
2026-05-18 02:45:34,940 | INFO     |   → 465/902 ❌ HTTP 404 — https://raw.githubusercontent.com/MhdiTaheri/V2rayCollector/raw/refs/heads/main/sub/mix
2026-05-18 02:45:34,940 | INFO     |   → 466/902: ✅ 53 взято | 🗑️ 267 мусор
2026-05-18 02:45:34,940 | INFO     |   → 467/902 ❌ HTTP 404 — https://raw.githubusercontent.com/MhdiTaheri/V2rayCollector_Py/raw/refs/heads/main/sub/Mix/mix.txt
2026-05-18 02:45:34,940 | INFO     |   → 468/902: ✅ 0 взято | 🗑️ 0 мусор
2026-05-18 02:45:34,940 | INFO     |   → 469/902: ✅ 43 взято | 🗑️ 217 мусор
2026-05-18 02:45:34,940 | INFO     |   → 470/902: ✅ 0 взято | 🗑️ 31 мусор
2026-05-18 02:45:34,940 | INFO     |   → 471/902: ✅ 93 взято | 🗑️ 282 мусор
2026-05-18 02:45:34,940 | INFO     |   → 472/902: ✅ 0 взято | 🗑️ 26 мусор
2026-05-18 02:45:34,940 | INFO     |   → 473/902 ❌ HTTP 404 — https://raw.githubusercontent.com/MrMohebi/xray-proxy-grabber-telegram/master/collected-proxies/clash-meta/all.yaml
2026-05-18 02:45:34,940 | INFO     |   → 474/902 ❌ HTTP 404 — https://raw.githubusercontent.com/MrMohebi/xray-proxy-grabber-telegram/master/collected-proxies/row-url/actives.txt
2026-05-18 02:45:34,940 | INFO     |   → 475/902 ❌ HTTP 404 — https://raw.githubusercontent.com/MrMohebi/xray-proxy-grabber-telegram/master/collected-proxies/row-url/all.txt
2026-05-18 02:45:34,940 | INFO     |   → 476/902: ✅ 0 взято | 🗑️ 13 мусор
2026-05-18 02:45:34,940 | INFO     |   → 477/902: ✅ 0 взято | 🗑️ 13 мусор
2026-05-18 02:45:34,941 | INFO     |   → 478/902: ✅ 5 взято | 🗑️ 15 мусор
2026-05-18 02:45:34,941 | INFO     |   → 479/902: ✅ 0 взято | 🗑️ 30 мусор
2026-05-18 02:45:34,941 | INFO     |   → 480/902: ✅ 0 взято | 🗑️ 15 мусор
2026-05-18 02:45:34,941 | INFO     |   → 481/902: ✅ 66 взято | 🗑️ 123 мусор
2026-05-18 02:45:34,941 | INFO     |   → 482/902: ✅ 175 взято | 🗑️ 582 мусор
2026-05-18 02:45:34,941 | INFO     |   → 483/902: ✅ 0 взято | 🗑️ 0 мусор
2026-05-18 02:45:34,941 | INFO     |   → 484/902 ❌ HTTP 404 — https://raw.githubusercontent.com/OpenCNLink/freevpn/3cfcff048bfdd1493ccffa52ecf30ce7f9fc6b28/src/list/vmess.txt
2026-05-18 02:45:34,941 | INFO     |   → 485/902 ❌ HTTP 404 — https://raw.githubusercontent.com/Pawdro/Collection/main/sub
2026-05-18 02:45:34,941 | INFO     |   → 486/902: ✅ 0 взято | 🗑️ 20 мусор
2026-05-18 02:45:34,941 | INFO     |   → 487/902: ✅ 0 взято | 🗑️ 20 мусор
2026-05-18 02:45:34,941 | INFO     |   → 488/902: ✅ 0 взято | 🗑️ 0 мусор
2026-05-18 02:45:34,941 | INFO     |   → 489/902: ✅ 0 взято | 🗑️ 0 мусор
2026-05-18 02:45:34,941 | INFO     |   → 490/902: ✅ 0 взято | 🗑️ 50 мусор
2026-05-18 02:45:34,941 | INFO     |   → 491/902: ✅ 5 взято | 🗑️ 206 мусор
2026-05-18 02:45:34,941 | INFO     |   → 492/902: ✅ 21 взято | 🗑️ 138 мусор
2026-05-18 02:45:34,941 | INFO     |   → 493/902: ✅ 23 взято | 🗑️ 89 мусор
2026-05-18 02:45:34,941 | INFO     |   → 494/902: ✅ 9 взято | 🗑️ 85 мусор
2026-05-18 02:45:34,941 | INFO     |   → 495/902: ✅ 0 взято | 🗑️ 129 мусор
2026-05-18 02:45:34,941 | INFO     |   → 496/902: ✅ 0 взято | 🗑️ 81 мусор
2026-05-18 02:45:34,941 | INFO     |   → 497/902 ❌ HTTP 404 — https://raw.githubusercontent.com/STR97/STRUGOV/refs/heads/main/STR.BYPASS
2026-05-18 02:45:34,941 | INFO     |   → 498/902: ✅ 4 взято | 🗑️ 34 мусор
2026-05-18 02:45:34,941 | INFO     |   → 499/902: ✅ 11 взято | 🗑️ 16 мусор
2026-05-18 02:45:34,941 | INFO     |   → 500/902: ✅ 0 взято | 🗑️ 16 мусор
2026-05-18 02:45:34,941 | INFO     |   → 501/902: ✅ 0 взято | 🗑️ 27 мусор
2026-05-18 02:45:34,941 | INFO     |   → 502/902: ✅ 140 взято | 🗑️ 1153 мусор
2026-05-18 02:45:34,941 | INFO     |   → 503/902: ✅ 29 взято | 🗑️ 54 мусор
2026-05-18 02:45:34,942 | INFO     |   → 504/902: ✅ 0 взято | 🗑️ 7 мусор
2026-05-18 02:45:34,942 | INFO     |   → 505/902: ✅ 0 взято | 🗑️ 0 мусор
2026-05-18 02:45:34,942 | INFO     |   → 506/902: ✅ 2 взято | 🗑️ 1 мусор
2026-05-18 02:45:34,942 | INFO     |   → 507/902: ✅ 0 взято | 🗑️ 7 мусор
2026-05-18 02:45:34,942 | INFO     |   → 508/902: ✅ 0 взято | 🗑️ 1 мусор
2026-05-18 02:45:34,942 | INFO     |   → 509/902: ✅ 4 взято | 🗑️ 291 мусор
2026-05-18 02:45:34,942 | INFO     |   → 510/902: ✅ 0 взято | 🗑️ 119 мусор
2026-05-18 02:45:34,942 | INFO     |   → 511/902: ✅ 0 взято | 🗑️ 0 мусор
2026-05-18 02:45:34,942 | INFO     |   → 512/902 ❌ HTTP 404 — https://raw.githubusercontent.com/V2RAYCONFIGSPOOL/V2RAY_SUB/main/V2RAY_SUB.txt
2026-05-18 02:45:34,942 | INFO     |   → 513/902: ✅ 59 взято | 🗑️ 88 мусор
2026-05-18 02:45:34,942 | INFO     |   → 514/902: ✅ 19 взято | 🗑️ 76 мусор
2026-05-18 02:45:34,942 | INFO     |   → 515/902: ✅ 0 взято | 🗑️ 0 мусор
2026-05-18 02:45:34,942 | INFO     |   → 516/902: ✅ 0 взято | 🗑️ 76 мусор
2026-05-18 02:45:34,942 | INFO     |   → 517/902: ✅ 58 взято | 🗑️ 348 мусор
2026-05-18 02:45:34,942 | INFO     |   → 518/902: ✅ 1 взято | 🗑️ 231 мусор
2026-05-18 02:45:34,942 | INFO     |   → 519/902: ✅ 0 взято | 🗑️ 0 мусор
2026-05-18 02:45:34,942 | INFO     |   → 520/902: ✅ 1 взято | 🗑️ 83 мусор
2026-05-18 02:45:34,942 | INFO     |   → 521/902: ✅ 0 взято | 🗑️ 16 мусор
2026-05-18 02:45:34,942 | INFO     |   → 522/902: ✅ 0 взято | 🗑️ 16 мусор
2026-05-18 02:45:34,942 | INFO     |   → 523/902 ❌ HTTP 404 — https://raw.githubusercontent.com/aiboboxx/clashfree/main/clash.yml
2026-05-18 02:45:34,942 | INFO     |   → 524/902 ❌ HTTP 404 — https://raw.githubusercontent.com/aiboboxx/v2rayfree/main/v2
2026-05-18 02:45:34,942 | INFO     |   → 525/902 ❌ HTTP 404 — https://raw.githubusercontent.com/amirmohammad-mohammad-88/Sub-Reality-Azadi-config/Config/Azadi-Reality-Different
2026-05-18 02:45:34,942 | INFO     |   → 526/902 ❌ HTTP 404 — https://raw.githubusercontent.com/amirmohammad-mohammad-88/Sub-Reality-Azadi-config/Config/Azadi-Reality-Different-Base64
2026-05-18 02:45:34,942 | INFO     |   → 527/902: ✅ 1 взято | 🗑️ 17 мусор
2026-05-18 02:45:34,942 | INFO     |   → 528/902: ✅ 0 взято | 🗑️ 0 мусор
2026-05-18 02:45:34,942 | INFO     |   → 529/902: ✅ 4 взято | 🗑️ 114 мусор
2026-05-18 02:45:34,942 | INFO     |   → 530/902: ✅ 20 взято | 🗑️ 71 мусор
2026-05-18 02:45:34,943 | INFO     |   → 531/902 ❌ HTTP 404 — https://raw.githubusercontent.com/awesome-vpn/awesome-vpn/master/ss
2026-05-18 02:45:34,943 | INFO     |   → 532/902 ❌ HTTP 404 — https://raw.githubusercontent.com/awesome-vpn/awesome-vpn/master/ssr
2026-05-18 02:45:34,943 | INFO     |   → 533/902: ✅ 0 взято | 🗑️ 0 мусор
2026-05-18 02:45:34,943 | INFO     |   → 534/902: ✅ 1 взято | 🗑️ 22 мусор
2026-05-18 02:45:34,943 | INFO     |   → 535/902: ✅ 0 взято | 🗑️ 99 мусор
2026-05-18 02:45:34,943 | INFO     |   → 536/902 ❌ HTTP 404 — https://raw.githubusercontent.com/barry-far/V2ray-Configs/ced94ddfff48276ec365b40227561f36b1b64bc8/Sub5.txt
2026-05-18 02:45:34,943 | INFO     |   → 537/902 ❌ HTTP 404 — https://raw.githubusercontent.com/barry-far/V2ray-Configs/main/Splitted-By-Protocol/hysteria2.txt
2026-05-18 02:45:34,943 | INFO     |   → 538/902 ❌ HTTP 404 — https://raw.githubusercontent.com/barry-far/V2ray-Configs/main/Splitted-By-Protocol/vless.txt
2026-05-18 02:45:34,943 | INFO     |   → 539/902 ❌ HTTP 404 — https://raw.githubusercontent.com/barry-far/V2ray-Configs/main/Sub1.txt
2026-05-18 02:45:34,943 | INFO     |   → 540/902 ❌ HTTP 404 — https://raw.githubusercontent.com/barry-far/V2ray-Configs/refs/heads/main/All_Configs_Sub.txt
2026-05-18 02:45:34,943 | INFO     |   → 541/902: ✅ 0 взято | 🗑️ 0 мусор
2026-05-18 02:45:34,943 | INFO     |   → 542/902 ❌ HTTP 404 — https://raw.githubusercontent.com/budamu/clashconfig/main/v2ray.txt
2026-05-18 02:45:34,943 | INFO     |   → 543/902 ❌ HTTP 404 — https://raw.githubusercontent.com/budamu/clashconfig/main/v2ray2.txt
2026-05-18 02:45:34,943 | INFO     |   → 544/902: ✅ 0 взято | 🗑️ 0 мусор
2026-05-18 02:45:34,943 | INFO     |   → 545/902: ✅ 0 взято | 🗑️ 442 мусор
2026-05-18 02:45:34,943 | INFO     |   → 546/902: ✅ 0 взято | 🗑️ 0 мусор
2026-05-18 02:45:34,943 | INFO     |   → 547/902 ❌ HTTP 404 — https://raw.githubusercontent.com/chxxyz2004/zd/17fca23b73c46b5dd73e9be49b14d219b5e5f836/sub/2401/240110.txt
2026-05-18 02:45:34,943 | INFO     |   → 548/902: ✅ 0 взято | 🗑️ 44 мусор
2026-05-18 02:45:34,943 | INFO     |   → 549/902: ✅ 236 взято | 🗑️ 517 мусор
2026-05-18 02:45:34,943 | INFO     |   → 550/902 ❌ HTTP 404 — https://raw.githubusercontent.com/cxr9912/cxr2022/main/free.yaml
2026-05-18 02:45:34,943 | INFO     |   → 551/902 ❌ HTTP 404 — https://raw.githubusercontent.com/cxr9912/cxr2022/main/mix.yaml
2026-05-18 02:45:34,943 | INFO     |   → 552/902 ❌ HTTP 404 — https://raw.githubusercontent.com/cxr9912/cxr2022/main/ss.yaml
2026-05-18 02:45:34,943 | INFO     |   → 553/902 ❌ HTTP 404 — https://raw.githubusercontent.com/cxr9912/cxr2022/main/ssr.yaml
2026-05-18 02:45:34,943 | INFO     |   → 554/902 ❌ HTTP 404 — https://raw.githubusercontent.com/cxr9912/cxr2022/main/vmess.yaml
2026-05-18 02:45:34,943 | INFO     |   → 555/902 ❌ HTTP 404 — https://raw.githubusercontent.com/cxr9912/cxr2022/refs/heads/main/18cj.json
2026-05-18 02:45:34,943 | INFO     |   → 556/902 ❌ HTTP 404 — https://raw.githubusercontent.com/cxr9912/cxr2022/refs/heads/main/aaaaaaaa.yaml
2026-05-18 02:45:34,943 | INFO     |   → 557/902 ❌ HTTP 404 — https://raw.githubusercontent.com/cxr9912/cxr2022/refs/heads/main/free.yaml
2026-05-18 02:45:34,944 | INFO     |   → 558/902 ❌ HTTP 404 — https://raw.githubusercontent.com/cxr9912/cxr2022/refs/heads/main/ss2088.txt
2026-05-18 02:45:34,944 | INFO     |   → 559/902: ✅ 0 взято | 🗑️ 18 мусор
2026-05-18 02:45:34,944 | INFO     |   → 560/902: ✅ 0 взято | 🗑️ 18 мусор
2026-05-18 02:45:34,944 | INFO     |   → 561/902: ✅ 6 взято | 🗑️ 78 мусор
2026-05-18 02:45:34,944 | INFO     |   → 562/902: ✅ 6 взято | 🗑️ 4 мусор
2026-05-18 02:45:34,944 | INFO     |   → 563/902: ✅ 0 взято | 🗑️ 2 мусор
2026-05-18 02:45:34,944 | INFO     |   → 564/902: ✅ 0 взято | 🗑️ 2 мусор
2026-05-18 02:45:34,944 | INFO     |   → 565/902: ✅ 0 взято | 🗑️ 2 мусор
2026-05-18 02:45:34,944 | INFO     |   → 566/902: ✅ 0 взято | 🗑️ 3 мусор
2026-05-18 02:45:34,944 | INFO     |   → 567/902: ✅ 0 взято | 🗑️ 2 мусор
2026-05-18 02:45:34,944 | INFO     |   → 568/902: ✅ 0 взято | 🗑️ 9 мусор
2026-05-18 02:45:34,944 | INFO     |   → 569/902: ✅ 1 взято | 🗑️ 1 мусор
2026-05-18 02:45:34,944 | INFO     |   → 570/902: ✅ 0 взято | 🗑️ 10 мусор
2026-05-18 02:45:34,944 | INFO     |   → 571/902: ✅ 0 взято | 🗑️ 2 мусор
2026-05-18 02:45:34,944 | INFO     |   → 572/902: ✅ 0 взято | 🗑️ 0 мусор
2026-05-18 02:45:34,944 | INFO     |   → 573/902: ✅ 145 взято | 🗑️ 3646 мусор
2026-05-18 02:45:34,944 | INFO     |   → 574/902: ✅ 42 взято | 🗑️ 100 мусор
2026-05-18 02:45:34,944 | INFO     |   → 575/902: ✅ 6 взято | 🗑️ 113 мусор
2026-05-18 02:45:34,944 | INFO     |   → 576/902: ✅ 0 взято | 🗑️ 0 мусор
2026-05-18 02:45:34,944 | INFO     |   → 577/902: ✅ 1 взято | 🗑️ 25 мусор
2026-05-18 02:45:34,944 | INFO     |   → 578/902: ✅ 0 взято | 🗑️ 0 мусор
2026-05-18 02:45:34,944 | INFO     |   → 579/902: ✅ 13 взято | 🗑️ 19 мусор
2026-05-18 02:45:34,944 | INFO     |   → 580/902: ✅ 0 взято | 🗑️ 5 мусор
2026-05-18 02:45:34,944 | INFO     |   → 581/902: ✅ 2 взято | 🗑️ 80 мусор
2026-05-18 02:45:34,944 | INFO     |   → 582/902 ❌ HTTP 404 — https://raw.githubusercontent.com/free-nodes/v2rayfree/main/v2
2026-05-18 02:45:34,944 | INFO     |   → 583/902 ❌ HTTP 404 — https://raw.githubusercontent.com/free-v2ray-config/trojan/main/trojan.txt
2026-05-18 02:45:34,945 | INFO     |   → 584/902 ❌ HTTP 404 — https://raw.githubusercontent.com/free-v2ray-config/vless/main/vless.txt
2026-05-18 02:45:34,945 | INFO     |   → 585/902 ❌ HTTP 404 — https://raw.githubusercontent.com/free-v2ray-config/vmess/main/vmess.txt
2026-05-18 02:45:34,945 | INFO     |   → 586/902: ✅ 5 взято | 🗑️ 169 мусор
2026-05-18 02:45:34,945 | INFO     |   → 587/902: ✅ 34 взято | 🗑️ 121 мусор
2026-05-18 02:45:34,945 | INFO     |   → 588/902: ✅ 4 взято | 🗑️ 97 мусор
2026-05-18 02:45:34,945 | INFO     |   → 589/902 ❌ HTTP 404 — https://raw.githubusercontent.com/free18/v2ray/main/Clash.yaml
2026-05-18 02:45:34,945 | INFO     |   → 590/902: ✅ 0 взято | 🗑️ 0 мусор
2026-05-18 02:45:34,945 | INFO     |   → 591/902: ✅ 0 взято | 🗑️ 15 мусор
2026-05-18 02:45:34,945 | INFO     |   → 592/902: ✅ 0 взято | 🗑️ 0 мусор
2026-05-18 02:45:34,945 | INFO     |   → 593/902: ✅ 0 взято | 🗑️ 8 мусор
2026-05-18 02:45:34,945 | INFO     |   → 594/902: ✅ 0 взято | 🗑️ 8 мусор
2026-05-18 02:45:34,945 | INFO     |   → 595/902: ✅ 0 взято | 🗑️ 8 мусор
2026-05-18 02:45:34,945 | INFO     |   → 596/902: ✅ 0 взято | 🗑️ 8 мусор
2026-05-18 02:45:34,945 | INFO     |   → 597/902 ❌ HTTP 404 — https://raw.githubusercontent.com/freev2rayconfig/V2RAY_SUB/3e6a7786a1601ee3723e8d043ae79e70dbdfd9a8/v2rayconfigs.txt
2026-05-18 02:45:34,945 | INFO     |   → 598/902 ❌ HTTP 404 — https://raw.githubusercontent.com/freev2rayconfig/V2RAY_SUBSCRIPTION_LINK/main/v2rayconfigs.txt
2026-05-18 02:45:34,945 | INFO     |   → 599/902 ❌ HTTP 404 — https://raw.githubusercontent.com/gfpcom/free-proxy-list/main/list/http.txt
2026-05-18 02:45:34,945 | INFO     |   → 600/902 ❌ HTTP 404 — https://raw.githubusercontent.com/gfpcom/free-proxy-list/main/list/https.txt
2026-05-18 02:45:34,945 | INFO     |   → 601/902 ❌ HTTP 404 — https://raw.githubusercontent.com/gfpcom/free-proxy-list/main/list/socks4.txt
2026-05-18 02:45:34,945 | INFO     |   → 602/902 ❌ HTTP 404 — https://raw.githubusercontent.com/gfpcom/free-proxy-list/main/list/socks4a.txt
2026-05-18 02:45:34,945 | INFO     |   → 603/902 ❌ HTTP 404 — https://raw.githubusercontent.com/gfpcom/free-proxy-list/main/list/socks5.txt
2026-05-18 02:45:34,945 | INFO     |   → 604/902 ❌ HTTP 404 — https://raw.githubusercontent.com/gfpcom/free-proxy-list/main/list/socks5h.txt
2026-05-18 02:45:34,945 | INFO     |   → 605/902 ❌ HTTP 404 — https://raw.githubusercontent.com/gfpcom/free-proxy-list/main/list/ss.txt
2026-05-18 02:45:34,945 | INFO     |   → 606/902 ❌ HTTP 404 — https://raw.githubusercontent.com/gfpcom/free-proxy-list/main/list/ssr.txt
2026-05-18 02:45:34,945 | INFO     |   → 607/902 ❌ HTTP 404 — https://raw.githubusercontent.com/gfpcom/free-proxy-list/main/list/trojan.txt
2026-05-18 02:45:34,945 | INFO     |   → 608/902 ❌ HTTP 404 — https://raw.githubusercontent.com/gfpcom/free-proxy-list/main/list/vless.txt
2026-05-18 02:45:34,945 | INFO     |   → 609/902 ❌ HTTP 404 — https://raw.githubusercontent.com/gfpcom/free-proxy-list/main/list/vmess.txt
2026-05-18 02:45:34,945 | INFO     |   → 610/902: ✅ 0 взято | 🗑️ 17 мусор
2026-05-18 02:45:34,946 | INFO     |   → 611/902: ✅ 0 взято | 🗑️ 0 мусор
2026-05-18 02:45:34,946 | INFO     |   → 612/902: ✅ 4 взято | 🗑️ 63 мусор
2026-05-18 02:45:34,946 | INFO     |   → 613/902 ❌ HTTP 404 — https://raw.githubusercontent.com/hameed-maleki/TVC/89a4522969c57dcc22458cae9898426e5c4f2679/lite/config.txt
2026-05-18 02:45:34,946 | INFO     |   → 614/902: ✅ 5 взято | 🗑️ 132 мусор
2026-05-18 02:45:34,946 | INFO     |   → 615/902: ✅ 0 взято | 🗑️ 56 мусор
2026-05-18 02:45:34,946 | INFO     |   → 616/902 ❌ HTTP 404 — https://raw.githubusercontent.com/hkaa0/permalink/main/proxy/V2ray
2026-05-18 02:45:34,946 | INFO     |   → 617/902 ❌ HTTP 404 — https://raw.githubusercontent.com/hkaa0/permalink/main/proxy/clash
2026-05-18 02:45:34,946 | INFO     |   → 618/902 ❌ HTTP 404 — https://raw.githubusercontent.com/hkpc/Autoproxy/6cf946ddfc677a29062007e4b47d70674474baa7/sub/2401/240110.txt
2026-05-18 02:45:34,946 | INFO     |   → 619/902 ❌ HTTP 404 — https://raw.githubusercontent.com/hkpc/V2ray-Configs/7d9aa0dabf947af180a7dd6302818ed37950531a/Sub1.txt
2026-05-18 02:45:34,946 | INFO     |   → 620/902: ✅ 0 взято | 🗑️ 14 мусор
2026-05-18 02:45:34,946 | INFO     |   → 621/902: ✅ 16 взято | 🗑️ 16 мусор
2026-05-18 02:45:34,946 | INFO     |   → 622/902 ❌ HTTP 404 — https://raw.githubusercontent.com/iboxz/free-v2ray-collector/main/main
2026-05-18 02:45:34,946 | INFO     |   → 623/902: ✅ 11 взято | 🗑️ 12 мусор
2026-05-18 02:45:34,946 | INFO     |   → 624/902: ✅ 8 взято | 🗑️ 8 мусор
2026-05-18 02:45:34,946 | INFO     |   → 625/902: ✅ 59 взято | 🗑️ 214 мусор
2026-05-18 02:45:34,946 | INFO     |   → 626/902 ❌ HTTP 404 — https://raw.githubusercontent.com/igareck/vpn-configs-for-russia/refs/heads/main/Vless-Reality-White-Lists-Rus-Cable.txt
2026-05-18 02:45:34,946 | INFO     |   → 627/902: ✅ 67 взято | 🗑️ 83 мусор
2026-05-18 02:45:34,946 | INFO     |   → 628/902: ✅ 0 взято | 🗑️ 0 мусор
2026-05-18 02:45:34,946 | INFO     |   → 629/902: ✅ 0 взято | 🗑️ 0 мусор
2026-05-18 02:45:34,946 | INFO     |   → 630/902: ✅ 23 взято | 🗑️ 9 мусор
2026-05-18 02:45:34,946 | INFO     |   → 631/902: ✅ 0 взято | 🗑️ 0 мусор
2026-05-18 02:45:34,946 | INFO     |   → 632/902: ✅ 0 взято | 🗑️ 0 мусор
2026-05-18 02:45:34,946 | INFO     |   → 633/902: ✅ 0 взято | 🗑️ 12 мусор
2026-05-18 02:45:34,946 | INFO     |   → 634/902: ✅ 0 взято | 🗑️ 43 мусор
2026-05-18 02:45:34,946 | INFO     |   → 635/902 ❌ HTTP 404 — https://raw.githubusercontent.com/jw853355718/clash_233/master/config.yml
2026-05-18 02:45:34,946 | INFO     |   → 636/902: ✅ 0 взято | 🗑️ 210 мусор
2026-05-18 02:45:34,946 | INFO     |   → 637/902: ✅ 0 взято | 🗑️ 0 мусор
2026-05-18 02:45:34,947 | INFO     |   → 638/902: ✅ 0 взято | 🗑️ 0 мусор
2026-05-18 02:45:34,947 | INFO     |   → 639/902 ❌ HTTP 404 — https://raw.githubusercontent.com/lcx12901/v2ray-/master/sspool.herokuapp.com/yzcloud.yaml
2026-05-18 02:45:34,947 | INFO     |   → 640/902 ❌ HTTP 404 — https://raw.githubusercontent.com/lcx12901/v2ray-/master/sspool.herokuapp.com/yzcloud2.yaml
2026-05-18 02:45:34,947 | INFO     |   → 641/902: ✅ 0 взято | 🗑️ 0 мусор
2026-05-18 02:45:34,947 | INFO     |   → 642/902 ❌ HTTP 404 — https://raw.githubusercontent.com/learnhard-cn/free_proxy_ss/main/clash/config.yaml
2026-05-18 02:45:34,947 | INFO     |   → 643/902: ✅ 0 взято | 🗑️ 8 мусор
2026-05-18 02:45:34,947 | INFO     |   → 644/902: ✅ 0 взято | 🗑️ 4 мусор
2026-05-18 02:45:34,947 | INFO     |   → 645/902: ✅ 0 взято | 🗑️ 0 мусор
2026-05-18 02:45:34,947 | INFO     |   → 646/902: ✅ 0 взято | 🗑️ 4 мусор
2026-05-18 02:45:34,947 | INFO     |   → 647/902: ✅ 0 взято | 🗑️ 149 мусор
2026-05-18 02:45:34,947 | INFO     |   → 648/902: ✅ 0 взято | 🗑️ 421 мусор
2026-05-18 02:45:34,947 | INFO     |   → 649/902 ❌ HTTP 404 — https://raw.githubusercontent.com/lisylva-lee/v2dyku/main/ssr
2026-05-18 02:45:34,947 | INFO     |   → 650/902 ❌ HTTP 404 — https://raw.githubusercontent.com/lisylva-lee/v2dyku/main/v2dy
2026-05-18 02:45:34,947 | INFO     |   → 651/902: ✅ 0 взято | 🗑️ 53 мусор
2026-05-18 02:45:34,947 | INFO     |   → 652/902 ❌ HTTP 404 — https://raw.githubusercontent.com/luxl-1379/merge/77247d23def72b25226dfa741614e9b07a569c72/sub/sub_merge_base64.txt
2026-05-18 02:45:34,947 | INFO     |   → 653/902: ✅ 146 взято | 🗑️ 343 мусор
2026-05-18 02:45:34,947 | INFO     |   → 654/902: ✅ 0 взято | 🗑️ 122 мусор
2026-05-18 02:45:34,947 | INFO     |   → 655/902: ✅ 725 взято | 🗑️ 3939 мусор
2026-05-18 02:45:34,947 | INFO     |   → 656/902: ✅ 0 взято | 🗑️ 0 мусор
2026-05-18 02:45:34,947 | INFO     |   → 657/902: ✅ 0 взято | 🗑️ 3939 мусор
2026-05-18 02:45:34,947 | INFO     |   → 658/902: ✅ 20 взято | 🗑️ 370 мусор
2026-05-18 02:45:34,947 | INFO     |   → 659/902 ❌ HTTP 404 — https://raw.githubusercontent.com/mermeroo/Clash-V2ray/main/v2ray
2026-05-18 02:45:34,947 | INFO     |   → 660/902: ✅ 15 взято | 🗑️ 417 мусор
2026-05-18 02:45:34,947 | INFO     |   → 661/902: ✅ 6 взято | 🗑️ 102 мусор
2026-05-18 02:45:34,947 | INFO     |   → 662/902: ✅ 716 взято | 🗑️ 6258 мусор
2026-05-18 02:45:34,947 | INFO     |   → 663/902: ✅ 8 взято | 🗑️ 853 мусор
2026-05-18 02:45:34,948 | INFO     |   → 664/902: ✅ 32 взято | 🗑️ 69 мусор
2026-05-18 02:45:34,948 | INFO     |   → 665/902 ❌ HTTP 404 — https://raw.githubusercontent.com/mermeroo/free-v2ray-collector/main/main/mix
2026-05-18 02:45:34,948 | INFO     |   → 666/902 ❌ HTTP 404 — https://raw.githubusercontent.com/mermeroo/free-v2ray-collector/main/main/reality
2026-05-18 02:45:34,948 | INFO     |   → 667/902 ❌ HTTP 404 — https://raw.githubusercontent.com/mermeroo/free-v2ray-collector/main/main/shadowsocks
2026-05-18 02:45:34,948 | INFO     |   → 668/902 ❌ HTTP 404 — https://raw.githubusercontent.com/mermeroo/free-v2ray-collector/main/main/trojan
2026-05-18 02:45:34,948 | INFO     |   → 669/902 ❌ HTTP 404 — https://raw.githubusercontent.com/mermeroo/free-v2ray-collector/main/main/vless
2026-05-18 02:45:34,948 | INFO     |   → 670/902 ❌ HTTP 404 — https://raw.githubusercontent.com/mermeroo/free-v2ray-collector/main/main/vmess
2026-05-18 02:45:34,948 | INFO     |   → 671/902 ❌ HTTP 404 — https://raw.githubusercontent.com/mfuu/v2ray/master/merge/merge.txt
2026-05-18 02:45:34,948 | INFO     |   → 672/902: ✅ 0 взято | 🗑️ 70 мусор
2026-05-18 02:45:34,948 | INFO     |   → 673/902: ✅ 0 взято | 🗑️ 70 мусор
2026-05-18 02:45:34,948 | INFO     |   → 674/902: ✅ 496 взято | 🗑️ 13383 мусор
2026-05-18 02:45:34,948 | INFO     |   → 675/902: ✅ 0 взято | 🗑️ 13383 мусор
2026-05-18 02:45:34,948 | INFO     |   → 676/902: ✅ 0 взято | 🗑️ 3059 мусор
2026-05-18 02:45:34,948 | INFO     |   → 677/902: ✅ 0 взято | 🗑️ 1729 мусор
2026-05-18 02:45:34,948 | INFO     |   → 678/902: ✅ 0 взято | 🗑️ 4496 мусор
2026-05-18 02:45:34,948 | INFO     |   → 679/902: ✅ 0 взято | 🗑️ 4099 мусор
2026-05-18 02:45:34,948 | INFO     |   → 680/902 ❌ HTTP 404 — https://raw.githubusercontent.com/mianous/qiren/main/qiren.txt
2026-05-18 02:45:34,948 | INFO     |   → 681/902 ❌ HTTP 404 — https://raw.githubusercontent.com/miladtahanian/V2RayCFGDumper/refs/heads/main/config.txt
2026-05-18 02:45:34,948 | INFO     |   → 682/902 ❌ HTTP 404 — https://raw.githubusercontent.com/miladtahanian/multi-proxy-config-fetcher/refs/heads/main/configs/proxy_configs.txt
2026-05-18 02:45:34,948 | INFO     |   → 683/902: ✅ 0 взято | 🗑️ 0 мусор
2026-05-18 02:45:34,948 | INFO     |   → 684/902: ✅ 0 взято | 🗑️ 0 мусор
2026-05-18 02:45:34,948 | INFO     |   → 685/902: ✅ 0 взято | 🗑️ 0 мусор
2026-05-18 02:45:34,948 | INFO     |   → 686/902: ✅ 15 взято | 🗑️ 46 мусор
2026-05-18 02:45:34,948 | INFO     |   → 687/902: ✅ 0 взято | 🗑️ 214 мусор
2026-05-18 02:45:34,948 | INFO     |   → 688/902: ✅ 0 взято | 🗑️ 0 мусор
2026-05-18 02:45:34,949 | INFO     |   → 689/902: ✅ 28 взято | 🗑️ 93 мусор
2026-05-18 02:45:34,949 | INFO     |   → 690/902: ✅ 0 взято | 🗑️ 0 мусор
2026-05-18 02:45:34,949 | INFO     |   → 691/902: ✅ 15 взято | 🗑️ 70 мусор
2026-05-18 02:45:34,949 | INFO     |   → 692/902: ✅ 127 взято | 🗑️ 492 мусор
2026-05-18 02:45:34,949 | INFO     |   → 693/902: ✅ 331 взято | 🗑️ 190 мусор
2026-05-18 02:45:34,949 | INFO     |   → 694/902: ✅ 27 взято | 🗑️ 789 мусор
2026-05-18 02:45:34,949 | INFO     |   → 695/902 ❌ HTTP 404 — https://raw.githubusercontent.com/obscure1990/freeVM/master/snippets/nodes.yml
2026-05-18 02:45:34,949 | INFO     |   → 696/902 ❌ HTTP 404 — https://raw.githubusercontent.com/op30mmd/things/909b38024ba14d69dc0f95c238f63bc6e930a00f/eut.txt
2026-05-18 02:45:34,949 | INFO     |   → 697/902 ❌ HTTP 404 — https://raw.githubusercontent.com/openRunner/clash-freenode/main/v2ray.txt
2026-05-18 02:45:34,949 | INFO     |   → 698/902 ❌ HTTP 404 — https://raw.githubusercontent.com/oslook/clash-freenode/main/clash.yaml
2026-05-18 02:45:34,949 | INFO     |   → 699/902: ✅ 0 взято | 🗑️ 0 мусор
2026-05-18 02:45:34,949 | INFO     |   → 700/902: ✅ 4 взято | 🗑️ 1 мусор
2026-05-18 02:45:34,949 | INFO     |   → 701/902: ✅ 0 взято | 🗑️ 0 мусор
2026-05-18 02:45:34,949 | INFO     |   → 702/902: ✅ 12 взято | 🗑️ 204 мусор
2026-05-18 02:45:34,949 | INFO     |   → 703/902: ✅ 0 взято | 🗑️ 0 мусор
2026-05-18 02:45:34,949 | INFO     |   → 704/902: ✅ 0 взято | 🗑️ 0 мусор
2026-05-18 02:45:34,949 | INFO     |   → 705/902: ✅ 0 взято | 🗑️ 19 мусор
2026-05-18 02:45:34,949 | INFO     |   → 706/902: ✅ 0 взято | 🗑️ 44 мусор
2026-05-18 02:45:34,949 | INFO     |   → 707/902: ✅ 63 взято | 🗑️ 521 мусор
2026-05-18 02:45:34,949 | INFO     |   → 708/902: ✅ 165 взято | 🗑️ 273 мусор
2026-05-18 02:45:34,949 | INFO     |   → 709/902: ✅ 0 взято | 🗑️ 0 мусор
2026-05-18 02:45:34,949 | INFO     |   → 710/902: ✅ 28 взято | 🗑️ 211 мусор
2026-05-18 02:45:34,949 | INFO     |   → 711/902: ✅ 0 взято | 🗑️ 79 мусор
2026-05-18 02:45:34,949 | INFO     |   → 712/902: ✅ 13 взято | 🗑️ 32 мусор
2026-05-18 02:45:34,949 | INFO     |   → 713/902: ✅ 0 взято | 🗑️ 0 мусор
2026-05-18 02:45:34,950 | INFO     |   → 714/902: ✅ 2 взято | 🗑️ 9 мусор
2026-05-18 02:45:34,950 | INFO     |   → 715/902: ✅ 11 взято | 🗑️ 76 мусор
2026-05-18 02:45:34,950 | INFO     |   → 716/902: ✅ 0 взято | 🗑️ 168 мусор
2026-05-18 02:45:34,950 | INFO     |   → 717/902: ✅ 0 взято | 🗑️ 79 мусор
2026-05-18 02:45:34,950 | INFO     |   → 718/902: ✅ 0 взято | 🗑️ 16 мусор
2026-05-18 02:45:34,950 | INFO     |   → 719/902 ❌ HTTP 404 — https://raw.githubusercontent.com/ronghuaxueleng/get_v2/main/pub/changfengoss.yaml
2026-05-18 02:45:34,950 | INFO     |   → 720/902: ✅ 0 взято | 🗑️ 0 мусор
2026-05-18 02:45:34,950 | INFO     |   → 721/902: ✅ 42 взято | 🗑️ 107 мусор
2026-05-18 02:45:34,950 | INFO     |   → 722/902: ✅ 0 взято | 🗑️ 107 мусор
2026-05-18 02:45:34,950 | INFO     |   → 723/902 ❌ HTTP 404 — https://raw.githubusercontent.com/rxsweet/CM_Vmess/refs/heads/main/test.txt
2026-05-18 02:45:34,950 | INFO     |   → 724/902 ❌ HTTP 404 — https://raw.githubusercontent.com/rxsweet/proxies/main/sub/free.yaml
2026-05-18 02:45:34,950 | INFO     |   → 725/902 ❌ HTTP 404 — https://raw.githubusercontent.com/rxsweet/proxies/main/sub/rx.yaml
2026-05-18 02:45:34,950 | INFO     |   → 726/902 ❌ HTTP 404 — https://raw.githubusercontent.com/rxsweet/proxies/main/sub/sources/dynamicAll.yaml
2026-05-18 02:45:34,950 | INFO     |   → 727/902 ❌ HTTP 404 — https://raw.githubusercontent.com/rxsweet/proxies/main/sub/sources/miningAll.yaml
2026-05-18 02:45:34,950 | INFO     |   → 728/902 ❌ HTTP 404 — https://raw.githubusercontent.com/rxsweet/proxies/main/sub/srx.yaml
2026-05-18 02:45:34,950 | INFO     |   → 729/902 ❌ HTTP 404 — https://raw.githubusercontent.com/sajad-sajadi/V2ray-Collector/raw/main/output/protocols/vmess.txt
2026-05-18 02:45:34,950 | INFO     |   → 730/902 ❌ HTTP 404 — https://raw.githubusercontent.com/sakha1370/OpenRay/raw/refs/heads/main/output/all_valid_proxies.txt
2026-05-18 02:45:34,950 | INFO     |   → 731/902: ✅ 53 взято | 🗑️ 399 мусор
2026-05-18 02:45:34,950 | INFO     |   → 732/902: ✅ 0 взято | 🗑️ 399 мусор
2026-05-18 02:45:34,950 | INFO     |   → 733/902 ❌ HTTP 404 — https://raw.githubusercontent.com/samjoeyang/subscribe/main/fly
2026-05-18 02:45:34,950 | INFO     |   → 734/902: ✅ 0 взято | 🗑️ 0 мусор
2026-05-18 02:45:34,950 | INFO     |   → 735/902 ❌ HTTP 404 — https://raw.githubusercontent.com/sarina-ad/v2ray/main/v2ray
2026-05-18 02:45:34,950 | INFO     |   → 736/902 ❌ HTTP 404 — https://raw.githubusercontent.com/satrom/V2SSR/master/SSR/Sub.txt
2026-05-18 02:45:34,950 | INFO     |   → 737/902 ❌ HTTP 404 — https://raw.githubusercontent.com/satrom/V2SSR/master/V2RAY/Sub.txt
2026-05-18 02:45:34,950 | INFO     |   → 738/902: ✅ 938 взято | 🗑️ 24768 мусор
2026-05-18 02:45:34,951 | INFO     |   → 739/902: ✅ 0 взято | 🗑️ 0 мусор
2026-05-18 02:45:34,951 | INFO     |   → 740/902: ✅ 0 взято | 🗑️ 0 мусор
2026-05-18 02:45:34,951 | INFO     |   → 741/902: ✅ 3 взято | 🗑️ 49 мусор
2026-05-18 02:45:34,951 | INFO     |   → 742/902: ✅ 200 взято | 🗑️ 1361 мусор
2026-05-18 02:45:34,951 | INFO     |   → 743/902: ✅ 0 взято | 🗑️ 684 мусор
2026-05-18 02:45:34,951 | INFO     |   → 744/902: ✅ 0 взято | 🗑️ 48 мусор
2026-05-18 02:45:34,951 | INFO     |   → 745/902: ✅ 0 взято | 🗑️ 613 мусор
2026-05-18 02:45:34,951 | INFO     |   → 746/902: ✅ 0 взято | 🗑️ 16 мусор
2026-05-18 02:45:34,951 | INFO     |   → 747/902: ✅ 0 взято | 🗑️ 1361 мусор
2026-05-18 02:45:34,951 | INFO     |   → 748/902: ✅ 0 взято | 🗑️ 0 мусор
2026-05-18 02:45:34,951 | INFO     |   → 749/902 ❌ HTTP 404 — https://raw.githubusercontent.com/shirkerboy/scp/main/sub
2026-05-18 02:45:34,951 | INFO     |   → 750/902 ❌ HTTP 404 — https://raw.githubusercontent.com/snakem982/proxypool/main/nodelist.txt
2026-05-18 02:45:34,951 | INFO     |   → 751/902: ✅ 13 взято | 🗑️ 27 мусор
2026-05-18 02:45:34,951 | INFO     |   → 752/902 ❌ HTTP 404 — https://raw.githubusercontent.com/snakem982/proxypool/main/source/v2ray.txt
2026-05-18 02:45:34,951 | INFO     |   → 753/902 ❌ HTTP 404 — https://raw.githubusercontent.com/soroushmirzaei/telegram-configs-collector/main/channels/protocols/hysteria
2026-05-18 02:45:34,951 | INFO     |   → 754/902 ❌ HTTP 404 — https://raw.githubusercontent.com/soroushmirzaei/telegram-configs-collector/main/channels/protocols/juicity
2026-05-18 02:45:34,951 | INFO     |   → 755/902 ❌ HTTP 404 — https://raw.githubusercontent.com/soroushmirzaei/telegram-configs-collector/main/channels/protocols/reality
2026-05-18 02:45:34,951 | INFO     |   → 756/902 ❌ HTTP 404 — https://raw.githubusercontent.com/soroushmirzaei/telegram-configs-collector/main/channels/protocols/shadowsocks
2026-05-18 02:45:34,951 | INFO     |   → 757/902 ❌ HTTP 404 — https://raw.githubusercontent.com/soroushmirzaei/telegram-configs-collector/main/channels/protocols/trojan
2026-05-18 02:45:34,951 | INFO     |   → 758/902 ❌ HTTP 404 — https://raw.githubusercontent.com/soroushmirzaei/telegram-configs-collector/main/channels/protocols/tuic
2026-05-18 02:45:34,951 | INFO     |   → 759/902 ❌ HTTP 404 — https://raw.githubusercontent.com/soroushmirzaei/telegram-configs-collector/main/channels/protocols/vless
2026-05-18 02:45:34,951 | INFO     |   → 760/902 ❌ HTTP 404 — https://raw.githubusercontent.com/soroushmirzaei/telegram-configs-collector/main/channels/protocols/vmess
2026-05-18 02:45:34,951 | INFO     |   → 761/902 ❌ HTTP 404 — https://raw.githubusercontent.com/soroushmirzaei/telegram-configs-collector/main/countries/jp/mixed
2026-05-18 02:45:34,951 | INFO     |   → 762/902 ❌ HTTP 404 — https://raw.githubusercontent.com/soroushmirzaei/telegram-configs-collector/main/protocols/hysteria
2026-05-18 02:45:34,951 | INFO     |   → 763/902 ❌ HTTP 404 — https://raw.githubusercontent.com/soroushmirzaei/telegram-configs-collector/main/protocols/juicity
2026-05-18 02:45:34,951 | INFO     |   → 764/902 ❌ HTTP 404 — https://raw.githubusercontent.com/soroushmirzaei/telegram-configs-collector/main/protocols/reality
2026-05-18 02:45:34,952 | INFO     |   → 765/902 ❌ HTTP 404 — https://raw.githubusercontent.com/soroushmirzaei/telegram-configs-collector/main/protocols/shadowsocks
2026-05-18 02:45:34,952 | INFO     |   → 766/902 ❌ HTTP 404 — https://raw.githubusercontent.com/soroushmirzaei/telegram-configs-collector/main/protocols/trojan
2026-05-18 02:45:34,952 | INFO     |   → 767/902 ❌ HTTP 404 — https://raw.githubusercontent.com/soroushmirzaei/telegram-configs-collector/main/protocols/tuic
2026-05-18 02:45:34,952 | INFO     |   → 768/902 ❌ HTTP 404 — https://raw.githubusercontent.com/soroushmirzaei/telegram-configs-collector/main/protocols/vless
2026-05-18 02:45:34,952 | INFO     |   → 769/902 ❌ HTTP 404 — https://raw.githubusercontent.com/soroushmirzaei/telegram-configs-collector/main/protocols/vmess
2026-05-18 02:45:34,952 | INFO     |   → 770/902 ❌ HTTP 404 — https://raw.githubusercontent.com/soroushmirzaei/telegram-configs-collector/main/splitted/subscribe
2026-05-18 02:45:34,952 | INFO     |   → 771/902 ❌ HTTP 404 — https://raw.githubusercontent.com/ssrsub/ssr/master/Clash.yml
2026-05-18 02:45:34,952 | INFO     |   → 772/902 ❌ HTTP 404 — https://raw.githubusercontent.com/ssrsub/ssr/master/V2Ray
2026-05-18 02:45:34,952 | INFO     |   → 773/902 ❌ HTTP 404 — https://raw.githubusercontent.com/ssrsub/ssr/master/ss-sub
2026-05-18 02:45:34,952 | INFO     |   → 774/902 ❌ HTTP 404 — https://raw.githubusercontent.com/ssrsub/ssr/master/ssrsub
2026-05-18 02:45:34,952 | INFO     |   → 775/902 ❌ HTTP 404 — https://raw.githubusercontent.com/ssrsub/ssr/master/trojan
2026-05-18 02:45:34,952 | INFO     |   → 776/902: ✅ 0 взято | 🗑️ 0 мусор
2026-05-18 02:45:34,952 | INFO     |   → 777/902: ✅ 2 взято | 🗑️ 12 мусор
2026-05-18 02:45:34,952 | INFO     |   → 778/902: ✅ 0 взято | 🗑️ 13 мусор
2026-05-18 02:45:34,952 | INFO     |   → 779/902: ✅ 0 взято | 🗑️ 13 мусор
2026-05-18 02:45:34,952 | INFO     |   → 780/902 ❌ HTTP 404 — https://raw.githubusercontent.com/tbbatbb/Proxy/master/dist/clash.config.yaml
2026-05-18 02:45:34,952 | INFO     |   → 781/902: ✅ 2 взято | 🗑️ 35 мусор
2026-05-18 02:45:34,952 | INFO     |   → 782/902: ✅ 0 взято | 🗑️ 0 мусор
2026-05-18 02:45:34,952 | INFO     |   → 783/902: ✅ 5 взято | 🗑️ 111 мусор
2026-05-18 02:45:34,952 | INFO     |   → 784/902: ✅ 0 взято | 🗑️ 0 мусор
2026-05-18 02:45:34,952 | INFO     |   → 785/902: ✅ 0 взято | 🗑️ 108 мусор
2026-05-18 02:45:34,952 | INFO     |   → 786/902 ❌ HTTP 404 — https://raw.githubusercontent.com/v2clash/Autoproxy/a81f840ab2364124133572ec94e4b81fb0d4e58d/sub/2401/240104.txt
2026-05-18 02:45:34,952 | INFO     |   → 787/902 ❌ HTTP 404 — https://raw.githubusercontent.com/v2clash/V2ray-Configs/31f493c584d0c7b56350f4a34d80c53ad82bcc18/Sub9.txt
2026-05-18 02:45:34,952 | INFO     |   → 788/902: ✅ 0 взято | 🗑️ 0 мусор
2026-05-18 02:45:34,952 | INFO     |   → 789/902: ✅ 0 взято | 🗑️ 0 мусор
2026-05-18 02:45:34,953 | INFO     |   → 790/902: ✅ 0 взято | 🗑️ 0 мусор
2026-05-18 02:45:34,953 | INFO     |   → 791/902: ✅ 283 взято | 🗑️ 9640 мусор
2026-05-18 02:45:34,953 | INFO     |   → 792/902: ✅ 281 взято | 🗑️ 10086 мусор
2026-05-18 02:45:34,953 | INFO     |   → 793/902: ✅ 280 взято | 🗑️ 9675 мусор
2026-05-18 02:45:34,953 | INFO     |   → 794/902: ✅ 334 взято | 🗑️ 9823 мусор
2026-05-18 02:45:34,953 | INFO     |   → 795/902: ✅ 350 взято | 🗑️ 9639 мусор
2026-05-18 02:45:34,953 | INFO     |   → 796/902: ✅ 125 взято | 🗑️ 7919 мусор
2026-05-18 02:45:34,953 | INFO     |   → 797/902: ✅ 135 взято | 🗑️ 4836 мусор
2026-05-18 02:45:34,953 | INFO     |   → 798/902: ✅ 502 взято | 🗑️ 7659 мусор
2026-05-18 02:45:34,953 | INFO     |   → 799/902: ✅ 631 взято | 🗑️ 8081 мусор
2026-05-18 02:45:34,953 | INFO     |   → 800/902: ✅ 202 взято | 🗑️ 5131 мусор
2026-05-18 02:45:34,953 | INFO     |   → 801/902 ❌ HTTP 404 — https://raw.githubusercontent.com/vveg26/chromego_merge/main/sub/merged_proxies.yaml
2026-05-18 02:45:34,953 | INFO     |   → 802/902 ❌ HTTP 404 — https://raw.githubusercontent.com/vveg26/get_proxy/main/dist/clash.config.yaml
2026-05-18 02:45:34,953 | INFO     |   → 803/902: ✅ 0 взято | 🗑️ 10 мусор
2026-05-18 02:45:34,953 | INFO     |   → 804/902: ✅ 0 взято | 🗑️ 10 мусор
2026-05-18 02:45:34,953 | INFO     |   → 805/902: ✅ 0 взято | 🗑️ 4 мусор
2026-05-18 02:45:34,953 | INFO     |   → 806/902: ✅ 0 взято | 🗑️ 0 мусор
2026-05-18 02:45:34,953 | INFO     |   → 807/902: ✅ 0 взято | 🗑️ 4 мусор
2026-05-18 02:45:34,953 | INFO     |   → 808/902: ✅ 106 взято | 🗑️ 689 мусор
2026-05-18 02:45:34,953 | INFO     |   → 809/902: ✅ 48 взято | 🗑️ 841 мусор
2026-05-18 02:45:34,953 | INFO     |   → 810/902: ✅ 21 взято | 🗑️ 789 мусор
2026-05-18 02:45:34,953 | INFO     |   → 811/902: ✅ 24 взято | 🗑️ 774 мусор
2026-05-18 02:45:34,953 | INFO     |   → 812/902: ✅ 52 взято | 🗑️ 756 мусор
2026-05-18 02:45:34,953 | INFO     |   → 813/902: ✅ 191 взято | 🗑️ 745 мусор
2026-05-18 02:45:34,953 | INFO     |   → 814/902: ✅ 9 взято | 🗑️ 651 мусор
2026-05-18 02:45:34,954 | INFO     |   → 815/902: ✅ 185 взято | 🗑️ 388 мусор
2026-05-18 02:45:34,954 | INFO     |   → 816/902: ✅ 130 взято | 🗑️ 523 мусор
2026-05-18 02:45:34,954 | INFO     |   → 817/902: ✅ 67 взято | 🗑️ 533 мусор
2026-05-18 02:45:34,954 | INFO     |   → 818/902: ✅ 98 взято | 🗑️ 444 мусор
2026-05-18 02:45:34,954 | INFO     |   → 819/902: ✅ 102 взято | 🗑️ 670 мусор
2026-05-18 02:45:34,954 | INFO     |   → 820/902: ✅ 86 взято | 🗑️ 476 мусор
2026-05-18 02:45:34,954 | INFO     |   → 821/902: ✅ 95 взято | 🗑️ 657 мусор
2026-05-18 02:45:34,954 | INFO     |   → 822/902: ✅ 105 взято | 🗑️ 645 мусор
2026-05-18 02:45:34,954 | INFO     |   → 823/902: ✅ 115 взято | 🗑️ 985 мусор
2026-05-18 02:45:34,954 | INFO     |   → 824/902: ✅ 6 взято | 🗑️ 63 мусор
2026-05-18 02:45:34,954 | INFO     |   → 825/902: ✅ 7 взято | 🗑️ 62 мусор
2026-05-18 02:45:34,954 | INFO     |   → 826/902: ✅ 39 взято | 🗑️ 489 мусор
2026-05-18 02:45:34,954 | INFO     |   → 827/902: ✅ 0 взято | 🗑️ 0 мусор
2026-05-18 02:45:34,954 | INFO     |   → 828/902: ✅ 0 взято | 🗑️ 0 мусор
2026-05-18 02:45:34,954 | INFO     |   → 829/902: ✅ 0 взято | 🗑️ 0 мусор
2026-05-18 02:45:34,954 | INFO     |   → 830/902: ✅ 0 взято | 🗑️ 0 мусор
2026-05-18 02:45:34,954 | INFO     |   → 831/902: ✅ 0 взято | 🗑️ 0 мусор
2026-05-18 02:45:34,954 | INFO     |   → 832/902: ✅ 0 взято | 🗑️ 52 мусор
2026-05-18 02:45:34,954 | INFO     |   → 833/902: ✅ 5 взято | 🗑️ 10 мусор
2026-05-18 02:45:34,954 | INFO     |   → 834/902: ✅ 1 взято | 🗑️ 124 мусор
2026-05-18 02:45:34,954 | INFO     |   → 835/902: ✅ 91 взято | 🗑️ 71 мусор
2026-05-18 02:45:34,954 | INFO     |   → 836/902: ✅ 0 взято | 🗑️ 9 мусор
2026-05-18 02:45:34,954 | INFO     |   → 837/902: ✅ 41 взято | 🗑️ 452 мусор
2026-05-18 02:45:34,954 | INFO     |   → 838/902 ❌ HTTP 404 — https://raw.githubusercontent.com/xiaozhu2007/xiaozhu2007/61a755a044dbaeea678bc2d1e20f21a21c6d7170/docs/fxxk.txt
2026-05-18 02:45:34,954 | INFO     |   → 839/902: ✅ 1 взято | 🗑️ 159 мусор
2026-05-18 02:45:34,955 | INFO     |   → 840/902: ✅ 0 взято | 🗑️ 22 мусор
2026-05-18 02:45:34,955 | INFO     |   → 841/902: ✅ 0 взято | 🗑️ 0 мусор
2026-05-18 02:45:34,955 | INFO     |   → 842/902 ❌ HTTP 404 — https://raw.githubusercontent.com/yebekhe/TVC/0f745f92bf381e505f1245abbc7c145b19b11503/config.txt
2026-05-18 02:45:34,955 | INFO     |   → 843/902 ❌ HTTP 404 — https://raw.githubusercontent.com/yebekhe/TVC/9fac69239c69327fb7a61f5a8d79d107133889e1/lite/config.txt
2026-05-18 02:45:34,955 | INFO     |   → 844/902 ❌ HTTP 404 — https://raw.githubusercontent.com/yebekhe/TelegramV2rayCollector/main/sub/normal/donated
2026-05-18 02:45:34,955 | INFO     |   → 845/902 ❌ HTTP 404 — https://raw.githubusercontent.com/yebekhe/TelegramV2rayCollector/main/sub/normal/hysteria2
2026-05-18 02:45:34,955 | INFO     |   → 846/902 ❌ HTTP 404 — https://raw.githubusercontent.com/yebekhe/TelegramV2rayCollector/main/sub/normal/mix
2026-05-18 02:45:34,955 | INFO     |   → 847/902 ❌ HTTP 404 — https://raw.githubusercontent.com/yebekhe/TelegramV2rayCollector/main/sub/normal/reality
2026-05-18 02:45:34,955 | INFO     |   → 848/902 ❌ HTTP 404 — https://raw.githubusercontent.com/yebekhe/TelegramV2rayCollector/main/sub/normal/shadowsocks
2026-05-18 02:45:34,955 | INFO     |   → 849/902 ❌ HTTP 404 — https://raw.githubusercontent.com/yebekhe/TelegramV2rayCollector/main/sub/normal/trojan
2026-05-18 02:45:34,955 | INFO     |   → 850/902 ❌ HTTP 404 — https://raw.githubusercontent.com/yebekhe/TelegramV2rayCollector/main/sub/normal/tuic
2026-05-18 02:45:34,955 | INFO     |   → 851/902 ❌ HTTP 404 — https://raw.githubusercontent.com/yebekhe/TelegramV2rayCollector/main/sub/normal/vless
2026-05-18 02:45:34,955 | INFO     |   → 852/902 ❌ HTTP 404 — https://raw.githubusercontent.com/yebekhe/TelegramV2rayCollector/main/sub/normal/vmess
2026-05-18 02:45:34,955 | INFO     |   → 853/902 ❌ HTTP 404 — https://raw.githubusercontent.com/yebekhe/V2Hub/main/Split/Normal/shadowsocks
2026-05-18 02:45:34,955 | INFO     |   → 854/902 ❌ HTTP 404 — https://raw.githubusercontent.com/yebekhe/V2Hub/main/merged
2026-05-18 02:45:34,955 | INFO     |   → 855/902: ✅ 0 взято | 🗑️ 30 мусор
2026-05-18 02:45:34,955 | INFO     |   → 856/902: ✅ 940 взято | 🗑️ 7091 мусор
2026-05-18 02:45:34,955 | INFO     |   → 857/902: ✅ 7 взято | 🗑️ 339 мусор
2026-05-18 02:45:34,955 | INFO     |   → 858/902: ✅ 7 взято | 🗑️ 276 мусор
2026-05-18 02:45:34,955 | INFO     |   → 859/902: ✅ 304 взято | 🗑️ 213 мусор
2026-05-18 02:45:34,955 | INFO     |   → 860/902: ✅ 116 взято | 🗑️ 1370 мусор
2026-05-18 02:45:34,955 | INFO     |   → 861/902: ✅ 2 взято | 🗑️ 384 мусор
2026-05-18 02:45:34,955 | INFO     |   → 862/902 ❌ HTTP 404 — https://raw.githubusercontent.com/yyyr-otz/tele-providers-collector/019cb3e07ee52fddbc7caa54fc670c6b9bae6539/sub/proxies.txt
2026-05-18 02:45:34,955 | INFO     |   → 863/902 ❌ HTTP 404 — https://raw.githubusercontent.com/yyyr-otz/tele-providers-collector/b7a74ee98bcf02c5a507d688a1bed3aa9f7f4ed1/script/raw/protocols/mixed.txt
2026-05-18 02:45:34,955 | INFO     |   → 864/902: ✅ 0 взято | 🗑️ 0 мусор
2026-05-18 02:45:34,955 | INFO     |   → 865/902: ✅ 0 взято | 🗑️ 0 мусор
2026-05-18 02:45:34,956 | INFO     |   → 866/902: ✅ 1 взято | 🗑️ 18 мусор
2026-05-18 02:45:34,956 | INFO     |   → 867/902: ✅ 28 взято | 🗑️ 1025 мусор
2026-05-18 02:45:34,956 | INFO     |   → 868/902: ✅ 0 взято | 🗑️ 5 мусор
2026-05-18 02:45:34,956 | INFO     |   → 869/902: ✅ 0 взято | 🗑️ 0 мусор
2026-05-18 02:45:34,956 | INFO     |   → 870/902 ⚠️ Ошибка: ('Connection aborted.', RemoteDisconnected('Remote end closed connection without response')) — https://sub.pmsub.me/clash.yaml
2026-05-18 02:45:34,956 | INFO     |   → 871/902: ✅ 0 взято | 🗑️ 1 мусор
2026-05-18 02:45:34,956 | INFO     |   → 872/902: ✅ 8 взято | 🗑️ 21 мусор
2026-05-18 02:45:34,956 | INFO     |   → 873/902: ✅ 0 взято | 🗑️ 0 мусор
2026-05-18 02:45:34,956 | INFO     |   → 874/902: ✅ 9 взято | 🗑️ 19 мусор
2026-05-18 02:45:34,956 | INFO     |   → 875/902: ✅ 0 взято | 🗑️ 0 мусор
2026-05-18 02:45:34,956 | INFO     |   → 876/902: ✅ 2 взято | 🗑️ 14 мусор
2026-05-18 02:45:34,956 | INFO     |   → 877/902: ✅ 4 взято | 🗑️ 22 мусор
2026-05-18 02:45:34,956 | INFO     |   → 878/902: ✅ 0 взято | 🗑️ 0 мусор
2026-05-18 02:45:34,956 | INFO     |   → 879/902: ✅ 0 взято | 🗑️ 0 мусор
2026-05-18 02:45:34,956 | INFO     |   → 880/902: ✅ 0 взято | 🗑️ 0 мусор
2026-05-18 02:45:34,956 | INFO     |   → 881/902: ✅ 2 взято | 🗑️ 16 мусор
2026-05-18 02:45:34,956 | INFO     |   → 882/902: ✅ 0 взято | 🗑️ 0 мусор
2026-05-18 02:45:34,956 | INFO     |   → 883/902: ✅ 4 взято | 🗑️ 7 мусор
2026-05-18 02:45:34,956 | INFO     |   → 884/902: ✅ 0 взято | 🗑️ 0 мусор
2026-05-18 02:45:34,956 | INFO     |   → 885/902: ✅ 6 взято | 🗑️ 14 мусор
2026-05-18 02:45:34,956 | INFO     |   → 886/902: ✅ 0 взято | 🗑️ 0 мусор
2026-05-18 02:45:34,956 | INFO     |   → 887/902: ✅ 2 взято | 🗑️ 13 мусор
2026-05-18 02:45:34,956 | INFO     |   → 888/902: ✅ 0 взято | 🗑️ 0 мусор
2026-05-18 02:45:34,956 | INFO     |   → 889/902: ✅ 0 взято | 🗑️ 0 мусор
2026-05-18 02:45:34,956 | INFO     |   → 890/902: ✅ 2 взято | 🗑️ 7 мусор
2026-05-18 02:45:34,957 | INFO     |   → 891/902: ✅ 2 взято | 🗑️ 14 мусор
2026-05-18 02:45:34,957 | INFO     |   → 892/902: ✅ 2 взято | 🗑️ 14 мусор
2026-05-18 02:45:34,957 | INFO     |   → 893/902: ✅ 0 взято | 🗑️ 0 мусор
2026-05-18 02:45:34,957 | INFO     |   → 894/902: ✅ 3 взято | 🗑️ 22 мусор
2026-05-18 02:45:34,957 | INFO     |   → 895/902: ✅ 0 взято | 🗑️ 0 мусор
2026-05-18 02:45:34,957 | INFO     |   → 896/902: ✅ 2 взято | 🗑️ 15 мусор
2026-05-18 02:45:34,957 | INFO     |   → 897/902: ✅ 3 взято | 🗑️ 12 мусор
2026-05-18 02:45:34,957 | INFO     |   → 898/902: ✅ 0 взято | 🗑️ 0 мусор
2026-05-18 02:45:34,957 | INFO     |   → 899/902: ✅ 0 взято | 🗑️ 0 мусор
2026-05-18 02:45:34,957 | INFO     |   → 900/902: ✅ 0 взято | 🗑️ 0 мусор
2026-05-18 02:45:34,957 | INFO     |   → 901/902: ✅ 4 взято | 🗑️ 11 мусор
2026-05-18 02:45:34,957 | INFO     |   → 902/902: ✅ 0 взято | 🗑️ 15 мусор
2026-05-18 02:45:34,957 | INFO     |   → ✅ ГОТОВО!
2026-05-18 02:45:34,957 | INFO     |   →    📥 Всего ключей после фильтра: 16625
2026-05-18 02:45:34,957 | INFO     |   →    🔗 Уникальных IP:PORT:SCHEME: 9798
2026-05-18 02:45:34,957 | INFO     |   →    🗑️ Выброшено мусора: 277860
2026-05-18 02:45:34,957 | INFO     |   → 📊 По протоколам:
2026-05-18 02:45:34,957 | INFO     |   →    vless: 3448
2026-05-18 02:45:34,957 | INFO     |   →    vmess: 3299
2026-05-18 02:45:34,957 | INFO     |   →    trojan: 1071
2026-05-18 02:45:34,957 | INFO     |   →    ss: 1823
2026-05-18 02:45:34,957 | INFO     |   →    hysteria: 13
2026-05-18 02:45:34,957 | INFO     |   →    hysteria2: 32
2026-05-18 02:45:34,957 | INFO     |   →    hy2: 60
2026-05-18 02:45:34,957 | INFO     |   →    tuic: 52
2026-05-18 02:45:34,958 | INFO     | ✅ mirror.py завершён успешно
2026-05-18 02:45:34,958 | INFO     | 
2026-05-18 02:45:34,958 | INFO     | 
2026-05-18 02:45:34,958 | INFO     | ──────────────────────────────────────────────────────────────────────
2026-05-18 02:45:34,958 | INFO     | 📌 ЭТАП: Фильтрация по реальному SNI
2026-05-18 02:45:34,958 | INFO     | ──────────────────────────────────────────────────────────────────────
2026-05-18 02:45:34,958 | INFO     | 🚀 Запуск filter_ru_sni.py (Фильтр по реальному SNI (CDN+RU))...
2026-05-18 02:45:35,180 | INFO     |   → hy2.txt: 60 → 19 (SNI-filtered)
2026-05-18 02:45:35,181 | INFO     |   →   hysteria.txt: 13 → 0 (SNI-filtered)
2026-05-18 02:45:35,181 | INFO     |   →   hysteria2.txt: 32 → 4 (SNI-filtered)
2026-05-18 02:45:35,181 | INFO     |   →   ss.txt: 1823 → 0 (SNI-filtered)
2026-05-18 02:45:35,181 | INFO     |   →   trojan.txt: 1071 → 3 (SNI-filtered)
2026-05-18 02:45:35,181 | INFO     |   →   tuic.txt: 52 → 0 (SNI-filtered)
2026-05-18 02:45:35,181 | INFO     |   →   vless.txt: 3448 → 440 (SNI-filtered)
2026-05-18 02:45:35,181 | INFO     |   →   vmess.txt: 3299 → 37 (SNI-filtered)
2026-05-18 02:45:35,181 | INFO     |   → ==================================================
2026-05-18 02:45:35,181 | INFO     |   →   Всего входных:  9798
2026-05-18 02:45:35,181 | INFO     |   →   Прошли фильтр:  503
2026-05-18 02:45:35,181 | INFO     |   →   Отброшено:      9295
2026-05-18 02:45:35,181 | INFO     |   → ==================================================
2026-05-18 02:45:35,181 | INFO     |   → Готово → /home/runner/work/vpn-vless-configs-russia/vpn-vless-configs-russia/githubmirror/ru-sni
2026-05-18 02:45:35,181 | INFO     | ✅ filter_ru_sni.py завершён успешно
2026-05-18 02:45:35,181 | INFO     | 
2026-05-18 02:45:35,181 | INFO     | 
2026-05-18 02:45:35,181 | INFO     | ──────────────────────────────────────────────────────────────────────
2026-05-18 02:45:35,181 | INFO     | 📌 ЭТАП: Экспериментальный RU-SNI фильтр
2026-05-18 02:45:35,181 | INFO     | ──────────────────────────────────────────────────────────────────────
2026-05-18 02:45:35,181 | INFO     | 🚀 Запуск filter_ru_sni_local.py (Экспериментальный фильтр по RU-SNI (локальные домены))...
2026-05-18 02:45:35,334 | INFO     |   → hy2.txt: 60 → 0 (RU-SNI)
2026-05-18 02:45:35,334 | INFO     |   → hysteria.txt: 13 → 0 (RU-SNI)
2026-05-18 02:45:35,334 | INFO     |   → hysteria2.txt: 32 → 0 (RU-SNI)
2026-05-18 02:45:35,334 | INFO     |   → ss.txt: 1823 → 0 (RU-SNI)
2026-05-18 02:45:35,334 | INFO     |   → trojan.txt: 1071 → 0 (RU-SNI)
2026-05-18 02:45:35,334 | INFO     |   → tuic.txt: 52 → 0 (RU-SNI)
2026-05-18 02:45:35,334 | INFO     |   → vless.txt: 3448 → 122 (RU-SNI)
2026-05-18 02:45:35,334 | INFO     |   → vmess.txt: 3299 → 0 (RU-SNI)
2026-05-18 02:45:35,334 | INFO     |   → ==================================================
2026-05-18 02:45:35,334 | INFO     |   → Всего входных:  9798
2026-05-18 02:45:35,334 | INFO     |   → Прошли RU-SNI:  122
2026-05-18 02:45:35,334 | INFO     |   → Отброшено:      9676
2026-05-18 02:45:35,334 | INFO     |   → ==================================================
2026-05-18 02:45:35,334 | INFO     |   → Готово → /home/runner/work/vpn-vless-configs-russia/vpn-vless-configs-russia/githubmirror/ru-sni-local
2026-05-18 02:45:35,334 | INFO     | ✅ filter_ru_sni_local.py завершён успешно
2026-05-18 02:45:35,334 | INFO     | 
2026-05-18 02:45:35,334 | INFO     | 
2026-05-18 02:45:35,334 | INFO     | ──────────────────────────────────────────────────────────────────────
2026-05-18 02:45:35,334 | INFO     | 📌 ЭТАП: Сбор статистики
2026-05-18 02:45:35,335 | INFO     | ──────────────────────────────────────────────────────────────────────
2026-05-18 02:45:35,335 | INFO     | 📊 Сбор статистики...
2026-05-18 02:45:35,335 | INFO     |   📁 githubmirror/clean:
2026-05-18 02:45:35,335 | INFO     |     • hy2         :    60 конфигов
2026-05-18 02:45:35,335 | INFO     |     • hysteria    :    13 конфигов
2026-05-18 02:45:35,335 | INFO     |     • hysteria2   :    32 конфигов
2026-05-18 02:45:35,337 | INFO     |     • ss          :  1823 конфигов
2026-05-18 02:45:35,338 | INFO     |     • trojan      :  1071 конфигов
2026-05-18 02:45:35,338 | INFO     |     • tuic        :    52 конфигов
2026-05-18 02:45:35,342 | INFO     |     • vless       :  3448 конфигов
2026-05-18 02:45:35,344 | INFO     |     • vmess       :  3299 конфигов
2026-05-18 02:45:35,344 | INFO     |   📁 githubmirror/ru-sni:
2026-05-18 02:45:35,345 | INFO     |     • hy2         :    19 конфигов ( 31.7% от clean)
2026-05-18 02:45:35,345 | INFO     |     • hysteria    :     0 конфигов (  0.0% от clean)
2026-05-18 02:45:35,345 | INFO     |     • hysteria2   :     4 конфигов ( 12.5% от clean)
2026-05-18 02:45:35,345 | INFO     |     • ss          :     0 конфигов (  0.0% от clean)
2026-05-18 02:45:35,345 | INFO     |     • trojan      :     3 конфигов (  0.3% от clean)
2026-05-18 02:45:35,345 | INFO     |     • tuic        :     0 конфигов (  0.0% от clean)
2026-05-18 02:45:35,346 | INFO     |     • vless       :   440 конфигов ( 12.8% от clean)
2026-05-18 02:45:35,346 | INFO     |     • vmess       :    37 конфигов (  1.1% от clean)
2026-05-18 02:45:35,346 | INFO     | 
2026-05-18 02:45:35,346 | INFO     |   ──────────────────────────────────────────────────
2026-05-18 02:45:35,346 | INFO     |   📈 ИТОГО:
2026-05-18 02:45:35,346 | INFO     |     Clean (после geo-фильтра):     9798
2026-05-18 02:45:35,346 | INFO     |     RU-SNI (после SNI-фильтра):     503
2026-05-18 02:45:35,346 | INFO     |     Прошло фильтр:                  5.1%
2026-05-18 02:45:35,346 | INFO     |   ──────────────────────────────────────────────────
2026-05-18 02:45:35,346 | INFO     | ✅ Статистика сохранена: /home/runner/work/vpn-vless-configs-russia/vpn-vless-configs-russia/stats.json
2026-05-18 02:45:35,346 | INFO     | 
2026-05-18 02:45:35,346 | INFO     | ======================================================================
2026-05-18 02:45:35,346 | INFO     | 📊 ИТОГОВЫЙ ОТЧЁТ
2026-05-18 02:45:35,347 | INFO     | ======================================================================
2026-05-18 02:45:35,347 | INFO     |   ✅ OK         | Загрузка и geo-фильтрация
2026-05-18 02:45:35,347 | INFO     |   ✅ OK         | Фильтрация по реальному SNI
2026-05-18 02:45:35,347 | INFO     |   ✅ OK         | Экспериментальный RU-SNI фильтр
2026-05-18 02:45:35,347 | INFO     |   ✅ OK         | Сбор статистики
2026-05-18 02:45:35,347 | INFO     | ──────────────────────────────────────────────────────────────────────
2026-05-18 02:45:35,347 | INFO     | ✅ ВСЕ ЭТАПЫ УСПЕШНЫ (4/4)
2026-05-18 02:45:35,347 | INFO     | ⏰ Время завершения: 2026-05-18 02:45:35
2026-05-18 02:45:35,347 | INFO     | ======================================================================
