2026-05-16 18:59:57,703 | INFO     | ======================================================================
2026-05-16 18:59:57,703 | INFO     | 🔍 VPN KEY CHECKER - Начало проверки
2026-05-16 18:59:57,703 | INFO     | ⏰ Время старта: 2026-05-16 18:59:57
2026-05-16 18:59:57,703 | INFO     | 📂 Рабочая директория: /home/runner/work/vpn-vless-configs-russia/vpn-vless-configs-russia
2026-05-16 18:59:57,703 | INFO     | ======================================================================
2026-05-16 18:59:57,703 | INFO     | 
2026-05-16 18:59:57,703 | INFO     | 🔍 Проверка наличия скриптов...
2026-05-16 18:59:57,703 | INFO     |   ✅ mirror.py
2026-05-16 18:59:57,703 | INFO     |   ✅ filter_ru_sni.py
2026-05-16 18:59:57,703 | INFO     |   ✅ filter_ru_sni_local.py
2026-05-16 18:59:57,703 | INFO     | 
2026-05-16 18:59:57,703 | INFO     | 
2026-05-16 18:59:57,703 | INFO     | ──────────────────────────────────────────────────────────────────────
2026-05-16 18:59:57,703 | INFO     | 📌 ЭТАП: Загрузка и geo-фильтрация
2026-05-16 18:59:57,703 | INFO     | ──────────────────────────────────────────────────────────────────────
2026-05-16 18:59:57,703 | INFO     | 🚀 Запуск mirror.py (Загрузка и фильтрация по РФ/СНГ/Европа)...
2026-05-16 19:02:33,206 | INFO     |   → 🚀 Старт: всего источников (старые + новые): 894
2026-05-16 19:02:33,206 | INFO     |   → 1/894: ✅ 13 взято | 🗑️ 242 мусор
2026-05-16 19:02:33,206 | INFO     |   → 2/894: ✅ 0 взято | 🗑️ 0 мусор
2026-05-16 19:02:33,206 | INFO     |   → 3/894 ❌ HTTP 404 — https://bitbucket.org/huwo1/proxy_nodes/raw/f31ca9ec67b84071515729ff45b011b6b09c10f2/clash.yaml
2026-05-16 19:02:33,206 | INFO     |   → 4/894 ❌ HTTP 404 — https://cdn.jsdelivr.net/gh/cry0ice/genode@main/public/all.txt
2026-05-16 19:02:33,206 | INFO     |   → 5/894 ❌ HTTP 404 — https://cdn.jsdelivr.net/gh/cry0ice/genode@main/public/ss.txt
2026-05-16 19:02:33,206 | INFO     |   → 6/894 ❌ HTTP 404 — https://cdn.jsdelivr.net/gh/cry0ice/genode@main/public/ssr.txt
2026-05-16 19:02:33,207 | INFO     |   → 7/894 ❌ HTTP 404 — https://cdn.jsdelivr.net/gh/cry0ice/genode@main/public/trojan.txt
2026-05-16 19:02:33,207 | INFO     |   → 8/894 ❌ HTTP 404 — https://cdn.jsdelivr.net/gh/cry0ice/genode@main/public/vless.txt
2026-05-16 19:02:33,207 | INFO     |   → 9/894 ❌ HTTP 404 — https://cdn.jsdelivr.net/gh/cry0ice/genode@main/public/vmess.txt
2026-05-16 19:02:33,207 | INFO     |   → 10/894: ✅ 0 взято | 🗑️ 0 мусор
2026-05-16 19:02:33,207 | INFO     |   → 11/894: ✅ 0 взято | 🗑️ 0 мусор
2026-05-16 19:02:33,207 | INFO     |   → 12/894: ✅ 0 взято | 🗑️ 0 мусор
2026-05-16 19:02:33,207 | INFO     |   → 13/894: ✅ 0 взято | 🗑️ 0 мусор
2026-05-16 19:02:33,207 | INFO     |   → 14/894: ✅ 0 взято | 🗑️ 0 мусор
2026-05-16 19:02:33,207 | INFO     |   → 15/894: ✅ 0 взято | 🗑️ 0 мусор
2026-05-16 19:02:33,207 | INFO     |   → 16/894: ✅ 0 взято | 🗑️ 0 мусор
2026-05-16 19:02:33,207 | INFO     |   → 17/894: ✅ 0 взято | 🗑️ 0 мусор
2026-05-16 19:02:33,207 | INFO     |   → 18/894: ✅ 0 взято | 🗑️ 0 мусор
2026-05-16 19:02:33,207 | INFO     |   → 19/894: ✅ 0 взято | 🗑️ 0 мусор
2026-05-16 19:02:33,207 | INFO     |   → 20/894: ✅ 0 взято | 🗑️ 0 мусор
2026-05-16 19:02:33,207 | INFO     |   → 21/894: ✅ 0 взято | 🗑️ 0 мусор
2026-05-16 19:02:33,207 | INFO     |   → 22/894: ✅ 0 взято | 🗑️ 0 мусор
2026-05-16 19:02:33,207 | INFO     |   → 23/894: ✅ 0 взято | 🗑️ 0 мусор
2026-05-16 19:02:33,207 | INFO     |   → 24/894: ✅ 0 взято | 🗑️ 0 мусор
2026-05-16 19:02:33,207 | INFO     |   → 25/894: ✅ 0 взято | 🗑️ 0 мусор
2026-05-16 19:02:33,207 | INFO     |   → 26/894: ✅ 0 взято | 🗑️ 0 мусор
2026-05-16 19:02:33,207 | INFO     |   → 27/894: ✅ 0 взято | 🗑️ 0 мусор
2026-05-16 19:02:33,207 | INFO     |   → 28/894: ✅ 0 взято | 🗑️ 0 мусор
2026-05-16 19:02:33,207 | INFO     |   → 29/894: ✅ 0 взято | 🗑️ 0 мусор
2026-05-16 19:02:33,207 | INFO     |   → 30/894: ✅ 0 взято | 🗑️ 0 мусор
2026-05-16 19:02:33,207 | INFO     |   → 31/894: ✅ 0 взято | 🗑️ 0 мусор
2026-05-16 19:02:33,207 | INFO     |   → 32/894: ✅ 0 взято | 🗑️ 0 мусор
2026-05-16 19:02:33,207 | INFO     |   → 33/894: ✅ 0 взято | 🗑️ 0 мусор
2026-05-16 19:02:33,207 | INFO     |   → 34/894: ✅ 0 взято | 🗑️ 0 мусор
2026-05-16 19:02:33,207 | INFO     |   → 35/894: ✅ 0 взято | 🗑️ 0 мусор
2026-05-16 19:02:33,207 | INFO     |   → 36/894: ✅ 0 взято | 🗑️ 0 мусор
2026-05-16 19:02:33,207 | INFO     |   → 37/894: ✅ 0 взято | 🗑️ 0 мусор
2026-05-16 19:02:33,207 | INFO     |   → 38/894: ✅ 0 взято | 🗑️ 0 мусор
2026-05-16 19:02:33,207 | INFO     |   → 39/894: ✅ 0 взято | 🗑️ 0 мусор
2026-05-16 19:02:33,207 | INFO     |   → 40/894: ✅ 0 взято | 🗑️ 0 мусор
2026-05-16 19:02:33,208 | INFO     |   → 41/894: ✅ 0 взято | 🗑️ 0 мусор
2026-05-16 19:02:33,208 | INFO     |   → 42/894: ✅ 0 взято | 🗑️ 0 мусор
2026-05-16 19:02:33,208 | INFO     |   → 43/894: ✅ 0 взято | 🗑️ 0 мусор
2026-05-16 19:02:33,208 | INFO     |   → 44/894: ✅ 0 взято | 🗑️ 0 мусор
2026-05-16 19:02:33,208 | INFO     |   → 45/894: ✅ 0 взято | 🗑️ 0 мусор
2026-05-16 19:02:33,208 | INFO     |   → 46/894: ✅ 0 взято | 🗑️ 0 мусор
2026-05-16 19:02:33,208 | INFO     |   → 47/894: ✅ 0 взято | 🗑️ 0 мусор
2026-05-16 19:02:33,208 | INFO     |   → 48/894: ✅ 0 взято | 🗑️ 0 мусор
2026-05-16 19:02:33,208 | INFO     |   → 49/894: ✅ 0 взято | 🗑️ 0 мусор
2026-05-16 19:02:33,208 | INFO     |   → 50/894: ✅ 0 взято | 🗑️ 0 мусор
2026-05-16 19:02:33,208 | INFO     |   → 51/894: ✅ 0 взято | 🗑️ 0 мусор
2026-05-16 19:02:33,208 | INFO     |   → 52/894: ✅ 0 взято | 🗑️ 0 мусор
2026-05-16 19:02:33,208 | INFO     |   → 53/894: ✅ 0 взято | 🗑️ 0 мусор
2026-05-16 19:02:33,208 | INFO     |   → 54/894: ✅ 0 взято | 🗑️ 0 мусор
2026-05-16 19:02:33,208 | INFO     |   → 55/894: ✅ 0 взято | 🗑️ 0 мусор
2026-05-16 19:02:33,208 | INFO     |   → 56/894: ✅ 0 взято | 🗑️ 0 мусор
2026-05-16 19:02:33,208 | INFO     |   → 57/894: ✅ 0 взято | 🗑️ 0 мусор
2026-05-16 19:02:33,208 | INFO     |   → 58/894: ✅ 0 взято | 🗑️ 0 мусор
2026-05-16 19:02:33,208 | INFO     |   → 59/894: ✅ 0 взято | 🗑️ 0 мусор
2026-05-16 19:02:33,208 | INFO     |   → 60/894: ✅ 0 взято | 🗑️ 0 мусор
2026-05-16 19:02:33,208 | INFO     |   → 61/894: ✅ 0 взято | 🗑️ 0 мусор
2026-05-16 19:02:33,208 | INFO     |   → 62/894: ✅ 0 взято | 🗑️ 0 мусор
2026-05-16 19:02:33,208 | INFO     |   → 63/894: ✅ 0 взято | 🗑️ 0 мусор
2026-05-16 19:02:33,208 | INFO     |   → 64/894: ✅ 0 взято | 🗑️ 0 мусор
2026-05-16 19:02:33,208 | INFO     |   → 65/894: ✅ 0 взято | 🗑️ 0 мусор
2026-05-16 19:02:33,208 | INFO     |   → 66/894: ✅ 0 взято | 🗑️ 0 мусор
2026-05-16 19:02:33,208 | INFO     |   → 67/894: ✅ 0 взято | 🗑️ 0 мусор
2026-05-16 19:02:33,208 | INFO     |   → 68/894: ✅ 0 взято | 🗑️ 0 мусор
2026-05-16 19:02:33,208 | INFO     |   → 69/894: ✅ 0 взято | 🗑️ 0 мусор
2026-05-16 19:02:33,208 | INFO     |   → 70/894: ✅ 0 взято | 🗑️ 0 мусор
2026-05-16 19:02:33,208 | INFO     |   → 71/894: ✅ 0 взято | 🗑️ 0 мусор
2026-05-16 19:02:33,208 | INFO     |   → 72/894: ✅ 0 взято | 🗑️ 0 мусор
2026-05-16 19:02:33,208 | INFO     |   → 73/894: ✅ 0 взято | 🗑️ 0 мусор
2026-05-16 19:02:33,208 | INFO     |   → 74/894: ✅ 0 взято | 🗑️ 0 мусор
2026-05-16 19:02:33,208 | INFO     |   → 75/894: ✅ 0 взято | 🗑️ 0 мусор
2026-05-16 19:02:33,209 | INFO     |   → 76/894: ✅ 0 взято | 🗑️ 0 мусор
2026-05-16 19:02:33,209 | INFO     |   → 77/894: ✅ 0 взято | 🗑️ 0 мусор
2026-05-16 19:02:33,209 | INFO     |   → 78/894: ✅ 0 взято | 🗑️ 0 мусор
2026-05-16 19:02:33,209 | INFO     |   → 79/894: ✅ 0 взято | 🗑️ 0 мусор
2026-05-16 19:02:33,209 | INFO     |   → 80/894: ✅ 0 взято | 🗑️ 0 мусор
2026-05-16 19:02:33,209 | INFO     |   → 81/894: ✅ 0 взято | 🗑️ 0 мусор
2026-05-16 19:02:33,209 | INFO     |   → 82/894: ✅ 0 взято | 🗑️ 0 мусор
2026-05-16 19:02:33,209 | INFO     |   → 83/894: ✅ 0 взято | 🗑️ 0 мусор
2026-05-16 19:02:33,209 | INFO     |   → 84/894: ✅ 0 взято | 🗑️ 0 мусор
2026-05-16 19:02:33,209 | INFO     |   → 85/894: ✅ 0 взято | 🗑️ 0 мусор
2026-05-16 19:02:33,209 | INFO     |   → 86/894 ❌ HTTP 404 — https://freessrnode.github.io/uploads/2024/08/0-20240822.txt
2026-05-16 19:02:33,209 | INFO     |   → 87/894 ❌ HTTP 404 — https://freessrnode.github.io/uploads/2024/08/1-20240822.txt
2026-05-16 19:02:33,209 | INFO     |   → 88/894 ❌ HTTP 404 — https://freessrnode.github.io/uploads/2024/08/2-20240822.txt
2026-05-16 19:02:33,209 | INFO     |   → 89/894 ❌ HTTP 404 — https://freessrnode.github.io/uploads/2024/08/3-20240822.txt
2026-05-16 19:02:33,209 | INFO     |   → 90/894 ❌ HTTP 404 — https://freessrnode.github.io/uploads/2024/08/4-20240822.txt
2026-05-16 19:02:33,209 | INFO     |   → 91/894 ⚠️ Ошибка: HTTPSConnectionPool(host='freevpnspy.githubrowcontent.com', port=443): Max retries exceeded with url: /2024/08/20240802_novless.yaml (Caused by NameResolutionError("HTTPSConnection(host='freevpnspy.githubrowcontent.com', port=443): Failed to resolve 'freevpnspy.githubrowcontent.com' ([Errno -2] Name or service not known)")) — https://freevpnspy.githubrowcontent.com/2024/08/20240802_novless.yaml
2026-05-16 19:02:33,209 | INFO     |   → 92/894 ⚠️ Ошибка: HTTPSConnectionPool(host='freevpnspy.githubrowcontent.com', port=443): Max retries exceeded with url: /2024/08/20240802_vless.yaml (Caused by NameResolutionError("HTTPSConnection(host='freevpnspy.githubrowcontent.com', port=443): Failed to resolve 'freevpnspy.githubrowcontent.com' ([Errno -2] Name or service not known)")) — https://freevpnspy.githubrowcontent.com/2024/08/20240802_vless.yaml
2026-05-16 19:02:33,209 | INFO     |   → 93/894 ❌ HTTP 404 — https://github.com/Epodonios/bulk-xray-v2ray-vless-vmess-...-configs/raw/main/sub/Albania/config.txt
2026-05-16 19:02:33,209 | INFO     |   → 94/894 ❌ HTTP 404 — https://github.com/Epodonios/bulk-xray-v2ray-vless-vmess-...-configs/raw/main/sub/Cura%C3%A7ao/config.txt
2026-05-16 19:02:33,209 | INFO     |   → 95/894 ❌ HTTP 404 — https://github.com/Epodonios/bulk-xray-v2ray-vless-vmess-...-configs/raw/main/sub/Finland/config.txt
2026-05-16 19:02:33,209 | INFO     |   → 96/894 ❌ HTTP 404 — https://github.com/Epodonios/bulk-xray-v2ray-vless-vmess-...-configs/raw/main/sub/Iran/config.txt
2026-05-16 19:02:33,209 | INFO     |   → 97/894 ❌ HTTP 404 — https://github.com/Epodonios/bulk-xray-v2ray-vless-vmess-...-configs/raw/main/sub/Netherlands/config.txt
2026-05-16 19:02:33,209 | INFO     |   → 98/894 ❌ HTTP 404 — https://github.com/Epodonios/bulk-xray-v2ray-vless-vmess-...-configs/raw/main/sub/Norway/config.txt
2026-05-16 19:02:33,209 | INFO     |   → 99/894 ❌ HTTP 404 — https://github.com/Epodonios/bulk-xray-v2ray-vless-vmess-...-configs/raw/main/sub/Russia/config.txt
2026-05-16 19:02:33,209 | INFO     |   → 100/894: ✅ 13 взято | 🗑️ 70 мусор
2026-05-16 19:02:33,209 | INFO     |   → 101/894: ✅ 0 взято | 🗑️ 4 мусор
2026-05-16 19:02:33,209 | INFO     |   → 102/894: ✅ 0 взято | 🗑️ 7 мусор
2026-05-16 19:02:33,209 | INFO     |   → 103/894: ✅ 0 взято | 🗑️ 51 мусор
2026-05-16 19:02:33,209 | INFO     |   → 104/894: ✅ 0 взято | 🗑️ 8 мусор
2026-05-16 19:02:33,209 | INFO     |   → 105/894: ✅ 0 взято | 🗑️ 0 мусор
2026-05-16 19:02:33,209 | INFO     |   → 106/894: ✅ 17 взято | 🗑️ 119 мусор
2026-05-16 19:02:33,209 | INFO     |   → 107/894 ❌ HTTP 404 — https://github.com/MrMohebi/xray-proxy-grabber-telegram/raw/master/collected-proxies/clash-meta/all.yaml
2026-05-16 19:02:33,209 | INFO     |   → 108/894 ❌ HTTP 404 — https://github.com/MrMohebi/xray-proxy-grabber-telegram/raw/master/collected-proxies/row-url/all.txt
2026-05-16 19:02:33,209 | INFO     |   → 109/894: ✅ 0 взято | 🗑️ 0 мусор
2026-05-16 19:02:33,209 | INFO     |   → 110/894: ✅ 0 взято | 🗑️ 113 мусор
2026-05-16 19:02:33,210 | INFO     |   → 111/894: ✅ 0 взято | 🗑️ 119 мусор
2026-05-16 19:02:33,210 | INFO     |   → 112/894 ❌ HTTP 404 — https://github.com/abbasdvd3/abbasdvd10/73ec60de7a6c6aa6df4c14b511c1da60686891ca/ppo.txt
2026-05-16 19:02:33,210 | INFO     |   → 113/894 ❌ HTTP 404 — https://github.com/acymz/AutoVPN/refs/heads/main/data/V2.txt
2026-05-16 19:02:33,210 | INFO     |   → 114/894: ✅ 0 взято | 🗑️ 0 мусор
2026-05-16 19:02:33,210 | INFO     |   → 115/894: ✅ 0 взято | 🗑️ 0 мусор
2026-05-16 19:02:33,210 | INFO     |   → 116/894: ✅ 0 взято | 🗑️ 0 мусор
2026-05-16 19:02:33,210 | INFO     |   → 117/894: ✅ 0 взято | 🗑️ 0 мусор
2026-05-16 19:02:33,210 | INFO     |   → 118/894: ✅ 0 взято | 🗑️ 0 мусор
2026-05-16 19:02:33,210 | INFO     |   → 119/894: ✅ 0 взято | 🗑️ 0 мусор
2026-05-16 19:02:33,210 | INFO     |   → 120/894: ✅ 0 взято | 🗑️ 0 мусор
2026-05-16 19:02:33,210 | INFO     |   → 121/894 ❌ HTTP 404 — https://github.com/mermeroo/V2RAY-FREE/raw/main/All_Configs_base64_Sub.txt
2026-05-16 19:02:33,210 | INFO     |   → 122/894 ❌ HTTP 404 — https://github.com/mermeroo/V2RAY-FREE/raw/main/Base64/Sub1_base64.txt
2026-05-16 19:02:33,210 | INFO     |   → 123/894 ❌ HTTP 404 — https://github.com/mermeroo/V2RAY-FREE/raw/main/Base64/Sub2_base64.txt
2026-05-16 19:02:33,210 | INFO     |   → 124/894 ❌ HTTP 404 — https://github.com/mermeroo/V2RAY-FREE/raw/main/Base64/Sub3_base64.txt
2026-05-16 19:02:33,210 | INFO     |   → 125/894 ❌ HTTP 404 — https://github.com/mermeroo/V2RAY-FREE/raw/main/Base64/Sub4_base64.txt
2026-05-16 19:02:33,210 | INFO     |   → 126/894 ❌ HTTP 404 — https://github.com/mermeroo/V2RAY-FREE/raw/main/Base64/Sub5_base64.txt
2026-05-16 19:02:33,210 | INFO     |   → 127/894 ❌ HTTP 404 — https://github.com/mermeroo/telegram-configs-collector/raw/main/protocols/hysteria
2026-05-16 19:02:33,210 | INFO     |   → 128/894 ❌ HTTP 404 — https://github.com/mermeroo/telegram-configs-collector/raw/main/protocols/juicity
2026-05-16 19:02:33,210 | INFO     |   → 129/894 ❌ HTTP 404 — https://github.com/mermeroo/telegram-configs-collector/raw/main/protocols/tuic
2026-05-16 19:02:33,210 | INFO     |   → 130/894: ✅ 5 взято | 🗑️ 16 мусор
2026-05-16 19:02:33,210 | INFO     |   → 131/894: ✅ 0 взято | 🗑️ 0 мусор
2026-05-16 19:02:33,210 | INFO     |   → 132/894: ✅ 0 взято | 🗑️ 0 мусор
2026-05-16 19:02:33,210 | INFO     |   → 133/894: ✅ 0 взято | 🗑️ 0 мусор
2026-05-16 19:02:33,210 | INFO     |   → 134/894: ✅ 3 взято | 🗑️ 238 мусор
2026-05-16 19:02:33,210 | INFO     |   → 135/894: ✅ 0 взято | 🗑️ 0 мусор
2026-05-16 19:02:33,210 | INFO     |   → 136/894: ✅ 3 взято | 🗑️ 239 мусор
2026-05-16 19:02:33,210 | INFO     |   → 137/894: ✅ 0 взято | 🗑️ 0 мусор
2026-05-16 19:02:33,210 | INFO     |   → 138/894: ✅ 0 взято | 🗑️ 255 мусор
2026-05-16 19:02:33,210 | INFO     |   → 139/894: ✅ 0 взято | 🗑️ 0 мусор
2026-05-16 19:02:33,210 | INFO     |   → 140/894: ✅ 1 взято | 🗑️ 249 мусор
2026-05-16 19:02:33,210 | INFO     |   → 141/894: ✅ 0 взято | 🗑️ 0 мусор
2026-05-16 19:02:33,210 | INFO     |   → 142/894: ✅ 0 взято | 🗑️ 207 мусор
2026-05-16 19:02:33,210 | INFO     |   → 143/894: ✅ 0 взято | 🗑️ 0 мусор
2026-05-16 19:02:33,210 | INFO     |   → 144/894: ✅ 0 взято | 🗑️ 228 мусор
2026-05-16 19:02:33,210 | INFO     |   → 145/894: ✅ 0 взято | 🗑️ 0 мусор
2026-05-16 19:02:33,211 | INFO     |   → 146/894: ✅ 1 взято | 🗑️ 291 мусор
2026-05-16 19:02:33,211 | INFO     |   → 147/894: ✅ 0 взято | 🗑️ 0 мусор
2026-05-16 19:02:33,211 | INFO     |   → 148/894: ✅ 3 взято | 🗑️ 221 мусор
2026-05-16 19:02:33,211 | INFO     |   → 149/894: ✅ 0 взято | 🗑️ 0 мусор
2026-05-16 19:02:33,211 | INFO     |   → 150/894: ✅ 1 взято | 🗑️ 222 мусор
2026-05-16 19:02:33,211 | INFO     |   → 151/894: ✅ 0 взято | 🗑️ 0 мусор
2026-05-16 19:02:33,211 | INFO     |   → 152/894: ✅ 1 взято | 🗑️ 218 мусор
2026-05-16 19:02:33,211 | INFO     |   → 153/894: ✅ 0 взято | 🗑️ 0 мусор
2026-05-16 19:02:33,211 | INFO     |   → 154/894: ✅ 0 взято | 🗑️ 193 мусор
2026-05-16 19:02:33,211 | INFO     |   → 155/894: ✅ 0 взято | 🗑️ 0 мусор
2026-05-16 19:02:33,211 | INFO     |   → 156/894: ✅ 0 взято | 🗑️ 290 мусор
2026-05-16 19:02:33,211 | INFO     |   → 157/894: ✅ 0 взято | 🗑️ 0 мусор
2026-05-16 19:02:33,211 | INFO     |   → 158/894: ✅ 0 взято | 🗑️ 238 мусор
2026-05-16 19:02:33,211 | INFO     |   → 159/894: ✅ 0 взято | 🗑️ 0 мусор
2026-05-16 19:02:33,211 | INFO     |   → 160/894: ✅ 0 взято | 🗑️ 221 мусор
2026-05-16 19:02:33,211 | INFO     |   → 161/894: ✅ 0 взято | 🗑️ 0 мусор
2026-05-16 19:02:33,211 | INFO     |   → 162/894: ✅ 0 взято | 🗑️ 248 мусор
2026-05-16 19:02:33,211 | INFO     |   → 163/894: ✅ 0 взято | 🗑️ 0 мусор
2026-05-16 19:02:33,211 | INFO     |   → 164/894: ✅ 0 взято | 🗑️ 203 мусор
2026-05-16 19:02:33,211 | INFO     |   → 165/894: ✅ 0 взято | 🗑️ 0 мусор
2026-05-16 19:02:33,211 | INFO     |   → 166/894: ✅ 0 взято | 🗑️ 208 мусор
2026-05-16 19:02:33,211 | INFO     |   → 167/894: ✅ 0 взято | 🗑️ 0 мусор
2026-05-16 19:02:33,211 | INFO     |   → 168/894: ✅ 2 взято | 🗑️ 209 мусор
2026-05-16 19:02:33,211 | INFO     |   → 169/894: ✅ 0 взято | 🗑️ 0 мусор
2026-05-16 19:02:33,211 | INFO     |   → 170/894: ✅ 0 взято | 🗑️ 258 мусор
2026-05-16 19:02:33,211 | INFO     |   → 171/894: ✅ 0 взято | 🗑️ 0 мусор
2026-05-16 19:02:33,211 | INFO     |   → 172/894: ✅ 0 взято | 🗑️ 296 мусор
2026-05-16 19:02:33,211 | INFO     |   → 173/894: ✅ 0 взято | 🗑️ 0 мусор
2026-05-16 19:02:33,211 | INFO     |   → 174/894: ✅ 1 взято | 🗑️ 286 мусор
2026-05-16 19:02:33,211 | INFO     |   → 175/894: ✅ 0 взято | 🗑️ 0 мусор
2026-05-16 19:02:33,211 | INFO     |   → 176/894: ✅ 0 взято | 🗑️ 195 мусор
2026-05-16 19:02:33,211 | INFO     |   → 177/894: ✅ 0 взято | 🗑️ 0 мусор
2026-05-16 19:02:33,211 | INFO     |   → 178/894: ✅ 0 взято | 🗑️ 170 мусор
2026-05-16 19:02:33,211 | INFO     |   → 179/894: ✅ 0 взято | 🗑️ 0 мусор
2026-05-16 19:02:33,211 | INFO     |   → 180/894: ✅ 0 взято | 🗑️ 160 мусор
2026-05-16 19:02:33,212 | INFO     |   → 181/894: ✅ 0 взято | 🗑️ 0 мусор
2026-05-16 19:02:33,212 | INFO     |   → 182/894: ✅ 0 взято | 🗑️ 121 мусор
2026-05-16 19:02:33,212 | INFO     |   → 183/894: ✅ 0 взято | 🗑️ 0 мусор
2026-05-16 19:02:33,212 | INFO     |   → 184/894: ✅ 0 взято | 🗑️ 135 мусор
2026-05-16 19:02:33,212 | INFO     |   → 185/894: ✅ 0 взято | 🗑️ 0 мусор
2026-05-16 19:02:33,212 | INFO     |   → 186/894: ✅ 1 взято | 🗑️ 129 мусор
2026-05-16 19:02:33,212 | INFO     |   → 187/894: ✅ 0 взято | 🗑️ 0 мусор
2026-05-16 19:02:33,212 | INFO     |   → 188/894: ✅ 0 взято | 🗑️ 189 мусор
2026-05-16 19:02:33,212 | INFO     |   → 189/894: ✅ 0 взято | 🗑️ 0 мусор
2026-05-16 19:02:33,212 | INFO     |   → 190/894: ✅ 3 взято | 🗑️ 147 мусор
2026-05-16 19:02:33,212 | INFO     |   → 191/894: ✅ 0 взято | 🗑️ 0 мусор
2026-05-16 19:02:33,212 | INFO     |   → 192/894: ✅ 1 взято | 🗑️ 183 мусор
2026-05-16 19:02:33,212 | INFO     |   → 193/894: ✅ 0 взято | 🗑️ 0 мусор
2026-05-16 19:02:33,212 | INFO     |   → 194/894: ✅ 0 взято | 🗑️ 155 мусор
2026-05-16 19:02:33,212 | INFO     |   → 195/894: ✅ 0 взято | 🗑️ 0 мусор
2026-05-16 19:02:33,212 | INFO     |   → 196/894: ✅ 0 взято | 🗑️ 114 мусор
2026-05-16 19:02:33,212 | INFO     |   → 197/894: ✅ 0 взято | 🗑️ 0 мусор
2026-05-16 19:02:33,212 | INFO     |   → 198/894: ✅ 0 взято | 🗑️ 239 мусор
2026-05-16 19:02:33,212 | INFO     |   → 199/894: ✅ 0 взято | 🗑️ 0 мусор
2026-05-16 19:02:33,212 | INFO     |   → 200/894: ✅ 0 взято | 🗑️ 204 мусор
2026-05-16 19:02:33,212 | INFO     |   → 201/894: ✅ 0 взято | 🗑️ 0 мусор
2026-05-16 19:02:33,212 | INFO     |   → 202/894: ✅ 0 взято | 🗑️ 232 мусор
2026-05-16 19:02:33,212 | INFO     |   → 203/894: ✅ 0 взято | 🗑️ 0 мусор
2026-05-16 19:02:33,212 | INFO     |   → 204/894: ✅ 0 взято | 🗑️ 192 мусор
2026-05-16 19:02:33,212 | INFO     |   → 205/894: ✅ 0 взято | 🗑️ 0 мусор
2026-05-16 19:02:33,212 | INFO     |   → 206/894: ✅ 0 взято | 🗑️ 183 мусор
2026-05-16 19:02:33,212 | INFO     |   → 207/894: ✅ 0 взято | 🗑️ 0 мусор
2026-05-16 19:02:33,212 | INFO     |   → 208/894: ✅ 0 взято | 🗑️ 169 мусор
2026-05-16 19:02:33,212 | INFO     |   → 209/894: ✅ 0 взято | 🗑️ 0 мусор
2026-05-16 19:02:33,212 | INFO     |   → 210/894 ⚠️ Ошибка: HTTPSConnectionPool(host='ivuxy.tech', port=443): Max retries exceeded with url: /v.txt (Caused by NameResolutionError("HTTPSConnection(host='ivuxy.tech', port=443): Failed to resolve 'ivuxy.tech' ([Errno -2] Name or service not known)")) — https://ivuxy.tech/v.txt
2026-05-16 19:02:33,212 | INFO     |   → 211/894 ⚠️ Ошибка: HTTPSConnectionPool(host='mirror.ghproxy.com', port=443): Max retries exceeded with url: /https://raw.githubusercontent.com/Barabama/FreeNodes/master/nodes/blues.txt (Caused by NameResolutionError("HTTPSConnection(host='mirror.ghproxy.com', port=443): Failed to resolve 'mirror.ghproxy.com' ([Errno -2] Name or service not known)")) — https://mirror.ghproxy.com/https://raw.githubusercontent.com/Barabama/FreeNodes/master/nodes/blues.txt
2026-05-16 19:02:33,212 | INFO     |   → 212/894 ⚠️ Ошибка: HTTPSConnectionPool(host='mirror.ghproxy.com', port=443): Max retries exceeded with url: /https://raw.githubusercontent.com/Barabama/FreeNodes/master/nodes/halekj.txt (Caused by NameResolutionError("HTTPSConnection(host='mirror.ghproxy.com', port=443): Failed to resolve 'mirror.ghproxy.com' ([Errno -2] Name or service not known)")) — https://mirror.ghproxy.com/https://raw.githubusercontent.com/Barabama/FreeNodes/master/nodes/halekj.txt
2026-05-16 19:02:33,212 | INFO     |   → 213/894 ⚠️ Ошибка: HTTPSConnectionPool(host='mirror.ghproxy.com', port=443): Max retries exceeded with url: /https://raw.githubusercontent.com/Barabama/FreeNodes/master/nodes/kkzui.txt (Caused by NameResolutionError("HTTPSConnection(host='mirror.ghproxy.com', port=443): Failed to resolve 'mirror.ghproxy.com' ([Errno -2] Name or service not known)")) — https://mirror.ghproxy.com/https://raw.githubusercontent.com/Barabama/FreeNodes/master/nodes/kkzui.txt
2026-05-16 19:02:33,212 | INFO     |   → 214/894 ⚠️ Ошибка: HTTPSConnectionPool(host='mirror.ghproxy.com', port=443): Max retries exceeded with url: /https://raw.githubusercontent.com/Barabama/FreeNodes/master/nodes/merged.txt (Caused by NameResolutionError("HTTPSConnection(host='mirror.ghproxy.com', port=443): Failed to resolve 'mirror.ghproxy.com' ([Errno -2] Name or service not known)")) — https://mirror.ghproxy.com/https://raw.githubusercontent.com/Barabama/FreeNodes/master/nodes/merged.txt
2026-05-16 19:02:33,213 | INFO     |   → 215/894 ⚠️ Ошибка: HTTPSConnectionPool(host='mirror.ghproxy.com', port=443): Max retries exceeded with url: /https://raw.githubusercontent.com/Barabama/FreeNodes/master/nodes/nodefree.txt (Caused by NameResolutionError("HTTPSConnection(host='mirror.ghproxy.com', port=443): Failed to resolve 'mirror.ghproxy.com' ([Errno -2] Name or service not known)")) — https://mirror.ghproxy.com/https://raw.githubusercontent.com/Barabama/FreeNodes/master/nodes/nodefree.txt
2026-05-16 19:02:33,213 | INFO     |   → 216/894 ⚠️ Ошибка: HTTPSConnectionPool(host='mirror.ghproxy.com', port=443): Max retries exceeded with url: /https://raw.githubusercontent.com/Barabama/FreeNodes/master/nodes/openrunner.txt (Caused by NameResolutionError("HTTPSConnection(host='mirror.ghproxy.com', port=443): Failed to resolve 'mirror.ghproxy.com' ([Errno -2] Name or service not known)")) — https://mirror.ghproxy.com/https://raw.githubusercontent.com/Barabama/FreeNodes/master/nodes/openrunner.txt
2026-05-16 19:02:33,213 | INFO     |   → 217/894 ⚠️ Ошибка: HTTPSConnectionPool(host='mirror.ghproxy.com', port=443): Max retries exceeded with url: /https://raw.githubusercontent.com/Barabama/FreeNodes/master/nodes/v2rayshare.txt (Caused by NameResolutionError("HTTPSConnection(host='mirror.ghproxy.com', port=443): Failed to resolve 'mirror.ghproxy.com' ([Errno -2] Name or service not known)")) — https://mirror.ghproxy.com/https://raw.githubusercontent.com/Barabama/FreeNodes/master/nodes/v2rayshare.txt
2026-05-16 19:02:33,213 | INFO     |   → 218/894 ⚠️ Ошибка: HTTPSConnectionPool(host='mirror.ghproxy.com', port=443): Max retries exceeded with url: /https://raw.githubusercontent.com/Barabama/FreeNodes/master/nodes/wenode.txt (Caused by NameResolutionError("HTTPSConnection(host='mirror.ghproxy.com', port=443): Failed to resolve 'mirror.ghproxy.com' ([Errno -2] Name or service not known)")) — https://mirror.ghproxy.com/https://raw.githubusercontent.com/Barabama/FreeNodes/master/nodes/wenode.txt
2026-05-16 19:02:33,213 | INFO     |   → 219/894 ⚠️ Ошибка: HTTPSConnectionPool(host='mirror.ghproxy.com', port=443): Max retries exceeded with url: /https://raw.githubusercontent.com/Barabama/FreeNodes/master/nodes/yudou66.txt (Caused by NameResolutionError("HTTPSConnection(host='mirror.ghproxy.com', port=443): Failed to resolve 'mirror.ghproxy.com' ([Errno -2] Name or service not known)")) — https://mirror.ghproxy.com/https://raw.githubusercontent.com/Barabama/FreeNodes/master/nodes/yudou66.txt
2026-05-16 19:02:33,213 | INFO     |   → 220/894: ✅ 7 взято | 🗑️ 17 мусор
2026-05-16 19:02:33,213 | INFO     |   → 221/894: ✅ 0 взято | 🗑️ 17 мусор
2026-05-16 19:02:33,213 | INFO     |   → 222/894: ✅ 14 взято | 🗑️ 14 мусор
2026-05-16 19:02:33,213 | INFO     |   → 223/894: ✅ 0 взято | 🗑️ 14 мусор
2026-05-16 19:02:33,213 | INFO     |   → 224/894: ✅ 0 взято | 🗑️ 14 мусор
2026-05-16 19:02:33,213 | INFO     |   → 225/894: ✅ 0 взято | 🗑️ 14 мусор
2026-05-16 19:02:33,213 | INFO     |   → 226/894: ✅ 0 взято | 🗑️ 14 мусор
2026-05-16 19:02:33,213 | INFO     |   → 227/894: ✅ 0 взято | 🗑️ 14 мусор
2026-05-16 19:02:33,213 | INFO     |   → 228/894: ✅ 0 взято | 🗑️ 14 мусор
2026-05-16 19:02:33,213 | INFO     |   → 229/894: ✅ 0 взято | 🗑️ 14 мусор
2026-05-16 19:02:33,213 | INFO     |   → 230/894: ✅ 0 взято | 🗑️ 14 мусор
2026-05-16 19:02:33,213 | INFO     |   → 231/894: ✅ 7 взято | 🗑️ 21 мусор
2026-05-16 19:02:33,213 | INFO     |   → 232/894: ✅ 0 взято | 🗑️ 21 мусор
2026-05-16 19:02:33,213 | INFO     |   → 233/894: ✅ 0 взято | 🗑️ 21 мусор
2026-05-16 19:02:33,213 | INFO     |   → 234/894: ✅ 0 взято | 🗑️ 21 мусор
2026-05-16 19:02:33,213 | INFO     |   → 235/894: ✅ 0 взято | 🗑️ 21 мусор
2026-05-16 19:02:33,213 | INFO     |   → 236/894: ✅ 0 взято | 🗑️ 21 мусор
2026-05-16 19:02:33,213 | INFO     |   → 237/894: ✅ 0 взято | 🗑️ 21 мусор
2026-05-16 19:02:33,213 | INFO     |   → 238/894: ✅ 0 взято | 🗑️ 21 мусор
2026-05-16 19:02:33,213 | INFO     |   → 239/894: ✅ 0 взято | 🗑️ 21 мусор
2026-05-16 19:02:33,213 | INFO     |   → 240/894: ✅ 0 взято | 🗑️ 21 мусор
2026-05-16 19:02:33,213 | INFO     |   → 241/894: ✅ 0 взято | 🗑️ 21 мусор
2026-05-16 19:02:33,213 | INFO     |   → 242/894: ✅ 5 взято | 🗑️ 15 мусор
2026-05-16 19:02:33,213 | INFO     |   → 243/894: ✅ 0 взято | 🗑️ 15 мусор
2026-05-16 19:02:33,213 | INFO     |   → 244/894: ✅ 0 взято | 🗑️ 15 мусор
2026-05-16 19:02:33,213 | INFO     |   → 245/894: ✅ 0 взято | 🗑️ 15 мусор
2026-05-16 19:02:33,213 | INFO     |   → 246/894: ✅ 0 взято | 🗑️ 15 мусор
2026-05-16 19:02:33,213 | INFO     |   → 247/894: ✅ 0 взято | 🗑️ 15 мусор
2026-05-16 19:02:33,213 | INFO     |   → 248/894: ✅ 0 взято | 🗑️ 15 мусор
2026-05-16 19:02:33,213 | INFO     |   → 249/894: ✅ 0 взято | 🗑️ 15 мусор
2026-05-16 19:02:33,214 | INFO     |   → 250/894: ✅ 0 взято | 🗑️ 15 мусор
2026-05-16 19:02:33,214 | INFO     |   → 251/894: ✅ 0 взято | 🗑️ 14 мусор
2026-05-16 19:02:33,214 | INFO     |   → 252/894: ✅ 0 взято | 🗑️ 14 мусор
2026-05-16 19:02:33,214 | INFO     |   → 253/894: ✅ 0 взято | 🗑️ 14 мусор
2026-05-16 19:02:33,214 | INFO     |   → 254/894: ✅ 0 взято | 🗑️ 14 мусор
2026-05-16 19:02:33,214 | INFO     |   → 255/894: ✅ 6 взято | 🗑️ 17 мусор
2026-05-16 19:02:33,214 | INFO     |   → 256/894: ✅ 0 взято | 🗑️ 17 мусор
2026-05-16 19:02:33,214 | INFO     |   → 257/894 ❌ HTTP 403 — https://nodefree.org/dy/2023/08/20230806.yaml
2026-05-16 19:02:33,214 | INFO     |   → 258/894 ❌ HTTP 403 — https://nodefree.org/dy/2023/12/20231221.txt
2026-05-16 19:02:33,214 | INFO     |   → 259/894: ✅ 0 взято | 🗑️ 17 мусор
2026-05-16 19:02:33,214 | INFO     |   → 260/894: ✅ 0 взято | 🗑️ 17 мусор
2026-05-16 19:02:33,214 | INFO     |   → 261/894: ✅ 0 взято | 🗑️ 14 мусор
2026-05-16 19:02:33,214 | INFO     |   → 262/894: ✅ 0 взято | 🗑️ 14 мусор
2026-05-16 19:02:33,214 | INFO     |   → 263/894: ✅ 0 взято | 🗑️ 14 мусор
2026-05-16 19:02:33,214 | INFO     |   → 264/894: ✅ 0 взято | 🗑️ 14 мусор
2026-05-16 19:02:33,214 | INFO     |   → 265/894: ✅ 0 взято | 🗑️ 14 мусор
2026-05-16 19:02:33,214 | INFO     |   → 266/894: ✅ 0 взято | 🗑️ 14 мусор
2026-05-16 19:02:33,214 | INFO     |   → 267/894: ✅ 0 взято | 🗑️ 14 мусор
2026-05-16 19:02:33,214 | INFO     |   → 268/894: ✅ 0 взято | 🗑️ 14 мусор
2026-05-16 19:02:33,214 | INFO     |   → 269/894: ✅ 0 взято | 🗑️ 14 мусор
2026-05-16 19:02:33,214 | INFO     |   → 270/894: ✅ 0 взято | 🗑️ 21 мусор
2026-05-16 19:02:33,214 | INFO     |   → 271/894: ✅ 0 взято | 🗑️ 21 мусор
2026-05-16 19:02:33,214 | INFO     |   → 272/894: ✅ 0 взято | 🗑️ 21 мусор
2026-05-16 19:02:33,214 | INFO     |   → 273/894: ✅ 0 взято | 🗑️ 21 мусор
2026-05-16 19:02:33,214 | INFO     |   → 274/894: ✅ 0 взято | 🗑️ 21 мусор
2026-05-16 19:02:33,214 | INFO     |   → 275/894: ✅ 0 взято | 🗑️ 21 мусор
2026-05-16 19:02:33,214 | INFO     |   → 276/894: ✅ 0 взято | 🗑️ 21 мусор
2026-05-16 19:02:33,214 | INFO     |   → 277/894: ✅ 0 взято | 🗑️ 21 мусор
2026-05-16 19:02:33,214 | INFO     |   → 278/894: ✅ 0 взято | 🗑️ 21 мусор
2026-05-16 19:02:33,214 | INFO     |   → 279/894: ✅ 0 взято | 🗑️ 21 мусор
2026-05-16 19:02:33,214 | INFO     |   → 280/894: ✅ 0 взято | 🗑️ 21 мусор
2026-05-16 19:02:33,214 | INFO     |   → 281/894: ✅ 0 взято | 🗑️ 15 мусор
2026-05-16 19:02:33,214 | INFO     |   → 282/894: ✅ 0 взято | 🗑️ 15 мусор
2026-05-16 19:02:33,214 | INFO     |   → 283/894: ✅ 0 взято | 🗑️ 15 мусор
2026-05-16 19:02:33,214 | INFO     |   → 284/894: ✅ 0 взято | 🗑️ 15 мусор
2026-05-16 19:02:33,215 | INFO     |   → 285/894: ✅ 0 взято | 🗑️ 15 мусор
2026-05-16 19:02:33,215 | INFO     |   → 286/894: ✅ 0 взято | 🗑️ 15 мусор
2026-05-16 19:02:33,215 | INFO     |   → 287/894: ✅ 0 взято | 🗑️ 15 мусор
2026-05-16 19:02:33,215 | INFO     |   → 288/894: ✅ 0 взято | 🗑️ 15 мусор
2026-05-16 19:02:33,215 | INFO     |   → 289/894: ✅ 0 взято | 🗑️ 15 мусор
2026-05-16 19:02:33,215 | INFO     |   → 290/894: ✅ 0 взято | 🗑️ 15 мусор
2026-05-16 19:02:33,215 | INFO     |   → 291/894: ✅ 0 взято | 🗑️ 14 мусор
2026-05-16 19:02:33,215 | INFO     |   → 292/894: ✅ 0 взято | 🗑️ 14 мусор
2026-05-16 19:02:33,215 | INFO     |   → 293/894: ✅ 0 взято | 🗑️ 14 мусор
2026-05-16 19:02:33,215 | INFO     |   → 294/894: ✅ 0 взято | 🗑️ 14 мусор
2026-05-16 19:02:33,215 | INFO     |   → 295/894: ✅ 0 взято | 🗑️ 17 мусор
2026-05-16 19:02:33,215 | INFO     |   → 296/894: ✅ 0 взято | 🗑️ 17 мусор
2026-05-16 19:02:33,215 | INFO     |   → 297/894: ✅ 0 взято | 🗑️ 0 мусор
2026-05-16 19:02:33,215 | INFO     |   → 298/894: ✅ 0 взято | 🗑️ 0 мусор
2026-05-16 19:02:33,215 | INFO     |   → 299/894: ✅ 0 взято | 🗑️ 0 мусор
2026-05-16 19:02:33,215 | INFO     |   → 300/894: ✅ 0 взято | 🗑️ 0 мусор
2026-05-16 19:02:33,215 | INFO     |   → 301/894: ✅ 0 взято | 🗑️ 0 мусор
2026-05-16 19:02:33,215 | INFO     |   → 302/894: ✅ 0 взято | 🗑️ 0 мусор
2026-05-16 19:02:33,215 | INFO     |   → 303/894: ✅ 0 взято | 🗑️ 0 мусор
2026-05-16 19:02:33,215 | INFO     |   → 304/894: ✅ 0 взято | 🗑️ 0 мусор
2026-05-16 19:02:33,215 | INFO     |   → 305/894: ✅ 0 взято | 🗑️ 0 мусор
2026-05-16 19:02:33,215 | INFO     |   → 306/894: ✅ 0 взято | 🗑️ 0 мусор
2026-05-16 19:02:33,215 | INFO     |   → 307/894: ✅ 0 взято | 🗑️ 0 мусор
2026-05-16 19:02:33,215 | INFO     |   → 308/894: ✅ 0 взято | 🗑️ 0 мусор
2026-05-16 19:02:33,215 | INFO     |   → 309/894 ❌ HTTP 404 — https://raw.githubusercontent.com/10ium/MihomoSaz/main/Sublist/shatakvpn.yaml4_Sub.txt
2026-05-16 19:02:33,215 | INFO     |   → 310/894: ✅ 0 взято | 🗑️ 0 мусор
2026-05-16 19:02:33,215 | INFO     |   → 311/894: ✅ 0 взято | 🗑️ 0 мусор
2026-05-16 19:02:33,215 | INFO     |   → 312/894: ✅ 12 взято | 🗑️ 38 мусор
2026-05-16 19:02:33,215 | INFO     |   → 313/894: ✅ 0 взято | 🗑️ 0 мусор
2026-05-16 19:02:33,215 | INFO     |   → 314/894: ✅ 0 взято | 🗑️ 0 мусор
2026-05-16 19:02:33,215 | INFO     |   → 315/894: ✅ 11 взято | 🗑️ 399 мусор
2026-05-16 19:02:33,215 | INFO     |   → 316/894: ✅ 0 взято | 🗑️ 0 мусор
2026-05-16 19:02:33,215 | INFO     |   → 317/894 ❌ HTTP 404 — https://raw.githubusercontent.com/9Fork/openit/main/Clash.yaml
2026-05-16 19:02:33,215 | INFO     |   → 318/894: ✅ 100 взято | 🗑️ 381 мусор
2026-05-16 19:02:33,215 | INFO     |   → 319/894: ✅ 0 взято | 🗑️ 381 мусор
2026-05-16 19:02:33,216 | INFO     |   → 320/894: ✅ 19 взято | 🗑️ 81 мусор
2026-05-16 19:02:33,216 | INFO     |   → 321/894: ✅ 11 взято | 🗑️ 87 мусор
2026-05-16 19:02:33,216 | INFO     |   → 322/894: ✅ 27 взято | 🗑️ 73 мусор
2026-05-16 19:02:33,216 | INFO     |   → 323/894: ✅ 13 взято | 🗑️ 75 мусор
2026-05-16 19:02:33,216 | INFO     |   → 324/894: ✅ 10 взято | 🗑️ 83 мусор
2026-05-16 19:02:33,216 | INFO     |   → 325/894: ✅ 12 взято | 🗑️ 86 мусор
2026-05-16 19:02:33,216 | INFO     |   → 326/894: ✅ 11 взято | 🗑️ 87 мусор
2026-05-16 19:02:33,216 | INFO     |   → 327/894: ✅ 11 взято | 🗑️ 80 мусор
2026-05-16 19:02:33,216 | INFO     |   → 328/894: ✅ 9 взято | 🗑️ 82 мусор
2026-05-16 19:02:33,216 | INFO     |   → 329/894: ✅ 69 взято | 🗑️ 3 мусор
2026-05-16 19:02:33,216 | INFO     |   → 330/894: ✅ 3 взято | 🗑️ 75 мусор
2026-05-16 19:02:33,216 | INFO     |   → 331/894: ✅ 4 взято | 🗑️ 69 мусор
2026-05-16 19:02:33,216 | INFO     |   → 332/894: ✅ 4 взято | 🗑️ 80 мусор
2026-05-16 19:02:33,216 | INFO     |   → 333/894: ✅ 6 взято | 🗑️ 81 мусор
2026-05-16 19:02:33,216 | INFO     |   → 334/894: ✅ 5 взято | 🗑️ 79 мусор
2026-05-16 19:02:33,216 | INFO     |   → 335/894: ✅ 11 взято | 🗑️ 78 мусор
2026-05-16 19:02:33,216 | INFO     |   → 336/894: ✅ 3 взято | 🗑️ 83 мусор
2026-05-16 19:02:33,216 | INFO     |   → 337/894: ✅ 14 взято | 🗑️ 76 мусор
2026-05-16 19:02:33,216 | INFO     |   → 338/894: ✅ 12 взято | 🗑️ 78 мусор
2026-05-16 19:02:33,216 | INFO     |   → 339/894: ✅ 26 взято | 🗑️ 218 мусор
2026-05-16 19:02:33,216 | INFO     |   → 340/894: ✅ 44 взято | 🗑️ 141 мусор
2026-05-16 19:02:33,216 | INFO     |   → 341/894: ✅ 10 взято | 🗑️ 71 мусор
2026-05-16 19:02:33,216 | INFO     |   → 342/894: ✅ 2 взято | 🗑️ 88 мусор
2026-05-16 19:02:33,216 | INFO     |   → 343/894: ✅ 0 взято | 🗑️ 3 мусор
2026-05-16 19:02:33,216 | INFO     |   → 344/894: ✅ 14 взято | 🗑️ 4 мусор
2026-05-16 19:02:33,216 | INFO     |   → 345/894: ✅ 645 взято | 🗑️ 2530 мусор
2026-05-16 19:02:33,216 | INFO     |   → 346/894 ❌ HTTP 404 — https://raw.githubusercontent.com/Alvin9999/pac2/master/clash/1/config.yaml
2026-05-16 19:02:33,216 | INFO     |   → 347/894 ❌ HTTP 404 — https://raw.githubusercontent.com/AmirHDevo/temp2/7f15e7ddb311a6f8c5ab338bd1af0e1f2136a84b/configs.txt
2026-05-16 19:02:33,216 | INFO     |   → 348/894: ✅ 7 взято | 🗑️ 80 мусор
2026-05-16 19:02:33,216 | INFO     |   → 349/894: ✅ 1243 взято | 🗑️ 17829 мусор
2026-05-16 19:02:33,216 | INFO     |   → 350/894: ✅ 5 взято | 🗑️ 47 мусор
2026-05-16 19:02:33,216 | INFO     |   → 351/894: ✅ 4 взято | 🗑️ 57 мусор
2026-05-16 19:02:33,216 | INFO     |   → 352/894: ✅ 21 взято | 🗑️ 107 мусор
2026-05-16 19:02:33,216 | INFO     |   → 353/894: ✅ 78 взято | 🗑️ 347 мусор
2026-05-16 19:02:33,216 | INFO     |   → 354/894: ✅ 0 взято | 🗑️ 1373 мусор
2026-05-16 19:02:33,217 | INFO     |   → 355/894: ✅ 339 взято | 🗑️ 1542 мусор
2026-05-16 19:02:33,217 | INFO     |   → 356/894: ✅ 0 взято | 🗑️ 6 мусор
2026-05-16 19:02:33,217 | INFO     |   → 357/894: ✅ 0 взято | 🗑️ 0 мусор
2026-05-16 19:02:33,217 | INFO     |   → 358/894: ✅ 1 взято | 🗑️ 235 мусор
2026-05-16 19:02:33,217 | INFO     |   → 359/894: ✅ 0 взято | 🗑️ 16 мусор
2026-05-16 19:02:33,217 | INFO     |   → 360/894: ✅ 0 взято | 🗑️ 0 мусор
2026-05-16 19:02:33,217 | INFO     |   → 361/894: ✅ 0 взято | 🗑️ 14 мусор
2026-05-16 19:02:33,217 | INFO     |   → 362/894: ✅ 0 взято | 🗑️ 0 мусор
2026-05-16 19:02:33,217 | INFO     |   → 363/894: ✅ 0 взято | 🗑️ 17 мусор
2026-05-16 19:02:33,217 | INFO     |   → 364/894: ✅ 0 взято | 🗑️ 0 мусор
2026-05-16 19:02:33,217 | INFO     |   → 365/894: ✅ 3 взято | 🗑️ 211 мусор
2026-05-16 19:02:33,217 | INFO     |   → 366/894: ✅ 0 взято | 🗑️ 0 мусор
2026-05-16 19:02:33,217 | INFO     |   → 367/894: ✅ 0 взято | 🗑️ 17 мусор
2026-05-16 19:02:33,217 | INFO     |   → 368/894: ✅ 0 взято | 🗑️ 0 мусор
2026-05-16 19:02:33,217 | INFO     |   → 369/894: ✅ 0 взято | 🗑️ 17 мусор
2026-05-16 19:02:33,217 | INFO     |   → 370/894: ✅ 0 взято | 🗑️ 0 мусор
2026-05-16 19:02:33,217 | INFO     |   → 371/894: ✅ 0 взято | 🗑️ 169 мусор
2026-05-16 19:02:33,217 | INFO     |   → 372/894: ✅ 0 взято | 🗑️ 0 мусор
2026-05-16 19:02:33,217 | INFO     |   → 373/894: ✅ 5 взято | 🗑️ 76 мусор
2026-05-16 19:02:33,217 | INFO     |   → 374/894: ✅ 80 взято | 🗑️ 1110 мусор
2026-05-16 19:02:33,217 | INFO     |   → 375/894: ✅ 5 взято | 🗑️ 13 мусор
2026-05-16 19:02:33,217 | INFO     |   → 376/894 ❌ HTTP 404 — https://raw.githubusercontent.com/Epodonios/bulk-xray-v2ray-vless-vmess-...-configs/main/sub/Austria/config.txt
2026-05-16 19:02:33,217 | INFO     |   → 377/894 ❌ HTTP 404 — https://raw.githubusercontent.com/Epodonios/bulk-xray-v2ray-vless-vmess-...-configs/main/sub/Canada/config.txt
2026-05-16 19:02:33,217 | INFO     |   → 378/894 ❌ HTTP 404 — https://raw.githubusercontent.com/Epodonios/bulk-xray-v2ray-vless-vmess-...-configs/main/sub/Costa%20Rica/config.txt
2026-05-16 19:02:33,217 | INFO     |   → 379/894 ❌ HTTP 404 — https://raw.githubusercontent.com/Epodonios/bulk-xray-v2ray-vless-vmess-...-configs/main/sub/France/config.txt
2026-05-16 19:02:33,217 | INFO     |   → 380/894 ❌ HTTP 404 — https://raw.githubusercontent.com/Epodonios/bulk-xray-v2ray-vless-vmess-...-configs/main/sub/Germany/config.txt
2026-05-16 19:02:33,217 | INFO     |   → 381/894 ❌ HTTP 404 — https://raw.githubusercontent.com/Epodonios/bulk-xray-v2ray-vless-vmess-...-configs/main/sub/Indonesia/config.txt
2026-05-16 19:02:33,217 | INFO     |   → 382/894 ❌ HTTP 404 — https://raw.githubusercontent.com/Epodonios/bulk-xray-v2ray-vless-vmess-...-configs/main/sub/Ireland/config.txt
2026-05-16 19:02:33,217 | INFO     |   → 383/894 ❌ HTTP 404 — https://raw.githubusercontent.com/Epodonios/bulk-xray-v2ray-vless-vmess-...-configs/main/sub/Republic%20of%20Lithuania/config.txt
2026-05-16 19:02:33,217 | INFO     |   → 384/894 ❌ HTTP 404 — https://raw.githubusercontent.com/Epodonios/bulk-xray-v2ray-vless-vmess-...-configs/main/sub/South%20Africa/config.txt
2026-05-16 19:02:33,217 | INFO     |   → 385/894 ❌ HTTP 404 — https://raw.githubusercontent.com/Epodonios/bulk-xray-v2ray-vless-vmess-...-configs/main/sub/Sweden/config.txt
2026-05-16 19:02:33,217 | INFO     |   → 386/894 ❌ HTTP 404 — https://raw.githubusercontent.com/Epodonios/bulk-xray-v2ray-vless-vmess-...-configs/main/sub/Turkey/config.txt
2026-05-16 19:02:33,217 | INFO     |   → 387/894 ❌ HTTP 404 — https://raw.githubusercontent.com/Epodonios/bulk-xray-v2ray-vless-vmess-...-configs/main/sub/United%20Arab%20Emirates/config.txt
2026-05-16 19:02:33,217 | INFO     |   → 388/894 ❌ HTTP 404 — https://raw.githubusercontent.com/Epodonios/bulk-xray-v2ray-vless-vmess-...-configs/main/sub/United%20Kingdom/config.txt
2026-05-16 19:02:33,218 | INFO     |   → 389/894 ❌ HTTP 404 — https://raw.githubusercontent.com/Epodonios/bulk-xray-v2ray-vless-vmess-...-configs/main/sub/United%20States/config.txt
2026-05-16 19:02:33,218 | INFO     |   → 390/894: ✅ 402 взято | 🗑️ 4061 мусор
2026-05-16 19:02:33,218 | INFO     |   → 391/894 ❌ HTTP 404 — https://raw.githubusercontent.com/Epodonios/v2ray-configs/main/Splitted-By-Protocol/mix.txt
2026-05-16 19:02:33,218 | INFO     |   → 392/894: ✅ 1 взято | 🗑️ 368 мусор
2026-05-16 19:02:33,218 | INFO     |   → 393/894: ✅ 0 взято | 🗑️ 0 мусор
2026-05-16 19:02:33,218 | INFO     |   → 394/894: ✅ 1 взято | 🗑️ 351 мусор
2026-05-16 19:02:33,218 | INFO     |   → 395/894: ✅ 13 взято | 🗑️ 2688 мусор
2026-05-16 19:02:33,218 | INFO     |   → 396/894: ✅ 1 взято | 🗑️ 622 мусор
2026-05-16 19:02:33,218 | INFO     |   → 397/894 ❌ HTTP 404 — https://raw.githubusercontent.com/Epodonios/v2ray-configs/raw/main/Splitted-By-Protocol/trojan.txt
2026-05-16 19:02:33,218 | INFO     |   → 398/894 ❌ HTTP 404 — https://raw.githubusercontent.com/Epodonios/v2ray-configs/raw/main/Splitted-By-Protocol/vmess.txt
2026-05-16 19:02:33,218 | INFO     |   → 399/894: ✅ 0 взято | 🗑️ 368 мусор
2026-05-16 19:02:33,218 | INFO     |   → 400/894: ✅ 0 взято | 🗑️ 0 мусор
2026-05-16 19:02:33,218 | INFO     |   → 401/894: ✅ 0 взято | 🗑️ 351 мусор
2026-05-16 19:02:33,218 | INFO     |   → 402/894: ✅ 0 взято | 🗑️ 2688 мусор
2026-05-16 19:02:33,218 | INFO     |   → 403/894: ✅ 0 взято | 🗑️ 622 мусор
2026-05-16 19:02:33,218 | INFO     |   → 404/894 ❌ HTTP 404 — https://raw.githubusercontent.com/Fido6/FreeNodes/57221e59caddde55ffdda21d491ae952cd608049/nodes/halekj.txt
2026-05-16 19:02:33,218 | INFO     |   → 405/894 ❌ HTTP 404 — https://raw.githubusercontent.com/Fido6/FreeNodes/57221e59caddde55ffdda21d491ae952cd608049/nodes/kkzui.txt
2026-05-16 19:02:33,218 | INFO     |   → 406/894 ❌ HTTP 404 — https://raw.githubusercontent.com/Fido6/FreeNodes/57221e59caddde55ffdda21d491ae952cd608049/nodes/wenode.txt
2026-05-16 19:02:33,218 | INFO     |   → 407/894: ✅ 0 взято | 🗑️ 0 мусор
2026-05-16 19:02:33,218 | INFO     |   → 408/894: ✅ 0 взято | 🗑️ 0 мусор
2026-05-16 19:02:33,218 | INFO     |   → 409/894: ✅ 14 взято | 🗑️ 250 мусор
2026-05-16 19:02:33,218 | INFO     |   → 410/894: ✅ 1 взято | 🗑️ 13 мусор
2026-05-16 19:02:33,218 | INFO     |   → 411/894: ✅ 1 взято | 🗑️ 17 мусор
2026-05-16 19:02:33,218 | INFO     |   → 412/894: ✅ 4 взято | 🗑️ 11 мусор
2026-05-16 19:02:33,218 | INFO     |   → 413/894: ✅ 0 взято | 🗑️ 0 мусор
2026-05-16 19:02:33,218 | INFO     |   → 414/894: ✅ 0 взято | 🗑️ 137 мусор
2026-05-16 19:02:33,218 | INFO     |   → 415/894: ✅ 0 взято | 🗑️ 32 мусор
2026-05-16 19:02:33,218 | INFO     |   → 416/894: ✅ 2 взято | 🗑️ 19 мусор
2026-05-16 19:02:33,218 | INFO     |   → 417/894: ✅ 0 взято | 🗑️ 43 мусор
2026-05-16 19:02:33,218 | INFO     |   → 418/894: ✅ 0 взято | 🗑️ 43 мусор
2026-05-16 19:02:33,218 | INFO     |   → 419/894 ❌ HTTP 404 — https://raw.githubusercontent.com/Iran-v2ray/v2ray/main/v2ray
2026-05-16 19:02:33,218 | INFO     |   → 420/894: ✅ 0 взято | 🗑️ 1 мусор
2026-05-16 19:02:33,218 | INFO     |   → 421/894: ✅ 0 взято | 🗑️ 1 мусор
2026-05-16 19:02:33,218 | INFO     |   → 422/894: ✅ 0 взято | 🗑️ 28 мусор
2026-05-16 19:02:33,218 | INFO     |   → 423/894: ✅ 14 взято | 🗑️ 282 мусор
2026-05-16 19:02:33,219 | INFO     |   → 424/894: ✅ 0 взято | 🗑️ 94 мусор
2026-05-16 19:02:33,219 | INFO     |   → 425/894: ✅ 0 взято | 🗑️ 0 мусор
2026-05-16 19:02:33,219 | INFO     |   → 426/894: ✅ 0 взято | 🗑️ 0 мусор
2026-05-16 19:02:33,219 | INFO     |   → 427/894 ❌ HTTP 404 — https://raw.githubusercontent.com/Kwinshadow/TelegramV2rayCollector/raw/refs/heads/main/sublinks/mix.txt
2026-05-16 19:02:33,219 | INFO     |   → 428/894 ❌ HTTP 404 — https://raw.githubusercontent.com/LalatinaHub/Mineral/raw/refs/heads/master/result/nodes
2026-05-16 19:02:33,219 | INFO     |   → 429/894 ❌ HTTP 404 — https://raw.githubusercontent.com/Leon406/SubCrawler/main/sub/share/all3
2026-05-16 19:02:33,219 | INFO     |   → 430/894 ❌ HTTP 404 — https://raw.githubusercontent.com/Leon406/SubCrawler/main/sub/share/all4
2026-05-16 19:02:33,219 | INFO     |   → 431/894: ✅ 4 взято | 🗑️ 335 мусор
2026-05-16 19:02:33,219 | INFO     |   → 432/894: ✅ 0 взято | 🗑️ 33 мусор
2026-05-16 19:02:33,219 | INFO     |   → 433/894: ✅ 0 взято | 🗑️ 6 мусор
2026-05-16 19:02:33,219 | INFO     |   → 434/894: ✅ 0 взято | 🗑️ 147 мусор
2026-05-16 19:02:33,219 | INFO     |   → 435/894 ❌ HTTP 404 — https://raw.githubusercontent.com/M-Mashreghi/free-config-collector/main/Splitted-By-Protocol/ssr.txt
2026-05-16 19:02:33,219 | INFO     |   → 436/894: ✅ 139 взято | 🗑️ 114 мусор
2026-05-16 19:02:33,219 | INFO     |   → 437/894: ✅ 126 взято | 🗑️ 137 мусор
2026-05-16 19:02:33,219 | INFO     |   → 438/894: ✅ 0 взято | 🗑️ 12 мусор
2026-05-16 19:02:33,219 | INFO     |   → 439/894: ✅ 0 взято | 🗑️ 1 мусор
2026-05-16 19:02:33,219 | INFO     |   → 440/894: ✅ 96 взято | 🗑️ 411 мусор
2026-05-16 19:02:33,219 | INFO     |   → 441/894: ✅ 0 взято | 🗑️ 411 мусор
2026-05-16 19:02:33,219 | INFO     |   → 442/894 ❌ HTTP 404 — https://raw.githubusercontent.com/MatinGhanbari/v2ray-configs/main/subscriptions/filtered/subs/hy2.txt
2026-05-16 19:02:33,219 | INFO     |   → 443/894: ✅ 28 взято | 🗑️ 1508 мусор
2026-05-16 19:02:33,219 | INFO     |   → 444/894 ❌ HTTP 404 — https://raw.githubusercontent.com/MatinGhanbari/v2ray-configs/main/subscriptions/filtered/subs/ssr.txt
2026-05-16 19:02:33,219 | INFO     |   → 445/894: ✅ 64 взято | 🗑️ 507 мусор
2026-05-16 19:02:33,219 | INFO     |   → 446/894 ❌ HTTP 404 — https://raw.githubusercontent.com/MatinGhanbari/v2ray-configs/main/subscriptions/filtered/subs/tuic.txt
2026-05-16 19:02:33,219 | INFO     |   → 447/894: ✅ 14 взято | 🗑️ 236 мусор
2026-05-16 19:02:33,219 | INFO     |   → 448/894: ✅ 206 взято | 🗑️ 1359 мусор
2026-05-16 19:02:33,219 | INFO     |   → 449/894: ✅ 0 взято | 🗑️ 2 мусор
2026-05-16 19:02:33,219 | INFO     |   → 450/894: ✅ 111 взято | 🗑️ 723 мусор
2026-05-16 19:02:33,219 | INFO     |   → 451/894: ✅ 0 взято | 🗑️ 373 мусор
2026-05-16 19:02:33,219 | INFO     |   → 452/894: ✅ 0 взято | 🗑️ 373 мусор
2026-05-16 19:02:33,219 | INFO     |   → 453/894: ✅ 0 взято | 🗑️ 11 мусор
2026-05-16 19:02:33,219 | INFO     |   → 454/894: ✅ 0 взято | 🗑️ 2 мусор
2026-05-16 19:02:33,219 | INFO     |   → 455/894: ✅ 0 взято | 🗑️ 272 мусор
2026-05-16 19:02:33,219 | INFO     |   → 456/894: ✅ 0 взято | 🗑️ 73 мусор
2026-05-16 19:02:33,219 | INFO     |   → 457/894 ❌ HTTP 404 — https://raw.githubusercontent.com/MhdiTaheri/V2rayCollector/raw/refs/heads/main/sub/mix
2026-05-16 19:02:33,219 | INFO     |   → 458/894: ✅ 53 взято | 🗑️ 267 мусор
2026-05-16 19:02:33,220 | INFO     |   → 459/894 ❌ HTTP 404 — https://raw.githubusercontent.com/MhdiTaheri/V2rayCollector_Py/raw/refs/heads/main/sub/Mix/mix.txt
2026-05-16 19:02:33,220 | INFO     |   → 460/894: ✅ 0 взято | 🗑️ 0 мусор
2026-05-16 19:02:33,220 | INFO     |   → 461/894: ✅ 43 взято | 🗑️ 217 мусор
2026-05-16 19:02:33,220 | INFO     |   → 462/894: ✅ 0 взято | 🗑️ 31 мусор
2026-05-16 19:02:33,220 | INFO     |   → 463/894: ✅ 93 взято | 🗑️ 282 мусор
2026-05-16 19:02:33,220 | INFO     |   → 464/894: ✅ 0 взято | 🗑️ 26 мусор
2026-05-16 19:02:33,220 | INFO     |   → 465/894 ❌ HTTP 404 — https://raw.githubusercontent.com/MrMohebi/xray-proxy-grabber-telegram/master/collected-proxies/clash-meta/all.yaml
2026-05-16 19:02:33,220 | INFO     |   → 466/894 ❌ HTTP 404 — https://raw.githubusercontent.com/MrMohebi/xray-proxy-grabber-telegram/master/collected-proxies/row-url/actives.txt
2026-05-16 19:02:33,220 | INFO     |   → 467/894 ❌ HTTP 404 — https://raw.githubusercontent.com/MrMohebi/xray-proxy-grabber-telegram/master/collected-proxies/row-url/all.txt
2026-05-16 19:02:33,220 | INFO     |   → 468/894: ✅ 0 взято | 🗑️ 13 мусор
2026-05-16 19:02:33,220 | INFO     |   → 469/894: ✅ 0 взято | 🗑️ 13 мусор
2026-05-16 19:02:33,220 | INFO     |   → 470/894: ✅ 5 взято | 🗑️ 15 мусор
2026-05-16 19:02:33,220 | INFO     |   → 471/894: ✅ 0 взято | 🗑️ 30 мусор
2026-05-16 19:02:33,220 | INFO     |   → 472/894: ✅ 0 взято | 🗑️ 15 мусор
2026-05-16 19:02:33,220 | INFO     |   → 473/894: ✅ 66 взято | 🗑️ 123 мусор
2026-05-16 19:02:33,220 | INFO     |   → 474/894: ✅ 175 взято | 🗑️ 582 мусор
2026-05-16 19:02:33,220 | INFO     |   → 475/894: ✅ 0 взято | 🗑️ 0 мусор
2026-05-16 19:02:33,220 | INFO     |   → 476/894 ❌ HTTP 404 — https://raw.githubusercontent.com/OpenCNLink/freevpn/3cfcff048bfdd1493ccffa52ecf30ce7f9fc6b28/src/list/vmess.txt
2026-05-16 19:02:33,220 | INFO     |   → 477/894 ❌ HTTP 404 — https://raw.githubusercontent.com/Pawdro/Collection/main/sub
2026-05-16 19:02:33,220 | INFO     |   → 478/894: ✅ 0 взято | 🗑️ 20 мусор
2026-05-16 19:02:33,220 | INFO     |   → 479/894: ✅ 0 взято | 🗑️ 20 мусор
2026-05-16 19:02:33,220 | INFO     |   → 480/894: ✅ 0 взято | 🗑️ 0 мусор
2026-05-16 19:02:33,220 | INFO     |   → 481/894: ✅ 0 взято | 🗑️ 0 мусор
2026-05-16 19:02:33,220 | INFO     |   → 482/894: ✅ 0 взято | 🗑️ 50 мусор
2026-05-16 19:02:33,220 | INFO     |   → 483/894: ✅ 5 взято | 🗑️ 206 мусор
2026-05-16 19:02:33,220 | INFO     |   → 484/894: ✅ 21 взято | 🗑️ 138 мусор
2026-05-16 19:02:33,220 | INFO     |   → 485/894: ✅ 23 взято | 🗑️ 89 мусор
2026-05-16 19:02:33,220 | INFO     |   → 486/894: ✅ 9 взято | 🗑️ 85 мусор
2026-05-16 19:02:33,220 | INFO     |   → 487/894: ✅ 0 взято | 🗑️ 129 мусор
2026-05-16 19:02:33,220 | INFO     |   → 488/894: ✅ 0 взято | 🗑️ 81 мусор
2026-05-16 19:02:33,220 | INFO     |   → 489/894 ❌ HTTP 404 — https://raw.githubusercontent.com/STR97/STRUGOV/refs/heads/main/STR.BYPASS
2026-05-16 19:02:33,220 | INFO     |   → 490/894: ✅ 4 взято | 🗑️ 34 мусор
2026-05-16 19:02:33,220 | INFO     |   → 491/894: ✅ 11 взято | 🗑️ 16 мусор
2026-05-16 19:02:33,220 | INFO     |   → 492/894: ✅ 0 взято | 🗑️ 16 мусор
2026-05-16 19:02:33,220 | INFO     |   → 493/894: ✅ 0 взято | 🗑️ 27 мусор
2026-05-16 19:02:33,220 | INFO     |   → 494/894: ✅ 140 взято | 🗑️ 1153 мусор
2026-05-16 19:02:33,221 | INFO     |   → 495/894: ✅ 29 взято | 🗑️ 54 мусор
2026-05-16 19:02:33,221 | INFO     |   → 496/894: ✅ 0 взято | 🗑️ 13 мусор
2026-05-16 19:02:33,221 | INFO     |   → 497/894: ✅ 0 взято | 🗑️ 0 мусор
2026-05-16 19:02:33,221 | INFO     |   → 498/894: ✅ 2 взято | 🗑️ 3 мусор
2026-05-16 19:02:33,221 | INFO     |   → 499/894: ✅ 0 взято | 🗑️ 13 мусор
2026-05-16 19:02:33,221 | INFO     |   → 500/894: ✅ 0 взято | 🗑️ 3 мусор
2026-05-16 19:02:33,221 | INFO     |   → 501/894: ✅ 4 взято | 🗑️ 291 мусор
2026-05-16 19:02:33,221 | INFO     |   → 502/894: ✅ 0 взято | 🗑️ 119 мусор
2026-05-16 19:02:33,221 | INFO     |   → 503/894: ✅ 0 взято | 🗑️ 0 мусор
2026-05-16 19:02:33,221 | INFO     |   → 504/894 ❌ HTTP 404 — https://raw.githubusercontent.com/V2RAYCONFIGSPOOL/V2RAY_SUB/main/V2RAY_SUB.txt
2026-05-16 19:02:33,221 | INFO     |   → 505/894: ✅ 33 взято | 🗑️ 121 мусор
2026-05-16 19:02:33,221 | INFO     |   → 506/894: ✅ 19 взято | 🗑️ 76 мусор
2026-05-16 19:02:33,221 | INFO     |   → 507/894: ✅ 0 взято | 🗑️ 0 мусор
2026-05-16 19:02:33,221 | INFO     |   → 508/894: ✅ 0 взято | 🗑️ 76 мусор
2026-05-16 19:02:33,221 | INFO     |   → 509/894: ✅ 58 взято | 🗑️ 348 мусор
2026-05-16 19:02:33,221 | INFO     |   → 510/894: ✅ 1 взято | 🗑️ 231 мусор
2026-05-16 19:02:33,221 | INFO     |   → 511/894: ✅ 0 взято | 🗑️ 0 мусор
2026-05-16 19:02:33,221 | INFO     |   → 512/894: ✅ 1 взято | 🗑️ 83 мусор
2026-05-16 19:02:33,221 | INFO     |   → 513/894: ✅ 0 взято | 🗑️ 16 мусор
2026-05-16 19:02:33,221 | INFO     |   → 514/894: ✅ 0 взято | 🗑️ 16 мусор
2026-05-16 19:02:33,221 | INFO     |   → 515/894 ❌ HTTP 404 — https://raw.githubusercontent.com/aiboboxx/clashfree/main/clash.yml
2026-05-16 19:02:33,221 | INFO     |   → 516/894 ❌ HTTP 404 — https://raw.githubusercontent.com/aiboboxx/v2rayfree/main/v2
2026-05-16 19:02:33,221 | INFO     |   → 517/894 ❌ HTTP 404 — https://raw.githubusercontent.com/amirmohammad-mohammad-88/Sub-Reality-Azadi-config/Config/Azadi-Reality-Different
2026-05-16 19:02:33,221 | INFO     |   → 518/894 ❌ HTTP 404 — https://raw.githubusercontent.com/amirmohammad-mohammad-88/Sub-Reality-Azadi-config/Config/Azadi-Reality-Different-Base64
2026-05-16 19:02:33,221 | INFO     |   → 519/894: ✅ 1 взято | 🗑️ 17 мусор
2026-05-16 19:02:33,221 | INFO     |   → 520/894: ✅ 0 взято | 🗑️ 0 мусор
2026-05-16 19:02:33,221 | INFO     |   → 521/894: ✅ 4 взято | 🗑️ 114 мусор
2026-05-16 19:02:33,221 | INFO     |   → 522/894: ✅ 24 взято | 🗑️ 55 мусор
2026-05-16 19:02:33,221 | INFO     |   → 523/894 ❌ HTTP 404 — https://raw.githubusercontent.com/awesome-vpn/awesome-vpn/master/ss
2026-05-16 19:02:33,221 | INFO     |   → 524/894 ❌ HTTP 404 — https://raw.githubusercontent.com/awesome-vpn/awesome-vpn/master/ssr
2026-05-16 19:02:33,221 | INFO     |   → 525/894: ✅ 0 взято | 🗑️ 0 мусор
2026-05-16 19:02:33,221 | INFO     |   → 526/894: ✅ 1 взято | 🗑️ 22 мусор
2026-05-16 19:02:33,221 | INFO     |   → 527/894: ✅ 0 взято | 🗑️ 182 мусор
2026-05-16 19:02:33,221 | INFO     |   → 528/894 ❌ HTTP 404 — https://raw.githubusercontent.com/barry-far/V2ray-Configs/ced94ddfff48276ec365b40227561f36b1b64bc8/Sub5.txt
2026-05-16 19:02:33,221 | INFO     |   → 529/894 ❌ HTTP 404 — https://raw.githubusercontent.com/barry-far/V2ray-Configs/main/Splitted-By-Protocol/hysteria2.txt
2026-05-16 19:02:33,222 | INFO     |   → 530/894 ❌ HTTP 404 — https://raw.githubusercontent.com/barry-far/V2ray-Configs/main/Splitted-By-Protocol/vless.txt
2026-05-16 19:02:33,222 | INFO     |   → 531/894 ❌ HTTP 404 — https://raw.githubusercontent.com/barry-far/V2ray-Configs/main/Sub1.txt
2026-05-16 19:02:33,222 | INFO     |   → 532/894 ❌ HTTP 404 — https://raw.githubusercontent.com/barry-far/V2ray-Configs/refs/heads/main/All_Configs_Sub.txt
2026-05-16 19:02:33,222 | INFO     |   → 533/894: ✅ 0 взято | 🗑️ 0 мусор
2026-05-16 19:02:33,222 | INFO     |   → 534/894 ❌ HTTP 404 — https://raw.githubusercontent.com/budamu/clashconfig/main/v2ray.txt
2026-05-16 19:02:33,222 | INFO     |   → 535/894 ❌ HTTP 404 — https://raw.githubusercontent.com/budamu/clashconfig/main/v2ray2.txt
2026-05-16 19:02:33,222 | INFO     |   → 536/894: ✅ 0 взято | 🗑️ 0 мусор
2026-05-16 19:02:33,222 | INFO     |   → 537/894: ✅ 0 взято | 🗑️ 442 мусор
2026-05-16 19:02:33,222 | INFO     |   → 538/894: ✅ 0 взято | 🗑️ 0 мусор
2026-05-16 19:02:33,222 | INFO     |   → 539/894 ❌ HTTP 404 — https://raw.githubusercontent.com/chxxyz2004/zd/17fca23b73c46b5dd73e9be49b14d219b5e5f836/sub/2401/240110.txt
2026-05-16 19:02:33,222 | INFO     |   → 540/894: ✅ 0 взято | 🗑️ 44 мусор
2026-05-16 19:02:33,222 | INFO     |   → 541/894: ✅ 236 взято | 🗑️ 517 мусор
2026-05-16 19:02:33,222 | INFO     |   → 542/894 ❌ HTTP 404 — https://raw.githubusercontent.com/cxr9912/cxr2022/main/free.yaml
2026-05-16 19:02:33,222 | INFO     |   → 543/894 ❌ HTTP 404 — https://raw.githubusercontent.com/cxr9912/cxr2022/main/mix.yaml
2026-05-16 19:02:33,222 | INFO     |   → 544/894 ❌ HTTP 404 — https://raw.githubusercontent.com/cxr9912/cxr2022/main/ss.yaml
2026-05-16 19:02:33,222 | INFO     |   → 545/894 ❌ HTTP 404 — https://raw.githubusercontent.com/cxr9912/cxr2022/main/ssr.yaml
2026-05-16 19:02:33,222 | INFO     |   → 546/894 ❌ HTTP 404 — https://raw.githubusercontent.com/cxr9912/cxr2022/main/vmess.yaml
2026-05-16 19:02:33,222 | INFO     |   → 547/894 ❌ HTTP 404 — https://raw.githubusercontent.com/cxr9912/cxr2022/refs/heads/main/18cj.json
2026-05-16 19:02:33,222 | INFO     |   → 548/894 ❌ HTTP 404 — https://raw.githubusercontent.com/cxr9912/cxr2022/refs/heads/main/aaaaaaaa.yaml
2026-05-16 19:02:33,222 | INFO     |   → 549/894 ❌ HTTP 404 — https://raw.githubusercontent.com/cxr9912/cxr2022/refs/heads/main/free.yaml
2026-05-16 19:02:33,222 | INFO     |   → 550/894 ❌ HTTP 404 — https://raw.githubusercontent.com/cxr9912/cxr2022/refs/heads/main/ss2088.txt
2026-05-16 19:02:33,222 | INFO     |   → 551/894: ✅ 0 взято | 🗑️ 18 мусор
2026-05-16 19:02:33,222 | INFO     |   → 552/894: ✅ 0 взято | 🗑️ 18 мусор
2026-05-16 19:02:33,222 | INFO     |   → 553/894: ✅ 6 взято | 🗑️ 78 мусор
2026-05-16 19:02:33,222 | INFO     |   → 554/894: ✅ 6 взято | 🗑️ 4 мусор
2026-05-16 19:02:33,222 | INFO     |   → 555/894: ✅ 0 взято | 🗑️ 2 мусор
2026-05-16 19:02:33,222 | INFO     |   → 556/894: ✅ 0 взято | 🗑️ 2 мусор
2026-05-16 19:02:33,222 | INFO     |   → 557/894: ✅ 0 взято | 🗑️ 2 мусор
2026-05-16 19:02:33,222 | INFO     |   → 558/894: ✅ 0 взято | 🗑️ 3 мусор
2026-05-16 19:02:33,222 | INFO     |   → 559/894: ✅ 0 взято | 🗑️ 2 мусор
2026-05-16 19:02:33,222 | INFO     |   → 560/894: ✅ 0 взято | 🗑️ 9 мусор
2026-05-16 19:02:33,222 | INFO     |   → 561/894: ✅ 1 взято | 🗑️ 1 мусор
2026-05-16 19:02:33,222 | INFO     |   → 562/894: ✅ 0 взято | 🗑️ 10 мусор
2026-05-16 19:02:33,222 | INFO     |   → 563/894: ✅ 0 взято | 🗑️ 2 мусор
2026-05-16 19:02:33,222 | INFO     |   → 564/894: ✅ 0 взято | 🗑️ 0 мусор
2026-05-16 19:02:33,223 | INFO     |   → 565/894: ✅ 149 взято | 🗑️ 3995 мусор
2026-05-16 19:02:33,223 | INFO     |   → 566/894: ✅ 39 взято | 🗑️ 91 мусор
2026-05-16 19:02:33,223 | INFO     |   → 567/894: ✅ 6 взято | 🗑️ 113 мусор
2026-05-16 19:02:33,223 | INFO     |   → 568/894: ✅ 0 взято | 🗑️ 0 мусор
2026-05-16 19:02:33,223 | INFO     |   → 569/894: ✅ 1 взято | 🗑️ 25 мусор
2026-05-16 19:02:33,223 | INFO     |   → 570/894: ✅ 0 взято | 🗑️ 0 мусор
2026-05-16 19:02:33,223 | INFO     |   → 571/894: ✅ 13 взято | 🗑️ 19 мусор
2026-05-16 19:02:33,223 | INFO     |   → 572/894: ✅ 0 взято | 🗑️ 5 мусор
2026-05-16 19:02:33,223 | INFO     |   → 573/894: ✅ 2 взято | 🗑️ 80 мусор
2026-05-16 19:02:33,223 | INFO     |   → 574/894 ❌ HTTP 404 — https://raw.githubusercontent.com/free-nodes/v2rayfree/main/v2
2026-05-16 19:02:33,223 | INFO     |   → 575/894 ❌ HTTP 404 — https://raw.githubusercontent.com/free-v2ray-config/trojan/main/trojan.txt
2026-05-16 19:02:33,223 | INFO     |   → 576/894 ❌ HTTP 404 — https://raw.githubusercontent.com/free-v2ray-config/vless/main/vless.txt
2026-05-16 19:02:33,223 | INFO     |   → 577/894 ❌ HTTP 404 — https://raw.githubusercontent.com/free-v2ray-config/vmess/main/vmess.txt
2026-05-16 19:02:33,223 | INFO     |   → 578/894: ✅ 5 взято | 🗑️ 169 мусор
2026-05-16 19:02:33,223 | INFO     |   → 579/894: ✅ 34 взято | 🗑️ 121 мусор
2026-05-16 19:02:33,223 | INFO     |   → 580/894: ✅ 4 взято | 🗑️ 97 мусор
2026-05-16 19:02:33,223 | INFO     |   → 581/894 ❌ HTTP 404 — https://raw.githubusercontent.com/free18/v2ray/main/Clash.yaml
2026-05-16 19:02:33,223 | INFO     |   → 582/894: ✅ 0 взято | 🗑️ 0 мусор
2026-05-16 19:02:33,223 | INFO     |   → 583/894: ✅ 0 взято | 🗑️ 15 мусор
2026-05-16 19:02:33,223 | INFO     |   → 584/894: ✅ 0 взято | 🗑️ 0 мусор
2026-05-16 19:02:33,223 | INFO     |   → 585/894: ✅ 0 взято | 🗑️ 8 мусор
2026-05-16 19:02:33,223 | INFO     |   → 586/894: ✅ 0 взято | 🗑️ 8 мусор
2026-05-16 19:02:33,223 | INFO     |   → 587/894: ✅ 0 взято | 🗑️ 8 мусор
2026-05-16 19:02:33,223 | INFO     |   → 588/894: ✅ 0 взято | 🗑️ 8 мусор
2026-05-16 19:02:33,223 | INFO     |   → 589/894 ❌ HTTP 404 — https://raw.githubusercontent.com/freev2rayconfig/V2RAY_SUB/3e6a7786a1601ee3723e8d043ae79e70dbdfd9a8/v2rayconfigs.txt
2026-05-16 19:02:33,223 | INFO     |   → 590/894 ❌ HTTP 404 — https://raw.githubusercontent.com/freev2rayconfig/V2RAY_SUBSCRIPTION_LINK/main/v2rayconfigs.txt
2026-05-16 19:02:33,223 | INFO     |   → 591/894 ❌ HTTP 404 — https://raw.githubusercontent.com/gfpcom/free-proxy-list/main/list/http.txt
2026-05-16 19:02:33,223 | INFO     |   → 592/894 ❌ HTTP 404 — https://raw.githubusercontent.com/gfpcom/free-proxy-list/main/list/https.txt
2026-05-16 19:02:33,223 | INFO     |   → 593/894 ❌ HTTP 404 — https://raw.githubusercontent.com/gfpcom/free-proxy-list/main/list/socks4.txt
2026-05-16 19:02:33,223 | INFO     |   → 594/894 ❌ HTTP 404 — https://raw.githubusercontent.com/gfpcom/free-proxy-list/main/list/socks4a.txt
2026-05-16 19:02:33,223 | INFO     |   → 595/894 ❌ HTTP 404 — https://raw.githubusercontent.com/gfpcom/free-proxy-list/main/list/socks5.txt
2026-05-16 19:02:33,223 | INFO     |   → 596/894 ❌ HTTP 404 — https://raw.githubusercontent.com/gfpcom/free-proxy-list/main/list/socks5h.txt
2026-05-16 19:02:33,223 | INFO     |   → 597/894 ❌ HTTP 404 — https://raw.githubusercontent.com/gfpcom/free-proxy-list/main/list/ss.txt
2026-05-16 19:02:33,223 | INFO     |   → 598/894 ❌ HTTP 404 — https://raw.githubusercontent.com/gfpcom/free-proxy-list/main/list/ssr.txt
2026-05-16 19:02:33,223 | INFO     |   → 599/894 ❌ HTTP 404 — https://raw.githubusercontent.com/gfpcom/free-proxy-list/main/list/trojan.txt
2026-05-16 19:02:33,223 | INFO     |   → 600/894 ❌ HTTP 404 — https://raw.githubusercontent.com/gfpcom/free-proxy-list/main/list/vless.txt
2026-05-16 19:02:33,224 | INFO     |   → 601/894 ❌ HTTP 404 — https://raw.githubusercontent.com/gfpcom/free-proxy-list/main/list/vmess.txt
2026-05-16 19:02:33,224 | INFO     |   → 602/894: ✅ 0 взято | 🗑️ 17 мусор
2026-05-16 19:02:33,224 | INFO     |   → 603/894: ✅ 0 взято | 🗑️ 0 мусор
2026-05-16 19:02:33,224 | INFO     |   → 604/894: ✅ 4 взято | 🗑️ 63 мусор
2026-05-16 19:02:33,224 | INFO     |   → 605/894 ❌ HTTP 404 — https://raw.githubusercontent.com/hameed-maleki/TVC/89a4522969c57dcc22458cae9898426e5c4f2679/lite/config.txt
2026-05-16 19:02:33,224 | INFO     |   → 606/894: ✅ 5 взято | 🗑️ 132 мусор
2026-05-16 19:02:33,224 | INFO     |   → 607/894: ✅ 0 взято | 🗑️ 56 мусор
2026-05-16 19:02:33,224 | INFO     |   → 608/894 ❌ HTTP 404 — https://raw.githubusercontent.com/hkaa0/permalink/main/proxy/V2ray
2026-05-16 19:02:33,224 | INFO     |   → 609/894 ❌ HTTP 404 — https://raw.githubusercontent.com/hkaa0/permalink/main/proxy/clash
2026-05-16 19:02:33,224 | INFO     |   → 610/894 ❌ HTTP 404 — https://raw.githubusercontent.com/hkpc/Autoproxy/6cf946ddfc677a29062007e4b47d70674474baa7/sub/2401/240110.txt
2026-05-16 19:02:33,224 | INFO     |   → 611/894 ❌ HTTP 404 — https://raw.githubusercontent.com/hkpc/V2ray-Configs/7d9aa0dabf947af180a7dd6302818ed37950531a/Sub1.txt
2026-05-16 19:02:33,224 | INFO     |   → 612/894: ✅ 0 взято | 🗑️ 14 мусор
2026-05-16 19:02:33,224 | INFO     |   → 613/894: ✅ 16 взято | 🗑️ 16 мусор
2026-05-16 19:02:33,224 | INFO     |   → 614/894 ❌ HTTP 404 — https://raw.githubusercontent.com/iboxz/free-v2ray-collector/main/main
2026-05-16 19:02:33,224 | INFO     |   → 615/894: ✅ 11 взято | 🗑️ 15 мусор
2026-05-16 19:02:33,224 | INFO     |   → 616/894: ✅ 9 взято | 🗑️ 7 мусор
2026-05-16 19:02:33,224 | INFO     |   → 617/894: ✅ 57 взято | 🗑️ 216 мусор
2026-05-16 19:02:33,224 | INFO     |   → 618/894 ❌ HTTP 404 — https://raw.githubusercontent.com/igareck/vpn-configs-for-russia/refs/heads/main/Vless-Reality-White-Lists-Rus-Cable.txt
2026-05-16 19:02:33,224 | INFO     |   → 619/894: ✅ 70 взято | 🗑️ 28 мусор
2026-05-16 19:02:33,224 | INFO     |   → 620/894: ✅ 0 взято | 🗑️ 0 мусор
2026-05-16 19:02:33,224 | INFO     |   → 621/894: ✅ 0 взято | 🗑️ 0 мусор
2026-05-16 19:02:33,224 | INFO     |   → 622/894: ✅ 23 взято | 🗑️ 9 мусор
2026-05-16 19:02:33,224 | INFO     |   → 623/894: ✅ 0 взято | 🗑️ 0 мусор
2026-05-16 19:02:33,224 | INFO     |   → 624/894: ✅ 0 взято | 🗑️ 0 мусор
2026-05-16 19:02:33,224 | INFO     |   → 625/894: ✅ 0 взято | 🗑️ 12 мусор
2026-05-16 19:02:33,224 | INFO     |   → 626/894: ✅ 0 взято | 🗑️ 43 мусор
2026-05-16 19:02:33,224 | INFO     |   → 627/894 ❌ HTTP 404 — https://raw.githubusercontent.com/jw853355718/clash_233/master/config.yml
2026-05-16 19:02:33,224 | INFO     |   → 628/894: ✅ 0 взято | 🗑️ 210 мусор
2026-05-16 19:02:33,224 | INFO     |   → 629/894: ✅ 0 взято | 🗑️ 0 мусор
2026-05-16 19:02:33,224 | INFO     |   → 630/894: ✅ 0 взято | 🗑️ 0 мусор
2026-05-16 19:02:33,224 | INFO     |   → 631/894 ❌ HTTP 404 — https://raw.githubusercontent.com/lcx12901/v2ray-/master/sspool.herokuapp.com/yzcloud.yaml
2026-05-16 19:02:33,224 | INFO     |   → 632/894 ❌ HTTP 404 — https://raw.githubusercontent.com/lcx12901/v2ray-/master/sspool.herokuapp.com/yzcloud2.yaml
2026-05-16 19:02:33,224 | INFO     |   → 633/894: ✅ 0 взято | 🗑️ 0 мусор
2026-05-16 19:02:33,224 | INFO     |   → 634/894 ❌ HTTP 404 — https://raw.githubusercontent.com/learnhard-cn/free_proxy_ss/main/clash/config.yaml
2026-05-16 19:02:33,224 | INFO     |   → 635/894: ✅ 0 взято | 🗑️ 8 мусор
2026-05-16 19:02:33,224 | INFO     |   → 636/894: ✅ 0 взято | 🗑️ 4 мусор
2026-05-16 19:02:33,225 | INFO     |   → 637/894: ✅ 0 взято | 🗑️ 0 мусор
2026-05-16 19:02:33,225 | INFO     |   → 638/894: ✅ 0 взято | 🗑️ 4 мусор
2026-05-16 19:02:33,225 | INFO     |   → 639/894: ✅ 0 взято | 🗑️ 149 мусор
2026-05-16 19:02:33,225 | INFO     |   → 640/894: ✅ 0 взято | 🗑️ 421 мусор
2026-05-16 19:02:33,225 | INFO     |   → 641/894 ❌ HTTP 404 — https://raw.githubusercontent.com/lisylva-lee/v2dyku/main/ssr
2026-05-16 19:02:33,225 | INFO     |   → 642/894 ❌ HTTP 404 — https://raw.githubusercontent.com/lisylva-lee/v2dyku/main/v2dy
2026-05-16 19:02:33,225 | INFO     |   → 643/894: ✅ 0 взято | 🗑️ 53 мусор
2026-05-16 19:02:33,225 | INFO     |   → 644/894 ❌ HTTP 404 — https://raw.githubusercontent.com/luxl-1379/merge/77247d23def72b25226dfa741614e9b07a569c72/sub/sub_merge_base64.txt
2026-05-16 19:02:33,225 | INFO     |   → 645/894: ✅ 146 взято | 🗑️ 343 мусор
2026-05-16 19:02:33,225 | INFO     |   → 646/894: ✅ 0 взято | 🗑️ 123 мусор
2026-05-16 19:02:33,225 | INFO     |   → 647/894: ✅ 661 взято | 🗑️ 3950 мусор
2026-05-16 19:02:33,225 | INFO     |   → 648/894: ✅ 0 взято | 🗑️ 0 мусор
2026-05-16 19:02:33,225 | INFO     |   → 649/894: ✅ 0 взято | 🗑️ 3950 мусор
2026-05-16 19:02:33,225 | INFO     |   → 650/894: ✅ 20 взято | 🗑️ 370 мусор
2026-05-16 19:02:33,225 | INFO     |   → 651/894 ❌ HTTP 404 — https://raw.githubusercontent.com/mermeroo/Clash-V2ray/main/v2ray
2026-05-16 19:02:33,225 | INFO     |   → 652/894: ✅ 15 взято | 🗑️ 417 мусор
2026-05-16 19:02:33,225 | INFO     |   → 653/894: ✅ 6 взято | 🗑️ 102 мусор
2026-05-16 19:02:33,225 | INFO     |   → 654/894: ✅ 716 взято | 🗑️ 6258 мусор
2026-05-16 19:02:33,225 | INFO     |   → 655/894: ✅ 8 взято | 🗑️ 853 мусор
2026-05-16 19:02:33,225 | INFO     |   → 656/894: ✅ 32 взято | 🗑️ 69 мусор
2026-05-16 19:02:33,225 | INFO     |   → 657/894 ❌ HTTP 404 — https://raw.githubusercontent.com/mermeroo/free-v2ray-collector/main/main/mix
2026-05-16 19:02:33,225 | INFO     |   → 658/894 ❌ HTTP 404 — https://raw.githubusercontent.com/mermeroo/free-v2ray-collector/main/main/reality
2026-05-16 19:02:33,225 | INFO     |   → 659/894 ❌ HTTP 404 — https://raw.githubusercontent.com/mermeroo/free-v2ray-collector/main/main/shadowsocks
2026-05-16 19:02:33,225 | INFO     |   → 660/894 ❌ HTTP 404 — https://raw.githubusercontent.com/mermeroo/free-v2ray-collector/main/main/trojan
2026-05-16 19:02:33,225 | INFO     |   → 661/894 ❌ HTTP 404 — https://raw.githubusercontent.com/mermeroo/free-v2ray-collector/main/main/vless
2026-05-16 19:02:33,225 | INFO     |   → 662/894 ❌ HTTP 404 — https://raw.githubusercontent.com/mermeroo/free-v2ray-collector/main/main/vmess
2026-05-16 19:02:33,225 | INFO     |   → 663/894 ❌ HTTP 404 — https://raw.githubusercontent.com/mfuu/v2ray/master/merge/merge.txt
2026-05-16 19:02:33,225 | INFO     |   → 664/894: ✅ 0 взято | 🗑️ 294 мусор
2026-05-16 19:02:33,225 | INFO     |   → 665/894: ✅ 0 взято | 🗑️ 294 мусор
2026-05-16 19:02:33,225 | INFO     |   → 666/894: ✅ 510 взято | 🗑️ 13643 мусор
2026-05-16 19:02:33,225 | INFO     |   → 667/894: ✅ 0 взято | 🗑️ 13643 мусор
2026-05-16 19:02:33,225 | INFO     |   → 668/894: ✅ 0 взято | 🗑️ 3063 мусор
2026-05-16 19:02:33,225 | INFO     |   → 669/894: ✅ 0 взято | 🗑️ 1740 мусор
2026-05-16 19:02:33,225 | INFO     |   → 670/894: ✅ 0 взято | 🗑️ 4615 мусор
2026-05-16 19:02:33,225 | INFO     |   → 671/894: ✅ 0 взято | 🗑️ 4225 мусор
2026-05-16 19:02:33,226 | INFO     |   → 672/894 ❌ HTTP 404 — https://raw.githubusercontent.com/mianous/qiren/main/qiren.txt
2026-05-16 19:02:33,226 | INFO     |   → 673/894 ❌ HTTP 404 — https://raw.githubusercontent.com/miladtahanian/V2RayCFGDumper/refs/heads/main/config.txt
2026-05-16 19:02:33,226 | INFO     |   → 674/894 ❌ HTTP 404 — https://raw.githubusercontent.com/miladtahanian/multi-proxy-config-fetcher/refs/heads/main/configs/proxy_configs.txt
2026-05-16 19:02:33,226 | INFO     |   → 675/894: ✅ 0 взято | 🗑️ 0 мусор
2026-05-16 19:02:33,226 | INFO     |   → 676/894: ✅ 0 взято | 🗑️ 0 мусор
2026-05-16 19:02:33,226 | INFO     |   → 677/894: ✅ 0 взято | 🗑️ 0 мусор
2026-05-16 19:02:33,226 | INFO     |   → 678/894: ✅ 15 взято | 🗑️ 46 мусор
2026-05-16 19:02:33,226 | INFO     |   → 679/894: ✅ 0 взято | 🗑️ 216 мусор
2026-05-16 19:02:33,226 | INFO     |   → 680/894: ✅ 0 взято | 🗑️ 0 мусор
2026-05-16 19:02:33,226 | INFO     |   → 681/894: ✅ 28 взято | 🗑️ 93 мусор
2026-05-16 19:02:33,226 | INFO     |   → 682/894: ✅ 0 взято | 🗑️ 0 мусор
2026-05-16 19:02:33,226 | INFO     |   → 683/894: ✅ 15 взято | 🗑️ 70 мусор
2026-05-16 19:02:33,226 | INFO     |   → 684/894: ✅ 127 взято | 🗑️ 492 мусор
2026-05-16 19:02:33,226 | INFO     |   → 685/894: ✅ 331 взято | 🗑️ 190 мусор
2026-05-16 19:02:33,226 | INFO     |   → 686/894: ✅ 27 взято | 🗑️ 1036 мусор
2026-05-16 19:02:33,226 | INFO     |   → 687/894 ❌ HTTP 404 — https://raw.githubusercontent.com/obscure1990/freeVM/master/snippets/nodes.yml
2026-05-16 19:02:33,226 | INFO     |   → 688/894 ❌ HTTP 404 — https://raw.githubusercontent.com/op30mmd/things/909b38024ba14d69dc0f95c238f63bc6e930a00f/eut.txt
2026-05-16 19:02:33,226 | INFO     |   → 689/894 ❌ HTTP 404 — https://raw.githubusercontent.com/openRunner/clash-freenode/main/v2ray.txt
2026-05-16 19:02:33,226 | INFO     |   → 690/894 ❌ HTTP 404 — https://raw.githubusercontent.com/oslook/clash-freenode/main/clash.yaml
2026-05-16 19:02:33,226 | INFO     |   → 691/894: ✅ 0 взято | 🗑️ 0 мусор
2026-05-16 19:02:33,226 | INFO     |   → 692/894: ✅ 4 взято | 🗑️ 1 мусор
2026-05-16 19:02:33,226 | INFO     |   → 693/894: ✅ 0 взято | 🗑️ 0 мусор
2026-05-16 19:02:33,226 | INFO     |   → 694/894: ✅ 5 взято | 🗑️ 198 мусор
2026-05-16 19:02:33,226 | INFO     |   → 695/894: ✅ 0 взято | 🗑️ 0 мусор
2026-05-16 19:02:33,226 | INFO     |   → 696/894: ✅ 0 взято | 🗑️ 0 мусор
2026-05-16 19:02:33,226 | INFO     |   → 697/894: ✅ 0 взято | 🗑️ 19 мусор
2026-05-16 19:02:33,226 | INFO     |   → 698/894: ✅ 0 взято | 🗑️ 44 мусор
2026-05-16 19:02:33,226 | INFO     |   → 699/894: ✅ 63 взято | 🗑️ 521 мусор
2026-05-16 19:02:33,226 | INFO     |   → 700/894: ✅ 165 взято | 🗑️ 273 мусор
2026-05-16 19:02:33,226 | INFO     |   → 701/894: ✅ 0 взято | 🗑️ 0 мусор
2026-05-16 19:02:33,226 | INFO     |   → 702/894: ✅ 28 взято | 🗑️ 211 мусор
2026-05-16 19:02:33,226 | INFO     |   → 703/894: ✅ 0 взято | 🗑️ 79 мусор
2026-05-16 19:02:33,226 | INFO     |   → 704/894: ✅ 13 взято | 🗑️ 32 мусор
2026-05-16 19:02:33,226 | INFO     |   → 705/894: ✅ 0 взято | 🗑️ 0 мусор
2026-05-16 19:02:33,226 | INFO     |   → 706/894: ✅ 2 взято | 🗑️ 9 мусор
2026-05-16 19:02:33,226 | INFO     |   → 707/894: ✅ 11 взято | 🗑️ 76 мусор
2026-05-16 19:02:33,227 | INFO     |   → 708/894: ✅ 0 взято | 🗑️ 168 мусор
2026-05-16 19:02:33,227 | INFO     |   → 709/894: ✅ 0 взято | 🗑️ 79 мусор
2026-05-16 19:02:33,227 | INFO     |   → 710/894: ✅ 0 взято | 🗑️ 16 мусор
2026-05-16 19:02:33,227 | INFO     |   → 711/894 ❌ HTTP 404 — https://raw.githubusercontent.com/ronghuaxueleng/get_v2/main/pub/changfengoss.yaml
2026-05-16 19:02:33,227 | INFO     |   → 712/894: ✅ 0 взято | 🗑️ 0 мусор
2026-05-16 19:02:33,227 | INFO     |   → 713/894: ✅ 39 взято | 🗑️ 110 мусор
2026-05-16 19:02:33,227 | INFO     |   → 714/894: ✅ 14 взято | 🗑️ 102 мусор
2026-05-16 19:02:33,227 | INFO     |   → 715/894 ❌ HTTP 404 — https://raw.githubusercontent.com/rxsweet/CM_Vmess/refs/heads/main/test.txt
2026-05-16 19:02:33,227 | INFO     |   → 716/894 ❌ HTTP 404 — https://raw.githubusercontent.com/rxsweet/proxies/main/sub/free.yaml
2026-05-16 19:02:33,227 | INFO     |   → 717/894 ❌ HTTP 404 — https://raw.githubusercontent.com/rxsweet/proxies/main/sub/rx.yaml
2026-05-16 19:02:33,227 | INFO     |   → 718/894 ❌ HTTP 404 — https://raw.githubusercontent.com/rxsweet/proxies/main/sub/sources/dynamicAll.yaml
2026-05-16 19:02:33,227 | INFO     |   → 719/894 ❌ HTTP 404 — https://raw.githubusercontent.com/rxsweet/proxies/main/sub/sources/miningAll.yaml
2026-05-16 19:02:33,227 | INFO     |   → 720/894 ❌ HTTP 404 — https://raw.githubusercontent.com/rxsweet/proxies/main/sub/srx.yaml
2026-05-16 19:02:33,227 | INFO     |   → 721/894 ❌ HTTP 404 — https://raw.githubusercontent.com/sajad-sajadi/V2ray-Collector/raw/main/output/protocols/vmess.txt
2026-05-16 19:02:33,227 | INFO     |   → 722/894 ❌ HTTP 404 — https://raw.githubusercontent.com/sakha1370/OpenRay/raw/refs/heads/main/output/all_valid_proxies.txt
2026-05-16 19:02:33,227 | INFO     |   → 723/894: ✅ 53 взято | 🗑️ 399 мусор
2026-05-16 19:02:33,227 | INFO     |   → 724/894: ✅ 0 взято | 🗑️ 399 мусор
2026-05-16 19:02:33,227 | INFO     |   → 725/894 ❌ HTTP 404 — https://raw.githubusercontent.com/samjoeyang/subscribe/main/fly
2026-05-16 19:02:33,227 | INFO     |   → 726/894: ✅ 0 взято | 🗑️ 0 мусор
2026-05-16 19:02:33,227 | INFO     |   → 727/894 ❌ HTTP 404 — https://raw.githubusercontent.com/sarina-ad/v2ray/main/v2ray
2026-05-16 19:02:33,227 | INFO     |   → 728/894 ❌ HTTP 404 — https://raw.githubusercontent.com/satrom/V2SSR/master/SSR/Sub.txt
2026-05-16 19:02:33,227 | INFO     |   → 729/894 ❌ HTTP 404 — https://raw.githubusercontent.com/satrom/V2SSR/master/V2RAY/Sub.txt
2026-05-16 19:02:33,227 | INFO     |   → 730/894: ✅ 896 взято | 🗑️ 25144 мусор
2026-05-16 19:02:33,227 | INFO     |   → 731/894: ✅ 0 взято | 🗑️ 0 мусор
2026-05-16 19:02:33,227 | INFO     |   → 732/894: ✅ 0 взято | 🗑️ 0 мусор
2026-05-16 19:02:33,227 | INFO     |   → 733/894: ✅ 3 взято | 🗑️ 49 мусор
2026-05-16 19:02:33,227 | INFO     |   → 734/894: ✅ 159 взято | 🗑️ 1361 мусор
2026-05-16 19:02:33,227 | INFO     |   → 735/894: ✅ 0 взято | 🗑️ 684 мусор
2026-05-16 19:02:33,227 | INFO     |   → 736/894: ✅ 0 взято | 🗑️ 48 мусор
2026-05-16 19:02:33,227 | INFO     |   → 737/894: ✅ 0 взято | 🗑️ 613 мусор
2026-05-16 19:02:33,227 | INFO     |   → 738/894: ✅ 0 взято | 🗑️ 16 мусор
2026-05-16 19:02:33,227 | INFO     |   → 739/894: ✅ 0 взято | 🗑️ 1361 мусор
2026-05-16 19:02:33,227 | INFO     |   → 740/894: ✅ 0 взято | 🗑️ 0 мусор
2026-05-16 19:02:33,227 | INFO     |   → 741/894 ❌ HTTP 404 — https://raw.githubusercontent.com/shirkerboy/scp/main/sub
2026-05-16 19:02:33,227 | INFO     |   → 742/894 ❌ HTTP 404 — https://raw.githubusercontent.com/snakem982/proxypool/main/nodelist.txt
2026-05-16 19:02:33,228 | INFO     |   → 743/894: ✅ 13 взято | 🗑️ 27 мусор
2026-05-16 19:02:33,228 | INFO     |   → 744/894 ❌ HTTP 404 — https://raw.githubusercontent.com/snakem982/proxypool/main/source/v2ray.txt
2026-05-16 19:02:33,228 | INFO     |   → 745/894 ❌ HTTP 404 — https://raw.githubusercontent.com/soroushmirzaei/telegram-configs-collector/main/channels/protocols/hysteria
2026-05-16 19:02:33,228 | INFO     |   → 746/894 ❌ HTTP 404 — https://raw.githubusercontent.com/soroushmirzaei/telegram-configs-collector/main/channels/protocols/juicity
2026-05-16 19:02:33,228 | INFO     |   → 747/894 ❌ HTTP 404 — https://raw.githubusercontent.com/soroushmirzaei/telegram-configs-collector/main/channels/protocols/reality
2026-05-16 19:02:33,228 | INFO     |   → 748/894 ❌ HTTP 404 — https://raw.githubusercontent.com/soroushmirzaei/telegram-configs-collector/main/channels/protocols/shadowsocks
2026-05-16 19:02:33,228 | INFO     |   → 749/894 ❌ HTTP 404 — https://raw.githubusercontent.com/soroushmirzaei/telegram-configs-collector/main/channels/protocols/trojan
2026-05-16 19:02:33,228 | INFO     |   → 750/894 ❌ HTTP 404 — https://raw.githubusercontent.com/soroushmirzaei/telegram-configs-collector/main/channels/protocols/tuic
2026-05-16 19:02:33,228 | INFO     |   → 751/894 ❌ HTTP 404 — https://raw.githubusercontent.com/soroushmirzaei/telegram-configs-collector/main/channels/protocols/vless
2026-05-16 19:02:33,228 | INFO     |   → 752/894 ❌ HTTP 404 — https://raw.githubusercontent.com/soroushmirzaei/telegram-configs-collector/main/channels/protocols/vmess
2026-05-16 19:02:33,228 | INFO     |   → 753/894 ❌ HTTP 404 — https://raw.githubusercontent.com/soroushmirzaei/telegram-configs-collector/main/countries/jp/mixed
2026-05-16 19:02:33,228 | INFO     |   → 754/894 ❌ HTTP 404 — https://raw.githubusercontent.com/soroushmirzaei/telegram-configs-collector/main/protocols/hysteria
2026-05-16 19:02:33,228 | INFO     |   → 755/894 ❌ HTTP 404 — https://raw.githubusercontent.com/soroushmirzaei/telegram-configs-collector/main/protocols/juicity
2026-05-16 19:02:33,228 | INFO     |   → 756/894 ❌ HTTP 404 — https://raw.githubusercontent.com/soroushmirzaei/telegram-configs-collector/main/protocols/reality
2026-05-16 19:02:33,228 | INFO     |   → 757/894 ❌ HTTP 404 — https://raw.githubusercontent.com/soroushmirzaei/telegram-configs-collector/main/protocols/shadowsocks
2026-05-16 19:02:33,228 | INFO     |   → 758/894 ❌ HTTP 404 — https://raw.githubusercontent.com/soroushmirzaei/telegram-configs-collector/main/protocols/trojan
2026-05-16 19:02:33,228 | INFO     |   → 759/894 ❌ HTTP 404 — https://raw.githubusercontent.com/soroushmirzaei/telegram-configs-collector/main/protocols/tuic
2026-05-16 19:02:33,228 | INFO     |   → 760/894 ❌ HTTP 404 — https://raw.githubusercontent.com/soroushmirzaei/telegram-configs-collector/main/protocols/vless
2026-05-16 19:02:33,228 | INFO     |   → 761/894 ❌ HTTP 404 — https://raw.githubusercontent.com/soroushmirzaei/telegram-configs-collector/main/protocols/vmess
2026-05-16 19:02:33,228 | INFO     |   → 762/894 ❌ HTTP 404 — https://raw.githubusercontent.com/soroushmirzaei/telegram-configs-collector/main/splitted/subscribe
2026-05-16 19:02:33,228 | INFO     |   → 763/894 ❌ HTTP 404 — https://raw.githubusercontent.com/ssrsub/ssr/master/Clash.yml
2026-05-16 19:02:33,228 | INFO     |   → 764/894 ❌ HTTP 404 — https://raw.githubusercontent.com/ssrsub/ssr/master/V2Ray
2026-05-16 19:02:33,228 | INFO     |   → 765/894 ❌ HTTP 404 — https://raw.githubusercontent.com/ssrsub/ssr/master/ss-sub
2026-05-16 19:02:33,228 | INFO     |   → 766/894 ❌ HTTP 404 — https://raw.githubusercontent.com/ssrsub/ssr/master/ssrsub
2026-05-16 19:02:33,228 | INFO     |   → 767/894 ❌ HTTP 404 — https://raw.githubusercontent.com/ssrsub/ssr/master/trojan
2026-05-16 19:02:33,228 | INFO     |   → 768/894: ✅ 0 взято | 🗑️ 0 мусор
2026-05-16 19:02:33,228 | INFO     |   → 769/894: ✅ 2 взято | 🗑️ 12 мусор
2026-05-16 19:02:33,228 | INFO     |   → 770/894: ✅ 0 взято | 🗑️ 13 мусор
2026-05-16 19:02:33,228 | INFO     |   → 771/894: ✅ 0 взято | 🗑️ 13 мусор
2026-05-16 19:02:33,228 | INFO     |   → 772/894 ❌ HTTP 404 — https://raw.githubusercontent.com/tbbatbb/Proxy/master/dist/clash.config.yaml
2026-05-16 19:02:33,228 | INFO     |   → 773/894: ✅ 2 взято | 🗑️ 35 мусор
2026-05-16 19:02:33,228 | INFO     |   → 774/894: ✅ 0 взято | 🗑️ 0 мусор
2026-05-16 19:02:33,228 | INFO     |   → 775/894: ✅ 5 взято | 🗑️ 111 мусор
2026-05-16 19:02:33,228 | INFO     |   → 776/894: ✅ 0 взято | 🗑️ 0 мусор
2026-05-16 19:02:33,228 | INFO     |   → 777/894: ✅ 0 взято | 🗑️ 130 мусор
2026-05-16 19:02:33,228 | INFO     |   → 778/894 ❌ HTTP 404 — https://raw.githubusercontent.com/v2clash/Autoproxy/a81f840ab2364124133572ec94e4b81fb0d4e58d/sub/2401/240104.txt
2026-05-16 19:02:33,229 | INFO     |   → 779/894 ❌ HTTP 404 — https://raw.githubusercontent.com/v2clash/V2ray-Configs/31f493c584d0c7b56350f4a34d80c53ad82bcc18/Sub9.txt
2026-05-16 19:02:33,229 | INFO     |   → 780/894: ✅ 0 взято | 🗑️ 0 мусор
2026-05-16 19:02:33,229 | INFO     |   → 781/894: ✅ 0 взято | 🗑️ 0 мусор
2026-05-16 19:02:33,229 | INFO     |   → 782/894: ✅ 0 взято | 🗑️ 0 мусор
2026-05-16 19:02:33,229 | INFO     |   → 783/894: ✅ 283 взято | 🗑️ 9640 мусор
2026-05-16 19:02:33,229 | INFO     |   → 784/894: ✅ 281 взято | 🗑️ 10086 мусор
2026-05-16 19:02:33,229 | INFO     |   → 785/894: ✅ 280 взято | 🗑️ 9675 мусор
2026-05-16 19:02:33,229 | INFO     |   → 786/894: ✅ 334 взято | 🗑️ 9823 мусор
2026-05-16 19:02:33,229 | INFO     |   → 787/894: ✅ 350 взято | 🗑️ 9639 мусор
2026-05-16 19:02:33,229 | INFO     |   → 788/894: ✅ 125 взято | 🗑️ 7919 мусор
2026-05-16 19:02:33,229 | INFO     |   → 789/894: ✅ 135 взято | 🗑️ 4836 мусор
2026-05-16 19:02:33,229 | INFO     |   → 790/894: ✅ 502 взято | 🗑️ 7659 мусор
2026-05-16 19:02:33,229 | INFO     |   → 791/894: ✅ 631 взято | 🗑️ 8081 мусор
2026-05-16 19:02:33,229 | INFO     |   → 792/894: ✅ 202 взято | 🗑️ 5131 мусор
2026-05-16 19:02:33,229 | INFO     |   → 793/894 ❌ HTTP 404 — https://raw.githubusercontent.com/vveg26/chromego_merge/main/sub/merged_proxies.yaml
2026-05-16 19:02:33,229 | INFO     |   → 794/894 ❌ HTTP 404 — https://raw.githubusercontent.com/vveg26/get_proxy/main/dist/clash.config.yaml
2026-05-16 19:02:33,229 | INFO     |   → 795/894: ✅ 0 взято | 🗑️ 10 мусор
2026-05-16 19:02:33,229 | INFO     |   → 796/894: ✅ 0 взято | 🗑️ 10 мусор
2026-05-16 19:02:33,229 | INFO     |   → 797/894: ✅ 0 взято | 🗑️ 4 мусор
2026-05-16 19:02:33,229 | INFO     |   → 798/894: ✅ 0 взято | 🗑️ 0 мусор
2026-05-16 19:02:33,229 | INFO     |   → 799/894: ✅ 0 взято | 🗑️ 4 мусор
2026-05-16 19:02:33,229 | INFO     |   → 800/894: ✅ 106 взято | 🗑️ 689 мусор
2026-05-16 19:02:33,229 | INFO     |   → 801/894: ✅ 48 взято | 🗑️ 841 мусор
2026-05-16 19:02:33,229 | INFO     |   → 802/894: ✅ 21 взято | 🗑️ 789 мусор
2026-05-16 19:02:33,229 | INFO     |   → 803/894: ✅ 24 взято | 🗑️ 774 мусор
2026-05-16 19:02:33,229 | INFO     |   → 804/894: ✅ 52 взято | 🗑️ 756 мусор
2026-05-16 19:02:33,229 | INFO     |   → 805/894: ✅ 191 взято | 🗑️ 745 мусор
2026-05-16 19:02:33,229 | INFO     |   → 806/894: ✅ 9 взято | 🗑️ 651 мусор
2026-05-16 19:02:33,229 | INFO     |   → 807/894: ✅ 185 взято | 🗑️ 388 мусор
2026-05-16 19:02:33,229 | INFO     |   → 808/894: ✅ 130 взято | 🗑️ 523 мусор
2026-05-16 19:02:33,229 | INFO     |   → 809/894: ✅ 67 взято | 🗑️ 533 мусор
2026-05-16 19:02:33,229 | INFO     |   → 810/894: ✅ 98 взято | 🗑️ 444 мусор
2026-05-16 19:02:33,229 | INFO     |   → 811/894: ✅ 102 взято | 🗑️ 670 мусор
2026-05-16 19:02:33,229 | INFO     |   → 812/894: ✅ 86 взято | 🗑️ 476 мусор
2026-05-16 19:02:33,229 | INFO     |   → 813/894: ✅ 95 взято | 🗑️ 657 мусор
2026-05-16 19:02:33,230 | INFO     |   → 814/894: ✅ 105 взято | 🗑️ 645 мусор
2026-05-16 19:02:33,230 | INFO     |   → 815/894: ✅ 115 взято | 🗑️ 985 мусор
2026-05-16 19:02:33,230 | INFO     |   → 816/894: ✅ 6 взято | 🗑️ 63 мусор
2026-05-16 19:02:33,230 | INFO     |   → 817/894: ✅ 7 взято | 🗑️ 62 мусор
2026-05-16 19:02:33,230 | INFO     |   → 818/894: ✅ 39 взято | 🗑️ 489 мусор
2026-05-16 19:02:33,230 | INFO     |   → 819/894: ✅ 0 взято | 🗑️ 0 мусор
2026-05-16 19:02:33,230 | INFO     |   → 820/894: ✅ 0 взято | 🗑️ 0 мусор
2026-05-16 19:02:33,230 | INFO     |   → 821/894: ✅ 0 взято | 🗑️ 0 мусор
2026-05-16 19:02:33,230 | INFO     |   → 822/894: ✅ 0 взято | 🗑️ 0 мусор
2026-05-16 19:02:33,230 | INFO     |   → 823/894: ✅ 0 взято | 🗑️ 0 мусор
2026-05-16 19:02:33,230 | INFO     |   → 824/894: ✅ 0 взято | 🗑️ 52 мусор
2026-05-16 19:02:33,230 | INFO     |   → 825/894: ✅ 5 взято | 🗑️ 10 мусор
2026-05-16 19:02:33,230 | INFO     |   → 826/894: ✅ 1 взято | 🗑️ 124 мусор
2026-05-16 19:02:33,230 | INFO     |   → 827/894: ✅ 95 взято | 🗑️ 80 мусор
2026-05-16 19:02:33,230 | INFO     |   → 828/894: ✅ 0 взято | 🗑️ 9 мусор
2026-05-16 19:02:33,230 | INFO     |   → 829/894: ✅ 36 взято | 🗑️ 447 мусор
2026-05-16 19:02:33,230 | INFO     |   → 830/894 ❌ HTTP 404 — https://raw.githubusercontent.com/xiaozhu2007/xiaozhu2007/61a755a044dbaeea678bc2d1e20f21a21c6d7170/docs/fxxk.txt
2026-05-16 19:02:33,230 | INFO     |   → 831/894: ✅ 1 взято | 🗑️ 159 мусор
2026-05-16 19:02:33,230 | INFO     |   → 832/894: ✅ 0 взято | 🗑️ 22 мусор
2026-05-16 19:02:33,230 | INFO     |   → 833/894: ✅ 0 взято | 🗑️ 0 мусор
2026-05-16 19:02:33,230 | INFO     |   → 834/894 ❌ HTTP 404 — https://raw.githubusercontent.com/yebekhe/TVC/0f745f92bf381e505f1245abbc7c145b19b11503/config.txt
2026-05-16 19:02:33,230 | INFO     |   → 835/894 ❌ HTTP 404 — https://raw.githubusercontent.com/yebekhe/TVC/9fac69239c69327fb7a61f5a8d79d107133889e1/lite/config.txt
2026-05-16 19:02:33,230 | INFO     |   → 836/894 ❌ HTTP 404 — https://raw.githubusercontent.com/yebekhe/TelegramV2rayCollector/main/sub/normal/donated
2026-05-16 19:02:33,230 | INFO     |   → 837/894 ❌ HTTP 404 — https://raw.githubusercontent.com/yebekhe/TelegramV2rayCollector/main/sub/normal/hysteria2
2026-05-16 19:02:33,230 | INFO     |   → 838/894 ❌ HTTP 404 — https://raw.githubusercontent.com/yebekhe/TelegramV2rayCollector/main/sub/normal/mix
2026-05-16 19:02:33,230 | INFO     |   → 839/894 ❌ HTTP 404 — https://raw.githubusercontent.com/yebekhe/TelegramV2rayCollector/main/sub/normal/reality
2026-05-16 19:02:33,230 | INFO     |   → 840/894 ❌ HTTP 404 — https://raw.githubusercontent.com/yebekhe/TelegramV2rayCollector/main/sub/normal/shadowsocks
2026-05-16 19:02:33,230 | INFO     |   → 841/894 ❌ HTTP 404 — https://raw.githubusercontent.com/yebekhe/TelegramV2rayCollector/main/sub/normal/trojan
2026-05-16 19:02:33,230 | INFO     |   → 842/894 ❌ HTTP 404 — https://raw.githubusercontent.com/yebekhe/TelegramV2rayCollector/main/sub/normal/tuic
2026-05-16 19:02:33,230 | INFO     |   → 843/894 ❌ HTTP 404 — https://raw.githubusercontent.com/yebekhe/TelegramV2rayCollector/main/sub/normal/vless
2026-05-16 19:02:33,230 | INFO     |   → 844/894 ❌ HTTP 404 — https://raw.githubusercontent.com/yebekhe/TelegramV2rayCollector/main/sub/normal/vmess
2026-05-16 19:02:33,230 | INFO     |   → 845/894 ❌ HTTP 404 — https://raw.githubusercontent.com/yebekhe/V2Hub/main/Split/Normal/shadowsocks
2026-05-16 19:02:33,230 | INFO     |   → 846/894 ❌ HTTP 404 — https://raw.githubusercontent.com/yebekhe/V2Hub/main/merged
2026-05-16 19:02:33,230 | INFO     |   → 847/894: ✅ 0 взято | 🗑️ 30 мусор
2026-05-16 19:02:33,230 | INFO     |   → 848/894: ✅ 957 взято | 🗑️ 7228 мусор
2026-05-16 19:02:33,230 | INFO     |   → 849/894: ✅ 6 взято | 🗑️ 337 мусор
2026-05-16 19:02:33,231 | INFO     |   → 850/894: ✅ 7 взято | 🗑️ 272 мусор
2026-05-16 19:02:33,231 | INFO     |   → 851/894: ✅ 304 взято | 🗑️ 194 мусор
2026-05-16 19:02:33,231 | INFO     |   → 852/894: ✅ 0 взято | 🗑️ 1430 мусор
2026-05-16 19:02:33,231 | INFO     |   → 853/894: ✅ 2 взято | 🗑️ 384 мусор
2026-05-16 19:02:33,231 | INFO     |   → 854/894 ❌ HTTP 404 — https://raw.githubusercontent.com/yyyr-otz/tele-providers-collector/019cb3e07ee52fddbc7caa54fc670c6b9bae6539/sub/proxies.txt
2026-05-16 19:02:33,231 | INFO     |   → 855/894 ❌ HTTP 404 — https://raw.githubusercontent.com/yyyr-otz/tele-providers-collector/b7a74ee98bcf02c5a507d688a1bed3aa9f7f4ed1/script/raw/protocols/mixed.txt
2026-05-16 19:02:33,231 | INFO     |   → 856/894: ✅ 0 взято | 🗑️ 0 мусор
2026-05-16 19:02:33,231 | INFO     |   → 857/894: ✅ 0 взято | 🗑️ 0 мусор
2026-05-16 19:02:33,231 | INFO     |   → 858/894: ✅ 1 взято | 🗑️ 18 мусор
2026-05-16 19:02:33,231 | INFO     |   → 859/894: ✅ 28 взято | 🗑️ 1025 мусор
2026-05-16 19:02:33,231 | INFO     |   → 860/894: ✅ 0 взято | 🗑️ 5 мусор
2026-05-16 19:02:33,231 | INFO     |   → 861/894: ✅ 0 взято | 🗑️ 0 мусор
2026-05-16 19:02:33,231 | INFO     |   → 862/894 ⚠️ Ошибка: ('Connection aborted.', RemoteDisconnected('Remote end closed connection without response')) — https://sub.pmsub.me/clash.yaml
2026-05-16 19:02:33,231 | INFO     |   → 863/894: ✅ 0 взято | 🗑️ 1 мусор
2026-05-16 19:02:33,231 | INFO     |   → 864/894: ✅ 8 взято | 🗑️ 21 мусор
2026-05-16 19:02:33,231 | INFO     |   → 865/894: ✅ 0 взято | 🗑️ 0 мусор
2026-05-16 19:02:33,231 | INFO     |   → 866/894: ✅ 9 взято | 🗑️ 19 мусор
2026-05-16 19:02:33,231 | INFO     |   → 867/894: ✅ 0 взято | 🗑️ 0 мусор
2026-05-16 19:02:33,231 | INFO     |   → 868/894: ✅ 2 взято | 🗑️ 14 мусор
2026-05-16 19:02:33,231 | INFO     |   → 869/894: ✅ 4 взято | 🗑️ 22 мусор
2026-05-16 19:02:33,231 | INFO     |   → 870/894: ✅ 0 взято | 🗑️ 0 мусор
2026-05-16 19:02:33,231 | INFO     |   → 871/894: ✅ 0 взято | 🗑️ 0 мусор
2026-05-16 19:02:33,231 | INFO     |   → 872/894: ✅ 0 взято | 🗑️ 0 мусор
2026-05-16 19:02:33,231 | INFO     |   → 873/894: ✅ 2 взято | 🗑️ 16 мусор
2026-05-16 19:02:33,231 | INFO     |   → 874/894: ✅ 0 взято | 🗑️ 0 мусор
2026-05-16 19:02:33,231 | INFO     |   → 875/894: ✅ 4 взято | 🗑️ 7 мусор
2026-05-16 19:02:33,231 | INFO     |   → 876/894: ✅ 0 взято | 🗑️ 0 мусор
2026-05-16 19:02:33,231 | INFO     |   → 877/894: ✅ 6 взято | 🗑️ 14 мусор
2026-05-16 19:02:33,231 | INFO     |   → 878/894: ✅ 0 взято | 🗑️ 0 мусор
2026-05-16 19:02:33,231 | INFO     |   → 879/894: ✅ 2 взято | 🗑️ 13 мусор
2026-05-16 19:02:33,231 | INFO     |   → 880/894: ✅ 0 взято | 🗑️ 0 мусор
2026-05-16 19:02:33,231 | INFO     |   → 881/894: ✅ 0 взято | 🗑️ 0 мусор
2026-05-16 19:02:33,231 | INFO     |   → 882/894: ✅ 2 взято | 🗑️ 7 мусор
2026-05-16 19:02:33,231 | INFO     |   → 883/894: ✅ 2 взято | 🗑️ 14 мусор
2026-05-16 19:02:33,231 | INFO     |   → 884/894: ✅ 2 взято | 🗑️ 14 мусор
2026-05-16 19:02:33,231 | INFO     |   → 885/894: ✅ 0 взято | 🗑️ 0 мусор
2026-05-16 19:02:33,232 | INFO     |   → 886/894: ✅ 3 взято | 🗑️ 22 мусор
2026-05-16 19:02:33,232 | INFO     |   → 887/894: ✅ 0 взято | 🗑️ 0 мусор
2026-05-16 19:02:33,232 | INFO     |   → 888/894: ✅ 2 взято | 🗑️ 15 мусор
2026-05-16 19:02:33,232 | INFO     |   → 889/894: ✅ 3 взято | 🗑️ 12 мусор
2026-05-16 19:02:33,232 | INFO     |   → 890/894: ✅ 0 взято | 🗑️ 0 мусор
2026-05-16 19:02:33,232 | INFO     |   → 891/894: ✅ 0 взято | 🗑️ 0 мусор
2026-05-16 19:02:33,232 | INFO     |   → 892/894: ✅ 0 взято | 🗑️ 0 мусор
2026-05-16 19:02:33,232 | INFO     |   → 893/894: ✅ 4 взято | 🗑️ 11 мусор
2026-05-16 19:02:33,232 | INFO     |   → 894/894: ✅ 0 взято | 🗑️ 13 мусор
2026-05-16 19:02:33,232 | INFO     |   → ✅ ГОТОВО!
2026-05-16 19:02:33,232 | INFO     |   →    📥 Всего ключей после фильтра: 16022
2026-05-16 19:02:33,232 | INFO     |   →    🔗 Уникальных IP:PORT:SCHEME: 9671
2026-05-16 19:02:33,232 | INFO     |   →    🗑️ Выброшено мусора: 270170
2026-05-16 19:02:33,232 | INFO     |   → 📊 По протоколам:
2026-05-16 19:02:33,232 | INFO     |   →    vless: 3314
2026-05-16 19:02:33,232 | INFO     |   →    vmess: 3339
2026-05-16 19:02:33,232 | INFO     |   →    trojan: 1044
2026-05-16 19:02:33,232 | INFO     |   →    ss: 1819
2026-05-16 19:02:33,232 | INFO     |   →    hysteria: 13
2026-05-16 19:02:33,232 | INFO     |   →    hysteria2: 31
2026-05-16 19:02:33,232 | INFO     |   →    hy2: 59
2026-05-16 19:02:33,232 | INFO     |   →    tuic: 52
2026-05-16 19:02:33,232 | INFO     | ✅ mirror.py завершён успешно
2026-05-16 19:02:33,232 | INFO     | 
2026-05-16 19:02:33,232 | INFO     | 
2026-05-16 19:02:33,232 | INFO     | ──────────────────────────────────────────────────────────────────────
2026-05-16 19:02:33,232 | INFO     | 📌 ЭТАП: Фильтрация по реальному SNI
2026-05-16 19:02:33,232 | INFO     | ──────────────────────────────────────────────────────────────────────
2026-05-16 19:02:33,232 | INFO     | 🚀 Запуск filter_ru_sni.py (Фильтр по реальному SNI (CDN+RU))...
2026-05-16 19:02:33,404 | INFO     |   → hy2.txt: 59 → 19 (SNI-filtered)
2026-05-16 19:02:33,404 | INFO     |   →   hysteria.txt: 13 → 0 (SNI-filtered)
2026-05-16 19:02:33,404 | INFO     |   →   hysteria2.txt: 31 → 4 (SNI-filtered)
2026-05-16 19:02:33,404 | INFO     |   →   ss.txt: 1819 → 0 (SNI-filtered)
2026-05-16 19:02:33,404 | INFO     |   →   trojan.txt: 1044 → 3 (SNI-filtered)
2026-05-16 19:02:33,404 | INFO     |   →   tuic.txt: 52 → 0 (SNI-filtered)
2026-05-16 19:02:33,404 | INFO     |   →   vless.txt: 3314 → 392 (SNI-filtered)
2026-05-16 19:02:33,404 | INFO     |   →   vmess.txt: 3339 → 38 (SNI-filtered)
2026-05-16 19:02:33,404 | INFO     |   → ==================================================
2026-05-16 19:02:33,404 | INFO     |   →   Всего входных:  9671
2026-05-16 19:02:33,404 | INFO     |   →   Прошли фильтр:  456
2026-05-16 19:02:33,404 | INFO     |   →   Отброшено:      9215
2026-05-16 19:02:33,404 | INFO     |   → ==================================================
2026-05-16 19:02:33,404 | INFO     |   → Готово → /home/runner/work/vpn-vless-configs-russia/vpn-vless-configs-russia/githubmirror/ru-sni
2026-05-16 19:02:33,404 | INFO     | ✅ filter_ru_sni.py завершён успешно
2026-05-16 19:02:33,405 | INFO     | 
2026-05-16 19:02:33,405 | INFO     | 
2026-05-16 19:02:33,405 | INFO     | ──────────────────────────────────────────────────────────────────────
2026-05-16 19:02:33,405 | INFO     | 📌 ЭТАП: Экспериментальный RU-SNI фильтр
2026-05-16 19:02:33,405 | INFO     | ──────────────────────────────────────────────────────────────────────
2026-05-16 19:02:33,405 | INFO     | 🚀 Запуск filter_ru_sni_local.py (Экспериментальный фильтр по RU-SNI (локальные домены))...
2026-05-16 19:02:33,523 | INFO     |   → hy2.txt: 59 → 0 (RU-SNI)
2026-05-16 19:02:33,523 | INFO     |   → hysteria.txt: 13 → 0 (RU-SNI)
2026-05-16 19:02:33,523 | INFO     |   → hysteria2.txt: 31 → 0 (RU-SNI)
2026-05-16 19:02:33,523 | INFO     |   → ss.txt: 1819 → 0 (RU-SNI)
2026-05-16 19:02:33,523 | INFO     |   → trojan.txt: 1044 → 0 (RU-SNI)
2026-05-16 19:02:33,524 | INFO     |   → tuic.txt: 52 → 0 (RU-SNI)
2026-05-16 19:02:33,524 | INFO     |   → vless.txt: 3314 → 97 (RU-SNI)
2026-05-16 19:02:33,524 | INFO     |   → vmess.txt: 3339 → 0 (RU-SNI)
2026-05-16 19:02:33,524 | INFO     |   → ==================================================
2026-05-16 19:02:33,524 | INFO     |   → Всего входных:  9671
2026-05-16 19:02:33,524 | INFO     |   → Прошли RU-SNI:  97
2026-05-16 19:02:33,524 | INFO     |   → Отброшено:      9574
2026-05-16 19:02:33,524 | INFO     |   → ==================================================
2026-05-16 19:02:33,524 | INFO     |   → Готово → /home/runner/work/vpn-vless-configs-russia/vpn-vless-configs-russia/githubmirror/ru-sni-local
2026-05-16 19:02:33,524 | INFO     | ✅ filter_ru_sni_local.py завершён успешно
2026-05-16 19:02:33,524 | INFO     | 
2026-05-16 19:02:33,524 | INFO     | 
2026-05-16 19:02:33,524 | INFO     | ──────────────────────────────────────────────────────────────────────
2026-05-16 19:02:33,524 | INFO     | 📌 ЭТАП: Сбор статистики
2026-05-16 19:02:33,524 | INFO     | ──────────────────────────────────────────────────────────────────────
2026-05-16 19:02:33,524 | INFO     | 📊 Сбор статистики...
2026-05-16 19:02:33,524 | INFO     |   📁 githubmirror/clean:
2026-05-16 19:02:33,524 | INFO     |     • hy2         :    59 конфигов
2026-05-16 19:02:33,524 | INFO     |     • hysteria    :    13 конфигов
2026-05-16 19:02:33,525 | INFO     |     • hysteria2   :    31 конфигов
2026-05-16 19:02:33,525 | INFO     |     • ss          :  1819 конфигов
2026-05-16 19:02:33,526 | INFO     |     • trojan      :  1044 конфигов
2026-05-16 19:02:33,526 | INFO     |     • tuic        :    52 конфигов
2026-05-16 19:02:33,529 | INFO     |     • vless       :  3314 конфигов
2026-05-16 19:02:33,531 | INFO     |     • vmess       :  3339 конфигов
2026-05-16 19:02:33,531 | INFO     |   📁 githubmirror/ru-sni:
2026-05-16 19:02:33,532 | INFO     |     • hy2         :    19 конфигов ( 32.2% от clean)
2026-05-16 19:02:33,532 | INFO     |     • hysteria    :     0 конфигов (  0.0% от clean)
2026-05-16 19:02:33,532 | INFO     |     • hysteria2   :     4 конфигов ( 12.9% от clean)
2026-05-16 19:02:33,532 | INFO     |     • ss          :     0 конфигов (  0.0% от clean)
2026-05-16 19:02:33,532 | INFO     |     • trojan      :     3 конфигов (  0.3% от clean)
2026-05-16 19:02:33,532 | INFO     |     • tuic        :     0 конфигов (  0.0% от clean)
2026-05-16 19:02:33,532 | INFO     |     • vless       :   392 конфигов ( 11.8% от clean)
2026-05-16 19:02:33,532 | INFO     |     • vmess       :    38 конфигов (  1.1% от clean)
2026-05-16 19:02:33,532 | INFO     | 
2026-05-16 19:02:33,533 | INFO     |   ──────────────────────────────────────────────────
2026-05-16 19:02:33,533 | INFO     |   📈 ИТОГО:
2026-05-16 19:02:33,533 | INFO     |     Clean (после geo-фильтра):     9671
2026-05-16 19:02:33,533 | INFO     |     RU-SNI (после SNI-фильтра):     456
2026-05-16 19:02:33,533 | INFO     |     Прошло фильтр:                  4.7%
2026-05-16 19:02:33,533 | INFO     |   ──────────────────────────────────────────────────
2026-05-16 19:02:33,533 | INFO     | ✅ Статистика сохранена: /home/runner/work/vpn-vless-configs-russia/vpn-vless-configs-russia/stats.json
2026-05-16 19:02:33,533 | INFO     | 
2026-05-16 19:02:33,533 | INFO     | ======================================================================
2026-05-16 19:02:33,533 | INFO     | 📊 ИТОГОВЫЙ ОТЧЁТ
2026-05-16 19:02:33,533 | INFO     | ======================================================================
2026-05-16 19:02:33,533 | INFO     |   ✅ OK         | Загрузка и geo-фильтрация
2026-05-16 19:02:33,533 | INFO     |   ✅ OK         | Фильтрация по реальному SNI
2026-05-16 19:02:33,533 | INFO     |   ✅ OK         | Экспериментальный RU-SNI фильтр
2026-05-16 19:02:33,533 | INFO     |   ✅ OK         | Сбор статистики
2026-05-16 19:02:33,533 | INFO     | ──────────────────────────────────────────────────────────────────────
2026-05-16 19:02:33,533 | INFO     | ✅ ВСЕ ЭТАПЫ УСПЕШНЫ (4/4)
2026-05-16 19:02:33,533 | INFO     | ⏰ Время завершения: 2026-05-16 19:02:33
2026-05-16 19:02:33,533 | INFO     | ======================================================================
