2026-04-30 13:31:11,799 | INFO     | ======================================================================
2026-04-30 13:31:11,799 | INFO     | 🔍 VPN KEY CHECKER - Начало проверки
2026-04-30 13:31:11,799 | INFO     | ⏰ Время старта: 2026-04-30 13:31:11
2026-04-30 13:31:11,799 | INFO     | 📂 Рабочая директория: /home/runner/work/vpn-vless-configs-russia/vpn-vless-configs-russia
2026-04-30 13:31:11,799 | INFO     | ======================================================================
2026-04-30 13:31:11,799 | INFO     | 
2026-04-30 13:31:11,799 | INFO     | 🔍 Проверка наличия скриптов...
2026-04-30 13:31:11,799 | INFO     |   ✅ mirror.py
2026-04-30 13:31:11,799 | INFO     |   ✅ filter_ru_sni.py
2026-04-30 13:31:11,799 | INFO     |   ✅ filter_ru_sni_local.py
2026-04-30 13:31:11,799 | INFO     | 
2026-04-30 13:31:11,800 | INFO     | 
2026-04-30 13:31:11,800 | INFO     | ──────────────────────────────────────────────────────────────────────
2026-04-30 13:31:11,800 | INFO     | 📌 ЭТАП: Загрузка и geo-фильтрация
2026-04-30 13:31:11,800 | INFO     | ──────────────────────────────────────────────────────────────────────
2026-04-30 13:31:11,800 | INFO     | 🚀 Запуск mirror.py (Загрузка и фильтрация по РФ/СНГ/Европа)...
2026-04-30 13:34:10,748 | INFO     |   → 🚀 Старт: всего источников (старые + новые): 799
2026-04-30 13:34:10,748 | INFO     |   → 1/799: ✅ 13 взято | 🗑️ 242 мусор
2026-04-30 13:34:10,748 | INFO     |   → 2/799: ✅ 0 взято | 🗑️ 0 мусор
2026-04-30 13:34:10,748 | INFO     |   → 3/799: ✅ 0 взято | 🗑️ 0 мусор
2026-04-30 13:34:10,748 | INFO     |   → 4/799 ❌ HTTP 404 — https://cdn.jsdelivr.net/gh/cry0ice/genode@main/public/all.txt
2026-04-30 13:34:10,748 | INFO     |   → 5/799 ❌ HTTP 404 — https://cdn.jsdelivr.net/gh/cry0ice/genode@main/public/ss.txt
2026-04-30 13:34:10,748 | INFO     |   → 6/799 ❌ HTTP 404 — https://cdn.jsdelivr.net/gh/cry0ice/genode@main/public/ssr.txt
2026-04-30 13:34:10,748 | INFO     |   → 7/799 ❌ HTTP 404 — https://cdn.jsdelivr.net/gh/cry0ice/genode@main/public/trojan.txt
2026-04-30 13:34:10,748 | INFO     |   → 8/799 ❌ HTTP 404 — https://cdn.jsdelivr.net/gh/cry0ice/genode@main/public/vless.txt
2026-04-30 13:34:10,748 | INFO     |   → 9/799 ❌ HTTP 404 — https://cdn.jsdelivr.net/gh/cry0ice/genode@main/public/vmess.txt
2026-04-30 13:34:10,748 | INFO     |   → 10/799: ✅ 0 взято | 🗑️ 0 мусор
2026-04-30 13:34:10,749 | INFO     |   → 11/799: ✅ 0 взято | 🗑️ 0 мусор
2026-04-30 13:34:10,749 | INFO     |   → 12/799: ✅ 0 взято | 🗑️ 0 мусор
2026-04-30 13:34:10,749 | INFO     |   → 13/799: ✅ 0 взято | 🗑️ 0 мусор
2026-04-30 13:34:10,749 | INFO     |   → 14/799: ✅ 0 взято | 🗑️ 0 мусор
2026-04-30 13:34:10,749 | INFO     |   → 15/799: ✅ 0 взято | 🗑️ 0 мусор
2026-04-30 13:34:10,749 | INFO     |   → 16/799: ✅ 0 взято | 🗑️ 0 мусор
2026-04-30 13:34:10,749 | INFO     |   → 17/799: ✅ 0 взято | 🗑️ 0 мусор
2026-04-30 13:34:10,749 | INFO     |   → 18/799: ✅ 0 взято | 🗑️ 0 мусор
2026-04-30 13:34:10,749 | INFO     |   → 19/799: ✅ 0 взято | 🗑️ 0 мусор
2026-04-30 13:34:10,749 | INFO     |   → 20/799: ✅ 0 взято | 🗑️ 0 мусор
2026-04-30 13:34:10,749 | INFO     |   → 21/799: ✅ 0 взято | 🗑️ 0 мусор
2026-04-30 13:34:10,749 | INFO     |   → 22/799: ✅ 0 взято | 🗑️ 0 мусор
2026-04-30 13:34:10,749 | INFO     |   → 23/799: ✅ 0 взято | 🗑️ 0 мусор
2026-04-30 13:34:10,749 | INFO     |   → 24/799: ✅ 0 взято | 🗑️ 0 мусор
2026-04-30 13:34:10,749 | INFO     |   → 25/799: ✅ 0 взято | 🗑️ 0 мусор
2026-04-30 13:34:10,749 | INFO     |   → 26/799: ✅ 0 взято | 🗑️ 0 мусор
2026-04-30 13:34:10,749 | INFO     |   → 27/799: ✅ 0 взято | 🗑️ 0 мусор
2026-04-30 13:34:10,749 | INFO     |   → 28/799: ✅ 0 взято | 🗑️ 0 мусор
2026-04-30 13:34:10,749 | INFO     |   → 29/799: ✅ 0 взято | 🗑️ 0 мусор
2026-04-30 13:34:10,749 | INFO     |   → 30/799: ✅ 0 взято | 🗑️ 0 мусор
2026-04-30 13:34:10,749 | INFO     |   → 31/799: ✅ 0 взято | 🗑️ 0 мусор
2026-04-30 13:34:10,749 | INFO     |   → 32/799: ✅ 0 взято | 🗑️ 0 мусор
2026-04-30 13:34:10,749 | INFO     |   → 33/799: ✅ 0 взято | 🗑️ 0 мусор
2026-04-30 13:34:10,749 | INFO     |   → 34/799: ✅ 0 взято | 🗑️ 0 мусор
2026-04-30 13:34:10,750 | INFO     |   → 35/799: ✅ 0 взято | 🗑️ 0 мусор
2026-04-30 13:34:10,750 | INFO     |   → 36/799: ✅ 0 взято | 🗑️ 0 мусор
2026-04-30 13:34:10,750 | INFO     |   → 37/799: ✅ 0 взято | 🗑️ 0 мусор
2026-04-30 13:34:10,750 | INFO     |   → 38/799: ✅ 0 взято | 🗑️ 0 мусор
2026-04-30 13:34:10,750 | INFO     |   → 39/799: ✅ 0 взято | 🗑️ 0 мусор
2026-04-30 13:34:10,750 | INFO     |   → 40/799: ✅ 0 взято | 🗑️ 0 мусор
2026-04-30 13:34:10,750 | INFO     |   → 41/799: ✅ 0 взято | 🗑️ 0 мусор
2026-04-30 13:34:10,750 | INFO     |   → 42/799: ✅ 0 взято | 🗑️ 0 мусор
2026-04-30 13:34:10,750 | INFO     |   → 43/799: ✅ 0 взято | 🗑️ 0 мусор
2026-04-30 13:34:10,750 | INFO     |   → 44/799: ✅ 0 взято | 🗑️ 0 мусор
2026-04-30 13:34:10,750 | INFO     |   → 45/799: ✅ 0 взято | 🗑️ 0 мусор
2026-04-30 13:34:10,750 | INFO     |   → 46/799: ✅ 0 взято | 🗑️ 0 мусор
2026-04-30 13:34:10,750 | INFO     |   → 47/799: ✅ 0 взято | 🗑️ 0 мусор
2026-04-30 13:34:10,750 | INFO     |   → 48/799: ✅ 0 взято | 🗑️ 0 мусор
2026-04-30 13:34:10,750 | INFO     |   → 49/799: ✅ 0 взято | 🗑️ 0 мусор
2026-04-30 13:34:10,750 | INFO     |   → 50/799: ✅ 0 взято | 🗑️ 0 мусор
2026-04-30 13:34:10,750 | INFO     |   → 51/799: ✅ 0 взято | 🗑️ 0 мусор
2026-04-30 13:34:10,750 | INFO     |   → 52/799: ✅ 0 взято | 🗑️ 0 мусор
2026-04-30 13:34:10,750 | INFO     |   → 53/799: ✅ 0 взято | 🗑️ 0 мусор
2026-04-30 13:34:10,750 | INFO     |   → 54/799 ❌ HTTP 404 — https://freessrnode.github.io/uploads/2024/08/0-20240822.txt
2026-04-30 13:34:10,750 | INFO     |   → 55/799 ❌ HTTP 404 — https://freessrnode.github.io/uploads/2024/08/1-20240822.txt
2026-04-30 13:34:10,750 | INFO     |   → 56/799 ❌ HTTP 404 — https://freessrnode.github.io/uploads/2024/08/2-20240822.txt
2026-04-30 13:34:10,750 | INFO     |   → 57/799 ❌ HTTP 404 — https://freessrnode.github.io/uploads/2024/08/3-20240822.txt
2026-04-30 13:34:10,750 | INFO     |   → 58/799 ❌ HTTP 404 — https://freessrnode.github.io/uploads/2024/08/4-20240822.txt
2026-04-30 13:34:10,751 | INFO     |   → 59/799 ⚠️ Ошибка: HTTPSConnectionPool(host='freevpnspy.githubrowcontent.com', port=443): Max retries exceeded with url: /2024/08/20240802_novless.yaml (Caused by NameResolutionError("HTTPSConnection(host='freevpnspy.githubrowcontent.com', port=443): Failed to resolve 'freevpnspy.githubrowcontent.com' ([Errno -2] Name or service not known)")) — https://freevpnspy.githubrowcontent.com/2024/08/20240802_novless.yaml
2026-04-30 13:34:10,751 | INFO     |   → 60/799 ⚠️ Ошибка: HTTPSConnectionPool(host='freevpnspy.githubrowcontent.com', port=443): Max retries exceeded with url: /2024/08/20240802_vless.yaml (Caused by NameResolutionError("HTTPSConnection(host='freevpnspy.githubrowcontent.com', port=443): Failed to resolve 'freevpnspy.githubrowcontent.com' ([Errno -2] Name or service not known)")) — https://freevpnspy.githubrowcontent.com/2024/08/20240802_vless.yaml
2026-04-30 13:34:10,751 | INFO     |   → 61/799 ❌ HTTP 404 — https://github.com/Epodonios/bulk-xray-v2ray-vless-vmess-...-configs/raw/main/sub/Albania/config.txt
2026-04-30 13:34:10,751 | INFO     |   → 62/799 ❌ HTTP 404 — https://github.com/Epodonios/bulk-xray-v2ray-vless-vmess-...-configs/raw/main/sub/Cura%C3%A7ao/config.txt
2026-04-30 13:34:10,751 | INFO     |   → 63/799 ❌ HTTP 404 — https://github.com/Epodonios/bulk-xray-v2ray-vless-vmess-...-configs/raw/main/sub/Finland/config.txt
2026-04-30 13:34:10,751 | INFO     |   → 64/799 ❌ HTTP 404 — https://github.com/Epodonios/bulk-xray-v2ray-vless-vmess-...-configs/raw/main/sub/Iran/config.txt
2026-04-30 13:34:10,751 | INFO     |   → 65/799 ❌ HTTP 404 — https://github.com/Epodonios/bulk-xray-v2ray-vless-vmess-...-configs/raw/main/sub/Netherlands/config.txt
2026-04-30 13:34:10,751 | INFO     |   → 66/799 ❌ HTTP 404 — https://github.com/Epodonios/bulk-xray-v2ray-vless-vmess-...-configs/raw/main/sub/Norway/config.txt
2026-04-30 13:34:10,751 | INFO     |   → 67/799 ❌ HTTP 404 — https://github.com/Epodonios/bulk-xray-v2ray-vless-vmess-...-configs/raw/main/sub/Russia/config.txt
2026-04-30 13:34:10,751 | INFO     |   → 68/799: ✅ 13 взято | 🗑️ 70 мусор
2026-04-30 13:34:10,751 | INFO     |   → 69/799: ✅ 0 взято | 🗑️ 4 мусор
2026-04-30 13:34:10,751 | INFO     |   → 70/799: ✅ 0 взято | 🗑️ 7 мусор
2026-04-30 13:34:10,751 | INFO     |   → 71/799: ✅ 0 взято | 🗑️ 51 мусор
2026-04-30 13:34:10,751 | INFO     |   → 72/799: ✅ 0 взято | 🗑️ 8 мусор
2026-04-30 13:34:10,751 | INFO     |   → 73/799: ✅ 0 взято | 🗑️ 0 мусор
2026-04-30 13:34:10,751 | INFO     |   → 74/799: ✅ 17 взято | 🗑️ 119 мусор
2026-04-30 13:34:10,751 | INFO     |   → 75/799 ❌ HTTP 404 — https://github.com/MrMohebi/xray-proxy-grabber-telegram/raw/master/collected-proxies/clash-meta/all.yaml
2026-04-30 13:34:10,751 | INFO     |   → 76/799 ❌ HTTP 404 — https://github.com/MrMohebi/xray-proxy-grabber-telegram/raw/master/collected-proxies/row-url/all.txt
2026-04-30 13:34:10,751 | INFO     |   → 77/799: ✅ 0 взято | 🗑️ 0 мусор
2026-04-30 13:34:10,751 | INFO     |   → 78/799: ✅ 0 взято | 🗑️ 113 мусор
2026-04-30 13:34:10,751 | INFO     |   → 79/799: ✅ 0 взято | 🗑️ 119 мусор
2026-04-30 13:34:10,751 | INFO     |   → 80/799 ❌ HTTP 404 — https://github.com/abbasdvd3/abbasdvd10/73ec60de7a6c6aa6df4c14b511c1da60686891ca/ppo.txt
2026-04-30 13:34:10,751 | INFO     |   → 81/799 ❌ HTTP 404 — https://github.com/acymz/AutoVPN/refs/heads/main/data/V2.txt
2026-04-30 13:34:10,751 | INFO     |   → 82/799: ✅ 0 взято | 🗑️ 0 мусор
2026-04-30 13:34:10,751 | INFO     |   → 83/799: ✅ 0 взято | 🗑️ 0 мусор
2026-04-30 13:34:10,751 | INFO     |   → 84/799: ✅ 0 взято | 🗑️ 0 мусор
2026-04-30 13:34:10,752 | INFO     |   → 85/799: ✅ 0 взято | 🗑️ 0 мусор
2026-04-30 13:34:10,752 | INFO     |   → 86/799: ✅ 0 взято | 🗑️ 0 мусор
2026-04-30 13:34:10,752 | INFO     |   → 87/799: ✅ 0 взято | 🗑️ 0 мусор
2026-04-30 13:34:10,752 | INFO     |   → 88/799: ✅ 0 взято | 🗑️ 0 мусор
2026-04-30 13:34:10,752 | INFO     |   → 89/799 ❌ HTTP 404 — https://github.com/mermeroo/V2RAY-FREE/raw/main/All_Configs_base64_Sub.txt
2026-04-30 13:34:10,752 | INFO     |   → 90/799 ❌ HTTP 404 — https://github.com/mermeroo/V2RAY-FREE/raw/main/Base64/Sub1_base64.txt
2026-04-30 13:34:10,752 | INFO     |   → 91/799 ❌ HTTP 404 — https://github.com/mermeroo/V2RAY-FREE/raw/main/Base64/Sub2_base64.txt
2026-04-30 13:34:10,752 | INFO     |   → 92/799 ❌ HTTP 404 — https://github.com/mermeroo/V2RAY-FREE/raw/main/Base64/Sub3_base64.txt
2026-04-30 13:34:10,752 | INFO     |   → 93/799 ❌ HTTP 404 — https://github.com/mermeroo/V2RAY-FREE/raw/main/Base64/Sub4_base64.txt
2026-04-30 13:34:10,752 | INFO     |   → 94/799 ❌ HTTP 404 — https://github.com/mermeroo/V2RAY-FREE/raw/main/Base64/Sub5_base64.txt
2026-04-30 13:34:10,752 | INFO     |   → 95/799 ❌ HTTP 404 — https://github.com/mermeroo/telegram-configs-collector/raw/main/protocols/hysteria
2026-04-30 13:34:10,752 | INFO     |   → 96/799 ❌ HTTP 404 — https://github.com/mermeroo/telegram-configs-collector/raw/main/protocols/juicity
2026-04-30 13:34:10,752 | INFO     |   → 97/799 ❌ HTTP 404 — https://github.com/mermeroo/telegram-configs-collector/raw/main/protocols/tuic
2026-04-30 13:34:10,752 | INFO     |   → 98/799: ✅ 5 взято | 🗑️ 16 мусор
2026-04-30 13:34:10,752 | INFO     |   → 99/799: ✅ 0 взято | 🗑️ 0 мусор
2026-04-30 13:34:10,752 | INFO     |   → 100/799: ✅ 0 взято | 🗑️ 0 мусор
2026-04-30 13:34:10,752 | INFO     |   → 101/799: ✅ 0 взято | 🗑️ 0 мусор
2026-04-30 13:34:10,752 | INFO     |   → 102/799: ✅ 3 взято | 🗑️ 238 мусор
2026-04-30 13:34:10,752 | INFO     |   → 103/799: ✅ 0 взято | 🗑️ 0 мусор
2026-04-30 13:34:10,752 | INFO     |   → 104/799: ✅ 3 взято | 🗑️ 239 мусор
2026-04-30 13:34:10,752 | INFO     |   → 105/799: ✅ 0 взято | 🗑️ 0 мусор
2026-04-30 13:34:10,752 | INFO     |   → 106/799: ✅ 0 взято | 🗑️ 255 мусор
2026-04-30 13:34:10,752 | INFO     |   → 107/799: ✅ 0 взято | 🗑️ 0 мусор
2026-04-30 13:34:10,752 | INFO     |   → 108/799: ✅ 1 взято | 🗑️ 249 мусор
2026-04-30 13:34:10,752 | INFO     |   → 109/799: ✅ 0 взято | 🗑️ 0 мусор
2026-04-30 13:34:10,752 | INFO     |   → 110/799: ✅ 0 взято | 🗑️ 207 мусор
2026-04-30 13:34:10,753 | INFO     |   → 111/799: ✅ 0 взято | 🗑️ 0 мусор
2026-04-30 13:34:10,753 | INFO     |   → 112/799: ✅ 0 взято | 🗑️ 228 мусор
2026-04-30 13:34:10,753 | INFO     |   → 113/799: ✅ 0 взято | 🗑️ 0 мусор
2026-04-30 13:34:10,753 | INFO     |   → 114/799: ✅ 1 взято | 🗑️ 291 мусор
2026-04-30 13:34:10,753 | INFO     |   → 115/799: ✅ 0 взято | 🗑️ 0 мусор
2026-04-30 13:34:10,753 | INFO     |   → 116/799: ✅ 3 взято | 🗑️ 221 мусор
2026-04-30 13:34:10,753 | INFO     |   → 117/799: ✅ 0 взято | 🗑️ 0 мусор
2026-04-30 13:34:10,753 | INFO     |   → 118/799: ✅ 1 взято | 🗑️ 222 мусор
2026-04-30 13:34:10,753 | INFO     |   → 119/799: ✅ 0 взято | 🗑️ 0 мусор
2026-04-30 13:34:10,753 | INFO     |   → 120/799: ✅ 1 взято | 🗑️ 218 мусор
2026-04-30 13:34:10,753 | INFO     |   → 121/799: ✅ 0 взято | 🗑️ 0 мусор
2026-04-30 13:34:10,753 | INFO     |   → 122/799: ✅ 0 взято | 🗑️ 193 мусор
2026-04-30 13:34:10,753 | INFO     |   → 123/799: ✅ 0 взято | 🗑️ 0 мусор
2026-04-30 13:34:10,753 | INFO     |   → 124/799: ✅ 0 взято | 🗑️ 290 мусор
2026-04-30 13:34:10,753 | INFO     |   → 125/799: ✅ 0 взято | 🗑️ 0 мусор
2026-04-30 13:34:10,753 | INFO     |   → 126/799: ✅ 0 взято | 🗑️ 238 мусор
2026-04-30 13:34:10,753 | INFO     |   → 127/799: ✅ 0 взято | 🗑️ 0 мусор
2026-04-30 13:34:10,753 | INFO     |   → 128/799: ✅ 0 взято | 🗑️ 221 мусор
2026-04-30 13:34:10,753 | INFO     |   → 129/799: ✅ 0 взято | 🗑️ 0 мусор
2026-04-30 13:34:10,754 | INFO     |   → 130/799: ✅ 0 взято | 🗑️ 248 мусор
2026-04-30 13:34:10,754 | INFO     |   → 131/799: ✅ 0 взято | 🗑️ 0 мусор
2026-04-30 13:34:10,754 | INFO     |   → 132/799: ✅ 0 взято | 🗑️ 203 мусор
2026-04-30 13:34:10,754 | INFO     |   → 133/799: ✅ 0 взято | 🗑️ 0 мусор
2026-04-30 13:34:10,754 | INFO     |   → 134/799: ✅ 0 взято | 🗑️ 208 мусор
2026-04-30 13:34:10,754 | INFO     |   → 135/799: ✅ 0 взято | 🗑️ 0 мусор
2026-04-30 13:34:10,754 | INFO     |   → 136/799: ✅ 2 взято | 🗑️ 209 мусор
2026-04-30 13:34:10,754 | INFO     |   → 137/799: ✅ 0 взято | 🗑️ 0 мусор
2026-04-30 13:34:10,754 | INFO     |   → 138/799: ✅ 0 взято | 🗑️ 258 мусор
2026-04-30 13:34:10,754 | INFO     |   → 139/799: ✅ 0 взято | 🗑️ 0 мусор
2026-04-30 13:34:10,754 | INFO     |   → 140/799: ✅ 0 взято | 🗑️ 296 мусор
2026-04-30 13:34:10,754 | INFO     |   → 141/799: ✅ 0 взято | 🗑️ 0 мусор
2026-04-30 13:34:10,754 | INFO     |   → 142/799: ✅ 1 взято | 🗑️ 286 мусор
2026-04-30 13:34:10,754 | INFO     |   → 143/799: ✅ 0 взято | 🗑️ 0 мусор
2026-04-30 13:34:10,754 | INFO     |   → 144/799: ✅ 0 взято | 🗑️ 195 мусор
2026-04-30 13:34:10,754 | INFO     |   → 145/799: ✅ 0 взято | 🗑️ 0 мусор
2026-04-30 13:34:10,754 | INFO     |   → 146/799 ⚠️ Ошибка: HTTPSConnectionPool(host='ivuxy.tech', port=443): Max retries exceeded with url: /v.txt (Caused by NameResolutionError("HTTPSConnection(host='ivuxy.tech', port=443): Failed to resolve 'ivuxy.tech' ([Errno -2] Name or service not known)")) — https://ivuxy.tech/v.txt
2026-04-30 13:34:10,754 | INFO     |   → 147/799 ⚠️ Ошибка: HTTPSConnectionPool(host='mirror.ghproxy.com', port=443): Max retries exceeded with url: /https://raw.githubusercontent.com/Barabama/FreeNodes/master/nodes/blues.txt (Caused by NameResolutionError("HTTPSConnection(host='mirror.ghproxy.com', port=443): Failed to resolve 'mirror.ghproxy.com' ([Errno -2] Name or service not known)")) — https://mirror.ghproxy.com/https://raw.githubusercontent.com/Barabama/FreeNodes/master/nodes/blues.txt
2026-04-30 13:34:10,755 | INFO     |   → 148/799 ⚠️ Ошибка: HTTPSConnectionPool(host='mirror.ghproxy.com', port=443): Max retries exceeded with url: /https://raw.githubusercontent.com/Barabama/FreeNodes/master/nodes/halekj.txt (Caused by NameResolutionError("HTTPSConnection(host='mirror.ghproxy.com', port=443): Failed to resolve 'mirror.ghproxy.com' ([Errno -2] Name or service not known)")) — https://mirror.ghproxy.com/https://raw.githubusercontent.com/Barabama/FreeNodes/master/nodes/halekj.txt
2026-04-30 13:34:10,755 | INFO     |   → 149/799 ⚠️ Ошибка: HTTPSConnectionPool(host='mirror.ghproxy.com', port=443): Max retries exceeded with url: /https://raw.githubusercontent.com/Barabama/FreeNodes/master/nodes/kkzui.txt (Caused by NameResolutionError("HTTPSConnection(host='mirror.ghproxy.com', port=443): Failed to resolve 'mirror.ghproxy.com' ([Errno -2] Name or service not known)")) — https://mirror.ghproxy.com/https://raw.githubusercontent.com/Barabama/FreeNodes/master/nodes/kkzui.txt
2026-04-30 13:34:10,755 | INFO     |   → 150/799 ⚠️ Ошибка: HTTPSConnectionPool(host='mirror.ghproxy.com', port=443): Max retries exceeded with url: /https://raw.githubusercontent.com/Barabama/FreeNodes/master/nodes/merged.txt (Caused by NameResolutionError("HTTPSConnection(host='mirror.ghproxy.com', port=443): Failed to resolve 'mirror.ghproxy.com' ([Errno -2] Name or service not known)")) — https://mirror.ghproxy.com/https://raw.githubusercontent.com/Barabama/FreeNodes/master/nodes/merged.txt
2026-04-30 13:34:10,755 | INFO     |   → 151/799 ⚠️ Ошибка: HTTPSConnectionPool(host='mirror.ghproxy.com', port=443): Max retries exceeded with url: /https://raw.githubusercontent.com/Barabama/FreeNodes/master/nodes/nodefree.txt (Caused by NameResolutionError("HTTPSConnection(host='mirror.ghproxy.com', port=443): Failed to resolve 'mirror.ghproxy.com' ([Errno -2] Name or service not known)")) — https://mirror.ghproxy.com/https://raw.githubusercontent.com/Barabama/FreeNodes/master/nodes/nodefree.txt
2026-04-30 13:34:10,755 | INFO     |   → 152/799 ⚠️ Ошибка: HTTPSConnectionPool(host='mirror.ghproxy.com', port=443): Max retries exceeded with url: /https://raw.githubusercontent.com/Barabama/FreeNodes/master/nodes/openrunner.txt (Caused by NameResolutionError("HTTPSConnection(host='mirror.ghproxy.com', port=443): Failed to resolve 'mirror.ghproxy.com' ([Errno -2] Name or service not known)")) — https://mirror.ghproxy.com/https://raw.githubusercontent.com/Barabama/FreeNodes/master/nodes/openrunner.txt
2026-04-30 13:34:10,755 | INFO     |   → 153/799 ⚠️ Ошибка: HTTPSConnectionPool(host='mirror.ghproxy.com', port=443): Max retries exceeded with url: /https://raw.githubusercontent.com/Barabama/FreeNodes/master/nodes/v2rayshare.txt (Caused by NameResolutionError("HTTPSConnection(host='mirror.ghproxy.com', port=443): Failed to resolve 'mirror.ghproxy.com' ([Errno -2] Name or service not known)")) — https://mirror.ghproxy.com/https://raw.githubusercontent.com/Barabama/FreeNodes/master/nodes/v2rayshare.txt
2026-04-30 13:34:10,755 | INFO     |   → 154/799 ⚠️ Ошибка: HTTPSConnectionPool(host='mirror.ghproxy.com', port=443): Max retries exceeded with url: /https://raw.githubusercontent.com/Barabama/FreeNodes/master/nodes/wenode.txt (Caused by NameResolutionError("HTTPSConnection(host='mirror.ghproxy.com', port=443): Failed to resolve 'mirror.ghproxy.com' ([Errno -2] Name or service not known)")) — https://mirror.ghproxy.com/https://raw.githubusercontent.com/Barabama/FreeNodes/master/nodes/wenode.txt
2026-04-30 13:34:10,755 | INFO     |   → 155/799 ⚠️ Ошибка: HTTPSConnectionPool(host='mirror.ghproxy.com', port=443): Max retries exceeded with url: /https://raw.githubusercontent.com/Barabama/FreeNodes/master/nodes/yudou66.txt (Caused by NameResolutionError("HTTPSConnection(host='mirror.ghproxy.com', port=443): Failed to resolve 'mirror.ghproxy.com' ([Errno -2] Name or service not known)")) — https://mirror.ghproxy.com/https://raw.githubusercontent.com/Barabama/FreeNodes/master/nodes/yudou66.txt
2026-04-30 13:34:10,755 | INFO     |   → 156/799: ✅ 7 взято | 🗑️ 17 мусор
2026-04-30 13:34:10,755 | INFO     |   → 157/799: ✅ 0 взято | 🗑️ 17 мусор
2026-04-30 13:34:10,755 | INFO     |   → 158/799: ✅ 14 взято | 🗑️ 14 мусор
2026-04-30 13:34:10,755 | INFO     |   → 159/799: ✅ 0 взято | 🗑️ 14 мусор
2026-04-30 13:34:10,755 | INFO     |   → 160/799: ✅ 0 взято | 🗑️ 14 мусор
2026-04-30 13:34:10,755 | INFO     |   → 161/799: ✅ 0 взято | 🗑️ 14 мусор
2026-04-30 13:34:10,755 | INFO     |   → 162/799: ✅ 0 взято | 🗑️ 14 мусор
2026-04-30 13:34:10,755 | INFO     |   → 163/799: ✅ 0 взято | 🗑️ 14 мусор
2026-04-30 13:34:10,755 | INFO     |   → 164/799: ✅ 0 взято | 🗑️ 14 мусор
2026-04-30 13:34:10,755 | INFO     |   → 165/799: ✅ 0 взято | 🗑️ 14 мусор
2026-04-30 13:34:10,756 | INFO     |   → 166/799: ✅ 0 взято | 🗑️ 14 мусор
2026-04-30 13:34:10,756 | INFO     |   → 167/799: ✅ 7 взято | 🗑️ 21 мусор
2026-04-30 13:34:10,756 | INFO     |   → 168/799: ✅ 0 взято | 🗑️ 21 мусор
2026-04-30 13:34:10,756 | INFO     |   → 169/799: ✅ 0 взято | 🗑️ 21 мусор
2026-04-30 13:34:10,756 | INFO     |   → 170/799: ✅ 0 взято | 🗑️ 21 мусор
2026-04-30 13:34:10,756 | INFO     |   → 171/799: ✅ 0 взято | 🗑️ 21 мусор
2026-04-30 13:34:10,756 | INFO     |   → 172/799: ✅ 0 взято | 🗑️ 21 мусор
2026-04-30 13:34:10,756 | INFO     |   → 173/799: ✅ 0 взято | 🗑️ 21 мусор
2026-04-30 13:34:10,756 | INFO     |   → 174/799: ✅ 0 взято | 🗑️ 21 мусор
2026-04-30 13:34:10,756 | INFO     |   → 175/799: ✅ 0 взято | 🗑️ 21 мусор
2026-04-30 13:34:10,756 | INFO     |   → 176/799: ✅ 0 взято | 🗑️ 21 мусор
2026-04-30 13:34:10,756 | INFO     |   → 177/799: ✅ 0 взято | 🗑️ 21 мусор
2026-04-30 13:34:10,756 | INFO     |   → 178/799 ⚠️ Ошибка: HTTPSConnectionPool(host='nodefree.githubrowcontent.com', port=443): Max retries exceeded with url: /2024/07/20240705.yaml (Caused by NameResolutionError("HTTPSConnection(host='nodefree.githubrowcontent.com', port=443): Failed to resolve 'nodefree.githubrowcontent.com' ([Errno -2] Name or service not known)")) — https://nodefree.org/dy/2023/08/20230806.yaml
2026-04-30 13:34:10,756 | INFO     |   → 179/799 ⚠️ Ошибка: HTTPSConnectionPool(host='nodefree.githubrowcontent.com', port=443): Max retries exceeded with url: /2024/07/20240705.txt (Caused by NameResolutionError("HTTPSConnection(host='nodefree.githubrowcontent.com', port=443): Failed to resolve 'nodefree.githubrowcontent.com' ([Errno -2] Name or service not known)")) — https://nodefree.org/dy/2023/12/20231221.txt
2026-04-30 13:34:10,756 | INFO     |   → 180/799: ✅ 0 взято | 🗑️ 17 мусор
2026-04-30 13:34:10,756 | INFO     |   → 181/799: ✅ 0 взято | 🗑️ 17 мусор
2026-04-30 13:34:10,756 | INFO     |   → 182/799: ✅ 0 взято | 🗑️ 14 мусор
2026-04-30 13:34:10,756 | INFO     |   → 183/799: ✅ 0 взято | 🗑️ 14 мусор
2026-04-30 13:34:10,756 | INFO     |   → 184/799: ✅ 0 взято | 🗑️ 14 мусор
2026-04-30 13:34:10,756 | INFO     |   → 185/799: ✅ 0 взято | 🗑️ 14 мусор
2026-04-30 13:34:10,756 | INFO     |   → 186/799: ✅ 0 взято | 🗑️ 14 мусор
2026-04-30 13:34:10,756 | INFO     |   → 187/799: ✅ 0 взято | 🗑️ 14 мусор
2026-04-30 13:34:10,756 | INFO     |   → 188/799: ✅ 0 взято | 🗑️ 14 мусор
2026-04-30 13:34:10,756 | INFO     |   → 189/799: ✅ 0 взято | 🗑️ 14 мусор
2026-04-30 13:34:10,757 | INFO     |   → 190/799: ✅ 0 взято | 🗑️ 14 мусор
2026-04-30 13:34:10,757 | INFO     |   → 191/799: ✅ 0 взято | 🗑️ 21 мусор
2026-04-30 13:34:10,757 | INFO     |   → 192/799: ✅ 0 взято | 🗑️ 21 мусор
2026-04-30 13:34:10,757 | INFO     |   → 193/799: ✅ 0 взято | 🗑️ 21 мусор
2026-04-30 13:34:10,757 | INFO     |   → 194/799: ✅ 0 взято | 🗑️ 21 мусор
2026-04-30 13:34:10,757 | INFO     |   → 195/799: ✅ 0 взято | 🗑️ 21 мусор
2026-04-30 13:34:10,757 | INFO     |   → 196/799: ✅ 0 взято | 🗑️ 21 мусор
2026-04-30 13:34:10,757 | INFO     |   → 197/799: ✅ 0 взято | 🗑️ 21 мусор
2026-04-30 13:34:10,757 | INFO     |   → 198/799: ✅ 0 взято | 🗑️ 21 мусор
2026-04-30 13:34:10,757 | INFO     |   → 199/799: ✅ 0 взято | 🗑️ 21 мусор
2026-04-30 13:34:10,757 | INFO     |   → 200/799: ✅ 0 взято | 🗑️ 21 мусор
2026-04-30 13:34:10,757 | INFO     |   → 201/799: ✅ 0 взято | 🗑️ 21 мусор
2026-04-30 13:34:10,757 | INFO     |   → 202/799: ✅ 0 взято | 🗑️ 0 мусор
2026-04-30 13:34:10,757 | INFO     |   → 203/799: ✅ 0 взято | 🗑️ 0 мусор
2026-04-30 13:34:10,757 | INFO     |   → 204/799: ✅ 0 взято | 🗑️ 0 мусор
2026-04-30 13:34:10,757 | INFO     |   → 205/799: ✅ 0 взято | 🗑️ 0 мусор
2026-04-30 13:34:10,757 | INFO     |   → 206/799: ✅ 0 взято | 🗑️ 0 мусор
2026-04-30 13:34:10,757 | INFO     |   → 207/799: ✅ 0 взято | 🗑️ 0 мусор
2026-04-30 13:34:10,758 | INFO     |   → 208/799: ✅ 0 взято | 🗑️ 0 мусор
2026-04-30 13:34:10,758 | INFO     |   → 209/799: ✅ 0 взято | 🗑️ 0 мусор
2026-04-30 13:34:10,758 | INFO     |   → 210/799: ✅ 0 взято | 🗑️ 0 мусор
2026-04-30 13:34:10,758 | INFO     |   → 211/799: ✅ 0 взято | 🗑️ 0 мусор
2026-04-30 13:34:10,758 | INFO     |   → 212/799: ✅ 0 взято | 🗑️ 0 мусор
2026-04-30 13:34:10,758 | INFO     |   → 213/799: ✅ 0 взято | 🗑️ 0 мусор
2026-04-30 13:34:10,758 | INFO     |   → 214/799 ❌ HTTP 404 — https://raw.githubusercontent.com/10ium/MihomoSaz/main/Sublist/shatakvpn.yaml4_Sub.txt
2026-04-30 13:34:10,758 | INFO     |   → 215/799: ✅ 0 взято | 🗑️ 0 мусор
2026-04-30 13:34:10,758 | INFO     |   → 216/799: ✅ 0 взято | 🗑️ 0 мусор
2026-04-30 13:34:10,758 | INFO     |   → 217/799: ✅ 12 взято | 🗑️ 38 мусор
2026-04-30 13:34:10,758 | INFO     |   → 218/799: ✅ 0 взято | 🗑️ 0 мусор
2026-04-30 13:34:10,758 | INFO     |   → 219/799: ✅ 0 взято | 🗑️ 0 мусор
2026-04-30 13:34:10,758 | INFO     |   → 220/799: ✅ 11 взято | 🗑️ 399 мусор
2026-04-30 13:34:10,758 | INFO     |   → 221/799: ✅ 0 взято | 🗑️ 0 мусор
2026-04-30 13:34:10,758 | INFO     |   → 222/799 ❌ HTTP 404 — https://raw.githubusercontent.com/9Fork/openit/main/Clash.yaml
2026-04-30 13:34:10,758 | INFO     |   → 223/799: ✅ 100 взято | 🗑️ 381 мусор
2026-04-30 13:34:10,758 | INFO     |   → 224/799: ✅ 0 взято | 🗑️ 381 мусор
2026-04-30 13:34:10,758 | INFO     |   → 225/799: ✅ 19 взято | 🗑️ 81 мусор
2026-04-30 13:34:10,758 | INFO     |   → 226/799: ✅ 11 взято | 🗑️ 87 мусор
2026-04-30 13:34:10,759 | INFO     |   → 227/799: ✅ 27 взято | 🗑️ 73 мусор
2026-04-30 13:34:10,759 | INFO     |   → 228/799: ✅ 13 взято | 🗑️ 75 мусор
2026-04-30 13:34:10,759 | INFO     |   → 229/799: ✅ 10 взято | 🗑️ 83 мусор
2026-04-30 13:34:10,759 | INFO     |   → 230/799: ✅ 12 взято | 🗑️ 86 мусор
2026-04-30 13:34:10,759 | INFO     |   → 231/799: ✅ 11 взято | 🗑️ 87 мусор
2026-04-30 13:34:10,759 | INFO     |   → 232/799: ✅ 11 взято | 🗑️ 80 мусор
2026-04-30 13:34:10,759 | INFO     |   → 233/799: ✅ 9 взято | 🗑️ 82 мусор
2026-04-30 13:34:10,759 | INFO     |   → 234/799: ✅ 69 взято | 🗑️ 3 мусор
2026-04-30 13:34:10,759 | INFO     |   → 235/799: ✅ 3 взято | 🗑️ 75 мусор
2026-04-30 13:34:10,759 | INFO     |   → 236/799: ✅ 4 взято | 🗑️ 69 мусор
2026-04-30 13:34:10,759 | INFO     |   → 237/799: ✅ 4 взято | 🗑️ 80 мусор
2026-04-30 13:34:10,759 | INFO     |   → 238/799: ✅ 6 взято | 🗑️ 81 мусор
2026-04-30 13:34:10,759 | INFO     |   → 239/799: ✅ 5 взято | 🗑️ 79 мусор
2026-04-30 13:34:10,759 | INFO     |   → 240/799: ✅ 11 взято | 🗑️ 78 мусор
2026-04-30 13:34:10,759 | INFO     |   → 241/799: ✅ 3 взято | 🗑️ 83 мусор
2026-04-30 13:34:10,759 | INFO     |   → 242/799: ✅ 14 взято | 🗑️ 76 мусор
2026-04-30 13:34:10,759 | INFO     |   → 243/799: ✅ 12 взято | 🗑️ 78 мусор
2026-04-30 13:34:10,759 | INFO     |   → 244/799: ✅ 26 взято | 🗑️ 218 мусор
2026-04-30 13:34:10,759 | INFO     |   → 245/799: ✅ 44 взято | 🗑️ 141 мусор
2026-04-30 13:34:10,760 | INFO     |   → 246/799: ✅ 10 взято | 🗑️ 71 мусор
2026-04-30 13:34:10,760 | INFO     |   → 247/799: ✅ 2 взято | 🗑️ 88 мусор
2026-04-30 13:34:10,760 | INFO     |   → 248/799: ✅ 0 взято | 🗑️ 3 мусор
2026-04-30 13:34:10,760 | INFO     |   → 249/799: ✅ 14 взято | 🗑️ 4 мусор
2026-04-30 13:34:10,760 | INFO     |   → 250/799: ✅ 640 взято | 🗑️ 2479 мусор
2026-04-30 13:34:10,760 | INFO     |   → 251/799 ❌ HTTP 404 — https://raw.githubusercontent.com/Alvin9999/pac2/master/clash/1/config.yaml
2026-04-30 13:34:10,760 | INFO     |   → 252/799 ❌ HTTP 404 — https://raw.githubusercontent.com/AmirHDevo/temp2/7f15e7ddb311a6f8c5ab338bd1af0e1f2136a84b/configs.txt
2026-04-30 13:34:10,760 | INFO     |   → 253/799: ✅ 15 взято | 🗑️ 65 мусор
2026-04-30 13:34:10,760 | INFO     |   → 254/799: ✅ 1023 взято | 🗑️ 20612 мусор
2026-04-30 13:34:10,760 | INFO     |   → 255/799: ✅ 5 взято | 🗑️ 47 мусор
2026-04-30 13:34:10,760 | INFO     |   → 256/799: ✅ 4 взято | 🗑️ 57 мусор
2026-04-30 13:34:10,760 | INFO     |   → 257/799: ✅ 21 взято | 🗑️ 107 мусор
2026-04-30 13:34:10,760 | INFO     |   → 258/799: ✅ 78 взято | 🗑️ 347 мусор
2026-04-30 13:34:10,760 | INFO     |   → 259/799: ✅ 0 взято | 🗑️ 1373 мусор
2026-04-30 13:34:10,760 | INFO     |   → 260/799: ✅ 339 взято | 🗑️ 1542 мусор
2026-04-30 13:34:10,760 | INFO     |   → 261/799: ✅ 0 взято | 🗑️ 6 мусор
2026-04-30 13:34:10,760 | INFO     |   → 262/799: ✅ 0 взято | 🗑️ 0 мусор
2026-04-30 13:34:10,760 | INFO     |   → 263/799: ✅ 1 взято | 🗑️ 235 мусор
2026-04-30 13:34:10,760 | INFO     |   → 264/799: ✅ 0 взято | 🗑️ 16 мусор
2026-04-30 13:34:10,761 | INFO     |   → 265/799: ✅ 0 взято | 🗑️ 0 мусор
2026-04-30 13:34:10,761 | INFO     |   → 266/799: ✅ 0 взято | 🗑️ 14 мусор
2026-04-30 13:34:10,761 | INFO     |   → 267/799: ✅ 0 взято | 🗑️ 0 мусор
2026-04-30 13:34:10,761 | INFO     |   → 268/799: ✅ 0 взято | 🗑️ 21 мусор
2026-04-30 13:34:10,761 | INFO     |   → 269/799: ✅ 0 взято | 🗑️ 0 мусор
2026-04-30 13:34:10,761 | INFO     |   → 270/799: ✅ 0 взято | 🗑️ 108 мусор
2026-04-30 13:34:10,761 | INFO     |   → 271/799: ✅ 0 взято | 🗑️ 0 мусор
2026-04-30 13:34:10,761 | INFO     |   → 272/799: ✅ 0 взято | 🗑️ 21 мусор
2026-04-30 13:34:10,761 | INFO     |   → 273/799: ✅ 0 взято | 🗑️ 0 мусор
2026-04-30 13:34:10,761 | INFO     |   → 274/799: ✅ 0 взято | 🗑️ 21 мусор
2026-04-30 13:34:10,761 | INFO     |   → 275/799: ✅ 0 взято | 🗑️ 0 мусор
2026-04-30 13:34:10,761 | INFO     |   → 276/799: ✅ 0 взято | 🗑️ 195 мусор
2026-04-30 13:34:10,761 | INFO     |   → 277/799: ✅ 0 взято | 🗑️ 0 мусор
2026-04-30 13:34:10,761 | INFO     |   → 278/799: ✅ 5 взято | 🗑️ 76 мусор
2026-04-30 13:34:10,761 | INFO     |   → 279/799: ✅ 80 взято | 🗑️ 1110 мусор
2026-04-30 13:34:10,761 | INFO     |   → 280/799: ✅ 5 взято | 🗑️ 13 мусор
2026-04-30 13:34:10,761 | INFO     |   → 281/799 ❌ HTTP 404 — https://raw.githubusercontent.com/Epodonios/bulk-xray-v2ray-vless-vmess-...-configs/main/sub/Austria/config.txt
2026-04-30 13:34:10,761 | INFO     |   → 282/799 ❌ HTTP 404 — https://raw.githubusercontent.com/Epodonios/bulk-xray-v2ray-vless-vmess-...-configs/main/sub/Canada/config.txt
2026-04-30 13:34:10,761 | INFO     |   → 283/799 ❌ HTTP 404 — https://raw.githubusercontent.com/Epodonios/bulk-xray-v2ray-vless-vmess-...-configs/main/sub/Costa%20Rica/config.txt
2026-04-30 13:34:10,762 | INFO     |   → 284/799 ❌ HTTP 404 — https://raw.githubusercontent.com/Epodonios/bulk-xray-v2ray-vless-vmess-...-configs/main/sub/France/config.txt
2026-04-30 13:34:10,762 | INFO     |   → 285/799 ❌ HTTP 404 — https://raw.githubusercontent.com/Epodonios/bulk-xray-v2ray-vless-vmess-...-configs/main/sub/Germany/config.txt
2026-04-30 13:34:10,762 | INFO     |   → 286/799 ❌ HTTP 404 — https://raw.githubusercontent.com/Epodonios/bulk-xray-v2ray-vless-vmess-...-configs/main/sub/Indonesia/config.txt
2026-04-30 13:34:10,762 | INFO     |   → 287/799 ❌ HTTP 404 — https://raw.githubusercontent.com/Epodonios/bulk-xray-v2ray-vless-vmess-...-configs/main/sub/Ireland/config.txt
2026-04-30 13:34:10,762 | INFO     |   → 288/799 ❌ HTTP 404 — https://raw.githubusercontent.com/Epodonios/bulk-xray-v2ray-vless-vmess-...-configs/main/sub/Republic%20of%20Lithuania/config.txt
2026-04-30 13:34:10,762 | INFO     |   → 289/799 ❌ HTTP 404 — https://raw.githubusercontent.com/Epodonios/bulk-xray-v2ray-vless-vmess-...-configs/main/sub/South%20Africa/config.txt
2026-04-30 13:34:10,762 | INFO     |   → 290/799 ❌ HTTP 404 — https://raw.githubusercontent.com/Epodonios/bulk-xray-v2ray-vless-vmess-...-configs/main/sub/Sweden/config.txt
2026-04-30 13:34:10,762 | INFO     |   → 291/799 ❌ HTTP 404 — https://raw.githubusercontent.com/Epodonios/bulk-xray-v2ray-vless-vmess-...-configs/main/sub/Turkey/config.txt
2026-04-30 13:34:10,762 | INFO     |   → 292/799 ❌ HTTP 404 — https://raw.githubusercontent.com/Epodonios/bulk-xray-v2ray-vless-vmess-...-configs/main/sub/United%20Arab%20Emirates/config.txt
2026-04-30 13:34:10,762 | INFO     |   → 293/799 ❌ HTTP 404 — https://raw.githubusercontent.com/Epodonios/bulk-xray-v2ray-vless-vmess-...-configs/main/sub/United%20Kingdom/config.txt
2026-04-30 13:34:10,762 | INFO     |   → 294/799 ❌ HTTP 404 — https://raw.githubusercontent.com/Epodonios/bulk-xray-v2ray-vless-vmess-...-configs/main/sub/United%20States/config.txt
2026-04-30 13:34:10,762 | INFO     |   → 295/799: ✅ 315 взято | 🗑️ 3818 мусор
2026-04-30 13:34:10,762 | INFO     |   → 296/799 ❌ HTTP 404 — https://raw.githubusercontent.com/Epodonios/v2ray-configs/main/Splitted-By-Protocol/mix.txt
2026-04-30 13:34:10,762 | INFO     |   → 297/799: ✅ 7 взято | 🗑️ 359 мусор
2026-04-30 13:34:10,762 | INFO     |   → 298/799: ✅ 0 взято | 🗑️ 0 мусор
2026-04-30 13:34:10,762 | INFO     |   → 299/799: ✅ 1 взято | 🗑️ 230 мусор
2026-04-30 13:34:10,762 | INFO     |   → 300/799: ✅ 7 взято | 🗑️ 2663 мусор
2026-04-30 13:34:10,762 | INFO     |   → 301/799: ✅ 2 взято | 🗑️ 559 мусор
2026-04-30 13:34:10,763 | INFO     |   → 302/799 ❌ HTTP 404 — https://raw.githubusercontent.com/Epodonios/v2ray-configs/raw/main/Splitted-By-Protocol/trojan.txt
2026-04-30 13:34:10,763 | INFO     |   → 303/799 ❌ HTTP 404 — https://raw.githubusercontent.com/Epodonios/v2ray-configs/raw/main/Splitted-By-Protocol/vmess.txt
2026-04-30 13:34:10,763 | INFO     |   → 304/799: ✅ 0 взято | 🗑️ 359 мусор
2026-04-30 13:34:10,763 | INFO     |   → 305/799: ✅ 0 взято | 🗑️ 0 мусор
2026-04-30 13:34:10,763 | INFO     |   → 306/799: ✅ 0 взято | 🗑️ 230 мусор
2026-04-30 13:34:10,763 | INFO     |   → 307/799: ✅ 0 взято | 🗑️ 2663 мусор
2026-04-30 13:34:10,763 | INFO     |   → 308/799: ✅ 0 взято | 🗑️ 559 мусор
2026-04-30 13:34:10,763 | INFO     |   → 309/799 ❌ HTTP 404 — https://raw.githubusercontent.com/Fido6/FreeNodes/57221e59caddde55ffdda21d491ae952cd608049/nodes/halekj.txt
2026-04-30 13:34:10,763 | INFO     |   → 310/799 ❌ HTTP 404 — https://raw.githubusercontent.com/Fido6/FreeNodes/57221e59caddde55ffdda21d491ae952cd608049/nodes/kkzui.txt
2026-04-30 13:34:10,763 | INFO     |   → 311/799 ❌ HTTP 404 — https://raw.githubusercontent.com/Fido6/FreeNodes/57221e59caddde55ffdda21d491ae952cd608049/nodes/wenode.txt
2026-04-30 13:34:10,763 | INFO     |   → 312/799: ✅ 0 взято | 🗑️ 0 мусор
2026-04-30 13:34:10,763 | INFO     |   → 313/799: ✅ 0 взято | 🗑️ 0 мусор
2026-04-30 13:34:10,763 | INFO     |   → 314/799: ✅ 14 взято | 🗑️ 250 мусор
2026-04-30 13:34:10,763 | INFO     |   → 315/799: ✅ 4 взято | 🗑️ 16 мусор
2026-04-30 13:34:10,763 | INFO     |   → 316/799: ✅ 1 взято | 🗑️ 17 мусор
2026-04-30 13:34:10,763 | INFO     |   → 317/799: ✅ 4 взято | 🗑️ 11 мусор
2026-04-30 13:34:10,763 | INFO     |   → 318/799: ✅ 0 взято | 🗑️ 0 мусор
2026-04-30 13:34:10,763 | INFO     |   → 319/799: ✅ 0 взято | 🗑️ 137 мусор
2026-04-30 13:34:10,763 | INFO     |   → 320/799: ✅ 0 взято | 🗑️ 32 мусор
2026-04-30 13:34:10,764 | INFO     |   → 321/799: ✅ 2 взято | 🗑️ 19 мусор
2026-04-30 13:34:10,764 | INFO     |   → 322/799: ✅ 0 взято | 🗑️ 43 мусор
2026-04-30 13:34:10,764 | INFO     |   → 323/799: ✅ 0 взято | 🗑️ 43 мусор
2026-04-30 13:34:10,764 | INFO     |   → 324/799 ❌ HTTP 404 — https://raw.githubusercontent.com/Iran-v2ray/v2ray/main/v2ray
2026-04-30 13:34:10,764 | INFO     |   → 325/799: ✅ 0 взято | 🗑️ 1 мусор
2026-04-30 13:34:10,764 | INFO     |   → 326/799: ✅ 0 взято | 🗑️ 1 мусор
2026-04-30 13:34:10,764 | INFO     |   → 327/799: ✅ 0 взято | 🗑️ 28 мусор
2026-04-30 13:34:10,764 | INFO     |   → 328/799: ✅ 14 взято | 🗑️ 282 мусор
2026-04-30 13:34:10,764 | INFO     |   → 329/799: ✅ 0 взято | 🗑️ 94 мусор
2026-04-30 13:34:10,764 | INFO     |   → 330/799: ✅ 0 взято | 🗑️ 0 мусор
2026-04-30 13:34:10,764 | INFO     |   → 331/799: ✅ 0 взято | 🗑️ 0 мусор
2026-04-30 13:34:10,764 | INFO     |   → 332/799 ❌ HTTP 404 — https://raw.githubusercontent.com/Kwinshadow/TelegramV2rayCollector/raw/refs/heads/main/sublinks/mix.txt
2026-04-30 13:34:10,764 | INFO     |   → 333/799 ❌ HTTP 404 — https://raw.githubusercontent.com/LalatinaHub/Mineral/raw/refs/heads/master/result/nodes
2026-04-30 13:34:10,765 | INFO     |   → 334/799 ❌ HTTP 404 — https://raw.githubusercontent.com/Leon406/SubCrawler/main/sub/share/all3
2026-04-30 13:34:10,765 | INFO     |   → 335/799 ❌ HTTP 404 — https://raw.githubusercontent.com/Leon406/SubCrawler/main/sub/share/all4
2026-04-30 13:34:10,765 | INFO     |   → 336/799: ✅ 4 взято | 🗑️ 335 мусор
2026-04-30 13:34:10,765 | INFO     |   → 337/799: ✅ 0 взято | 🗑️ 33 мусор
2026-04-30 13:34:10,765 | INFO     |   → 338/799: ✅ 0 взято | 🗑️ 6 мусор
2026-04-30 13:34:10,765 | INFO     |   → 339/799: ✅ 0 взято | 🗑️ 147 мусор
2026-04-30 13:34:10,765 | INFO     |   → 340/799 ❌ HTTP 404 — https://raw.githubusercontent.com/M-Mashreghi/free-config-collector/main/Splitted-By-Protocol/ssr.txt
2026-04-30 13:34:10,765 | INFO     |   → 341/799: ✅ 139 взято | 🗑️ 114 мусор
2026-04-30 13:34:10,765 | INFO     |   → 342/799: ✅ 126 взято | 🗑️ 137 мусор
2026-04-30 13:34:10,765 | INFO     |   → 343/799: ✅ 0 взято | 🗑️ 12 мусор
2026-04-30 13:34:10,765 | INFO     |   → 344/799: ✅ 0 взято | 🗑️ 1 мусор
2026-04-30 13:34:10,765 | INFO     |   → 345/799: ✅ 34 взято | 🗑️ 57 мусор
2026-04-30 13:34:10,765 | INFO     |   → 346/799: ✅ 0 взято | 🗑️ 57 мусор
2026-04-30 13:34:10,765 | INFO     |   → 347/799 ❌ HTTP 404 — https://raw.githubusercontent.com/MatinGhanbari/v2ray-configs/main/subscriptions/filtered/subs/hy2.txt
2026-04-30 13:34:10,765 | INFO     |   → 348/799: ✅ 29 взято | 🗑️ 1523 мусор
2026-04-30 13:34:10,765 | INFO     |   → 349/799 ❌ HTTP 404 — https://raw.githubusercontent.com/MatinGhanbari/v2ray-configs/main/subscriptions/filtered/subs/ssr.txt
2026-04-30 13:34:10,765 | INFO     |   → 350/799: ✅ 51 взято | 🗑️ 576 мусор
2026-04-30 13:34:10,765 | INFO     |   → 351/799 ❌ HTTP 404 — https://raw.githubusercontent.com/MatinGhanbari/v2ray-configs/main/subscriptions/filtered/subs/tuic.txt
2026-04-30 13:34:10,765 | INFO     |   → 352/799: ✅ 11 взято | 🗑️ 225 мусор
2026-04-30 13:34:10,766 | INFO     |   → 353/799: ✅ 202 взято | 🗑️ 1314 мусор
2026-04-30 13:34:10,766 | INFO     |   → 354/799: ✅ 0 взято | 🗑️ 2 мусор
2026-04-30 13:34:10,766 | INFO     |   → 355/799: ✅ 153 взято | 🗑️ 839 мусор
2026-04-30 13:34:10,766 | INFO     |   → 356/799: ✅ 0 взято | 🗑️ 428 мусор
2026-04-30 13:34:10,766 | INFO     |   → 357/799: ✅ 0 взято | 🗑️ 428 мусор
2026-04-30 13:34:10,766 | INFO     |   → 358/799: ✅ 0 взято | 🗑️ 26 мусор
2026-04-30 13:34:10,766 | INFO     |   → 359/799: ✅ 0 взято | 🗑️ 2 мусор
2026-04-30 13:34:10,766 | INFO     |   → 360/799: ✅ 0 взято | 🗑️ 307 мусор
2026-04-30 13:34:10,766 | INFO     |   → 361/799: ✅ 0 взято | 🗑️ 84 мусор
2026-04-30 13:34:10,766 | INFO     |   → 362/799 ❌ HTTP 404 — https://raw.githubusercontent.com/MhdiTaheri/V2rayCollector/raw/refs/heads/main/sub/mix
2026-04-30 13:34:10,766 | INFO     |   → 363/799: ✅ 53 взято | 🗑️ 267 мусор
2026-04-30 13:34:10,766 | INFO     |   → 364/799 ❌ HTTP 404 — https://raw.githubusercontent.com/MhdiTaheri/V2rayCollector_Py/raw/refs/heads/main/sub/Mix/mix.txt
2026-04-30 13:34:10,766 | INFO     |   → 365/799: ✅ 0 взято | 🗑️ 0 мусор
2026-04-30 13:34:10,766 | INFO     |   → 366/799: ✅ 43 взято | 🗑️ 217 мусор
2026-04-30 13:34:10,766 | INFO     |   → 367/799: ✅ 0 взято | 🗑️ 31 мусор
2026-04-30 13:34:10,766 | INFO     |   → 368/799: ✅ 93 взято | 🗑️ 282 мусор
2026-04-30 13:34:10,766 | INFO     |   → 369/799: ✅ 0 взято | 🗑️ 26 мусор
2026-04-30 13:34:10,766 | INFO     |   → 370/799 ❌ HTTP 404 — https://raw.githubusercontent.com/MrMohebi/xray-proxy-grabber-telegram/master/collected-proxies/clash-meta/all.yaml
2026-04-30 13:34:10,766 | INFO     |   → 371/799 ❌ HTTP 404 — https://raw.githubusercontent.com/MrMohebi/xray-proxy-grabber-telegram/master/collected-proxies/row-url/actives.txt
2026-04-30 13:34:10,767 | INFO     |   → 372/799 ❌ HTTP 404 — https://raw.githubusercontent.com/MrMohebi/xray-proxy-grabber-telegram/master/collected-proxies/row-url/all.txt
2026-04-30 13:34:10,767 | INFO     |   → 373/799: ✅ 0 взято | 🗑️ 13 мусор
2026-04-30 13:34:10,767 | INFO     |   → 374/799: ✅ 0 взято | 🗑️ 13 мусор
2026-04-30 13:34:10,767 | INFO     |   → 375/799: ✅ 5 взято | 🗑️ 15 мусор
2026-04-30 13:34:10,767 | INFO     |   → 376/799: ✅ 0 взято | 🗑️ 30 мусор
2026-04-30 13:34:10,767 | INFO     |   → 377/799: ✅ 0 взято | 🗑️ 15 мусор
2026-04-30 13:34:10,767 | INFO     |   → 378/799: ✅ 66 взято | 🗑️ 123 мусор
2026-04-30 13:34:10,767 | INFO     |   → 379/799: ✅ 175 взято | 🗑️ 582 мусор
2026-04-30 13:34:10,767 | INFO     |   → 380/799: ✅ 0 взято | 🗑️ 0 мусор
2026-04-30 13:34:10,767 | INFO     |   → 381/799 ❌ HTTP 404 — https://raw.githubusercontent.com/OpenCNLink/freevpn/3cfcff048bfdd1493ccffa52ecf30ce7f9fc6b28/src/list/vmess.txt
2026-04-30 13:34:10,767 | INFO     |   → 382/799 ❌ HTTP 404 — https://raw.githubusercontent.com/Pawdro/Collection/main/sub
2026-04-30 13:34:10,767 | INFO     |   → 383/799: ✅ 0 взято | 🗑️ 17 мусор
2026-04-30 13:34:10,767 | INFO     |   → 384/799: ✅ 0 взято | 🗑️ 17 мусор
2026-04-30 13:34:10,767 | INFO     |   → 385/799: ✅ 0 взято | 🗑️ 0 мусор
2026-04-30 13:34:10,767 | INFO     |   → 386/799: ✅ 0 взято | 🗑️ 0 мусор
2026-04-30 13:34:10,767 | INFO     |   → 387/799: ✅ 0 взято | 🗑️ 50 мусор
2026-04-30 13:34:10,767 | INFO     |   → 388/799: ✅ 5 взято | 🗑️ 206 мусор
2026-04-30 13:34:10,767 | INFO     |   → 389/799: ✅ 21 взято | 🗑️ 138 мусор
2026-04-30 13:34:10,768 | INFO     |   → 390/799: ✅ 23 взято | 🗑️ 89 мусор
2026-04-30 13:34:10,768 | INFO     |   → 391/799: ✅ 9 взято | 🗑️ 85 мусор
2026-04-30 13:34:10,768 | INFO     |   → 392/799: ✅ 0 взято | 🗑️ 129 мусор
2026-04-30 13:34:10,768 | INFO     |   → 393/799: ✅ 0 взято | 🗑️ 81 мусор
2026-04-30 13:34:10,768 | INFO     |   → 394/799 ❌ HTTP 404 — https://raw.githubusercontent.com/STR97/STRUGOV/refs/heads/main/STR.BYPASS
2026-04-30 13:34:10,768 | INFO     |   → 395/799: ✅ 4 взято | 🗑️ 34 мусор
2026-04-30 13:34:10,768 | INFO     |   → 396/799: ✅ 11 взято | 🗑️ 16 мусор
2026-04-30 13:34:10,768 | INFO     |   → 397/799: ✅ 0 взято | 🗑️ 16 мусор
2026-04-30 13:34:10,768 | INFO     |   → 398/799: ✅ 0 взято | 🗑️ 27 мусор
2026-04-30 13:34:10,768 | INFO     |   → 399/799: ✅ 140 взято | 🗑️ 1153 мусор
2026-04-30 13:34:10,768 | INFO     |   → 400/799: ✅ 29 взято | 🗑️ 54 мусор
2026-04-30 13:34:10,768 | INFO     |   → 401/799: ✅ 0 взято | 🗑️ 0 мусор
2026-04-30 13:34:10,768 | INFO     |   → 402/799: ✅ 0 взято | 🗑️ 0 мусор
2026-04-30 13:34:10,768 | INFO     |   → 403/799: ✅ 0 взято | 🗑️ 2 мусор
2026-04-30 13:34:10,768 | INFO     |   → 404/799: ✅ 0 взято | 🗑️ 0 мусор
2026-04-30 13:34:10,768 | INFO     |   → 405/799: ✅ 0 взято | 🗑️ 2 мусор
2026-04-30 13:34:10,768 | INFO     |   → 406/799: ✅ 4 взято | 🗑️ 291 мусор
2026-04-30 13:34:10,768 | INFO     |   → 407/799: ✅ 0 взято | 🗑️ 119 мусор
2026-04-30 13:34:10,769 | INFO     |   → 408/799: ✅ 0 взято | 🗑️ 0 мусор
2026-04-30 13:34:10,769 | INFO     |   → 409/799 ❌ HTTP 404 — https://raw.githubusercontent.com/V2RAYCONFIGSPOOL/V2RAY_SUB/main/V2RAY_SUB.txt
2026-04-30 13:34:10,769 | INFO     |   → 410/799: ✅ 19 взято | 🗑️ 201 мусор
2026-04-30 13:34:10,769 | INFO     |   → 411/799: ✅ 19 взято | 🗑️ 76 мусор
2026-04-30 13:34:10,769 | INFO     |   → 412/799: ✅ 0 взято | 🗑️ 0 мусор
2026-04-30 13:34:10,769 | INFO     |   → 413/799: ✅ 0 взято | 🗑️ 76 мусор
2026-04-30 13:34:10,769 | INFO     |   → 414/799: ✅ 58 взято | 🗑️ 348 мусор
2026-04-30 13:34:10,769 | INFO     |   → 415/799: ✅ 1 взято | 🗑️ 231 мусор
2026-04-30 13:34:10,769 | INFO     |   → 416/799: ✅ 0 взято | 🗑️ 0 мусор
2026-04-30 13:34:10,769 | INFO     |   → 417/799: ✅ 1 взято | 🗑️ 83 мусор
2026-04-30 13:34:10,769 | INFO     |   → 418/799: ✅ 0 взято | 🗑️ 16 мусор
2026-04-30 13:34:10,769 | INFO     |   → 419/799: ✅ 0 взято | 🗑️ 16 мусор
2026-04-30 13:34:10,769 | INFO     |   → 420/799 ❌ HTTP 404 — https://raw.githubusercontent.com/aiboboxx/clashfree/main/clash.yml
2026-04-30 13:34:10,769 | INFO     |   → 421/799 ❌ HTTP 404 — https://raw.githubusercontent.com/aiboboxx/v2rayfree/main/v2
2026-04-30 13:34:10,769 | INFO     |   → 422/799 ❌ HTTP 404 — https://raw.githubusercontent.com/amirmohammad-mohammad-88/Sub-Reality-Azadi-config/Config/Azadi-Reality-Different
2026-04-30 13:34:10,769 | INFO     |   → 423/799 ❌ HTTP 404 — https://raw.githubusercontent.com/amirmohammad-mohammad-88/Sub-Reality-Azadi-config/Config/Azadi-Reality-Different-Base64
2026-04-30 13:34:10,769 | INFO     |   → 424/799: ✅ 1 взято | 🗑️ 17 мусор
2026-04-30 13:34:10,769 | INFO     |   → 425/799: ✅ 0 взято | 🗑️ 0 мусор
2026-04-30 13:34:10,769 | INFO     |   → 426/799: ✅ 4 взято | 🗑️ 114 мусор
2026-04-30 13:34:10,770 | INFO     |   → 427/799: ✅ 19 взято | 🗑️ 85 мусор
2026-04-30 13:34:10,770 | INFO     |   → 428/799 ❌ HTTP 404 — https://raw.githubusercontent.com/awesome-vpn/awesome-vpn/master/ss
2026-04-30 13:34:10,770 | INFO     |   → 429/799 ❌ HTTP 404 — https://raw.githubusercontent.com/awesome-vpn/awesome-vpn/master/ssr
2026-04-30 13:34:10,770 | INFO     |   → 430/799: ✅ 0 взято | 🗑️ 0 мусор
2026-04-30 13:34:10,770 | INFO     |   → 431/799: ✅ 1 взято | 🗑️ 22 мусор
2026-04-30 13:34:10,770 | INFO     |   → 432/799: ✅ 0 взято | 🗑️ 174 мусор
2026-04-30 13:34:10,770 | INFO     |   → 433/799 ❌ HTTP 404 — https://raw.githubusercontent.com/barry-far/V2ray-Configs/ced94ddfff48276ec365b40227561f36b1b64bc8/Sub5.txt
2026-04-30 13:34:10,770 | INFO     |   → 434/799 ❌ HTTP 404 — https://raw.githubusercontent.com/barry-far/V2ray-Configs/main/Splitted-By-Protocol/hysteria2.txt
2026-04-30 13:34:10,770 | INFO     |   → 435/799 ❌ HTTP 404 — https://raw.githubusercontent.com/barry-far/V2ray-Configs/main/Splitted-By-Protocol/vless.txt
2026-04-30 13:34:10,770 | INFO     |   → 436/799 ❌ HTTP 404 — https://raw.githubusercontent.com/barry-far/V2ray-Configs/main/Sub1.txt
2026-04-30 13:34:10,770 | INFO     |   → 437/799 ❌ HTTP 404 — https://raw.githubusercontent.com/barry-far/V2ray-Configs/refs/heads/main/All_Configs_Sub.txt
2026-04-30 13:34:10,770 | INFO     |   → 438/799: ✅ 0 взято | 🗑️ 0 мусор
2026-04-30 13:34:10,770 | INFO     |   → 439/799 ❌ HTTP 404 — https://raw.githubusercontent.com/budamu/clashconfig/main/v2ray.txt
2026-04-30 13:34:10,770 | INFO     |   → 440/799 ❌ HTTP 404 — https://raw.githubusercontent.com/budamu/clashconfig/main/v2ray2.txt
2026-04-30 13:34:10,770 | INFO     |   → 441/799: ✅ 0 взято | 🗑️ 0 мусор
2026-04-30 13:34:10,770 | INFO     |   → 442/799: ✅ 0 взято | 🗑️ 442 мусор
2026-04-30 13:34:10,770 | INFO     |   → 443/799: ✅ 0 взято | 🗑️ 0 мусор
2026-04-30 13:34:10,770 | INFO     |   → 444/799 ❌ HTTP 404 — https://raw.githubusercontent.com/chxxyz2004/zd/17fca23b73c46b5dd73e9be49b14d219b5e5f836/sub/2401/240110.txt
2026-04-30 13:34:10,770 | INFO     |   → 445/799: ✅ 0 взято | 🗑️ 44 мусор
2026-04-30 13:34:10,770 | INFO     |   → 446/799: ✅ 236 взято | 🗑️ 517 мусор
2026-04-30 13:34:10,770 | INFO     |   → 447/799 ❌ HTTP 404 — https://raw.githubusercontent.com/cxr9912/cxr2022/main/free.yaml
2026-04-30 13:34:10,770 | INFO     |   → 448/799 ❌ HTTP 404 — https://raw.githubusercontent.com/cxr9912/cxr2022/main/mix.yaml
2026-04-30 13:34:10,771 | INFO     |   → 449/799 ❌ HTTP 404 — https://raw.githubusercontent.com/cxr9912/cxr2022/main/ss.yaml
2026-04-30 13:34:10,771 | INFO     |   → 450/799 ❌ HTTP 404 — https://raw.githubusercontent.com/cxr9912/cxr2022/main/ssr.yaml
2026-04-30 13:34:10,771 | INFO     |   → 451/799 ❌ HTTP 404 — https://raw.githubusercontent.com/cxr9912/cxr2022/main/vmess.yaml
2026-04-30 13:34:10,771 | INFO     |   → 452/799 ❌ HTTP 404 — https://raw.githubusercontent.com/cxr9912/cxr2022/refs/heads/main/18cj.json
2026-04-30 13:34:10,771 | INFO     |   → 453/799 ❌ HTTP 404 — https://raw.githubusercontent.com/cxr9912/cxr2022/refs/heads/main/aaaaaaaa.yaml
2026-04-30 13:34:10,771 | INFO     |   → 454/799 ❌ HTTP 404 — https://raw.githubusercontent.com/cxr9912/cxr2022/refs/heads/main/free.yaml
2026-04-30 13:34:10,771 | INFO     |   → 455/799 ❌ HTTP 404 — https://raw.githubusercontent.com/cxr9912/cxr2022/refs/heads/main/ss2088.txt
2026-04-30 13:34:10,771 | INFO     |   → 456/799: ✅ 0 взято | 🗑️ 18 мусор
2026-04-30 13:34:10,771 | INFO     |   → 457/799: ✅ 0 взято | 🗑️ 18 мусор
2026-04-30 13:34:10,771 | INFO     |   → 458/799: ✅ 6 взято | 🗑️ 78 мусор
2026-04-30 13:34:10,771 | INFO     |   → 459/799: ✅ 6 взято | 🗑️ 4 мусор
2026-04-30 13:34:10,771 | INFO     |   → 460/799: ✅ 0 взято | 🗑️ 2 мусор
2026-04-30 13:34:10,771 | INFO     |   → 461/799: ✅ 0 взято | 🗑️ 2 мусор
2026-04-30 13:34:10,771 | INFO     |   → 462/799: ✅ 0 взято | 🗑️ 2 мусор
2026-04-30 13:34:10,771 | INFO     |   → 463/799: ✅ 0 взято | 🗑️ 3 мусор
2026-04-30 13:34:10,771 | INFO     |   → 464/799: ✅ 0 взято | 🗑️ 2 мусор
2026-04-30 13:34:10,771 | INFO     |   → 465/799: ✅ 0 взято | 🗑️ 9 мусор
2026-04-30 13:34:10,771 | INFO     |   → 466/799: ✅ 1 взято | 🗑️ 1 мусор
2026-04-30 13:34:10,771 | INFO     |   → 467/799: ✅ 0 взято | 🗑️ 10 мусор
2026-04-30 13:34:10,771 | INFO     |   → 468/799: ✅ 0 взято | 🗑️ 2 мусор
2026-04-30 13:34:10,771 | INFO     |   → 469/799: ✅ 0 взято | 🗑️ 0 мусор
2026-04-30 13:34:10,771 | INFO     |   → 470/799: ✅ 77 взято | 🗑️ 3489 мусор
2026-04-30 13:34:10,771 | INFO     |   → 471/799: ✅ 56 взято | 🗑️ 90 мусор
2026-04-30 13:34:10,771 | INFO     |   → 472/799: ✅ 6 взято | 🗑️ 113 мусор
2026-04-30 13:34:10,771 | INFO     |   → 473/799: ✅ 0 взято | 🗑️ 0 мусор
2026-04-30 13:34:10,771 | INFO     |   → 474/799: ✅ 1 взято | 🗑️ 25 мусор
2026-04-30 13:34:10,771 | INFO     |   → 475/799: ✅ 0 взято | 🗑️ 0 мусор
2026-04-30 13:34:10,771 | INFO     |   → 476/799: ✅ 13 взято | 🗑️ 19 мусор
2026-04-30 13:34:10,771 | INFO     |   → 477/799: ✅ 0 взято | 🗑️ 5 мусор
2026-04-30 13:34:10,771 | INFO     |   → 478/799: ✅ 2 взято | 🗑️ 80 мусор
2026-04-30 13:34:10,771 | INFO     |   → 479/799 ❌ HTTP 404 — https://raw.githubusercontent.com/free-nodes/v2rayfree/main/v2
2026-04-30 13:34:10,771 | INFO     |   → 480/799 ❌ HTTP 404 — https://raw.githubusercontent.com/free-v2ray-config/trojan/main/trojan.txt
2026-04-30 13:34:10,771 | INFO     |   → 481/799 ❌ HTTP 404 — https://raw.githubusercontent.com/free-v2ray-config/vless/main/vless.txt
2026-04-30 13:34:10,771 | INFO     |   → 482/799 ❌ HTTP 404 — https://raw.githubusercontent.com/free-v2ray-config/vmess/main/vmess.txt
2026-04-30 13:34:10,771 | INFO     |   → 483/799: ✅ 5 взято | 🗑️ 169 мусор
2026-04-30 13:34:10,771 | INFO     |   → 484/799: ✅ 34 взято | 🗑️ 121 мусор
2026-04-30 13:34:10,771 | INFO     |   → 485/799: ✅ 4 взято | 🗑️ 97 мусор
2026-04-30 13:34:10,771 | INFO     |   → 486/799 ❌ HTTP 404 — https://raw.githubusercontent.com/free18/v2ray/main/Clash.yaml
2026-04-30 13:34:10,771 | INFO     |   → 487/799: ✅ 0 взято | 🗑️ 0 мусор
2026-04-30 13:34:10,771 | INFO     |   → 488/799: ✅ 0 взято | 🗑️ 15 мусор
2026-04-30 13:34:10,771 | INFO     |   → 489/799: ✅ 0 взято | 🗑️ 0 мусор
2026-04-30 13:34:10,771 | INFO     |   → 490/799: ✅ 0 взято | 🗑️ 8 мусор
2026-04-30 13:34:10,771 | INFO     |   → 491/799: ✅ 0 взято | 🗑️ 8 мусор
2026-04-30 13:34:10,771 | INFO     |   → 492/799: ✅ 0 взято | 🗑️ 8 мусор
2026-04-30 13:34:10,771 | INFO     |   → 493/799: ✅ 0 взято | 🗑️ 8 мусор
2026-04-30 13:34:10,772 | INFO     |   → 494/799 ❌ HTTP 404 — https://raw.githubusercontent.com/freev2rayconfig/V2RAY_SUB/3e6a7786a1601ee3723e8d043ae79e70dbdfd9a8/v2rayconfigs.txt
2026-04-30 13:34:10,772 | INFO     |   → 495/799 ❌ HTTP 404 — https://raw.githubusercontent.com/freev2rayconfig/V2RAY_SUBSCRIPTION_LINK/main/v2rayconfigs.txt
2026-04-30 13:34:10,772 | INFO     |   → 496/799 ❌ HTTP 404 — https://raw.githubusercontent.com/gfpcom/free-proxy-list/main/list/http.txt
2026-04-30 13:34:10,772 | INFO     |   → 497/799 ❌ HTTP 404 — https://raw.githubusercontent.com/gfpcom/free-proxy-list/main/list/https.txt
2026-04-30 13:34:10,772 | INFO     |   → 498/799 ❌ HTTP 404 — https://raw.githubusercontent.com/gfpcom/free-proxy-list/main/list/socks4.txt
2026-04-30 13:34:10,772 | INFO     |   → 499/799 ❌ HTTP 404 — https://raw.githubusercontent.com/gfpcom/free-proxy-list/main/list/socks4a.txt
2026-04-30 13:34:10,772 | INFO     |   → 500/799 ❌ HTTP 404 — https://raw.githubusercontent.com/gfpcom/free-proxy-list/main/list/socks5.txt
2026-04-30 13:34:10,772 | INFO     |   → 501/799 ❌ HTTP 404 — https://raw.githubusercontent.com/gfpcom/free-proxy-list/main/list/socks5h.txt
2026-04-30 13:34:10,772 | INFO     |   → 502/799 ❌ HTTP 404 — https://raw.githubusercontent.com/gfpcom/free-proxy-list/main/list/ss.txt
2026-04-30 13:34:10,772 | INFO     |   → 503/799 ❌ HTTP 404 — https://raw.githubusercontent.com/gfpcom/free-proxy-list/main/list/ssr.txt
2026-04-30 13:34:10,772 | INFO     |   → 504/799 ❌ HTTP 404 — https://raw.githubusercontent.com/gfpcom/free-proxy-list/main/list/trojan.txt
2026-04-30 13:34:10,772 | INFO     |   → 505/799 ❌ HTTP 404 — https://raw.githubusercontent.com/gfpcom/free-proxy-list/main/list/vless.txt
2026-04-30 13:34:10,772 | INFO     |   → 506/799 ❌ HTTP 404 — https://raw.githubusercontent.com/gfpcom/free-proxy-list/main/list/vmess.txt
2026-04-30 13:34:10,772 | INFO     |   → 507/799: ✅ 0 взято | 🗑️ 17 мусор
2026-04-30 13:34:10,772 | INFO     |   → 508/799: ✅ 0 взято | 🗑️ 0 мусор
2026-04-30 13:34:10,772 | INFO     |   → 509/799: ✅ 4 взято | 🗑️ 63 мусор
2026-04-30 13:34:10,772 | INFO     |   → 510/799 ❌ HTTP 404 — https://raw.githubusercontent.com/hameed-maleki/TVC/89a4522969c57dcc22458cae9898426e5c4f2679/lite/config.txt
2026-04-30 13:34:10,772 | INFO     |   → 511/799: ✅ 5 взято | 🗑️ 132 мусор
2026-04-30 13:34:10,772 | INFO     |   → 512/799: ✅ 0 взято | 🗑️ 56 мусор
2026-04-30 13:34:10,772 | INFO     |   → 513/799 ❌ HTTP 404 — https://raw.githubusercontent.com/hkaa0/permalink/main/proxy/V2ray
2026-04-30 13:34:10,772 | INFO     |   → 514/799 ❌ HTTP 404 — https://raw.githubusercontent.com/hkaa0/permalink/main/proxy/clash
2026-04-30 13:34:10,772 | INFO     |   → 515/799 ❌ HTTP 404 — https://raw.githubusercontent.com/hkpc/Autoproxy/6cf946ddfc677a29062007e4b47d70674474baa7/sub/2401/240110.txt
2026-04-30 13:34:10,772 | INFO     |   → 516/799 ❌ HTTP 404 — https://raw.githubusercontent.com/hkpc/V2ray-Configs/7d9aa0dabf947af180a7dd6302818ed37950531a/Sub1.txt
2026-04-30 13:34:10,772 | INFO     |   → 517/799: ✅ 0 взято | 🗑️ 14 мусор
2026-04-30 13:34:10,772 | INFO     |   → 518/799: ✅ 16 взято | 🗑️ 16 мусор
2026-04-30 13:34:10,772 | INFO     |   → 519/799 ❌ HTTP 404 — https://raw.githubusercontent.com/iboxz/free-v2ray-collector/main/main
2026-04-30 13:34:10,772 | INFO     |   → 520/799: ✅ 14 взято | 🗑️ 15 мусор
2026-04-30 13:34:10,772 | INFO     |   → 521/799: ✅ 9 взято | 🗑️ 13 мусор
2026-04-30 13:34:10,772 | INFO     |   → 522/799: ✅ 62 взято | 🗑️ 258 мусор
2026-04-30 13:34:10,772 | INFO     |   → 523/799 ❌ HTTP 404 — https://raw.githubusercontent.com/igareck/vpn-configs-for-russia/refs/heads/main/Vless-Reality-White-Lists-Rus-Cable.txt
2026-04-30 13:34:10,772 | INFO     |   → 524/799: ✅ 138 взято | 🗑️ 7 мусор
2026-04-30 13:34:10,772 | INFO     |   → 525/799: ✅ 0 взято | 🗑️ 0 мусор
2026-04-30 13:34:10,772 | INFO     |   → 526/799: ✅ 0 взято | 🗑️ 0 мусор
2026-04-30 13:34:10,772 | INFO     |   → 527/799: ✅ 23 взято | 🗑️ 9 мусор
2026-04-30 13:34:10,772 | INFO     |   → 528/799: ✅ 0 взято | 🗑️ 0 мусор
2026-04-30 13:34:10,773 | INFO     |   → 529/799: ✅ 0 взято | 🗑️ 0 мусор
2026-04-30 13:34:10,773 | INFO     |   → 530/799: ✅ 0 взято | 🗑️ 12 мусор
2026-04-30 13:34:10,773 | INFO     |   → 531/799: ✅ 0 взято | 🗑️ 43 мусор
2026-04-30 13:34:10,773 | INFO     |   → 532/799 ❌ HTTP 404 — https://raw.githubusercontent.com/jw853355718/clash_233/master/config.yml
2026-04-30 13:34:10,773 | INFO     |   → 533/799: ✅ 0 взято | 🗑️ 210 мусор
2026-04-30 13:34:10,773 | INFO     |   → 534/799: ✅ 0 взято | 🗑️ 0 мусор
2026-04-30 13:34:10,773 | INFO     |   → 535/799: ✅ 0 взято | 🗑️ 0 мусор
2026-04-30 13:34:10,773 | INFO     |   → 536/799 ❌ HTTP 404 — https://raw.githubusercontent.com/lcx12901/v2ray-/master/sspool.herokuapp.com/yzcloud.yaml
2026-04-30 13:34:10,773 | INFO     |   → 537/799 ❌ HTTP 404 — https://raw.githubusercontent.com/lcx12901/v2ray-/master/sspool.herokuapp.com/yzcloud2.yaml
2026-04-30 13:34:10,773 | INFO     |   → 538/799: ✅ 0 взято | 🗑️ 0 мусор
2026-04-30 13:34:10,773 | INFO     |   → 539/799 ❌ HTTP 404 — https://raw.githubusercontent.com/learnhard-cn/free_proxy_ss/main/clash/config.yaml
2026-04-30 13:34:10,773 | INFO     |   → 540/799: ✅ 0 взято | 🗑️ 8 мусор
2026-04-30 13:34:10,773 | INFO     |   → 541/799: ✅ 0 взято | 🗑️ 4 мусор
2026-04-30 13:34:10,773 | INFO     |   → 542/799: ✅ 0 взято | 🗑️ 0 мусор
2026-04-30 13:34:10,773 | INFO     |   → 543/799: ✅ 0 взято | 🗑️ 4 мусор
2026-04-30 13:34:10,773 | INFO     |   → 544/799: ✅ 0 взято | 🗑️ 149 мусор
2026-04-30 13:34:10,773 | INFO     |   → 545/799: ✅ 0 взято | 🗑️ 421 мусор
2026-04-30 13:34:10,773 | INFO     |   → 546/799 ❌ HTTP 404 — https://raw.githubusercontent.com/lisylva-lee/v2dyku/main/ssr
2026-04-30 13:34:10,773 | INFO     |   → 547/799 ❌ HTTP 404 — https://raw.githubusercontent.com/lisylva-lee/v2dyku/main/v2dy
2026-04-30 13:34:10,773 | INFO     |   → 548/799: ✅ 0 взято | 🗑️ 53 мусор
2026-04-30 13:34:10,773 | INFO     |   → 549/799 ❌ HTTP 404 — https://raw.githubusercontent.com/luxl-1379/merge/77247d23def72b25226dfa741614e9b07a569c72/sub/sub_merge_base64.txt
2026-04-30 13:34:10,773 | INFO     |   → 550/799: ✅ 146 взято | 🗑️ 343 мусор
2026-04-30 13:34:10,773 | INFO     |   → 551/799: ✅ 0 взято | 🗑️ 127 мусор
2026-04-30 13:34:10,773 | INFO     |   → 552/799: ✅ 715 взято | 🗑️ 3960 мусор
2026-04-30 13:34:10,773 | INFO     |   → 553/799: ✅ 0 взято | 🗑️ 0 мусор
2026-04-30 13:34:10,773 | INFO     |   → 554/799: ✅ 0 взято | 🗑️ 3960 мусор
2026-04-30 13:34:10,773 | INFO     |   → 555/799: ✅ 20 взято | 🗑️ 370 мусор
2026-04-30 13:34:10,773 | INFO     |   → 556/799 ❌ HTTP 404 — https://raw.githubusercontent.com/mermeroo/Clash-V2ray/main/v2ray
2026-04-30 13:34:10,773 | INFO     |   → 557/799: ✅ 15 взято | 🗑️ 417 мусор
2026-04-30 13:34:10,773 | INFO     |   → 558/799: ✅ 6 взято | 🗑️ 102 мусор
2026-04-30 13:34:10,773 | INFO     |   → 559/799: ✅ 716 взято | 🗑️ 6258 мусор
2026-04-30 13:34:10,773 | INFO     |   → 560/799: ✅ 8 взято | 🗑️ 853 мусор
2026-04-30 13:34:10,773 | INFO     |   → 561/799: ✅ 32 взято | 🗑️ 69 мусор
2026-04-30 13:34:10,773 | INFO     |   → 562/799 ❌ HTTP 404 — https://raw.githubusercontent.com/mermeroo/free-v2ray-collector/main/main/mix
2026-04-30 13:34:10,773 | INFO     |   → 563/799 ❌ HTTP 404 — https://raw.githubusercontent.com/mermeroo/free-v2ray-collector/main/main/reality
2026-04-30 13:34:10,773 | INFO     |   → 564/799 ❌ HTTP 404 — https://raw.githubusercontent.com/mermeroo/free-v2ray-collector/main/main/shadowsocks
2026-04-30 13:34:10,773 | INFO     |   → 565/799 ❌ HTTP 404 — https://raw.githubusercontent.com/mermeroo/free-v2ray-collector/main/main/trojan
2026-04-30 13:34:10,773 | INFO     |   → 566/799 ❌ HTTP 404 — https://raw.githubusercontent.com/mermeroo/free-v2ray-collector/main/main/vless
2026-04-30 13:34:10,773 | INFO     |   → 567/799 ❌ HTTP 404 — https://raw.githubusercontent.com/mermeroo/free-v2ray-collector/main/main/vmess
2026-04-30 13:34:10,773 | INFO     |   → 568/799: ✅ 0 взято | 🗑️ 134 мусор
2026-04-30 13:34:10,773 | INFO     |   → 569/799: ✅ 0 взято | 🗑️ 134 мусор
2026-04-30 13:34:10,773 | INFO     |   → 570/799: ✅ 0 взято | 🗑️ 134 мусор
2026-04-30 13:34:10,773 | INFO     |   → 571/799: ✅ 461 взято | 🗑️ 13005 мусор
2026-04-30 13:34:10,773 | INFO     |   → 572/799: ✅ 0 взято | 🗑️ 13005 мусор
2026-04-30 13:34:10,773 | INFO     |   → 573/799: ✅ 0 взято | 🗑️ 3183 мусор
2026-04-30 13:34:10,774 | INFO     |   → 574/799: ✅ 0 взято | 🗑️ 1323 мусор
2026-04-30 13:34:10,774 | INFO     |   → 575/799: ✅ 0 взято | 🗑️ 4515 мусор
2026-04-30 13:34:10,774 | INFO     |   → 576/799: ✅ 0 взято | 🗑️ 3984 мусор
2026-04-30 13:34:10,774 | INFO     |   → 577/799 ❌ HTTP 404 — https://raw.githubusercontent.com/mianous/qiren/main/qiren.txt
2026-04-30 13:34:10,774 | INFO     |   → 578/799 ❌ HTTP 404 — https://raw.githubusercontent.com/miladtahanian/V2RayCFGDumper/refs/heads/main/config.txt
2026-04-30 13:34:10,774 | INFO     |   → 579/799 ❌ HTTP 404 — https://raw.githubusercontent.com/miladtahanian/multi-proxy-config-fetcher/refs/heads/main/configs/proxy_configs.txt
2026-04-30 13:34:10,774 | INFO     |   → 580/799: ✅ 0 взято | 🗑️ 0 мусор
2026-04-30 13:34:10,774 | INFO     |   → 581/799: ✅ 0 взято | 🗑️ 0 мусор
2026-04-30 13:34:10,774 | INFO     |   → 582/799: ✅ 0 взято | 🗑️ 0 мусор
2026-04-30 13:34:10,774 | INFO     |   → 583/799: ✅ 15 взято | 🗑️ 46 мусор
2026-04-30 13:34:10,774 | INFO     |   → 584/799: ✅ 0 взято | 🗑️ 258 мусор
2026-04-30 13:34:10,774 | INFO     |   → 585/799: ✅ 0 взято | 🗑️ 0 мусор
2026-04-30 13:34:10,774 | INFO     |   → 586/799: ✅ 28 взято | 🗑️ 93 мусор
2026-04-30 13:34:10,774 | INFO     |   → 587/799: ✅ 0 взято | 🗑️ 0 мусор
2026-04-30 13:34:10,774 | INFO     |   → 588/799: ✅ 15 взято | 🗑️ 70 мусор
2026-04-30 13:34:10,774 | INFO     |   → 589/799: ✅ 127 взято | 🗑️ 492 мусор
2026-04-30 13:34:10,774 | INFO     |   → 590/799: ✅ 331 взято | 🗑️ 190 мусор
2026-04-30 13:34:10,774 | INFO     |   → 591/799: ✅ 27 взято | 🗑️ 814 мусор
2026-04-30 13:34:10,774 | INFO     |   → 592/799 ❌ HTTP 404 — https://raw.githubusercontent.com/obscure1990/freeVM/master/snippets/nodes.yml
2026-04-30 13:34:10,774 | INFO     |   → 593/799 ❌ HTTP 404 — https://raw.githubusercontent.com/op30mmd/things/909b38024ba14d69dc0f95c238f63bc6e930a00f/eut.txt
2026-04-30 13:34:10,774 | INFO     |   → 594/799 ❌ HTTP 404 — https://raw.githubusercontent.com/openRunner/clash-freenode/main/v2ray.txt
2026-04-30 13:34:10,774 | INFO     |   → 595/799 ❌ HTTP 404 — https://raw.githubusercontent.com/oslook/clash-freenode/main/clash.yaml
2026-04-30 13:34:10,774 | INFO     |   → 596/799: ✅ 0 взято | 🗑️ 0 мусор
2026-04-30 13:34:10,774 | INFO     |   → 597/799: ✅ 4 взято | 🗑️ 1 мусор
2026-04-30 13:34:10,774 | INFO     |   → 598/799: ✅ 0 взято | 🗑️ 0 мусор
2026-04-30 13:34:10,774 | INFO     |   → 599/799: ✅ 62 взято | 🗑️ 147 мусор
2026-04-30 13:34:10,774 | INFO     |   → 600/799: ✅ 0 взято | 🗑️ 0 мусор
2026-04-30 13:34:10,774 | INFO     |   → 601/799: ✅ 0 взято | 🗑️ 0 мусор
2026-04-30 13:34:10,774 | INFO     |   → 602/799: ✅ 0 взято | 🗑️ 19 мусор
2026-04-30 13:34:10,774 | INFO     |   → 603/799: ✅ 0 взято | 🗑️ 44 мусор
2026-04-30 13:34:10,774 | INFO     |   → 604/799: ✅ 63 взято | 🗑️ 521 мусор
2026-04-30 13:34:10,774 | INFO     |   → 605/799: ✅ 165 взято | 🗑️ 273 мусор
2026-04-30 13:34:10,774 | INFO     |   → 606/799: ✅ 0 взято | 🗑️ 0 мусор
2026-04-30 13:34:10,774 | INFO     |   → 607/799: ✅ 28 взято | 🗑️ 211 мусор
2026-04-30 13:34:10,774 | INFO     |   → 608/799: ✅ 0 взято | 🗑️ 79 мусор
2026-04-30 13:34:10,774 | INFO     |   → 609/799: ✅ 13 взято | 🗑️ 32 мусор
2026-04-30 13:34:10,774 | INFO     |   → 610/799: ✅ 0 взято | 🗑️ 0 мусор
2026-04-30 13:34:10,774 | INFO     |   → 611/799: ✅ 2 взято | 🗑️ 9 мусор
2026-04-30 13:34:10,774 | INFO     |   → 612/799: ✅ 11 взято | 🗑️ 76 мусор
2026-04-30 13:34:10,774 | INFO     |   → 613/799: ✅ 0 взято | 🗑️ 168 мусор
2026-04-30 13:34:10,774 | INFO     |   → 614/799: ✅ 0 взято | 🗑️ 79 мусор
2026-04-30 13:34:10,774 | INFO     |   → 615/799: ✅ 0 взято | 🗑️ 16 мусор
2026-04-30 13:34:10,774 | INFO     |   → 616/799 ❌ HTTP 404 — https://raw.githubusercontent.com/ronghuaxueleng/get_v2/main/pub/changfengoss.yaml
2026-04-30 13:34:10,774 | INFO     |   → 617/799: ✅ 0 взято | 🗑️ 0 мусор
2026-04-30 13:34:10,774 | INFO     |   → 618/799: ✅ 56 взято | 🗑️ 92 мусор
2026-04-30 13:34:10,774 | INFO     |   → 619/799: ✅ 0 взято | 🗑️ 92 мусор
2026-04-30 13:34:10,775 | INFO     |   → 620/799 ❌ HTTP 404 — https://raw.githubusercontent.com/rxsweet/CM_Vmess/refs/heads/main/test.txt
2026-04-30 13:34:10,775 | INFO     |   → 621/799 ❌ HTTP 404 — https://raw.githubusercontent.com/rxsweet/proxies/main/sub/free.yaml
2026-04-30 13:34:10,775 | INFO     |   → 622/799 ❌ HTTP 404 — https://raw.githubusercontent.com/rxsweet/proxies/main/sub/rx.yaml
2026-04-30 13:34:10,775 | INFO     |   → 623/799 ❌ HTTP 404 — https://raw.githubusercontent.com/rxsweet/proxies/main/sub/sources/dynamicAll.yaml
2026-04-30 13:34:10,775 | INFO     |   → 624/799 ❌ HTTP 404 — https://raw.githubusercontent.com/rxsweet/proxies/main/sub/sources/miningAll.yaml
2026-04-30 13:34:10,775 | INFO     |   → 625/799 ❌ HTTP 404 — https://raw.githubusercontent.com/rxsweet/proxies/main/sub/srx.yaml
2026-04-30 13:34:10,775 | INFO     |   → 626/799 ❌ HTTP 404 — https://raw.githubusercontent.com/sajad-sajadi/V2ray-Collector/raw/main/output/protocols/vmess.txt
2026-04-30 13:34:10,775 | INFO     |   → 627/799 ❌ HTTP 404 — https://raw.githubusercontent.com/sakha1370/OpenRay/raw/refs/heads/main/output/all_valid_proxies.txt
2026-04-30 13:34:10,775 | INFO     |   → 628/799: ✅ 53 взято | 🗑️ 399 мусор
2026-04-30 13:34:10,775 | INFO     |   → 629/799: ✅ 0 взято | 🗑️ 399 мусор
2026-04-30 13:34:10,775 | INFO     |   → 630/799 ❌ HTTP 404 — https://raw.githubusercontent.com/samjoeyang/subscribe/main/fly
2026-04-30 13:34:10,775 | INFO     |   → 631/799: ✅ 0 взято | 🗑️ 0 мусор
2026-04-30 13:34:10,775 | INFO     |   → 632/799 ❌ HTTP 404 — https://raw.githubusercontent.com/sarina-ad/v2ray/main/v2ray
2026-04-30 13:34:10,775 | INFO     |   → 633/799 ❌ HTTP 404 — https://raw.githubusercontent.com/satrom/V2SSR/master/SSR/Sub.txt
2026-04-30 13:34:10,775 | INFO     |   → 634/799 ❌ HTTP 404 — https://raw.githubusercontent.com/satrom/V2SSR/master/V2RAY/Sub.txt
2026-04-30 13:34:10,775 | INFO     |   → 635/799: ✅ 759 взято | 🗑️ 25374 мусор
2026-04-30 13:34:10,775 | INFO     |   → 636/799: ✅ 0 взято | 🗑️ 0 мусор
2026-04-30 13:34:10,775 | INFO     |   → 637/799: ✅ 0 взято | 🗑️ 0 мусор
2026-04-30 13:34:10,775 | INFO     |   → 638/799: ✅ 3 взято | 🗑️ 49 мусор
2026-04-30 13:34:10,775 | INFO     |   → 639/799: ✅ 140 взято | 🗑️ 1493 мусор
2026-04-30 13:34:10,775 | INFO     |   → 640/799: ✅ 0 взято | 🗑️ 748 мусор
2026-04-30 13:34:10,775 | INFO     |   → 641/799: ✅ 0 взято | 🗑️ 50 мусор
2026-04-30 13:34:10,775 | INFO     |   → 642/799: ✅ 0 взято | 🗑️ 676 мусор
2026-04-30 13:34:10,775 | INFO     |   → 643/799: ✅ 0 взято | 🗑️ 19 мусор
2026-04-30 13:34:10,775 | INFO     |   → 644/799: ✅ 0 взято | 🗑️ 1493 мусор
2026-04-30 13:34:10,775 | INFO     |   → 645/799: ✅ 0 взято | 🗑️ 0 мусор
2026-04-30 13:34:10,775 | INFO     |   → 646/799 ❌ HTTP 404 — https://raw.githubusercontent.com/shirkerboy/scp/main/sub
2026-04-30 13:34:10,775 | INFO     |   → 647/799 ❌ HTTP 404 — https://raw.githubusercontent.com/snakem982/proxypool/main/nodelist.txt
2026-04-30 13:34:10,775 | INFO     |   → 648/799: ✅ 11 взято | 🗑️ 47 мусор
2026-04-30 13:34:10,775 | INFO     |   → 649/799 ❌ HTTP 404 — https://raw.githubusercontent.com/snakem982/proxypool/main/source/v2ray.txt
2026-04-30 13:34:10,775 | INFO     |   → 650/799 ❌ HTTP 404 — https://raw.githubusercontent.com/soroushmirzaei/telegram-configs-collector/main/channels/protocols/hysteria
2026-04-30 13:34:10,775 | INFO     |   → 651/799 ❌ HTTP 404 — https://raw.githubusercontent.com/soroushmirzaei/telegram-configs-collector/main/channels/protocols/juicity
2026-04-30 13:34:10,775 | INFO     |   → 652/799 ❌ HTTP 404 — https://raw.githubusercontent.com/soroushmirzaei/telegram-configs-collector/main/channels/protocols/reality
2026-04-30 13:34:10,775 | INFO     |   → 653/799 ❌ HTTP 404 — https://raw.githubusercontent.com/soroushmirzaei/telegram-configs-collector/main/channels/protocols/shadowsocks
2026-04-30 13:34:10,775 | INFO     |   → 654/799 ❌ HTTP 404 — https://raw.githubusercontent.com/soroushmirzaei/telegram-configs-collector/main/channels/protocols/trojan
2026-04-30 13:34:10,775 | INFO     |   → 655/799 ❌ HTTP 404 — https://raw.githubusercontent.com/soroushmirzaei/telegram-configs-collector/main/channels/protocols/tuic
2026-04-30 13:34:10,775 | INFO     |   → 656/799 ❌ HTTP 404 — https://raw.githubusercontent.com/soroushmirzaei/telegram-configs-collector/main/channels/protocols/vless
2026-04-30 13:34:10,775 | INFO     |   → 657/799 ❌ HTTP 404 — https://raw.githubusercontent.com/soroushmirzaei/telegram-configs-collector/main/channels/protocols/vmess
2026-04-30 13:34:10,775 | INFO     |   → 658/799 ❌ HTTP 404 — https://raw.githubusercontent.com/soroushmirzaei/telegram-configs-collector/main/countries/jp/mixed
2026-04-30 13:34:10,775 | INFO     |   → 659/799 ❌ HTTP 404 — https://raw.githubusercontent.com/soroushmirzaei/telegram-configs-collector/main/protocols/hysteria
2026-04-30 13:34:10,775 | INFO     |   → 660/799 ❌ HTTP 404 — https://raw.githubusercontent.com/soroushmirzaei/telegram-configs-collector/main/protocols/juicity
2026-04-30 13:34:10,775 | INFO     |   → 661/799 ❌ HTTP 404 — https://raw.githubusercontent.com/soroushmirzaei/telegram-configs-collector/main/protocols/reality
2026-04-30 13:34:10,776 | INFO     |   → 662/799 ❌ HTTP 404 — https://raw.githubusercontent.com/soroushmirzaei/telegram-configs-collector/main/protocols/shadowsocks
2026-04-30 13:34:10,776 | INFO     |   → 663/799 ❌ HTTP 404 — https://raw.githubusercontent.com/soroushmirzaei/telegram-configs-collector/main/protocols/trojan
2026-04-30 13:34:10,776 | INFO     |   → 664/799 ❌ HTTP 404 — https://raw.githubusercontent.com/soroushmirzaei/telegram-configs-collector/main/protocols/tuic
2026-04-30 13:34:10,776 | INFO     |   → 665/799 ❌ HTTP 404 — https://raw.githubusercontent.com/soroushmirzaei/telegram-configs-collector/main/protocols/vless
2026-04-30 13:34:10,776 | INFO     |   → 666/799 ❌ HTTP 404 — https://raw.githubusercontent.com/soroushmirzaei/telegram-configs-collector/main/protocols/vmess
2026-04-30 13:34:10,776 | INFO     |   → 667/799 ❌ HTTP 404 — https://raw.githubusercontent.com/soroushmirzaei/telegram-configs-collector/main/splitted/subscribe
2026-04-30 13:34:10,776 | INFO     |   → 668/799 ❌ HTTP 404 — https://raw.githubusercontent.com/ssrsub/ssr/master/Clash.yml
2026-04-30 13:34:10,776 | INFO     |   → 669/799 ❌ HTTP 404 — https://raw.githubusercontent.com/ssrsub/ssr/master/V2Ray
2026-04-30 13:34:10,776 | INFO     |   → 670/799 ❌ HTTP 404 — https://raw.githubusercontent.com/ssrsub/ssr/master/ss-sub
2026-04-30 13:34:10,776 | INFO     |   → 671/799 ❌ HTTP 404 — https://raw.githubusercontent.com/ssrsub/ssr/master/ssrsub
2026-04-30 13:34:10,776 | INFO     |   → 672/799 ❌ HTTP 404 — https://raw.githubusercontent.com/ssrsub/ssr/master/trojan
2026-04-30 13:34:10,776 | INFO     |   → 673/799: ✅ 0 взято | 🗑️ 0 мусор
2026-04-30 13:34:10,776 | INFO     |   → 674/799: ✅ 2 взято | 🗑️ 12 мусор
2026-04-30 13:34:10,776 | INFO     |   → 675/799: ✅ 0 взято | 🗑️ 13 мусор
2026-04-30 13:34:10,776 | INFO     |   → 676/799: ✅ 0 взято | 🗑️ 13 мусор
2026-04-30 13:34:10,776 | INFO     |   → 677/799 ❌ HTTP 404 — https://raw.githubusercontent.com/tbbatbb/Proxy/master/dist/clash.config.yaml
2026-04-30 13:34:10,776 | INFO     |   → 678/799: ✅ 2 взято | 🗑️ 35 мусор
2026-04-30 13:34:10,776 | INFO     |   → 679/799: ✅ 0 взято | 🗑️ 0 мусор
2026-04-30 13:34:10,776 | INFO     |   → 680/799: ✅ 5 взято | 🗑️ 111 мусор
2026-04-30 13:34:10,776 | INFO     |   → 681/799: ✅ 0 взято | 🗑️ 0 мусор
2026-04-30 13:34:10,776 | INFO     |   → 682/799: ✅ 0 взято | 🗑️ 64 мусор
2026-04-30 13:34:10,777 | INFO     |   → 683/799 ❌ HTTP 404 — https://raw.githubusercontent.com/v2clash/Autoproxy/a81f840ab2364124133572ec94e4b81fb0d4e58d/sub/2401/240104.txt
2026-04-30 13:34:10,777 | INFO     |   → 684/799 ❌ HTTP 404 — https://raw.githubusercontent.com/v2clash/V2ray-Configs/31f493c584d0c7b56350f4a34d80c53ad82bcc18/Sub9.txt
2026-04-30 13:34:10,777 | INFO     |   → 685/799: ✅ 0 взято | 🗑️ 0 мусор
2026-04-30 13:34:10,777 | INFO     |   → 686/799: ✅ 0 взято | 🗑️ 0 мусор
2026-04-30 13:34:10,777 | INFO     |   → 687/799: ✅ 0 взято | 🗑️ 0 мусор
2026-04-30 13:34:10,777 | INFO     |   → 688/799: ✅ 283 взято | 🗑️ 9640 мусор
2026-04-30 13:34:10,777 | INFO     |   → 689/799: ✅ 281 взято | 🗑️ 10086 мусор
2026-04-30 13:34:10,777 | INFO     |   → 690/799: ✅ 280 взято | 🗑️ 9675 мусор
2026-04-30 13:34:10,777 | INFO     |   → 691/799: ✅ 334 взято | 🗑️ 9823 мусор
2026-04-30 13:34:10,777 | INFO     |   → 692/799: ✅ 350 взято | 🗑️ 9639 мусор
2026-04-30 13:34:10,777 | INFO     |   → 693/799: ✅ 125 взято | 🗑️ 7919 мусор
2026-04-30 13:34:10,777 | INFO     |   → 694/799: ✅ 135 взято | 🗑️ 4836 мусор
2026-04-30 13:34:10,777 | INFO     |   → 695/799: ✅ 502 взято | 🗑️ 7659 мусор
2026-04-30 13:34:10,777 | INFO     |   → 696/799: ✅ 631 взято | 🗑️ 8081 мусор
2026-04-30 13:34:10,777 | INFO     |   → 697/799: ✅ 202 взято | 🗑️ 5131 мусор
2026-04-30 13:34:10,777 | INFO     |   → 698/799 ❌ HTTP 404 — https://raw.githubusercontent.com/vveg26/chromego_merge/main/sub/merged_proxies.yaml
2026-04-30 13:34:10,777 | INFO     |   → 699/799 ❌ HTTP 404 — https://raw.githubusercontent.com/vveg26/get_proxy/main/dist/clash.config.yaml
2026-04-30 13:34:10,777 | INFO     |   → 700/799: ✅ 0 взято | 🗑️ 10 мусор
2026-04-30 13:34:10,777 | INFO     |   → 701/799: ✅ 0 взято | 🗑️ 10 мусор
2026-04-30 13:34:10,777 | INFO     |   → 702/799: ✅ 0 взято | 🗑️ 4 мусор
2026-04-30 13:34:10,778 | INFO     |   → 703/799: ✅ 0 взято | 🗑️ 0 мусор
2026-04-30 13:34:10,778 | INFO     |   → 704/799: ✅ 0 взято | 🗑️ 4 мусор
2026-04-30 13:34:10,778 | INFO     |   → 705/799: ✅ 106 взято | 🗑️ 689 мусор
2026-04-30 13:34:10,778 | INFO     |   → 706/799: ✅ 48 взято | 🗑️ 841 мусор
2026-04-30 13:34:10,778 | INFO     |   → 707/799: ✅ 21 взято | 🗑️ 789 мусор
2026-04-30 13:34:10,778 | INFO     |   → 708/799: ✅ 24 взято | 🗑️ 774 мусор
2026-04-30 13:34:10,778 | INFO     |   → 709/799: ✅ 52 взято | 🗑️ 756 мусор
2026-04-30 13:34:10,778 | INFO     |   → 710/799: ✅ 191 взято | 🗑️ 745 мусор
2026-04-30 13:34:10,778 | INFO     |   → 711/799: ✅ 9 взято | 🗑️ 651 мусор
2026-04-30 13:34:10,778 | INFO     |   → 712/799: ✅ 185 взято | 🗑️ 388 мусор
2026-04-30 13:34:10,778 | INFO     |   → 713/799: ✅ 130 взято | 🗑️ 523 мусор
2026-04-30 13:34:10,778 | INFO     |   → 714/799: ✅ 67 взято | 🗑️ 533 мусор
2026-04-30 13:34:10,778 | INFO     |   → 715/799: ✅ 98 взято | 🗑️ 444 мусор
2026-04-30 13:34:10,778 | INFO     |   → 716/799: ✅ 102 взято | 🗑️ 670 мусор
2026-04-30 13:34:10,778 | INFO     |   → 717/799: ✅ 86 взято | 🗑️ 476 мусор
2026-04-30 13:34:10,778 | INFO     |   → 718/799: ✅ 95 взято | 🗑️ 657 мусор
2026-04-30 13:34:10,778 | INFO     |   → 719/799: ✅ 105 взято | 🗑️ 645 мусор
2026-04-30 13:34:10,778 | INFO     |   → 720/799: ✅ 115 взято | 🗑️ 985 мусор
2026-04-30 13:34:10,778 | INFO     |   → 721/799: ✅ 6 взято | 🗑️ 63 мусор
2026-04-30 13:34:10,778 | INFO     |   → 722/799: ✅ 7 взято | 🗑️ 62 мусор
2026-04-30 13:34:10,778 | INFO     |   → 723/799: ✅ 39 взято | 🗑️ 489 мусор
2026-04-30 13:34:10,779 | INFO     |   → 724/799: ✅ 0 взято | 🗑️ 0 мусор
2026-04-30 13:34:10,779 | INFO     |   → 725/799: ✅ 0 взято | 🗑️ 0 мусор
2026-04-30 13:34:10,779 | INFO     |   → 726/799: ✅ 0 взято | 🗑️ 0 мусор
2026-04-30 13:34:10,779 | INFO     |   → 727/799: ✅ 0 взято | 🗑️ 0 мусор
2026-04-30 13:34:10,779 | INFO     |   → 728/799: ✅ 0 взято | 🗑️ 0 мусор
2026-04-30 13:34:10,779 | INFO     |   → 729/799: ✅ 0 взято | 🗑️ 52 мусор
2026-04-30 13:34:10,779 | INFO     |   → 730/799: ✅ 5 взято | 🗑️ 10 мусор
2026-04-30 13:34:10,779 | INFO     |   → 731/799: ✅ 1 взято | 🗑️ 124 мусор
2026-04-30 13:34:10,779 | INFO     |   → 732/799: ✅ 93 взято | 🗑️ 99 мусор
2026-04-30 13:34:10,779 | INFO     |   → 733/799: ✅ 0 взято | 🗑️ 9 мусор
2026-04-30 13:34:10,779 | INFO     |   → 734/799: ✅ 4 взято | 🗑️ 591 мусор
2026-04-30 13:34:10,779 | INFO     |   → 735/799 ❌ HTTP 404 — https://raw.githubusercontent.com/xiaozhu2007/xiaozhu2007/61a755a044dbaeea678bc2d1e20f21a21c6d7170/docs/fxxk.txt
2026-04-30 13:34:10,779 | INFO     |   → 736/799: ✅ 1 взято | 🗑️ 159 мусор
2026-04-30 13:34:10,779 | INFO     |   → 737/799: ✅ 0 взято | 🗑️ 22 мусор
2026-04-30 13:34:10,779 | INFO     |   → 738/799: ✅ 0 взято | 🗑️ 0 мусор
2026-04-30 13:34:10,779 | INFO     |   → 739/799 ❌ HTTP 404 — https://raw.githubusercontent.com/yebekhe/TVC/0f745f92bf381e505f1245abbc7c145b19b11503/config.txt
2026-04-30 13:34:10,779 | INFO     |   → 740/799 ❌ HTTP 404 — https://raw.githubusercontent.com/yebekhe/TVC/9fac69239c69327fb7a61f5a8d79d107133889e1/lite/config.txt
2026-04-30 13:34:10,779 | INFO     |   → 741/799 ❌ HTTP 404 — https://raw.githubusercontent.com/yebekhe/TelegramV2rayCollector/main/sub/normal/donated
2026-04-30 13:34:10,779 | INFO     |   → 742/799 ❌ HTTP 404 — https://raw.githubusercontent.com/yebekhe/TelegramV2rayCollector/main/sub/normal/hysteria2
2026-04-30 13:34:10,779 | INFO     |   → 743/799 ❌ HTTP 404 — https://raw.githubusercontent.com/yebekhe/TelegramV2rayCollector/main/sub/normal/mix
2026-04-30 13:34:10,780 | INFO     |   → 744/799 ❌ HTTP 404 — https://raw.githubusercontent.com/yebekhe/TelegramV2rayCollector/main/sub/normal/reality
2026-04-30 13:34:10,780 | INFO     |   → 745/799 ❌ HTTP 404 — https://raw.githubusercontent.com/yebekhe/TelegramV2rayCollector/main/sub/normal/shadowsocks
2026-04-30 13:34:10,780 | INFO     |   → 746/799 ❌ HTTP 404 — https://raw.githubusercontent.com/yebekhe/TelegramV2rayCollector/main/sub/normal/trojan
2026-04-30 13:34:10,780 | INFO     |   → 747/799 ❌ HTTP 404 — https://raw.githubusercontent.com/yebekhe/TelegramV2rayCollector/main/sub/normal/tuic
2026-04-30 13:34:10,780 | INFO     |   → 748/799 ❌ HTTP 404 — https://raw.githubusercontent.com/yebekhe/TelegramV2rayCollector/main/sub/normal/vless
2026-04-30 13:34:10,780 | INFO     |   → 749/799 ❌ HTTP 404 — https://raw.githubusercontent.com/yebekhe/TelegramV2rayCollector/main/sub/normal/vmess
2026-04-30 13:34:10,780 | INFO     |   → 750/799 ❌ HTTP 404 — https://raw.githubusercontent.com/yebekhe/V2Hub/main/Split/Normal/shadowsocks
2026-04-30 13:34:10,780 | INFO     |   → 751/799 ❌ HTTP 404 — https://raw.githubusercontent.com/yebekhe/V2Hub/main/merged
2026-04-30 13:34:10,780 | INFO     |   → 752/799: ✅ 0 взято | 🗑️ 30 мусор
2026-04-30 13:34:10,780 | INFO     |   → 753/799: ✅ 1015 взято | 🗑️ 8126 мусор
2026-04-30 13:34:10,780 | INFO     |   → 754/799: ✅ 6 взято | 🗑️ 344 мусор
2026-04-30 13:34:10,780 | INFO     |   → 755/799: ✅ 7 взято | 🗑️ 266 мусор
2026-04-30 13:34:10,780 | INFO     |   → 756/799: ✅ 307 взято | 🗑️ 249 мусор
2026-04-30 13:34:10,780 | INFO     |   → 757/799: ✅ 0 взято | 🗑️ 1714 мусор
2026-04-30 13:34:10,780 | INFO     |   → 758/799: ✅ 2 взято | 🗑️ 415 мусор
2026-04-30 13:34:10,780 | INFO     |   → 759/799 ❌ HTTP 404 — https://raw.githubusercontent.com/yyyr-otz/tele-providers-collector/019cb3e07ee52fddbc7caa54fc670c6b9bae6539/sub/proxies.txt
2026-04-30 13:34:10,780 | INFO     |   → 760/799 ❌ HTTP 404 — https://raw.githubusercontent.com/yyyr-otz/tele-providers-collector/b7a74ee98bcf02c5a507d688a1bed3aa9f7f4ed1/script/raw/protocols/mixed.txt
2026-04-30 13:34:10,780 | INFO     |   → 761/799: ✅ 0 взято | 🗑️ 0 мусор
2026-04-30 13:34:10,780 | INFO     |   → 762/799: ✅ 0 взято | 🗑️ 0 мусор
2026-04-30 13:34:10,780 | INFO     |   → 763/799: ✅ 1 взято | 🗑️ 18 мусор
2026-04-30 13:34:10,781 | INFO     |   → 764/799: ✅ 0 взято | 🗑️ 46 мусор
2026-04-30 13:34:10,781 | INFO     |   → 765/799: ✅ 0 взято | 🗑️ 5 мусор
2026-04-30 13:34:10,781 | INFO     |   → 766/799: ✅ 0 взято | 🗑️ 0 мусор
2026-04-30 13:34:10,781 | INFO     |   → 767/799 ⚠️ Ошибка: ('Connection aborted.', RemoteDisconnected('Remote end closed connection without response')) — https://sub.pmsub.me/clash.yaml
2026-04-30 13:34:10,781 | INFO     |   → 768/799: ✅ 0 взято | 🗑️ 1 мусор
2026-04-30 13:34:10,781 | INFO     |   → 769/799: ✅ 8 взято | 🗑️ 21 мусор
2026-04-30 13:34:10,781 | INFO     |   → 770/799: ✅ 0 взято | 🗑️ 0 мусор
2026-04-30 13:34:10,781 | INFO     |   → 771/799: ✅ 9 взято | 🗑️ 19 мусор
2026-04-30 13:34:10,781 | INFO     |   → 772/799: ✅ 0 взято | 🗑️ 0 мусор
2026-04-30 13:34:10,781 | INFO     |   → 773/799: ✅ 2 взято | 🗑️ 14 мусор
2026-04-30 13:34:10,781 | INFO     |   → 774/799: ✅ 4 взято | 🗑️ 22 мусор
2026-04-30 13:34:10,781 | INFO     |   → 775/799: ✅ 0 взято | 🗑️ 0 мусор
2026-04-30 13:34:10,781 | INFO     |   → 776/799: ✅ 0 взято | 🗑️ 0 мусор
2026-04-30 13:34:10,781 | INFO     |   → 777/799: ✅ 0 взято | 🗑️ 0 мусор
2026-04-30 13:34:10,781 | INFO     |   → 778/799: ✅ 2 взято | 🗑️ 16 мусор
2026-04-30 13:34:10,781 | INFO     |   → 779/799: ✅ 0 взято | 🗑️ 0 мусор
2026-04-30 13:34:10,781 | INFO     |   → 780/799: ✅ 4 взято | 🗑️ 7 мусор
2026-04-30 13:34:10,781 | INFO     |   → 781/799: ✅ 0 взято | 🗑️ 0 мусор
2026-04-30 13:34:10,781 | INFO     |   → 782/799: ✅ 6 взято | 🗑️ 14 мусор
2026-04-30 13:34:10,781 | INFO     |   → 783/799: ✅ 0 взято | 🗑️ 0 мусор
2026-04-30 13:34:10,781 | INFO     |   → 784/799: ✅ 2 взято | 🗑️ 13 мусор
2026-04-30 13:34:10,782 | INFO     |   → 785/799: ✅ 0 взято | 🗑️ 0 мусор
2026-04-30 13:34:10,782 | INFO     |   → 786/799: ✅ 0 взято | 🗑️ 0 мусор
2026-04-30 13:34:10,782 | INFO     |   → 787/799: ✅ 2 взято | 🗑️ 7 мусор
2026-04-30 13:34:10,782 | INFO     |   → 788/799: ✅ 2 взято | 🗑️ 14 мусор
2026-04-30 13:34:10,782 | INFO     |   → 789/799: ✅ 2 взято | 🗑️ 14 мусор
2026-04-30 13:34:10,782 | INFO     |   → 790/799: ✅ 0 взято | 🗑️ 0 мусор
2026-04-30 13:34:10,782 | INFO     |   → 791/799: ✅ 3 взято | 🗑️ 22 мусор
2026-04-30 13:34:10,782 | INFO     |   → 792/799: ✅ 0 взято | 🗑️ 0 мусор
2026-04-30 13:34:10,782 | INFO     |   → 793/799: ✅ 2 взято | 🗑️ 15 мусор
2026-04-30 13:34:10,782 | INFO     |   → 794/799: ✅ 3 взято | 🗑️ 12 мусор
2026-04-30 13:34:10,782 | INFO     |   → 795/799: ✅ 0 взято | 🗑️ 0 мусор
2026-04-30 13:34:10,782 | INFO     |   → 796/799: ✅ 0 взято | 🗑️ 0 мусор
2026-04-30 13:34:10,782 | INFO     |   → 797/799: ✅ 0 взято | 🗑️ 0 мусор
2026-04-30 13:34:10,782 | INFO     |   → 798/799: ✅ 4 взято | 🗑️ 11 мусор
2026-04-30 13:34:10,782 | INFO     |   → 799/799: ✅ 0 взято | 🗑️ 28 мусор
2026-04-30 13:34:10,782 | INFO     |   → ✅ ГОТОВО!
2026-04-30 13:34:10,782 | INFO     |   →    📥 Всего ключей после фильтра: 15570
2026-04-30 13:34:10,782 | INFO     |   →    🔗 Уникальных IP:PORT:SCHEME: 9555
2026-04-30 13:34:10,782 | INFO     |   →    🗑️ Выброшено мусора: 266867
2026-04-30 13:34:10,782 | INFO     |   → 📊 По протоколам:
2026-04-30 13:34:10,782 | INFO     |   →    vless: 3250
2026-04-30 13:34:10,783 | INFO     |   →    vmess: 3257
2026-04-30 13:34:10,783 | INFO     |   →    trojan: 1029
2026-04-30 13:34:10,783 | INFO     |   →    ss: 1861
2026-04-30 13:34:10,783 | INFO     |   →    hysteria: 13
2026-04-30 13:34:10,783 | INFO     |   →    hysteria2: 33
2026-04-30 13:34:10,783 | INFO     |   →    hy2: 60
2026-04-30 13:34:10,783 | INFO     |   →    tuic: 52
2026-04-30 13:34:10,783 | INFO     | ✅ mirror.py завершён успешно
2026-04-30 13:34:10,783 | INFO     | 
2026-04-30 13:34:10,783 | INFO     | 
2026-04-30 13:34:10,783 | INFO     | ──────────────────────────────────────────────────────────────────────
2026-04-30 13:34:10,783 | INFO     | 📌 ЭТАП: Фильтрация по реальному SNI
2026-04-30 13:34:10,783 | INFO     | ──────────────────────────────────────────────────────────────────────
2026-04-30 13:34:10,783 | INFO     | 🚀 Запуск filter_ru_sni.py (Фильтр по реальному SNI (CDN+RU))...
2026-04-30 13:34:11,015 | INFO     |   → hy2.txt: 60 → 20 (SNI-filtered)
2026-04-30 13:34:11,015 | INFO     |   →   hysteria.txt: 13 → 0 (SNI-filtered)
2026-04-30 13:34:11,015 | INFO     |   →   hysteria2.txt: 33 → 5 (SNI-filtered)
2026-04-30 13:34:11,015 | INFO     |   →   ss.txt: 1861 → 0 (SNI-filtered)
2026-04-30 13:34:11,015 | INFO     |   →   trojan.txt: 1029 → 4 (SNI-filtered)
2026-04-30 13:34:11,015 | INFO     |   →   tuic.txt: 52 → 0 (SNI-filtered)
2026-04-30 13:34:11,015 | INFO     |   →   vless.txt: 3250 → 346 (SNI-filtered)
2026-04-30 13:34:11,015 | INFO     |   →   vmess.txt: 3257 → 37 (SNI-filtered)
2026-04-30 13:34:11,015 | INFO     |   → ==================================================
2026-04-30 13:34:11,015 | INFO     |   →   Всего входных:  9555
2026-04-30 13:34:11,015 | INFO     |   →   Прошли фильтр:  412
2026-04-30 13:34:11,015 | INFO     |   →   Отброшено:      9143
2026-04-30 13:34:11,015 | INFO     |   → ==================================================
2026-04-30 13:34:11,015 | INFO     |   → Готово → /home/runner/work/vpn-vless-configs-russia/vpn-vless-configs-russia/githubmirror/ru-sni
2026-04-30 13:34:11,015 | INFO     | ✅ filter_ru_sni.py завершён успешно
2026-04-30 13:34:11,016 | INFO     | 
2026-04-30 13:34:11,016 | INFO     | 
2026-04-30 13:34:11,016 | INFO     | ──────────────────────────────────────────────────────────────────────
2026-04-30 13:34:11,016 | INFO     | 📌 ЭТАП: Экспериментальный RU-SNI фильтр
2026-04-30 13:34:11,016 | INFO     | ──────────────────────────────────────────────────────────────────────
2026-04-30 13:34:11,016 | INFO     | 🚀 Запуск filter_ru_sni_local.py (Экспериментальный фильтр по RU-SNI (локальные домены))...
2026-04-30 13:34:11,172 | INFO     |   → hy2.txt: 60 → 0 (RU-SNI)
2026-04-30 13:34:11,172 | INFO     |   → hysteria.txt: 13 → 0 (RU-SNI)
2026-04-30 13:34:11,172 | INFO     |   → hysteria2.txt: 33 → 0 (RU-SNI)
2026-04-30 13:34:11,172 | INFO     |   → ss.txt: 1861 → 0 (RU-SNI)
2026-04-30 13:34:11,172 | INFO     |   → trojan.txt: 1029 → 0 (RU-SNI)
2026-04-30 13:34:11,172 | INFO     |   → tuic.txt: 52 → 0 (RU-SNI)
2026-04-30 13:34:11,173 | INFO     |   → vless.txt: 3250 → 92 (RU-SNI)
2026-04-30 13:34:11,173 | INFO     |   → vmess.txt: 3257 → 0 (RU-SNI)
2026-04-30 13:34:11,173 | INFO     |   → ==================================================
2026-04-30 13:34:11,173 | INFO     |   → Всего входных:  9555
2026-04-30 13:34:11,173 | INFO     |   → Прошли RU-SNI:  92
2026-04-30 13:34:11,173 | INFO     |   → Отброшено:      9463
2026-04-30 13:34:11,173 | INFO     |   → ==================================================
2026-04-30 13:34:11,173 | INFO     |   → Готово → /home/runner/work/vpn-vless-configs-russia/vpn-vless-configs-russia/githubmirror/ru-sni-local
2026-04-30 13:34:11,173 | INFO     | ✅ filter_ru_sni_local.py завершён успешно
2026-04-30 13:34:11,173 | INFO     | 
2026-04-30 13:34:11,173 | INFO     | 
2026-04-30 13:34:11,173 | INFO     | ──────────────────────────────────────────────────────────────────────
2026-04-30 13:34:11,173 | INFO     | 📌 ЭТАП: Сбор статистики
2026-04-30 13:34:11,173 | INFO     | ──────────────────────────────────────────────────────────────────────
2026-04-30 13:34:11,173 | INFO     | 📊 Сбор статистики...
2026-04-30 13:34:11,173 | INFO     |   📁 githubmirror/clean:
2026-04-30 13:34:11,174 | INFO     |     • hy2         :    60 конфигов
2026-04-30 13:34:11,174 | INFO     |     • hysteria    :    13 конфигов
2026-04-30 13:34:11,174 | INFO     |     • hysteria2   :    33 конфигов
2026-04-30 13:34:11,175 | INFO     |     • ss          :  1861 конфигов
2026-04-30 13:34:11,176 | INFO     |     • trojan      :  1029 конфигов
2026-04-30 13:34:11,176 | INFO     |     • tuic        :    52 конфигов
2026-04-30 13:34:11,179 | INFO     |     • vless       :  3250 конфигов
2026-04-30 13:34:11,181 | INFO     |     • vmess       :  3257 конфигов
2026-04-30 13:34:11,182 | INFO     |   📁 githubmirror/ru-sni:
2026-04-30 13:34:11,182 | INFO     |     • hy2         :    20 конфигов ( 33.3% от clean)
2026-04-30 13:34:11,182 | INFO     |     • hysteria    :     0 конфигов (  0.0% от clean)
2026-04-30 13:34:11,182 | INFO     |     • hysteria2   :     5 конфигов ( 15.2% от clean)
2026-04-30 13:34:11,182 | INFO     |     • ss          :     0 конфигов (  0.0% от clean)
2026-04-30 13:34:11,182 | INFO     |     • trojan      :     4 конфигов (  0.4% от clean)
2026-04-30 13:34:11,182 | INFO     |     • tuic        :     0 конфигов (  0.0% от clean)
2026-04-30 13:34:11,183 | INFO     |     • vless       :   346 конфигов ( 10.6% от clean)
2026-04-30 13:34:11,183 | INFO     |     • vmess       :    37 конфигов (  1.1% от clean)
2026-04-30 13:34:11,183 | INFO     | 
2026-04-30 13:34:11,183 | INFO     |   ──────────────────────────────────────────────────
2026-04-30 13:34:11,183 | INFO     |   📈 ИТОГО:
2026-04-30 13:34:11,183 | INFO     |     Clean (после geo-фильтра):     9555
2026-04-30 13:34:11,183 | INFO     |     RU-SNI (после SNI-фильтра):     412
2026-04-30 13:34:11,183 | INFO     |     Прошло фильтр:                  4.3%
2026-04-30 13:34:11,183 | INFO     |   ──────────────────────────────────────────────────
2026-04-30 13:34:11,184 | INFO     | ✅ Статистика сохранена: /home/runner/work/vpn-vless-configs-russia/vpn-vless-configs-russia/stats.json
2026-04-30 13:34:11,184 | INFO     | 
2026-04-30 13:34:11,184 | INFO     | ======================================================================
2026-04-30 13:34:11,184 | INFO     | 📊 ИТОГОВЫЙ ОТЧЁТ
2026-04-30 13:34:11,184 | INFO     | ======================================================================
2026-04-30 13:34:11,184 | INFO     |   ✅ OK         | Загрузка и geo-фильтрация
2026-04-30 13:34:11,184 | INFO     |   ✅ OK         | Фильтрация по реальному SNI
2026-04-30 13:34:11,184 | INFO     |   ✅ OK         | Экспериментальный RU-SNI фильтр
2026-04-30 13:34:11,184 | INFO     |   ✅ OK         | Сбор статистики
2026-04-30 13:34:11,184 | INFO     | ──────────────────────────────────────────────────────────────────────
2026-04-30 13:34:11,184 | INFO     | ✅ ВСЕ ЭТАПЫ УСПЕШНЫ (4/4)
2026-04-30 13:34:11,184 | INFO     | ⏰ Время завершения: 2026-04-30 13:34:11
2026-04-30 13:34:11,184 | INFO     | ======================================================================
