2026-05-19 09:35:37,238 | INFO     | ======================================================================
2026-05-19 09:35:37,238 | INFO     | 🔍 VPN KEY CHECKER - Начало проверки
2026-05-19 09:35:37,238 | INFO     | ⏰ Время старта: 2026-05-19 09:35:37
2026-05-19 09:35:37,239 | INFO     | 📂 Рабочая директория: /home/runner/work/vpn-vless-configs-russia/vpn-vless-configs-russia
2026-05-19 09:35:37,239 | INFO     | ======================================================================
2026-05-19 09:35:37,239 | INFO     | 
2026-05-19 09:35:37,239 | INFO     | 🔍 Проверка наличия скриптов...
2026-05-19 09:35:37,239 | INFO     |   ✅ mirror.py
2026-05-19 09:35:37,239 | INFO     |   ✅ filter_ru_sni.py
2026-05-19 09:35:37,239 | INFO     |   ✅ filter_ru_sni_local.py
2026-05-19 09:35:37,239 | INFO     | 
2026-05-19 09:35:37,239 | INFO     | 
2026-05-19 09:35:37,239 | INFO     | ──────────────────────────────────────────────────────────────────────
2026-05-19 09:35:37,239 | INFO     | 📌 ЭТАП: Загрузка и geo-фильтрация
2026-05-19 09:35:37,239 | INFO     | ──────────────────────────────────────────────────────────────────────
2026-05-19 09:35:37,239 | INFO     | 🚀 Запуск mirror.py (Загрузка и фильтрация по РФ/СНГ/Европа)...
2026-05-19 09:38:40,317 | INFO     |   → 🚀 Старт: всего источников (старые + новые): 920
2026-05-19 09:38:40,318 | INFO     |   → 1/920: ✅ 13 взято | 🗑️ 242 мусор
2026-05-19 09:38:40,318 | INFO     |   → 2/920: ✅ 0 взято | 🗑️ 0 мусор
2026-05-19 09:38:40,318 | INFO     |   → 3/920 ❌ HTTP 404 — https://bitbucket.org/huwo1/proxy_nodes/raw/f31ca9ec67b84071515729ff45b011b6b09c10f2/clash.yaml
2026-05-19 09:38:40,318 | INFO     |   → 4/920 ❌ HTTP 404 — https://cdn.jsdelivr.net/gh/cry0ice/genode@main/public/all.txt
2026-05-19 09:38:40,318 | INFO     |   → 5/920 ❌ HTTP 404 — https://cdn.jsdelivr.net/gh/cry0ice/genode@main/public/ss.txt
2026-05-19 09:38:40,318 | INFO     |   → 6/920 ❌ HTTP 404 — https://cdn.jsdelivr.net/gh/cry0ice/genode@main/public/ssr.txt
2026-05-19 09:38:40,318 | INFO     |   → 7/920 ❌ HTTP 404 — https://cdn.jsdelivr.net/gh/cry0ice/genode@main/public/trojan.txt
2026-05-19 09:38:40,318 | INFO     |   → 8/920 ❌ HTTP 404 — https://cdn.jsdelivr.net/gh/cry0ice/genode@main/public/vless.txt
2026-05-19 09:38:40,318 | INFO     |   → 9/920 ❌ HTTP 404 — https://cdn.jsdelivr.net/gh/cry0ice/genode@main/public/vmess.txt
2026-05-19 09:38:40,318 | INFO     |   → 10/920: ✅ 0 взято | 🗑️ 0 мусор
2026-05-19 09:38:40,318 | INFO     |   → 11/920: ✅ 0 взято | 🗑️ 0 мусор
2026-05-19 09:38:40,318 | INFO     |   → 12/920: ✅ 0 взято | 🗑️ 0 мусор
2026-05-19 09:38:40,318 | INFO     |   → 13/920: ✅ 0 взято | 🗑️ 0 мусор
2026-05-19 09:38:40,318 | INFO     |   → 14/920: ✅ 0 взято | 🗑️ 0 мусор
2026-05-19 09:38:40,318 | INFO     |   → 15/920: ✅ 0 взято | 🗑️ 0 мусор
2026-05-19 09:38:40,318 | INFO     |   → 16/920: ✅ 0 взято | 🗑️ 0 мусор
2026-05-19 09:38:40,319 | INFO     |   → 17/920: ✅ 0 взято | 🗑️ 0 мусор
2026-05-19 09:38:40,319 | INFO     |   → 18/920: ✅ 0 взято | 🗑️ 0 мусор
2026-05-19 09:38:40,319 | INFO     |   → 19/920: ✅ 0 взято | 🗑️ 0 мусор
2026-05-19 09:38:40,319 | INFO     |   → 20/920: ✅ 0 взято | 🗑️ 0 мусор
2026-05-19 09:38:40,319 | INFO     |   → 21/920: ✅ 0 взято | 🗑️ 0 мусор
2026-05-19 09:38:40,319 | INFO     |   → 22/920: ✅ 0 взято | 🗑️ 0 мусор
2026-05-19 09:38:40,319 | INFO     |   → 23/920: ✅ 0 взято | 🗑️ 0 мусор
2026-05-19 09:38:40,319 | INFO     |   → 24/920: ✅ 0 взято | 🗑️ 0 мусор
2026-05-19 09:38:40,319 | INFO     |   → 25/920: ✅ 0 взято | 🗑️ 0 мусор
2026-05-19 09:38:40,319 | INFO     |   → 26/920: ✅ 0 взято | 🗑️ 0 мусор
2026-05-19 09:38:40,319 | INFO     |   → 27/920: ✅ 0 взято | 🗑️ 0 мусор
2026-05-19 09:38:40,319 | INFO     |   → 28/920: ✅ 0 взято | 🗑️ 0 мусор
2026-05-19 09:38:40,319 | INFO     |   → 29/920: ✅ 0 взято | 🗑️ 0 мусор
2026-05-19 09:38:40,319 | INFO     |   → 30/920: ✅ 0 взято | 🗑️ 0 мусор
2026-05-19 09:38:40,319 | INFO     |   → 31/920: ✅ 0 взято | 🗑️ 0 мусор
2026-05-19 09:38:40,319 | INFO     |   → 32/920: ✅ 0 взято | 🗑️ 0 мусор
2026-05-19 09:38:40,319 | INFO     |   → 33/920: ✅ 0 взято | 🗑️ 0 мусор
2026-05-19 09:38:40,319 | INFO     |   → 34/920: ✅ 0 взято | 🗑️ 0 мусор
2026-05-19 09:38:40,319 | INFO     |   → 35/920: ✅ 0 взято | 🗑️ 0 мусор
2026-05-19 09:38:40,319 | INFO     |   → 36/920: ✅ 0 взято | 🗑️ 0 мусор
2026-05-19 09:38:40,320 | INFO     |   → 37/920: ✅ 0 взято | 🗑️ 0 мусор
2026-05-19 09:38:40,320 | INFO     |   → 38/920: ✅ 0 взято | 🗑️ 0 мусор
2026-05-19 09:38:40,320 | INFO     |   → 39/920: ✅ 0 взято | 🗑️ 0 мусор
2026-05-19 09:38:40,320 | INFO     |   → 40/920: ✅ 0 взято | 🗑️ 0 мусор
2026-05-19 09:38:40,320 | INFO     |   → 41/920: ✅ 0 взято | 🗑️ 0 мусор
2026-05-19 09:38:40,320 | INFO     |   → 42/920: ✅ 0 взято | 🗑️ 0 мусор
2026-05-19 09:38:40,320 | INFO     |   → 43/920: ✅ 0 взято | 🗑️ 0 мусор
2026-05-19 09:38:40,320 | INFO     |   → 44/920: ✅ 0 взято | 🗑️ 0 мусор
2026-05-19 09:38:40,320 | INFO     |   → 45/920: ✅ 0 взято | 🗑️ 0 мусор
2026-05-19 09:38:40,320 | INFO     |   → 46/920: ✅ 0 взято | 🗑️ 0 мусор
2026-05-19 09:38:40,320 | INFO     |   → 47/920: ✅ 0 взято | 🗑️ 0 мусор
2026-05-19 09:38:40,320 | INFO     |   → 48/920: ✅ 0 взято | 🗑️ 0 мусор
2026-05-19 09:38:40,320 | INFO     |   → 49/920: ✅ 0 взято | 🗑️ 0 мусор
2026-05-19 09:38:40,320 | INFO     |   → 50/920: ✅ 0 взято | 🗑️ 0 мусор
2026-05-19 09:38:40,320 | INFO     |   → 51/920: ✅ 0 взято | 🗑️ 0 мусор
2026-05-19 09:38:40,320 | INFO     |   → 52/920: ✅ 0 взято | 🗑️ 0 мусор
2026-05-19 09:38:40,320 | INFO     |   → 53/920: ✅ 0 взято | 🗑️ 0 мусор
2026-05-19 09:38:40,320 | INFO     |   → 54/920: ✅ 0 взято | 🗑️ 0 мусор
2026-05-19 09:38:40,320 | INFO     |   → 55/920: ✅ 0 взято | 🗑️ 0 мусор
2026-05-19 09:38:40,320 | INFO     |   → 56/920: ✅ 0 взято | 🗑️ 0 мусор
2026-05-19 09:38:40,321 | INFO     |   → 57/920: ✅ 0 взято | 🗑️ 0 мусор
2026-05-19 09:38:40,321 | INFO     |   → 58/920: ✅ 0 взято | 🗑️ 0 мусор
2026-05-19 09:38:40,321 | INFO     |   → 59/920: ✅ 0 взято | 🗑️ 0 мусор
2026-05-19 09:38:40,321 | INFO     |   → 60/920: ✅ 0 взято | 🗑️ 0 мусор
2026-05-19 09:38:40,321 | INFO     |   → 61/920: ✅ 0 взято | 🗑️ 0 мусор
2026-05-19 09:38:40,321 | INFO     |   → 62/920: ✅ 0 взято | 🗑️ 0 мусор
2026-05-19 09:38:40,321 | INFO     |   → 63/920: ✅ 0 взято | 🗑️ 0 мусор
2026-05-19 09:38:40,321 | INFO     |   → 64/920: ✅ 0 взято | 🗑️ 0 мусор
2026-05-19 09:38:40,321 | INFO     |   → 65/920: ✅ 0 взято | 🗑️ 0 мусор
2026-05-19 09:38:40,321 | INFO     |   → 66/920: ✅ 0 взято | 🗑️ 0 мусор
2026-05-19 09:38:40,321 | INFO     |   → 67/920: ✅ 0 взято | 🗑️ 0 мусор
2026-05-19 09:38:40,321 | INFO     |   → 68/920: ✅ 0 взято | 🗑️ 0 мусор
2026-05-19 09:38:40,321 | INFO     |   → 69/920: ✅ 0 взято | 🗑️ 0 мусор
2026-05-19 09:38:40,321 | INFO     |   → 70/920: ✅ 0 взято | 🗑️ 0 мусор
2026-05-19 09:38:40,321 | INFO     |   → 71/920: ✅ 0 взято | 🗑️ 0 мусор
2026-05-19 09:38:40,321 | INFO     |   → 72/920: ✅ 0 взято | 🗑️ 0 мусор
2026-05-19 09:38:40,321 | INFO     |   → 73/920: ✅ 0 взято | 🗑️ 0 мусор
2026-05-19 09:38:40,321 | INFO     |   → 74/920: ✅ 0 взято | 🗑️ 0 мусор
2026-05-19 09:38:40,321 | INFO     |   → 75/920: ✅ 0 взято | 🗑️ 0 мусор
2026-05-19 09:38:40,321 | INFO     |   → 76/920: ✅ 0 взято | 🗑️ 0 мусор
2026-05-19 09:38:40,321 | INFO     |   → 77/920: ✅ 0 взято | 🗑️ 0 мусор
2026-05-19 09:38:40,322 | INFO     |   → 78/920: ✅ 0 взято | 🗑️ 0 мусор
2026-05-19 09:38:40,322 | INFO     |   → 79/920: ✅ 0 взято | 🗑️ 0 мусор
2026-05-19 09:38:40,322 | INFO     |   → 80/920: ✅ 0 взято | 🗑️ 0 мусор
2026-05-19 09:38:40,322 | INFO     |   → 81/920: ✅ 0 взято | 🗑️ 0 мусор
2026-05-19 09:38:40,322 | INFO     |   → 82/920: ✅ 0 взято | 🗑️ 0 мусор
2026-05-19 09:38:40,322 | INFO     |   → 83/920: ✅ 0 взято | 🗑️ 0 мусор
2026-05-19 09:38:40,322 | INFO     |   → 84/920: ✅ 0 взято | 🗑️ 0 мусор
2026-05-19 09:38:40,322 | INFO     |   → 85/920: ✅ 0 взято | 🗑️ 0 мусор
2026-05-19 09:38:40,322 | INFO     |   → 86/920: ✅ 0 взято | 🗑️ 0 мусор
2026-05-19 09:38:40,322 | INFO     |   → 87/920: ✅ 0 взято | 🗑️ 0 мусор
2026-05-19 09:38:40,322 | INFO     |   → 88/920: ✅ 0 взято | 🗑️ 0 мусор
2026-05-19 09:38:40,322 | INFO     |   → 89/920: ✅ 0 взято | 🗑️ 0 мусор
2026-05-19 09:38:40,322 | INFO     |   → 90/920: ✅ 0 взято | 🗑️ 0 мусор
2026-05-19 09:38:40,322 | INFO     |   → 91/920: ✅ 0 взято | 🗑️ 0 мусор
2026-05-19 09:38:40,322 | INFO     |   → 92/920 ❌ HTTP 404 — https://freessrnode.github.io/uploads/2024/08/0-20240822.txt
2026-05-19 09:38:40,322 | INFO     |   → 93/920 ❌ HTTP 404 — https://freessrnode.github.io/uploads/2024/08/1-20240822.txt
2026-05-19 09:38:40,322 | INFO     |   → 94/920 ❌ HTTP 404 — https://freessrnode.github.io/uploads/2024/08/2-20240822.txt
2026-05-19 09:38:40,322 | INFO     |   → 95/920 ❌ HTTP 404 — https://freessrnode.github.io/uploads/2024/08/3-20240822.txt
2026-05-19 09:38:40,322 | INFO     |   → 96/920 ❌ HTTP 404 — https://freessrnode.github.io/uploads/2024/08/4-20240822.txt
2026-05-19 09:38:40,322 | INFO     |   → 97/920 ⚠️ Ошибка: HTTPSConnectionPool(host='freevpnspy.githubrowcontent.com', port=443): Max retries exceeded with url: /2024/08/20240802_novless.yaml (Caused by NameResolutionError("HTTPSConnection(host='freevpnspy.githubrowcontent.com', port=443): Failed to resolve 'freevpnspy.githubrowcontent.com' ([Errno -2] Name or service not known)")) — https://freevpnspy.githubrowcontent.com/2024/08/20240802_novless.yaml
2026-05-19 09:38:40,322 | INFO     |   → 98/920 ⚠️ Ошибка: HTTPSConnectionPool(host='freevpnspy.githubrowcontent.com', port=443): Max retries exceeded with url: /2024/08/20240802_vless.yaml (Caused by NameResolutionError("HTTPSConnection(host='freevpnspy.githubrowcontent.com', port=443): Failed to resolve 'freevpnspy.githubrowcontent.com' ([Errno -2] Name or service not known)")) — https://freevpnspy.githubrowcontent.com/2024/08/20240802_vless.yaml
2026-05-19 09:38:40,323 | INFO     |   → 99/920: ✅ 20 взято | 🗑️ 218 мусор
2026-05-19 09:38:40,323 | INFO     |   → 100/920: ✅ 0 взято | 🗑️ 0 мусор
2026-05-19 09:38:40,323 | INFO     |   → 101/920: ✅ 4 взято | 🗑️ 193 мусор
2026-05-19 09:38:40,323 | INFO     |   → 102/920: ✅ 0 взято | 🗑️ 0 мусор
2026-05-19 09:38:40,323 | INFO     |   → 103/920 ❌ HTTP 404 — https://github.com/Epodonios/bulk-xray-v2ray-vless-vmess-...-configs/raw/main/sub/Albania/config.txt
2026-05-19 09:38:40,323 | INFO     |   → 104/920 ❌ HTTP 404 — https://github.com/Epodonios/bulk-xray-v2ray-vless-vmess-...-configs/raw/main/sub/Cura%C3%A7ao/config.txt
2026-05-19 09:38:40,323 | INFO     |   → 105/920 ❌ HTTP 404 — https://github.com/Epodonios/bulk-xray-v2ray-vless-vmess-...-configs/raw/main/sub/Finland/config.txt
2026-05-19 09:38:40,323 | INFO     |   → 106/920 ❌ HTTP 404 — https://github.com/Epodonios/bulk-xray-v2ray-vless-vmess-...-configs/raw/main/sub/Iran/config.txt
2026-05-19 09:38:40,323 | INFO     |   → 107/920 ❌ HTTP 404 — https://github.com/Epodonios/bulk-xray-v2ray-vless-vmess-...-configs/raw/main/sub/Netherlands/config.txt
2026-05-19 09:38:40,323 | INFO     |   → 108/920 ❌ HTTP 404 — https://github.com/Epodonios/bulk-xray-v2ray-vless-vmess-...-configs/raw/main/sub/Norway/config.txt
2026-05-19 09:38:40,323 | INFO     |   → 109/920 ❌ HTTP 404 — https://github.com/Epodonios/bulk-xray-v2ray-vless-vmess-...-configs/raw/main/sub/Russia/config.txt
2026-05-19 09:38:40,323 | INFO     |   → 110/920: ✅ 13 взято | 🗑️ 70 мусор
2026-05-19 09:38:40,323 | INFO     |   → 111/920: ✅ 0 взято | 🗑️ 4 мусор
2026-05-19 09:38:40,323 | INFO     |   → 112/920: ✅ 0 взято | 🗑️ 7 мусор
2026-05-19 09:38:40,323 | INFO     |   → 113/920: ✅ 0 взято | 🗑️ 51 мусор
2026-05-19 09:38:40,323 | INFO     |   → 114/920: ✅ 0 взято | 🗑️ 8 мусор
2026-05-19 09:38:40,323 | INFO     |   → 115/920: ✅ 0 взято | 🗑️ 0 мусор
2026-05-19 09:38:40,323 | INFO     |   → 116/920: ✅ 17 взято | 🗑️ 119 мусор
2026-05-19 09:38:40,323 | INFO     |   → 117/920 ❌ HTTP 404 — https://github.com/MrMohebi/xray-proxy-grabber-telegram/raw/master/collected-proxies/clash-meta/all.yaml
2026-05-19 09:38:40,323 | INFO     |   → 118/920 ❌ HTTP 404 — https://github.com/MrMohebi/xray-proxy-grabber-telegram/raw/master/collected-proxies/row-url/all.txt
2026-05-19 09:38:40,323 | INFO     |   → 119/920: ✅ 0 взято | 🗑️ 0 мусор
2026-05-19 09:38:40,324 | INFO     |   → 120/920: ✅ 0 взято | 🗑️ 113 мусор
2026-05-19 09:38:40,324 | INFO     |   → 121/920: ✅ 0 взято | 🗑️ 119 мусор
2026-05-19 09:38:40,324 | INFO     |   → 122/920 ❌ HTTP 404 — https://github.com/abbasdvd3/abbasdvd10/73ec60de7a6c6aa6df4c14b511c1da60686891ca/ppo.txt
2026-05-19 09:38:40,324 | INFO     |   → 123/920 ❌ HTTP 404 — https://github.com/acymz/AutoVPN/refs/heads/main/data/V2.txt
2026-05-19 09:38:40,324 | INFO     |   → 124/920: ✅ 0 взято | 🗑️ 0 мусор
2026-05-19 09:38:40,324 | INFO     |   → 125/920: ✅ 0 взято | 🗑️ 0 мусор
2026-05-19 09:38:40,324 | INFO     |   → 126/920: ✅ 0 взято | 🗑️ 0 мусор
2026-05-19 09:38:40,324 | INFO     |   → 127/920: ✅ 0 взято | 🗑️ 0 мусор
2026-05-19 09:38:40,324 | INFO     |   → 128/920: ✅ 0 взято | 🗑️ 0 мусор
2026-05-19 09:38:40,324 | INFO     |   → 129/920: ✅ 0 взято | 🗑️ 0 мусор
2026-05-19 09:38:40,324 | INFO     |   → 130/920: ✅ 0 взято | 🗑️ 0 мусор
2026-05-19 09:38:40,324 | INFO     |   → 131/920 ❌ HTTP 404 — https://github.com/mermeroo/V2RAY-FREE/raw/main/All_Configs_base64_Sub.txt
2026-05-19 09:38:40,324 | INFO     |   → 132/920 ❌ HTTP 404 — https://github.com/mermeroo/V2RAY-FREE/raw/main/Base64/Sub1_base64.txt
2026-05-19 09:38:40,324 | INFO     |   → 133/920 ❌ HTTP 404 — https://github.com/mermeroo/V2RAY-FREE/raw/main/Base64/Sub2_base64.txt
2026-05-19 09:38:40,324 | INFO     |   → 134/920 ❌ HTTP 404 — https://github.com/mermeroo/V2RAY-FREE/raw/main/Base64/Sub3_base64.txt
2026-05-19 09:38:40,324 | INFO     |   → 135/920 ❌ HTTP 404 — https://github.com/mermeroo/V2RAY-FREE/raw/main/Base64/Sub4_base64.txt
2026-05-19 09:38:40,324 | INFO     |   → 136/920 ❌ HTTP 404 — https://github.com/mermeroo/V2RAY-FREE/raw/main/Base64/Sub5_base64.txt
2026-05-19 09:38:40,324 | INFO     |   → 137/920 ❌ HTTP 404 — https://github.com/mermeroo/telegram-configs-collector/raw/main/protocols/hysteria
2026-05-19 09:38:40,324 | INFO     |   → 138/920 ❌ HTTP 404 — https://github.com/mermeroo/telegram-configs-collector/raw/main/protocols/juicity
2026-05-19 09:38:40,324 | INFO     |   → 139/920 ❌ HTTP 404 — https://github.com/mermeroo/telegram-configs-collector/raw/main/protocols/tuic
2026-05-19 09:38:40,324 | INFO     |   → 140/920: ✅ 5 взято | 🗑️ 16 мусор
2026-05-19 09:38:40,325 | INFO     |   → 141/920: ✅ 0 взято | 🗑️ 0 мусор
2026-05-19 09:38:40,325 | INFO     |   → 142/920: ✅ 0 взято | 🗑️ 0 мусор
2026-05-19 09:38:40,325 | INFO     |   → 143/920: ✅ 0 взято | 🗑️ 0 мусор
2026-05-19 09:38:40,325 | INFO     |   → 144/920: ✅ 3 взято | 🗑️ 238 мусор
2026-05-19 09:38:40,325 | INFO     |   → 145/920: ✅ 0 взято | 🗑️ 0 мусор
2026-05-19 09:38:40,325 | INFO     |   → 146/920: ✅ 3 взято | 🗑️ 239 мусор
2026-05-19 09:38:40,325 | INFO     |   → 147/920: ✅ 0 взято | 🗑️ 0 мусор
2026-05-19 09:38:40,325 | INFO     |   → 148/920: ✅ 0 взято | 🗑️ 255 мусор
2026-05-19 09:38:40,325 | INFO     |   → 149/920: ✅ 0 взято | 🗑️ 0 мусор
2026-05-19 09:38:40,325 | INFO     |   → 150/920: ✅ 1 взято | 🗑️ 249 мусор
2026-05-19 09:38:40,325 | INFO     |   → 151/920: ✅ 0 взято | 🗑️ 0 мусор
2026-05-19 09:38:40,325 | INFO     |   → 152/920: ✅ 0 взято | 🗑️ 207 мусор
2026-05-19 09:38:40,325 | INFO     |   → 153/920: ✅ 0 взято | 🗑️ 0 мусор
2026-05-19 09:38:40,325 | INFO     |   → 154/920: ✅ 0 взято | 🗑️ 228 мусор
2026-05-19 09:38:40,325 | INFO     |   → 155/920: ✅ 0 взято | 🗑️ 0 мусор
2026-05-19 09:38:40,325 | INFO     |   → 156/920: ✅ 1 взято | 🗑️ 291 мусор
2026-05-19 09:38:40,325 | INFO     |   → 157/920: ✅ 0 взято | 🗑️ 0 мусор
2026-05-19 09:38:40,325 | INFO     |   → 158/920: ✅ 3 взято | 🗑️ 221 мусор
2026-05-19 09:38:40,325 | INFO     |   → 159/920: ✅ 0 взято | 🗑️ 0 мусор
2026-05-19 09:38:40,325 | INFO     |   → 160/920: ✅ 1 взято | 🗑️ 222 мусор
2026-05-19 09:38:40,325 | INFO     |   → 161/920: ✅ 0 взято | 🗑️ 0 мусор
2026-05-19 09:38:40,326 | INFO     |   → 162/920: ✅ 1 взято | 🗑️ 218 мусор
2026-05-19 09:38:40,326 | INFO     |   → 163/920: ✅ 0 взято | 🗑️ 0 мусор
2026-05-19 09:38:40,326 | INFO     |   → 164/920: ✅ 0 взято | 🗑️ 193 мусор
2026-05-19 09:38:40,326 | INFO     |   → 165/920: ✅ 0 взято | 🗑️ 0 мусор
2026-05-19 09:38:40,326 | INFO     |   → 166/920: ✅ 0 взято | 🗑️ 290 мусор
2026-05-19 09:38:40,326 | INFO     |   → 167/920: ✅ 0 взято | 🗑️ 0 мусор
2026-05-19 09:38:40,326 | INFO     |   → 168/920: ✅ 0 взято | 🗑️ 238 мусор
2026-05-19 09:38:40,326 | INFO     |   → 169/920: ✅ 0 взято | 🗑️ 0 мусор
2026-05-19 09:38:40,326 | INFO     |   → 170/920: ✅ 0 взято | 🗑️ 221 мусор
2026-05-19 09:38:40,326 | INFO     |   → 171/920: ✅ 0 взято | 🗑️ 0 мусор
2026-05-19 09:38:40,326 | INFO     |   → 172/920: ✅ 0 взято | 🗑️ 248 мусор
2026-05-19 09:38:40,326 | INFO     |   → 173/920: ✅ 0 взято | 🗑️ 0 мусор
2026-05-19 09:38:40,326 | INFO     |   → 174/920: ✅ 0 взято | 🗑️ 203 мусор
2026-05-19 09:38:40,326 | INFO     |   → 175/920: ✅ 0 взято | 🗑️ 0 мусор
2026-05-19 09:38:40,326 | INFO     |   → 176/920: ✅ 0 взято | 🗑️ 208 мусор
2026-05-19 09:38:40,326 | INFO     |   → 177/920: ✅ 0 взято | 🗑️ 0 мусор
2026-05-19 09:38:40,326 | INFO     |   → 178/920: ✅ 2 взято | 🗑️ 209 мусор
2026-05-19 09:38:40,326 | INFO     |   → 179/920: ✅ 0 взято | 🗑️ 0 мусор
2026-05-19 09:38:40,326 | INFO     |   → 180/920: ✅ 0 взято | 🗑️ 258 мусор
2026-05-19 09:38:40,326 | INFO     |   → 181/920: ✅ 0 взято | 🗑️ 0 мусор
2026-05-19 09:38:40,326 | INFO     |   → 182/920: ✅ 0 взято | 🗑️ 296 мусор
2026-05-19 09:38:40,327 | INFO     |   → 183/920: ✅ 0 взято | 🗑️ 0 мусор
2026-05-19 09:38:40,327 | INFO     |   → 184/920: ✅ 1 взято | 🗑️ 286 мусор
2026-05-19 09:38:40,327 | INFO     |   → 185/920: ✅ 0 взято | 🗑️ 0 мусор
2026-05-19 09:38:40,327 | INFO     |   → 186/920: ✅ 0 взято | 🗑️ 195 мусор
2026-05-19 09:38:40,327 | INFO     |   → 187/920: ✅ 0 взято | 🗑️ 0 мусор
2026-05-19 09:38:40,327 | INFO     |   → 188/920: ✅ 0 взято | 🗑️ 170 мусор
2026-05-19 09:38:40,327 | INFO     |   → 189/920: ✅ 0 взято | 🗑️ 0 мусор
2026-05-19 09:38:40,327 | INFO     |   → 190/920: ✅ 0 взято | 🗑️ 160 мусор
2026-05-19 09:38:40,327 | INFO     |   → 191/920: ✅ 0 взято | 🗑️ 0 мусор
2026-05-19 09:38:40,327 | INFO     |   → 192/920: ✅ 0 взято | 🗑️ 121 мусор
2026-05-19 09:38:40,327 | INFO     |   → 193/920: ✅ 0 взято | 🗑️ 0 мусор
2026-05-19 09:38:40,327 | INFO     |   → 194/920: ✅ 0 взято | 🗑️ 135 мусор
2026-05-19 09:38:40,327 | INFO     |   → 195/920: ✅ 0 взято | 🗑️ 0 мусор
2026-05-19 09:38:40,327 | INFO     |   → 196/920: ✅ 1 взято | 🗑️ 129 мусор
2026-05-19 09:38:40,327 | INFO     |   → 197/920: ✅ 0 взято | 🗑️ 0 мусор
2026-05-19 09:38:40,327 | INFO     |   → 198/920: ✅ 0 взято | 🗑️ 189 мусор
2026-05-19 09:38:40,327 | INFO     |   → 199/920: ✅ 0 взято | 🗑️ 0 мусор
2026-05-19 09:38:40,327 | INFO     |   → 200/920: ✅ 3 взято | 🗑️ 147 мусор
2026-05-19 09:38:40,327 | INFO     |   → 201/920: ✅ 0 взято | 🗑️ 0 мусор
2026-05-19 09:38:40,327 | INFO     |   → 202/920: ✅ 1 взято | 🗑️ 183 мусор
2026-05-19 09:38:40,327 | INFO     |   → 203/920: ✅ 0 взято | 🗑️ 0 мусор
2026-05-19 09:38:40,327 | INFO     |   → 204/920: ✅ 0 взято | 🗑️ 155 мусор
2026-05-19 09:38:40,328 | INFO     |   → 205/920: ✅ 0 взято | 🗑️ 0 мусор
2026-05-19 09:38:40,328 | INFO     |   → 206/920: ✅ 0 взято | 🗑️ 114 мусор
2026-05-19 09:38:40,328 | INFO     |   → 207/920: ✅ 0 взято | 🗑️ 0 мусор
2026-05-19 09:38:40,328 | INFO     |   → 208/920: ✅ 0 взято | 🗑️ 239 мусор
2026-05-19 09:38:40,328 | INFO     |   → 209/920: ✅ 0 взято | 🗑️ 0 мусор
2026-05-19 09:38:40,328 | INFO     |   → 210/920: ✅ 0 взято | 🗑️ 204 мусор
2026-05-19 09:38:40,328 | INFO     |   → 211/920: ✅ 0 взято | 🗑️ 0 мусор
2026-05-19 09:38:40,328 | INFO     |   → 212/920: ✅ 0 взято | 🗑️ 232 мусор
2026-05-19 09:38:40,328 | INFO     |   → 213/920: ✅ 0 взято | 🗑️ 0 мусор
2026-05-19 09:38:40,328 | INFO     |   → 214/920: ✅ 0 взято | 🗑️ 192 мусор
2026-05-19 09:38:40,328 | INFO     |   → 215/920: ✅ 0 взято | 🗑️ 0 мусор
2026-05-19 09:38:40,328 | INFO     |   → 216/920: ✅ 0 взято | 🗑️ 183 мусор
2026-05-19 09:38:40,328 | INFO     |   → 217/920: ✅ 0 взято | 🗑️ 0 мусор
2026-05-19 09:38:40,328 | INFO     |   → 218/920: ✅ 0 взято | 🗑️ 169 мусор
2026-05-19 09:38:40,328 | INFO     |   → 219/920: ✅ 0 взято | 🗑️ 0 мусор
2026-05-19 09:38:40,328 | INFO     |   → 220/920: ✅ 0 взято | 🗑️ 167 мусор
2026-05-19 09:38:40,328 | INFO     |   → 221/920: ✅ 0 взято | 🗑️ 0 мусор
2026-05-19 09:38:40,328 | INFO     |   → 222/920: ✅ 0 взято | 🗑️ 193 мусор
2026-05-19 09:38:40,328 | INFO     |   → 223/920: ✅ 0 взято | 🗑️ 0 мусор
2026-05-19 09:38:40,328 | INFO     |   → 224/920: ✅ 1 взято | 🗑️ 161 мусор
2026-05-19 09:38:40,328 | INFO     |   → 225/920: ✅ 0 взято | 🗑️ 0 мусор
2026-05-19 09:38:40,328 | INFO     |   → 226/920 ⚠️ Ошибка: HTTPSConnectionPool(host='ivuxy.tech', port=443): Max retries exceeded with url: /v.txt (Caused by NameResolutionError("HTTPSConnection(host='ivuxy.tech', port=443): Failed to resolve 'ivuxy.tech' ([Errno -2] Name or service not known)")) — https://ivuxy.tech/v.txt
2026-05-19 09:38:40,328 | INFO     |   → 227/920 ⚠️ Ошибка: HTTPSConnectionPool(host='mirror.ghproxy.com', port=443): Max retries exceeded with url: /https://raw.githubusercontent.com/Barabama/FreeNodes/master/nodes/blues.txt (Caused by NameResolutionError("HTTPSConnection(host='mirror.ghproxy.com', port=443): Failed to resolve 'mirror.ghproxy.com' ([Errno -2] Name or service not known)")) — https://mirror.ghproxy.com/https://raw.githubusercontent.com/Barabama/FreeNodes/master/nodes/blues.txt
2026-05-19 09:38:40,329 | INFO     |   → 228/920 ⚠️ Ошибка: HTTPSConnectionPool(host='mirror.ghproxy.com', port=443): Max retries exceeded with url: /https://raw.githubusercontent.com/Barabama/FreeNodes/master/nodes/halekj.txt (Caused by NameResolutionError("HTTPSConnection(host='mirror.ghproxy.com', port=443): Failed to resolve 'mirror.ghproxy.com' ([Errno -2] Name or service not known)")) — https://mirror.ghproxy.com/https://raw.githubusercontent.com/Barabama/FreeNodes/master/nodes/halekj.txt
2026-05-19 09:38:40,329 | INFO     |   → 229/920 ⚠️ Ошибка: HTTPSConnectionPool(host='mirror.ghproxy.com', port=443): Max retries exceeded with url: /https://raw.githubusercontent.com/Barabama/FreeNodes/master/nodes/kkzui.txt (Caused by NameResolutionError("HTTPSConnection(host='mirror.ghproxy.com', port=443): Failed to resolve 'mirror.ghproxy.com' ([Errno -2] Name or service not known)")) — https://mirror.ghproxy.com/https://raw.githubusercontent.com/Barabama/FreeNodes/master/nodes/kkzui.txt
2026-05-19 09:38:40,329 | INFO     |   → 230/920 ⚠️ Ошибка: HTTPSConnectionPool(host='mirror.ghproxy.com', port=443): Max retries exceeded with url: /https://raw.githubusercontent.com/Barabama/FreeNodes/master/nodes/merged.txt (Caused by NameResolutionError("HTTPSConnection(host='mirror.ghproxy.com', port=443): Failed to resolve 'mirror.ghproxy.com' ([Errno -2] Name or service not known)")) — https://mirror.ghproxy.com/https://raw.githubusercontent.com/Barabama/FreeNodes/master/nodes/merged.txt
2026-05-19 09:38:40,329 | INFO     |   → 231/920 ⚠️ Ошибка: HTTPSConnectionPool(host='mirror.ghproxy.com', port=443): Max retries exceeded with url: /https://raw.githubusercontent.com/Barabama/FreeNodes/master/nodes/nodefree.txt (Caused by NameResolutionError("HTTPSConnection(host='mirror.ghproxy.com', port=443): Failed to resolve 'mirror.ghproxy.com' ([Errno -2] Name or service not known)")) — https://mirror.ghproxy.com/https://raw.githubusercontent.com/Barabama/FreeNodes/master/nodes/nodefree.txt
2026-05-19 09:38:40,329 | INFO     |   → 232/920 ⚠️ Ошибка: HTTPSConnectionPool(host='mirror.ghproxy.com', port=443): Max retries exceeded with url: /https://raw.githubusercontent.com/Barabama/FreeNodes/master/nodes/openrunner.txt (Caused by NameResolutionError("HTTPSConnection(host='mirror.ghproxy.com', port=443): Failed to resolve 'mirror.ghproxy.com' ([Errno -2] Name or service not known)")) — https://mirror.ghproxy.com/https://raw.githubusercontent.com/Barabama/FreeNodes/master/nodes/openrunner.txt
2026-05-19 09:38:40,329 | INFO     |   → 233/920 ⚠️ Ошибка: HTTPSConnectionPool(host='mirror.ghproxy.com', port=443): Max retries exceeded with url: /https://raw.githubusercontent.com/Barabama/FreeNodes/master/nodes/v2rayshare.txt (Caused by NameResolutionError("HTTPSConnection(host='mirror.ghproxy.com', port=443): Failed to resolve 'mirror.ghproxy.com' ([Errno -2] Name or service not known)")) — https://mirror.ghproxy.com/https://raw.githubusercontent.com/Barabama/FreeNodes/master/nodes/v2rayshare.txt
2026-05-19 09:38:40,329 | INFO     |   → 234/920 ⚠️ Ошибка: HTTPSConnectionPool(host='mirror.ghproxy.com', port=443): Max retries exceeded with url: /https://raw.githubusercontent.com/Barabama/FreeNodes/master/nodes/wenode.txt (Caused by NameResolutionError("HTTPSConnection(host='mirror.ghproxy.com', port=443): Failed to resolve 'mirror.ghproxy.com' ([Errno -2] Name or service not known)")) — https://mirror.ghproxy.com/https://raw.githubusercontent.com/Barabama/FreeNodes/master/nodes/wenode.txt
2026-05-19 09:38:40,329 | INFO     |   → 235/920 ⚠️ Ошибка: HTTPSConnectionPool(host='mirror.ghproxy.com', port=443): Max retries exceeded with url: /https://raw.githubusercontent.com/Barabama/FreeNodes/master/nodes/yudou66.txt (Caused by NameResolutionError("HTTPSConnection(host='mirror.ghproxy.com', port=443): Failed to resolve 'mirror.ghproxy.com' ([Errno -2] Name or service not known)")) — https://mirror.ghproxy.com/https://raw.githubusercontent.com/Barabama/FreeNodes/master/nodes/yudou66.txt
2026-05-19 09:38:40,329 | INFO     |   → 236/920: ✅ 7 взято | 🗑️ 17 мусор
2026-05-19 09:38:40,329 | INFO     |   → 237/920: ✅ 0 взято | 🗑️ 17 мусор
2026-05-19 09:38:40,329 | INFO     |   → 238/920: ✅ 14 взято | 🗑️ 14 мусор
2026-05-19 09:38:40,329 | INFO     |   → 239/920: ✅ 0 взято | 🗑️ 14 мусор
2026-05-19 09:38:40,329 | INFO     |   → 240/920: ✅ 0 взято | 🗑️ 14 мусор
2026-05-19 09:38:40,329 | INFO     |   → 241/920: ✅ 0 взято | 🗑️ 14 мусор
2026-05-19 09:38:40,329 | INFO     |   → 242/920: ✅ 0 взято | 🗑️ 14 мусор
2026-05-19 09:38:40,329 | INFO     |   → 243/920: ✅ 0 взято | 🗑️ 14 мусор
2026-05-19 09:38:40,329 | INFO     |   → 244/920: ✅ 0 взято | 🗑️ 14 мусор
2026-05-19 09:38:40,329 | INFO     |   → 245/920: ✅ 0 взято | 🗑️ 14 мусор
2026-05-19 09:38:40,329 | INFO     |   → 246/920: ✅ 0 взято | 🗑️ 14 мусор
2026-05-19 09:38:40,329 | INFO     |   → 247/920: ✅ 7 взято | 🗑️ 21 мусор
2026-05-19 09:38:40,329 | INFO     |   → 248/920: ✅ 0 взято | 🗑️ 21 мусор
2026-05-19 09:38:40,329 | INFO     |   → 249/920: ✅ 0 взято | 🗑️ 21 мусор
2026-05-19 09:38:40,329 | INFO     |   → 250/920: ✅ 0 взято | 🗑️ 21 мусор
2026-05-19 09:38:40,329 | INFO     |   → 251/920: ✅ 0 взято | 🗑️ 21 мусор
2026-05-19 09:38:40,329 | INFO     |   → 252/920: ✅ 0 взято | 🗑️ 21 мусор
2026-05-19 09:38:40,330 | INFO     |   → 253/920: ✅ 0 взято | 🗑️ 21 мусор
2026-05-19 09:38:40,330 | INFO     |   → 254/920: ✅ 0 взято | 🗑️ 21 мусор
2026-05-19 09:38:40,330 | INFO     |   → 255/920: ✅ 0 взято | 🗑️ 21 мусор
2026-05-19 09:38:40,330 | INFO     |   → 256/920: ✅ 0 взято | 🗑️ 21 мусор
2026-05-19 09:38:40,330 | INFO     |   → 257/920: ✅ 0 взято | 🗑️ 21 мусор
2026-05-19 09:38:40,330 | INFO     |   → 258/920: ✅ 5 взято | 🗑️ 15 мусор
2026-05-19 09:38:40,330 | INFO     |   → 259/920: ✅ 0 взято | 🗑️ 15 мусор
2026-05-19 09:38:40,330 | INFO     |   → 260/920: ✅ 0 взято | 🗑️ 15 мусор
2026-05-19 09:38:40,330 | INFO     |   → 261/920: ✅ 0 взято | 🗑️ 15 мусор
2026-05-19 09:38:40,330 | INFO     |   → 262/920: ✅ 0 взято | 🗑️ 15 мусор
2026-05-19 09:38:40,330 | INFO     |   → 263/920: ✅ 0 взято | 🗑️ 15 мусор
2026-05-19 09:38:40,330 | INFO     |   → 264/920: ✅ 0 взято | 🗑️ 15 мусор
2026-05-19 09:38:40,330 | INFO     |   → 265/920: ✅ 0 взято | 🗑️ 15 мусор
2026-05-19 09:38:40,330 | INFO     |   → 266/920: ✅ 0 взято | 🗑️ 15 мусор
2026-05-19 09:38:40,330 | INFO     |   → 267/920: ✅ 0 взято | 🗑️ 14 мусор
2026-05-19 09:38:40,330 | INFO     |   → 268/920: ✅ 0 взято | 🗑️ 14 мусор
2026-05-19 09:38:40,330 | INFO     |   → 269/920: ✅ 0 взято | 🗑️ 14 мусор
2026-05-19 09:38:40,330 | INFO     |   → 270/920: ✅ 0 взято | 🗑️ 14 мусор
2026-05-19 09:38:40,330 | INFO     |   → 271/920: ✅ 6 взято | 🗑️ 17 мусор
2026-05-19 09:38:40,330 | INFO     |   → 272/920: ✅ 0 взято | 🗑️ 17 мусор
2026-05-19 09:38:40,330 | INFO     |   → 273/920: ✅ 0 взято | 🗑️ 17 мусор
2026-05-19 09:38:40,330 | INFO     |   → 274/920: ✅ 0 взято | 🗑️ 17 мусор
2026-05-19 09:38:40,330 | INFO     |   → 275/920: ✅ 0 взято | 🗑️ 17 мусор
2026-05-19 09:38:40,330 | INFO     |   → 276/920 ❌ HTTP 403 — https://nodefree.org/dy/2023/08/20230806.yaml
2026-05-19 09:38:40,330 | INFO     |   → 277/920 ❌ HTTP 403 — https://nodefree.org/dy/2023/12/20231221.txt
2026-05-19 09:38:40,331 | INFO     |   → 278/920: ✅ 0 взято | 🗑️ 17 мусор
2026-05-19 09:38:40,331 | INFO     |   → 279/920: ✅ 0 взято | 🗑️ 17 мусор
2026-05-19 09:38:40,331 | INFO     |   → 280/920: ✅ 0 взято | 🗑️ 14 мусор
2026-05-19 09:38:40,331 | INFO     |   → 281/920: ✅ 0 взято | 🗑️ 14 мусор
2026-05-19 09:38:40,331 | INFO     |   → 282/920: ✅ 0 взято | 🗑️ 14 мусор
2026-05-19 09:38:40,331 | INFO     |   → 283/920: ✅ 0 взято | 🗑️ 14 мусор
2026-05-19 09:38:40,331 | INFO     |   → 284/920: ✅ 0 взято | 🗑️ 14 мусор
2026-05-19 09:38:40,331 | INFO     |   → 285/920: ✅ 0 взято | 🗑️ 14 мусор
2026-05-19 09:38:40,331 | INFO     |   → 286/920: ✅ 0 взято | 🗑️ 14 мусор
2026-05-19 09:38:40,331 | INFO     |   → 287/920: ✅ 0 взято | 🗑️ 14 мусор
2026-05-19 09:38:40,331 | INFO     |   → 288/920: ✅ 0 взято | 🗑️ 14 мусор
2026-05-19 09:38:40,331 | INFO     |   → 289/920: ✅ 0 взято | 🗑️ 21 мусор
2026-05-19 09:38:40,331 | INFO     |   → 290/920: ✅ 0 взято | 🗑️ 21 мусор
2026-05-19 09:38:40,331 | INFO     |   → 291/920: ✅ 0 взято | 🗑️ 21 мусор
2026-05-19 09:38:40,331 | INFO     |   → 292/920: ✅ 0 взято | 🗑️ 21 мусор
2026-05-19 09:38:40,331 | INFO     |   → 293/920: ✅ 0 взято | 🗑️ 21 мусор
2026-05-19 09:38:40,331 | INFO     |   → 294/920: ✅ 0 взято | 🗑️ 21 мусор
2026-05-19 09:38:40,331 | INFO     |   → 295/920: ✅ 0 взято | 🗑️ 21 мусор
2026-05-19 09:38:40,331 | INFO     |   → 296/920: ✅ 0 взято | 🗑️ 21 мусор
2026-05-19 09:38:40,331 | INFO     |   → 297/920: ✅ 0 взято | 🗑️ 21 мусор
2026-05-19 09:38:40,331 | INFO     |   → 298/920: ✅ 0 взято | 🗑️ 21 мусор
2026-05-19 09:38:40,331 | INFO     |   → 299/920: ✅ 0 взято | 🗑️ 21 мусор
2026-05-19 09:38:40,332 | INFO     |   → 300/920: ✅ 0 взято | 🗑️ 15 мусор
2026-05-19 09:38:40,332 | INFO     |   → 301/920: ✅ 0 взято | 🗑️ 15 мусор
2026-05-19 09:38:40,332 | INFO     |   → 302/920: ✅ 0 взято | 🗑️ 15 мусор
2026-05-19 09:38:40,332 | INFO     |   → 303/920: ✅ 0 взято | 🗑️ 15 мусор
2026-05-19 09:38:40,332 | INFO     |   → 304/920: ✅ 0 взято | 🗑️ 15 мусор
2026-05-19 09:38:40,332 | INFO     |   → 305/920: ✅ 0 взято | 🗑️ 15 мусор
2026-05-19 09:38:40,332 | INFO     |   → 306/920: ✅ 0 взято | 🗑️ 15 мусор
2026-05-19 09:38:40,332 | INFO     |   → 307/920: ✅ 0 взято | 🗑️ 15 мусор
2026-05-19 09:38:40,332 | INFO     |   → 308/920: ✅ 0 взято | 🗑️ 15 мусор
2026-05-19 09:38:40,332 | INFO     |   → 309/920: ✅ 0 взято | 🗑️ 15 мусор
2026-05-19 09:38:40,332 | INFO     |   → 310/920: ✅ 0 взято | 🗑️ 14 мусор
2026-05-19 09:38:40,332 | INFO     |   → 311/920: ✅ 0 взято | 🗑️ 14 мусор
2026-05-19 09:38:40,332 | INFO     |   → 312/920: ✅ 0 взято | 🗑️ 14 мусор
2026-05-19 09:38:40,332 | INFO     |   → 313/920: ✅ 0 взято | 🗑️ 14 мусор
2026-05-19 09:38:40,332 | INFO     |   → 314/920: ✅ 0 взято | 🗑️ 17 мусор
2026-05-19 09:38:40,332 | INFO     |   → 315/920: ✅ 0 взято | 🗑️ 17 мусор
2026-05-19 09:38:40,332 | INFO     |   → 316/920: ✅ 0 взято | 🗑️ 17 мусор
2026-05-19 09:38:40,332 | INFO     |   → 317/920: ✅ 0 взято | 🗑️ 0 мусор
2026-05-19 09:38:40,332 | INFO     |   → 318/920: ✅ 0 взято | 🗑️ 0 мусор
2026-05-19 09:38:40,332 | INFO     |   → 319/920: ✅ 0 взято | 🗑️ 0 мусор
2026-05-19 09:38:40,332 | INFO     |   → 320/920: ✅ 0 взято | 🗑️ 0 мусор
2026-05-19 09:38:40,332 | INFO     |   → 321/920: ✅ 0 взято | 🗑️ 0 мусор
2026-05-19 09:38:40,333 | INFO     |   → 322/920: ✅ 0 взято | 🗑️ 0 мусор
2026-05-19 09:38:40,333 | INFO     |   → 323/920: ✅ 0 взято | 🗑️ 0 мусор
2026-05-19 09:38:40,333 | INFO     |   → 324/920: ✅ 0 взято | 🗑️ 0 мусор
2026-05-19 09:38:40,333 | INFO     |   → 325/920: ✅ 0 взято | 🗑️ 0 мусор
2026-05-19 09:38:40,333 | INFO     |   → 326/920: ✅ 0 взято | 🗑️ 0 мусор
2026-05-19 09:38:40,333 | INFO     |   → 327/920: ✅ 0 взято | 🗑️ 0 мусор
2026-05-19 09:38:40,333 | INFO     |   → 328/920: ✅ 0 взято | 🗑️ 0 мусор
2026-05-19 09:38:40,333 | INFO     |   → 329/920 ❌ HTTP 404 — https://raw.githubusercontent.com/10ium/MihomoSaz/main/Sublist/shatakvpn.yaml4_Sub.txt
2026-05-19 09:38:40,333 | INFO     |   → 330/920: ✅ 0 взято | 🗑️ 0 мусор
2026-05-19 09:38:40,333 | INFO     |   → 331/920: ✅ 0 взято | 🗑️ 0 мусор
2026-05-19 09:38:40,333 | INFO     |   → 332/920: ✅ 12 взято | 🗑️ 38 мусор
2026-05-19 09:38:40,333 | INFO     |   → 333/920: ✅ 0 взято | 🗑️ 0 мусор
2026-05-19 09:38:40,333 | INFO     |   → 334/920: ✅ 0 взято | 🗑️ 0 мусор
2026-05-19 09:38:40,333 | INFO     |   → 335/920: ✅ 11 взято | 🗑️ 399 мусор
2026-05-19 09:38:40,333 | INFO     |   → 336/920: ✅ 0 взято | 🗑️ 0 мусор
2026-05-19 09:38:40,333 | INFO     |   → 337/920 ❌ HTTP 404 — https://raw.githubusercontent.com/9Fork/openit/main/Clash.yaml
2026-05-19 09:38:40,333 | INFO     |   → 338/920: ✅ 100 взято | 🗑️ 381 мусор
2026-05-19 09:38:40,333 | INFO     |   → 339/920: ✅ 0 взято | 🗑️ 381 мусор
2026-05-19 09:38:40,333 | INFO     |   → 340/920: ✅ 19 взято | 🗑️ 81 мусор
2026-05-19 09:38:40,333 | INFO     |   → 341/920: ✅ 11 взято | 🗑️ 87 мусор
2026-05-19 09:38:40,333 | INFO     |   → 342/920: ✅ 27 взято | 🗑️ 73 мусор
2026-05-19 09:38:40,333 | INFO     |   → 343/920: ✅ 13 взято | 🗑️ 75 мусор
2026-05-19 09:38:40,333 | INFO     |   → 344/920: ✅ 10 взято | 🗑️ 83 мусор
2026-05-19 09:38:40,334 | INFO     |   → 345/920: ✅ 12 взято | 🗑️ 86 мусор
2026-05-19 09:38:40,334 | INFO     |   → 346/920: ✅ 11 взято | 🗑️ 87 мусор
2026-05-19 09:38:40,334 | INFO     |   → 347/920: ✅ 11 взято | 🗑️ 80 мусор
2026-05-19 09:38:40,334 | INFO     |   → 348/920: ✅ 9 взято | 🗑️ 82 мусор
2026-05-19 09:38:40,334 | INFO     |   → 349/920: ✅ 69 взято | 🗑️ 3 мусор
2026-05-19 09:38:40,334 | INFO     |   → 350/920: ✅ 3 взято | 🗑️ 75 мусор
2026-05-19 09:38:40,334 | INFO     |   → 351/920: ✅ 4 взято | 🗑️ 69 мусор
2026-05-19 09:38:40,334 | INFO     |   → 352/920: ✅ 4 взято | 🗑️ 80 мусор
2026-05-19 09:38:40,334 | INFO     |   → 353/920: ✅ 6 взято | 🗑️ 81 мусор
2026-05-19 09:38:40,334 | INFO     |   → 354/920: ✅ 5 взято | 🗑️ 79 мусор
2026-05-19 09:38:40,334 | INFO     |   → 355/920: ✅ 11 взято | 🗑️ 78 мусор
2026-05-19 09:38:40,334 | INFO     |   → 356/920: ✅ 3 взято | 🗑️ 83 мусор
2026-05-19 09:38:40,334 | INFO     |   → 357/920: ✅ 14 взято | 🗑️ 76 мусор
2026-05-19 09:38:40,334 | INFO     |   → 358/920: ✅ 12 взято | 🗑️ 78 мусор
2026-05-19 09:38:40,334 | INFO     |   → 359/920: ✅ 26 взято | 🗑️ 218 мусор
2026-05-19 09:38:40,334 | INFO     |   → 360/920: ✅ 44 взято | 🗑️ 141 мусор
2026-05-19 09:38:40,334 | INFO     |   → 361/920: ✅ 10 взято | 🗑️ 71 мусор
2026-05-19 09:38:40,334 | INFO     |   → 362/920: ✅ 2 взято | 🗑️ 88 мусор
2026-05-19 09:38:40,334 | INFO     |   → 363/920: ✅ 0 взято | 🗑️ 3 мусор
2026-05-19 09:38:40,334 | INFO     |   → 364/920: ✅ 14 взято | 🗑️ 4 мусор
2026-05-19 09:38:40,334 | INFO     |   → 365/920: ✅ 615 взято | 🗑️ 2541 мусор
2026-05-19 09:38:40,334 | INFO     |   → 366/920 ❌ HTTP 404 — https://raw.githubusercontent.com/Alvin9999/pac2/master/clash/1/config.yaml
2026-05-19 09:38:40,335 | INFO     |   → 367/920 ❌ HTTP 404 — https://raw.githubusercontent.com/AmirHDevo/temp2/7f15e7ddb311a6f8c5ab338bd1af0e1f2136a84b/configs.txt
2026-05-19 09:38:40,335 | INFO     |   → 368/920: ✅ 9 взято | 🗑️ 140 мусор
2026-05-19 09:38:40,335 | INFO     |   → 369/920: ✅ 1546 взято | 🗑️ 27873 мусор
2026-05-19 09:38:40,335 | INFO     |   → 370/920: ✅ 5 взято | 🗑️ 47 мусор
2026-05-19 09:38:40,335 | INFO     |   → 371/920: ✅ 4 взято | 🗑️ 57 мусор
2026-05-19 09:38:40,335 | INFO     |   → 372/920: ✅ 21 взято | 🗑️ 107 мусор
2026-05-19 09:38:40,335 | INFO     |   → 373/920: ✅ 78 взято | 🗑️ 347 мусор
2026-05-19 09:38:40,335 | INFO     |   → 374/920: ✅ 0 взято | 🗑️ 1373 мусор
2026-05-19 09:38:40,335 | INFO     |   → 375/920: ✅ 339 взято | 🗑️ 1542 мусор
2026-05-19 09:38:40,335 | INFO     |   → 376/920: ✅ 0 взято | 🗑️ 6 мусор
2026-05-19 09:38:40,335 | INFO     |   → 377/920: ✅ 0 взято | 🗑️ 0 мусор
2026-05-19 09:38:40,335 | INFO     |   → 378/920: ✅ 1 взято | 🗑️ 235 мусор
2026-05-19 09:38:40,335 | INFO     |   → 379/920: ✅ 0 взято | 🗑️ 16 мусор
2026-05-19 09:38:40,335 | INFO     |   → 380/920: ✅ 0 взято | 🗑️ 0 мусор
2026-05-19 09:38:40,335 | INFO     |   → 381/920: ✅ 0 взято | 🗑️ 14 мусор
2026-05-19 09:38:40,335 | INFO     |   → 382/920: ✅ 0 взято | 🗑️ 0 мусор
2026-05-19 09:38:40,335 | INFO     |   → 383/920: ✅ 0 взято | 🗑️ 17 мусор
2026-05-19 09:38:40,335 | INFO     |   → 384/920: ✅ 0 взято | 🗑️ 0 мусор
2026-05-19 09:38:40,336 | INFO     |   → 385/920: ✅ 1 взято | 🗑️ 12 мусор
2026-05-19 09:38:40,336 | INFO     |   → 386/920: ✅ 0 взято | 🗑️ 0 мусор
2026-05-19 09:38:40,336 | INFO     |   → 387/920: ✅ 0 взято | 🗑️ 17 мусор
2026-05-19 09:38:40,336 | INFO     |   → 388/920: ✅ 0 взято | 🗑️ 0 мусор
2026-05-19 09:38:40,336 | INFO     |   → 389/920: ✅ 0 взято | 🗑️ 17 мусор
2026-05-19 09:38:40,336 | INFO     |   → 390/920: ✅ 0 взято | 🗑️ 0 мусор
2026-05-19 09:38:40,336 | INFO     |   → 391/920: ✅ 0 взято | 🗑️ 161 мусор
2026-05-19 09:38:40,336 | INFO     |   → 392/920: ✅ 0 взято | 🗑️ 0 мусор
2026-05-19 09:38:40,336 | INFO     |   → 393/920: ✅ 5 взято | 🗑️ 76 мусор
2026-05-19 09:38:40,336 | INFO     |   → 394/920: ✅ 80 взято | 🗑️ 1110 мусор
2026-05-19 09:38:40,336 | INFO     |   → 395/920: ✅ 5 взято | 🗑️ 13 мусор
2026-05-19 09:38:40,336 | INFO     |   → 396/920 ❌ HTTP 404 — https://raw.githubusercontent.com/Epodonios/bulk-xray-v2ray-vless-vmess-...-configs/main/sub/Austria/config.txt
2026-05-19 09:38:40,336 | INFO     |   → 397/920 ❌ HTTP 404 — https://raw.githubusercontent.com/Epodonios/bulk-xray-v2ray-vless-vmess-...-configs/main/sub/Canada/config.txt
2026-05-19 09:38:40,336 | INFO     |   → 398/920 ❌ HTTP 404 — https://raw.githubusercontent.com/Epodonios/bulk-xray-v2ray-vless-vmess-...-configs/main/sub/Costa%20Rica/config.txt
2026-05-19 09:38:40,336 | INFO     |   → 399/920 ❌ HTTP 404 — https://raw.githubusercontent.com/Epodonios/bulk-xray-v2ray-vless-vmess-...-configs/main/sub/France/config.txt
2026-05-19 09:38:40,336 | INFO     |   → 400/920 ❌ HTTP 404 — https://raw.githubusercontent.com/Epodonios/bulk-xray-v2ray-vless-vmess-...-configs/main/sub/Germany/config.txt
2026-05-19 09:38:40,336 | INFO     |   → 401/920 ❌ HTTP 404 — https://raw.githubusercontent.com/Epodonios/bulk-xray-v2ray-vless-vmess-...-configs/main/sub/Indonesia/config.txt
2026-05-19 09:38:40,336 | INFO     |   → 402/920 ❌ HTTP 404 — https://raw.githubusercontent.com/Epodonios/bulk-xray-v2ray-vless-vmess-...-configs/main/sub/Ireland/config.txt
2026-05-19 09:38:40,337 | INFO     |   → 403/920 ❌ HTTP 404 — https://raw.githubusercontent.com/Epodonios/bulk-xray-v2ray-vless-vmess-...-configs/main/sub/Republic%20of%20Lithuania/config.txt
2026-05-19 09:38:40,337 | INFO     |   → 404/920 ❌ HTTP 404 — https://raw.githubusercontent.com/Epodonios/bulk-xray-v2ray-vless-vmess-...-configs/main/sub/South%20Africa/config.txt
2026-05-19 09:38:40,337 | INFO     |   → 405/920 ❌ HTTP 404 — https://raw.githubusercontent.com/Epodonios/bulk-xray-v2ray-vless-vmess-...-configs/main/sub/Sweden/config.txt
2026-05-19 09:38:40,337 | INFO     |   → 406/920 ❌ HTTP 404 — https://raw.githubusercontent.com/Epodonios/bulk-xray-v2ray-vless-vmess-...-configs/main/sub/Turkey/config.txt
2026-05-19 09:38:40,337 | INFO     |   → 407/920 ❌ HTTP 404 — https://raw.githubusercontent.com/Epodonios/bulk-xray-v2ray-vless-vmess-...-configs/main/sub/United%20Arab%20Emirates/config.txt
2026-05-19 09:38:40,337 | INFO     |   → 408/920 ❌ HTTP 404 — https://raw.githubusercontent.com/Epodonios/bulk-xray-v2ray-vless-vmess-...-configs/main/sub/United%20Kingdom/config.txt
2026-05-19 09:38:40,337 | INFO     |   → 409/920 ❌ HTTP 404 — https://raw.githubusercontent.com/Epodonios/bulk-xray-v2ray-vless-vmess-...-configs/main/sub/United%20States/config.txt
2026-05-19 09:38:40,337 | INFO     |   → 410/920: ✅ 442 взято | 🗑️ 3976 мусор
2026-05-19 09:38:40,337 | INFO     |   → 411/920 ❌ HTTP 404 — https://raw.githubusercontent.com/Epodonios/v2ray-configs/main/Splitted-By-Protocol/mix.txt
2026-05-19 09:38:40,337 | INFO     |   → 412/920: ✅ 80 взято | 🗑️ 321 мусор
2026-05-19 09:38:40,337 | INFO     |   → 413/920: ✅ 0 взято | 🗑️ 0 мусор
2026-05-19 09:38:40,337 | INFO     |   → 414/920: ✅ 5 взято | 🗑️ 277 мусор
2026-05-19 09:38:40,337 | INFO     |   → 415/920: ✅ 11 взято | 🗑️ 2772 мусор
2026-05-19 09:38:40,337 | INFO     |   → 416/920: ✅ 5 взято | 🗑️ 599 мусор
2026-05-19 09:38:40,337 | INFO     |   → 417/920 ❌ HTTP 404 — https://raw.githubusercontent.com/Epodonios/v2ray-configs/raw/main/Splitted-By-Protocol/trojan.txt
2026-05-19 09:38:40,337 | INFO     |   → 418/920 ❌ HTTP 404 — https://raw.githubusercontent.com/Epodonios/v2ray-configs/raw/main/Splitted-By-Protocol/vmess.txt
2026-05-19 09:38:40,337 | INFO     |   → 419/920: ✅ 0 взято | 🗑️ 321 мусор
2026-05-19 09:38:40,337 | INFO     |   → 420/920: ✅ 0 взято | 🗑️ 0 мусор
2026-05-19 09:38:40,337 | INFO     |   → 421/920: ✅ 0 взято | 🗑️ 277 мусор
2026-05-19 09:38:40,338 | INFO     |   → 422/920: ✅ 0 взято | 🗑️ 2772 мусор
2026-05-19 09:38:40,338 | INFO     |   → 423/920: ✅ 0 взято | 🗑️ 599 мусор
2026-05-19 09:38:40,338 | INFO     |   → 424/920 ❌ HTTP 404 — https://raw.githubusercontent.com/Fido6/FreeNodes/57221e59caddde55ffdda21d491ae952cd608049/nodes/halekj.txt
2026-05-19 09:38:40,338 | INFO     |   → 425/920 ❌ HTTP 404 — https://raw.githubusercontent.com/Fido6/FreeNodes/57221e59caddde55ffdda21d491ae952cd608049/nodes/kkzui.txt
2026-05-19 09:38:40,338 | INFO     |   → 426/920 ❌ HTTP 404 — https://raw.githubusercontent.com/Fido6/FreeNodes/57221e59caddde55ffdda21d491ae952cd608049/nodes/wenode.txt
2026-05-19 09:38:40,338 | INFO     |   → 427/920: ✅ 0 взято | 🗑️ 0 мусор
2026-05-19 09:38:40,338 | INFO     |   → 428/920: ✅ 0 взято | 🗑️ 0 мусор
2026-05-19 09:38:40,338 | INFO     |   → 429/920: ✅ 14 взято | 🗑️ 250 мусор
2026-05-19 09:38:40,338 | INFO     |   → 430/920: ✅ 3 взято | 🗑️ 16 мусор
2026-05-19 09:38:40,338 | INFO     |   → 431/920: ✅ 1 взято | 🗑️ 17 мусор
2026-05-19 09:38:40,338 | INFO     |   → 432/920: ✅ 4 взято | 🗑️ 11 мусор
2026-05-19 09:38:40,338 | INFO     |   → 433/920: ✅ 0 взято | 🗑️ 0 мусор
2026-05-19 09:38:40,338 | INFO     |   → 434/920: ✅ 0 взято | 🗑️ 137 мусор
2026-05-19 09:38:40,338 | INFO     |   → 435/920: ✅ 0 взято | 🗑️ 32 мусор
2026-05-19 09:38:40,338 | INFO     |   → 436/920: ✅ 2 взято | 🗑️ 19 мусор
2026-05-19 09:38:40,338 | INFO     |   → 437/920: ✅ 0 взято | 🗑️ 43 мусор
2026-05-19 09:38:40,338 | INFO     |   → 438/920: ✅ 0 взято | 🗑️ 43 мусор
2026-05-19 09:38:40,338 | INFO     |   → 439/920 ❌ HTTP 404 — https://raw.githubusercontent.com/Iran-v2ray/v2ray/main/v2ray
2026-05-19 09:38:40,339 | INFO     |   → 440/920: ✅ 0 взято | 🗑️ 1 мусор
2026-05-19 09:38:40,339 | INFO     |   → 441/920: ✅ 0 взято | 🗑️ 1 мусор
2026-05-19 09:38:40,339 | INFO     |   → 442/920: ✅ 0 взято | 🗑️ 28 мусор
2026-05-19 09:38:40,339 | INFO     |   → 443/920: ✅ 14 взято | 🗑️ 282 мусор
2026-05-19 09:38:40,339 | INFO     |   → 444/920: ✅ 0 взято | 🗑️ 94 мусор
2026-05-19 09:38:40,339 | INFO     |   → 445/920: ✅ 0 взято | 🗑️ 0 мусор
2026-05-19 09:38:40,339 | INFO     |   → 446/920: ✅ 0 взято | 🗑️ 0 мусор
2026-05-19 09:38:40,339 | INFO     |   → 447/920 ❌ HTTP 404 — https://raw.githubusercontent.com/Kwinshadow/TelegramV2rayCollector/raw/refs/heads/main/sublinks/mix.txt
2026-05-19 09:38:40,339 | INFO     |   → 448/920 ❌ HTTP 404 — https://raw.githubusercontent.com/LalatinaHub/Mineral/raw/refs/heads/master/result/nodes
2026-05-19 09:38:40,339 | INFO     |   → 449/920 ❌ HTTP 404 — https://raw.githubusercontent.com/Leon406/SubCrawler/main/sub/share/all3
2026-05-19 09:38:40,339 | INFO     |   → 450/920 ❌ HTTP 404 — https://raw.githubusercontent.com/Leon406/SubCrawler/main/sub/share/all4
2026-05-19 09:38:40,339 | INFO     |   → 451/920: ✅ 4 взято | 🗑️ 335 мусор
2026-05-19 09:38:40,339 | INFO     |   → 452/920: ✅ 0 взято | 🗑️ 33 мусор
2026-05-19 09:38:40,339 | INFO     |   → 453/920: ✅ 0 взято | 🗑️ 6 мусор
2026-05-19 09:38:40,339 | INFO     |   → 454/920: ✅ 0 взято | 🗑️ 147 мусор
2026-05-19 09:38:40,339 | INFO     |   → 455/920 ❌ HTTP 404 — https://raw.githubusercontent.com/M-Mashreghi/free-config-collector/main/Splitted-By-Protocol/ssr.txt
2026-05-19 09:38:40,339 | INFO     |   → 456/920: ✅ 139 взято | 🗑️ 114 мусор
2026-05-19 09:38:40,339 | INFO     |   → 457/920: ✅ 126 взято | 🗑️ 137 мусор
2026-05-19 09:38:40,339 | INFO     |   → 458/920: ✅ 0 взято | 🗑️ 12 мусор
2026-05-19 09:38:40,340 | INFO     |   → 459/920: ✅ 0 взято | 🗑️ 1 мусор
2026-05-19 09:38:40,340 | INFO     |   → 460/920: ✅ 24 взято | 🗑️ 282 мусор
2026-05-19 09:38:40,340 | INFO     |   → 461/920: ✅ 0 взято | 🗑️ 282 мусор
2026-05-19 09:38:40,340 | INFO     |   → 462/920 ❌ HTTP 404 — https://raw.githubusercontent.com/MatinGhanbari/v2ray-configs/main/subscriptions/filtered/subs/hy2.txt
2026-05-19 09:38:40,340 | INFO     |   → 463/920: ✅ 24 взято | 🗑️ 1497 мусор
2026-05-19 09:38:40,340 | INFO     |   → 464/920 ❌ HTTP 404 — https://raw.githubusercontent.com/MatinGhanbari/v2ray-configs/main/subscriptions/filtered/subs/ssr.txt
2026-05-19 09:38:40,340 | INFO     |   → 465/920: ✅ 53 взято | 🗑️ 525 мусор
2026-05-19 09:38:40,340 | INFO     |   → 466/920 ❌ HTTP 404 — https://raw.githubusercontent.com/MatinGhanbari/v2ray-configs/main/subscriptions/filtered/subs/tuic.txt
2026-05-19 09:38:40,340 | INFO     |   → 467/920: ✅ 12 взято | 🗑️ 233 мусор
2026-05-19 09:38:40,340 | INFO     |   → 468/920: ✅ 223 взято | 🗑️ 1366 мусор
2026-05-19 09:38:40,340 | INFO     |   → 469/920: ✅ 0 взято | 🗑️ 2 мусор
2026-05-19 09:38:40,340 | INFO     |   → 470/920: ✅ 73 взято | 🗑️ 717 мусор
2026-05-19 09:38:40,340 | INFO     |   → 471/920: ✅ 0 взято | 🗑️ 366 мусор
2026-05-19 09:38:40,340 | INFO     |   → 472/920: ✅ 0 взято | 🗑️ 366 мусор
2026-05-19 09:38:40,340 | INFO     |   → 473/920: ✅ 0 взято | 🗑️ 12 мусор
2026-05-19 09:38:40,340 | INFO     |   → 474/920: ✅ 0 взято | 🗑️ 2 мусор
2026-05-19 09:38:40,340 | INFO     |   → 475/920: ✅ 0 взято | 🗑️ 273 мусор
2026-05-19 09:38:40,340 | INFO     |   → 476/920: ✅ 0 взято | 🗑️ 72 мусор
2026-05-19 09:38:40,341 | INFO     |   → 477/920 ❌ HTTP 404 — https://raw.githubusercontent.com/MhdiTaheri/V2rayCollector/raw/refs/heads/main/sub/mix
2026-05-19 09:38:40,341 | INFO     |   → 478/920: ✅ 53 взято | 🗑️ 267 мусор
2026-05-19 09:38:40,341 | INFO     |   → 479/920 ❌ HTTP 404 — https://raw.githubusercontent.com/MhdiTaheri/V2rayCollector_Py/raw/refs/heads/main/sub/Mix/mix.txt
2026-05-19 09:38:40,341 | INFO     |   → 480/920: ✅ 0 взято | 🗑️ 0 мусор
2026-05-19 09:38:40,341 | INFO     |   → 481/920: ✅ 43 взято | 🗑️ 217 мусор
2026-05-19 09:38:40,341 | INFO     |   → 482/920: ✅ 0 взято | 🗑️ 31 мусор
2026-05-19 09:38:40,341 | INFO     |   → 483/920: ✅ 93 взято | 🗑️ 282 мусор
2026-05-19 09:38:40,341 | INFO     |   → 484/920: ✅ 0 взято | 🗑️ 26 мусор
2026-05-19 09:38:40,341 | INFO     |   → 485/920 ❌ HTTP 404 — https://raw.githubusercontent.com/MrMohebi/xray-proxy-grabber-telegram/master/collected-proxies/clash-meta/all.yaml
2026-05-19 09:38:40,341 | INFO     |   → 486/920 ❌ HTTP 404 — https://raw.githubusercontent.com/MrMohebi/xray-proxy-grabber-telegram/master/collected-proxies/row-url/actives.txt
2026-05-19 09:38:40,341 | INFO     |   → 487/920 ❌ HTTP 404 — https://raw.githubusercontent.com/MrMohebi/xray-proxy-grabber-telegram/master/collected-proxies/row-url/all.txt
2026-05-19 09:38:40,341 | INFO     |   → 488/920: ✅ 0 взято | 🗑️ 13 мусор
2026-05-19 09:38:40,341 | INFO     |   → 489/920: ✅ 0 взято | 🗑️ 13 мусор
2026-05-19 09:38:40,341 | INFO     |   → 490/920: ✅ 5 взято | 🗑️ 15 мусор
2026-05-19 09:38:40,341 | INFO     |   → 491/920: ✅ 0 взято | 🗑️ 30 мусор
2026-05-19 09:38:40,341 | INFO     |   → 492/920: ✅ 0 взято | 🗑️ 15 мусор
2026-05-19 09:38:40,341 | INFO     |   → 493/920: ✅ 66 взято | 🗑️ 123 мусор
2026-05-19 09:38:40,341 | INFO     |   → 494/920: ✅ 175 взято | 🗑️ 582 мусор
2026-05-19 09:38:40,341 | INFO     |   → 495/920: ✅ 0 взято | 🗑️ 0 мусор
2026-05-19 09:38:40,342 | INFO     |   → 496/920 ❌ HTTP 404 — https://raw.githubusercontent.com/OpenCNLink/freevpn/3cfcff048bfdd1493ccffa52ecf30ce7f9fc6b28/src/list/vmess.txt
2026-05-19 09:38:40,342 | INFO     |   → 497/920 ❌ HTTP 404 — https://raw.githubusercontent.com/Pawdro/Collection/main/sub
2026-05-19 09:38:40,342 | INFO     |   → 498/920: ✅ 0 взято | 🗑️ 20 мусор
2026-05-19 09:38:40,342 | INFO     |   → 499/920: ✅ 0 взято | 🗑️ 20 мусор
2026-05-19 09:38:40,342 | INFO     |   → 500/920: ✅ 0 взято | 🗑️ 0 мусор
2026-05-19 09:38:40,342 | INFO     |   → 501/920: ✅ 0 взято | 🗑️ 0 мусор
2026-05-19 09:38:40,342 | INFO     |   → 502/920: ✅ 0 взято | 🗑️ 50 мусор
2026-05-19 09:38:40,342 | INFO     |   → 503/920: ✅ 5 взято | 🗑️ 206 мусор
2026-05-19 09:38:40,342 | INFO     |   → 504/920: ✅ 21 взято | 🗑️ 138 мусор
2026-05-19 09:38:40,342 | INFO     |   → 505/920: ✅ 23 взято | 🗑️ 89 мусор
2026-05-19 09:38:40,342 | INFO     |   → 506/920: ✅ 9 взято | 🗑️ 85 мусор
2026-05-19 09:38:40,342 | INFO     |   → 507/920: ✅ 0 взято | 🗑️ 129 мусор
2026-05-19 09:38:40,342 | INFO     |   → 508/920: ✅ 0 взято | 🗑️ 81 мусор
2026-05-19 09:38:40,342 | INFO     |   → 509/920 ❌ HTTP 404 — https://raw.githubusercontent.com/STR97/STRUGOV/refs/heads/main/STR.BYPASS
2026-05-19 09:38:40,342 | INFO     |   → 510/920: ✅ 4 взято | 🗑️ 34 мусор
2026-05-19 09:38:40,342 | INFO     |   → 511/920: ✅ 11 взято | 🗑️ 16 мусор
2026-05-19 09:38:40,342 | INFO     |   → 512/920: ✅ 0 взято | 🗑️ 16 мусор
2026-05-19 09:38:40,342 | INFO     |   → 513/920: ✅ 0 взято | 🗑️ 27 мусор
2026-05-19 09:38:40,343 | INFO     |   → 514/920: ✅ 140 взято | 🗑️ 1153 мусор
2026-05-19 09:38:40,343 | INFO     |   → 515/920: ✅ 29 взято | 🗑️ 54 мусор
2026-05-19 09:38:40,343 | INFO     |   → 516/920: ✅ 0 взято | 🗑️ 3 мусор
2026-05-19 09:38:40,343 | INFO     |   → 517/920: ✅ 0 взято | 🗑️ 0 мусор
2026-05-19 09:38:40,343 | INFO     |   → 518/920: ✅ 2 взято | 🗑️ 1 мусор
2026-05-19 09:38:40,343 | INFO     |   → 519/920: ✅ 0 взято | 🗑️ 3 мусор
2026-05-19 09:38:40,343 | INFO     |   → 520/920: ✅ 0 взято | 🗑️ 1 мусор
2026-05-19 09:38:40,343 | INFO     |   → 521/920: ✅ 4 взято | 🗑️ 291 мусор
2026-05-19 09:38:40,343 | INFO     |   → 522/920: ✅ 0 взято | 🗑️ 119 мусор
2026-05-19 09:38:40,343 | INFO     |   → 523/920: ✅ 0 взято | 🗑️ 0 мусор
2026-05-19 09:38:40,343 | INFO     |   → 524/920 ❌ HTTP 404 — https://raw.githubusercontent.com/V2RAYCONFIGSPOOL/V2RAY_SUB/main/V2RAY_SUB.txt
2026-05-19 09:38:40,343 | INFO     |   → 525/920: ✅ 28 взято | 🗑️ 113 мусор
2026-05-19 09:38:40,343 | INFO     |   → 526/920: ✅ 19 взято | 🗑️ 76 мусор
2026-05-19 09:38:40,343 | INFO     |   → 527/920: ✅ 0 взято | 🗑️ 0 мусор
2026-05-19 09:38:40,343 | INFO     |   → 528/920: ✅ 0 взято | 🗑️ 76 мусор
2026-05-19 09:38:40,343 | INFO     |   → 529/920: ✅ 58 взято | 🗑️ 348 мусор
2026-05-19 09:38:40,343 | INFO     |   → 530/920: ✅ 1 взято | 🗑️ 231 мусор
2026-05-19 09:38:40,343 | INFO     |   → 531/920: ✅ 0 взято | 🗑️ 0 мусор
2026-05-19 09:38:40,343 | INFO     |   → 532/920: ✅ 1 взято | 🗑️ 83 мусор
2026-05-19 09:38:40,344 | INFO     |   → 533/920: ✅ 0 взято | 🗑️ 16 мусор
2026-05-19 09:38:40,344 | INFO     |   → 534/920: ✅ 0 взято | 🗑️ 16 мусор
2026-05-19 09:38:40,344 | INFO     |   → 535/920 ❌ HTTP 404 — https://raw.githubusercontent.com/aiboboxx/clashfree/main/clash.yml
2026-05-19 09:38:40,344 | INFO     |   → 536/920 ❌ HTTP 404 — https://raw.githubusercontent.com/aiboboxx/v2rayfree/main/v2
2026-05-19 09:38:40,344 | INFO     |   → 537/920 ❌ HTTP 404 — https://raw.githubusercontent.com/amirmohammad-mohammad-88/Sub-Reality-Azadi-config/Config/Azadi-Reality-Different
2026-05-19 09:38:40,344 | INFO     |   → 538/920 ❌ HTTP 404 — https://raw.githubusercontent.com/amirmohammad-mohammad-88/Sub-Reality-Azadi-config/Config/Azadi-Reality-Different-Base64
2026-05-19 09:38:40,344 | INFO     |   → 539/920: ✅ 1 взято | 🗑️ 17 мусор
2026-05-19 09:38:40,344 | INFO     |   → 540/920: ✅ 0 взято | 🗑️ 0 мусор
2026-05-19 09:38:40,344 | INFO     |   → 541/920: ✅ 4 взято | 🗑️ 114 мусор
2026-05-19 09:38:40,344 | INFO     |   → 542/920: ✅ 17 взято | 🗑️ 59 мусор
2026-05-19 09:38:40,344 | INFO     |   → 543/920 ❌ HTTP 404 — https://raw.githubusercontent.com/awesome-vpn/awesome-vpn/master/ss
2026-05-19 09:38:40,344 | INFO     |   → 544/920 ❌ HTTP 404 — https://raw.githubusercontent.com/awesome-vpn/awesome-vpn/master/ssr
2026-05-19 09:38:40,344 | INFO     |   → 545/920: ✅ 0 взято | 🗑️ 0 мусор
2026-05-19 09:38:40,344 | INFO     |   → 546/920: ✅ 1 взято | 🗑️ 22 мусор
2026-05-19 09:38:40,344 | INFO     |   → 547/920: ✅ 0 взято | 🗑️ 201 мусор
2026-05-19 09:38:40,344 | INFO     |   → 548/920 ❌ HTTP 404 — https://raw.githubusercontent.com/barry-far/V2ray-Configs/ced94ddfff48276ec365b40227561f36b1b64bc8/Sub5.txt
2026-05-19 09:38:40,344 | INFO     |   → 549/920 ❌ HTTP 404 — https://raw.githubusercontent.com/barry-far/V2ray-Configs/main/Splitted-By-Protocol/hysteria2.txt
2026-05-19 09:38:40,344 | INFO     |   → 550/920 ❌ HTTP 404 — https://raw.githubusercontent.com/barry-far/V2ray-Configs/main/Splitted-By-Protocol/vless.txt
2026-05-19 09:38:40,344 | INFO     |   → 551/920 ❌ HTTP 404 — https://raw.githubusercontent.com/barry-far/V2ray-Configs/main/Sub1.txt
2026-05-19 09:38:40,344 | INFO     |   → 552/920 ❌ HTTP 404 — https://raw.githubusercontent.com/barry-far/V2ray-Configs/refs/heads/main/All_Configs_Sub.txt
2026-05-19 09:38:40,344 | INFO     |   → 553/920: ✅ 0 взято | 🗑️ 0 мусор
2026-05-19 09:38:40,344 | INFO     |   → 554/920 ❌ HTTP 404 — https://raw.githubusercontent.com/budamu/clashconfig/main/v2ray.txt
2026-05-19 09:38:40,345 | INFO     |   → 555/920 ❌ HTTP 404 — https://raw.githubusercontent.com/budamu/clashconfig/main/v2ray2.txt
2026-05-19 09:38:40,345 | INFO     |   → 556/920: ✅ 0 взято | 🗑️ 0 мусор
2026-05-19 09:38:40,345 | INFO     |   → 557/920: ✅ 0 взято | 🗑️ 442 мусор
2026-05-19 09:38:40,345 | INFO     |   → 558/920: ✅ 0 взято | 🗑️ 0 мусор
2026-05-19 09:38:40,345 | INFO     |   → 559/920 ❌ HTTP 404 — https://raw.githubusercontent.com/chxxyz2004/zd/17fca23b73c46b5dd73e9be49b14d219b5e5f836/sub/2401/240110.txt
2026-05-19 09:38:40,345 | INFO     |   → 560/920: ✅ 0 взято | 🗑️ 44 мусор
2026-05-19 09:38:40,345 | INFO     |   → 561/920: ✅ 236 взято | 🗑️ 517 мусор
2026-05-19 09:38:40,345 | INFO     |   → 562/920 ❌ HTTP 404 — https://raw.githubusercontent.com/cxr9912/cxr2022/main/free.yaml
2026-05-19 09:38:40,345 | INFO     |   → 563/920 ❌ HTTP 404 — https://raw.githubusercontent.com/cxr9912/cxr2022/main/mix.yaml
2026-05-19 09:38:40,345 | INFO     |   → 564/920 ❌ HTTP 404 — https://raw.githubusercontent.com/cxr9912/cxr2022/main/ss.yaml
2026-05-19 09:38:40,345 | INFO     |   → 565/920 ❌ HTTP 404 — https://raw.githubusercontent.com/cxr9912/cxr2022/main/ssr.yaml
2026-05-19 09:38:40,345 | INFO     |   → 566/920 ❌ HTTP 404 — https://raw.githubusercontent.com/cxr9912/cxr2022/main/vmess.yaml
2026-05-19 09:38:40,345 | INFO     |   → 567/920 ❌ HTTP 404 — https://raw.githubusercontent.com/cxr9912/cxr2022/refs/heads/main/18cj.json
2026-05-19 09:38:40,345 | INFO     |   → 568/920 ❌ HTTP 404 — https://raw.githubusercontent.com/cxr9912/cxr2022/refs/heads/main/aaaaaaaa.yaml
2026-05-19 09:38:40,345 | INFO     |   → 569/920 ❌ HTTP 404 — https://raw.githubusercontent.com/cxr9912/cxr2022/refs/heads/main/free.yaml
2026-05-19 09:38:40,345 | INFO     |   → 570/920 ❌ HTTP 404 — https://raw.githubusercontent.com/cxr9912/cxr2022/refs/heads/main/ss2088.txt
2026-05-19 09:38:40,345 | INFO     |   → 571/920: ✅ 0 взято | 🗑️ 18 мусор
2026-05-19 09:38:40,345 | INFO     |   → 572/920: ✅ 0 взято | 🗑️ 18 мусор
2026-05-19 09:38:40,345 | INFO     |   → 573/920: ✅ 6 взято | 🗑️ 78 мусор
2026-05-19 09:38:40,346 | INFO     |   → 574/920: ✅ 6 взято | 🗑️ 4 мусор
2026-05-19 09:38:40,346 | INFO     |   → 575/920: ✅ 0 взято | 🗑️ 2 мусор
2026-05-19 09:38:40,346 | INFO     |   → 576/920: ✅ 0 взято | 🗑️ 2 мусор
2026-05-19 09:38:40,346 | INFO     |   → 577/920: ✅ 0 взято | 🗑️ 2 мусор
2026-05-19 09:38:40,346 | INFO     |   → 578/920: ✅ 0 взято | 🗑️ 3 мусор
2026-05-19 09:38:40,346 | INFO     |   → 579/920: ✅ 0 взято | 🗑️ 2 мусор
2026-05-19 09:38:40,346 | INFO     |   → 580/920: ✅ 0 взято | 🗑️ 9 мусор
2026-05-19 09:38:40,346 | INFO     |   → 581/920: ✅ 1 взято | 🗑️ 1 мусор
2026-05-19 09:38:40,346 | INFO     |   → 582/920: ✅ 0 взято | 🗑️ 10 мусор
2026-05-19 09:38:40,346 | INFO     |   → 583/920: ✅ 0 взято | 🗑️ 2 мусор
2026-05-19 09:38:40,346 | INFO     |   → 584/920: ✅ 0 взято | 🗑️ 0 мусор
2026-05-19 09:38:40,346 | INFO     |   → 585/920: ✅ 1944 взято | 🗑️ 39928 мусор
2026-05-19 09:38:40,346 | INFO     |   → 586/920: ✅ 67 взято | 🗑️ 985 мусор
2026-05-19 09:38:40,346 | INFO     |   → 587/920: ✅ 6 взято | 🗑️ 113 мусор
2026-05-19 09:38:40,346 | INFO     |   → 588/920: ✅ 0 взято | 🗑️ 0 мусор
2026-05-19 09:38:40,346 | INFO     |   → 589/920: ✅ 1 взято | 🗑️ 25 мусор
2026-05-19 09:38:40,346 | INFO     |   → 590/920: ✅ 0 взято | 🗑️ 0 мусор
2026-05-19 09:38:40,346 | INFO     |   → 591/920: ✅ 13 взято | 🗑️ 19 мусор
2026-05-19 09:38:40,347 | INFO     |   → 592/920: ✅ 0 взято | 🗑️ 5 мусор
2026-05-19 09:38:40,347 | INFO     |   → 593/920: ✅ 2 взято | 🗑️ 80 мусор
2026-05-19 09:38:40,347 | INFO     |   → 594/920 ❌ HTTP 404 — https://raw.githubusercontent.com/free-nodes/v2rayfree/main/v2
2026-05-19 09:38:40,347 | INFO     |   → 595/920 ❌ HTTP 404 — https://raw.githubusercontent.com/free-v2ray-config/trojan/main/trojan.txt
2026-05-19 09:38:40,347 | INFO     |   → 596/920 ❌ HTTP 404 — https://raw.githubusercontent.com/free-v2ray-config/vless/main/vless.txt
2026-05-19 09:38:40,347 | INFO     |   → 597/920 ❌ HTTP 404 — https://raw.githubusercontent.com/free-v2ray-config/vmess/main/vmess.txt
2026-05-19 09:38:40,347 | INFO     |   → 598/920: ✅ 5 взято | 🗑️ 169 мусор
2026-05-19 09:38:40,347 | INFO     |   → 599/920: ✅ 34 взято | 🗑️ 121 мусор
2026-05-19 09:38:40,347 | INFO     |   → 600/920: ✅ 4 взято | 🗑️ 97 мусор
2026-05-19 09:38:40,347 | INFO     |   → 601/920 ❌ HTTP 404 — https://raw.githubusercontent.com/free18/v2ray/main/Clash.yaml
2026-05-19 09:38:40,347 | INFO     |   → 602/920: ✅ 0 взято | 🗑️ 0 мусор
2026-05-19 09:38:40,347 | INFO     |   → 603/920: ✅ 0 взято | 🗑️ 15 мусор
2026-05-19 09:38:40,347 | INFO     |   → 604/920: ✅ 0 взято | 🗑️ 0 мусор
2026-05-19 09:38:40,347 | INFO     |   → 605/920: ✅ 0 взято | 🗑️ 8 мусор
2026-05-19 09:38:40,347 | INFO     |   → 606/920: ✅ 0 взято | 🗑️ 8 мусор
2026-05-19 09:38:40,347 | INFO     |   → 607/920: ✅ 0 взято | 🗑️ 8 мусор
2026-05-19 09:38:40,347 | INFO     |   → 608/920: ✅ 0 взято | 🗑️ 8 мусор
2026-05-19 09:38:40,347 | INFO     |   → 609/920 ❌ HTTP 404 — https://raw.githubusercontent.com/freev2rayconfig/V2RAY_SUB/3e6a7786a1601ee3723e8d043ae79e70dbdfd9a8/v2rayconfigs.txt
2026-05-19 09:38:40,348 | INFO     |   → 610/920 ❌ HTTP 404 — https://raw.githubusercontent.com/freev2rayconfig/V2RAY_SUBSCRIPTION_LINK/main/v2rayconfigs.txt
2026-05-19 09:38:40,348 | INFO     |   → 611/920 ❌ HTTP 404 — https://raw.githubusercontent.com/gfpcom/free-proxy-list/main/list/http.txt
2026-05-19 09:38:40,348 | INFO     |   → 612/920 ❌ HTTP 404 — https://raw.githubusercontent.com/gfpcom/free-proxy-list/main/list/https.txt
2026-05-19 09:38:40,348 | INFO     |   → 613/920 ❌ HTTP 404 — https://raw.githubusercontent.com/gfpcom/free-proxy-list/main/list/socks4.txt
2026-05-19 09:38:40,348 | INFO     |   → 614/920 ❌ HTTP 404 — https://raw.githubusercontent.com/gfpcom/free-proxy-list/main/list/socks4a.txt
2026-05-19 09:38:40,348 | INFO     |   → 615/920 ❌ HTTP 404 — https://raw.githubusercontent.com/gfpcom/free-proxy-list/main/list/socks5.txt
2026-05-19 09:38:40,348 | INFO     |   → 616/920 ❌ HTTP 404 — https://raw.githubusercontent.com/gfpcom/free-proxy-list/main/list/socks5h.txt
2026-05-19 09:38:40,348 | INFO     |   → 617/920 ❌ HTTP 404 — https://raw.githubusercontent.com/gfpcom/free-proxy-list/main/list/ss.txt
2026-05-19 09:38:40,348 | INFO     |   → 618/920 ❌ HTTP 404 — https://raw.githubusercontent.com/gfpcom/free-proxy-list/main/list/ssr.txt
2026-05-19 09:38:40,348 | INFO     |   → 619/920 ❌ HTTP 404 — https://raw.githubusercontent.com/gfpcom/free-proxy-list/main/list/trojan.txt
2026-05-19 09:38:40,348 | INFO     |   → 620/920 ❌ HTTP 404 — https://raw.githubusercontent.com/gfpcom/free-proxy-list/main/list/vless.txt
2026-05-19 09:38:40,348 | INFO     |   → 621/920 ❌ HTTP 404 — https://raw.githubusercontent.com/gfpcom/free-proxy-list/main/list/vmess.txt
2026-05-19 09:38:40,348 | INFO     |   → 622/920: ✅ 0 взято | 🗑️ 17 мусор
2026-05-19 09:38:40,348 | INFO     |   → 623/920: ✅ 0 взято | 🗑️ 0 мусор
2026-05-19 09:38:40,348 | INFO     |   → 624/920: ✅ 4 взято | 🗑️ 63 мусор
2026-05-19 09:38:40,348 | INFO     |   → 625/920 ❌ HTTP 404 — https://raw.githubusercontent.com/hameed-maleki/TVC/89a4522969c57dcc22458cae9898426e5c4f2679/lite/config.txt
2026-05-19 09:38:40,348 | INFO     |   → 626/920: ✅ 5 взято | 🗑️ 132 мусор
2026-05-19 09:38:40,348 | INFO     |   → 627/920: ✅ 0 взято | 🗑️ 56 мусор
2026-05-19 09:38:40,348 | INFO     |   → 628/920 ❌ HTTP 404 — https://raw.githubusercontent.com/hkaa0/permalink/main/proxy/V2ray
2026-05-19 09:38:40,349 | INFO     |   → 629/920 ❌ HTTP 404 — https://raw.githubusercontent.com/hkaa0/permalink/main/proxy/clash
2026-05-19 09:38:40,349 | INFO     |   → 630/920 ❌ HTTP 404 — https://raw.githubusercontent.com/hkpc/Autoproxy/6cf946ddfc677a29062007e4b47d70674474baa7/sub/2401/240110.txt
2026-05-19 09:38:40,349 | INFO     |   → 631/920 ❌ HTTP 404 — https://raw.githubusercontent.com/hkpc/V2ray-Configs/7d9aa0dabf947af180a7dd6302818ed37950531a/Sub1.txt
2026-05-19 09:38:40,349 | INFO     |   → 632/920: ✅ 0 взято | 🗑️ 14 мусор
2026-05-19 09:38:40,349 | INFO     |   → 633/920: ✅ 16 взято | 🗑️ 16 мусор
2026-05-19 09:38:40,349 | INFO     |   → 634/920 ❌ HTTP 404 — https://raw.githubusercontent.com/iboxz/free-v2ray-collector/main/main
2026-05-19 09:38:40,349 | INFO     |   → 635/920: ✅ 10 взято | 🗑️ 19 мусор
2026-05-19 09:38:40,349 | INFO     |   → 636/920: ✅ 8 взято | 🗑️ 9 мусор
2026-05-19 09:38:40,349 | INFO     |   → 637/920: ✅ 49 взято | 🗑️ 226 мусор
2026-05-19 09:38:40,349 | INFO     |   → 638/920 ❌ HTTP 404 — https://raw.githubusercontent.com/igareck/vpn-configs-for-russia/refs/heads/main/Vless-Reality-White-Lists-Rus-Cable.txt
2026-05-19 09:38:40,349 | INFO     |   → 639/920: ✅ 30 взято | 🗑️ 87 мусор
2026-05-19 09:38:40,349 | INFO     |   → 640/920: ✅ 0 взято | 🗑️ 0 мусор
2026-05-19 09:38:40,349 | INFO     |   → 641/920: ✅ 0 взято | 🗑️ 0 мусор
2026-05-19 09:38:40,349 | INFO     |   → 642/920: ✅ 23 взято | 🗑️ 9 мусор
2026-05-19 09:38:40,349 | INFO     |   → 643/920: ✅ 0 взято | 🗑️ 0 мусор
2026-05-19 09:38:40,349 | INFO     |   → 644/920: ✅ 0 взято | 🗑️ 0 мусор
2026-05-19 09:38:40,349 | INFO     |   → 645/920: ✅ 0 взято | 🗑️ 12 мусор
2026-05-19 09:38:40,349 | INFO     |   → 646/920: ✅ 0 взято | 🗑️ 43 мусор
2026-05-19 09:38:40,350 | INFO     |   → 647/920 ❌ HTTP 404 — https://raw.githubusercontent.com/jw853355718/clash_233/master/config.yml
2026-05-19 09:38:40,350 | INFO     |   → 648/920: ✅ 0 взято | 🗑️ 210 мусор
2026-05-19 09:38:40,350 | INFO     |   → 649/920: ✅ 0 взято | 🗑️ 0 мусор
2026-05-19 09:38:40,350 | INFO     |   → 650/920: ✅ 0 взято | 🗑️ 0 мусор
2026-05-19 09:38:40,350 | INFO     |   → 651/920 ❌ HTTP 404 — https://raw.githubusercontent.com/lcx12901/v2ray-/master/sspool.herokuapp.com/yzcloud.yaml
2026-05-19 09:38:40,350 | INFO     |   → 652/920 ❌ HTTP 404 — https://raw.githubusercontent.com/lcx12901/v2ray-/master/sspool.herokuapp.com/yzcloud2.yaml
2026-05-19 09:38:40,350 | INFO     |   → 653/920: ✅ 0 взято | 🗑️ 0 мусор
2026-05-19 09:38:40,350 | INFO     |   → 654/920 ❌ HTTP 404 — https://raw.githubusercontent.com/learnhard-cn/free_proxy_ss/main/clash/config.yaml
2026-05-19 09:38:40,350 | INFO     |   → 655/920: ✅ 0 взято | 🗑️ 8 мусор
2026-05-19 09:38:40,350 | INFO     |   → 656/920: ✅ 0 взято | 🗑️ 4 мусор
2026-05-19 09:38:40,350 | INFO     |   → 657/920: ✅ 0 взято | 🗑️ 0 мусор
2026-05-19 09:38:40,350 | INFO     |   → 658/920: ✅ 0 взято | 🗑️ 4 мусор
2026-05-19 09:38:40,350 | INFO     |   → 659/920: ✅ 0 взято | 🗑️ 149 мусор
2026-05-19 09:38:40,350 | INFO     |   → 660/920: ✅ 0 взято | 🗑️ 421 мусор
2026-05-19 09:38:40,350 | INFO     |   → 661/920 ❌ HTTP 404 — https://raw.githubusercontent.com/lisylva-lee/v2dyku/main/ssr
2026-05-19 09:38:40,350 | INFO     |   → 662/920 ❌ HTTP 404 — https://raw.githubusercontent.com/lisylva-lee/v2dyku/main/v2dy
2026-05-19 09:38:40,350 | INFO     |   → 663/920: ✅ 0 взято | 🗑️ 53 мусор
2026-05-19 09:38:40,350 | INFO     |   → 664/920 ❌ HTTP 404 — https://raw.githubusercontent.com/luxl-1379/merge/77247d23def72b25226dfa741614e9b07a569c72/sub/sub_merge_base64.txt
2026-05-19 09:38:40,350 | INFO     |   → 665/920: ✅ 146 взято | 🗑️ 343 мусор
2026-05-19 09:38:40,351 | INFO     |   → 666/920: ✅ 0 взято | 🗑️ 117 мусор
2026-05-19 09:38:40,351 | INFO     |   → 667/920: ✅ 868 взято | 🗑️ 3971 мусор
2026-05-19 09:38:40,351 | INFO     |   → 668/920: ✅ 0 взято | 🗑️ 0 мусор
2026-05-19 09:38:40,351 | INFO     |   → 669/920: ✅ 0 взято | 🗑️ 3971 мусор
2026-05-19 09:38:40,351 | INFO     |   → 670/920: ✅ 20 взято | 🗑️ 370 мусор
2026-05-19 09:38:40,351 | INFO     |   → 671/920 ❌ HTTP 404 — https://raw.githubusercontent.com/mermeroo/Clash-V2ray/main/v2ray
2026-05-19 09:38:40,351 | INFO     |   → 672/920: ✅ 15 взято | 🗑️ 417 мусор
2026-05-19 09:38:40,351 | INFO     |   → 673/920: ✅ 6 взято | 🗑️ 102 мусор
2026-05-19 09:38:40,351 | INFO     |   → 674/920: ✅ 716 взято | 🗑️ 6258 мусор
2026-05-19 09:38:40,351 | INFO     |   → 675/920: ✅ 8 взято | 🗑️ 853 мусор
2026-05-19 09:38:40,351 | INFO     |   → 676/920: ✅ 32 взято | 🗑️ 69 мусор
2026-05-19 09:38:40,351 | INFO     |   → 677/920 ❌ HTTP 404 — https://raw.githubusercontent.com/mermeroo/free-v2ray-collector/main/main/mix
2026-05-19 09:38:40,351 | INFO     |   → 678/920 ❌ HTTP 404 — https://raw.githubusercontent.com/mermeroo/free-v2ray-collector/main/main/reality
2026-05-19 09:38:40,351 | INFO     |   → 679/920 ❌ HTTP 404 — https://raw.githubusercontent.com/mermeroo/free-v2ray-collector/main/main/shadowsocks
2026-05-19 09:38:40,351 | INFO     |   → 680/920 ❌ HTTP 404 — https://raw.githubusercontent.com/mermeroo/free-v2ray-collector/main/main/trojan
2026-05-19 09:38:40,351 | INFO     |   → 681/920 ❌ HTTP 404 — https://raw.githubusercontent.com/mermeroo/free-v2ray-collector/main/main/vless
2026-05-19 09:38:40,351 | INFO     |   → 682/920 ❌ HTTP 404 — https://raw.githubusercontent.com/mermeroo/free-v2ray-collector/main/main/vmess
2026-05-19 09:38:40,351 | INFO     |   → 683/920 ❌ HTTP 404 — https://raw.githubusercontent.com/mfuu/v2ray/master/merge/merge.txt
2026-05-19 09:38:40,351 | INFO     |   → 684/920: ✅ 0 взято | 🗑️ 59 мусор
2026-05-19 09:38:40,352 | INFO     |   → 685/920: ✅ 0 взято | 🗑️ 59 мусор
2026-05-19 09:38:40,352 | INFO     |   → 686/920: ✅ 560 взято | 🗑️ 14827 мусор
2026-05-19 09:38:40,352 | INFO     |   → 687/920: ✅ 0 взято | 🗑️ 14827 мусор
2026-05-19 09:38:40,352 | INFO     |   → 688/920: ✅ 0 взято | 🗑️ 3078 мусор
2026-05-19 09:38:40,352 | INFO     |   → 689/920: ✅ 0 взято | 🗑️ 1825 мусор
2026-05-19 09:38:40,352 | INFO     |   → 690/920: ✅ 0 взято | 🗑️ 5279 мусор
2026-05-19 09:38:40,352 | INFO     |   → 691/920: ✅ 0 взято | 🗑️ 4645 мусор
2026-05-19 09:38:40,352 | INFO     |   → 692/920 ❌ HTTP 404 — https://raw.githubusercontent.com/mianous/qiren/main/qiren.txt
2026-05-19 09:38:40,352 | INFO     |   → 693/920 ❌ HTTP 404 — https://raw.githubusercontent.com/miladtahanian/V2RayCFGDumper/refs/heads/main/config.txt
2026-05-19 09:38:40,352 | INFO     |   → 694/920 ❌ HTTP 404 — https://raw.githubusercontent.com/miladtahanian/multi-proxy-config-fetcher/refs/heads/main/configs/proxy_configs.txt
2026-05-19 09:38:40,352 | INFO     |   → 695/920: ✅ 0 взято | 🗑️ 0 мусор
2026-05-19 09:38:40,352 | INFO     |   → 696/920: ✅ 0 взято | 🗑️ 0 мусор
2026-05-19 09:38:40,352 | INFO     |   → 697/920: ✅ 0 взято | 🗑️ 0 мусор
2026-05-19 09:38:40,352 | INFO     |   → 698/920: ✅ 15 взято | 🗑️ 46 мусор
2026-05-19 09:38:40,352 | INFO     |   → 699/920: ✅ 0 взято | 🗑️ 226 мусор
2026-05-19 09:38:40,352 | INFO     |   → 700/920: ✅ 0 взято | 🗑️ 0 мусор
2026-05-19 09:38:40,352 | INFO     |   → 701/920: ✅ 28 взято | 🗑️ 93 мусор
2026-05-19 09:38:40,352 | INFO     |   → 702/920: ✅ 0 взято | 🗑️ 0 мусор
2026-05-19 09:38:40,353 | INFO     |   → 703/920: ✅ 15 взято | 🗑️ 70 мусор
2026-05-19 09:38:40,353 | INFO     |   → 704/920: ✅ 127 взято | 🗑️ 492 мусор
2026-05-19 09:38:40,353 | INFO     |   → 705/920: ✅ 331 взято | 🗑️ 190 мусор
2026-05-19 09:38:40,353 | INFO     |   → 706/920: ✅ 27 взято | 🗑️ 896 мусор
2026-05-19 09:38:40,353 | INFO     |   → 707/920 ❌ HTTP 404 — https://raw.githubusercontent.com/obscure1990/freeVM/master/snippets/nodes.yml
2026-05-19 09:38:40,353 | INFO     |   → 708/920 ❌ HTTP 404 — https://raw.githubusercontent.com/op30mmd/things/909b38024ba14d69dc0f95c238f63bc6e930a00f/eut.txt
2026-05-19 09:38:40,353 | INFO     |   → 709/920 ❌ HTTP 404 — https://raw.githubusercontent.com/openRunner/clash-freenode/main/v2ray.txt
2026-05-19 09:38:40,353 | INFO     |   → 710/920 ❌ HTTP 404 — https://raw.githubusercontent.com/oslook/clash-freenode/main/clash.yaml
2026-05-19 09:38:40,353 | INFO     |   → 711/920: ✅ 0 взято | 🗑️ 0 мусор
2026-05-19 09:38:40,353 | INFO     |   → 712/920: ✅ 4 взято | 🗑️ 1 мусор
2026-05-19 09:38:40,353 | INFO     |   → 713/920: ✅ 0 взято | 🗑️ 0 мусор
2026-05-19 09:38:40,353 | INFO     |   → 714/920: ✅ 8 взято | 🗑️ 193 мусор
2026-05-19 09:38:40,353 | INFO     |   → 715/920: ✅ 0 взято | 🗑️ 0 мусор
2026-05-19 09:38:40,353 | INFO     |   → 716/920: ✅ 0 взято | 🗑️ 0 мусор
2026-05-19 09:38:40,353 | INFO     |   → 717/920: ✅ 0 взято | 🗑️ 19 мусор
2026-05-19 09:38:40,353 | INFO     |   → 718/920: ✅ 0 взято | 🗑️ 44 мусор
2026-05-19 09:38:40,353 | INFO     |   → 719/920: ✅ 63 взято | 🗑️ 521 мусор
2026-05-19 09:38:40,353 | INFO     |   → 720/920: ✅ 165 взято | 🗑️ 273 мусор
2026-05-19 09:38:40,354 | INFO     |   → 721/920: ✅ 0 взято | 🗑️ 0 мусор
2026-05-19 09:38:40,354 | INFO     |   → 722/920: ✅ 28 взято | 🗑️ 211 мусор
2026-05-19 09:38:40,354 | INFO     |   → 723/920: ✅ 0 взято | 🗑️ 79 мусор
2026-05-19 09:38:40,354 | INFO     |   → 724/920: ✅ 13 взято | 🗑️ 32 мусор
2026-05-19 09:38:40,354 | INFO     |   → 725/920: ✅ 0 взято | 🗑️ 0 мусор
2026-05-19 09:38:40,354 | INFO     |   → 726/920: ✅ 2 взято | 🗑️ 9 мусор
2026-05-19 09:38:40,354 | INFO     |   → 727/920: ✅ 11 взято | 🗑️ 76 мусор
2026-05-19 09:38:40,354 | INFO     |   → 728/920: ✅ 0 взято | 🗑️ 168 мусор
2026-05-19 09:38:40,354 | INFO     |   → 729/920: ✅ 0 взято | 🗑️ 79 мусор
2026-05-19 09:38:40,354 | INFO     |   → 730/920: ✅ 0 взято | 🗑️ 16 мусор
2026-05-19 09:38:40,354 | INFO     |   → 731/920 ❌ HTTP 404 — https://raw.githubusercontent.com/ronghuaxueleng/get_v2/main/pub/changfengoss.yaml
2026-05-19 09:38:40,354 | INFO     |   → 732/920: ✅ 0 взято | 🗑️ 0 мусор
2026-05-19 09:38:40,354 | INFO     |   → 733/920: ✅ 35 взято | 🗑️ 115 мусор
2026-05-19 09:38:40,354 | INFO     |   → 734/920: ✅ 0 взято | 🗑️ 115 мусор
2026-05-19 09:38:40,354 | INFO     |   → 735/920 ❌ HTTP 404 — https://raw.githubusercontent.com/rxsweet/CM_Vmess/refs/heads/main/test.txt
2026-05-19 09:38:40,354 | INFO     |   → 736/920 ❌ HTTP 404 — https://raw.githubusercontent.com/rxsweet/proxies/main/sub/free.yaml
2026-05-19 09:38:40,354 | INFO     |   → 737/920 ❌ HTTP 404 — https://raw.githubusercontent.com/rxsweet/proxies/main/sub/rx.yaml
2026-05-19 09:38:40,354 | INFO     |   → 738/920 ❌ HTTP 404 — https://raw.githubusercontent.com/rxsweet/proxies/main/sub/sources/dynamicAll.yaml
2026-05-19 09:38:40,354 | INFO     |   → 739/920 ❌ HTTP 404 — https://raw.githubusercontent.com/rxsweet/proxies/main/sub/sources/miningAll.yaml
2026-05-19 09:38:40,354 | INFO     |   → 740/920 ❌ HTTP 404 — https://raw.githubusercontent.com/rxsweet/proxies/main/sub/srx.yaml
2026-05-19 09:38:40,354 | INFO     |   → 741/920 ❌ HTTP 404 — https://raw.githubusercontent.com/sajad-sajadi/V2ray-Collector/raw/main/output/protocols/vmess.txt
2026-05-19 09:38:40,355 | INFO     |   → 742/920 ❌ HTTP 404 — https://raw.githubusercontent.com/sakha1370/OpenRay/raw/refs/heads/main/output/all_valid_proxies.txt
2026-05-19 09:38:40,355 | INFO     |   → 743/920: ✅ 53 взято | 🗑️ 399 мусор
2026-05-19 09:38:40,355 | INFO     |   → 744/920: ✅ 0 взято | 🗑️ 399 мусор
2026-05-19 09:38:40,355 | INFO     |   → 745/920 ❌ HTTP 404 — https://raw.githubusercontent.com/samjoeyang/subscribe/main/fly
2026-05-19 09:38:40,355 | INFO     |   → 746/920: ✅ 0 взято | 🗑️ 0 мусор
2026-05-19 09:38:40,355 | INFO     |   → 747/920 ❌ HTTP 404 — https://raw.githubusercontent.com/sarina-ad/v2ray/main/v2ray
2026-05-19 09:38:40,355 | INFO     |   → 748/920 ❌ HTTP 404 — https://raw.githubusercontent.com/satrom/V2SSR/master/SSR/Sub.txt
2026-05-19 09:38:40,355 | INFO     |   → 749/920 ❌ HTTP 404 — https://raw.githubusercontent.com/satrom/V2SSR/master/V2RAY/Sub.txt
2026-05-19 09:38:40,355 | INFO     |   → 750/920: ✅ 1622 взято | 🗑️ 44128 мусор
2026-05-19 09:38:40,355 | INFO     |   → 751/920: ✅ 0 взято | 🗑️ 0 мусор
2026-05-19 09:38:40,355 | INFO     |   → 752/920: ✅ 0 взято | 🗑️ 0 мусор
2026-05-19 09:38:40,355 | INFO     |   → 753/920: ✅ 3 взято | 🗑️ 49 мусор
2026-05-19 09:38:40,355 | INFO     |   → 754/920: ✅ 119 взято | 🗑️ 1239 мусор
2026-05-19 09:38:40,355 | INFO     |   → 755/920: ✅ 0 взято | 🗑️ 618 мусор
2026-05-19 09:38:40,355 | INFO     |   → 756/920: ✅ 0 взято | 🗑️ 59 мусор
2026-05-19 09:38:40,355 | INFO     |   → 757/920: ✅ 0 взято | 🗑️ 545 мусор
2026-05-19 09:38:40,355 | INFO     |   → 758/920: ✅ 0 взято | 🗑️ 17 мусор
2026-05-19 09:38:40,355 | INFO     |   → 759/920: ✅ 0 взято | 🗑️ 1239 мусор
2026-05-19 09:38:40,355 | INFO     |   → 760/920: ✅ 0 взято | 🗑️ 0 мусор
2026-05-19 09:38:40,355 | INFO     |   → 761/920 ❌ HTTP 404 — https://raw.githubusercontent.com/shirkerboy/scp/main/sub
2026-05-19 09:38:40,355 | INFO     |   → 762/920 ❌ HTTP 404 — https://raw.githubusercontent.com/snakem982/proxypool/main/nodelist.txt
2026-05-19 09:38:40,355 | INFO     |   → 763/920: ✅ 13 взято | 🗑️ 27 мусор
2026-05-19 09:38:40,355 | INFO     |   → 764/920 ❌ HTTP 404 — https://raw.githubusercontent.com/snakem982/proxypool/main/source/v2ray.txt
2026-05-19 09:38:40,355 | INFO     |   → 765/920 ❌ HTTP 404 — https://raw.githubusercontent.com/soroushmirzaei/telegram-configs-collector/main/channels/protocols/hysteria
2026-05-19 09:38:40,355 | INFO     |   → 766/920 ❌ HTTP 404 — https://raw.githubusercontent.com/soroushmirzaei/telegram-configs-collector/main/channels/protocols/juicity
2026-05-19 09:38:40,355 | INFO     |   → 767/920 ❌ HTTP 404 — https://raw.githubusercontent.com/soroushmirzaei/telegram-configs-collector/main/channels/protocols/reality
2026-05-19 09:38:40,355 | INFO     |   → 768/920 ❌ HTTP 404 — https://raw.githubusercontent.com/soroushmirzaei/telegram-configs-collector/main/channels/protocols/shadowsocks
2026-05-19 09:38:40,355 | INFO     |   → 769/920 ❌ HTTP 404 — https://raw.githubusercontent.com/soroushmirzaei/telegram-configs-collector/main/channels/protocols/trojan
2026-05-19 09:38:40,355 | INFO     |   → 770/920 ❌ HTTP 404 — https://raw.githubusercontent.com/soroushmirzaei/telegram-configs-collector/main/channels/protocols/tuic
2026-05-19 09:38:40,355 | INFO     |   → 771/920 ❌ HTTP 404 — https://raw.githubusercontent.com/soroushmirzaei/telegram-configs-collector/main/channels/protocols/vless
2026-05-19 09:38:40,355 | INFO     |   → 772/920 ❌ HTTP 404 — https://raw.githubusercontent.com/soroushmirzaei/telegram-configs-collector/main/channels/protocols/vmess
2026-05-19 09:38:40,355 | INFO     |   → 773/920 ❌ HTTP 404 — https://raw.githubusercontent.com/soroushmirzaei/telegram-configs-collector/main/countries/jp/mixed
2026-05-19 09:38:40,355 | INFO     |   → 774/920 ❌ HTTP 404 — https://raw.githubusercontent.com/soroushmirzaei/telegram-configs-collector/main/protocols/hysteria
2026-05-19 09:38:40,355 | INFO     |   → 775/920 ❌ HTTP 404 — https://raw.githubusercontent.com/soroushmirzaei/telegram-configs-collector/main/protocols/juicity
2026-05-19 09:38:40,355 | INFO     |   → 776/920 ❌ HTTP 404 — https://raw.githubusercontent.com/soroushmirzaei/telegram-configs-collector/main/protocols/reality
2026-05-19 09:38:40,355 | INFO     |   → 777/920 ❌ HTTP 404 — https://raw.githubusercontent.com/soroushmirzaei/telegram-configs-collector/main/protocols/shadowsocks
2026-05-19 09:38:40,355 | INFO     |   → 778/920 ❌ HTTP 404 — https://raw.githubusercontent.com/soroushmirzaei/telegram-configs-collector/main/protocols/trojan
2026-05-19 09:38:40,355 | INFO     |   → 779/920 ❌ HTTP 404 — https://raw.githubusercontent.com/soroushmirzaei/telegram-configs-collector/main/protocols/tuic
2026-05-19 09:38:40,355 | INFO     |   → 780/920 ❌ HTTP 404 — https://raw.githubusercontent.com/soroushmirzaei/telegram-configs-collector/main/protocols/vless
2026-05-19 09:38:40,355 | INFO     |   → 781/920 ❌ HTTP 404 — https://raw.githubusercontent.com/soroushmirzaei/telegram-configs-collector/main/protocols/vmess
2026-05-19 09:38:40,355 | INFO     |   → 782/920 ❌ HTTP 404 — https://raw.githubusercontent.com/soroushmirzaei/telegram-configs-collector/main/splitted/subscribe
2026-05-19 09:38:40,355 | INFO     |   → 783/920 ❌ HTTP 404 — https://raw.githubusercontent.com/ssrsub/ssr/master/Clash.yml
2026-05-19 09:38:40,355 | INFO     |   → 784/920 ❌ HTTP 404 — https://raw.githubusercontent.com/ssrsub/ssr/master/V2Ray
2026-05-19 09:38:40,355 | INFO     |   → 785/920 ❌ HTTP 404 — https://raw.githubusercontent.com/ssrsub/ssr/master/ss-sub
2026-05-19 09:38:40,356 | INFO     |   → 786/920 ❌ HTTP 404 — https://raw.githubusercontent.com/ssrsub/ssr/master/ssrsub
2026-05-19 09:38:40,356 | INFO     |   → 787/920 ❌ HTTP 404 — https://raw.githubusercontent.com/ssrsub/ssr/master/trojan
2026-05-19 09:38:40,356 | INFO     |   → 788/920: ✅ 0 взято | 🗑️ 0 мусор
2026-05-19 09:38:40,356 | INFO     |   → 789/920: ✅ 2 взято | 🗑️ 12 мусор
2026-05-19 09:38:40,356 | INFO     |   → 790/920: ✅ 0 взято | 🗑️ 13 мусор
2026-05-19 09:38:40,356 | INFO     |   → 791/920: ✅ 0 взято | 🗑️ 13 мусор
2026-05-19 09:38:40,356 | INFO     |   → 792/920 ❌ HTTP 404 — https://raw.githubusercontent.com/tbbatbb/Proxy/master/dist/clash.config.yaml
2026-05-19 09:38:40,356 | INFO     |   → 793/920: ✅ 2 взято | 🗑️ 35 мусор
2026-05-19 09:38:40,356 | INFO     |   → 794/920: ✅ 0 взято | 🗑️ 0 мусор
2026-05-19 09:38:40,356 | INFO     |   → 795/920: ✅ 5 взято | 🗑️ 111 мусор
2026-05-19 09:38:40,356 | INFO     |   → 796/920: ✅ 0 взято | 🗑️ 0 мусор
2026-05-19 09:38:40,356 | INFO     |   → 797/920: ✅ 0 взято | 🗑️ 86 мусор
2026-05-19 09:38:40,356 | INFO     |   → 798/920 ❌ HTTP 404 — https://raw.githubusercontent.com/v2clash/Autoproxy/a81f840ab2364124133572ec94e4b81fb0d4e58d/sub/2401/240104.txt
2026-05-19 09:38:40,356 | INFO     |   → 799/920 ❌ HTTP 404 — https://raw.githubusercontent.com/v2clash/V2ray-Configs/31f493c584d0c7b56350f4a34d80c53ad82bcc18/Sub9.txt
2026-05-19 09:38:40,356 | INFO     |   → 800/920: ✅ 0 взято | 🗑️ 0 мусор
2026-05-19 09:38:40,356 | INFO     |   → 801/920: ✅ 0 взято | 🗑️ 0 мусор
2026-05-19 09:38:40,356 | INFO     |   → 802/920: ✅ 0 взято | 🗑️ 0 мусор
2026-05-19 09:38:40,356 | INFO     |   → 803/920: ✅ 283 взято | 🗑️ 9640 мусор
2026-05-19 09:38:40,357 | INFO     |   → 804/920: ✅ 281 взято | 🗑️ 10086 мусор
2026-05-19 09:38:40,357 | INFO     |   → 805/920: ✅ 280 взято | 🗑️ 9675 мусор
2026-05-19 09:38:40,357 | INFO     |   → 806/920: ✅ 334 взято | 🗑️ 9823 мусор
2026-05-19 09:38:40,357 | INFO     |   → 807/920: ✅ 350 взято | 🗑️ 9639 мусор
2026-05-19 09:38:40,357 | INFO     |   → 808/920: ✅ 125 взято | 🗑️ 7919 мусор
2026-05-19 09:38:40,357 | INFO     |   → 809/920: ✅ 135 взято | 🗑️ 4836 мусор
2026-05-19 09:38:40,357 | INFO     |   → 810/920: ✅ 502 взято | 🗑️ 7659 мусор
2026-05-19 09:38:40,357 | INFO     |   → 811/920: ✅ 631 взято | 🗑️ 8081 мусор
2026-05-19 09:38:40,357 | INFO     |   → 812/920: ✅ 202 взято | 🗑️ 5131 мусор
2026-05-19 09:38:40,357 | INFO     |   → 813/920 ❌ HTTP 404 — https://raw.githubusercontent.com/vveg26/chromego_merge/main/sub/merged_proxies.yaml
2026-05-19 09:38:40,357 | INFO     |   → 814/920 ❌ HTTP 404 — https://raw.githubusercontent.com/vveg26/get_proxy/main/dist/clash.config.yaml
2026-05-19 09:38:40,357 | INFO     |   → 815/920: ✅ 0 взято | 🗑️ 10 мусор
2026-05-19 09:38:40,357 | INFO     |   → 816/920: ✅ 0 взято | 🗑️ 10 мусор
2026-05-19 09:38:40,357 | INFO     |   → 817/920: ✅ 0 взято | 🗑️ 4 мусор
2026-05-19 09:38:40,357 | INFO     |   → 818/920: ✅ 0 взято | 🗑️ 0 мусор
2026-05-19 09:38:40,357 | INFO     |   → 819/920: ✅ 0 взято | 🗑️ 4 мусор
2026-05-19 09:38:40,357 | INFO     |   → 820/920: ✅ 106 взято | 🗑️ 689 мусор
2026-05-19 09:38:40,357 | INFO     |   → 821/920: ✅ 48 взято | 🗑️ 841 мусор
2026-05-19 09:38:40,357 | INFO     |   → 822/920: ✅ 21 взято | 🗑️ 789 мусор
2026-05-19 09:38:40,358 | INFO     |   → 823/920: ✅ 24 взято | 🗑️ 774 мусор
2026-05-19 09:38:40,358 | INFO     |   → 824/920: ✅ 52 взято | 🗑️ 756 мусор
2026-05-19 09:38:40,358 | INFO     |   → 825/920: ✅ 191 взято | 🗑️ 745 мусор
2026-05-19 09:38:40,358 | INFO     |   → 826/920: ✅ 9 взято | 🗑️ 651 мусор
2026-05-19 09:38:40,358 | INFO     |   → 827/920: ✅ 185 взято | 🗑️ 388 мусор
2026-05-19 09:38:40,358 | INFO     |   → 828/920: ✅ 130 взято | 🗑️ 523 мусор
2026-05-19 09:38:40,358 | INFO     |   → 829/920: ✅ 67 взято | 🗑️ 533 мусор
2026-05-19 09:38:40,358 | INFO     |   → 830/920: ✅ 98 взято | 🗑️ 444 мусор
2026-05-19 09:38:40,358 | INFO     |   → 831/920: ✅ 102 взято | 🗑️ 670 мусор
2026-05-19 09:38:40,358 | INFO     |   → 832/920: ✅ 86 взято | 🗑️ 476 мусор
2026-05-19 09:38:40,358 | INFO     |   → 833/920: ✅ 95 взято | 🗑️ 657 мусор
2026-05-19 09:38:40,358 | INFO     |   → 834/920: ✅ 105 взято | 🗑️ 645 мусор
2026-05-19 09:38:40,358 | INFO     |   → 835/920: ✅ 115 взято | 🗑️ 985 мусор
2026-05-19 09:38:40,358 | INFO     |   → 836/920: ✅ 6 взято | 🗑️ 63 мусор
2026-05-19 09:38:40,358 | INFO     |   → 837/920: ✅ 7 взято | 🗑️ 62 мусор
2026-05-19 09:38:40,358 | INFO     |   → 838/920: ✅ 39 взято | 🗑️ 489 мусор
2026-05-19 09:38:40,358 | INFO     |   → 839/920: ✅ 0 взято | 🗑️ 0 мусор
2026-05-19 09:38:40,358 | INFO     |   → 840/920: ✅ 0 взято | 🗑️ 0 мусор
2026-05-19 09:38:40,359 | INFO     |   → 841/920: ✅ 0 взято | 🗑️ 0 мусор
2026-05-19 09:38:40,359 | INFO     |   → 842/920: ✅ 0 взято | 🗑️ 0 мусор
2026-05-19 09:38:40,359 | INFO     |   → 843/920: ✅ 0 взято | 🗑️ 0 мусор
2026-05-19 09:38:40,359 | INFO     |   → 844/920: ✅ 0 взято | 🗑️ 52 мусор
2026-05-19 09:38:40,359 | INFO     |   → 845/920: ✅ 5 взято | 🗑️ 10 мусор
2026-05-19 09:38:40,359 | INFO     |   → 846/920: ✅ 1 взято | 🗑️ 124 мусор
2026-05-19 09:38:40,359 | INFO     |   → 847/920: ✅ 103 взято | 🗑️ 113 мусор
2026-05-19 09:38:40,359 | INFO     |   → 848/920: ✅ 0 взято | 🗑️ 9 мусор
2026-05-19 09:38:40,359 | INFO     |   → 849/920: ✅ 39 взято | 🗑️ 496 мусор
2026-05-19 09:38:40,359 | INFO     |   → 850/920 ❌ HTTP 404 — https://raw.githubusercontent.com/xiaozhu2007/xiaozhu2007/61a755a044dbaeea678bc2d1e20f21a21c6d7170/docs/fxxk.txt
2026-05-19 09:38:40,359 | INFO     |   → 851/920: ✅ 1 взято | 🗑️ 159 мусор
2026-05-19 09:38:40,359 | INFO     |   → 852/920: ✅ 0 взято | 🗑️ 22 мусор
2026-05-19 09:38:40,359 | INFO     |   → 853/920: ✅ 0 взято | 🗑️ 0 мусор
2026-05-19 09:38:40,359 | INFO     |   → 854/920 ❌ HTTP 404 — https://raw.githubusercontent.com/yebekhe/TVC/0f745f92bf381e505f1245abbc7c145b19b11503/config.txt
2026-05-19 09:38:40,359 | INFO     |   → 855/920 ❌ HTTP 404 — https://raw.githubusercontent.com/yebekhe/TVC/9fac69239c69327fb7a61f5a8d79d107133889e1/lite/config.txt
2026-05-19 09:38:40,359 | INFO     |   → 856/920 ❌ HTTP 404 — https://raw.githubusercontent.com/yebekhe/TelegramV2rayCollector/main/sub/normal/donated
2026-05-19 09:38:40,359 | INFO     |   → 857/920 ❌ HTTP 404 — https://raw.githubusercontent.com/yebekhe/TelegramV2rayCollector/main/sub/normal/hysteria2
2026-05-19 09:38:40,359 | INFO     |   → 858/920 ❌ HTTP 404 — https://raw.githubusercontent.com/yebekhe/TelegramV2rayCollector/main/sub/normal/mix
2026-05-19 09:38:40,359 | INFO     |   → 859/920 ❌ HTTP 404 — https://raw.githubusercontent.com/yebekhe/TelegramV2rayCollector/main/sub/normal/reality
2026-05-19 09:38:40,359 | INFO     |   → 860/920 ❌ HTTP 404 — https://raw.githubusercontent.com/yebekhe/TelegramV2rayCollector/main/sub/normal/shadowsocks
2026-05-19 09:38:40,359 | INFO     |   → 861/920 ❌ HTTP 404 — https://raw.githubusercontent.com/yebekhe/TelegramV2rayCollector/main/sub/normal/trojan
2026-05-19 09:38:40,359 | INFO     |   → 862/920 ❌ HTTP 404 — https://raw.githubusercontent.com/yebekhe/TelegramV2rayCollector/main/sub/normal/tuic
2026-05-19 09:38:40,360 | INFO     |   → 863/920 ❌ HTTP 404 — https://raw.githubusercontent.com/yebekhe/TelegramV2rayCollector/main/sub/normal/vless
2026-05-19 09:38:40,360 | INFO     |   → 864/920 ❌ HTTP 404 — https://raw.githubusercontent.com/yebekhe/TelegramV2rayCollector/main/sub/normal/vmess
2026-05-19 09:38:40,360 | INFO     |   → 865/920 ❌ HTTP 404 — https://raw.githubusercontent.com/yebekhe/V2Hub/main/Split/Normal/shadowsocks
2026-05-19 09:38:40,360 | INFO     |   → 866/920 ❌ HTTP 404 — https://raw.githubusercontent.com/yebekhe/V2Hub/main/merged
2026-05-19 09:38:40,360 | INFO     |   → 867/920: ✅ 0 взято | 🗑️ 30 мусор
2026-05-19 09:38:40,360 | INFO     |   → 868/920: ✅ 928 взято | 🗑️ 7144 мусор
2026-05-19 09:38:40,360 | INFO     |   → 869/920: ✅ 7 взято | 🗑️ 343 мусор
2026-05-19 09:38:40,360 | INFO     |   → 870/920: ✅ 7 взято | 🗑️ 276 мусор
2026-05-19 09:38:40,360 | INFO     |   → 871/920: ✅ 304 взято | 🗑️ 241 мусор
2026-05-19 09:38:40,360 | INFO     |   → 872/920: ✅ 122 взято | 🗑️ 1339 мусор
2026-05-19 09:38:40,360 | INFO     |   → 873/920: ✅ 2 взято | 🗑️ 385 мусор
2026-05-19 09:38:40,360 | INFO     |   → 874/920 ❌ HTTP 404 — https://raw.githubusercontent.com/yyyr-otz/tele-providers-collector/019cb3e07ee52fddbc7caa54fc670c6b9bae6539/sub/proxies.txt
2026-05-19 09:38:40,360 | INFO     |   → 875/920 ❌ HTTP 404 — https://raw.githubusercontent.com/yyyr-otz/tele-providers-collector/b7a74ee98bcf02c5a507d688a1bed3aa9f7f4ed1/script/raw/protocols/mixed.txt
2026-05-19 09:38:40,360 | INFO     |   → 876/920: ✅ 0 взято | 🗑️ 0 мусор
2026-05-19 09:38:40,360 | INFO     |   → 877/920: ✅ 0 взято | 🗑️ 0 мусор
2026-05-19 09:38:40,360 | INFO     |   → 878/920: ✅ 1 взято | 🗑️ 18 мусор
2026-05-19 09:38:40,360 | INFO     |   → 879/920: ✅ 0 взято | 🗑️ 14 мусор
2026-05-19 09:38:40,360 | INFO     |   → 880/920: ✅ 0 взято | 🗑️ 5 мусор
2026-05-19 09:38:40,361 | INFO     |   → 881/920: ✅ 0 взято | 🗑️ 0 мусор
2026-05-19 09:38:40,361 | INFO     |   → 882/920 ⚠️ Ошибка: ('Connection aborted.', RemoteDisconnected('Remote end closed connection without response')) — https://sub.pmsub.me/clash.yaml
2026-05-19 09:38:40,361 | INFO     |   → 883/920: ✅ 0 взято | 🗑️ 1 мусор
2026-05-19 09:38:40,361 | INFO     |   → 884/920: ✅ 8 взято | 🗑️ 21 мусор
2026-05-19 09:38:40,361 | INFO     |   → 885/920: ✅ 0 взято | 🗑️ 0 мусор
2026-05-19 09:38:40,361 | INFO     |   → 886/920: ✅ 9 взято | 🗑️ 19 мусор
2026-05-19 09:38:40,361 | INFO     |   → 887/920: ✅ 0 взято | 🗑️ 0 мусор
2026-05-19 09:38:40,361 | INFO     |   → 888/920: ✅ 2 взято | 🗑️ 14 мусор
2026-05-19 09:38:40,361 | INFO     |   → 889/920: ✅ 4 взято | 🗑️ 22 мусор
2026-05-19 09:38:40,361 | INFO     |   → 890/920: ✅ 0 взято | 🗑️ 0 мусор
2026-05-19 09:38:40,361 | INFO     |   → 891/920: ✅ 0 взято | 🗑️ 0 мусор
2026-05-19 09:38:40,361 | INFO     |   → 892/920: ✅ 0 взято | 🗑️ 0 мусор
2026-05-19 09:38:40,361 | INFO     |   → 893/920: ✅ 2 взято | 🗑️ 16 мусор
2026-05-19 09:38:40,361 | INFO     |   → 894/920: ✅ 0 взято | 🗑️ 0 мусор
2026-05-19 09:38:40,361 | INFO     |   → 895/920: ✅ 4 взято | 🗑️ 7 мусор
2026-05-19 09:38:40,361 | INFO     |   → 896/920: ✅ 0 взято | 🗑️ 0 мусор
2026-05-19 09:38:40,361 | INFO     |   → 897/920: ✅ 6 взято | 🗑️ 14 мусор
2026-05-19 09:38:40,361 | INFO     |   → 898/920: ✅ 0 взято | 🗑️ 0 мусор
2026-05-19 09:38:40,361 | INFO     |   → 899/920: ✅ 2 взято | 🗑️ 13 мусор
2026-05-19 09:38:40,362 | INFO     |   → 900/920: ✅ 0 взято | 🗑️ 0 мусор
2026-05-19 09:38:40,362 | INFO     |   → 901/920: ✅ 0 взято | 🗑️ 0 мусор
2026-05-19 09:38:40,362 | INFO     |   → 902/920: ✅ 2 взято | 🗑️ 7 мусор
2026-05-19 09:38:40,362 | INFO     |   → 903/920: ✅ 2 взято | 🗑️ 14 мусор
2026-05-19 09:38:40,362 | INFO     |   → 904/920: ✅ 2 взято | 🗑️ 14 мусор
2026-05-19 09:38:40,362 | INFO     |   → 905/920: ✅ 0 взято | 🗑️ 0 мусор
2026-05-19 09:38:40,362 | INFO     |   → 906/920: ✅ 3 взято | 🗑️ 22 мусор
2026-05-19 09:38:40,362 | INFO     |   → 907/920: ✅ 0 взято | 🗑️ 0 мусор
2026-05-19 09:38:40,362 | INFO     |   → 908/920: ✅ 2 взято | 🗑️ 15 мусор
2026-05-19 09:38:40,362 | INFO     |   → 909/920: ✅ 3 взято | 🗑️ 12 мусор
2026-05-19 09:38:40,362 | INFO     |   → 910/920: ✅ 0 взято | 🗑️ 0 мусор
2026-05-19 09:38:40,362 | INFO     |   → 911/920: ✅ 0 взято | 🗑️ 0 мусор
2026-05-19 09:38:40,362 | INFO     |   → 912/920: ✅ 0 взято | 🗑️ 0 мусор
2026-05-19 09:38:40,362 | INFO     |   → 913/920: ✅ 4 взято | 🗑️ 11 мусор
2026-05-19 09:38:40,362 | INFO     |   → 914/920: ✅ 10 взято | 🗑️ 15 мусор
2026-05-19 09:38:40,362 | INFO     |   → 915/920: ✅ 0 взято | 🗑️ 0 мусор
2026-05-19 09:38:40,362 | INFO     |   → 916/920: ✅ 13 взято | 🗑️ 15 мусор
2026-05-19 09:38:40,362 | INFO     |   → 917/920: ✅ 0 взято | 🗑️ 0 мусор
2026-05-19 09:38:40,362 | INFO     |   → 918/920: ✅ 8 взято | 🗑️ 16 мусор
2026-05-19 09:38:40,363 | INFO     |   → 919/920: ✅ 0 взято | 🗑️ 0 мусор
2026-05-19 09:38:40,363 | INFO     |   → 920/920: ✅ 1 взято | 🗑️ 18 мусор
2026-05-19 09:38:40,363 | INFO     |   → ✅ ГОТОВО!
2026-05-19 09:38:40,363 | INFO     |   →    📥 Всего ключей после фильтра: 19135
2026-05-19 09:38:40,363 | INFO     |   →    🔗 Уникальных IP:PORT:SCHEME: 10450
2026-05-19 09:38:40,363 | INFO     |   →    🗑️ Выброшено мусора: 338083
2026-05-19 09:38:40,363 | INFO     |   → 📊 По протоколам:
2026-05-19 09:38:40,363 | INFO     |   →    vless: 3492
2026-05-19 09:38:40,363 | INFO     |   →    vmess: 3724
2026-05-19 09:38:40,363 | INFO     |   →    trojan: 1197
2026-05-19 09:38:40,363 | INFO     |   →    ss: 1877
2026-05-19 09:38:40,363 | INFO     |   →    hysteria: 13
2026-05-19 09:38:40,363 | INFO     |   →    hysteria2: 36
2026-05-19 09:38:40,363 | INFO     |   →    hy2: 59
2026-05-19 09:38:40,363 | INFO     |   →    tuic: 52
2026-05-19 09:38:40,363 | INFO     | ✅ mirror.py завершён успешно
2026-05-19 09:38:40,363 | INFO     | 
2026-05-19 09:38:40,364 | INFO     | 
2026-05-19 09:38:40,364 | INFO     | ──────────────────────────────────────────────────────────────────────
2026-05-19 09:38:40,364 | INFO     | 📌 ЭТАП: Фильтрация по реальному SNI
2026-05-19 09:38:40,364 | INFO     | ──────────────────────────────────────────────────────────────────────
2026-05-19 09:38:40,364 | INFO     | 🚀 Запуск filter_ru_sni.py (Фильтр по реальному SNI (CDN+RU))...
2026-05-19 09:38:40,616 | INFO     |   → hy2.txt: 59 → 19 (SNI-filtered)
2026-05-19 09:38:40,616 | INFO     |   →   hysteria.txt: 13 → 0 (SNI-filtered)
2026-05-19 09:38:40,616 | INFO     |   →   hysteria2.txt: 36 → 5 (SNI-filtered)
2026-05-19 09:38:40,616 | INFO     |   →   ss.txt: 1877 → 0 (SNI-filtered)
2026-05-19 09:38:40,616 | INFO     |   →   trojan.txt: 1197 → 4 (SNI-filtered)
2026-05-19 09:38:40,616 | INFO     |   →   tuic.txt: 52 → 0 (SNI-filtered)
2026-05-19 09:38:40,616 | INFO     |   →   vless.txt: 3492 → 434 (SNI-filtered)
2026-05-19 09:38:40,616 | INFO     |   →   vmess.txt: 3724 → 38 (SNI-filtered)
2026-05-19 09:38:40,617 | INFO     |   → ==================================================
2026-05-19 09:38:40,617 | INFO     |   →   Всего входных:  10450
2026-05-19 09:38:40,617 | INFO     |   →   Прошли фильтр:  500
2026-05-19 09:38:40,617 | INFO     |   →   Отброшено:      9950
2026-05-19 09:38:40,617 | INFO     |   → ==================================================
2026-05-19 09:38:40,617 | INFO     |   → Готово → /home/runner/work/vpn-vless-configs-russia/vpn-vless-configs-russia/githubmirror/ru-sni
2026-05-19 09:38:40,617 | INFO     | ✅ filter_ru_sni.py завершён успешно
2026-05-19 09:38:40,617 | INFO     | 
2026-05-19 09:38:40,617 | INFO     | 
2026-05-19 09:38:40,617 | INFO     | ──────────────────────────────────────────────────────────────────────
2026-05-19 09:38:40,617 | INFO     | 📌 ЭТАП: Экспериментальный RU-SNI фильтр
2026-05-19 09:38:40,617 | INFO     | ──────────────────────────────────────────────────────────────────────
2026-05-19 09:38:40,617 | INFO     | 🚀 Запуск filter_ru_sni_local.py (Экспериментальный фильтр по RU-SNI (локальные домены))...
2026-05-19 09:38:40,789 | INFO     |   → hy2.txt: 59 → 0 (RU-SNI)
2026-05-19 09:38:40,789 | INFO     |   → hysteria.txt: 13 → 0 (RU-SNI)
2026-05-19 09:38:40,789 | INFO     |   → hysteria2.txt: 36 → 0 (RU-SNI)
2026-05-19 09:38:40,789 | INFO     |   → ss.txt: 1877 → 0 (RU-SNI)
2026-05-19 09:38:40,789 | INFO     |   → trojan.txt: 1197 → 0 (RU-SNI)
2026-05-19 09:38:40,789 | INFO     |   → tuic.txt: 52 → 0 (RU-SNI)
2026-05-19 09:38:40,789 | INFO     |   → vless.txt: 3492 → 123 (RU-SNI)
2026-05-19 09:38:40,789 | INFO     |   → vmess.txt: 3724 → 0 (RU-SNI)
2026-05-19 09:38:40,789 | INFO     |   → ==================================================
2026-05-19 09:38:40,789 | INFO     |   → Всего входных:  10450
2026-05-19 09:38:40,789 | INFO     |   → Прошли RU-SNI:  123
2026-05-19 09:38:40,789 | INFO     |   → Отброшено:      10327
2026-05-19 09:38:40,789 | INFO     |   → ==================================================
2026-05-19 09:38:40,789 | INFO     |   → Готово → /home/runner/work/vpn-vless-configs-russia/vpn-vless-configs-russia/githubmirror/ru-sni-local
2026-05-19 09:38:40,789 | INFO     | ✅ filter_ru_sni_local.py завершён успешно
2026-05-19 09:38:40,789 | INFO     | 
2026-05-19 09:38:40,789 | INFO     | 
2026-05-19 09:38:40,790 | INFO     | ──────────────────────────────────────────────────────────────────────
2026-05-19 09:38:40,790 | INFO     | 📌 ЭТАП: Сбор статистики
2026-05-19 09:38:40,790 | INFO     | ──────────────────────────────────────────────────────────────────────
2026-05-19 09:38:40,790 | INFO     | 📊 Сбор статистики...
2026-05-19 09:38:40,790 | INFO     |   📁 githubmirror/clean:
2026-05-19 09:38:40,790 | INFO     |     • hy2         :    59 конфигов
2026-05-19 09:38:40,790 | INFO     |     • hysteria    :    13 конфигов
2026-05-19 09:38:40,790 | INFO     |     • hysteria2   :    36 конфигов
2026-05-19 09:38:40,792 | INFO     |     • ss          :  1877 конфигов
2026-05-19 09:38:40,793 | INFO     |     • trojan      :  1197 конфигов
2026-05-19 09:38:40,793 | INFO     |     • tuic        :    52 конфигов
2026-05-19 09:38:40,797 | INFO     |     • vless       :  3492 конфигов
2026-05-19 09:38:40,799 | INFO     |     • vmess       :  3724 конфигов
2026-05-19 09:38:40,799 | INFO     |   📁 githubmirror/ru-sni:
2026-05-19 09:38:40,799 | INFO     |     • hy2         :    19 конфигов ( 32.2% от clean)
2026-05-19 09:38:40,799 | INFO     |     • hysteria    :     0 конфигов (  0.0% от clean)
2026-05-19 09:38:40,800 | INFO     |     • hysteria2   :     5 конфигов ( 13.9% от clean)
2026-05-19 09:38:40,800 | INFO     |     • ss          :     0 конфигов (  0.0% от clean)
2026-05-19 09:38:40,800 | INFO     |     • trojan      :     4 конфигов (  0.3% от clean)
2026-05-19 09:38:40,800 | INFO     |     • tuic        :     0 конфигов (  0.0% от clean)
2026-05-19 09:38:40,800 | INFO     |     • vless       :   434 конфигов ( 12.4% от clean)
2026-05-19 09:38:40,801 | INFO     |     • vmess       :    38 конфигов (  1.0% от clean)
2026-05-19 09:38:40,801 | INFO     | 
2026-05-19 09:38:40,801 | INFO     |   ──────────────────────────────────────────────────
2026-05-19 09:38:40,801 | INFO     |   📈 ИТОГО:
2026-05-19 09:38:40,801 | INFO     |     Clean (после geo-фильтра):    10450
2026-05-19 09:38:40,801 | INFO     |     RU-SNI (после SNI-фильтра):     500
2026-05-19 09:38:40,801 | INFO     |     Прошло фильтр:                  4.8%
2026-05-19 09:38:40,801 | INFO     |   ──────────────────────────────────────────────────
2026-05-19 09:38:40,801 | INFO     | ✅ Статистика сохранена: /home/runner/work/vpn-vless-configs-russia/vpn-vless-configs-russia/stats.json
2026-05-19 09:38:40,801 | INFO     | 
2026-05-19 09:38:40,801 | INFO     | ======================================================================
2026-05-19 09:38:40,802 | INFO     | 📊 ИТОГОВЫЙ ОТЧЁТ
2026-05-19 09:38:40,802 | INFO     | ======================================================================
2026-05-19 09:38:40,802 | INFO     |   ✅ OK         | Загрузка и geo-фильтрация
2026-05-19 09:38:40,802 | INFO     |   ✅ OK         | Фильтрация по реальному SNI
2026-05-19 09:38:40,802 | INFO     |   ✅ OK         | Экспериментальный RU-SNI фильтр
2026-05-19 09:38:40,802 | INFO     |   ✅ OK         | Сбор статистики
2026-05-19 09:38:40,802 | INFO     | ──────────────────────────────────────────────────────────────────────
2026-05-19 09:38:40,802 | INFO     | ✅ ВСЕ ЭТАПЫ УСПЕШНЫ (4/4)
2026-05-19 09:38:40,802 | INFO     | ⏰ Время завершения: 2026-05-19 09:38:40
2026-05-19 09:38:40,802 | INFO     | ======================================================================
