2026-05-14 08:35:50,951 | INFO     | ======================================================================
2026-05-14 08:35:50,951 | INFO     | 🔍 VPN KEY CHECKER - Начало проверки
2026-05-14 08:35:50,951 | INFO     | ⏰ Время старта: 2026-05-14 08:35:50
2026-05-14 08:35:50,951 | INFO     | 📂 Рабочая директория: /home/runner/work/vpn-vless-configs-russia/vpn-vless-configs-russia
2026-05-14 08:35:50,951 | INFO     | ======================================================================
2026-05-14 08:35:50,952 | INFO     | 
2026-05-14 08:35:50,952 | INFO     | 🔍 Проверка наличия скриптов...
2026-05-14 08:35:50,952 | INFO     |   ✅ mirror.py
2026-05-14 08:35:50,952 | INFO     |   ✅ filter_ru_sni.py
2026-05-14 08:35:50,952 | INFO     |   ✅ filter_ru_sni_local.py
2026-05-14 08:35:50,952 | INFO     | 
2026-05-14 08:35:50,952 | INFO     | 
2026-05-14 08:35:50,952 | INFO     | ──────────────────────────────────────────────────────────────────────
2026-05-14 08:35:50,952 | INFO     | 📌 ЭТАП: Загрузка и geo-фильтрация
2026-05-14 08:35:50,952 | INFO     | ──────────────────────────────────────────────────────────────────────
2026-05-14 08:35:50,952 | INFO     | 🚀 Запуск mirror.py (Загрузка и фильтрация по РФ/СНГ/Европа)...
2026-05-14 08:39:55,915 | INFO     |   → 🚀 Старт: всего источников (старые + новые): 881
2026-05-14 08:39:55,915 | INFO     |   → 1/881: ✅ 13 взято | 🗑️ 242 мусор
2026-05-14 08:39:55,915 | INFO     |   → 2/881: ✅ 0 взято | 🗑️ 0 мусор
2026-05-14 08:39:55,915 | INFO     |   → 3/881 ❌ HTTP 404 — https://bitbucket.org/huwo1/proxy_nodes/raw/f31ca9ec67b84071515729ff45b011b6b09c10f2/clash.yaml
2026-05-14 08:39:55,915 | INFO     |   → 4/881 ❌ HTTP 404 — https://cdn.jsdelivr.net/gh/cry0ice/genode@main/public/all.txt
2026-05-14 08:39:55,915 | INFO     |   → 5/881 ⚠️ Ошибка: HTTPSConnectionPool(host='cdn.jsdelivr.net', port=443): Read timed out. (read timeout=15) — https://cdn.jsdelivr.net/gh/cry0ice/genode@main/public/ss.txt
2026-05-14 08:39:55,915 | INFO     |   → 6/881 ❌ HTTP 404 — https://cdn.jsdelivr.net/gh/cry0ice/genode@main/public/ssr.txt
2026-05-14 08:39:55,915 | INFO     |   → 7/881 ⚠️ Ошибка: HTTPSConnectionPool(host='cdn.jsdelivr.net', port=443): Read timed out. (read timeout=15) — https://cdn.jsdelivr.net/gh/cry0ice/genode@main/public/trojan.txt
2026-05-14 08:39:55,915 | INFO     |   → 8/881 ⚠️ Ошибка: HTTPSConnectionPool(host='cdn.jsdelivr.net', port=443): Read timed out. (read timeout=15) — https://cdn.jsdelivr.net/gh/cry0ice/genode@main/public/vless.txt
2026-05-14 08:39:55,915 | INFO     |   → 9/881 ❌ HTTP 404 — https://cdn.jsdelivr.net/gh/cry0ice/genode@main/public/vmess.txt
2026-05-14 08:39:55,915 | INFO     |   → 10/881: ✅ 0 взято | 🗑️ 0 мусор
2026-05-14 08:39:55,915 | INFO     |   → 11/881: ✅ 0 взято | 🗑️ 0 мусор
2026-05-14 08:39:55,916 | INFO     |   → 12/881: ✅ 0 взято | 🗑️ 0 мусор
2026-05-14 08:39:55,916 | INFO     |   → 13/881: ✅ 0 взято | 🗑️ 0 мусор
2026-05-14 08:39:55,916 | INFO     |   → 14/881: ✅ 0 взято | 🗑️ 0 мусор
2026-05-14 08:39:55,916 | INFO     |   → 15/881: ✅ 0 взято | 🗑️ 0 мусор
2026-05-14 08:39:55,916 | INFO     |   → 16/881: ✅ 0 взято | 🗑️ 0 мусор
2026-05-14 08:39:55,916 | INFO     |   → 17/881: ✅ 0 взято | 🗑️ 0 мусор
2026-05-14 08:39:55,916 | INFO     |   → 18/881: ✅ 0 взято | 🗑️ 0 мусор
2026-05-14 08:39:55,916 | INFO     |   → 19/881: ✅ 0 взято | 🗑️ 0 мусор
2026-05-14 08:39:55,916 | INFO     |   → 20/881: ✅ 0 взято | 🗑️ 0 мусор
2026-05-14 08:39:55,916 | INFO     |   → 21/881: ✅ 0 взято | 🗑️ 0 мусор
2026-05-14 08:39:55,916 | INFO     |   → 22/881: ✅ 0 взято | 🗑️ 0 мусор
2026-05-14 08:39:55,916 | INFO     |   → 23/881: ✅ 0 взято | 🗑️ 0 мусор
2026-05-14 08:39:55,916 | INFO     |   → 24/881: ✅ 0 взято | 🗑️ 0 мусор
2026-05-14 08:39:55,916 | INFO     |   → 25/881: ✅ 0 взято | 🗑️ 0 мусор
2026-05-14 08:39:55,916 | INFO     |   → 26/881: ✅ 0 взято | 🗑️ 0 мусор
2026-05-14 08:39:55,916 | INFO     |   → 27/881: ✅ 0 взято | 🗑️ 0 мусор
2026-05-14 08:39:55,916 | INFO     |   → 28/881: ✅ 0 взято | 🗑️ 0 мусор
2026-05-14 08:39:55,916 | INFO     |   → 29/881: ✅ 0 взято | 🗑️ 0 мусор
2026-05-14 08:39:55,917 | INFO     |   → 30/881: ✅ 0 взято | 🗑️ 0 мусор
2026-05-14 08:39:55,917 | INFO     |   → 31/881: ✅ 0 взято | 🗑️ 0 мусор
2026-05-14 08:39:55,917 | INFO     |   → 32/881: ✅ 0 взято | 🗑️ 0 мусор
2026-05-14 08:39:55,917 | INFO     |   → 33/881: ✅ 0 взято | 🗑️ 0 мусор
2026-05-14 08:39:55,917 | INFO     |   → 34/881: ✅ 0 взято | 🗑️ 0 мусор
2026-05-14 08:39:55,917 | INFO     |   → 35/881: ✅ 0 взято | 🗑️ 0 мусор
2026-05-14 08:39:55,917 | INFO     |   → 36/881: ✅ 0 взято | 🗑️ 0 мусор
2026-05-14 08:39:55,917 | INFO     |   → 37/881: ✅ 0 взято | 🗑️ 0 мусор
2026-05-14 08:39:55,917 | INFO     |   → 38/881: ✅ 0 взято | 🗑️ 0 мусор
2026-05-14 08:39:55,917 | INFO     |   → 39/881: ✅ 0 взято | 🗑️ 0 мусор
2026-05-14 08:39:55,917 | INFO     |   → 40/881: ✅ 0 взято | 🗑️ 0 мусор
2026-05-14 08:39:55,917 | INFO     |   → 41/881: ✅ 0 взято | 🗑️ 0 мусор
2026-05-14 08:39:55,917 | INFO     |   → 42/881: ✅ 0 взято | 🗑️ 0 мусор
2026-05-14 08:39:55,917 | INFO     |   → 43/881: ✅ 0 взято | 🗑️ 0 мусор
2026-05-14 08:39:55,917 | INFO     |   → 44/881: ✅ 0 взято | 🗑️ 0 мусор
2026-05-14 08:39:55,917 | INFO     |   → 45/881: ✅ 0 взято | 🗑️ 0 мусор
2026-05-14 08:39:55,917 | INFO     |   → 46/881: ✅ 0 взято | 🗑️ 0 мусор
2026-05-14 08:39:55,917 | INFO     |   → 47/881: ✅ 0 взято | 🗑️ 0 мусор
2026-05-14 08:39:55,918 | INFO     |   → 48/881: ✅ 0 взято | 🗑️ 0 мусор
2026-05-14 08:39:55,918 | INFO     |   → 49/881: ✅ 0 взято | 🗑️ 0 мусор
2026-05-14 08:39:55,918 | INFO     |   → 50/881: ✅ 0 взято | 🗑️ 0 мусор
2026-05-14 08:39:55,918 | INFO     |   → 51/881: ✅ 0 взято | 🗑️ 0 мусор
2026-05-14 08:39:55,918 | INFO     |   → 52/881: ✅ 0 взято | 🗑️ 0 мусор
2026-05-14 08:39:55,918 | INFO     |   → 53/881: ✅ 0 взято | 🗑️ 0 мусор
2026-05-14 08:39:55,918 | INFO     |   → 54/881: ✅ 0 взято | 🗑️ 0 мусор
2026-05-14 08:39:55,918 | INFO     |   → 55/881: ✅ 0 взято | 🗑️ 0 мусор
2026-05-14 08:39:55,918 | INFO     |   → 56/881: ✅ 0 взято | 🗑️ 0 мусор
2026-05-14 08:39:55,918 | INFO     |   → 57/881: ✅ 0 взято | 🗑️ 0 мусор
2026-05-14 08:39:55,918 | INFO     |   → 58/881: ✅ 0 взято | 🗑️ 0 мусор
2026-05-14 08:39:55,918 | INFO     |   → 59/881: ✅ 0 взято | 🗑️ 0 мусор
2026-05-14 08:39:55,918 | INFO     |   → 60/881: ✅ 0 взято | 🗑️ 0 мусор
2026-05-14 08:39:55,918 | INFO     |   → 61/881: ✅ 0 взято | 🗑️ 0 мусор
2026-05-14 08:39:55,918 | INFO     |   → 62/881: ✅ 0 взято | 🗑️ 0 мусор
2026-05-14 08:39:55,918 | INFO     |   → 63/881: ✅ 0 взято | 🗑️ 0 мусор
2026-05-14 08:39:55,918 | INFO     |   → 64/881: ✅ 0 взято | 🗑️ 0 мусор
2026-05-14 08:39:55,918 | INFO     |   → 65/881: ✅ 0 взято | 🗑️ 0 мусор
2026-05-14 08:39:55,918 | INFO     |   → 66/881: ✅ 0 взято | 🗑️ 0 мусор
2026-05-14 08:39:55,919 | INFO     |   → 67/881: ✅ 0 взято | 🗑️ 0 мусор
2026-05-14 08:39:55,919 | INFO     |   → 68/881: ✅ 0 взято | 🗑️ 0 мусор
2026-05-14 08:39:55,919 | INFO     |   → 69/881: ✅ 0 взято | 🗑️ 0 мусор
2026-05-14 08:39:55,919 | INFO     |   → 70/881: ✅ 0 взято | 🗑️ 0 мусор
2026-05-14 08:39:55,919 | INFO     |   → 71/881: ✅ 0 взято | 🗑️ 0 мусор
2026-05-14 08:39:55,919 | INFO     |   → 72/881: ✅ 0 взято | 🗑️ 0 мусор
2026-05-14 08:39:55,919 | INFO     |   → 73/881: ✅ 0 взято | 🗑️ 0 мусор
2026-05-14 08:39:55,919 | INFO     |   → 74/881: ✅ 0 взято | 🗑️ 0 мусор
2026-05-14 08:39:55,919 | INFO     |   → 75/881: ✅ 0 взято | 🗑️ 0 мусор
2026-05-14 08:39:55,919 | INFO     |   → 76/881: ✅ 0 взято | 🗑️ 0 мусор
2026-05-14 08:39:55,919 | INFO     |   → 77/881: ✅ 0 взято | 🗑️ 0 мусор
2026-05-14 08:39:55,919 | INFO     |   → 78/881: ✅ 0 взято | 🗑️ 0 мусор
2026-05-14 08:39:55,919 | INFO     |   → 79/881: ✅ 0 взято | 🗑️ 0 мусор
2026-05-14 08:39:55,919 | INFO     |   → 80/881: ✅ 0 взято | 🗑️ 0 мусор
2026-05-14 08:39:55,919 | INFO     |   → 81/881: ✅ 0 взято | 🗑️ 0 мусор
2026-05-14 08:39:55,919 | INFO     |   → 82/881 ❌ HTTP 404 — https://freessrnode.github.io/uploads/2024/08/0-20240822.txt
2026-05-14 08:39:55,919 | INFO     |   → 83/881 ❌ HTTP 404 — https://freessrnode.github.io/uploads/2024/08/1-20240822.txt
2026-05-14 08:39:55,919 | INFO     |   → 84/881 ❌ HTTP 404 — https://freessrnode.github.io/uploads/2024/08/2-20240822.txt
2026-05-14 08:39:55,919 | INFO     |   → 85/881 ❌ HTTP 404 — https://freessrnode.github.io/uploads/2024/08/3-20240822.txt
2026-05-14 08:39:55,919 | INFO     |   → 86/881 ❌ HTTP 404 — https://freessrnode.github.io/uploads/2024/08/4-20240822.txt
2026-05-14 08:39:55,920 | INFO     |   → 87/881 ⚠️ Ошибка: HTTPSConnectionPool(host='freevpnspy.githubrowcontent.com', port=443): Max retries exceeded with url: /2024/08/20240802_novless.yaml (Caused by NameResolutionError("HTTPSConnection(host='freevpnspy.githubrowcontent.com', port=443): Failed to resolve 'freevpnspy.githubrowcontent.com' ([Errno -2] Name or service not known)")) — https://freevpnspy.githubrowcontent.com/2024/08/20240802_novless.yaml
2026-05-14 08:39:55,920 | INFO     |   → 88/881 ⚠️ Ошибка: HTTPSConnectionPool(host='freevpnspy.githubrowcontent.com', port=443): Max retries exceeded with url: /2024/08/20240802_vless.yaml (Caused by NameResolutionError("HTTPSConnection(host='freevpnspy.githubrowcontent.com', port=443): Failed to resolve 'freevpnspy.githubrowcontent.com' ([Errno -2] Name or service not known)")) — https://freevpnspy.githubrowcontent.com/2024/08/20240802_vless.yaml
2026-05-14 08:39:55,920 | INFO     |   → 89/881 ❌ HTTP 404 — https://github.com/Epodonios/bulk-xray-v2ray-vless-vmess-...-configs/raw/main/sub/Albania/config.txt
2026-05-14 08:39:55,920 | INFO     |   → 90/881 ❌ HTTP 404 — https://github.com/Epodonios/bulk-xray-v2ray-vless-vmess-...-configs/raw/main/sub/Cura%C3%A7ao/config.txt
2026-05-14 08:39:55,920 | INFO     |   → 91/881 ❌ HTTP 404 — https://github.com/Epodonios/bulk-xray-v2ray-vless-vmess-...-configs/raw/main/sub/Finland/config.txt
2026-05-14 08:39:55,920 | INFO     |   → 92/881 ❌ HTTP 404 — https://github.com/Epodonios/bulk-xray-v2ray-vless-vmess-...-configs/raw/main/sub/Iran/config.txt
2026-05-14 08:39:55,920 | INFO     |   → 93/881 ❌ HTTP 404 — https://github.com/Epodonios/bulk-xray-v2ray-vless-vmess-...-configs/raw/main/sub/Netherlands/config.txt
2026-05-14 08:39:55,920 | INFO     |   → 94/881 ❌ HTTP 404 — https://github.com/Epodonios/bulk-xray-v2ray-vless-vmess-...-configs/raw/main/sub/Norway/config.txt
2026-05-14 08:39:55,920 | INFO     |   → 95/881 ❌ HTTP 404 — https://github.com/Epodonios/bulk-xray-v2ray-vless-vmess-...-configs/raw/main/sub/Russia/config.txt
2026-05-14 08:39:55,920 | INFO     |   → 96/881: ✅ 13 взято | 🗑️ 70 мусор
2026-05-14 08:39:55,920 | INFO     |   → 97/881: ✅ 0 взято | 🗑️ 4 мусор
2026-05-14 08:39:55,920 | INFO     |   → 98/881: ✅ 0 взято | 🗑️ 7 мусор
2026-05-14 08:39:55,920 | INFO     |   → 99/881: ✅ 0 взято | 🗑️ 51 мусор
2026-05-14 08:39:55,920 | INFO     |   → 100/881: ✅ 0 взято | 🗑️ 8 мусор
2026-05-14 08:39:55,920 | INFO     |   → 101/881: ✅ 0 взято | 🗑️ 0 мусор
2026-05-14 08:39:55,920 | INFO     |   → 102/881: ✅ 17 взято | 🗑️ 119 мусор
2026-05-14 08:39:55,920 | INFO     |   → 103/881 ❌ HTTP 404 — https://github.com/MrMohebi/xray-proxy-grabber-telegram/raw/master/collected-proxies/clash-meta/all.yaml
2026-05-14 08:39:55,920 | INFO     |   → 104/881 ❌ HTTP 404 — https://github.com/MrMohebi/xray-proxy-grabber-telegram/raw/master/collected-proxies/row-url/all.txt
2026-05-14 08:39:55,920 | INFO     |   → 105/881: ✅ 0 взято | 🗑️ 0 мусор
2026-05-14 08:39:55,920 | INFO     |   → 106/881: ✅ 0 взято | 🗑️ 113 мусор
2026-05-14 08:39:55,920 | INFO     |   → 107/881: ✅ 0 взято | 🗑️ 119 мусор
2026-05-14 08:39:55,920 | INFO     |   → 108/881 ❌ HTTP 404 — https://github.com/abbasdvd3/abbasdvd10/73ec60de7a6c6aa6df4c14b511c1da60686891ca/ppo.txt
2026-05-14 08:39:55,920 | INFO     |   → 109/881 ❌ HTTP 404 — https://github.com/acymz/AutoVPN/refs/heads/main/data/V2.txt
2026-05-14 08:39:55,920 | INFO     |   → 110/881: ✅ 0 взято | 🗑️ 0 мусор
2026-05-14 08:39:55,920 | INFO     |   → 111/881: ✅ 0 взято | 🗑️ 0 мусор
2026-05-14 08:39:55,920 | INFO     |   → 112/881: ✅ 0 взято | 🗑️ 0 мусор
2026-05-14 08:39:55,920 | INFO     |   → 113/881: ✅ 0 взято | 🗑️ 0 мусор
2026-05-14 08:39:55,920 | INFO     |   → 114/881: ✅ 0 взято | 🗑️ 0 мусор
2026-05-14 08:39:55,920 | INFO     |   → 115/881: ✅ 0 взято | 🗑️ 0 мусор
2026-05-14 08:39:55,920 | INFO     |   → 116/881: ✅ 0 взято | 🗑️ 0 мусор
2026-05-14 08:39:55,920 | INFO     |   → 117/881 ❌ HTTP 404 — https://github.com/mermeroo/V2RAY-FREE/raw/main/All_Configs_base64_Sub.txt
2026-05-14 08:39:55,920 | INFO     |   → 118/881 ❌ HTTP 404 — https://github.com/mermeroo/V2RAY-FREE/raw/main/Base64/Sub1_base64.txt
2026-05-14 08:39:55,921 | INFO     |   → 119/881 ❌ HTTP 404 — https://github.com/mermeroo/V2RAY-FREE/raw/main/Base64/Sub2_base64.txt
2026-05-14 08:39:55,921 | INFO     |   → 120/881 ❌ HTTP 404 — https://github.com/mermeroo/V2RAY-FREE/raw/main/Base64/Sub3_base64.txt
2026-05-14 08:39:55,921 | INFO     |   → 121/881 ❌ HTTP 404 — https://github.com/mermeroo/V2RAY-FREE/raw/main/Base64/Sub4_base64.txt
2026-05-14 08:39:55,921 | INFO     |   → 122/881 ❌ HTTP 404 — https://github.com/mermeroo/V2RAY-FREE/raw/main/Base64/Sub5_base64.txt
2026-05-14 08:39:55,921 | INFO     |   → 123/881 ❌ HTTP 404 — https://github.com/mermeroo/telegram-configs-collector/raw/main/protocols/hysteria
2026-05-14 08:39:55,921 | INFO     |   → 124/881 ❌ HTTP 404 — https://github.com/mermeroo/telegram-configs-collector/raw/main/protocols/juicity
2026-05-14 08:39:55,921 | INFO     |   → 125/881 ❌ HTTP 404 — https://github.com/mermeroo/telegram-configs-collector/raw/main/protocols/tuic
2026-05-14 08:39:55,921 | INFO     |   → 126/881: ✅ 5 взято | 🗑️ 16 мусор
2026-05-14 08:39:55,921 | INFO     |   → 127/881: ✅ 0 взято | 🗑️ 0 мусор
2026-05-14 08:39:55,921 | INFO     |   → 128/881: ✅ 0 взято | 🗑️ 0 мусор
2026-05-14 08:39:55,921 | INFO     |   → 129/881: ✅ 0 взято | 🗑️ 0 мусор
2026-05-14 08:39:55,921 | INFO     |   → 130/881: ✅ 3 взято | 🗑️ 238 мусор
2026-05-14 08:39:55,921 | INFO     |   → 131/881: ✅ 0 взято | 🗑️ 0 мусор
2026-05-14 08:39:55,921 | INFO     |   → 132/881: ✅ 3 взято | 🗑️ 239 мусор
2026-05-14 08:39:55,921 | INFO     |   → 133/881: ✅ 0 взято | 🗑️ 0 мусор
2026-05-14 08:39:55,921 | INFO     |   → 134/881: ✅ 0 взято | 🗑️ 255 мусор
2026-05-14 08:39:55,921 | INFO     |   → 135/881: ✅ 0 взято | 🗑️ 0 мусор
2026-05-14 08:39:55,921 | INFO     |   → 136/881: ✅ 1 взято | 🗑️ 249 мусор
2026-05-14 08:39:55,921 | INFO     |   → 137/881: ✅ 0 взято | 🗑️ 0 мусор
2026-05-14 08:39:55,921 | INFO     |   → 138/881: ✅ 0 взято | 🗑️ 207 мусор
2026-05-14 08:39:55,921 | INFO     |   → 139/881: ✅ 0 взято | 🗑️ 0 мусор
2026-05-14 08:39:55,921 | INFO     |   → 140/881: ✅ 0 взято | 🗑️ 228 мусор
2026-05-14 08:39:55,921 | INFO     |   → 141/881: ✅ 0 взято | 🗑️ 0 мусор
2026-05-14 08:39:55,921 | INFO     |   → 142/881: ✅ 1 взято | 🗑️ 291 мусор
2026-05-14 08:39:55,921 | INFO     |   → 143/881: ✅ 0 взято | 🗑️ 0 мусор
2026-05-14 08:39:55,921 | INFO     |   → 144/881: ✅ 3 взято | 🗑️ 221 мусор
2026-05-14 08:39:55,921 | INFO     |   → 145/881: ✅ 0 взято | 🗑️ 0 мусор
2026-05-14 08:39:55,921 | INFO     |   → 146/881: ✅ 1 взято | 🗑️ 222 мусор
2026-05-14 08:39:55,921 | INFO     |   → 147/881: ✅ 0 взято | 🗑️ 0 мусор
2026-05-14 08:39:55,921 | INFO     |   → 148/881: ✅ 1 взято | 🗑️ 218 мусор
2026-05-14 08:39:55,921 | INFO     |   → 149/881: ✅ 0 взято | 🗑️ 0 мусор
2026-05-14 08:39:55,922 | INFO     |   → 150/881: ✅ 0 взято | 🗑️ 193 мусор
2026-05-14 08:39:55,922 | INFO     |   → 151/881: ✅ 0 взято | 🗑️ 0 мусор
2026-05-14 08:39:55,922 | INFO     |   → 152/881: ✅ 0 взято | 🗑️ 290 мусор
2026-05-14 08:39:55,922 | INFO     |   → 153/881: ✅ 0 взято | 🗑️ 0 мусор
2026-05-14 08:39:55,922 | INFO     |   → 154/881: ✅ 0 взято | 🗑️ 238 мусор
2026-05-14 08:39:55,922 | INFO     |   → 155/881: ✅ 0 взято | 🗑️ 0 мусор
2026-05-14 08:39:55,922 | INFO     |   → 156/881: ✅ 0 взято | 🗑️ 221 мусор
2026-05-14 08:39:55,922 | INFO     |   → 157/881: ✅ 0 взято | 🗑️ 0 мусор
2026-05-14 08:39:55,922 | INFO     |   → 158/881: ✅ 0 взято | 🗑️ 248 мусор
2026-05-14 08:39:55,922 | INFO     |   → 159/881: ✅ 0 взято | 🗑️ 0 мусор
2026-05-14 08:39:55,922 | INFO     |   → 160/881: ✅ 0 взято | 🗑️ 203 мусор
2026-05-14 08:39:55,922 | INFO     |   → 161/881: ✅ 0 взято | 🗑️ 0 мусор
2026-05-14 08:39:55,922 | INFO     |   → 162/881: ✅ 0 взято | 🗑️ 208 мусор
2026-05-14 08:39:55,922 | INFO     |   → 163/881: ✅ 0 взято | 🗑️ 0 мусор
2026-05-14 08:39:55,922 | INFO     |   → 164/881: ✅ 2 взято | 🗑️ 209 мусор
2026-05-14 08:39:55,922 | INFO     |   → 165/881: ✅ 0 взято | 🗑️ 0 мусор
2026-05-14 08:39:55,922 | INFO     |   → 166/881: ✅ 0 взято | 🗑️ 258 мусор
2026-05-14 08:39:55,922 | INFO     |   → 167/881: ✅ 0 взято | 🗑️ 0 мусор
2026-05-14 08:39:55,922 | INFO     |   → 168/881: ✅ 0 взято | 🗑️ 296 мусор
2026-05-14 08:39:55,922 | INFO     |   → 169/881: ✅ 0 взято | 🗑️ 0 мусор
2026-05-14 08:39:55,922 | INFO     |   → 170/881: ✅ 1 взято | 🗑️ 286 мусор
2026-05-14 08:39:55,922 | INFO     |   → 171/881: ✅ 0 взято | 🗑️ 0 мусор
2026-05-14 08:39:55,922 | INFO     |   → 172/881: ✅ 0 взято | 🗑️ 195 мусор
2026-05-14 08:39:55,923 | INFO     |   → 173/881: ✅ 0 взято | 🗑️ 0 мусор
2026-05-14 08:39:55,923 | INFO     |   → 174/881: ✅ 0 взято | 🗑️ 170 мусор
2026-05-14 08:39:55,923 | INFO     |   → 175/881: ✅ 0 взято | 🗑️ 0 мусор
2026-05-14 08:39:55,923 | INFO     |   → 176/881: ✅ 0 взято | 🗑️ 160 мусор
2026-05-14 08:39:55,923 | INFO     |   → 177/881: ✅ 0 взято | 🗑️ 0 мусор
2026-05-14 08:39:55,923 | INFO     |   → 178/881: ✅ 0 взято | 🗑️ 121 мусор
2026-05-14 08:39:55,923 | INFO     |   → 179/881: ✅ 0 взято | 🗑️ 0 мусор
2026-05-14 08:39:55,923 | INFO     |   → 180/881: ✅ 0 взято | 🗑️ 135 мусор
2026-05-14 08:39:55,923 | INFO     |   → 181/881: ✅ 0 взято | 🗑️ 0 мусор
2026-05-14 08:39:55,923 | INFO     |   → 182/881: ✅ 1 взято | 🗑️ 129 мусор
2026-05-14 08:39:55,923 | INFO     |   → 183/881: ✅ 0 взято | 🗑️ 0 мусор
2026-05-14 08:39:55,923 | INFO     |   → 184/881: ✅ 0 взято | 🗑️ 189 мусор
2026-05-14 08:39:55,923 | INFO     |   → 185/881: ✅ 0 взято | 🗑️ 0 мусор
2026-05-14 08:39:55,923 | INFO     |   → 186/881: ✅ 3 взято | 🗑️ 147 мусор
2026-05-14 08:39:55,923 | INFO     |   → 187/881: ✅ 0 взято | 🗑️ 0 мусор
2026-05-14 08:39:55,923 | INFO     |   → 188/881: ✅ 1 взято | 🗑️ 183 мусор
2026-05-14 08:39:55,923 | INFO     |   → 189/881: ✅ 0 взято | 🗑️ 0 мусор
2026-05-14 08:39:55,923 | INFO     |   → 190/881: ✅ 0 взято | 🗑️ 155 мусор
2026-05-14 08:39:55,923 | INFO     |   → 191/881: ✅ 0 взято | 🗑️ 0 мусор
2026-05-14 08:39:55,923 | INFO     |   → 192/881: ✅ 0 взято | 🗑️ 114 мусор
2026-05-14 08:39:55,923 | INFO     |   → 193/881: ✅ 0 взято | 🗑️ 0 мусор
2026-05-14 08:39:55,923 | INFO     |   → 194/881: ✅ 0 взято | 🗑️ 239 мусор
2026-05-14 08:39:55,924 | INFO     |   → 195/881: ✅ 0 взято | 🗑️ 0 мусор
2026-05-14 08:39:55,924 | INFO     |   → 196/881: ✅ 0 взято | 🗑️ 204 мусор
2026-05-14 08:39:55,924 | INFO     |   → 197/881: ✅ 0 взято | 🗑️ 0 мусор
2026-05-14 08:39:55,924 | INFO     |   → 198/881: ✅ 0 взято | 🗑️ 232 мусор
2026-05-14 08:39:55,924 | INFO     |   → 199/881: ✅ 0 взято | 🗑️ 0 мусор
2026-05-14 08:39:55,924 | INFO     |   → 200/881: ✅ 0 взято | 🗑️ 192 мусор
2026-05-14 08:39:55,924 | INFO     |   → 201/881: ✅ 0 взято | 🗑️ 0 мусор
2026-05-14 08:39:55,924 | INFO     |   → 202/881 ⚠️ Ошибка: HTTPSConnectionPool(host='ivuxy.tech', port=443): Max retries exceeded with url: /v.txt (Caused by NameResolutionError("HTTPSConnection(host='ivuxy.tech', port=443): Failed to resolve 'ivuxy.tech' ([Errno -2] Name or service not known)")) — https://ivuxy.tech/v.txt
2026-05-14 08:39:55,924 | INFO     |   → 203/881 ⚠️ Ошибка: HTTPSConnectionPool(host='mirror.ghproxy.com', port=443): Max retries exceeded with url: /https://raw.githubusercontent.com/Barabama/FreeNodes/master/nodes/blues.txt (Caused by NameResolutionError("HTTPSConnection(host='mirror.ghproxy.com', port=443): Failed to resolve 'mirror.ghproxy.com' ([Errno -2] Name or service not known)")) — https://mirror.ghproxy.com/https://raw.githubusercontent.com/Barabama/FreeNodes/master/nodes/blues.txt
2026-05-14 08:39:55,924 | INFO     |   → 204/881 ⚠️ Ошибка: HTTPSConnectionPool(host='mirror.ghproxy.com', port=443): Max retries exceeded with url: /https://raw.githubusercontent.com/Barabama/FreeNodes/master/nodes/halekj.txt (Caused by NameResolutionError("HTTPSConnection(host='mirror.ghproxy.com', port=443): Failed to resolve 'mirror.ghproxy.com' ([Errno -2] Name or service not known)")) — https://mirror.ghproxy.com/https://raw.githubusercontent.com/Barabama/FreeNodes/master/nodes/halekj.txt
2026-05-14 08:39:55,924 | INFO     |   → 205/881 ⚠️ Ошибка: HTTPSConnectionPool(host='mirror.ghproxy.com', port=443): Max retries exceeded with url: /https://raw.githubusercontent.com/Barabama/FreeNodes/master/nodes/kkzui.txt (Caused by NameResolutionError("HTTPSConnection(host='mirror.ghproxy.com', port=443): Failed to resolve 'mirror.ghproxy.com' ([Errno -2] Name or service not known)")) — https://mirror.ghproxy.com/https://raw.githubusercontent.com/Barabama/FreeNodes/master/nodes/kkzui.txt
2026-05-14 08:39:55,924 | INFO     |   → 206/881 ⚠️ Ошибка: HTTPSConnectionPool(host='mirror.ghproxy.com', port=443): Max retries exceeded with url: /https://raw.githubusercontent.com/Barabama/FreeNodes/master/nodes/merged.txt (Caused by NameResolutionError("HTTPSConnection(host='mirror.ghproxy.com', port=443): Failed to resolve 'mirror.ghproxy.com' ([Errno -2] Name or service not known)")) — https://mirror.ghproxy.com/https://raw.githubusercontent.com/Barabama/FreeNodes/master/nodes/merged.txt
2026-05-14 08:39:55,924 | INFO     |   → 207/881 ⚠️ Ошибка: HTTPSConnectionPool(host='mirror.ghproxy.com', port=443): Max retries exceeded with url: /https://raw.githubusercontent.com/Barabama/FreeNodes/master/nodes/nodefree.txt (Caused by NameResolutionError("HTTPSConnection(host='mirror.ghproxy.com', port=443): Failed to resolve 'mirror.ghproxy.com' ([Errno -2] Name or service not known)")) — https://mirror.ghproxy.com/https://raw.githubusercontent.com/Barabama/FreeNodes/master/nodes/nodefree.txt
2026-05-14 08:39:55,924 | INFO     |   → 208/881 ⚠️ Ошибка: HTTPSConnectionPool(host='mirror.ghproxy.com', port=443): Max retries exceeded with url: /https://raw.githubusercontent.com/Barabama/FreeNodes/master/nodes/openrunner.txt (Caused by NameResolutionError("HTTPSConnection(host='mirror.ghproxy.com', port=443): Failed to resolve 'mirror.ghproxy.com' ([Errno -2] Name or service not known)")) — https://mirror.ghproxy.com/https://raw.githubusercontent.com/Barabama/FreeNodes/master/nodes/openrunner.txt
2026-05-14 08:39:55,924 | INFO     |   → 209/881 ⚠️ Ошибка: HTTPSConnectionPool(host='mirror.ghproxy.com', port=443): Max retries exceeded with url: /https://raw.githubusercontent.com/Barabama/FreeNodes/master/nodes/v2rayshare.txt (Caused by NameResolutionError("HTTPSConnection(host='mirror.ghproxy.com', port=443): Failed to resolve 'mirror.ghproxy.com' ([Errno -2] Name or service not known)")) — https://mirror.ghproxy.com/https://raw.githubusercontent.com/Barabama/FreeNodes/master/nodes/v2rayshare.txt
2026-05-14 08:39:55,924 | INFO     |   → 210/881 ⚠️ Ошибка: HTTPSConnectionPool(host='mirror.ghproxy.com', port=443): Max retries exceeded with url: /https://raw.githubusercontent.com/Barabama/FreeNodes/master/nodes/wenode.txt (Caused by NameResolutionError("HTTPSConnection(host='mirror.ghproxy.com', port=443): Failed to resolve 'mirror.ghproxy.com' ([Errno -2] Name or service not known)")) — https://mirror.ghproxy.com/https://raw.githubusercontent.com/Barabama/FreeNodes/master/nodes/wenode.txt
2026-05-14 08:39:55,924 | INFO     |   → 211/881 ⚠️ Ошибка: HTTPSConnectionPool(host='mirror.ghproxy.com', port=443): Max retries exceeded with url: /https://raw.githubusercontent.com/Barabama/FreeNodes/master/nodes/yudou66.txt (Caused by NameResolutionError("HTTPSConnection(host='mirror.ghproxy.com', port=443): Failed to resolve 'mirror.ghproxy.com' ([Errno -2] Name or service not known)")) — https://mirror.ghproxy.com/https://raw.githubusercontent.com/Barabama/FreeNodes/master/nodes/yudou66.txt
2026-05-14 08:39:55,924 | INFO     |   → 212/881: ✅ 7 взято | 🗑️ 17 мусор
2026-05-14 08:39:55,924 | INFO     |   → 213/881: ✅ 0 взято | 🗑️ 17 мусор
2026-05-14 08:39:55,924 | INFO     |   → 214/881: ✅ 14 взято | 🗑️ 14 мусор
2026-05-14 08:39:55,924 | INFO     |   → 215/881: ✅ 0 взято | 🗑️ 14 мусор
2026-05-14 08:39:55,924 | INFO     |   → 216/881: ✅ 0 взято | 🗑️ 14 мусор
2026-05-14 08:39:55,925 | INFO     |   → 217/881: ✅ 0 взято | 🗑️ 14 мусор
2026-05-14 08:39:55,925 | INFO     |   → 218/881: ✅ 0 взято | 🗑️ 14 мусор
2026-05-14 08:39:55,925 | INFO     |   → 219/881: ✅ 0 взято | 🗑️ 14 мусор
2026-05-14 08:39:55,925 | INFO     |   → 220/881: ✅ 0 взято | 🗑️ 14 мусор
2026-05-14 08:39:55,925 | INFO     |   → 221/881: ✅ 0 взято | 🗑️ 14 мусор
2026-05-14 08:39:55,925 | INFO     |   → 222/881: ✅ 0 взято | 🗑️ 14 мусор
2026-05-14 08:39:55,925 | INFO     |   → 223/881: ✅ 7 взято | 🗑️ 21 мусор
2026-05-14 08:39:55,925 | INFO     |   → 224/881: ✅ 0 взято | 🗑️ 21 мусор
2026-05-14 08:39:55,925 | INFO     |   → 225/881: ✅ 0 взято | 🗑️ 21 мусор
2026-05-14 08:39:55,925 | INFO     |   → 226/881: ✅ 0 взято | 🗑️ 21 мусор
2026-05-14 08:39:55,925 | INFO     |   → 227/881: ✅ 0 взято | 🗑️ 21 мусор
2026-05-14 08:39:55,925 | INFO     |   → 228/881: ✅ 0 взято | 🗑️ 21 мусор
2026-05-14 08:39:55,925 | INFO     |   → 229/881: ✅ 0 взято | 🗑️ 21 мусор
2026-05-14 08:39:55,925 | INFO     |   → 230/881: ✅ 0 взято | 🗑️ 21 мусор
2026-05-14 08:39:55,925 | INFO     |   → 231/881: ✅ 0 взято | 🗑️ 21 мусор
2026-05-14 08:39:55,925 | INFO     |   → 232/881: ✅ 0 взято | 🗑️ 21 мусор
2026-05-14 08:39:55,925 | INFO     |   → 233/881: ✅ 0 взято | 🗑️ 21 мусор
2026-05-14 08:39:55,925 | INFO     |   → 234/881: ✅ 5 взято | 🗑️ 15 мусор
2026-05-14 08:39:55,925 | INFO     |   → 235/881: ✅ 0 взято | 🗑️ 15 мусор
2026-05-14 08:39:55,925 | INFO     |   → 236/881: ✅ 0 взято | 🗑️ 15 мусор
2026-05-14 08:39:55,925 | INFO     |   → 237/881: ✅ 0 взято | 🗑️ 15 мусор
2026-05-14 08:39:55,925 | INFO     |   → 238/881: ✅ 0 взято | 🗑️ 15 мусор
2026-05-14 08:39:55,925 | INFO     |   → 239/881: ✅ 0 взято | 🗑️ 15 мусор
2026-05-14 08:39:55,926 | INFO     |   → 240/881: ✅ 0 взято | 🗑️ 15 мусор
2026-05-14 08:39:55,926 | INFO     |   → 241/881: ✅ 0 взято | 🗑️ 15 мусор
2026-05-14 08:39:55,926 | INFO     |   → 242/881: ✅ 0 взято | 🗑️ 15 мусор
2026-05-14 08:39:55,926 | INFO     |   → 243/881: ✅ 0 взято | 🗑️ 14 мусор
2026-05-14 08:39:55,926 | INFO     |   → 244/881: ✅ 0 взято | 🗑️ 14 мусор
2026-05-14 08:39:55,926 | INFO     |   → 245/881: ✅ 0 взято | 🗑️ 14 мусор
2026-05-14 08:39:55,926 | INFO     |   → 246/881: ✅ 0 взято | 🗑️ 14 мусор
2026-05-14 08:39:55,926 | INFO     |   → 247/881 ❌ HTTP 403 — https://nodefree.org/dy/2023/08/20230806.yaml
2026-05-14 08:39:55,926 | INFO     |   → 248/881 ❌ HTTP 403 — https://nodefree.org/dy/2023/12/20231221.txt
2026-05-14 08:39:55,926 | INFO     |   → 249/881: ✅ 0 взято | 🗑️ 17 мусор
2026-05-14 08:39:55,926 | INFO     |   → 250/881: ✅ 0 взято | 🗑️ 17 мусор
2026-05-14 08:39:55,926 | INFO     |   → 251/881: ✅ 0 взято | 🗑️ 14 мусор
2026-05-14 08:39:55,926 | INFO     |   → 252/881: ✅ 0 взято | 🗑️ 14 мусор
2026-05-14 08:39:55,926 | INFO     |   → 253/881: ✅ 0 взято | 🗑️ 14 мусор
2026-05-14 08:39:55,926 | INFO     |   → 254/881: ✅ 0 взято | 🗑️ 14 мусор
2026-05-14 08:39:55,926 | INFO     |   → 255/881: ✅ 0 взято | 🗑️ 14 мусор
2026-05-14 08:39:55,926 | INFO     |   → 256/881: ✅ 0 взято | 🗑️ 14 мусор
2026-05-14 08:39:55,926 | INFO     |   → 257/881: ✅ 0 взято | 🗑️ 14 мусор
2026-05-14 08:39:55,926 | INFO     |   → 258/881: ✅ 0 взято | 🗑️ 14 мусор
2026-05-14 08:39:55,926 | INFO     |   → 259/881: ✅ 0 взято | 🗑️ 14 мусор
2026-05-14 08:39:55,926 | INFO     |   → 260/881: ✅ 0 взято | 🗑️ 21 мусор
2026-05-14 08:39:55,926 | INFO     |   → 261/881: ✅ 0 взято | 🗑️ 21 мусор
2026-05-14 08:39:55,926 | INFO     |   → 262/881: ✅ 0 взято | 🗑️ 21 мусор
2026-05-14 08:39:55,927 | INFO     |   → 263/881: ✅ 0 взято | 🗑️ 21 мусор
2026-05-14 08:39:55,927 | INFO     |   → 264/881: ✅ 0 взято | 🗑️ 21 мусор
2026-05-14 08:39:55,927 | INFO     |   → 265/881: ✅ 0 взято | 🗑️ 21 мусор
2026-05-14 08:39:55,927 | INFO     |   → 266/881: ✅ 0 взято | 🗑️ 21 мусор
2026-05-14 08:39:55,927 | INFO     |   → 267/881: ✅ 0 взято | 🗑️ 21 мусор
2026-05-14 08:39:55,927 | INFO     |   → 268/881: ✅ 0 взято | 🗑️ 21 мусор
2026-05-14 08:39:55,927 | INFO     |   → 269/881: ✅ 0 взято | 🗑️ 21 мусор
2026-05-14 08:39:55,927 | INFO     |   → 270/881: ✅ 0 взято | 🗑️ 21 мусор
2026-05-14 08:39:55,927 | INFO     |   → 271/881: ✅ 0 взято | 🗑️ 15 мусор
2026-05-14 08:39:55,927 | INFO     |   → 272/881: ✅ 0 взято | 🗑️ 15 мусор
2026-05-14 08:39:55,927 | INFO     |   → 273/881: ✅ 0 взято | 🗑️ 15 мусор
2026-05-14 08:39:55,927 | INFO     |   → 274/881: ✅ 0 взято | 🗑️ 15 мусор
2026-05-14 08:39:55,927 | INFO     |   → 275/881: ✅ 0 взято | 🗑️ 15 мусор
2026-05-14 08:39:55,927 | INFO     |   → 276/881: ✅ 0 взято | 🗑️ 15 мусор
2026-05-14 08:39:55,927 | INFO     |   → 277/881: ✅ 0 взято | 🗑️ 15 мусор
2026-05-14 08:39:55,927 | INFO     |   → 278/881: ✅ 0 взято | 🗑️ 15 мусор
2026-05-14 08:39:55,927 | INFO     |   → 279/881: ✅ 0 взято | 🗑️ 15 мусор
2026-05-14 08:39:55,927 | INFO     |   → 280/881: ✅ 0 взято | 🗑️ 15 мусор
2026-05-14 08:39:55,927 | INFO     |   → 281/881: ✅ 0 взято | 🗑️ 14 мусор
2026-05-14 08:39:55,927 | INFO     |   → 282/881: ✅ 0 взято | 🗑️ 14 мусор
2026-05-14 08:39:55,927 | INFO     |   → 283/881: ✅ 0 взято | 🗑️ 14 мусор
2026-05-14 08:39:55,927 | INFO     |   → 284/881: ✅ 0 взято | 🗑️ 0 мусор
2026-05-14 08:39:55,928 | INFO     |   → 285/881: ✅ 0 взято | 🗑️ 0 мусор
2026-05-14 08:39:55,928 | INFO     |   → 286/881: ✅ 0 взято | 🗑️ 0 мусор
2026-05-14 08:39:55,928 | INFO     |   → 287/881: ✅ 0 взято | 🗑️ 0 мусор
2026-05-14 08:39:55,928 | INFO     |   → 288/881: ✅ 0 взято | 🗑️ 0 мусор
2026-05-14 08:39:55,928 | INFO     |   → 289/881: ✅ 0 взято | 🗑️ 0 мусор
2026-05-14 08:39:55,928 | INFO     |   → 290/881: ✅ 0 взято | 🗑️ 0 мусор
2026-05-14 08:39:55,928 | INFO     |   → 291/881: ✅ 0 взято | 🗑️ 0 мусор
2026-05-14 08:39:55,928 | INFO     |   → 292/881: ✅ 0 взято | 🗑️ 0 мусор
2026-05-14 08:39:55,928 | INFO     |   → 293/881: ✅ 0 взято | 🗑️ 0 мусор
2026-05-14 08:39:55,928 | INFO     |   → 294/881: ✅ 0 взято | 🗑️ 0 мусор
2026-05-14 08:39:55,928 | INFO     |   → 295/881: ✅ 0 взято | 🗑️ 0 мусор
2026-05-14 08:39:55,928 | INFO     |   → 296/881 ❌ HTTP 404 — https://raw.githubusercontent.com/10ium/MihomoSaz/main/Sublist/shatakvpn.yaml4_Sub.txt
2026-05-14 08:39:55,928 | INFO     |   → 297/881: ✅ 0 взято | 🗑️ 0 мусор
2026-05-14 08:39:55,928 | INFO     |   → 298/881: ✅ 0 взято | 🗑️ 0 мусор
2026-05-14 08:39:55,928 | INFO     |   → 299/881: ✅ 12 взято | 🗑️ 38 мусор
2026-05-14 08:39:55,928 | INFO     |   → 300/881: ✅ 0 взято | 🗑️ 0 мусор
2026-05-14 08:39:55,928 | INFO     |   → 301/881: ✅ 0 взято | 🗑️ 0 мусор
2026-05-14 08:39:55,928 | INFO     |   → 302/881: ✅ 11 взято | 🗑️ 399 мусор
2026-05-14 08:39:55,928 | INFO     |   → 303/881: ✅ 0 взято | 🗑️ 0 мусор
2026-05-14 08:39:55,928 | INFO     |   → 304/881 ❌ HTTP 404 — https://raw.githubusercontent.com/9Fork/openit/main/Clash.yaml
2026-05-14 08:39:55,928 | INFO     |   → 305/881: ✅ 100 взято | 🗑️ 381 мусор
2026-05-14 08:39:55,928 | INFO     |   → 306/881: ✅ 0 взято | 🗑️ 381 мусор
2026-05-14 08:39:55,928 | INFO     |   → 307/881: ✅ 19 взято | 🗑️ 81 мусор
2026-05-14 08:39:55,929 | INFO     |   → 308/881: ✅ 11 взято | 🗑️ 87 мусор
2026-05-14 08:39:55,929 | INFO     |   → 309/881: ✅ 27 взято | 🗑️ 73 мусор
2026-05-14 08:39:55,929 | INFO     |   → 310/881: ✅ 13 взято | 🗑️ 75 мусор
2026-05-14 08:39:55,929 | INFO     |   → 311/881: ✅ 10 взято | 🗑️ 83 мусор
2026-05-14 08:39:55,929 | INFO     |   → 312/881: ✅ 12 взято | 🗑️ 86 мусор
2026-05-14 08:39:55,929 | INFO     |   → 313/881: ✅ 11 взято | 🗑️ 87 мусор
2026-05-14 08:39:55,929 | INFO     |   → 314/881: ✅ 11 взято | 🗑️ 80 мусор
2026-05-14 08:39:55,929 | INFO     |   → 315/881: ✅ 9 взято | 🗑️ 82 мусор
2026-05-14 08:39:55,929 | INFO     |   → 316/881: ✅ 69 взято | 🗑️ 3 мусор
2026-05-14 08:39:55,929 | INFO     |   → 317/881: ✅ 3 взято | 🗑️ 75 мусор
2026-05-14 08:39:55,929 | INFO     |   → 318/881: ✅ 4 взято | 🗑️ 69 мусор
2026-05-14 08:39:55,929 | INFO     |   → 319/881: ✅ 4 взято | 🗑️ 80 мусор
2026-05-14 08:39:55,929 | INFO     |   → 320/881: ✅ 6 взято | 🗑️ 81 мусор
2026-05-14 08:39:55,929 | INFO     |   → 321/881: ✅ 5 взято | 🗑️ 79 мусор
2026-05-14 08:39:55,929 | INFO     |   → 322/881: ✅ 11 взято | 🗑️ 78 мусор
2026-05-14 08:39:55,929 | INFO     |   → 323/881: ✅ 3 взято | 🗑️ 83 мусор
2026-05-14 08:39:55,929 | INFO     |   → 324/881: ✅ 14 взято | 🗑️ 76 мусор
2026-05-14 08:39:55,929 | INFO     |   → 325/881: ✅ 12 взято | 🗑️ 78 мусор
2026-05-14 08:39:55,929 | INFO     |   → 326/881: ✅ 26 взято | 🗑️ 218 мусор
2026-05-14 08:39:55,929 | INFO     |   → 327/881: ✅ 44 взято | 🗑️ 141 мусор
2026-05-14 08:39:55,929 | INFO     |   → 328/881: ✅ 10 взято | 🗑️ 71 мусор
2026-05-14 08:39:55,929 | INFO     |   → 329/881: ✅ 2 взято | 🗑️ 88 мусор
2026-05-14 08:39:55,929 | INFO     |   → 330/881: ✅ 0 взято | 🗑️ 3 мусор
2026-05-14 08:39:55,929 | INFO     |   → 331/881: ✅ 14 взято | 🗑️ 4 мусор
2026-05-14 08:39:55,930 | INFO     |   → 332/881: ✅ 653 взято | 🗑️ 2477 мусор
2026-05-14 08:39:55,930 | INFO     |   → 333/881 ❌ HTTP 404 — https://raw.githubusercontent.com/Alvin9999/pac2/master/clash/1/config.yaml
2026-05-14 08:39:55,930 | INFO     |   → 334/881 ❌ HTTP 404 — https://raw.githubusercontent.com/AmirHDevo/temp2/7f15e7ddb311a6f8c5ab338bd1af0e1f2136a84b/configs.txt
2026-05-14 08:39:55,930 | INFO     |   → 335/881: ✅ 10 взято | 🗑️ 44 мусор
2026-05-14 08:39:55,930 | INFO     |   → 336/881: ✅ 1246 взято | 🗑️ 18341 мусор
2026-05-14 08:39:55,930 | INFO     |   → 337/881: ✅ 5 взято | 🗑️ 47 мусор
2026-05-14 08:39:55,930 | INFO     |   → 338/881: ✅ 4 взято | 🗑️ 57 мусор
2026-05-14 08:39:55,930 | INFO     |   → 339/881: ✅ 21 взято | 🗑️ 107 мусор
2026-05-14 08:39:55,930 | INFO     |   → 340/881: ✅ 78 взято | 🗑️ 347 мусор
2026-05-14 08:39:55,930 | INFO     |   → 341/881: ✅ 0 взято | 🗑️ 1373 мусор
2026-05-14 08:39:55,930 | INFO     |   → 342/881: ✅ 339 взято | 🗑️ 1542 мусор
2026-05-14 08:39:55,930 | INFO     |   → 343/881: ✅ 0 взято | 🗑️ 6 мусор
2026-05-14 08:39:55,930 | INFO     |   → 344/881: ✅ 0 взято | 🗑️ 0 мусор
2026-05-14 08:39:55,930 | INFO     |   → 345/881: ✅ 1 взято | 🗑️ 235 мусор
2026-05-14 08:39:55,930 | INFO     |   → 346/881: ✅ 0 взято | 🗑️ 16 мусор
2026-05-14 08:39:55,930 | INFO     |   → 347/881: ✅ 0 взято | 🗑️ 0 мусор
2026-05-14 08:39:55,930 | INFO     |   → 348/881: ✅ 0 взято | 🗑️ 14 мусор
2026-05-14 08:39:55,930 | INFO     |   → 349/881: ✅ 0 взято | 🗑️ 0 мусор
2026-05-14 08:39:55,930 | INFO     |   → 350/881: ✅ 0 взято | 🗑️ 14 мусор
2026-05-14 08:39:55,930 | INFO     |   → 351/881: ✅ 0 взято | 🗑️ 0 мусор
2026-05-14 08:39:55,930 | INFO     |   → 352/881: ✅ 1 взято | 🗑️ 9 мусор
2026-05-14 08:39:55,930 | INFO     |   → 353/881: ✅ 0 взято | 🗑️ 0 мусор
2026-05-14 08:39:55,930 | INFO     |   → 354/881: ✅ 0 взято | 🗑️ 14 мусор
2026-05-14 08:39:55,931 | INFO     |   → 355/881: ✅ 0 взято | 🗑️ 0 мусор
2026-05-14 08:39:55,931 | INFO     |   → 356/881: ✅ 0 взято | 🗑️ 14 мусор
2026-05-14 08:39:55,931 | INFO     |   → 357/881: ✅ 0 взято | 🗑️ 0 мусор
2026-05-14 08:39:55,931 | INFO     |   → 358/881: ✅ 0 взято | 🗑️ 192 мусор
2026-05-14 08:39:55,931 | INFO     |   → 359/881: ✅ 0 взято | 🗑️ 0 мусор
2026-05-14 08:39:55,931 | INFO     |   → 360/881: ✅ 5 взято | 🗑️ 76 мусор
2026-05-14 08:39:55,931 | INFO     |   → 361/881: ✅ 80 взято | 🗑️ 1110 мусор
2026-05-14 08:39:55,931 | INFO     |   → 362/881: ✅ 5 взято | 🗑️ 13 мусор
2026-05-14 08:39:55,931 | INFO     |   → 363/881 ❌ HTTP 404 — https://raw.githubusercontent.com/Epodonios/bulk-xray-v2ray-vless-vmess-...-configs/main/sub/Austria/config.txt
2026-05-14 08:39:55,931 | INFO     |   → 364/881 ❌ HTTP 404 — https://raw.githubusercontent.com/Epodonios/bulk-xray-v2ray-vless-vmess-...-configs/main/sub/Canada/config.txt
2026-05-14 08:39:55,931 | INFO     |   → 365/881 ❌ HTTP 404 — https://raw.githubusercontent.com/Epodonios/bulk-xray-v2ray-vless-vmess-...-configs/main/sub/Costa%20Rica/config.txt
2026-05-14 08:39:55,931 | INFO     |   → 366/881 ❌ HTTP 404 — https://raw.githubusercontent.com/Epodonios/bulk-xray-v2ray-vless-vmess-...-configs/main/sub/France/config.txt
2026-05-14 08:39:55,931 | INFO     |   → 367/881 ❌ HTTP 404 — https://raw.githubusercontent.com/Epodonios/bulk-xray-v2ray-vless-vmess-...-configs/main/sub/Germany/config.txt
2026-05-14 08:39:55,931 | INFO     |   → 368/881 ❌ HTTP 404 — https://raw.githubusercontent.com/Epodonios/bulk-xray-v2ray-vless-vmess-...-configs/main/sub/Indonesia/config.txt
2026-05-14 08:39:55,931 | INFO     |   → 369/881 ❌ HTTP 404 — https://raw.githubusercontent.com/Epodonios/bulk-xray-v2ray-vless-vmess-...-configs/main/sub/Ireland/config.txt
2026-05-14 08:39:55,931 | INFO     |   → 370/881 ❌ HTTP 404 — https://raw.githubusercontent.com/Epodonios/bulk-xray-v2ray-vless-vmess-...-configs/main/sub/Republic%20of%20Lithuania/config.txt
2026-05-14 08:39:55,931 | INFO     |   → 371/881 ❌ HTTP 404 — https://raw.githubusercontent.com/Epodonios/bulk-xray-v2ray-vless-vmess-...-configs/main/sub/South%20Africa/config.txt
2026-05-14 08:39:55,931 | INFO     |   → 372/881 ❌ HTTP 404 — https://raw.githubusercontent.com/Epodonios/bulk-xray-v2ray-vless-vmess-...-configs/main/sub/Sweden/config.txt
2026-05-14 08:39:55,931 | INFO     |   → 373/881 ❌ HTTP 404 — https://raw.githubusercontent.com/Epodonios/bulk-xray-v2ray-vless-vmess-...-configs/main/sub/Turkey/config.txt
2026-05-14 08:39:55,931 | INFO     |   → 374/881 ❌ HTTP 404 — https://raw.githubusercontent.com/Epodonios/bulk-xray-v2ray-vless-vmess-...-configs/main/sub/United%20Arab%20Emirates/config.txt
2026-05-14 08:39:55,931 | INFO     |   → 375/881 ❌ HTTP 404 — https://raw.githubusercontent.com/Epodonios/bulk-xray-v2ray-vless-vmess-...-configs/main/sub/United%20Kingdom/config.txt
2026-05-14 08:39:55,931 | INFO     |   → 376/881 ❌ HTTP 404 — https://raw.githubusercontent.com/Epodonios/bulk-xray-v2ray-vless-vmess-...-configs/main/sub/United%20States/config.txt
2026-05-14 08:39:55,931 | INFO     |   → 377/881: ✅ 399 взято | 🗑️ 4107 мусор
2026-05-14 08:39:55,932 | INFO     |   → 378/881 ❌ HTTP 404 — https://raw.githubusercontent.com/Epodonios/v2ray-configs/main/Splitted-By-Protocol/mix.txt
2026-05-14 08:39:55,932 | INFO     |   → 379/881: ✅ 10 взято | 🗑️ 352 мусор
2026-05-14 08:39:55,932 | INFO     |   → 380/881: ✅ 0 взято | 🗑️ 0 мусор
2026-05-14 08:39:55,932 | INFO     |   → 381/881: ✅ 38 взято | 🗑️ 363 мусор
2026-05-14 08:39:55,932 | INFO     |   → 382/881: ✅ 47 взято | 🗑️ 2864 мусор
2026-05-14 08:39:55,932 | INFO     |   → 383/881: ✅ 11 взято | 🗑️ 636 мусор
2026-05-14 08:39:55,932 | INFO     |   → 384/881 ❌ HTTP 404 — https://raw.githubusercontent.com/Epodonios/v2ray-configs/raw/main/Splitted-By-Protocol/trojan.txt
2026-05-14 08:39:55,932 | INFO     |   → 385/881 ❌ HTTP 404 — https://raw.githubusercontent.com/Epodonios/v2ray-configs/raw/main/Splitted-By-Protocol/vmess.txt
2026-05-14 08:39:55,932 | INFO     |   → 386/881: ✅ 0 взято | 🗑️ 352 мусор
2026-05-14 08:39:55,932 | INFO     |   → 387/881: ✅ 0 взято | 🗑️ 0 мусор
2026-05-14 08:39:55,932 | INFO     |   → 388/881: ✅ 0 взято | 🗑️ 363 мусор
2026-05-14 08:39:55,932 | INFO     |   → 389/881: ✅ 0 взято | 🗑️ 2864 мусор
2026-05-14 08:39:55,932 | INFO     |   → 390/881: ✅ 0 взято | 🗑️ 636 мусор
2026-05-14 08:39:55,932 | INFO     |   → 391/881 ❌ HTTP 404 — https://raw.githubusercontent.com/Fido6/FreeNodes/57221e59caddde55ffdda21d491ae952cd608049/nodes/halekj.txt
2026-05-14 08:39:55,932 | INFO     |   → 392/881 ❌ HTTP 404 — https://raw.githubusercontent.com/Fido6/FreeNodes/57221e59caddde55ffdda21d491ae952cd608049/nodes/kkzui.txt
2026-05-14 08:39:55,932 | INFO     |   → 393/881 ❌ HTTP 404 — https://raw.githubusercontent.com/Fido6/FreeNodes/57221e59caddde55ffdda21d491ae952cd608049/nodes/wenode.txt
2026-05-14 08:39:55,932 | INFO     |   → 394/881: ✅ 0 взято | 🗑️ 0 мусор
2026-05-14 08:39:55,932 | INFO     |   → 395/881: ✅ 0 взято | 🗑️ 0 мусор
2026-05-14 08:39:55,932 | INFO     |   → 396/881: ✅ 14 взято | 🗑️ 250 мусор
2026-05-14 08:39:55,932 | INFO     |   → 397/881: ✅ 0 взято | 🗑️ 9 мусор
2026-05-14 08:39:55,932 | INFO     |   → 398/881: ✅ 1 взято | 🗑️ 17 мусор
2026-05-14 08:39:55,932 | INFO     |   → 399/881: ✅ 4 взято | 🗑️ 11 мусор
2026-05-14 08:39:55,932 | INFO     |   → 400/881: ✅ 0 взято | 🗑️ 0 мусор
2026-05-14 08:39:55,933 | INFO     |   → 401/881: ✅ 0 взято | 🗑️ 137 мусор
2026-05-14 08:39:55,933 | INFO     |   → 402/881: ✅ 0 взято | 🗑️ 32 мусор
2026-05-14 08:39:55,933 | INFO     |   → 403/881: ✅ 2 взято | 🗑️ 19 мусор
2026-05-14 08:39:55,933 | INFO     |   → 404/881: ✅ 0 взято | 🗑️ 43 мусор
2026-05-14 08:39:55,933 | INFO     |   → 405/881: ✅ 0 взято | 🗑️ 43 мусор
2026-05-14 08:39:55,933 | INFO     |   → 406/881 ❌ HTTP 404 — https://raw.githubusercontent.com/Iran-v2ray/v2ray/main/v2ray
2026-05-14 08:39:55,933 | INFO     |   → 407/881: ✅ 0 взято | 🗑️ 1 мусор
2026-05-14 08:39:55,933 | INFO     |   → 408/881: ✅ 0 взято | 🗑️ 1 мусор
2026-05-14 08:39:55,933 | INFO     |   → 409/881: ✅ 0 взято | 🗑️ 28 мусор
2026-05-14 08:39:55,933 | INFO     |   → 410/881: ✅ 14 взято | 🗑️ 282 мусор
2026-05-14 08:39:55,933 | INFO     |   → 411/881: ✅ 0 взято | 🗑️ 94 мусор
2026-05-14 08:39:55,933 | INFO     |   → 412/881: ✅ 0 взято | 🗑️ 0 мусор
2026-05-14 08:39:55,933 | INFO     |   → 413/881: ✅ 0 взято | 🗑️ 0 мусор
2026-05-14 08:39:55,933 | INFO     |   → 414/881 ❌ HTTP 404 — https://raw.githubusercontent.com/Kwinshadow/TelegramV2rayCollector/raw/refs/heads/main/sublinks/mix.txt
2026-05-14 08:39:55,933 | INFO     |   → 415/881 ❌ HTTP 404 — https://raw.githubusercontent.com/LalatinaHub/Mineral/raw/refs/heads/master/result/nodes
2026-05-14 08:39:55,933 | INFO     |   → 416/881 ❌ HTTP 404 — https://raw.githubusercontent.com/Leon406/SubCrawler/main/sub/share/all3
2026-05-14 08:39:55,933 | INFO     |   → 417/881 ❌ HTTP 404 — https://raw.githubusercontent.com/Leon406/SubCrawler/main/sub/share/all4
2026-05-14 08:39:55,933 | INFO     |   → 418/881: ✅ 4 взято | 🗑️ 335 мусор
2026-05-14 08:39:55,933 | INFO     |   → 419/881: ✅ 0 взято | 🗑️ 33 мусор
2026-05-14 08:39:55,933 | INFO     |   → 420/881: ✅ 0 взято | 🗑️ 6 мусор
2026-05-14 08:39:55,933 | INFO     |   → 421/881: ✅ 0 взято | 🗑️ 147 мусор
2026-05-14 08:39:55,933 | INFO     |   → 422/881 ❌ HTTP 404 — https://raw.githubusercontent.com/M-Mashreghi/free-config-collector/main/Splitted-By-Protocol/ssr.txt
2026-05-14 08:39:55,933 | INFO     |   → 423/881: ✅ 139 взято | 🗑️ 114 мусор
2026-05-14 08:39:55,934 | INFO     |   → 424/881: ✅ 126 взято | 🗑️ 137 мусор
2026-05-14 08:39:55,934 | INFO     |   → 425/881: ✅ 0 взято | 🗑️ 12 мусор
2026-05-14 08:39:55,934 | INFO     |   → 426/881: ✅ 0 взято | 🗑️ 1 мусор
2026-05-14 08:39:55,934 | INFO     |   → 427/881: ✅ 41 взято | 🗑️ 410 мусор
2026-05-14 08:39:55,934 | INFO     |   → 428/881: ✅ 0 взято | 🗑️ 410 мусор
2026-05-14 08:39:55,934 | INFO     |   → 429/881 ❌ HTTP 404 — https://raw.githubusercontent.com/MatinGhanbari/v2ray-configs/main/subscriptions/filtered/subs/hy2.txt
2026-05-14 08:39:55,934 | INFO     |   → 430/881: ✅ 23 взято | 🗑️ 1561 мусор
2026-05-14 08:39:55,934 | INFO     |   → 431/881 ❌ HTTP 404 — https://raw.githubusercontent.com/MatinGhanbari/v2ray-configs/main/subscriptions/filtered/subs/ssr.txt
2026-05-14 08:39:55,934 | INFO     |   → 432/881: ✅ 50 взято | 🗑️ 513 мусор
2026-05-14 08:39:55,934 | INFO     |   → 433/881 ❌ HTTP 404 — https://raw.githubusercontent.com/MatinGhanbari/v2ray-configs/main/subscriptions/filtered/subs/tuic.txt
2026-05-14 08:39:55,934 | INFO     |   → 434/881: ✅ 15 взято | 🗑️ 217 мусор
2026-05-14 08:39:55,934 | INFO     |   → 435/881: ✅ 212 взято | 🗑️ 1345 мусор
2026-05-14 08:39:55,934 | INFO     |   → 436/881: ✅ 0 взято | 🗑️ 2 мусор
2026-05-14 08:39:55,934 | INFO     |   → 437/881: ✅ 146 взято | 🗑️ 830 мусор
2026-05-14 08:39:55,934 | INFO     |   → 438/881: ✅ 0 взято | 🗑️ 427 мусор
2026-05-14 08:39:55,934 | INFO     |   → 439/881: ✅ 0 взято | 🗑️ 427 мусор
2026-05-14 08:39:55,934 | INFO     |   → 440/881: ✅ 0 взято | 🗑️ 19 мусор
2026-05-14 08:39:55,934 | INFO     |   → 441/881: ✅ 0 взято | 🗑️ 2 мусор
2026-05-14 08:39:55,934 | INFO     |   → 442/881: ✅ 0 взято | 🗑️ 312 мусор
2026-05-14 08:39:55,934 | INFO     |   → 443/881: ✅ 0 взято | 🗑️ 78 мусор
2026-05-14 08:39:55,934 | INFO     |   → 444/881 ❌ HTTP 404 — https://raw.githubusercontent.com/MhdiTaheri/V2rayCollector/raw/refs/heads/main/sub/mix
2026-05-14 08:39:55,934 | INFO     |   → 445/881: ✅ 53 взято | 🗑️ 267 мусор
2026-05-14 08:39:55,934 | INFO     |   → 446/881 ❌ HTTP 404 — https://raw.githubusercontent.com/MhdiTaheri/V2rayCollector_Py/raw/refs/heads/main/sub/Mix/mix.txt
2026-05-14 08:39:55,934 | INFO     |   → 447/881: ✅ 0 взято | 🗑️ 0 мусор
2026-05-14 08:39:55,935 | INFO     |   → 448/881: ✅ 43 взято | 🗑️ 217 мусор
2026-05-14 08:39:55,935 | INFO     |   → 449/881: ✅ 0 взято | 🗑️ 31 мусор
2026-05-14 08:39:55,935 | INFO     |   → 450/881: ✅ 93 взято | 🗑️ 282 мусор
2026-05-14 08:39:55,935 | INFO     |   → 451/881: ✅ 0 взято | 🗑️ 26 мусор
2026-05-14 08:39:55,935 | INFO     |   → 452/881 ❌ HTTP 404 — https://raw.githubusercontent.com/MrMohebi/xray-proxy-grabber-telegram/master/collected-proxies/clash-meta/all.yaml
2026-05-14 08:39:55,935 | INFO     |   → 453/881 ❌ HTTP 404 — https://raw.githubusercontent.com/MrMohebi/xray-proxy-grabber-telegram/master/collected-proxies/row-url/actives.txt
2026-05-14 08:39:55,935 | INFO     |   → 454/881 ❌ HTTP 404 — https://raw.githubusercontent.com/MrMohebi/xray-proxy-grabber-telegram/master/collected-proxies/row-url/all.txt
2026-05-14 08:39:55,935 | INFO     |   → 455/881: ✅ 0 взято | 🗑️ 13 мусор
2026-05-14 08:39:55,935 | INFO     |   → 456/881: ✅ 0 взято | 🗑️ 13 мусор
2026-05-14 08:39:55,935 | INFO     |   → 457/881: ✅ 5 взято | 🗑️ 15 мусор
2026-05-14 08:39:55,935 | INFO     |   → 458/881: ✅ 0 взято | 🗑️ 30 мусор
2026-05-14 08:39:55,935 | INFO     |   → 459/881: ✅ 0 взято | 🗑️ 15 мусор
2026-05-14 08:39:55,935 | INFO     |   → 460/881: ✅ 66 взято | 🗑️ 123 мусор
2026-05-14 08:39:55,935 | INFO     |   → 461/881: ✅ 175 взято | 🗑️ 582 мусор
2026-05-14 08:39:55,935 | INFO     |   → 462/881: ✅ 0 взято | 🗑️ 0 мусор
2026-05-14 08:39:55,935 | INFO     |   → 463/881 ❌ HTTP 404 — https://raw.githubusercontent.com/OpenCNLink/freevpn/3cfcff048bfdd1493ccffa52ecf30ce7f9fc6b28/src/list/vmess.txt
2026-05-14 08:39:55,935 | INFO     |   → 464/881 ❌ HTTP 404 — https://raw.githubusercontent.com/Pawdro/Collection/main/sub
2026-05-14 08:39:55,935 | INFO     |   → 465/881: ✅ 0 взято | 🗑️ 9 мусор
2026-05-14 08:39:55,935 | INFO     |   → 466/881: ✅ 0 взято | 🗑️ 9 мусор
2026-05-14 08:39:55,935 | INFO     |   → 467/881: ✅ 0 взято | 🗑️ 0 мусор
2026-05-14 08:39:55,935 | INFO     |   → 468/881: ✅ 0 взято | 🗑️ 0 мусор
2026-05-14 08:39:55,935 | INFO     |   → 469/881: ✅ 0 взято | 🗑️ 50 мусор
2026-05-14 08:39:55,936 | INFO     |   → 470/881: ✅ 5 взято | 🗑️ 206 мусор
2026-05-14 08:39:55,936 | INFO     |   → 471/881: ✅ 21 взято | 🗑️ 138 мусор
2026-05-14 08:39:55,936 | INFO     |   → 472/881: ✅ 23 взято | 🗑️ 89 мусор
2026-05-14 08:39:55,936 | INFO     |   → 473/881: ✅ 9 взято | 🗑️ 85 мусор
2026-05-14 08:39:55,936 | INFO     |   → 474/881: ✅ 0 взято | 🗑️ 129 мусор
2026-05-14 08:39:55,936 | INFO     |   → 475/881: ✅ 0 взято | 🗑️ 81 мусор
2026-05-14 08:39:55,936 | INFO     |   → 476/881 ❌ HTTP 404 — https://raw.githubusercontent.com/STR97/STRUGOV/refs/heads/main/STR.BYPASS
2026-05-14 08:39:55,936 | INFO     |   → 477/881: ✅ 4 взято | 🗑️ 34 мусор
2026-05-14 08:39:55,936 | INFO     |   → 478/881: ✅ 11 взято | 🗑️ 16 мусор
2026-05-14 08:39:55,936 | INFO     |   → 479/881: ✅ 0 взято | 🗑️ 16 мусор
2026-05-14 08:39:55,936 | INFO     |   → 480/881: ✅ 0 взято | 🗑️ 27 мусор
2026-05-14 08:39:55,936 | INFO     |   → 481/881: ✅ 140 взято | 🗑️ 1153 мусор
2026-05-14 08:39:55,936 | INFO     |   → 482/881: ✅ 29 взято | 🗑️ 54 мусор
2026-05-14 08:39:55,936 | INFO     |   → 483/881: ✅ 0 взято | 🗑️ 0 мусор
2026-05-14 08:39:55,936 | INFO     |   → 484/881: ✅ 0 взято | 🗑️ 0 мусор
2026-05-14 08:39:55,936 | INFO     |   → 485/881: ✅ 2 взято | 🗑️ 3 мусор
2026-05-14 08:39:55,936 | INFO     |   → 486/881: ✅ 0 взято | 🗑️ 0 мусор
2026-05-14 08:39:55,936 | INFO     |   → 487/881: ✅ 0 взято | 🗑️ 3 мусор
2026-05-14 08:39:55,936 | INFO     |   → 488/881: ✅ 4 взято | 🗑️ 291 мусор
2026-05-14 08:39:55,936 | INFO     |   → 489/881: ✅ 0 взято | 🗑️ 119 мусор
2026-05-14 08:39:55,936 | INFO     |   → 490/881: ✅ 0 взято | 🗑️ 0 мусор
2026-05-14 08:39:55,936 | INFO     |   → 491/881 ❌ HTTP 404 — https://raw.githubusercontent.com/V2RAYCONFIGSPOOL/V2RAY_SUB/main/V2RAY_SUB.txt
2026-05-14 08:39:55,936 | INFO     |   → 492/881: ✅ 52 взято | 🗑️ 130 мусор
2026-05-14 08:39:55,936 | INFO     |   → 493/881: ✅ 19 взято | 🗑️ 76 мусор
2026-05-14 08:39:55,937 | INFO     |   → 494/881: ✅ 0 взято | 🗑️ 0 мусор
2026-05-14 08:39:55,937 | INFO     |   → 495/881: ✅ 0 взято | 🗑️ 76 мусор
2026-05-14 08:39:55,937 | INFO     |   → 496/881: ✅ 58 взято | 🗑️ 348 мусор
2026-05-14 08:39:55,937 | INFO     |   → 497/881: ✅ 1 взято | 🗑️ 231 мусор
2026-05-14 08:39:55,937 | INFO     |   → 498/881: ✅ 0 взято | 🗑️ 0 мусор
2026-05-14 08:39:55,937 | INFO     |   → 499/881: ✅ 1 взято | 🗑️ 83 мусор
2026-05-14 08:39:55,937 | INFO     |   → 500/881: ✅ 0 взято | 🗑️ 16 мусор
2026-05-14 08:39:55,937 | INFO     |   → 501/881: ✅ 0 взято | 🗑️ 16 мусор
2026-05-14 08:39:55,937 | INFO     |   → 502/881 ❌ HTTP 404 — https://raw.githubusercontent.com/aiboboxx/clashfree/main/clash.yml
2026-05-14 08:39:55,937 | INFO     |   → 503/881 ❌ HTTP 404 — https://raw.githubusercontent.com/aiboboxx/v2rayfree/main/v2
2026-05-14 08:39:55,937 | INFO     |   → 504/881 ❌ HTTP 404 — https://raw.githubusercontent.com/amirmohammad-mohammad-88/Sub-Reality-Azadi-config/Config/Azadi-Reality-Different
2026-05-14 08:39:55,937 | INFO     |   → 505/881 ❌ HTTP 404 — https://raw.githubusercontent.com/amirmohammad-mohammad-88/Sub-Reality-Azadi-config/Config/Azadi-Reality-Different-Base64
2026-05-14 08:39:55,937 | INFO     |   → 506/881: ✅ 1 взято | 🗑️ 17 мусор
2026-05-14 08:39:55,937 | INFO     |   → 507/881: ✅ 0 взято | 🗑️ 0 мусор
2026-05-14 08:39:55,937 | INFO     |   → 508/881: ✅ 4 взято | 🗑️ 114 мусор
2026-05-14 08:39:55,937 | INFO     |   → 509/881: ✅ 20 взято | 🗑️ 76 мусор
2026-05-14 08:39:55,937 | INFO     |   → 510/881 ❌ HTTP 404 — https://raw.githubusercontent.com/awesome-vpn/awesome-vpn/master/ss
2026-05-14 08:39:55,937 | INFO     |   → 511/881 ❌ HTTP 404 — https://raw.githubusercontent.com/awesome-vpn/awesome-vpn/master/ssr
2026-05-14 08:39:55,937 | INFO     |   → 512/881: ✅ 0 взято | 🗑️ 0 мусор
2026-05-14 08:39:55,937 | INFO     |   → 513/881: ✅ 1 взято | 🗑️ 22 мусор
2026-05-14 08:39:55,937 | INFO     |   → 514/881: ✅ 0 взято | 🗑️ 221 мусор
2026-05-14 08:39:55,937 | INFO     |   → 515/881 ❌ HTTP 404 — https://raw.githubusercontent.com/barry-far/V2ray-Configs/ced94ddfff48276ec365b40227561f36b1b64bc8/Sub5.txt
2026-05-14 08:39:55,937 | INFO     |   → 516/881 ❌ HTTP 404 — https://raw.githubusercontent.com/barry-far/V2ray-Configs/main/Splitted-By-Protocol/hysteria2.txt
2026-05-14 08:39:55,937 | INFO     |   → 517/881 ❌ HTTP 404 — https://raw.githubusercontent.com/barry-far/V2ray-Configs/main/Splitted-By-Protocol/vless.txt
2026-05-14 08:39:55,937 | INFO     |   → 518/881 ❌ HTTP 404 — https://raw.githubusercontent.com/barry-far/V2ray-Configs/main/Sub1.txt
2026-05-14 08:39:55,937 | INFO     |   → 519/881 ❌ HTTP 404 — https://raw.githubusercontent.com/barry-far/V2ray-Configs/refs/heads/main/All_Configs_Sub.txt
2026-05-14 08:39:55,937 | INFO     |   → 520/881: ✅ 0 взято | 🗑️ 0 мусор
2026-05-14 08:39:55,937 | INFO     |   → 521/881 ❌ HTTP 404 — https://raw.githubusercontent.com/budamu/clashconfig/main/v2ray.txt
2026-05-14 08:39:55,937 | INFO     |   → 522/881 ❌ HTTP 404 — https://raw.githubusercontent.com/budamu/clashconfig/main/v2ray2.txt
2026-05-14 08:39:55,937 | INFO     |   → 523/881: ✅ 0 взято | 🗑️ 0 мусор
2026-05-14 08:39:55,937 | INFO     |   → 524/881: ✅ 0 взято | 🗑️ 442 мусор
2026-05-14 08:39:55,937 | INFO     |   → 525/881: ✅ 0 взято | 🗑️ 0 мусор
2026-05-14 08:39:55,937 | INFO     |   → 526/881 ❌ HTTP 404 — https://raw.githubusercontent.com/chxxyz2004/zd/17fca23b73c46b5dd73e9be49b14d219b5e5f836/sub/2401/240110.txt
2026-05-14 08:39:55,937 | INFO     |   → 527/881: ✅ 0 взято | 🗑️ 44 мусор
2026-05-14 08:39:55,937 | INFO     |   → 528/881: ✅ 236 взято | 🗑️ 517 мусор
2026-05-14 08:39:55,937 | INFO     |   → 529/881 ❌ HTTP 404 — https://raw.githubusercontent.com/cxr9912/cxr2022/main/free.yaml
2026-05-14 08:39:55,937 | INFO     |   → 530/881 ❌ HTTP 404 — https://raw.githubusercontent.com/cxr9912/cxr2022/main/mix.yaml
2026-05-14 08:39:55,938 | INFO     |   → 531/881 ❌ HTTP 404 — https://raw.githubusercontent.com/cxr9912/cxr2022/main/ss.yaml
2026-05-14 08:39:55,938 | INFO     |   → 532/881 ❌ HTTP 404 — https://raw.githubusercontent.com/cxr9912/cxr2022/main/ssr.yaml
2026-05-14 08:39:55,938 | INFO     |   → 533/881 ❌ HTTP 404 — https://raw.githubusercontent.com/cxr9912/cxr2022/main/vmess.yaml
2026-05-14 08:39:55,938 | INFO     |   → 534/881 ❌ HTTP 404 — https://raw.githubusercontent.com/cxr9912/cxr2022/refs/heads/main/18cj.json
2026-05-14 08:39:55,938 | INFO     |   → 535/881 ❌ HTTP 404 — https://raw.githubusercontent.com/cxr9912/cxr2022/refs/heads/main/aaaaaaaa.yaml
2026-05-14 08:39:55,938 | INFO     |   → 536/881 ❌ HTTP 404 — https://raw.githubusercontent.com/cxr9912/cxr2022/refs/heads/main/free.yaml
2026-05-14 08:39:55,938 | INFO     |   → 537/881 ❌ HTTP 404 — https://raw.githubusercontent.com/cxr9912/cxr2022/refs/heads/main/ss2088.txt
2026-05-14 08:39:55,938 | INFO     |   → 538/881: ✅ 0 взято | 🗑️ 18 мусор
2026-05-14 08:39:55,938 | INFO     |   → 539/881: ✅ 0 взято | 🗑️ 18 мусор
2026-05-14 08:39:55,938 | INFO     |   → 540/881: ✅ 6 взято | 🗑️ 78 мусор
2026-05-14 08:39:55,938 | INFO     |   → 541/881: ✅ 6 взято | 🗑️ 4 мусор
2026-05-14 08:39:55,938 | INFO     |   → 542/881: ✅ 0 взято | 🗑️ 2 мусор
2026-05-14 08:39:55,938 | INFO     |   → 543/881: ✅ 0 взято | 🗑️ 2 мусор
2026-05-14 08:39:55,938 | INFO     |   → 544/881: ✅ 0 взято | 🗑️ 2 мусор
2026-05-14 08:39:55,938 | INFO     |   → 545/881: ✅ 0 взято | 🗑️ 3 мусор
2026-05-14 08:39:55,938 | INFO     |   → 546/881: ✅ 0 взято | 🗑️ 2 мусор
2026-05-14 08:39:55,938 | INFO     |   → 547/881: ✅ 0 взято | 🗑️ 9 мусор
2026-05-14 08:39:55,938 | INFO     |   → 548/881: ✅ 1 взято | 🗑️ 1 мусор
2026-05-14 08:39:55,938 | INFO     |   → 549/881: ✅ 0 взято | 🗑️ 10 мусор
2026-05-14 08:39:55,938 | INFO     |   → 550/881: ✅ 0 взято | 🗑️ 2 мусор
2026-05-14 08:39:55,938 | INFO     |   → 551/881: ✅ 0 взято | 🗑️ 0 мусор
2026-05-14 08:39:55,938 | INFO     |   → 552/881: ✅ 145 взято | 🗑️ 3988 мусор
2026-05-14 08:39:55,938 | INFO     |   → 553/881: ✅ 54 взято | 🗑️ 75 мусор
2026-05-14 08:39:55,938 | INFO     |   → 554/881: ✅ 6 взято | 🗑️ 113 мусор
2026-05-14 08:39:55,938 | INFO     |   → 555/881: ✅ 0 взято | 🗑️ 0 мусор
2026-05-14 08:39:55,938 | INFO     |   → 556/881: ✅ 1 взято | 🗑️ 25 мусор
2026-05-14 08:39:55,938 | INFO     |   → 557/881: ✅ 0 взято | 🗑️ 0 мусор
2026-05-14 08:39:55,939 | INFO     |   → 558/881: ✅ 13 взято | 🗑️ 19 мусор
2026-05-14 08:39:55,939 | INFO     |   → 559/881: ✅ 0 взято | 🗑️ 5 мусор
2026-05-14 08:39:55,939 | INFO     |   → 560/881: ✅ 2 взято | 🗑️ 80 мусор
2026-05-14 08:39:55,939 | INFO     |   → 561/881 ❌ HTTP 404 — https://raw.githubusercontent.com/free-nodes/v2rayfree/main/v2
2026-05-14 08:39:55,939 | INFO     |   → 562/881 ❌ HTTP 404 — https://raw.githubusercontent.com/free-v2ray-config/trojan/main/trojan.txt
2026-05-14 08:39:55,939 | INFO     |   → 563/881 ❌ HTTP 404 — https://raw.githubusercontent.com/free-v2ray-config/vless/main/vless.txt
2026-05-14 08:39:55,939 | INFO     |   → 564/881 ❌ HTTP 404 — https://raw.githubusercontent.com/free-v2ray-config/vmess/main/vmess.txt
2026-05-14 08:39:55,939 | INFO     |   → 565/881: ✅ 5 взято | 🗑️ 169 мусор
2026-05-14 08:39:55,939 | INFO     |   → 566/881: ✅ 34 взято | 🗑️ 121 мусор
2026-05-14 08:39:55,939 | INFO     |   → 567/881: ✅ 4 взято | 🗑️ 97 мусор
2026-05-14 08:39:55,939 | INFO     |   → 568/881 ❌ HTTP 404 — https://raw.githubusercontent.com/free18/v2ray/main/Clash.yaml
2026-05-14 08:39:55,939 | INFO     |   → 569/881: ✅ 0 взято | 🗑️ 0 мусор
2026-05-14 08:39:55,939 | INFO     |   → 570/881: ✅ 0 взято | 🗑️ 15 мусор
2026-05-14 08:39:55,939 | INFO     |   → 571/881: ✅ 0 взято | 🗑️ 0 мусор
2026-05-14 08:39:55,939 | INFO     |   → 572/881: ✅ 0 взято | 🗑️ 8 мусор
2026-05-14 08:39:55,940 | INFO     |   → 573/881: ✅ 0 взято | 🗑️ 8 мусор
2026-05-14 08:39:55,940 | INFO     |   → 574/881: ✅ 0 взято | 🗑️ 8 мусор
2026-05-14 08:39:55,940 | INFO     |   → 575/881: ✅ 0 взято | 🗑️ 8 мусор
2026-05-14 08:39:55,940 | INFO     |   → 576/881 ❌ HTTP 404 — https://raw.githubusercontent.com/freev2rayconfig/V2RAY_SUB/3e6a7786a1601ee3723e8d043ae79e70dbdfd9a8/v2rayconfigs.txt
2026-05-14 08:39:55,940 | INFO     |   → 577/881 ❌ HTTP 404 — https://raw.githubusercontent.com/freev2rayconfig/V2RAY_SUBSCRIPTION_LINK/main/v2rayconfigs.txt
2026-05-14 08:39:55,940 | INFO     |   → 578/881 ❌ HTTP 404 — https://raw.githubusercontent.com/gfpcom/free-proxy-list/main/list/http.txt
2026-05-14 08:39:55,940 | INFO     |   → 579/881 ❌ HTTP 404 — https://raw.githubusercontent.com/gfpcom/free-proxy-list/main/list/https.txt
2026-05-14 08:39:55,940 | INFO     |   → 580/881 ❌ HTTP 404 — https://raw.githubusercontent.com/gfpcom/free-proxy-list/main/list/socks4.txt
2026-05-14 08:39:55,940 | INFO     |   → 581/881 ❌ HTTP 404 — https://raw.githubusercontent.com/gfpcom/free-proxy-list/main/list/socks4a.txt
2026-05-14 08:39:55,940 | INFO     |   → 582/881 ❌ HTTP 404 — https://raw.githubusercontent.com/gfpcom/free-proxy-list/main/list/socks5.txt
2026-05-14 08:39:55,940 | INFO     |   → 583/881 ❌ HTTP 404 — https://raw.githubusercontent.com/gfpcom/free-proxy-list/main/list/socks5h.txt
2026-05-14 08:39:55,940 | INFO     |   → 584/881 ❌ HTTP 404 — https://raw.githubusercontent.com/gfpcom/free-proxy-list/main/list/ss.txt
2026-05-14 08:39:55,940 | INFO     |   → 585/881 ❌ HTTP 404 — https://raw.githubusercontent.com/gfpcom/free-proxy-list/main/list/ssr.txt
2026-05-14 08:39:55,940 | INFO     |   → 586/881 ❌ HTTP 404 — https://raw.githubusercontent.com/gfpcom/free-proxy-list/main/list/trojan.txt
2026-05-14 08:39:55,940 | INFO     |   → 587/881 ❌ HTTP 404 — https://raw.githubusercontent.com/gfpcom/free-proxy-list/main/list/vless.txt
2026-05-14 08:39:55,940 | INFO     |   → 588/881 ❌ HTTP 404 — https://raw.githubusercontent.com/gfpcom/free-proxy-list/main/list/vmess.txt
2026-05-14 08:39:55,940 | INFO     |   → 589/881: ✅ 0 взято | 🗑️ 17 мусор
2026-05-14 08:39:55,941 | INFO     |   → 590/881: ✅ 0 взято | 🗑️ 0 мусор
2026-05-14 08:39:55,941 | INFO     |   → 591/881: ✅ 4 взято | 🗑️ 63 мусор
2026-05-14 08:39:55,941 | INFO     |   → 592/881 ❌ HTTP 404 — https://raw.githubusercontent.com/hameed-maleki/TVC/89a4522969c57dcc22458cae9898426e5c4f2679/lite/config.txt
2026-05-14 08:39:55,941 | INFO     |   → 593/881: ✅ 5 взято | 🗑️ 132 мусор
2026-05-14 08:39:55,941 | INFO     |   → 594/881: ✅ 0 взято | 🗑️ 56 мусор
2026-05-14 08:39:55,941 | INFO     |   → 595/881 ❌ HTTP 404 — https://raw.githubusercontent.com/hkaa0/permalink/main/proxy/V2ray
2026-05-14 08:39:55,941 | INFO     |   → 596/881 ❌ HTTP 404 — https://raw.githubusercontent.com/hkaa0/permalink/main/proxy/clash
2026-05-14 08:39:55,941 | INFO     |   → 597/881 ❌ HTTP 404 — https://raw.githubusercontent.com/hkpc/Autoproxy/6cf946ddfc677a29062007e4b47d70674474baa7/sub/2401/240110.txt
2026-05-14 08:39:55,941 | INFO     |   → 598/881 ❌ HTTP 404 — https://raw.githubusercontent.com/hkpc/V2ray-Configs/7d9aa0dabf947af180a7dd6302818ed37950531a/Sub1.txt
2026-05-14 08:39:55,941 | INFO     |   → 599/881: ✅ 0 взято | 🗑️ 14 мусор
2026-05-14 08:39:55,941 | INFO     |   → 600/881: ✅ 16 взято | 🗑️ 16 мусор
2026-05-14 08:39:55,941 | INFO     |   → 601/881 ❌ HTTP 404 — https://raw.githubusercontent.com/iboxz/free-v2ray-collector/main/main
2026-05-14 08:39:55,941 | INFO     |   → 602/881: ✅ 10 взято | 🗑️ 11 мусор
2026-05-14 08:39:55,941 | INFO     |   → 603/881: ✅ 8 взято | 🗑️ 8 мусор
2026-05-14 08:39:55,941 | INFO     |   → 604/881: ✅ 56 взято | 🗑️ 249 мусор
2026-05-14 08:39:55,942 | INFO     |   → 605/881 ❌ HTTP 404 — https://raw.githubusercontent.com/igareck/vpn-configs-for-russia/refs/heads/main/Vless-Reality-White-Lists-Rus-Cable.txt
2026-05-14 08:39:55,942 | INFO     |   → 606/881: ✅ 87 взято | 🗑️ 39 мусор
2026-05-14 08:39:55,942 | INFO     |   → 607/881: ✅ 0 взято | 🗑️ 0 мусор
2026-05-14 08:39:55,942 | INFO     |   → 608/881: ✅ 0 взято | 🗑️ 0 мусор
2026-05-14 08:39:55,942 | INFO     |   → 609/881: ✅ 23 взято | 🗑️ 9 мусор
2026-05-14 08:39:55,942 | INFO     |   → 610/881: ✅ 0 взято | 🗑️ 0 мусор
2026-05-14 08:39:55,942 | INFO     |   → 611/881: ✅ 0 взято | 🗑️ 0 мусор
2026-05-14 08:39:55,942 | INFO     |   → 612/881: ✅ 0 взято | 🗑️ 12 мусор
2026-05-14 08:39:55,942 | INFO     |   → 613/881: ✅ 0 взято | 🗑️ 43 мусор
2026-05-14 08:39:55,942 | INFO     |   → 614/881 ❌ HTTP 404 — https://raw.githubusercontent.com/jw853355718/clash_233/master/config.yml
2026-05-14 08:39:55,942 | INFO     |   → 615/881: ✅ 0 взято | 🗑️ 210 мусор
2026-05-14 08:39:55,942 | INFO     |   → 616/881: ✅ 0 взято | 🗑️ 0 мусор
2026-05-14 08:39:55,942 | INFO     |   → 617/881: ✅ 0 взято | 🗑️ 0 мусор
2026-05-14 08:39:55,942 | INFO     |   → 618/881 ❌ HTTP 404 — https://raw.githubusercontent.com/lcx12901/v2ray-/master/sspool.herokuapp.com/yzcloud.yaml
2026-05-14 08:39:55,942 | INFO     |   → 619/881 ❌ HTTP 404 — https://raw.githubusercontent.com/lcx12901/v2ray-/master/sspool.herokuapp.com/yzcloud2.yaml
2026-05-14 08:39:55,942 | INFO     |   → 620/881: ✅ 0 взято | 🗑️ 0 мусор
2026-05-14 08:39:55,942 | INFO     |   → 621/881 ❌ HTTP 404 — https://raw.githubusercontent.com/learnhard-cn/free_proxy_ss/main/clash/config.yaml
2026-05-14 08:39:55,942 | INFO     |   → 622/881: ✅ 0 взято | 🗑️ 8 мусор
2026-05-14 08:39:55,942 | INFO     |   → 623/881: ✅ 0 взято | 🗑️ 4 мусор
2026-05-14 08:39:55,942 | INFO     |   → 624/881: ✅ 0 взято | 🗑️ 0 мусор
2026-05-14 08:39:55,942 | INFO     |   → 625/881: ✅ 0 взято | 🗑️ 4 мусор
2026-05-14 08:39:55,942 | INFO     |   → 626/881: ✅ 0 взято | 🗑️ 149 мусор
2026-05-14 08:39:55,942 | INFO     |   → 627/881: ✅ 0 взято | 🗑️ 421 мусор
2026-05-14 08:39:55,942 | INFO     |   → 628/881 ❌ HTTP 404 — https://raw.githubusercontent.com/lisylva-lee/v2dyku/main/ssr
2026-05-14 08:39:55,942 | INFO     |   → 629/881 ❌ HTTP 404 — https://raw.githubusercontent.com/lisylva-lee/v2dyku/main/v2dy
2026-05-14 08:39:55,942 | INFO     |   → 630/881: ✅ 0 взято | 🗑️ 53 мусор
2026-05-14 08:39:55,942 | INFO     |   → 631/881 ❌ HTTP 404 — https://raw.githubusercontent.com/luxl-1379/merge/77247d23def72b25226dfa741614e9b07a569c72/sub/sub_merge_base64.txt
2026-05-14 08:39:55,942 | INFO     |   → 632/881: ✅ 146 взято | 🗑️ 343 мусор
2026-05-14 08:39:55,942 | INFO     |   → 633/881: ✅ 0 взято | 🗑️ 122 мусор
2026-05-14 08:39:55,942 | INFO     |   → 634/881: ✅ 931 взято | 🗑️ 3960 мусор
2026-05-14 08:39:55,943 | INFO     |   → 635/881: ✅ 0 взято | 🗑️ 0 мусор
2026-05-14 08:39:55,943 | INFO     |   → 636/881: ✅ 0 взято | 🗑️ 3960 мусор
2026-05-14 08:39:55,943 | INFO     |   → 637/881: ✅ 20 взято | 🗑️ 370 мусор
2026-05-14 08:39:55,943 | INFO     |   → 638/881 ❌ HTTP 404 — https://raw.githubusercontent.com/mermeroo/Clash-V2ray/main/v2ray
2026-05-14 08:39:55,943 | INFO     |   → 639/881: ✅ 15 взято | 🗑️ 417 мусор
2026-05-14 08:39:55,943 | INFO     |   → 640/881: ✅ 6 взято | 🗑️ 102 мусор
2026-05-14 08:39:55,943 | INFO     |   → 641/881: ✅ 716 взято | 🗑️ 6258 мусор
2026-05-14 08:39:55,943 | INFO     |   → 642/881: ✅ 8 взято | 🗑️ 853 мусор
2026-05-14 08:39:55,943 | INFO     |   → 643/881: ✅ 32 взято | 🗑️ 69 мусор
2026-05-14 08:39:55,943 | INFO     |   → 644/881 ❌ HTTP 404 — https://raw.githubusercontent.com/mermeroo/free-v2ray-collector/main/main/mix
2026-05-14 08:39:55,943 | INFO     |   → 645/881 ❌ HTTP 404 — https://raw.githubusercontent.com/mermeroo/free-v2ray-collector/main/main/reality
2026-05-14 08:39:55,943 | INFO     |   → 646/881 ❌ HTTP 404 — https://raw.githubusercontent.com/mermeroo/free-v2ray-collector/main/main/shadowsocks
2026-05-14 08:39:55,943 | INFO     |   → 647/881 ❌ HTTP 404 — https://raw.githubusercontent.com/mermeroo/free-v2ray-collector/main/main/trojan
2026-05-14 08:39:55,943 | INFO     |   → 648/881 ❌ HTTP 404 — https://raw.githubusercontent.com/mermeroo/free-v2ray-collector/main/main/vless
2026-05-14 08:39:55,943 | INFO     |   → 649/881 ❌ HTTP 404 — https://raw.githubusercontent.com/mermeroo/free-v2ray-collector/main/main/vmess
2026-05-14 08:39:55,943 | INFO     |   → 650/881 ❌ HTTP 404 — https://raw.githubusercontent.com/mfuu/v2ray/master/merge/merge.txt
2026-05-14 08:39:55,943 | INFO     |   → 651/881: ✅ 0 взято | 🗑️ 295 мусор
2026-05-14 08:39:55,943 | INFO     |   → 652/881: ✅ 0 взято | 🗑️ 295 мусор
2026-05-14 08:39:55,943 | INFO     |   → 653/881: ✅ 519 взято | 🗑️ 13869 мусор
2026-05-14 08:39:55,943 | INFO     |   → 654/881: ✅ 0 взято | 🗑️ 13869 мусор
2026-05-14 08:39:55,943 | INFO     |   → 655/881: ✅ 0 взято | 🗑️ 3077 мусор
2026-05-14 08:39:55,943 | INFO     |   → 656/881: ✅ 0 взято | 🗑️ 1801 мусор
2026-05-14 08:39:55,943 | INFO     |   → 657/881: ✅ 0 взято | 🗑️ 4714 мусор
2026-05-14 08:39:55,943 | INFO     |   → 658/881: ✅ 0 взято | 🗑️ 4277 мусор
2026-05-14 08:39:55,943 | INFO     |   → 659/881 ❌ HTTP 404 — https://raw.githubusercontent.com/mianous/qiren/main/qiren.txt
2026-05-14 08:39:55,943 | INFO     |   → 660/881 ❌ HTTP 404 — https://raw.githubusercontent.com/miladtahanian/V2RayCFGDumper/refs/heads/main/config.txt
2026-05-14 08:39:55,943 | INFO     |   → 661/881 ❌ HTTP 404 — https://raw.githubusercontent.com/miladtahanian/multi-proxy-config-fetcher/refs/heads/main/configs/proxy_configs.txt
2026-05-14 08:39:55,944 | INFO     |   → 662/881: ✅ 0 взято | 🗑️ 0 мусор
2026-05-14 08:39:55,944 | INFO     |   → 663/881: ✅ 0 взято | 🗑️ 0 мусор
2026-05-14 08:39:55,944 | INFO     |   → 664/881: ✅ 0 взято | 🗑️ 0 мусор
2026-05-14 08:39:55,944 | INFO     |   → 665/881: ✅ 15 взято | 🗑️ 46 мусор
2026-05-14 08:39:55,944 | INFO     |   → 666/881: ✅ 0 взято | 🗑️ 249 мусор
2026-05-14 08:39:55,944 | INFO     |   → 667/881: ✅ 0 взято | 🗑️ 0 мусор
2026-05-14 08:39:55,944 | INFO     |   → 668/881: ✅ 28 взято | 🗑️ 93 мусор
2026-05-14 08:39:55,944 | INFO     |   → 669/881: ✅ 0 взято | 🗑️ 0 мусор
2026-05-14 08:39:55,944 | INFO     |   → 670/881: ✅ 15 взято | 🗑️ 70 мусор
2026-05-14 08:39:55,944 | INFO     |   → 671/881: ✅ 127 взято | 🗑️ 492 мусор
2026-05-14 08:39:55,944 | INFO     |   → 672/881: ✅ 331 взято | 🗑️ 190 мусор
2026-05-14 08:39:55,944 | INFO     |   → 673/881: ✅ 27 взято | 🗑️ 1034 мусор
2026-05-14 08:39:55,944 | INFO     |   → 674/881 ❌ HTTP 404 — https://raw.githubusercontent.com/obscure1990/freeVM/master/snippets/nodes.yml
2026-05-14 08:39:55,944 | INFO     |   → 675/881 ❌ HTTP 404 — https://raw.githubusercontent.com/op30mmd/things/909b38024ba14d69dc0f95c238f63bc6e930a00f/eut.txt
2026-05-14 08:39:55,944 | INFO     |   → 676/881 ❌ HTTP 404 — https://raw.githubusercontent.com/openRunner/clash-freenode/main/v2ray.txt
2026-05-14 08:39:55,944 | INFO     |   → 677/881 ❌ HTTP 404 — https://raw.githubusercontent.com/oslook/clash-freenode/main/clash.yaml
2026-05-14 08:39:55,945 | INFO     |   → 678/881: ✅ 0 взято | 🗑️ 0 мусор
2026-05-14 08:39:55,945 | INFO     |   → 679/881: ✅ 4 взято | 🗑️ 1 мусор
2026-05-14 08:39:55,945 | INFO     |   → 680/881: ✅ 0 взято | 🗑️ 0 мусор
2026-05-14 08:39:55,945 | INFO     |   → 681/881: ✅ 20 взято | 🗑️ 181 мусор
2026-05-14 08:39:55,945 | INFO     |   → 682/881: ✅ 0 взято | 🗑️ 0 мусор
2026-05-14 08:39:55,945 | INFO     |   → 683/881: ✅ 0 взято | 🗑️ 0 мусор
2026-05-14 08:39:55,945 | INFO     |   → 684/881: ✅ 0 взято | 🗑️ 19 мусор
2026-05-14 08:39:55,945 | INFO     |   → 685/881: ✅ 0 взято | 🗑️ 44 мусор
2026-05-14 08:39:55,945 | INFO     |   → 686/881: ✅ 63 взято | 🗑️ 521 мусор
2026-05-14 08:39:55,945 | INFO     |   → 687/881: ✅ 165 взято | 🗑️ 273 мусор
2026-05-14 08:39:55,945 | INFO     |   → 688/881: ✅ 0 взято | 🗑️ 0 мусор
2026-05-14 08:39:55,945 | INFO     |   → 689/881: ✅ 28 взято | 🗑️ 211 мусор
2026-05-14 08:39:55,945 | INFO     |   → 690/881: ✅ 0 взято | 🗑️ 79 мусор
2026-05-14 08:39:55,945 | INFO     |   → 691/881: ✅ 13 взято | 🗑️ 32 мусор
2026-05-14 08:39:55,945 | INFO     |   → 692/881: ✅ 0 взято | 🗑️ 0 мусор
2026-05-14 08:39:55,945 | INFO     |   → 693/881: ✅ 2 взято | 🗑️ 9 мусор
2026-05-14 08:39:55,946 | INFO     |   → 694/881: ✅ 11 взято | 🗑️ 76 мусор
2026-05-14 08:39:55,946 | INFO     |   → 695/881: ✅ 0 взято | 🗑️ 168 мусор
2026-05-14 08:39:55,946 | INFO     |   → 696/881: ✅ 0 взято | 🗑️ 79 мусор
2026-05-14 08:39:55,946 | INFO     |   → 697/881: ✅ 0 взято | 🗑️ 16 мусор
2026-05-14 08:39:55,946 | INFO     |   → 698/881 ❌ HTTP 404 — https://raw.githubusercontent.com/ronghuaxueleng/get_v2/main/pub/changfengoss.yaml
2026-05-14 08:39:55,946 | INFO     |   → 699/881: ✅ 0 взято | 🗑️ 0 мусор
2026-05-14 08:39:55,946 | INFO     |   → 700/881: ✅ 54 взято | 🗑️ 93 мусор
2026-05-14 08:39:55,946 | INFO     |   → 701/881: ✅ 0 взято | 🗑️ 93 мусор
2026-05-14 08:39:55,946 | INFO     |   → 702/881 ❌ HTTP 404 — https://raw.githubusercontent.com/rxsweet/CM_Vmess/refs/heads/main/test.txt
2026-05-14 08:39:55,946 | INFO     |   → 703/881 ❌ HTTP 404 — https://raw.githubusercontent.com/rxsweet/proxies/main/sub/free.yaml
2026-05-14 08:39:55,946 | INFO     |   → 704/881 ❌ HTTP 404 — https://raw.githubusercontent.com/rxsweet/proxies/main/sub/rx.yaml
2026-05-14 08:39:55,946 | INFO     |   → 705/881 ❌ HTTP 404 — https://raw.githubusercontent.com/rxsweet/proxies/main/sub/sources/dynamicAll.yaml
2026-05-14 08:39:55,946 | INFO     |   → 706/881 ❌ HTTP 404 — https://raw.githubusercontent.com/rxsweet/proxies/main/sub/sources/miningAll.yaml
2026-05-14 08:39:55,946 | INFO     |   → 707/881 ❌ HTTP 404 — https://raw.githubusercontent.com/rxsweet/proxies/main/sub/srx.yaml
2026-05-14 08:39:55,946 | INFO     |   → 708/881 ❌ HTTP 404 — https://raw.githubusercontent.com/sajad-sajadi/V2ray-Collector/raw/main/output/protocols/vmess.txt
2026-05-14 08:39:55,946 | INFO     |   → 709/881 ❌ HTTP 404 — https://raw.githubusercontent.com/sakha1370/OpenRay/raw/refs/heads/main/output/all_valid_proxies.txt
2026-05-14 08:39:55,947 | INFO     |   → 710/881: ✅ 53 взято | 🗑️ 399 мусор
2026-05-14 08:39:55,947 | INFO     |   → 711/881: ✅ 0 взято | 🗑️ 399 мусор
2026-05-14 08:39:55,947 | INFO     |   → 712/881 ❌ HTTP 404 — https://raw.githubusercontent.com/samjoeyang/subscribe/main/fly
2026-05-14 08:39:55,947 | INFO     |   → 713/881: ✅ 0 взято | 🗑️ 0 мусор
2026-05-14 08:39:55,947 | INFO     |   → 714/881 ❌ HTTP 404 — https://raw.githubusercontent.com/sarina-ad/v2ray/main/v2ray
2026-05-14 08:39:55,947 | INFO     |   → 715/881 ❌ HTTP 404 — https://raw.githubusercontent.com/satrom/V2SSR/master/SSR/Sub.txt
2026-05-14 08:39:55,947 | INFO     |   → 716/881 ❌ HTTP 404 — https://raw.githubusercontent.com/satrom/V2SSR/master/V2RAY/Sub.txt
2026-05-14 08:39:55,947 | INFO     |   → 717/881: ✅ 633 взято | 🗑️ 25736 мусор
2026-05-14 08:39:55,947 | INFO     |   → 718/881: ✅ 0 взято | 🗑️ 0 мусор
2026-05-14 08:39:55,947 | INFO     |   → 719/881: ✅ 0 взято | 🗑️ 0 мусор
2026-05-14 08:39:55,947 | INFO     |   → 720/881: ✅ 3 взято | 🗑️ 49 мусор
2026-05-14 08:39:55,947 | INFO     |   → 721/881: ✅ 122 взято | 🗑️ 1359 мусор
2026-05-14 08:39:55,947 | INFO     |   → 722/881: ✅ 0 взято | 🗑️ 682 мусор
2026-05-14 08:39:55,947 | INFO     |   → 723/881: ✅ 0 взято | 🗑️ 50 мусор
2026-05-14 08:39:55,947 | INFO     |   → 724/881: ✅ 0 взято | 🗑️ 611 мусор
2026-05-14 08:39:55,947 | INFO     |   → 725/881: ✅ 0 взято | 🗑️ 16 мусор
2026-05-14 08:39:55,948 | INFO     |   → 726/881: ✅ 0 взято | 🗑️ 1359 мусор
2026-05-14 08:39:55,948 | INFO     |   → 727/881: ✅ 0 взято | 🗑️ 0 мусор
2026-05-14 08:39:55,948 | INFO     |   → 728/881 ❌ HTTP 404 — https://raw.githubusercontent.com/shirkerboy/scp/main/sub
2026-05-14 08:39:55,948 | INFO     |   → 729/881 ❌ HTTP 404 — https://raw.githubusercontent.com/snakem982/proxypool/main/nodelist.txt
2026-05-14 08:39:55,948 | INFO     |   → 730/881: ✅ 13 взято | 🗑️ 27 мусор
2026-05-14 08:39:55,948 | INFO     |   → 731/881 ❌ HTTP 404 — https://raw.githubusercontent.com/snakem982/proxypool/main/source/v2ray.txt
2026-05-14 08:39:55,948 | INFO     |   → 732/881 ❌ HTTP 404 — https://raw.githubusercontent.com/soroushmirzaei/telegram-configs-collector/main/channels/protocols/hysteria
2026-05-14 08:39:55,948 | INFO     |   → 733/881 ❌ HTTP 404 — https://raw.githubusercontent.com/soroushmirzaei/telegram-configs-collector/main/channels/protocols/juicity
2026-05-14 08:39:55,948 | INFO     |   → 734/881 ❌ HTTP 404 — https://raw.githubusercontent.com/soroushmirzaei/telegram-configs-collector/main/channels/protocols/reality
2026-05-14 08:39:55,948 | INFO     |   → 735/881 ❌ HTTP 404 — https://raw.githubusercontent.com/soroushmirzaei/telegram-configs-collector/main/channels/protocols/shadowsocks
2026-05-14 08:39:55,948 | INFO     |   → 736/881 ❌ HTTP 404 — https://raw.githubusercontent.com/soroushmirzaei/telegram-configs-collector/main/channels/protocols/trojan
2026-05-14 08:39:55,948 | INFO     |   → 737/881 ❌ HTTP 404 — https://raw.githubusercontent.com/soroushmirzaei/telegram-configs-collector/main/channels/protocols/tuic
2026-05-14 08:39:55,948 | INFO     |   → 738/881 ❌ HTTP 404 — https://raw.githubusercontent.com/soroushmirzaei/telegram-configs-collector/main/channels/protocols/vless
2026-05-14 08:39:55,948 | INFO     |   → 739/881 ❌ HTTP 404 — https://raw.githubusercontent.com/soroushmirzaei/telegram-configs-collector/main/channels/protocols/vmess
2026-05-14 08:39:55,948 | INFO     |   → 740/881 ❌ HTTP 404 — https://raw.githubusercontent.com/soroushmirzaei/telegram-configs-collector/main/countries/jp/mixed
2026-05-14 08:39:55,948 | INFO     |   → 741/881 ❌ HTTP 404 — https://raw.githubusercontent.com/soroushmirzaei/telegram-configs-collector/main/protocols/hysteria
2026-05-14 08:39:55,949 | INFO     |   → 742/881 ❌ HTTP 404 — https://raw.githubusercontent.com/soroushmirzaei/telegram-configs-collector/main/protocols/juicity
2026-05-14 08:39:55,949 | INFO     |   → 743/881 ❌ HTTP 404 — https://raw.githubusercontent.com/soroushmirzaei/telegram-configs-collector/main/protocols/reality
2026-05-14 08:39:55,949 | INFO     |   → 744/881 ❌ HTTP 404 — https://raw.githubusercontent.com/soroushmirzaei/telegram-configs-collector/main/protocols/shadowsocks
2026-05-14 08:39:55,949 | INFO     |   → 745/881 ❌ HTTP 404 — https://raw.githubusercontent.com/soroushmirzaei/telegram-configs-collector/main/protocols/trojan
2026-05-14 08:39:55,949 | INFO     |   → 746/881 ❌ HTTP 404 — https://raw.githubusercontent.com/soroushmirzaei/telegram-configs-collector/main/protocols/tuic
2026-05-14 08:39:55,949 | INFO     |   → 747/881 ❌ HTTP 404 — https://raw.githubusercontent.com/soroushmirzaei/telegram-configs-collector/main/protocols/vless
2026-05-14 08:39:55,949 | INFO     |   → 748/881 ❌ HTTP 404 — https://raw.githubusercontent.com/soroushmirzaei/telegram-configs-collector/main/protocols/vmess
2026-05-14 08:39:55,949 | INFO     |   → 749/881 ❌ HTTP 404 — https://raw.githubusercontent.com/soroushmirzaei/telegram-configs-collector/main/splitted/subscribe
2026-05-14 08:39:55,949 | INFO     |   → 750/881 ❌ HTTP 404 — https://raw.githubusercontent.com/ssrsub/ssr/master/Clash.yml
2026-05-14 08:39:55,949 | INFO     |   → 751/881 ❌ HTTP 404 — https://raw.githubusercontent.com/ssrsub/ssr/master/V2Ray
2026-05-14 08:39:55,949 | INFO     |   → 752/881 ❌ HTTP 404 — https://raw.githubusercontent.com/ssrsub/ssr/master/ss-sub
2026-05-14 08:39:55,949 | INFO     |   → 753/881 ❌ HTTP 404 — https://raw.githubusercontent.com/ssrsub/ssr/master/ssrsub
2026-05-14 08:39:55,949 | INFO     |   → 754/881 ❌ HTTP 404 — https://raw.githubusercontent.com/ssrsub/ssr/master/trojan
2026-05-14 08:39:55,949 | INFO     |   → 755/881: ✅ 0 взято | 🗑️ 0 мусор
2026-05-14 08:39:55,949 | INFO     |   → 756/881: ✅ 2 взято | 🗑️ 12 мусор
2026-05-14 08:39:55,949 | INFO     |   → 757/881: ✅ 0 взято | 🗑️ 13 мусор
2026-05-14 08:39:55,950 | INFO     |   → 758/881: ✅ 0 взято | 🗑️ 13 мусор
2026-05-14 08:39:55,950 | INFO     |   → 759/881 ❌ HTTP 404 — https://raw.githubusercontent.com/tbbatbb/Proxy/master/dist/clash.config.yaml
2026-05-14 08:39:55,950 | INFO     |   → 760/881: ✅ 2 взято | 🗑️ 35 мусор
2026-05-14 08:39:55,950 | INFO     |   → 761/881: ✅ 0 взято | 🗑️ 0 мусор
2026-05-14 08:39:55,950 | INFO     |   → 762/881: ✅ 5 взято | 🗑️ 111 мусор
2026-05-14 08:39:55,950 | INFO     |   → 763/881: ✅ 0 взято | 🗑️ 0 мусор
2026-05-14 08:39:55,950 | INFO     |   → 764/881: ✅ 0 взято | 🗑️ 127 мусор
2026-05-14 08:39:55,950 | INFO     |   → 765/881 ❌ HTTP 404 — https://raw.githubusercontent.com/v2clash/Autoproxy/a81f840ab2364124133572ec94e4b81fb0d4e58d/sub/2401/240104.txt
2026-05-14 08:39:55,950 | INFO     |   → 766/881 ❌ HTTP 404 — https://raw.githubusercontent.com/v2clash/V2ray-Configs/31f493c584d0c7b56350f4a34d80c53ad82bcc18/Sub9.txt
2026-05-14 08:39:55,950 | INFO     |   → 767/881: ✅ 0 взято | 🗑️ 0 мусор
2026-05-14 08:39:55,950 | INFO     |   → 768/881: ✅ 0 взято | 🗑️ 0 мусор
2026-05-14 08:39:55,950 | INFO     |   → 769/881: ✅ 0 взято | 🗑️ 0 мусор
2026-05-14 08:39:55,950 | INFO     |   → 770/881: ✅ 283 взято | 🗑️ 9640 мусор
2026-05-14 08:39:55,950 | INFO     |   → 771/881: ✅ 281 взято | 🗑️ 10086 мусор
2026-05-14 08:39:55,950 | INFO     |   → 772/881: ✅ 280 взято | 🗑️ 9675 мусор
2026-05-14 08:39:55,950 | INFO     |   → 773/881: ✅ 334 взято | 🗑️ 9823 мусор
2026-05-14 08:39:55,951 | INFO     |   → 774/881: ✅ 350 взято | 🗑️ 9639 мусор
2026-05-14 08:39:55,951 | INFO     |   → 775/881: ✅ 125 взято | 🗑️ 7919 мусор
2026-05-14 08:39:55,951 | INFO     |   → 776/881: ✅ 135 взято | 🗑️ 4836 мусор
2026-05-14 08:39:55,951 | INFO     |   → 777/881: ✅ 502 взято | 🗑️ 7659 мусор
2026-05-14 08:39:55,951 | INFO     |   → 778/881: ✅ 631 взято | 🗑️ 8081 мусор
2026-05-14 08:39:55,951 | INFO     |   → 779/881: ✅ 202 взято | 🗑️ 5131 мусор
2026-05-14 08:39:55,951 | INFO     |   → 780/881 ❌ HTTP 404 — https://raw.githubusercontent.com/vveg26/chromego_merge/main/sub/merged_proxies.yaml
2026-05-14 08:39:55,951 | INFO     |   → 781/881 ❌ HTTP 404 — https://raw.githubusercontent.com/vveg26/get_proxy/main/dist/clash.config.yaml
2026-05-14 08:39:55,951 | INFO     |   → 782/881: ✅ 0 взято | 🗑️ 10 мусор
2026-05-14 08:39:55,951 | INFO     |   → 783/881: ✅ 0 взято | 🗑️ 10 мусор
2026-05-14 08:39:55,951 | INFO     |   → 784/881: ✅ 0 взято | 🗑️ 4 мусор
2026-05-14 08:39:55,951 | INFO     |   → 785/881: ✅ 0 взято | 🗑️ 0 мусор
2026-05-14 08:39:55,951 | INFO     |   → 786/881: ✅ 0 взято | 🗑️ 4 мусор
2026-05-14 08:39:55,951 | INFO     |   → 787/881: ✅ 106 взято | 🗑️ 689 мусор
2026-05-14 08:39:55,951 | INFO     |   → 788/881: ✅ 48 взято | 🗑️ 841 мусор
2026-05-14 08:39:55,951 | INFO     |   → 789/881: ✅ 21 взято | 🗑️ 789 мусор
2026-05-14 08:39:55,951 | INFO     |   → 790/881: ✅ 24 взято | 🗑️ 774 мусор
2026-05-14 08:39:55,951 | INFO     |   → 791/881: ✅ 52 взято | 🗑️ 756 мусор
2026-05-14 08:39:55,951 | INFO     |   → 792/881: ✅ 191 взято | 🗑️ 745 мусор
2026-05-14 08:39:55,951 | INFO     |   → 793/881: ✅ 9 взято | 🗑️ 651 мусор
2026-05-14 08:39:55,951 | INFO     |   → 794/881: ✅ 185 взято | 🗑️ 388 мусор
2026-05-14 08:39:55,951 | INFO     |   → 795/881: ✅ 130 взято | 🗑️ 523 мусор
2026-05-14 08:39:55,951 | INFO     |   → 796/881: ✅ 67 взято | 🗑️ 533 мусор
2026-05-14 08:39:55,951 | INFO     |   → 797/881: ✅ 98 взято | 🗑️ 444 мусор
2026-05-14 08:39:55,951 | INFO     |   → 798/881: ✅ 102 взято | 🗑️ 670 мусор
2026-05-14 08:39:55,951 | INFO     |   → 799/881: ✅ 86 взято | 🗑️ 476 мусор
2026-05-14 08:39:55,951 | INFO     |   → 800/881: ✅ 95 взято | 🗑️ 657 мусор
2026-05-14 08:39:55,951 | INFO     |   → 801/881: ✅ 105 взято | 🗑️ 645 мусор
2026-05-14 08:39:55,951 | INFO     |   → 802/881: ✅ 115 взято | 🗑️ 985 мусор
2026-05-14 08:39:55,951 | INFO     |   → 803/881: ✅ 6 взято | 🗑️ 63 мусор
2026-05-14 08:39:55,951 | INFO     |   → 804/881: ✅ 7 взято | 🗑️ 62 мусор
2026-05-14 08:39:55,951 | INFO     |   → 805/881: ✅ 39 взято | 🗑️ 489 мусор
2026-05-14 08:39:55,951 | INFO     |   → 806/881: ✅ 0 взято | 🗑️ 0 мусор
2026-05-14 08:39:55,952 | INFO     |   → 807/881: ✅ 0 взято | 🗑️ 0 мусор
2026-05-14 08:39:55,952 | INFO     |   → 808/881: ✅ 0 взято | 🗑️ 0 мусор
2026-05-14 08:39:55,952 | INFO     |   → 809/881: ✅ 0 взято | 🗑️ 0 мусор
2026-05-14 08:39:55,952 | INFO     |   → 810/881: ✅ 0 взято | 🗑️ 0 мусор
2026-05-14 08:39:55,952 | INFO     |   → 811/881: ✅ 0 взято | 🗑️ 52 мусор
2026-05-14 08:39:55,952 | INFO     |   → 812/881: ✅ 5 взято | 🗑️ 10 мусор
2026-05-14 08:39:55,952 | INFO     |   → 813/881: ✅ 1 взято | 🗑️ 124 мусор
2026-05-14 08:39:55,952 | INFO     |   → 814/881: ✅ 103 взято | 🗑️ 101 мусор
2026-05-14 08:39:55,952 | INFO     |   → 815/881: ✅ 0 взято | 🗑️ 9 мусор
2026-05-14 08:39:55,952 | INFO     |   → 816/881: ✅ 39 взято | 🗑️ 505 мусор
2026-05-14 08:39:55,952 | INFO     |   → 817/881 ❌ HTTP 404 — https://raw.githubusercontent.com/xiaozhu2007/xiaozhu2007/61a755a044dbaeea678bc2d1e20f21a21c6d7170/docs/fxxk.txt
2026-05-14 08:39:55,952 | INFO     |   → 818/881: ✅ 1 взято | 🗑️ 159 мусор
2026-05-14 08:39:55,952 | INFO     |   → 819/881: ✅ 0 взято | 🗑️ 22 мусор
2026-05-14 08:39:55,952 | INFO     |   → 820/881: ✅ 0 взято | 🗑️ 0 мусор
2026-05-14 08:39:55,952 | INFO     |   → 821/881 ❌ HTTP 404 — https://raw.githubusercontent.com/yebekhe/TVC/0f745f92bf381e505f1245abbc7c145b19b11503/config.txt
2026-05-14 08:39:55,952 | INFO     |   → 822/881 ❌ HTTP 404 — https://raw.githubusercontent.com/yebekhe/TVC/9fac69239c69327fb7a61f5a8d79d107133889e1/lite/config.txt
2026-05-14 08:39:55,952 | INFO     |   → 823/881 ❌ HTTP 404 — https://raw.githubusercontent.com/yebekhe/TelegramV2rayCollector/main/sub/normal/donated
2026-05-14 08:39:55,952 | INFO     |   → 824/881 ❌ HTTP 404 — https://raw.githubusercontent.com/yebekhe/TelegramV2rayCollector/main/sub/normal/hysteria2
2026-05-14 08:39:55,952 | INFO     |   → 825/881 ❌ HTTP 404 — https://raw.githubusercontent.com/yebekhe/TelegramV2rayCollector/main/sub/normal/mix
2026-05-14 08:39:55,952 | INFO     |   → 826/881 ❌ HTTP 404 — https://raw.githubusercontent.com/yebekhe/TelegramV2rayCollector/main/sub/normal/reality
2026-05-14 08:39:55,952 | INFO     |   → 827/881 ❌ HTTP 404 — https://raw.githubusercontent.com/yebekhe/TelegramV2rayCollector/main/sub/normal/shadowsocks
2026-05-14 08:39:55,952 | INFO     |   → 828/881 ❌ HTTP 404 — https://raw.githubusercontent.com/yebekhe/TelegramV2rayCollector/main/sub/normal/trojan
2026-05-14 08:39:55,952 | INFO     |   → 829/881 ❌ HTTP 404 — https://raw.githubusercontent.com/yebekhe/TelegramV2rayCollector/main/sub/normal/tuic
2026-05-14 08:39:55,952 | INFO     |   → 830/881 ❌ HTTP 404 — https://raw.githubusercontent.com/yebekhe/TelegramV2rayCollector/main/sub/normal/vless
2026-05-14 08:39:55,952 | INFO     |   → 831/881 ❌ HTTP 404 — https://raw.githubusercontent.com/yebekhe/TelegramV2rayCollector/main/sub/normal/vmess
2026-05-14 08:39:55,952 | INFO     |   → 832/881 ❌ HTTP 404 — https://raw.githubusercontent.com/yebekhe/V2Hub/main/Split/Normal/shadowsocks
2026-05-14 08:39:55,952 | INFO     |   → 833/881 ❌ HTTP 404 — https://raw.githubusercontent.com/yebekhe/V2Hub/main/merged
2026-05-14 08:39:55,952 | INFO     |   → 834/881: ✅ 0 взято | 🗑️ 30 мусор
2026-05-14 08:39:55,952 | INFO     |   → 835/881: ✅ 964 взято | 🗑️ 7531 мусор
2026-05-14 08:39:55,952 | INFO     |   → 836/881: ✅ 6 взято | 🗑️ 344 мусор
2026-05-14 08:39:55,953 | INFO     |   → 837/881: ✅ 7 взято | 🗑️ 250 мусор
2026-05-14 08:39:55,953 | INFO     |   → 838/881: ✅ 303 взято | 🗑️ 173 мусор
2026-05-14 08:39:55,953 | INFO     |   → 839/881: ✅ 0 взято | 🗑️ 1486 мусор
2026-05-14 08:39:55,953 | INFO     |   → 840/881: ✅ 2 взято | 🗑️ 388 мусор
2026-05-14 08:39:55,953 | INFO     |   → 841/881 ❌ HTTP 404 — https://raw.githubusercontent.com/yyyr-otz/tele-providers-collector/019cb3e07ee52fddbc7caa54fc670c6b9bae6539/sub/proxies.txt
2026-05-14 08:39:55,953 | INFO     |   → 842/881 ❌ HTTP 404 — https://raw.githubusercontent.com/yyyr-otz/tele-providers-collector/b7a74ee98bcf02c5a507d688a1bed3aa9f7f4ed1/script/raw/protocols/mixed.txt
2026-05-14 08:39:55,953 | INFO     |   → 843/881: ✅ 0 взято | 🗑️ 0 мусор
2026-05-14 08:39:55,953 | INFO     |   → 844/881: ✅ 0 взято | 🗑️ 0 мусор
2026-05-14 08:39:55,953 | INFO     |   → 845/881: ✅ 1 взято | 🗑️ 18 мусор
2026-05-14 08:39:55,953 | INFO     |   → 846/881: ✅ 0 взято | 🗑️ 0 мусор
2026-05-14 08:39:55,953 | INFO     |   → 847/881: ✅ 0 взято | 🗑️ 5 мусор
2026-05-14 08:39:55,953 | INFO     |   → 848/881: ✅ 0 взято | 🗑️ 0 мусор
2026-05-14 08:39:55,953 | INFO     |   → 849/881 ⚠️ Ошибка: ('Connection aborted.', RemoteDisconnected('Remote end closed connection without response')) — https://sub.pmsub.me/clash.yaml
2026-05-14 08:39:55,953 | INFO     |   → 850/881: ✅ 0 взято | 🗑️ 1 мусор
2026-05-14 08:39:55,953 | INFO     |   → 851/881: ✅ 8 взято | 🗑️ 21 мусор
2026-05-14 08:39:55,953 | INFO     |   → 852/881: ✅ 0 взято | 🗑️ 0 мусор
2026-05-14 08:39:55,953 | INFO     |   → 853/881: ✅ 9 взято | 🗑️ 19 мусор
2026-05-14 08:39:55,953 | INFO     |   → 854/881: ✅ 0 взято | 🗑️ 0 мусор
2026-05-14 08:39:55,953 | INFO     |   → 855/881: ✅ 2 взято | 🗑️ 14 мусор
2026-05-14 08:39:55,953 | INFO     |   → 856/881: ✅ 4 взято | 🗑️ 22 мусор
2026-05-14 08:39:55,953 | INFO     |   → 857/881: ✅ 0 взято | 🗑️ 0 мусор
2026-05-14 08:39:55,953 | INFO     |   → 858/881: ✅ 0 взято | 🗑️ 0 мусор
2026-05-14 08:39:55,953 | INFO     |   → 859/881: ✅ 0 взято | 🗑️ 0 мусор
2026-05-14 08:39:55,953 | INFO     |   → 860/881: ✅ 2 взято | 🗑️ 16 мусор
2026-05-14 08:39:55,953 | INFO     |   → 861/881: ✅ 0 взято | 🗑️ 0 мусор
2026-05-14 08:39:55,953 | INFO     |   → 862/881: ✅ 4 взято | 🗑️ 7 мусор
2026-05-14 08:39:55,953 | INFO     |   → 863/881: ✅ 0 взято | 🗑️ 0 мусор
2026-05-14 08:39:55,953 | INFO     |   → 864/881: ✅ 6 взято | 🗑️ 14 мусор
2026-05-14 08:39:55,953 | INFO     |   → 865/881: ✅ 0 взято | 🗑️ 0 мусор
2026-05-14 08:39:55,953 | INFO     |   → 866/881: ✅ 2 взято | 🗑️ 13 мусор
2026-05-14 08:39:55,953 | INFO     |   → 867/881: ✅ 0 взято | 🗑️ 0 мусор
2026-05-14 08:39:55,953 | INFO     |   → 868/881: ✅ 0 взято | 🗑️ 0 мусор
2026-05-14 08:39:55,953 | INFO     |   → 869/881: ✅ 2 взято | 🗑️ 7 мусор
2026-05-14 08:39:55,953 | INFO     |   → 870/881: ✅ 2 взято | 🗑️ 14 мусор
2026-05-14 08:39:55,953 | INFO     |   → 871/881: ✅ 2 взято | 🗑️ 14 мусор
2026-05-14 08:39:55,953 | INFO     |   → 872/881: ✅ 0 взято | 🗑️ 0 мусор
2026-05-14 08:39:55,953 | INFO     |   → 873/881: ✅ 3 взято | 🗑️ 22 мусор
2026-05-14 08:39:55,953 | INFO     |   → 874/881: ✅ 0 взято | 🗑️ 0 мусор
2026-05-14 08:39:55,953 | INFO     |   → 875/881: ✅ 2 взято | 🗑️ 15 мусор
2026-05-14 08:39:55,953 | INFO     |   → 876/881: ✅ 3 взято | 🗑️ 12 мусор
2026-05-14 08:39:55,953 | INFO     |   → 877/881: ✅ 0 взято | 🗑️ 0 мусор
2026-05-14 08:39:55,953 | INFO     |   → 878/881: ✅ 0 взято | 🗑️ 0 мусор
2026-05-14 08:39:55,953 | INFO     |   → 879/881: ✅ 0 взято | 🗑️ 0 мусор
2026-05-14 08:39:55,953 | INFO     |   → 880/881: ✅ 4 взято | 🗑️ 11 мусор
2026-05-14 08:39:55,953 | INFO     |   → 881/881: ✅ 0 взято | 🗑️ 13 мусор
2026-05-14 08:39:55,954 | INFO     |   → ✅ ГОТОВО!
2026-05-14 08:39:55,954 | INFO     |   →    📥 Всего ключей после фильтра: 16106
2026-05-14 08:39:55,954 | INFO     |   →    🔗 Уникальных IP:PORT:SCHEME: 9869
2026-05-14 08:39:55,954 | INFO     |   →    🗑️ Выброшено мусора: 271367
2026-05-14 08:39:55,954 | INFO     |   → 📊 По протоколам:
2026-05-14 08:39:55,954 | INFO     |   →    vless: 3316
2026-05-14 08:39:55,954 | INFO     |   →    vmess: 3485
2026-05-14 08:39:55,954 | INFO     |   →    trojan: 1073
2026-05-14 08:39:55,954 | INFO     |   →    ss: 1839
2026-05-14 08:39:55,954 | INFO     |   →    hysteria: 13
2026-05-14 08:39:55,954 | INFO     |   →    hysteria2: 32
2026-05-14 08:39:55,954 | INFO     |   →    hy2: 59
2026-05-14 08:39:55,954 | INFO     |   →    tuic: 52
2026-05-14 08:39:55,954 | INFO     | ✅ mirror.py завершён успешно
2026-05-14 08:39:55,954 | INFO     | 
2026-05-14 08:39:55,954 | INFO     | 
2026-05-14 08:39:55,954 | INFO     | ──────────────────────────────────────────────────────────────────────
2026-05-14 08:39:55,954 | INFO     | 📌 ЭТАП: Фильтрация по реальному SNI
2026-05-14 08:39:55,954 | INFO     | ──────────────────────────────────────────────────────────────────────
2026-05-14 08:39:55,954 | INFO     | 🚀 Запуск filter_ru_sni.py (Фильтр по реальному SNI (CDN+RU))...
2026-05-14 08:39:56,197 | INFO     |   → hy2.txt: 59 → 19 (SNI-filtered)
2026-05-14 08:39:56,197 | INFO     |   →   hysteria.txt: 13 → 0 (SNI-filtered)
2026-05-14 08:39:56,197 | INFO     |   →   hysteria2.txt: 32 → 4 (SNI-filtered)
2026-05-14 08:39:56,197 | INFO     |   →   ss.txt: 1839 → 0 (SNI-filtered)
2026-05-14 08:39:56,197 | INFO     |   →   trojan.txt: 1073 → 4 (SNI-filtered)
2026-05-14 08:39:56,197 | INFO     |   →   tuic.txt: 52 → 0 (SNI-filtered)
2026-05-14 08:39:56,197 | INFO     |   →   vless.txt: 3316 → 386 (SNI-filtered)
2026-05-14 08:39:56,197 | INFO     |   →   vmess.txt: 3485 → 41 (SNI-filtered)
2026-05-14 08:39:56,197 | INFO     |   → ==================================================
2026-05-14 08:39:56,198 | INFO     |   →   Всего входных:  9869
2026-05-14 08:39:56,198 | INFO     |   →   Прошли фильтр:  454
2026-05-14 08:39:56,198 | INFO     |   →   Отброшено:      9415
2026-05-14 08:39:56,198 | INFO     |   → ==================================================
2026-05-14 08:39:56,198 | INFO     |   → Готово → /home/runner/work/vpn-vless-configs-russia/vpn-vless-configs-russia/githubmirror/ru-sni
2026-05-14 08:39:56,198 | INFO     | ✅ filter_ru_sni.py завершён успешно
2026-05-14 08:39:56,198 | INFO     | 
2026-05-14 08:39:56,198 | INFO     | 
2026-05-14 08:39:56,198 | INFO     | ──────────────────────────────────────────────────────────────────────
2026-05-14 08:39:56,198 | INFO     | 📌 ЭТАП: Экспериментальный RU-SNI фильтр
2026-05-14 08:39:56,198 | INFO     | ──────────────────────────────────────────────────────────────────────
2026-05-14 08:39:56,198 | INFO     | 🚀 Запуск filter_ru_sni_local.py (Экспериментальный фильтр по RU-SNI (локальные домены))...
2026-05-14 08:39:56,361 | INFO     |   → hy2.txt: 59 → 0 (RU-SNI)
2026-05-14 08:39:56,361 | INFO     |   → hysteria.txt: 13 → 0 (RU-SNI)
2026-05-14 08:39:56,361 | INFO     |   → hysteria2.txt: 32 → 0 (RU-SNI)
2026-05-14 08:39:56,361 | INFO     |   → ss.txt: 1839 → 0 (RU-SNI)
2026-05-14 08:39:56,362 | INFO     |   → trojan.txt: 1073 → 1 (RU-SNI)
2026-05-14 08:39:56,362 | INFO     |   → tuic.txt: 52 → 0 (RU-SNI)
2026-05-14 08:39:56,362 | INFO     |   → vless.txt: 3316 → 100 (RU-SNI)
2026-05-14 08:39:56,362 | INFO     |   → vmess.txt: 3485 → 0 (RU-SNI)
2026-05-14 08:39:56,362 | INFO     |   → ==================================================
2026-05-14 08:39:56,362 | INFO     |   → Всего входных:  9869
2026-05-14 08:39:56,362 | INFO     |   → Прошли RU-SNI:  101
2026-05-14 08:39:56,362 | INFO     |   → Отброшено:      9768
2026-05-14 08:39:56,362 | INFO     |   → ==================================================
2026-05-14 08:39:56,362 | INFO     |   → Готово → /home/runner/work/vpn-vless-configs-russia/vpn-vless-configs-russia/githubmirror/ru-sni-local
2026-05-14 08:39:56,362 | INFO     | ✅ filter_ru_sni_local.py завершён успешно
2026-05-14 08:39:56,362 | INFO     | 
2026-05-14 08:39:56,362 | INFO     | 
2026-05-14 08:39:56,362 | INFO     | ──────────────────────────────────────────────────────────────────────
2026-05-14 08:39:56,362 | INFO     | 📌 ЭТАП: Сбор статистики
2026-05-14 08:39:56,362 | INFO     | ──────────────────────────────────────────────────────────────────────
2026-05-14 08:39:56,362 | INFO     | 📊 Сбор статистики...
2026-05-14 08:39:56,363 | INFO     |   📁 githubmirror/clean:
2026-05-14 08:39:56,363 | INFO     |     • hy2         :    59 конфигов
2026-05-14 08:39:56,363 | INFO     |     • hysteria    :    13 конфигов
2026-05-14 08:39:56,363 | INFO     |     • hysteria2   :    32 конфигов
2026-05-14 08:39:56,364 | INFO     |     • ss          :  1839 конфигов
2026-05-14 08:39:56,365 | INFO     |     • trojan      :  1073 конфигов
2026-05-14 08:39:56,366 | INFO     |     • tuic        :    52 конфигов
2026-05-14 08:39:56,369 | INFO     |     • vless       :  3316 конфигов
2026-05-14 08:39:56,371 | INFO     |     • vmess       :  3485 конфигов
2026-05-14 08:39:56,371 | INFO     |   📁 githubmirror/ru-sni:
2026-05-14 08:39:56,372 | INFO     |     • hy2         :    19 конфигов ( 32.2% от clean)
2026-05-14 08:39:56,372 | INFO     |     • hysteria    :     0 конфигов (  0.0% от clean)
2026-05-14 08:39:56,372 | INFO     |     • hysteria2   :     4 конфигов ( 12.5% от clean)
2026-05-14 08:39:56,372 | INFO     |     • ss          :     0 конфигов (  0.0% от clean)
2026-05-14 08:39:56,372 | INFO     |     • trojan      :     4 конфигов (  0.4% от clean)
2026-05-14 08:39:56,372 | INFO     |     • tuic        :     0 конфигов (  0.0% от clean)
2026-05-14 08:39:56,373 | INFO     |     • vless       :   386 конфигов ( 11.6% от clean)
2026-05-14 08:39:56,373 | INFO     |     • vmess       :    41 конфигов (  1.2% от clean)
2026-05-14 08:39:56,373 | INFO     | 
2026-05-14 08:39:56,373 | INFO     |   ──────────────────────────────────────────────────
2026-05-14 08:39:56,373 | INFO     |   📈 ИТОГО:
2026-05-14 08:39:56,373 | INFO     |     Clean (после geo-фильтра):     9869
2026-05-14 08:39:56,373 | INFO     |     RU-SNI (после SNI-фильтра):     454
2026-05-14 08:39:56,373 | INFO     |     Прошло фильтр:                  4.6%
2026-05-14 08:39:56,373 | INFO     |   ──────────────────────────────────────────────────
2026-05-14 08:39:56,374 | INFO     | ✅ Статистика сохранена: /home/runner/work/vpn-vless-configs-russia/vpn-vless-configs-russia/stats.json
2026-05-14 08:39:56,374 | INFO     | 
2026-05-14 08:39:56,374 | INFO     | ======================================================================
2026-05-14 08:39:56,374 | INFO     | 📊 ИТОГОВЫЙ ОТЧЁТ
2026-05-14 08:39:56,374 | INFO     | ======================================================================
2026-05-14 08:39:56,374 | INFO     |   ✅ OK         | Загрузка и geo-фильтрация
2026-05-14 08:39:56,374 | INFO     |   ✅ OK         | Фильтрация по реальному SNI
2026-05-14 08:39:56,374 | INFO     |   ✅ OK         | Экспериментальный RU-SNI фильтр
2026-05-14 08:39:56,374 | INFO     |   ✅ OK         | Сбор статистики
2026-05-14 08:39:56,374 | INFO     | ──────────────────────────────────────────────────────────────────────
2026-05-14 08:39:56,374 | INFO     | ✅ ВСЕ ЭТАПЫ УСПЕШНЫ (4/4)
2026-05-14 08:39:56,375 | INFO     | ⏰ Время завершения: 2026-05-14 08:39:56
2026-05-14 08:39:56,375 | INFO     | ======================================================================
