2026-05-09 13:04:38,518 | INFO     | ======================================================================
2026-05-09 13:04:38,518 | INFO     | 🔍 VPN KEY CHECKER - Начало проверки
2026-05-09 13:04:38,518 | INFO     | ⏰ Время старта: 2026-05-09 13:04:38
2026-05-09 13:04:38,518 | INFO     | 📂 Рабочая директория: /home/runner/work/vpn-vless-configs-russia/vpn-vless-configs-russia
2026-05-09 13:04:38,518 | INFO     | ======================================================================
2026-05-09 13:04:38,518 | INFO     | 
2026-05-09 13:04:38,519 | INFO     | 🔍 Проверка наличия скриптов...
2026-05-09 13:04:38,519 | INFO     |   ✅ mirror.py
2026-05-09 13:04:38,519 | INFO     |   ✅ filter_ru_sni.py
2026-05-09 13:04:38,519 | INFO     |   ✅ filter_ru_sni_local.py
2026-05-09 13:04:38,519 | INFO     | 
2026-05-09 13:04:38,519 | INFO     | 
2026-05-09 13:04:38,519 | INFO     | ──────────────────────────────────────────────────────────────────────
2026-05-09 13:04:38,519 | INFO     | 📌 ЭТАП: Загрузка и geo-фильтрация
2026-05-09 13:04:38,519 | INFO     | ──────────────────────────────────────────────────────────────────────
2026-05-09 13:04:38,519 | INFO     | 🚀 Запуск mirror.py (Загрузка и фильтрация по РФ/СНГ/Европа)...
2026-05-09 13:07:15,770 | INFO     |   → 🚀 Старт: всего источников (старые + новые): 852
2026-05-09 13:07:15,770 | INFO     |   → 1/852: ✅ 13 взято | 🗑️ 242 мусор
2026-05-09 13:07:15,770 | INFO     |   → 2/852: ✅ 0 взято | 🗑️ 0 мусор
2026-05-09 13:07:15,770 | INFO     |   → 3/852: ✅ 0 взято | 🗑️ 0 мусор
2026-05-09 13:07:15,770 | INFO     |   → 4/852 ❌ HTTP 404 — https://cdn.jsdelivr.net/gh/cry0ice/genode@main/public/all.txt
2026-05-09 13:07:15,770 | INFO     |   → 5/852 ❌ HTTP 404 — https://cdn.jsdelivr.net/gh/cry0ice/genode@main/public/ss.txt
2026-05-09 13:07:15,770 | INFO     |   → 6/852 ❌ HTTP 404 — https://cdn.jsdelivr.net/gh/cry0ice/genode@main/public/ssr.txt
2026-05-09 13:07:15,770 | INFO     |   → 7/852 ❌ HTTP 404 — https://cdn.jsdelivr.net/gh/cry0ice/genode@main/public/trojan.txt
2026-05-09 13:07:15,770 | INFO     |   → 8/852 ❌ HTTP 404 — https://cdn.jsdelivr.net/gh/cry0ice/genode@main/public/vless.txt
2026-05-09 13:07:15,770 | INFO     |   → 9/852 ❌ HTTP 404 — https://cdn.jsdelivr.net/gh/cry0ice/genode@main/public/vmess.txt
2026-05-09 13:07:15,770 | INFO     |   → 10/852: ✅ 0 взято | 🗑️ 0 мусор
2026-05-09 13:07:15,770 | INFO     |   → 11/852: ✅ 0 взято | 🗑️ 0 мусор
2026-05-09 13:07:15,770 | INFO     |   → 12/852: ✅ 0 взято | 🗑️ 0 мусор
2026-05-09 13:07:15,770 | INFO     |   → 13/852: ✅ 0 взято | 🗑️ 0 мусор
2026-05-09 13:07:15,770 | INFO     |   → 14/852: ✅ 0 взято | 🗑️ 0 мусор
2026-05-09 13:07:15,770 | INFO     |   → 15/852: ✅ 0 взято | 🗑️ 0 мусор
2026-05-09 13:07:15,770 | INFO     |   → 16/852: ✅ 0 взято | 🗑️ 0 мусор
2026-05-09 13:07:15,771 | INFO     |   → 17/852: ✅ 0 взято | 🗑️ 0 мусор
2026-05-09 13:07:15,771 | INFO     |   → 18/852: ✅ 0 взято | 🗑️ 0 мусор
2026-05-09 13:07:15,771 | INFO     |   → 19/852: ✅ 0 взято | 🗑️ 0 мусор
2026-05-09 13:07:15,771 | INFO     |   → 20/852: ✅ 0 взято | 🗑️ 0 мусор
2026-05-09 13:07:15,771 | INFO     |   → 21/852: ✅ 0 взято | 🗑️ 0 мусор
2026-05-09 13:07:15,771 | INFO     |   → 22/852: ✅ 0 взято | 🗑️ 0 мусор
2026-05-09 13:07:15,771 | INFO     |   → 23/852: ✅ 0 взято | 🗑️ 0 мусор
2026-05-09 13:07:15,771 | INFO     |   → 24/852: ✅ 0 взято | 🗑️ 0 мусор
2026-05-09 13:07:15,771 | INFO     |   → 25/852: ✅ 0 взято | 🗑️ 0 мусор
2026-05-09 13:07:15,771 | INFO     |   → 26/852: ✅ 0 взято | 🗑️ 0 мусор
2026-05-09 13:07:15,771 | INFO     |   → 27/852: ✅ 0 взято | 🗑️ 0 мусор
2026-05-09 13:07:15,771 | INFO     |   → 28/852: ✅ 0 взято | 🗑️ 0 мусор
2026-05-09 13:07:15,771 | INFO     |   → 29/852: ✅ 0 взято | 🗑️ 0 мусор
2026-05-09 13:07:15,771 | INFO     |   → 30/852: ✅ 0 взято | 🗑️ 0 мусор
2026-05-09 13:07:15,771 | INFO     |   → 31/852: ✅ 0 взято | 🗑️ 0 мусор
2026-05-09 13:07:15,771 | INFO     |   → 32/852: ✅ 0 взято | 🗑️ 0 мусор
2026-05-09 13:07:15,771 | INFO     |   → 33/852: ✅ 0 взято | 🗑️ 0 мусор
2026-05-09 13:07:15,771 | INFO     |   → 34/852: ✅ 0 взято | 🗑️ 0 мусор
2026-05-09 13:07:15,771 | INFO     |   → 35/852: ✅ 0 взято | 🗑️ 0 мусор
2026-05-09 13:07:15,771 | INFO     |   → 36/852: ✅ 0 взято | 🗑️ 0 мусор
2026-05-09 13:07:15,771 | INFO     |   → 37/852: ✅ 0 взято | 🗑️ 0 мусор
2026-05-09 13:07:15,771 | INFO     |   → 38/852: ✅ 0 взято | 🗑️ 0 мусор
2026-05-09 13:07:15,771 | INFO     |   → 39/852: ✅ 0 взято | 🗑️ 0 мусор
2026-05-09 13:07:15,771 | INFO     |   → 40/852: ✅ 0 взято | 🗑️ 0 мусор
2026-05-09 13:07:15,771 | INFO     |   → 41/852: ✅ 0 взято | 🗑️ 0 мусор
2026-05-09 13:07:15,771 | INFO     |   → 42/852: ✅ 0 взято | 🗑️ 0 мусор
2026-05-09 13:07:15,771 | INFO     |   → 43/852: ✅ 0 взято | 🗑️ 0 мусор
2026-05-09 13:07:15,771 | INFO     |   → 44/852: ✅ 0 взято | 🗑️ 0 мусор
2026-05-09 13:07:15,771 | INFO     |   → 45/852: ✅ 0 взято | 🗑️ 0 мусор
2026-05-09 13:07:15,771 | INFO     |   → 46/852: ✅ 0 взято | 🗑️ 0 мусор
2026-05-09 13:07:15,771 | INFO     |   → 47/852: ✅ 0 взято | 🗑️ 0 мусор
2026-05-09 13:07:15,771 | INFO     |   → 48/852: ✅ 0 взято | 🗑️ 0 мусор
2026-05-09 13:07:15,771 | INFO     |   → 49/852: ✅ 0 взято | 🗑️ 0 мусор
2026-05-09 13:07:15,771 | INFO     |   → 50/852: ✅ 0 взято | 🗑️ 0 мусор
2026-05-09 13:07:15,771 | INFO     |   → 51/852: ✅ 0 взято | 🗑️ 0 мусор
2026-05-09 13:07:15,771 | INFO     |   → 52/852: ✅ 0 взято | 🗑️ 0 мусор
2026-05-09 13:07:15,771 | INFO     |   → 53/852: ✅ 0 взято | 🗑️ 0 мусор
2026-05-09 13:07:15,772 | INFO     |   → 54/852: ✅ 0 взято | 🗑️ 0 мусор
2026-05-09 13:07:15,772 | INFO     |   → 55/852: ✅ 0 взято | 🗑️ 0 мусор
2026-05-09 13:07:15,772 | INFO     |   → 56/852: ✅ 0 взято | 🗑️ 0 мусор
2026-05-09 13:07:15,772 | INFO     |   → 57/852: ✅ 0 взято | 🗑️ 0 мусор
2026-05-09 13:07:15,772 | INFO     |   → 58/852: ✅ 0 взято | 🗑️ 0 мусор
2026-05-09 13:07:15,772 | INFO     |   → 59/852: ✅ 0 взято | 🗑️ 0 мусор
2026-05-09 13:07:15,772 | INFO     |   → 60/852: ✅ 0 взято | 🗑️ 0 мусор
2026-05-09 13:07:15,772 | INFO     |   → 61/852: ✅ 0 взято | 🗑️ 0 мусор
2026-05-09 13:07:15,772 | INFO     |   → 62/852: ✅ 0 взято | 🗑️ 0 мусор
2026-05-09 13:07:15,772 | INFO     |   → 63/852: ✅ 0 взято | 🗑️ 0 мусор
2026-05-09 13:07:15,772 | INFO     |   → 64/852: ✅ 0 взято | 🗑️ 0 мусор
2026-05-09 13:07:15,772 | INFO     |   → 65/852: ✅ 0 взято | 🗑️ 0 мусор
2026-05-09 13:07:15,772 | INFO     |   → 66/852: ✅ 0 взято | 🗑️ 0 мусор
2026-05-09 13:07:15,772 | INFO     |   → 67/852: ✅ 0 взято | 🗑️ 0 мусор
2026-05-09 13:07:15,772 | INFO     |   → 68/852: ✅ 0 взято | 🗑️ 0 мусор
2026-05-09 13:07:15,772 | INFO     |   → 69/852: ✅ 0 взято | 🗑️ 0 мусор
2026-05-09 13:07:15,772 | INFO     |   → 70/852: ✅ 0 взято | 🗑️ 0 мусор
2026-05-09 13:07:15,772 | INFO     |   → 71/852: ✅ 0 взято | 🗑️ 0 мусор
2026-05-09 13:07:15,772 | INFO     |   → 72/852 ❌ HTTP 404 — https://freessrnode.github.io/uploads/2024/08/0-20240822.txt
2026-05-09 13:07:15,772 | INFO     |   → 73/852 ❌ HTTP 404 — https://freessrnode.github.io/uploads/2024/08/1-20240822.txt
2026-05-09 13:07:15,772 | INFO     |   → 74/852 ❌ HTTP 404 — https://freessrnode.github.io/uploads/2024/08/2-20240822.txt
2026-05-09 13:07:15,772 | INFO     |   → 75/852 ❌ HTTP 404 — https://freessrnode.github.io/uploads/2024/08/3-20240822.txt
2026-05-09 13:07:15,772 | INFO     |   → 76/852 ❌ HTTP 404 — https://freessrnode.github.io/uploads/2024/08/4-20240822.txt
2026-05-09 13:07:15,772 | INFO     |   → 77/852 ⚠️ Ошибка: HTTPSConnectionPool(host='freevpnspy.githubrowcontent.com', port=443): Max retries exceeded with url: /2024/08/20240802_novless.yaml (Caused by NameResolutionError("HTTPSConnection(host='freevpnspy.githubrowcontent.com', port=443): Failed to resolve 'freevpnspy.githubrowcontent.com' ([Errno -2] Name or service not known)")) — https://freevpnspy.githubrowcontent.com/2024/08/20240802_novless.yaml
2026-05-09 13:07:15,772 | INFO     |   → 78/852 ⚠️ Ошибка: HTTPSConnectionPool(host='freevpnspy.githubrowcontent.com', port=443): Max retries exceeded with url: /2024/08/20240802_vless.yaml (Caused by NameResolutionError("HTTPSConnection(host='freevpnspy.githubrowcontent.com', port=443): Failed to resolve 'freevpnspy.githubrowcontent.com' ([Errno -2] Name or service not known)")) — https://freevpnspy.githubrowcontent.com/2024/08/20240802_vless.yaml
2026-05-09 13:07:15,772 | INFO     |   → 79/852 ❌ HTTP 404 — https://github.com/Epodonios/bulk-xray-v2ray-vless-vmess-...-configs/raw/main/sub/Albania/config.txt
2026-05-09 13:07:15,772 | INFO     |   → 80/852 ❌ HTTP 404 — https://github.com/Epodonios/bulk-xray-v2ray-vless-vmess-...-configs/raw/main/sub/Cura%C3%A7ao/config.txt
2026-05-09 13:07:15,772 | INFO     |   → 81/852 ❌ HTTP 404 — https://github.com/Epodonios/bulk-xray-v2ray-vless-vmess-...-configs/raw/main/sub/Finland/config.txt
2026-05-09 13:07:15,772 | INFO     |   → 82/852 ❌ HTTP 404 — https://github.com/Epodonios/bulk-xray-v2ray-vless-vmess-...-configs/raw/main/sub/Iran/config.txt
2026-05-09 13:07:15,772 | INFO     |   → 83/852 ❌ HTTP 404 — https://github.com/Epodonios/bulk-xray-v2ray-vless-vmess-...-configs/raw/main/sub/Netherlands/config.txt
2026-05-09 13:07:15,772 | INFO     |   → 84/852 ❌ HTTP 404 — https://github.com/Epodonios/bulk-xray-v2ray-vless-vmess-...-configs/raw/main/sub/Norway/config.txt
2026-05-09 13:07:15,772 | INFO     |   → 85/852 ❌ HTTP 404 — https://github.com/Epodonios/bulk-xray-v2ray-vless-vmess-...-configs/raw/main/sub/Russia/config.txt
2026-05-09 13:07:15,772 | INFO     |   → 86/852: ✅ 13 взято | 🗑️ 70 мусор
2026-05-09 13:07:15,773 | INFO     |   → 87/852: ✅ 0 взято | 🗑️ 4 мусор
2026-05-09 13:07:15,773 | INFO     |   → 88/852: ✅ 0 взято | 🗑️ 7 мусор
2026-05-09 13:07:15,773 | INFO     |   → 89/852: ✅ 0 взято | 🗑️ 51 мусор
2026-05-09 13:07:15,773 | INFO     |   → 90/852: ✅ 0 взято | 🗑️ 8 мусор
2026-05-09 13:07:15,773 | INFO     |   → 91/852: ✅ 0 взято | 🗑️ 0 мусор
2026-05-09 13:07:15,773 | INFO     |   → 92/852: ✅ 17 взято | 🗑️ 119 мусор
2026-05-09 13:07:15,773 | INFO     |   → 93/852 ❌ HTTP 404 — https://github.com/MrMohebi/xray-proxy-grabber-telegram/raw/master/collected-proxies/clash-meta/all.yaml
2026-05-09 13:07:15,773 | INFO     |   → 94/852 ❌ HTTP 404 — https://github.com/MrMohebi/xray-proxy-grabber-telegram/raw/master/collected-proxies/row-url/all.txt
2026-05-09 13:07:15,773 | INFO     |   → 95/852: ✅ 0 взято | 🗑️ 0 мусор
2026-05-09 13:07:15,773 | INFO     |   → 96/852: ✅ 0 взято | 🗑️ 113 мусор
2026-05-09 13:07:15,773 | INFO     |   → 97/852: ✅ 0 взято | 🗑️ 119 мусор
2026-05-09 13:07:15,773 | INFO     |   → 98/852 ❌ HTTP 404 — https://github.com/abbasdvd3/abbasdvd10/73ec60de7a6c6aa6df4c14b511c1da60686891ca/ppo.txt
2026-05-09 13:07:15,773 | INFO     |   → 99/852 ❌ HTTP 404 — https://github.com/acymz/AutoVPN/refs/heads/main/data/V2.txt
2026-05-09 13:07:15,773 | INFO     |   → 100/852: ✅ 0 взято | 🗑️ 0 мусор
2026-05-09 13:07:15,773 | INFO     |   → 101/852: ✅ 0 взято | 🗑️ 0 мусор
2026-05-09 13:07:15,773 | INFO     |   → 102/852: ✅ 0 взято | 🗑️ 0 мусор
2026-05-09 13:07:15,773 | INFO     |   → 103/852: ✅ 0 взято | 🗑️ 0 мусор
2026-05-09 13:07:15,773 | INFO     |   → 104/852: ✅ 0 взято | 🗑️ 0 мусор
2026-05-09 13:07:15,773 | INFO     |   → 105/852: ✅ 0 взято | 🗑️ 0 мусор
2026-05-09 13:07:15,773 | INFO     |   → 106/852: ✅ 0 взято | 🗑️ 0 мусор
2026-05-09 13:07:15,773 | INFO     |   → 107/852 ❌ HTTP 404 — https://github.com/mermeroo/V2RAY-FREE/raw/main/All_Configs_base64_Sub.txt
2026-05-09 13:07:15,773 | INFO     |   → 108/852 ❌ HTTP 404 — https://github.com/mermeroo/V2RAY-FREE/raw/main/Base64/Sub1_base64.txt
2026-05-09 13:07:15,773 | INFO     |   → 109/852 ❌ HTTP 404 — https://github.com/mermeroo/V2RAY-FREE/raw/main/Base64/Sub2_base64.txt
2026-05-09 13:07:15,773 | INFO     |   → 110/852 ❌ HTTP 404 — https://github.com/mermeroo/V2RAY-FREE/raw/main/Base64/Sub3_base64.txt
2026-05-09 13:07:15,773 | INFO     |   → 111/852 ❌ HTTP 404 — https://github.com/mermeroo/V2RAY-FREE/raw/main/Base64/Sub4_base64.txt
2026-05-09 13:07:15,773 | INFO     |   → 112/852 ❌ HTTP 404 — https://github.com/mermeroo/V2RAY-FREE/raw/main/Base64/Sub5_base64.txt
2026-05-09 13:07:15,773 | INFO     |   → 113/852 ❌ HTTP 404 — https://github.com/mermeroo/telegram-configs-collector/raw/main/protocols/hysteria
2026-05-09 13:07:15,773 | INFO     |   → 114/852 ❌ HTTP 404 — https://github.com/mermeroo/telegram-configs-collector/raw/main/protocols/juicity
2026-05-09 13:07:15,773 | INFO     |   → 115/852 ❌ HTTP 404 — https://github.com/mermeroo/telegram-configs-collector/raw/main/protocols/tuic
2026-05-09 13:07:15,773 | INFO     |   → 116/852: ✅ 5 взято | 🗑️ 16 мусор
2026-05-09 13:07:15,773 | INFO     |   → 117/852: ✅ 0 взято | 🗑️ 0 мусор
2026-05-09 13:07:15,773 | INFO     |   → 118/852: ✅ 0 взято | 🗑️ 0 мусор
2026-05-09 13:07:15,773 | INFO     |   → 119/852: ✅ 0 взято | 🗑️ 0 мусор
2026-05-09 13:07:15,774 | INFO     |   → 120/852: ✅ 3 взято | 🗑️ 238 мусор
2026-05-09 13:07:15,774 | INFO     |   → 121/852: ✅ 0 взято | 🗑️ 0 мусор
2026-05-09 13:07:15,774 | INFO     |   → 122/852: ✅ 3 взято | 🗑️ 239 мусор
2026-05-09 13:07:15,774 | INFO     |   → 123/852: ✅ 0 взято | 🗑️ 0 мусор
2026-05-09 13:07:15,774 | INFO     |   → 124/852: ✅ 0 взято | 🗑️ 255 мусор
2026-05-09 13:07:15,774 | INFO     |   → 125/852: ✅ 0 взято | 🗑️ 0 мусор
2026-05-09 13:07:15,774 | INFO     |   → 126/852: ✅ 1 взято | 🗑️ 249 мусор
2026-05-09 13:07:15,774 | INFO     |   → 127/852: ✅ 0 взято | 🗑️ 0 мусор
2026-05-09 13:07:15,774 | INFO     |   → 128/852: ✅ 0 взято | 🗑️ 207 мусор
2026-05-09 13:07:15,774 | INFO     |   → 129/852: ✅ 0 взято | 🗑️ 0 мусор
2026-05-09 13:07:15,774 | INFO     |   → 130/852: ✅ 0 взято | 🗑️ 228 мусор
2026-05-09 13:07:15,774 | INFO     |   → 131/852: ✅ 0 взято | 🗑️ 0 мусор
2026-05-09 13:07:15,774 | INFO     |   → 132/852: ✅ 1 взято | 🗑️ 291 мусор
2026-05-09 13:07:15,774 | INFO     |   → 133/852: ✅ 0 взято | 🗑️ 0 мусор
2026-05-09 13:07:15,774 | INFO     |   → 134/852: ✅ 3 взято | 🗑️ 221 мусор
2026-05-09 13:07:15,774 | INFO     |   → 135/852: ✅ 0 взято | 🗑️ 0 мусор
2026-05-09 13:07:15,774 | INFO     |   → 136/852: ✅ 1 взято | 🗑️ 222 мусор
2026-05-09 13:07:15,774 | INFO     |   → 137/852: ✅ 0 взято | 🗑️ 0 мусор
2026-05-09 13:07:15,774 | INFO     |   → 138/852: ✅ 1 взято | 🗑️ 218 мусор
2026-05-09 13:07:15,774 | INFO     |   → 139/852: ✅ 0 взято | 🗑️ 0 мусор
2026-05-09 13:07:15,774 | INFO     |   → 140/852: ✅ 0 взято | 🗑️ 193 мусор
2026-05-09 13:07:15,774 | INFO     |   → 141/852: ✅ 0 взято | 🗑️ 0 мусор
2026-05-09 13:07:15,774 | INFO     |   → 142/852: ✅ 0 взято | 🗑️ 290 мусор
2026-05-09 13:07:15,774 | INFO     |   → 143/852: ✅ 0 взято | 🗑️ 0 мусор
2026-05-09 13:07:15,774 | INFO     |   → 144/852: ✅ 0 взято | 🗑️ 238 мусор
2026-05-09 13:07:15,774 | INFO     |   → 145/852: ✅ 0 взято | 🗑️ 0 мусор
2026-05-09 13:07:15,774 | INFO     |   → 146/852: ✅ 0 взято | 🗑️ 221 мусор
2026-05-09 13:07:15,774 | INFO     |   → 147/852: ✅ 0 взято | 🗑️ 0 мусор
2026-05-09 13:07:15,774 | INFO     |   → 148/852: ✅ 0 взято | 🗑️ 248 мусор
2026-05-09 13:07:15,774 | INFO     |   → 149/852: ✅ 0 взято | 🗑️ 0 мусор
2026-05-09 13:07:15,774 | INFO     |   → 150/852: ✅ 0 взято | 🗑️ 203 мусор
2026-05-09 13:07:15,774 | INFO     |   → 151/852: ✅ 0 взято | 🗑️ 0 мусор
2026-05-09 13:07:15,774 | INFO     |   → 152/852: ✅ 0 взято | 🗑️ 208 мусор
2026-05-09 13:07:15,774 | INFO     |   → 153/852: ✅ 0 взято | 🗑️ 0 мусор
2026-05-09 13:07:15,775 | INFO     |   → 154/852: ✅ 2 взято | 🗑️ 209 мусор
2026-05-09 13:07:15,775 | INFO     |   → 155/852: ✅ 0 взято | 🗑️ 0 мусор
2026-05-09 13:07:15,775 | INFO     |   → 156/852: ✅ 0 взято | 🗑️ 258 мусор
2026-05-09 13:07:15,775 | INFO     |   → 157/852: ✅ 0 взято | 🗑️ 0 мусор
2026-05-09 13:07:15,775 | INFO     |   → 158/852: ✅ 0 взято | 🗑️ 296 мусор
2026-05-09 13:07:15,775 | INFO     |   → 159/852: ✅ 0 взято | 🗑️ 0 мусор
2026-05-09 13:07:15,775 | INFO     |   → 160/852: ✅ 1 взято | 🗑️ 286 мусор
2026-05-09 13:07:15,775 | INFO     |   → 161/852: ✅ 0 взято | 🗑️ 0 мусор
2026-05-09 13:07:15,775 | INFO     |   → 162/852: ✅ 0 взято | 🗑️ 195 мусор
2026-05-09 13:07:15,775 | INFO     |   → 163/852: ✅ 0 взято | 🗑️ 0 мусор
2026-05-09 13:07:15,775 | INFO     |   → 164/852: ✅ 0 взято | 🗑️ 170 мусор
2026-05-09 13:07:15,775 | INFO     |   → 165/852: ✅ 0 взято | 🗑️ 0 мусор
2026-05-09 13:07:15,775 | INFO     |   → 166/852: ✅ 0 взято | 🗑️ 160 мусор
2026-05-09 13:07:15,775 | INFO     |   → 167/852: ✅ 0 взято | 🗑️ 0 мусор
2026-05-09 13:07:15,775 | INFO     |   → 168/852: ✅ 0 взято | 🗑️ 121 мусор
2026-05-09 13:07:15,775 | INFO     |   → 169/852: ✅ 0 взято | 🗑️ 0 мусор
2026-05-09 13:07:15,775 | INFO     |   → 170/852: ✅ 0 взято | 🗑️ 135 мусор
2026-05-09 13:07:15,775 | INFO     |   → 171/852: ✅ 0 взято | 🗑️ 0 мусор
2026-05-09 13:07:15,775 | INFO     |   → 172/852: ✅ 1 взято | 🗑️ 129 мусор
2026-05-09 13:07:15,775 | INFO     |   → 173/852: ✅ 0 взято | 🗑️ 0 мусор
2026-05-09 13:07:15,775 | INFO     |   → 174/852: ✅ 0 взято | 🗑️ 189 мусор
2026-05-09 13:07:15,775 | INFO     |   → 175/852: ✅ 0 взято | 🗑️ 0 мусор
2026-05-09 13:07:15,775 | INFO     |   → 176/852: ✅ 3 взято | 🗑️ 147 мусор
2026-05-09 13:07:15,775 | INFO     |   → 177/852: ✅ 0 взято | 🗑️ 0 мусор
2026-05-09 13:07:15,775 | INFO     |   → 178/852: ✅ 1 взято | 🗑️ 183 мусор
2026-05-09 13:07:15,775 | INFO     |   → 179/852: ✅ 0 взято | 🗑️ 0 мусор
2026-05-09 13:07:15,775 | INFO     |   → 180/852: ✅ 0 взято | 🗑️ 155 мусор
2026-05-09 13:07:15,775 | INFO     |   → 181/852: ✅ 0 взято | 🗑️ 0 мусор
2026-05-09 13:07:15,775 | INFO     |   → 182/852 ⚠️ Ошибка: HTTPSConnectionPool(host='ivuxy.tech', port=443): Max retries exceeded with url: /v.txt (Caused by NameResolutionError("HTTPSConnection(host='ivuxy.tech', port=443): Failed to resolve 'ivuxy.tech' ([Errno -2] Name or service not known)")) — https://ivuxy.tech/v.txt
2026-05-09 13:07:15,775 | INFO     |   → 183/852 ⚠️ Ошибка: HTTPSConnectionPool(host='mirror.ghproxy.com', port=443): Max retries exceeded with url: /https://raw.githubusercontent.com/Barabama/FreeNodes/master/nodes/blues.txt (Caused by NameResolutionError("HTTPSConnection(host='mirror.ghproxy.com', port=443): Failed to resolve 'mirror.ghproxy.com' ([Errno -2] Name or service not known)")) — https://mirror.ghproxy.com/https://raw.githubusercontent.com/Barabama/FreeNodes/master/nodes/blues.txt
2026-05-09 13:07:15,775 | INFO     |   → 184/852 ⚠️ Ошибка: HTTPSConnectionPool(host='mirror.ghproxy.com', port=443): Max retries exceeded with url: /https://raw.githubusercontent.com/Barabama/FreeNodes/master/nodes/halekj.txt (Caused by NameResolutionError("HTTPSConnection(host='mirror.ghproxy.com', port=443): Failed to resolve 'mirror.ghproxy.com' ([Errno -2] Name or service not known)")) — https://mirror.ghproxy.com/https://raw.githubusercontent.com/Barabama/FreeNodes/master/nodes/halekj.txt
2026-05-09 13:07:15,775 | INFO     |   → 185/852 ⚠️ Ошибка: HTTPSConnectionPool(host='mirror.ghproxy.com', port=443): Max retries exceeded with url: /https://raw.githubusercontent.com/Barabama/FreeNodes/master/nodes/kkzui.txt (Caused by NameResolutionError("HTTPSConnection(host='mirror.ghproxy.com', port=443): Failed to resolve 'mirror.ghproxy.com' ([Errno -2] Name or service not known)")) — https://mirror.ghproxy.com/https://raw.githubusercontent.com/Barabama/FreeNodes/master/nodes/kkzui.txt
2026-05-09 13:07:15,775 | INFO     |   → 186/852 ⚠️ Ошибка: HTTPSConnectionPool(host='mirror.ghproxy.com', port=443): Max retries exceeded with url: /https://raw.githubusercontent.com/Barabama/FreeNodes/master/nodes/merged.txt (Caused by NameResolutionError("HTTPSConnection(host='mirror.ghproxy.com', port=443): Failed to resolve 'mirror.ghproxy.com' ([Errno -2] Name or service not known)")) — https://mirror.ghproxy.com/https://raw.githubusercontent.com/Barabama/FreeNodes/master/nodes/merged.txt
2026-05-09 13:07:15,775 | INFO     |   → 187/852 ⚠️ Ошибка: HTTPSConnectionPool(host='mirror.ghproxy.com', port=443): Max retries exceeded with url: /https://raw.githubusercontent.com/Barabama/FreeNodes/master/nodes/nodefree.txt (Caused by NameResolutionError("HTTPSConnection(host='mirror.ghproxy.com', port=443): Failed to resolve 'mirror.ghproxy.com' ([Errno -2] Name or service not known)")) — https://mirror.ghproxy.com/https://raw.githubusercontent.com/Barabama/FreeNodes/master/nodes/nodefree.txt
2026-05-09 13:07:15,776 | INFO     |   → 188/852 ⚠️ Ошибка: HTTPSConnectionPool(host='mirror.ghproxy.com', port=443): Max retries exceeded with url: /https://raw.githubusercontent.com/Barabama/FreeNodes/master/nodes/openrunner.txt (Caused by NameResolutionError("HTTPSConnection(host='mirror.ghproxy.com', port=443): Failed to resolve 'mirror.ghproxy.com' ([Errno -2] Name or service not known)")) — https://mirror.ghproxy.com/https://raw.githubusercontent.com/Barabama/FreeNodes/master/nodes/openrunner.txt
2026-05-09 13:07:15,776 | INFO     |   → 189/852 ⚠️ Ошибка: HTTPSConnectionPool(host='mirror.ghproxy.com', port=443): Max retries exceeded with url: /https://raw.githubusercontent.com/Barabama/FreeNodes/master/nodes/v2rayshare.txt (Caused by NameResolutionError("HTTPSConnection(host='mirror.ghproxy.com', port=443): Failed to resolve 'mirror.ghproxy.com' ([Errno -2] Name or service not known)")) — https://mirror.ghproxy.com/https://raw.githubusercontent.com/Barabama/FreeNodes/master/nodes/v2rayshare.txt
2026-05-09 13:07:15,776 | INFO     |   → 190/852 ⚠️ Ошибка: HTTPSConnectionPool(host='mirror.ghproxy.com', port=443): Max retries exceeded with url: /https://raw.githubusercontent.com/Barabama/FreeNodes/master/nodes/wenode.txt (Caused by NameResolutionError("HTTPSConnection(host='mirror.ghproxy.com', port=443): Failed to resolve 'mirror.ghproxy.com' ([Errno -2] Name or service not known)")) — https://mirror.ghproxy.com/https://raw.githubusercontent.com/Barabama/FreeNodes/master/nodes/wenode.txt
2026-05-09 13:07:15,776 | INFO     |   → 191/852 ⚠️ Ошибка: HTTPSConnectionPool(host='mirror.ghproxy.com', port=443): Max retries exceeded with url: /https://raw.githubusercontent.com/Barabama/FreeNodes/master/nodes/yudou66.txt (Caused by NameResolutionError("HTTPSConnection(host='mirror.ghproxy.com', port=443): Failed to resolve 'mirror.ghproxy.com' ([Errno -2] Name or service not known)")) — https://mirror.ghproxy.com/https://raw.githubusercontent.com/Barabama/FreeNodes/master/nodes/yudou66.txt
2026-05-09 13:07:15,776 | INFO     |   → 192/852: ✅ 7 взято | 🗑️ 17 мусор
2026-05-09 13:07:15,776 | INFO     |   → 193/852: ✅ 0 взято | 🗑️ 17 мусор
2026-05-09 13:07:15,776 | INFO     |   → 194/852: ✅ 14 взято | 🗑️ 14 мусор
2026-05-09 13:07:15,776 | INFO     |   → 195/852: ✅ 0 взято | 🗑️ 14 мусор
2026-05-09 13:07:15,776 | INFO     |   → 196/852: ✅ 0 взято | 🗑️ 14 мусор
2026-05-09 13:07:15,776 | INFO     |   → 197/852: ✅ 0 взято | 🗑️ 14 мусор
2026-05-09 13:07:15,776 | INFO     |   → 198/852: ✅ 0 взято | 🗑️ 14 мусор
2026-05-09 13:07:15,776 | INFO     |   → 199/852: ✅ 0 взято | 🗑️ 14 мусор
2026-05-09 13:07:15,776 | INFO     |   → 200/852: ✅ 0 взято | 🗑️ 14 мусор
2026-05-09 13:07:15,776 | INFO     |   → 201/852: ✅ 0 взято | 🗑️ 14 мусор
2026-05-09 13:07:15,776 | INFO     |   → 202/852: ✅ 0 взято | 🗑️ 14 мусор
2026-05-09 13:07:15,776 | INFO     |   → 203/852: ✅ 7 взято | 🗑️ 21 мусор
2026-05-09 13:07:15,776 | INFO     |   → 204/852: ✅ 0 взято | 🗑️ 21 мусор
2026-05-09 13:07:15,776 | INFO     |   → 205/852: ✅ 0 взято | 🗑️ 21 мусор
2026-05-09 13:07:15,776 | INFO     |   → 206/852: ✅ 0 взято | 🗑️ 21 мусор
2026-05-09 13:07:15,776 | INFO     |   → 207/852: ✅ 0 взято | 🗑️ 21 мусор
2026-05-09 13:07:15,776 | INFO     |   → 208/852: ✅ 0 взято | 🗑️ 21 мусор
2026-05-09 13:07:15,776 | INFO     |   → 209/852: ✅ 0 взято | 🗑️ 21 мусор
2026-05-09 13:07:15,776 | INFO     |   → 210/852: ✅ 0 взято | 🗑️ 21 мусор
2026-05-09 13:07:15,776 | INFO     |   → 211/852: ✅ 0 взято | 🗑️ 21 мусор
2026-05-09 13:07:15,776 | INFO     |   → 212/852: ✅ 0 взято | 🗑️ 21 мусор
2026-05-09 13:07:15,776 | INFO     |   → 213/852: ✅ 0 взято | 🗑️ 21 мусор
2026-05-09 13:07:15,776 | INFO     |   → 214/852: ✅ 5 взято | 🗑️ 15 мусор
2026-05-09 13:07:15,776 | INFO     |   → 215/852: ✅ 0 взято | 🗑️ 15 мусор
2026-05-09 13:07:15,776 | INFO     |   → 216/852: ✅ 0 взято | 🗑️ 15 мусор
2026-05-09 13:07:15,776 | INFO     |   → 217/852: ✅ 0 взято | 🗑️ 15 мусор
2026-05-09 13:07:15,776 | INFO     |   → 218/852: ✅ 0 взято | 🗑️ 15 мусор
2026-05-09 13:07:15,776 | INFO     |   → 219/852: ✅ 0 взято | 🗑️ 15 мусор
2026-05-09 13:07:15,776 | INFO     |   → 220/852: ✅ 0 взято | 🗑️ 15 мусор
2026-05-09 13:07:15,776 | INFO     |   → 221/852: ✅ 0 взято | 🗑️ 15 мусор
2026-05-09 13:07:15,777 | INFO     |   → 222/852 ⚠️ Ошибка: HTTPSConnectionPool(host='nodefree.githubrowcontent.com', port=443): Max retries exceeded with url: /2024/07/20240705.yaml (Caused by NameResolutionError("HTTPSConnection(host='nodefree.githubrowcontent.com', port=443): Failed to resolve 'nodefree.githubrowcontent.com' ([Errno -2] Name or service not known)")) — https://nodefree.org/dy/2023/08/20230806.yaml
2026-05-09 13:07:15,777 | INFO     |   → 223/852 ⚠️ Ошибка: HTTPSConnectionPool(host='nodefree.githubrowcontent.com', port=443): Max retries exceeded with url: /2024/07/20240705.txt (Caused by NameResolutionError("HTTPSConnection(host='nodefree.githubrowcontent.com', port=443): Failed to resolve 'nodefree.githubrowcontent.com' ([Errno -2] Name or service not known)")) — https://nodefree.org/dy/2023/12/20231221.txt
2026-05-09 13:07:15,777 | INFO     |   → 224/852: ✅ 0 взято | 🗑️ 17 мусор
2026-05-09 13:07:15,777 | INFO     |   → 225/852: ✅ 0 взято | 🗑️ 17 мусор
2026-05-09 13:07:15,777 | INFO     |   → 226/852: ✅ 0 взято | 🗑️ 14 мусор
2026-05-09 13:07:15,777 | INFO     |   → 227/852: ✅ 0 взято | 🗑️ 14 мусор
2026-05-09 13:07:15,777 | INFO     |   → 228/852: ✅ 0 взято | 🗑️ 14 мусор
2026-05-09 13:07:15,777 | INFO     |   → 229/852: ✅ 0 взято | 🗑️ 14 мусор
2026-05-09 13:07:15,777 | INFO     |   → 230/852: ✅ 0 взято | 🗑️ 14 мусор
2026-05-09 13:07:15,777 | INFO     |   → 231/852: ✅ 0 взято | 🗑️ 14 мусор
2026-05-09 13:07:15,777 | INFO     |   → 232/852: ✅ 0 взято | 🗑️ 14 мусор
2026-05-09 13:07:15,777 | INFO     |   → 233/852: ✅ 0 взято | 🗑️ 14 мусор
2026-05-09 13:07:15,777 | INFO     |   → 234/852: ✅ 0 взято | 🗑️ 14 мусор
2026-05-09 13:07:15,777 | INFO     |   → 235/852: ✅ 0 взято | 🗑️ 21 мусор
2026-05-09 13:07:15,777 | INFO     |   → 236/852: ✅ 0 взято | 🗑️ 21 мусор
2026-05-09 13:07:15,777 | INFO     |   → 237/852: ✅ 0 взято | 🗑️ 21 мусор
2026-05-09 13:07:15,777 | INFO     |   → 238/852: ✅ 0 взято | 🗑️ 21 мусор
2026-05-09 13:07:15,777 | INFO     |   → 239/852: ✅ 0 взято | 🗑️ 21 мусор
2026-05-09 13:07:15,777 | INFO     |   → 240/852: ✅ 0 взято | 🗑️ 21 мусор
2026-05-09 13:07:15,777 | INFO     |   → 241/852: ✅ 0 взято | 🗑️ 21 мусор
2026-05-09 13:07:15,777 | INFO     |   → 242/852: ✅ 0 взято | 🗑️ 21 мусор
2026-05-09 13:07:15,777 | INFO     |   → 243/852: ✅ 0 взято | 🗑️ 21 мусор
2026-05-09 13:07:15,777 | INFO     |   → 244/852: ✅ 0 взято | 🗑️ 21 мусор
2026-05-09 13:07:15,777 | INFO     |   → 245/852: ✅ 0 взято | 🗑️ 21 мусор
2026-05-09 13:07:15,777 | INFO     |   → 246/852: ✅ 0 взято | 🗑️ 15 мусор
2026-05-09 13:07:15,777 | INFO     |   → 247/852: ✅ 0 взято | 🗑️ 15 мусор
2026-05-09 13:07:15,777 | INFO     |   → 248/852: ✅ 0 взято | 🗑️ 15 мусор
2026-05-09 13:07:15,777 | INFO     |   → 249/852: ✅ 0 взято | 🗑️ 15 мусор
2026-05-09 13:07:15,777 | INFO     |   → 250/852: ✅ 0 взято | 🗑️ 15 мусор
2026-05-09 13:07:15,777 | INFO     |   → 251/852: ✅ 0 взято | 🗑️ 15 мусор
2026-05-09 13:07:15,777 | INFO     |   → 252/852: ✅ 0 взято | 🗑️ 15 мусор
2026-05-09 13:07:15,777 | INFO     |   → 253/852: ✅ 0 взято | 🗑️ 15 мусор
2026-05-09 13:07:15,777 | INFO     |   → 254/852: ✅ 0 взято | 🗑️ 15 мусор
2026-05-09 13:07:15,777 | INFO     |   → 255/852: ✅ 0 взято | 🗑️ 0 мусор
2026-05-09 13:07:15,778 | INFO     |   → 256/852: ✅ 0 взято | 🗑️ 0 мусор
2026-05-09 13:07:15,778 | INFO     |   → 257/852: ✅ 0 взято | 🗑️ 0 мусор
2026-05-09 13:07:15,778 | INFO     |   → 258/852: ✅ 0 взято | 🗑️ 0 мусор
2026-05-09 13:07:15,778 | INFO     |   → 259/852: ✅ 0 взято | 🗑️ 0 мусор
2026-05-09 13:07:15,778 | INFO     |   → 260/852: ✅ 0 взято | 🗑️ 0 мусор
2026-05-09 13:07:15,778 | INFO     |   → 261/852: ✅ 0 взято | 🗑️ 0 мусор
2026-05-09 13:07:15,778 | INFO     |   → 262/852: ✅ 0 взято | 🗑️ 0 мусор
2026-05-09 13:07:15,778 | INFO     |   → 263/852: ✅ 0 взято | 🗑️ 0 мусор
2026-05-09 13:07:15,778 | INFO     |   → 264/852: ✅ 0 взято | 🗑️ 0 мусор
2026-05-09 13:07:15,778 | INFO     |   → 265/852: ✅ 0 взято | 🗑️ 0 мусор
2026-05-09 13:07:15,778 | INFO     |   → 266/852: ✅ 0 взято | 🗑️ 0 мусор
2026-05-09 13:07:15,778 | INFO     |   → 267/852 ❌ HTTP 404 — https://raw.githubusercontent.com/10ium/MihomoSaz/main/Sublist/shatakvpn.yaml4_Sub.txt
2026-05-09 13:07:15,778 | INFO     |   → 268/852: ✅ 0 взято | 🗑️ 0 мусор
2026-05-09 13:07:15,778 | INFO     |   → 269/852: ✅ 0 взято | 🗑️ 0 мусор
2026-05-09 13:07:15,778 | INFO     |   → 270/852: ✅ 12 взято | 🗑️ 38 мусор
2026-05-09 13:07:15,778 | INFO     |   → 271/852: ✅ 0 взято | 🗑️ 0 мусор
2026-05-09 13:07:15,778 | INFO     |   → 272/852: ✅ 0 взято | 🗑️ 0 мусор
2026-05-09 13:07:15,778 | INFO     |   → 273/852: ✅ 11 взято | 🗑️ 399 мусор
2026-05-09 13:07:15,778 | INFO     |   → 274/852: ✅ 0 взято | 🗑️ 0 мусор
2026-05-09 13:07:15,778 | INFO     |   → 275/852 ❌ HTTP 404 — https://raw.githubusercontent.com/9Fork/openit/main/Clash.yaml
2026-05-09 13:07:15,778 | INFO     |   → 276/852: ✅ 100 взято | 🗑️ 381 мусор
2026-05-09 13:07:15,778 | INFO     |   → 277/852: ✅ 0 взято | 🗑️ 381 мусор
2026-05-09 13:07:15,778 | INFO     |   → 278/852: ✅ 19 взято | 🗑️ 81 мусор
2026-05-09 13:07:15,778 | INFO     |   → 279/852: ✅ 11 взято | 🗑️ 87 мусор
2026-05-09 13:07:15,778 | INFO     |   → 280/852: ✅ 27 взято | 🗑️ 73 мусор
2026-05-09 13:07:15,778 | INFO     |   → 281/852: ✅ 13 взято | 🗑️ 75 мусор
2026-05-09 13:07:15,778 | INFO     |   → 282/852: ✅ 10 взято | 🗑️ 83 мусор
2026-05-09 13:07:15,778 | INFO     |   → 283/852: ✅ 12 взято | 🗑️ 86 мусор
2026-05-09 13:07:15,778 | INFO     |   → 284/852: ✅ 11 взято | 🗑️ 87 мусор
2026-05-09 13:07:15,778 | INFO     |   → 285/852: ✅ 11 взято | 🗑️ 80 мусор
2026-05-09 13:07:15,778 | INFO     |   → 286/852: ✅ 9 взято | 🗑️ 82 мусор
2026-05-09 13:07:15,778 | INFO     |   → 287/852: ✅ 69 взято | 🗑️ 3 мусор
2026-05-09 13:07:15,778 | INFO     |   → 288/852: ✅ 3 взято | 🗑️ 75 мусор
2026-05-09 13:07:15,778 | INFO     |   → 289/852: ✅ 4 взято | 🗑️ 69 мусор
2026-05-09 13:07:15,778 | INFO     |   → 290/852: ✅ 4 взято | 🗑️ 80 мусор
2026-05-09 13:07:15,779 | INFO     |   → 291/852: ✅ 6 взято | 🗑️ 81 мусор
2026-05-09 13:07:15,779 | INFO     |   → 292/852: ✅ 5 взято | 🗑️ 79 мусор
2026-05-09 13:07:15,779 | INFO     |   → 293/852: ✅ 11 взято | 🗑️ 78 мусор
2026-05-09 13:07:15,779 | INFO     |   → 294/852: ✅ 3 взято | 🗑️ 83 мусор
2026-05-09 13:07:15,779 | INFO     |   → 295/852: ✅ 14 взято | 🗑️ 76 мусор
2026-05-09 13:07:15,779 | INFO     |   → 296/852: ✅ 12 взято | 🗑️ 78 мусор
2026-05-09 13:07:15,779 | INFO     |   → 297/852: ✅ 26 взято | 🗑️ 218 мусор
2026-05-09 13:07:15,779 | INFO     |   → 298/852: ✅ 44 взято | 🗑️ 141 мусор
2026-05-09 13:07:15,779 | INFO     |   → 299/852: ✅ 10 взято | 🗑️ 71 мусор
2026-05-09 13:07:15,779 | INFO     |   → 300/852: ✅ 2 взято | 🗑️ 88 мусор
2026-05-09 13:07:15,779 | INFO     |   → 301/852: ✅ 0 взято | 🗑️ 3 мусор
2026-05-09 13:07:15,779 | INFO     |   → 302/852: ✅ 14 взято | 🗑️ 4 мусор
2026-05-09 13:07:15,779 | INFO     |   → 303/852: ✅ 677 взято | 🗑️ 2555 мусор
2026-05-09 13:07:15,779 | INFO     |   → 304/852 ❌ HTTP 404 — https://raw.githubusercontent.com/Alvin9999/pac2/master/clash/1/config.yaml
2026-05-09 13:07:15,779 | INFO     |   → 305/852 ❌ HTTP 404 — https://raw.githubusercontent.com/AmirHDevo/temp2/7f15e7ddb311a6f8c5ab338bd1af0e1f2136a84b/configs.txt
2026-05-09 13:07:15,779 | INFO     |   → 306/852: ✅ 9 взято | 🗑️ 46 мусор
2026-05-09 13:07:15,779 | INFO     |   → 307/852: ✅ 1100 взято | 🗑️ 21061 мусор
2026-05-09 13:07:15,779 | INFO     |   → 308/852: ✅ 5 взято | 🗑️ 47 мусор
2026-05-09 13:07:15,779 | INFO     |   → 309/852: ✅ 4 взято | 🗑️ 57 мусор
2026-05-09 13:07:15,779 | INFO     |   → 310/852: ✅ 21 взято | 🗑️ 107 мусор
2026-05-09 13:07:15,779 | INFO     |   → 311/852: ✅ 78 взято | 🗑️ 347 мусор
2026-05-09 13:07:15,779 | INFO     |   → 312/852: ✅ 0 взято | 🗑️ 1373 мусор
2026-05-09 13:07:15,779 | INFO     |   → 313/852: ✅ 339 взято | 🗑️ 1542 мусор
2026-05-09 13:07:15,779 | INFO     |   → 314/852: ✅ 0 взято | 🗑️ 6 мусор
2026-05-09 13:07:15,779 | INFO     |   → 315/852: ✅ 0 взято | 🗑️ 0 мусор
2026-05-09 13:07:15,779 | INFO     |   → 316/852: ✅ 1 взято | 🗑️ 235 мусор
2026-05-09 13:07:15,779 | INFO     |   → 317/852: ✅ 0 взято | 🗑️ 16 мусор
2026-05-09 13:07:15,779 | INFO     |   → 318/852: ✅ 0 взято | 🗑️ 0 мусор
2026-05-09 13:07:15,779 | INFO     |   → 319/852: ✅ 0 взято | 🗑️ 14 мусор
2026-05-09 13:07:15,779 | INFO     |   → 320/852: ✅ 0 взято | 🗑️ 0 мусор
2026-05-09 13:07:15,779 | INFO     |   → 321/852: ✅ 0 взято | 🗑️ 15 мусор
2026-05-09 13:07:15,779 | INFO     |   → 322/852: ✅ 0 взято | 🗑️ 0 мусор
2026-05-09 13:07:15,779 | INFO     |   → 323/852: ✅ 6 взято | 🗑️ 137 мусор
2026-05-09 13:07:15,779 | INFO     |   → 324/852: ✅ 0 взято | 🗑️ 0 мусор
2026-05-09 13:07:15,780 | INFO     |   → 325/852: ✅ 0 взято | 🗑️ 15 мусор
2026-05-09 13:07:15,780 | INFO     |   → 326/852: ✅ 0 взято | 🗑️ 0 мусор
2026-05-09 13:07:15,780 | INFO     |   → 327/852: ✅ 0 взято | 🗑️ 15 мусор
2026-05-09 13:07:15,780 | INFO     |   → 328/852: ✅ 0 взято | 🗑️ 0 мусор
2026-05-09 13:07:15,780 | INFO     |   → 329/852: ✅ 0 взято | 🗑️ 155 мусор
2026-05-09 13:07:15,780 | INFO     |   → 330/852: ✅ 0 взято | 🗑️ 0 мусор
2026-05-09 13:07:15,780 | INFO     |   → 331/852: ✅ 5 взято | 🗑️ 76 мусор
2026-05-09 13:07:15,780 | INFO     |   → 332/852: ✅ 80 взято | 🗑️ 1110 мусор
2026-05-09 13:07:15,780 | INFO     |   → 333/852: ✅ 5 взято | 🗑️ 13 мусор
2026-05-09 13:07:15,780 | INFO     |   → 334/852 ❌ HTTP 404 — https://raw.githubusercontent.com/Epodonios/bulk-xray-v2ray-vless-vmess-...-configs/main/sub/Austria/config.txt
2026-05-09 13:07:15,780 | INFO     |   → 335/852 ❌ HTTP 404 — https://raw.githubusercontent.com/Epodonios/bulk-xray-v2ray-vless-vmess-...-configs/main/sub/Canada/config.txt
2026-05-09 13:07:15,780 | INFO     |   → 336/852 ❌ HTTP 404 — https://raw.githubusercontent.com/Epodonios/bulk-xray-v2ray-vless-vmess-...-configs/main/sub/Costa%20Rica/config.txt
2026-05-09 13:07:15,780 | INFO     |   → 337/852 ❌ HTTP 404 — https://raw.githubusercontent.com/Epodonios/bulk-xray-v2ray-vless-vmess-...-configs/main/sub/France/config.txt
2026-05-09 13:07:15,780 | INFO     |   → 338/852 ❌ HTTP 404 — https://raw.githubusercontent.com/Epodonios/bulk-xray-v2ray-vless-vmess-...-configs/main/sub/Germany/config.txt
2026-05-09 13:07:15,780 | INFO     |   → 339/852 ❌ HTTP 404 — https://raw.githubusercontent.com/Epodonios/bulk-xray-v2ray-vless-vmess-...-configs/main/sub/Indonesia/config.txt
2026-05-09 13:07:15,780 | INFO     |   → 340/852 ❌ HTTP 404 — https://raw.githubusercontent.com/Epodonios/bulk-xray-v2ray-vless-vmess-...-configs/main/sub/Ireland/config.txt
2026-05-09 13:07:15,780 | INFO     |   → 341/852 ❌ HTTP 404 — https://raw.githubusercontent.com/Epodonios/bulk-xray-v2ray-vless-vmess-...-configs/main/sub/Republic%20of%20Lithuania/config.txt
2026-05-09 13:07:15,780 | INFO     |   → 342/852 ❌ HTTP 404 — https://raw.githubusercontent.com/Epodonios/bulk-xray-v2ray-vless-vmess-...-configs/main/sub/South%20Africa/config.txt
2026-05-09 13:07:15,780 | INFO     |   → 343/852 ❌ HTTP 404 — https://raw.githubusercontent.com/Epodonios/bulk-xray-v2ray-vless-vmess-...-configs/main/sub/Sweden/config.txt
2026-05-09 13:07:15,780 | INFO     |   → 344/852 ❌ HTTP 404 — https://raw.githubusercontent.com/Epodonios/bulk-xray-v2ray-vless-vmess-...-configs/main/sub/Turkey/config.txt
2026-05-09 13:07:15,780 | INFO     |   → 345/852 ❌ HTTP 404 — https://raw.githubusercontent.com/Epodonios/bulk-xray-v2ray-vless-vmess-...-configs/main/sub/United%20Arab%20Emirates/config.txt
2026-05-09 13:07:15,780 | INFO     |   → 346/852 ❌ HTTP 404 — https://raw.githubusercontent.com/Epodonios/bulk-xray-v2ray-vless-vmess-...-configs/main/sub/United%20Kingdom/config.txt
2026-05-09 13:07:15,780 | INFO     |   → 347/852 ❌ HTTP 404 — https://raw.githubusercontent.com/Epodonios/bulk-xray-v2ray-vless-vmess-...-configs/main/sub/United%20States/config.txt
2026-05-09 13:07:15,780 | INFO     |   → 348/852: ✅ 328 взято | 🗑️ 3895 мусор
2026-05-09 13:07:15,780 | INFO     |   → 349/852 ❌ HTTP 404 — https://raw.githubusercontent.com/Epodonios/v2ray-configs/main/Splitted-By-Protocol/mix.txt
2026-05-09 13:07:15,780 | INFO     |   → 350/852: ✅ 5 взято | 🗑️ 376 мусор
2026-05-09 13:07:15,780 | INFO     |   → 351/852: ✅ 0 взято | 🗑️ 0 мусор
2026-05-09 13:07:15,780 | INFO     |   → 352/852: ✅ 5 взято | 🗑️ 206 мусор
2026-05-09 13:07:15,780 | INFO     |   → 353/852: ✅ 8 взято | 🗑️ 2852 мусор
2026-05-09 13:07:15,780 | INFO     |   → 354/852: ✅ 2 взято | 🗑️ 496 мусор
2026-05-09 13:07:15,780 | INFO     |   → 355/852 ❌ HTTP 404 — https://raw.githubusercontent.com/Epodonios/v2ray-configs/raw/main/Splitted-By-Protocol/trojan.txt
2026-05-09 13:07:15,780 | INFO     |   → 356/852 ❌ HTTP 404 — https://raw.githubusercontent.com/Epodonios/v2ray-configs/raw/main/Splitted-By-Protocol/vmess.txt
2026-05-09 13:07:15,780 | INFO     |   → 357/852: ✅ 0 взято | 🗑️ 376 мусор
2026-05-09 13:07:15,780 | INFO     |   → 358/852: ✅ 0 взято | 🗑️ 0 мусор
2026-05-09 13:07:15,780 | INFO     |   → 359/852: ✅ 0 взято | 🗑️ 206 мусор
2026-05-09 13:07:15,781 | INFO     |   → 360/852: ✅ 0 взято | 🗑️ 2852 мусор
2026-05-09 13:07:15,781 | INFO     |   → 361/852: ✅ 0 взято | 🗑️ 496 мусор
2026-05-09 13:07:15,781 | INFO     |   → 362/852 ❌ HTTP 404 — https://raw.githubusercontent.com/Fido6/FreeNodes/57221e59caddde55ffdda21d491ae952cd608049/nodes/halekj.txt
2026-05-09 13:07:15,781 | INFO     |   → 363/852 ❌ HTTP 404 — https://raw.githubusercontent.com/Fido6/FreeNodes/57221e59caddde55ffdda21d491ae952cd608049/nodes/kkzui.txt
2026-05-09 13:07:15,781 | INFO     |   → 364/852 ❌ HTTP 404 — https://raw.githubusercontent.com/Fido6/FreeNodes/57221e59caddde55ffdda21d491ae952cd608049/nodes/wenode.txt
2026-05-09 13:07:15,781 | INFO     |   → 365/852: ✅ 0 взято | 🗑️ 0 мусор
2026-05-09 13:07:15,781 | INFO     |   → 366/852: ✅ 0 взято | 🗑️ 0 мусор
2026-05-09 13:07:15,781 | INFO     |   → 367/852: ✅ 14 взято | 🗑️ 250 мусор
2026-05-09 13:07:15,781 | INFO     |   → 368/852: ✅ 5 взято | 🗑️ 14 мусор
2026-05-09 13:07:15,781 | INFO     |   → 369/852: ✅ 1 взято | 🗑️ 17 мусор
2026-05-09 13:07:15,781 | INFO     |   → 370/852: ✅ 4 взято | 🗑️ 11 мусор
2026-05-09 13:07:15,781 | INFO     |   → 371/852: ✅ 0 взято | 🗑️ 0 мусор
2026-05-09 13:07:15,781 | INFO     |   → 372/852: ✅ 0 взято | 🗑️ 137 мусор
2026-05-09 13:07:15,781 | INFO     |   → 373/852: ✅ 0 взято | 🗑️ 32 мусор
2026-05-09 13:07:15,781 | INFO     |   → 374/852: ✅ 2 взято | 🗑️ 19 мусор
2026-05-09 13:07:15,781 | INFO     |   → 375/852: ✅ 0 взято | 🗑️ 43 мусор
2026-05-09 13:07:15,781 | INFO     |   → 376/852: ✅ 0 взято | 🗑️ 43 мусор
2026-05-09 13:07:15,781 | INFO     |   → 377/852 ❌ HTTP 404 — https://raw.githubusercontent.com/Iran-v2ray/v2ray/main/v2ray
2026-05-09 13:07:15,781 | INFO     |   → 378/852: ✅ 0 взято | 🗑️ 1 мусор
2026-05-09 13:07:15,781 | INFO     |   → 379/852: ✅ 0 взято | 🗑️ 1 мусор
2026-05-09 13:07:15,781 | INFO     |   → 380/852: ✅ 0 взято | 🗑️ 28 мусор
2026-05-09 13:07:15,781 | INFO     |   → 381/852: ✅ 14 взято | 🗑️ 282 мусор
2026-05-09 13:07:15,781 | INFO     |   → 382/852: ✅ 0 взято | 🗑️ 94 мусор
2026-05-09 13:07:15,781 | INFO     |   → 383/852: ✅ 0 взято | 🗑️ 0 мусор
2026-05-09 13:07:15,781 | INFO     |   → 384/852: ✅ 0 взято | 🗑️ 0 мусор
2026-05-09 13:07:15,781 | INFO     |   → 385/852 ❌ HTTP 404 — https://raw.githubusercontent.com/Kwinshadow/TelegramV2rayCollector/raw/refs/heads/main/sublinks/mix.txt
2026-05-09 13:07:15,781 | INFO     |   → 386/852 ❌ HTTP 404 — https://raw.githubusercontent.com/LalatinaHub/Mineral/raw/refs/heads/master/result/nodes
2026-05-09 13:07:15,781 | INFO     |   → 387/852 ❌ HTTP 404 — https://raw.githubusercontent.com/Leon406/SubCrawler/main/sub/share/all3
2026-05-09 13:07:15,781 | INFO     |   → 388/852 ❌ HTTP 404 — https://raw.githubusercontent.com/Leon406/SubCrawler/main/sub/share/all4
2026-05-09 13:07:15,781 | INFO     |   → 389/852: ✅ 4 взято | 🗑️ 335 мусор
2026-05-09 13:07:15,781 | INFO     |   → 390/852: ✅ 0 взято | 🗑️ 33 мусор
2026-05-09 13:07:15,781 | INFO     |   → 391/852: ✅ 0 взято | 🗑️ 6 мусор
2026-05-09 13:07:15,781 | INFO     |   → 392/852: ✅ 0 взято | 🗑️ 147 мусор
2026-05-09 13:07:15,781 | INFO     |   → 393/852 ❌ HTTP 404 — https://raw.githubusercontent.com/M-Mashreghi/free-config-collector/main/Splitted-By-Protocol/ssr.txt
2026-05-09 13:07:15,781 | INFO     |   → 394/852: ✅ 139 взято | 🗑️ 114 мусор
2026-05-09 13:07:15,781 | INFO     |   → 395/852: ✅ 126 взято | 🗑️ 137 мусор
2026-05-09 13:07:15,781 | INFO     |   → 396/852: ✅ 0 взято | 🗑️ 12 мусор
2026-05-09 13:07:15,782 | INFO     |   → 397/852: ✅ 0 взято | 🗑️ 1 мусор
2026-05-09 13:07:15,782 | INFO     |   → 398/852: ✅ 20 взято | 🗑️ 367 мусор
2026-05-09 13:07:15,782 | INFO     |   → 399/852: ✅ 0 взято | 🗑️ 367 мусор
2026-05-09 13:07:15,782 | INFO     |   → 400/852 ❌ HTTP 404 — https://raw.githubusercontent.com/MatinGhanbari/v2ray-configs/main/subscriptions/filtered/subs/hy2.txt
2026-05-09 13:07:15,782 | INFO     |   → 401/852: ✅ 21 взято | 🗑️ 1613 мусор
2026-05-09 13:07:15,782 | INFO     |   → 402/852 ❌ HTTP 404 — https://raw.githubusercontent.com/MatinGhanbari/v2ray-configs/main/subscriptions/filtered/subs/ssr.txt
2026-05-09 13:07:15,782 | INFO     |   → 403/852: ✅ 61 взято | 🗑️ 500 мусор
2026-05-09 13:07:15,782 | INFO     |   → 404/852 ❌ HTTP 404 — https://raw.githubusercontent.com/MatinGhanbari/v2ray-configs/main/subscriptions/filtered/subs/tuic.txt
2026-05-09 13:07:15,782 | INFO     |   → 405/852: ✅ 12 взято | 🗑️ 233 мусор
2026-05-09 13:07:15,782 | INFO     |   → 406/852: ✅ 215 взято | 🗑️ 1276 мусор
2026-05-09 13:07:15,782 | INFO     |   → 407/852: ✅ 0 взято | 🗑️ 2 мусор
2026-05-09 13:07:15,782 | INFO     |   → 408/852: ✅ 161 взято | 🗑️ 794 мусор
2026-05-09 13:07:15,782 | INFO     |   → 409/852: ✅ 0 взято | 🗑️ 406 мусор
2026-05-09 13:07:15,782 | INFO     |   → 410/852: ✅ 0 взято | 🗑️ 406 мусор
2026-05-09 13:07:15,782 | INFO     |   → 411/852: ✅ 0 взято | 🗑️ 24 мусор
2026-05-09 13:07:15,782 | INFO     |   → 412/852: ✅ 0 взято | 🗑️ 2 мусор
2026-05-09 13:07:15,782 | INFO     |   → 413/852: ✅ 0 взято | 🗑️ 293 мусор
2026-05-09 13:07:15,782 | INFO     |   → 414/852: ✅ 0 взято | 🗑️ 77 мусор
2026-05-09 13:07:15,782 | INFO     |   → 415/852 ❌ HTTP 404 — https://raw.githubusercontent.com/MhdiTaheri/V2rayCollector/raw/refs/heads/main/sub/mix
2026-05-09 13:07:15,782 | INFO     |   → 416/852: ✅ 53 взято | 🗑️ 267 мусор
2026-05-09 13:07:15,782 | INFO     |   → 417/852 ❌ HTTP 404 — https://raw.githubusercontent.com/MhdiTaheri/V2rayCollector_Py/raw/refs/heads/main/sub/Mix/mix.txt
2026-05-09 13:07:15,782 | INFO     |   → 418/852: ✅ 0 взято | 🗑️ 0 мусор
2026-05-09 13:07:15,782 | INFO     |   → 419/852: ✅ 43 взято | 🗑️ 217 мусор
2026-05-09 13:07:15,782 | INFO     |   → 420/852: ✅ 0 взято | 🗑️ 31 мусор
2026-05-09 13:07:15,782 | INFO     |   → 421/852: ✅ 93 взято | 🗑️ 282 мусор
2026-05-09 13:07:15,782 | INFO     |   → 422/852: ✅ 0 взято | 🗑️ 26 мусор
2026-05-09 13:07:15,782 | INFO     |   → 423/852 ❌ HTTP 404 — https://raw.githubusercontent.com/MrMohebi/xray-proxy-grabber-telegram/master/collected-proxies/clash-meta/all.yaml
2026-05-09 13:07:15,782 | INFO     |   → 424/852 ❌ HTTP 404 — https://raw.githubusercontent.com/MrMohebi/xray-proxy-grabber-telegram/master/collected-proxies/row-url/actives.txt
2026-05-09 13:07:15,782 | INFO     |   → 425/852 ❌ HTTP 404 — https://raw.githubusercontent.com/MrMohebi/xray-proxy-grabber-telegram/master/collected-proxies/row-url/all.txt
2026-05-09 13:07:15,782 | INFO     |   → 426/852: ✅ 0 взято | 🗑️ 13 мусор
2026-05-09 13:07:15,782 | INFO     |   → 427/852: ✅ 0 взято | 🗑️ 13 мусор
2026-05-09 13:07:15,782 | INFO     |   → 428/852: ✅ 5 взято | 🗑️ 15 мусор
2026-05-09 13:07:15,782 | INFO     |   → 429/852: ✅ 0 взято | 🗑️ 30 мусор
2026-05-09 13:07:15,782 | INFO     |   → 430/852: ✅ 0 взято | 🗑️ 15 мусор
2026-05-09 13:07:15,782 | INFO     |   → 431/852: ✅ 66 взято | 🗑️ 123 мусор
2026-05-09 13:07:15,782 | INFO     |   → 432/852: ✅ 175 взято | 🗑️ 582 мусор
2026-05-09 13:07:15,782 | INFO     |   → 433/852: ✅ 0 взято | 🗑️ 0 мусор
2026-05-09 13:07:15,782 | INFO     |   → 434/852 ❌ HTTP 404 — https://raw.githubusercontent.com/OpenCNLink/freevpn/3cfcff048bfdd1493ccffa52ecf30ce7f9fc6b28/src/list/vmess.txt
2026-05-09 13:07:15,783 | INFO     |   → 435/852 ❌ HTTP 404 — https://raw.githubusercontent.com/Pawdro/Collection/main/sub
2026-05-09 13:07:15,783 | INFO     |   → 436/852: ✅ 1 взято | 🗑️ 8 мусор
2026-05-09 13:07:15,783 | INFO     |   → 437/852: ✅ 0 взято | 🗑️ 8 мусор
2026-05-09 13:07:15,783 | INFO     |   → 438/852: ✅ 0 взято | 🗑️ 0 мусор
2026-05-09 13:07:15,783 | INFO     |   → 439/852: ✅ 0 взято | 🗑️ 0 мусор
2026-05-09 13:07:15,783 | INFO     |   → 440/852: ✅ 0 взято | 🗑️ 50 мусор
2026-05-09 13:07:15,783 | INFO     |   → 441/852: ✅ 5 взято | 🗑️ 206 мусор
2026-05-09 13:07:15,783 | INFO     |   → 442/852: ✅ 21 взято | 🗑️ 138 мусор
2026-05-09 13:07:15,783 | INFO     |   → 443/852: ✅ 23 взято | 🗑️ 89 мусор
2026-05-09 13:07:15,783 | INFO     |   → 444/852: ✅ 9 взято | 🗑️ 85 мусор
2026-05-09 13:07:15,783 | INFO     |   → 445/852: ✅ 0 взято | 🗑️ 129 мусор
2026-05-09 13:07:15,783 | INFO     |   → 446/852: ✅ 0 взято | 🗑️ 81 мусор
2026-05-09 13:07:15,783 | INFO     |   → 447/852 ❌ HTTP 404 — https://raw.githubusercontent.com/STR97/STRUGOV/refs/heads/main/STR.BYPASS
2026-05-09 13:07:15,783 | INFO     |   → 448/852: ✅ 4 взято | 🗑️ 34 мусор
2026-05-09 13:07:15,783 | INFO     |   → 449/852: ✅ 11 взято | 🗑️ 16 мусор
2026-05-09 13:07:15,783 | INFO     |   → 450/852: ✅ 0 взято | 🗑️ 16 мусор
2026-05-09 13:07:15,783 | INFO     |   → 451/852: ✅ 0 взято | 🗑️ 27 мусор
2026-05-09 13:07:15,783 | INFO     |   → 452/852: ✅ 140 взято | 🗑️ 1153 мусор
2026-05-09 13:07:15,783 | INFO     |   → 453/852: ✅ 29 взято | 🗑️ 54 мусор
2026-05-09 13:07:15,783 | INFO     |   → 454/852: ✅ 0 взято | 🗑️ 0 мусор
2026-05-09 13:07:15,783 | INFO     |   → 455/852: ✅ 0 взято | 🗑️ 0 мусор
2026-05-09 13:07:15,783 | INFO     |   → 456/852: ✅ 3 взято | 🗑️ 4 мусор
2026-05-09 13:07:15,783 | INFO     |   → 457/852: ✅ 0 взято | 🗑️ 0 мусор
2026-05-09 13:07:15,783 | INFO     |   → 458/852: ✅ 0 взято | 🗑️ 4 мусор
2026-05-09 13:07:15,783 | INFO     |   → 459/852: ✅ 4 взято | 🗑️ 291 мусор
2026-05-09 13:07:15,783 | INFO     |   → 460/852: ✅ 0 взято | 🗑️ 119 мусор
2026-05-09 13:07:15,783 | INFO     |   → 461/852: ✅ 0 взято | 🗑️ 0 мусор
2026-05-09 13:07:15,783 | INFO     |   → 462/852 ❌ HTTP 404 — https://raw.githubusercontent.com/V2RAYCONFIGSPOOL/V2RAY_SUB/main/V2RAY_SUB.txt
2026-05-09 13:07:15,783 | INFO     |   → 463/852: ✅ 10 взято | 🗑️ 202 мусор
2026-05-09 13:07:15,783 | INFO     |   → 464/852: ✅ 19 взято | 🗑️ 76 мусор
2026-05-09 13:07:15,783 | INFO     |   → 465/852: ✅ 0 взято | 🗑️ 0 мусор
2026-05-09 13:07:15,783 | INFO     |   → 466/852: ✅ 0 взято | 🗑️ 76 мусор
2026-05-09 13:07:15,783 | INFO     |   → 467/852: ✅ 58 взято | 🗑️ 348 мусор
2026-05-09 13:07:15,783 | INFO     |   → 468/852: ✅ 1 взято | 🗑️ 231 мусор
2026-05-09 13:07:15,783 | INFO     |   → 469/852: ✅ 0 взято | 🗑️ 0 мусор
2026-05-09 13:07:15,783 | INFO     |   → 470/852: ✅ 1 взято | 🗑️ 83 мусор
2026-05-09 13:07:15,783 | INFO     |   → 471/852: ✅ 0 взято | 🗑️ 16 мусор
2026-05-09 13:07:15,784 | INFO     |   → 472/852: ✅ 0 взято | 🗑️ 16 мусор
2026-05-09 13:07:15,784 | INFO     |   → 473/852 ❌ HTTP 404 — https://raw.githubusercontent.com/aiboboxx/clashfree/main/clash.yml
2026-05-09 13:07:15,784 | INFO     |   → 474/852 ❌ HTTP 404 — https://raw.githubusercontent.com/aiboboxx/v2rayfree/main/v2
2026-05-09 13:07:15,784 | INFO     |   → 475/852 ❌ HTTP 404 — https://raw.githubusercontent.com/amirmohammad-mohammad-88/Sub-Reality-Azadi-config/Config/Azadi-Reality-Different
2026-05-09 13:07:15,784 | INFO     |   → 476/852 ❌ HTTP 404 — https://raw.githubusercontent.com/amirmohammad-mohammad-88/Sub-Reality-Azadi-config/Config/Azadi-Reality-Different-Base64
2026-05-09 13:07:15,784 | INFO     |   → 477/852: ✅ 1 взято | 🗑️ 17 мусор
2026-05-09 13:07:15,784 | INFO     |   → 478/852: ✅ 0 взято | 🗑️ 0 мусор
2026-05-09 13:07:15,784 | INFO     |   → 479/852: ✅ 4 взято | 🗑️ 114 мусор
2026-05-09 13:07:15,784 | INFO     |   → 480/852: ✅ 21 взято | 🗑️ 66 мусор
2026-05-09 13:07:15,784 | INFO     |   → 481/852 ❌ HTTP 404 — https://raw.githubusercontent.com/awesome-vpn/awesome-vpn/master/ss
2026-05-09 13:07:15,784 | INFO     |   → 482/852 ❌ HTTP 404 — https://raw.githubusercontent.com/awesome-vpn/awesome-vpn/master/ssr
2026-05-09 13:07:15,784 | INFO     |   → 483/852: ✅ 0 взято | 🗑️ 0 мусор
2026-05-09 13:07:15,784 | INFO     |   → 484/852: ✅ 1 взято | 🗑️ 22 мусор
2026-05-09 13:07:15,784 | INFO     |   → 485/852: ✅ 0 взято | 🗑️ 277 мусор
2026-05-09 13:07:15,784 | INFO     |   → 486/852 ❌ HTTP 404 — https://raw.githubusercontent.com/barry-far/V2ray-Configs/ced94ddfff48276ec365b40227561f36b1b64bc8/Sub5.txt
2026-05-09 13:07:15,784 | INFO     |   → 487/852 ❌ HTTP 404 — https://raw.githubusercontent.com/barry-far/V2ray-Configs/main/Splitted-By-Protocol/hysteria2.txt
2026-05-09 13:07:15,784 | INFO     |   → 488/852 ❌ HTTP 404 — https://raw.githubusercontent.com/barry-far/V2ray-Configs/main/Splitted-By-Protocol/vless.txt
2026-05-09 13:07:15,784 | INFO     |   → 489/852 ❌ HTTP 404 — https://raw.githubusercontent.com/barry-far/V2ray-Configs/main/Sub1.txt
2026-05-09 13:07:15,784 | INFO     |   → 490/852 ❌ HTTP 404 — https://raw.githubusercontent.com/barry-far/V2ray-Configs/refs/heads/main/All_Configs_Sub.txt
2026-05-09 13:07:15,784 | INFO     |   → 491/852: ✅ 0 взято | 🗑️ 0 мусор
2026-05-09 13:07:15,784 | INFO     |   → 492/852 ❌ HTTP 404 — https://raw.githubusercontent.com/budamu/clashconfig/main/v2ray.txt
2026-05-09 13:07:15,784 | INFO     |   → 493/852 ❌ HTTP 404 — https://raw.githubusercontent.com/budamu/clashconfig/main/v2ray2.txt
2026-05-09 13:07:15,784 | INFO     |   → 494/852: ✅ 0 взято | 🗑️ 0 мусор
2026-05-09 13:07:15,784 | INFO     |   → 495/852: ✅ 0 взято | 🗑️ 442 мусор
2026-05-09 13:07:15,784 | INFO     |   → 496/852: ✅ 0 взято | 🗑️ 0 мусор
2026-05-09 13:07:15,784 | INFO     |   → 497/852 ❌ HTTP 404 — https://raw.githubusercontent.com/chxxyz2004/zd/17fca23b73c46b5dd73e9be49b14d219b5e5f836/sub/2401/240110.txt
2026-05-09 13:07:15,784 | INFO     |   → 498/852: ✅ 0 взято | 🗑️ 44 мусор
2026-05-09 13:07:15,784 | INFO     |   → 499/852: ✅ 236 взято | 🗑️ 517 мусор
2026-05-09 13:07:15,784 | INFO     |   → 500/852 ❌ HTTP 404 — https://raw.githubusercontent.com/cxr9912/cxr2022/main/free.yaml
2026-05-09 13:07:15,784 | INFO     |   → 501/852 ❌ HTTP 404 — https://raw.githubusercontent.com/cxr9912/cxr2022/main/mix.yaml
2026-05-09 13:07:15,784 | INFO     |   → 502/852 ❌ HTTP 404 — https://raw.githubusercontent.com/cxr9912/cxr2022/main/ss.yaml
2026-05-09 13:07:15,784 | INFO     |   → 503/852 ❌ HTTP 404 — https://raw.githubusercontent.com/cxr9912/cxr2022/main/ssr.yaml
2026-05-09 13:07:15,784 | INFO     |   → 504/852 ❌ HTTP 404 — https://raw.githubusercontent.com/cxr9912/cxr2022/main/vmess.yaml
2026-05-09 13:07:15,784 | INFO     |   → 505/852 ❌ HTTP 404 — https://raw.githubusercontent.com/cxr9912/cxr2022/refs/heads/main/18cj.json
2026-05-09 13:07:15,784 | INFO     |   → 506/852 ❌ HTTP 404 — https://raw.githubusercontent.com/cxr9912/cxr2022/refs/heads/main/aaaaaaaa.yaml
2026-05-09 13:07:15,784 | INFO     |   → 507/852 ❌ HTTP 404 — https://raw.githubusercontent.com/cxr9912/cxr2022/refs/heads/main/free.yaml
2026-05-09 13:07:15,784 | INFO     |   → 508/852 ❌ HTTP 404 — https://raw.githubusercontent.com/cxr9912/cxr2022/refs/heads/main/ss2088.txt
2026-05-09 13:07:15,784 | INFO     |   → 509/852: ✅ 0 взято | 🗑️ 18 мусор
2026-05-09 13:07:15,785 | INFO     |   → 510/852: ✅ 0 взято | 🗑️ 18 мусор
2026-05-09 13:07:15,785 | INFO     |   → 511/852: ✅ 6 взято | 🗑️ 78 мусор
2026-05-09 13:07:15,785 | INFO     |   → 512/852: ✅ 6 взято | 🗑️ 4 мусор
2026-05-09 13:07:15,785 | INFO     |   → 513/852: ✅ 0 взято | 🗑️ 2 мусор
2026-05-09 13:07:15,785 | INFO     |   → 514/852: ✅ 0 взято | 🗑️ 2 мусор
2026-05-09 13:07:15,785 | INFO     |   → 515/852: ✅ 0 взято | 🗑️ 2 мусор
2026-05-09 13:07:15,785 | INFO     |   → 516/852: ✅ 0 взято | 🗑️ 3 мусор
2026-05-09 13:07:15,785 | INFO     |   → 517/852: ✅ 0 взято | 🗑️ 2 мусор
2026-05-09 13:07:15,785 | INFO     |   → 518/852: ✅ 0 взято | 🗑️ 9 мусор
2026-05-09 13:07:15,785 | INFO     |   → 519/852: ✅ 1 взято | 🗑️ 1 мусор
2026-05-09 13:07:15,785 | INFO     |   → 520/852: ✅ 0 взято | 🗑️ 10 мусор
2026-05-09 13:07:15,785 | INFO     |   → 521/852: ✅ 0 взято | 🗑️ 2 мусор
2026-05-09 13:07:15,785 | INFO     |   → 522/852: ✅ 0 взято | 🗑️ 0 мусор
2026-05-09 13:07:15,785 | INFO     |   → 523/852: ✅ 69 взято | 🗑️ 3602 мусор
2026-05-09 13:07:15,785 | INFO     |   → 524/852: ✅ 49 взято | 🗑️ 98 мусор
2026-05-09 13:07:15,785 | INFO     |   → 525/852: ✅ 6 взято | 🗑️ 113 мусор
2026-05-09 13:07:15,785 | INFO     |   → 526/852: ✅ 0 взято | 🗑️ 0 мусор
2026-05-09 13:07:15,785 | INFO     |   → 527/852: ✅ 1 взято | 🗑️ 25 мусор
2026-05-09 13:07:15,785 | INFO     |   → 528/852: ✅ 0 взято | 🗑️ 0 мусор
2026-05-09 13:07:15,785 | INFO     |   → 529/852: ✅ 13 взято | 🗑️ 19 мусор
2026-05-09 13:07:15,785 | INFO     |   → 530/852: ✅ 0 взято | 🗑️ 5 мусор
2026-05-09 13:07:15,785 | INFO     |   → 531/852: ✅ 2 взято | 🗑️ 80 мусор
2026-05-09 13:07:15,785 | INFO     |   → 532/852 ❌ HTTP 404 — https://raw.githubusercontent.com/free-nodes/v2rayfree/main/v2
2026-05-09 13:07:15,785 | INFO     |   → 533/852 ❌ HTTP 404 — https://raw.githubusercontent.com/free-v2ray-config/trojan/main/trojan.txt
2026-05-09 13:07:15,785 | INFO     |   → 534/852 ❌ HTTP 404 — https://raw.githubusercontent.com/free-v2ray-config/vless/main/vless.txt
2026-05-09 13:07:15,785 | INFO     |   → 535/852 ❌ HTTP 404 — https://raw.githubusercontent.com/free-v2ray-config/vmess/main/vmess.txt
2026-05-09 13:07:15,785 | INFO     |   → 536/852: ✅ 5 взято | 🗑️ 169 мусор
2026-05-09 13:07:15,785 | INFO     |   → 537/852: ✅ 34 взято | 🗑️ 121 мусор
2026-05-09 13:07:15,785 | INFO     |   → 538/852: ✅ 4 взято | 🗑️ 97 мусор
2026-05-09 13:07:15,785 | INFO     |   → 539/852 ❌ HTTP 404 — https://raw.githubusercontent.com/free18/v2ray/main/Clash.yaml
2026-05-09 13:07:15,785 | INFO     |   → 540/852: ✅ 0 взято | 🗑️ 0 мусор
2026-05-09 13:07:15,785 | INFO     |   → 541/852: ✅ 0 взято | 🗑️ 15 мусор
2026-05-09 13:07:15,785 | INFO     |   → 542/852: ✅ 0 взято | 🗑️ 0 мусор
2026-05-09 13:07:15,785 | INFO     |   → 543/852: ✅ 0 взято | 🗑️ 8 мусор
2026-05-09 13:07:15,785 | INFO     |   → 544/852: ✅ 0 взято | 🗑️ 8 мусор
2026-05-09 13:07:15,785 | INFO     |   → 545/852: ✅ 0 взято | 🗑️ 8 мусор
2026-05-09 13:07:15,785 | INFO     |   → 546/852: ✅ 0 взято | 🗑️ 8 мусор
2026-05-09 13:07:15,785 | INFO     |   → 547/852 ❌ HTTP 404 — https://raw.githubusercontent.com/freev2rayconfig/V2RAY_SUB/3e6a7786a1601ee3723e8d043ae79e70dbdfd9a8/v2rayconfigs.txt
2026-05-09 13:07:15,785 | INFO     |   → 548/852 ❌ HTTP 404 — https://raw.githubusercontent.com/freev2rayconfig/V2RAY_SUBSCRIPTION_LINK/main/v2rayconfigs.txt
2026-05-09 13:07:15,785 | INFO     |   → 549/852 ❌ HTTP 404 — https://raw.githubusercontent.com/gfpcom/free-proxy-list/main/list/http.txt
2026-05-09 13:07:15,786 | INFO     |   → 550/852 ❌ HTTP 404 — https://raw.githubusercontent.com/gfpcom/free-proxy-list/main/list/https.txt
2026-05-09 13:07:15,786 | INFO     |   → 551/852 ❌ HTTP 404 — https://raw.githubusercontent.com/gfpcom/free-proxy-list/main/list/socks4.txt
2026-05-09 13:07:15,786 | INFO     |   → 552/852 ❌ HTTP 404 — https://raw.githubusercontent.com/gfpcom/free-proxy-list/main/list/socks4a.txt
2026-05-09 13:07:15,786 | INFO     |   → 553/852 ❌ HTTP 404 — https://raw.githubusercontent.com/gfpcom/free-proxy-list/main/list/socks5.txt
2026-05-09 13:07:15,786 | INFO     |   → 554/852 ❌ HTTP 404 — https://raw.githubusercontent.com/gfpcom/free-proxy-list/main/list/socks5h.txt
2026-05-09 13:07:15,786 | INFO     |   → 555/852 ❌ HTTP 404 — https://raw.githubusercontent.com/gfpcom/free-proxy-list/main/list/ss.txt
2026-05-09 13:07:15,786 | INFO     |   → 556/852 ❌ HTTP 404 — https://raw.githubusercontent.com/gfpcom/free-proxy-list/main/list/ssr.txt
2026-05-09 13:07:15,786 | INFO     |   → 557/852 ❌ HTTP 404 — https://raw.githubusercontent.com/gfpcom/free-proxy-list/main/list/trojan.txt
2026-05-09 13:07:15,786 | INFO     |   → 558/852 ❌ HTTP 404 — https://raw.githubusercontent.com/gfpcom/free-proxy-list/main/list/vless.txt
2026-05-09 13:07:15,786 | INFO     |   → 559/852 ❌ HTTP 404 — https://raw.githubusercontent.com/gfpcom/free-proxy-list/main/list/vmess.txt
2026-05-09 13:07:15,786 | INFO     |   → 560/852: ✅ 0 взято | 🗑️ 17 мусор
2026-05-09 13:07:15,786 | INFO     |   → 561/852: ✅ 0 взято | 🗑️ 0 мусор
2026-05-09 13:07:15,786 | INFO     |   → 562/852: ✅ 4 взято | 🗑️ 63 мусор
2026-05-09 13:07:15,786 | INFO     |   → 563/852 ❌ HTTP 404 — https://raw.githubusercontent.com/hameed-maleki/TVC/89a4522969c57dcc22458cae9898426e5c4f2679/lite/config.txt
2026-05-09 13:07:15,786 | INFO     |   → 564/852: ✅ 5 взято | 🗑️ 132 мусор
2026-05-09 13:07:15,786 | INFO     |   → 565/852: ✅ 0 взято | 🗑️ 56 мусор
2026-05-09 13:07:15,786 | INFO     |   → 566/852 ❌ HTTP 404 — https://raw.githubusercontent.com/hkaa0/permalink/main/proxy/V2ray
2026-05-09 13:07:15,786 | INFO     |   → 567/852 ❌ HTTP 404 — https://raw.githubusercontent.com/hkaa0/permalink/main/proxy/clash
2026-05-09 13:07:15,786 | INFO     |   → 568/852 ❌ HTTP 404 — https://raw.githubusercontent.com/hkpc/Autoproxy/6cf946ddfc677a29062007e4b47d70674474baa7/sub/2401/240110.txt
2026-05-09 13:07:15,786 | INFO     |   → 569/852 ❌ HTTP 404 — https://raw.githubusercontent.com/hkpc/V2ray-Configs/7d9aa0dabf947af180a7dd6302818ed37950531a/Sub1.txt
2026-05-09 13:07:15,786 | INFO     |   → 570/852: ✅ 0 взято | 🗑️ 14 мусор
2026-05-09 13:07:15,786 | INFO     |   → 571/852: ✅ 16 взято | 🗑️ 16 мусор
2026-05-09 13:07:15,786 | INFO     |   → 572/852 ❌ HTTP 404 — https://raw.githubusercontent.com/iboxz/free-v2ray-collector/main/main
2026-05-09 13:07:15,786 | INFO     |   → 573/852: ✅ 11 взято | 🗑️ 17 мусор
2026-05-09 13:07:15,786 | INFO     |   → 574/852: ✅ 8 взято | 🗑️ 8 мусор
2026-05-09 13:07:15,786 | INFO     |   → 575/852: ✅ 56 взято | 🗑️ 255 мусор
2026-05-09 13:07:15,786 | INFO     |   → 576/852 ❌ HTTP 404 — https://raw.githubusercontent.com/igareck/vpn-configs-for-russia/refs/heads/main/Vless-Reality-White-Lists-Rus-Cable.txt
2026-05-09 13:07:15,786 | INFO     |   → 577/852: ✅ 115 взято | 🗑️ 35 мусор
2026-05-09 13:07:15,786 | INFO     |   → 578/852: ✅ 0 взято | 🗑️ 0 мусор
2026-05-09 13:07:15,786 | INFO     |   → 579/852: ✅ 0 взято | 🗑️ 0 мусор
2026-05-09 13:07:15,786 | INFO     |   → 580/852: ✅ 23 взято | 🗑️ 9 мусор
2026-05-09 13:07:15,786 | INFO     |   → 581/852: ✅ 0 взято | 🗑️ 0 мусор
2026-05-09 13:07:15,786 | INFO     |   → 582/852: ✅ 0 взято | 🗑️ 0 мусор
2026-05-09 13:07:15,786 | INFO     |   → 583/852: ✅ 0 взято | 🗑️ 12 мусор
2026-05-09 13:07:15,786 | INFO     |   → 584/852: ✅ 0 взято | 🗑️ 43 мусор
2026-05-09 13:07:15,786 | INFO     |   → 585/852 ❌ HTTP 404 — https://raw.githubusercontent.com/jw853355718/clash_233/master/config.yml
2026-05-09 13:07:15,786 | INFO     |   → 586/852: ✅ 0 взято | 🗑️ 210 мусор
2026-05-09 13:07:15,786 | INFO     |   → 587/852: ✅ 0 взято | 🗑️ 0 мусор
2026-05-09 13:07:15,786 | INFO     |   → 588/852: ✅ 0 взято | 🗑️ 0 мусор
2026-05-09 13:07:15,786 | INFO     |   → 589/852 ❌ HTTP 404 — https://raw.githubusercontent.com/lcx12901/v2ray-/master/sspool.herokuapp.com/yzcloud.yaml
2026-05-09 13:07:15,786 | INFO     |   → 590/852 ❌ HTTP 404 — https://raw.githubusercontent.com/lcx12901/v2ray-/master/sspool.herokuapp.com/yzcloud2.yaml
2026-05-09 13:07:15,787 | INFO     |   → 591/852: ✅ 0 взято | 🗑️ 0 мусор
2026-05-09 13:07:15,787 | INFO     |   → 592/852 ❌ HTTP 404 — https://raw.githubusercontent.com/learnhard-cn/free_proxy_ss/main/clash/config.yaml
2026-05-09 13:07:15,787 | INFO     |   → 593/852: ✅ 0 взято | 🗑️ 8 мусор
2026-05-09 13:07:15,787 | INFO     |   → 594/852: ✅ 0 взято | 🗑️ 4 мусор
2026-05-09 13:07:15,787 | INFO     |   → 595/852: ✅ 0 взято | 🗑️ 0 мусор
2026-05-09 13:07:15,787 | INFO     |   → 596/852: ✅ 0 взято | 🗑️ 4 мусор
2026-05-09 13:07:15,787 | INFO     |   → 597/852: ✅ 0 взято | 🗑️ 149 мусор
2026-05-09 13:07:15,787 | INFO     |   → 598/852: ✅ 0 взято | 🗑️ 421 мусор
2026-05-09 13:07:15,787 | INFO     |   → 599/852 ❌ HTTP 404 — https://raw.githubusercontent.com/lisylva-lee/v2dyku/main/ssr
2026-05-09 13:07:15,787 | INFO     |   → 600/852 ❌ HTTP 404 — https://raw.githubusercontent.com/lisylva-lee/v2dyku/main/v2dy
2026-05-09 13:07:15,787 | INFO     |   → 601/852: ✅ 0 взято | 🗑️ 53 мусор
2026-05-09 13:07:15,787 | INFO     |   → 602/852 ❌ HTTP 404 — https://raw.githubusercontent.com/luxl-1379/merge/77247d23def72b25226dfa741614e9b07a569c72/sub/sub_merge_base64.txt
2026-05-09 13:07:15,787 | INFO     |   → 603/852: ✅ 146 взято | 🗑️ 343 мусор
2026-05-09 13:07:15,787 | INFO     |   → 604/852: ✅ 0 взято | 🗑️ 129 мусор
2026-05-09 13:07:15,787 | INFO     |   → 605/852: ✅ 802 взято | 🗑️ 4047 мусор
2026-05-09 13:07:15,787 | INFO     |   → 606/852: ✅ 0 взято | 🗑️ 0 мусор
2026-05-09 13:07:15,787 | INFO     |   → 607/852: ✅ 0 взято | 🗑️ 4047 мусор
2026-05-09 13:07:15,787 | INFO     |   → 608/852: ✅ 20 взято | 🗑️ 370 мусор
2026-05-09 13:07:15,787 | INFO     |   → 609/852 ❌ HTTP 404 — https://raw.githubusercontent.com/mermeroo/Clash-V2ray/main/v2ray
2026-05-09 13:07:15,787 | INFO     |   → 610/852: ✅ 15 взято | 🗑️ 417 мусор
2026-05-09 13:07:15,787 | INFO     |   → 611/852: ✅ 6 взято | 🗑️ 102 мусор
2026-05-09 13:07:15,787 | INFO     |   → 612/852: ✅ 716 взято | 🗑️ 6258 мусор
2026-05-09 13:07:15,787 | INFO     |   → 613/852: ✅ 8 взято | 🗑️ 853 мусор
2026-05-09 13:07:15,787 | INFO     |   → 614/852: ✅ 32 взято | 🗑️ 69 мусор
2026-05-09 13:07:15,787 | INFO     |   → 615/852 ❌ HTTP 404 — https://raw.githubusercontent.com/mermeroo/free-v2ray-collector/main/main/mix
2026-05-09 13:07:15,787 | INFO     |   → 616/852 ❌ HTTP 404 — https://raw.githubusercontent.com/mermeroo/free-v2ray-collector/main/main/reality
2026-05-09 13:07:15,787 | INFO     |   → 617/852 ❌ HTTP 404 — https://raw.githubusercontent.com/mermeroo/free-v2ray-collector/main/main/shadowsocks
2026-05-09 13:07:15,787 | INFO     |   → 618/852 ❌ HTTP 404 — https://raw.githubusercontent.com/mermeroo/free-v2ray-collector/main/main/trojan
2026-05-09 13:07:15,787 | INFO     |   → 619/852 ❌ HTTP 404 — https://raw.githubusercontent.com/mermeroo/free-v2ray-collector/main/main/vless
2026-05-09 13:07:15,787 | INFO     |   → 620/852 ❌ HTTP 404 — https://raw.githubusercontent.com/mermeroo/free-v2ray-collector/main/main/vmess
2026-05-09 13:07:15,787 | INFO     |   → 621/852 ❌ HTTP 404 — https://raw.githubusercontent.com/mfuu/v2ray/master/merge/merge.txt
2026-05-09 13:07:15,787 | INFO     |   → 622/852: ✅ 0 взято | 🗑️ 57 мусор
2026-05-09 13:07:15,787 | INFO     |   → 623/852: ✅ 0 взято | 🗑️ 57 мусор
2026-05-09 13:07:15,787 | INFO     |   → 624/852: ✅ 491 взято | 🗑️ 13519 мусор
2026-05-09 13:07:15,787 | INFO     |   → 625/852: ✅ 0 взято | 🗑️ 13519 мусор
2026-05-09 13:07:15,787 | INFO     |   → 626/852: ✅ 0 взято | 🗑️ 3211 мусор
2026-05-09 13:07:15,787 | INFO     |   → 627/852: ✅ 0 взято | 🗑️ 1667 мусор
2026-05-09 13:07:15,787 | INFO     |   → 628/852: ✅ 0 взято | 🗑️ 4551 мусор
2026-05-09 13:07:15,787 | INFO     |   → 629/852: ✅ 0 взято | 🗑️ 4090 мусор
2026-05-09 13:07:15,787 | INFO     |   → 630/852 ❌ HTTP 404 — https://raw.githubusercontent.com/mianous/qiren/main/qiren.txt
2026-05-09 13:07:15,787 | INFO     |   → 631/852 ❌ HTTP 404 — https://raw.githubusercontent.com/miladtahanian/V2RayCFGDumper/refs/heads/main/config.txt
2026-05-09 13:07:15,788 | INFO     |   → 632/852 ❌ HTTP 404 — https://raw.githubusercontent.com/miladtahanian/multi-proxy-config-fetcher/refs/heads/main/configs/proxy_configs.txt
2026-05-09 13:07:15,788 | INFO     |   → 633/852: ✅ 0 взято | 🗑️ 0 мусор
2026-05-09 13:07:15,788 | INFO     |   → 634/852: ✅ 0 взято | 🗑️ 0 мусор
2026-05-09 13:07:15,788 | INFO     |   → 635/852: ✅ 0 взято | 🗑️ 0 мусор
2026-05-09 13:07:15,788 | INFO     |   → 636/852: ✅ 15 взято | 🗑️ 46 мусор
2026-05-09 13:07:15,788 | INFO     |   → 637/852: ✅ 0 взято | 🗑️ 255 мусор
2026-05-09 13:07:15,788 | INFO     |   → 638/852: ✅ 0 взято | 🗑️ 0 мусор
2026-05-09 13:07:15,788 | INFO     |   → 639/852: ✅ 28 взято | 🗑️ 93 мусор
2026-05-09 13:07:15,788 | INFO     |   → 640/852: ✅ 0 взято | 🗑️ 0 мусор
2026-05-09 13:07:15,788 | INFO     |   → 641/852: ✅ 15 взято | 🗑️ 70 мусор
2026-05-09 13:07:15,788 | INFO     |   → 642/852: ✅ 127 взято | 🗑️ 492 мусор
2026-05-09 13:07:15,788 | INFO     |   → 643/852: ✅ 331 взято | 🗑️ 190 мусор
2026-05-09 13:07:15,788 | INFO     |   → 644/852: ✅ 27 взято | 🗑️ 734 мусор
2026-05-09 13:07:15,788 | INFO     |   → 645/852 ❌ HTTP 404 — https://raw.githubusercontent.com/obscure1990/freeVM/master/snippets/nodes.yml
2026-05-09 13:07:15,788 | INFO     |   → 646/852 ❌ HTTP 404 — https://raw.githubusercontent.com/op30mmd/things/909b38024ba14d69dc0f95c238f63bc6e930a00f/eut.txt
2026-05-09 13:07:15,788 | INFO     |   → 647/852 ❌ HTTP 404 — https://raw.githubusercontent.com/openRunner/clash-freenode/main/v2ray.txt
2026-05-09 13:07:15,788 | INFO     |   → 648/852 ❌ HTTP 404 — https://raw.githubusercontent.com/oslook/clash-freenode/main/clash.yaml
2026-05-09 13:07:15,788 | INFO     |   → 649/852: ✅ 0 взято | 🗑️ 0 мусор
2026-05-09 13:07:15,788 | INFO     |   → 650/852: ✅ 4 взято | 🗑️ 1 мусор
2026-05-09 13:07:15,788 | INFO     |   → 651/852: ✅ 0 взято | 🗑️ 0 мусор
2026-05-09 13:07:15,788 | INFO     |   → 652/852: ✅ 26 взято | 🗑️ 180 мусор
2026-05-09 13:07:15,788 | INFO     |   → 653/852: ✅ 0 взято | 🗑️ 0 мусор
2026-05-09 13:07:15,788 | INFO     |   → 654/852: ✅ 0 взято | 🗑️ 0 мусор
2026-05-09 13:07:15,788 | INFO     |   → 655/852: ✅ 0 взято | 🗑️ 19 мусор
2026-05-09 13:07:15,788 | INFO     |   → 656/852: ✅ 0 взято | 🗑️ 44 мусор
2026-05-09 13:07:15,788 | INFO     |   → 657/852: ✅ 63 взято | 🗑️ 521 мусор
2026-05-09 13:07:15,788 | INFO     |   → 658/852: ✅ 165 взято | 🗑️ 273 мусор
2026-05-09 13:07:15,788 | INFO     |   → 659/852: ✅ 0 взято | 🗑️ 0 мусор
2026-05-09 13:07:15,788 | INFO     |   → 660/852: ✅ 28 взято | 🗑️ 211 мусор
2026-05-09 13:07:15,788 | INFO     |   → 661/852: ✅ 0 взято | 🗑️ 79 мусор
2026-05-09 13:07:15,788 | INFO     |   → 662/852: ✅ 13 взято | 🗑️ 32 мусор
2026-05-09 13:07:15,788 | INFO     |   → 663/852: ✅ 0 взято | 🗑️ 0 мусор
2026-05-09 13:07:15,788 | INFO     |   → 664/852: ✅ 2 взято | 🗑️ 9 мусор
2026-05-09 13:07:15,788 | INFO     |   → 665/852: ✅ 11 взято | 🗑️ 76 мусор
2026-05-09 13:07:15,788 | INFO     |   → 666/852: ✅ 0 взято | 🗑️ 168 мусор
2026-05-09 13:07:15,788 | INFO     |   → 667/852: ✅ 0 взято | 🗑️ 79 мусор
2026-05-09 13:07:15,788 | INFO     |   → 668/852: ✅ 0 взято | 🗑️ 16 мусор
2026-05-09 13:07:15,788 | INFO     |   → 669/852 ❌ HTTP 404 — https://raw.githubusercontent.com/ronghuaxueleng/get_v2/main/pub/changfengoss.yaml
2026-05-09 13:07:15,788 | INFO     |   → 670/852: ✅ 0 взято | 🗑️ 0 мусор
2026-05-09 13:07:15,789 | INFO     |   → 671/852: ✅ 49 взято | 🗑️ 100 мусор
2026-05-09 13:07:15,789 | INFO     |   → 672/852: ✅ 0 взято | 🗑️ 100 мусор
2026-05-09 13:07:15,789 | INFO     |   → 673/852 ❌ HTTP 404 — https://raw.githubusercontent.com/rxsweet/CM_Vmess/refs/heads/main/test.txt
2026-05-09 13:07:15,789 | INFO     |   → 674/852 ❌ HTTP 404 — https://raw.githubusercontent.com/rxsweet/proxies/main/sub/free.yaml
2026-05-09 13:07:15,789 | INFO     |   → 675/852 ❌ HTTP 404 — https://raw.githubusercontent.com/rxsweet/proxies/main/sub/rx.yaml
2026-05-09 13:07:15,789 | INFO     |   → 676/852 ❌ HTTP 404 — https://raw.githubusercontent.com/rxsweet/proxies/main/sub/sources/dynamicAll.yaml
2026-05-09 13:07:15,789 | INFO     |   → 677/852 ❌ HTTP 404 — https://raw.githubusercontent.com/rxsweet/proxies/main/sub/sources/miningAll.yaml
2026-05-09 13:07:15,789 | INFO     |   → 678/852 ❌ HTTP 404 — https://raw.githubusercontent.com/rxsweet/proxies/main/sub/srx.yaml
2026-05-09 13:07:15,789 | INFO     |   → 679/852 ❌ HTTP 404 — https://raw.githubusercontent.com/sajad-sajadi/V2ray-Collector/raw/main/output/protocols/vmess.txt
2026-05-09 13:07:15,789 | INFO     |   → 680/852 ❌ HTTP 404 — https://raw.githubusercontent.com/sakha1370/OpenRay/raw/refs/heads/main/output/all_valid_proxies.txt
2026-05-09 13:07:15,789 | INFO     |   → 681/852: ✅ 53 взято | 🗑️ 399 мусор
2026-05-09 13:07:15,789 | INFO     |   → 682/852: ✅ 0 взято | 🗑️ 399 мусор
2026-05-09 13:07:15,789 | INFO     |   → 683/852 ❌ HTTP 404 — https://raw.githubusercontent.com/samjoeyang/subscribe/main/fly
2026-05-09 13:07:15,789 | INFO     |   → 684/852: ✅ 0 взято | 🗑️ 0 мусор
2026-05-09 13:07:15,789 | INFO     |   → 685/852 ❌ HTTP 404 — https://raw.githubusercontent.com/sarina-ad/v2ray/main/v2ray
2026-05-09 13:07:15,789 | INFO     |   → 686/852 ❌ HTTP 404 — https://raw.githubusercontent.com/satrom/V2SSR/master/SSR/Sub.txt
2026-05-09 13:07:15,789 | INFO     |   → 687/852 ❌ HTTP 404 — https://raw.githubusercontent.com/satrom/V2SSR/master/V2RAY/Sub.txt
2026-05-09 13:07:15,789 | INFO     |   → 688/852: ✅ 769 взято | 🗑️ 25499 мусор
2026-05-09 13:07:15,789 | INFO     |   → 689/852: ✅ 0 взято | 🗑️ 0 мусор
2026-05-09 13:07:15,789 | INFO     |   → 690/852: ✅ 0 взято | 🗑️ 0 мусор
2026-05-09 13:07:15,789 | INFO     |   → 691/852: ✅ 3 взято | 🗑️ 49 мусор
2026-05-09 13:07:15,789 | INFO     |   → 692/852: ✅ 105 взято | 🗑️ 1364 мусор
2026-05-09 13:07:15,789 | INFO     |   → 693/852: ✅ 0 взято | 🗑️ 688 мусор
2026-05-09 13:07:15,789 | INFO     |   → 694/852: ✅ 0 взято | 🗑️ 39 мусор
2026-05-09 13:07:15,789 | INFO     |   → 695/852: ✅ 0 взято | 🗑️ 621 мусор
2026-05-09 13:07:15,789 | INFO     |   → 696/852: ✅ 0 взято | 🗑️ 16 мусор
2026-05-09 13:07:15,789 | INFO     |   → 697/852: ✅ 0 взято | 🗑️ 1364 мусор
2026-05-09 13:07:15,789 | INFO     |   → 698/852: ✅ 0 взято | 🗑️ 0 мусор
2026-05-09 13:07:15,789 | INFO     |   → 699/852 ❌ HTTP 404 — https://raw.githubusercontent.com/shirkerboy/scp/main/sub
2026-05-09 13:07:15,789 | INFO     |   → 700/852 ❌ HTTP 404 — https://raw.githubusercontent.com/snakem982/proxypool/main/nodelist.txt
2026-05-09 13:07:15,789 | INFO     |   → 701/852: ✅ 28 взято | 🗑️ 37 мусор
2026-05-09 13:07:15,789 | INFO     |   → 702/852 ❌ HTTP 404 — https://raw.githubusercontent.com/snakem982/proxypool/main/source/v2ray.txt
2026-05-09 13:07:15,789 | INFO     |   → 703/852 ❌ HTTP 404 — https://raw.githubusercontent.com/soroushmirzaei/telegram-configs-collector/main/channels/protocols/hysteria
2026-05-09 13:07:15,789 | INFO     |   → 704/852 ❌ HTTP 404 — https://raw.githubusercontent.com/soroushmirzaei/telegram-configs-collector/main/channels/protocols/juicity
2026-05-09 13:07:15,789 | INFO     |   → 705/852 ❌ HTTP 404 — https://raw.githubusercontent.com/soroushmirzaei/telegram-configs-collector/main/channels/protocols/reality
2026-05-09 13:07:15,789 | INFO     |   → 706/852 ❌ HTTP 404 — https://raw.githubusercontent.com/soroushmirzaei/telegram-configs-collector/main/channels/protocols/shadowsocks
2026-05-09 13:07:15,789 | INFO     |   → 707/852 ❌ HTTP 404 — https://raw.githubusercontent.com/soroushmirzaei/telegram-configs-collector/main/channels/protocols/trojan
2026-05-09 13:07:15,789 | INFO     |   → 708/852 ❌ HTTP 404 — https://raw.githubusercontent.com/soroushmirzaei/telegram-configs-collector/main/channels/protocols/tuic
2026-05-09 13:07:15,789 | INFO     |   → 709/852 ❌ HTTP 404 — https://raw.githubusercontent.com/soroushmirzaei/telegram-configs-collector/main/channels/protocols/vless
2026-05-09 13:07:15,790 | INFO     |   → 710/852 ❌ HTTP 404 — https://raw.githubusercontent.com/soroushmirzaei/telegram-configs-collector/main/channels/protocols/vmess
2026-05-09 13:07:15,790 | INFO     |   → 711/852 ❌ HTTP 404 — https://raw.githubusercontent.com/soroushmirzaei/telegram-configs-collector/main/countries/jp/mixed
2026-05-09 13:07:15,790 | INFO     |   → 712/852 ❌ HTTP 404 — https://raw.githubusercontent.com/soroushmirzaei/telegram-configs-collector/main/protocols/hysteria
2026-05-09 13:07:15,790 | INFO     |   → 713/852 ❌ HTTP 404 — https://raw.githubusercontent.com/soroushmirzaei/telegram-configs-collector/main/protocols/juicity
2026-05-09 13:07:15,790 | INFO     |   → 714/852 ❌ HTTP 404 — https://raw.githubusercontent.com/soroushmirzaei/telegram-configs-collector/main/protocols/reality
2026-05-09 13:07:15,790 | INFO     |   → 715/852 ❌ HTTP 404 — https://raw.githubusercontent.com/soroushmirzaei/telegram-configs-collector/main/protocols/shadowsocks
2026-05-09 13:07:15,790 | INFO     |   → 716/852 ❌ HTTP 404 — https://raw.githubusercontent.com/soroushmirzaei/telegram-configs-collector/main/protocols/trojan
2026-05-09 13:07:15,790 | INFO     |   → 717/852 ❌ HTTP 404 — https://raw.githubusercontent.com/soroushmirzaei/telegram-configs-collector/main/protocols/tuic
2026-05-09 13:07:15,790 | INFO     |   → 718/852 ❌ HTTP 404 — https://raw.githubusercontent.com/soroushmirzaei/telegram-configs-collector/main/protocols/vless
2026-05-09 13:07:15,790 | INFO     |   → 719/852 ❌ HTTP 404 — https://raw.githubusercontent.com/soroushmirzaei/telegram-configs-collector/main/protocols/vmess
2026-05-09 13:07:15,790 | INFO     |   → 720/852 ❌ HTTP 404 — https://raw.githubusercontent.com/soroushmirzaei/telegram-configs-collector/main/splitted/subscribe
2026-05-09 13:07:15,790 | INFO     |   → 721/852 ❌ HTTP 404 — https://raw.githubusercontent.com/ssrsub/ssr/master/Clash.yml
2026-05-09 13:07:15,790 | INFO     |   → 722/852 ❌ HTTP 404 — https://raw.githubusercontent.com/ssrsub/ssr/master/V2Ray
2026-05-09 13:07:15,790 | INFO     |   → 723/852 ❌ HTTP 404 — https://raw.githubusercontent.com/ssrsub/ssr/master/ss-sub
2026-05-09 13:07:15,790 | INFO     |   → 724/852 ❌ HTTP 404 — https://raw.githubusercontent.com/ssrsub/ssr/master/ssrsub
2026-05-09 13:07:15,790 | INFO     |   → 725/852 ❌ HTTP 404 — https://raw.githubusercontent.com/ssrsub/ssr/master/trojan
2026-05-09 13:07:15,790 | INFO     |   → 726/852: ✅ 0 взято | 🗑️ 0 мусор
2026-05-09 13:07:15,790 | INFO     |   → 727/852: ✅ 2 взято | 🗑️ 12 мусор
2026-05-09 13:07:15,790 | INFO     |   → 728/852: ✅ 0 взято | 🗑️ 13 мусор
2026-05-09 13:07:15,790 | INFO     |   → 729/852: ✅ 0 взято | 🗑️ 13 мусор
2026-05-09 13:07:15,790 | INFO     |   → 730/852 ❌ HTTP 404 — https://raw.githubusercontent.com/tbbatbb/Proxy/master/dist/clash.config.yaml
2026-05-09 13:07:15,790 | INFO     |   → 731/852: ✅ 2 взято | 🗑️ 35 мусор
2026-05-09 13:07:15,790 | INFO     |   → 732/852: ✅ 0 взято | 🗑️ 0 мусор
2026-05-09 13:07:15,790 | INFO     |   → 733/852: ✅ 5 взято | 🗑️ 111 мусор
2026-05-09 13:07:15,790 | INFO     |   → 734/852: ✅ 0 взято | 🗑️ 0 мусор
2026-05-09 13:07:15,790 | INFO     |   → 735/852: ✅ 0 взято | 🗑️ 59 мусор
2026-05-09 13:07:15,790 | INFO     |   → 736/852 ❌ HTTP 404 — https://raw.githubusercontent.com/v2clash/Autoproxy/a81f840ab2364124133572ec94e4b81fb0d4e58d/sub/2401/240104.txt
2026-05-09 13:07:15,790 | INFO     |   → 737/852 ❌ HTTP 404 — https://raw.githubusercontent.com/v2clash/V2ray-Configs/31f493c584d0c7b56350f4a34d80c53ad82bcc18/Sub9.txt
2026-05-09 13:07:15,790 | INFO     |   → 738/852: ✅ 0 взято | 🗑️ 0 мусор
2026-05-09 13:07:15,790 | INFO     |   → 739/852: ✅ 0 взято | 🗑️ 0 мусор
2026-05-09 13:07:15,790 | INFO     |   → 740/852: ✅ 0 взято | 🗑️ 0 мусор
2026-05-09 13:07:15,790 | INFO     |   → 741/852: ✅ 283 взято | 🗑️ 9640 мусор
2026-05-09 13:07:15,790 | INFO     |   → 742/852: ✅ 281 взято | 🗑️ 10086 мусор
2026-05-09 13:07:15,790 | INFO     |   → 743/852: ✅ 280 взято | 🗑️ 9675 мусор
2026-05-09 13:07:15,790 | INFO     |   → 744/852: ✅ 334 взято | 🗑️ 9823 мусор
2026-05-09 13:07:15,790 | INFO     |   → 745/852: ✅ 350 взято | 🗑️ 9639 мусор
2026-05-09 13:07:15,790 | INFO     |   → 746/852: ✅ 125 взято | 🗑️ 7919 мусор
2026-05-09 13:07:15,790 | INFO     |   → 747/852: ✅ 135 взято | 🗑️ 4836 мусор
2026-05-09 13:07:15,790 | INFO     |   → 748/852: ✅ 502 взято | 🗑️ 7659 мусор
2026-05-09 13:07:15,791 | INFO     |   → 749/852: ✅ 631 взято | 🗑️ 8081 мусор
2026-05-09 13:07:15,791 | INFO     |   → 750/852: ✅ 202 взято | 🗑️ 5131 мусор
2026-05-09 13:07:15,791 | INFO     |   → 751/852 ❌ HTTP 404 — https://raw.githubusercontent.com/vveg26/chromego_merge/main/sub/merged_proxies.yaml
2026-05-09 13:07:15,791 | INFO     |   → 752/852 ❌ HTTP 404 — https://raw.githubusercontent.com/vveg26/get_proxy/main/dist/clash.config.yaml
2026-05-09 13:07:15,791 | INFO     |   → 753/852: ✅ 0 взято | 🗑️ 10 мусор
2026-05-09 13:07:15,791 | INFO     |   → 754/852: ✅ 0 взято | 🗑️ 10 мусор
2026-05-09 13:07:15,791 | INFO     |   → 755/852: ✅ 0 взято | 🗑️ 4 мусор
2026-05-09 13:07:15,791 | INFO     |   → 756/852: ✅ 0 взято | 🗑️ 0 мусор
2026-05-09 13:07:15,791 | INFO     |   → 757/852: ✅ 0 взято | 🗑️ 4 мусор
2026-05-09 13:07:15,791 | INFO     |   → 758/852: ✅ 106 взято | 🗑️ 689 мусор
2026-05-09 13:07:15,791 | INFO     |   → 759/852: ✅ 48 взято | 🗑️ 841 мусор
2026-05-09 13:07:15,791 | INFO     |   → 760/852: ✅ 21 взято | 🗑️ 789 мусор
2026-05-09 13:07:15,791 | INFO     |   → 761/852: ✅ 24 взято | 🗑️ 774 мусор
2026-05-09 13:07:15,791 | INFO     |   → 762/852: ✅ 52 взято | 🗑️ 756 мусор
2026-05-09 13:07:15,791 | INFO     |   → 763/852: ✅ 191 взято | 🗑️ 745 мусор
2026-05-09 13:07:15,791 | INFO     |   → 764/852: ✅ 9 взято | 🗑️ 651 мусор
2026-05-09 13:07:15,791 | INFO     |   → 765/852: ✅ 185 взято | 🗑️ 388 мусор
2026-05-09 13:07:15,791 | INFO     |   → 766/852: ✅ 130 взято | 🗑️ 523 мусор
2026-05-09 13:07:15,791 | INFO     |   → 767/852: ✅ 67 взято | 🗑️ 533 мусор
2026-05-09 13:07:15,791 | INFO     |   → 768/852: ✅ 98 взято | 🗑️ 444 мусор
2026-05-09 13:07:15,791 | INFO     |   → 769/852: ✅ 102 взято | 🗑️ 670 мусор
2026-05-09 13:07:15,791 | INFO     |   → 770/852: ✅ 86 взято | 🗑️ 476 мусор
2026-05-09 13:07:15,791 | INFO     |   → 771/852: ✅ 95 взято | 🗑️ 657 мусор
2026-05-09 13:07:15,791 | INFO     |   → 772/852: ✅ 105 взято | 🗑️ 645 мусор
2026-05-09 13:07:15,791 | INFO     |   → 773/852: ✅ 115 взято | 🗑️ 985 мусор
2026-05-09 13:07:15,791 | INFO     |   → 774/852: ✅ 6 взято | 🗑️ 63 мусор
2026-05-09 13:07:15,791 | INFO     |   → 775/852: ✅ 7 взято | 🗑️ 62 мусор
2026-05-09 13:07:15,791 | INFO     |   → 776/852: ✅ 39 взято | 🗑️ 489 мусор
2026-05-09 13:07:15,791 | INFO     |   → 777/852: ✅ 0 взято | 🗑️ 0 мусор
2026-05-09 13:07:15,791 | INFO     |   → 778/852: ✅ 0 взято | 🗑️ 0 мусор
2026-05-09 13:07:15,791 | INFO     |   → 779/852: ✅ 0 взято | 🗑️ 0 мусор
2026-05-09 13:07:15,791 | INFO     |   → 780/852: ✅ 0 взято | 🗑️ 0 мусор
2026-05-09 13:07:15,791 | INFO     |   → 781/852: ✅ 0 взято | 🗑️ 0 мусор
2026-05-09 13:07:15,791 | INFO     |   → 782/852: ✅ 0 взято | 🗑️ 52 мусор
2026-05-09 13:07:15,791 | INFO     |   → 783/852: ✅ 5 взято | 🗑️ 10 мусор
2026-05-09 13:07:15,791 | INFO     |   → 784/852: ✅ 1 взято | 🗑️ 124 мусор
2026-05-09 13:07:15,791 | INFO     |   → 785/852: ✅ 108 взято | 🗑️ 97 мусор
2026-05-09 13:07:15,791 | INFO     |   → 786/852: ✅ 0 взято | 🗑️ 9 мусор
2026-05-09 13:07:15,791 | INFO     |   → 787/852: ✅ 48 взято | 🗑️ 451 мусор
2026-05-09 13:07:15,791 | INFO     |   → 788/852 ❌ HTTP 404 — https://raw.githubusercontent.com/xiaozhu2007/xiaozhu2007/61a755a044dbaeea678bc2d1e20f21a21c6d7170/docs/fxxk.txt
2026-05-09 13:07:15,791 | INFO     |   → 789/852: ✅ 1 взято | 🗑️ 159 мусор
2026-05-09 13:07:15,791 | INFO     |   → 790/852: ✅ 0 взято | 🗑️ 22 мусор
2026-05-09 13:07:15,791 | INFO     |   → 791/852: ✅ 0 взято | 🗑️ 0 мусор
2026-05-09 13:07:15,791 | INFO     |   → 792/852 ❌ HTTP 404 — https://raw.githubusercontent.com/yebekhe/TVC/0f745f92bf381e505f1245abbc7c145b19b11503/config.txt
2026-05-09 13:07:15,791 | INFO     |   → 793/852 ❌ HTTP 404 — https://raw.githubusercontent.com/yebekhe/TVC/9fac69239c69327fb7a61f5a8d79d107133889e1/lite/config.txt
2026-05-09 13:07:15,791 | INFO     |   → 794/852 ❌ HTTP 404 — https://raw.githubusercontent.com/yebekhe/TelegramV2rayCollector/main/sub/normal/donated
2026-05-09 13:07:15,791 | INFO     |   → 795/852 ❌ HTTP 404 — https://raw.githubusercontent.com/yebekhe/TelegramV2rayCollector/main/sub/normal/hysteria2
2026-05-09 13:07:15,791 | INFO     |   → 796/852 ❌ HTTP 404 — https://raw.githubusercontent.com/yebekhe/TelegramV2rayCollector/main/sub/normal/mix
2026-05-09 13:07:15,791 | INFO     |   → 797/852 ❌ HTTP 404 — https://raw.githubusercontent.com/yebekhe/TelegramV2rayCollector/main/sub/normal/reality
2026-05-09 13:07:15,791 | INFO     |   → 798/852 ❌ HTTP 404 — https://raw.githubusercontent.com/yebekhe/TelegramV2rayCollector/main/sub/normal/shadowsocks
2026-05-09 13:07:15,791 | INFO     |   → 799/852 ❌ HTTP 404 — https://raw.githubusercontent.com/yebekhe/TelegramV2rayCollector/main/sub/normal/trojan
2026-05-09 13:07:15,791 | INFO     |   → 800/852 ❌ HTTP 404 — https://raw.githubusercontent.com/yebekhe/TelegramV2rayCollector/main/sub/normal/tuic
2026-05-09 13:07:15,791 | INFO     |   → 801/852 ❌ HTTP 404 — https://raw.githubusercontent.com/yebekhe/TelegramV2rayCollector/main/sub/normal/vless
2026-05-09 13:07:15,791 | INFO     |   → 802/852 ❌ HTTP 404 — https://raw.githubusercontent.com/yebekhe/TelegramV2rayCollector/main/sub/normal/vmess
2026-05-09 13:07:15,791 | INFO     |   → 803/852 ❌ HTTP 404 — https://raw.githubusercontent.com/yebekhe/V2Hub/main/Split/Normal/shadowsocks
2026-05-09 13:07:15,792 | INFO     |   → 804/852 ❌ HTTP 404 — https://raw.githubusercontent.com/yebekhe/V2Hub/main/merged
2026-05-09 13:07:15,792 | INFO     |   → 805/852: ✅ 0 взято | 🗑️ 30 мусор
2026-05-09 13:07:15,792 | INFO     |   → 806/852: ✅ 976 взято | 🗑️ 7464 мусор
2026-05-09 13:07:15,792 | INFO     |   → 807/852: ✅ 6 взято | 🗑️ 344 мусор
2026-05-09 13:07:15,792 | INFO     |   → 808/852: ✅ 7 взято | 🗑️ 262 мусор
2026-05-09 13:07:15,792 | INFO     |   → 809/852: ✅ 305 взято | 🗑️ 191 мусор
2026-05-09 13:07:15,792 | INFO     |   → 810/852: ✅ 0 взято | 🗑️ 1502 мусор
2026-05-09 13:07:15,792 | INFO     |   → 811/852: ✅ 2 взято | 🗑️ 390 мусор
2026-05-09 13:07:15,792 | INFO     |   → 812/852 ❌ HTTP 404 — https://raw.githubusercontent.com/yyyr-otz/tele-providers-collector/019cb3e07ee52fddbc7caa54fc670c6b9bae6539/sub/proxies.txt
2026-05-09 13:07:15,792 | INFO     |   → 813/852 ❌ HTTP 404 — https://raw.githubusercontent.com/yyyr-otz/tele-providers-collector/b7a74ee98bcf02c5a507d688a1bed3aa9f7f4ed1/script/raw/protocols/mixed.txt
2026-05-09 13:07:15,792 | INFO     |   → 814/852: ✅ 0 взято | 🗑️ 0 мусор
2026-05-09 13:07:15,792 | INFO     |   → 815/852: ✅ 0 взято | 🗑️ 0 мусор
2026-05-09 13:07:15,792 | INFO     |   → 816/852: ✅ 1 взято | 🗑️ 18 мусор
2026-05-09 13:07:15,792 | INFO     |   → 817/852: ✅ 0 взято | 🗑️ 17 мусор
2026-05-09 13:07:15,792 | INFO     |   → 818/852: ✅ 0 взято | 🗑️ 5 мусор
2026-05-09 13:07:15,792 | INFO     |   → 819/852: ✅ 0 взято | 🗑️ 0 мусор
2026-05-09 13:07:15,792 | INFO     |   → 820/852 ⚠️ Ошибка: ('Connection aborted.', RemoteDisconnected('Remote end closed connection without response')) — https://sub.pmsub.me/clash.yaml
2026-05-09 13:07:15,792 | INFO     |   → 821/852: ✅ 0 взято | 🗑️ 1 мусор
2026-05-09 13:07:15,792 | INFO     |   → 822/852: ✅ 8 взято | 🗑️ 21 мусор
2026-05-09 13:07:15,792 | INFO     |   → 823/852: ✅ 0 взято | 🗑️ 0 мусор
2026-05-09 13:07:15,792 | INFO     |   → 824/852: ✅ 9 взято | 🗑️ 19 мусор
2026-05-09 13:07:15,792 | INFO     |   → 825/852: ✅ 0 взято | 🗑️ 0 мусор
2026-05-09 13:07:15,792 | INFO     |   → 826/852: ✅ 2 взято | 🗑️ 14 мусор
2026-05-09 13:07:15,792 | INFO     |   → 827/852: ✅ 4 взято | 🗑️ 22 мусор
2026-05-09 13:07:15,792 | INFO     |   → 828/852: ✅ 0 взято | 🗑️ 0 мусор
2026-05-09 13:07:15,792 | INFO     |   → 829/852: ✅ 0 взято | 🗑️ 0 мусор
2026-05-09 13:07:15,792 | INFO     |   → 830/852: ✅ 0 взято | 🗑️ 0 мусор
2026-05-09 13:07:15,792 | INFO     |   → 831/852: ✅ 2 взято | 🗑️ 16 мусор
2026-05-09 13:07:15,792 | INFO     |   → 832/852: ✅ 0 взято | 🗑️ 0 мусор
2026-05-09 13:07:15,792 | INFO     |   → 833/852: ✅ 4 взято | 🗑️ 7 мусор
2026-05-09 13:07:15,792 | INFO     |   → 834/852: ✅ 0 взято | 🗑️ 0 мусор
2026-05-09 13:07:15,792 | INFO     |   → 835/852: ✅ 6 взято | 🗑️ 14 мусор
2026-05-09 13:07:15,792 | INFO     |   → 836/852: ✅ 0 взято | 🗑️ 0 мусор
2026-05-09 13:07:15,792 | INFO     |   → 837/852: ✅ 2 взято | 🗑️ 13 мусор
2026-05-09 13:07:15,792 | INFO     |   → 838/852: ✅ 0 взято | 🗑️ 0 мусор
2026-05-09 13:07:15,792 | INFO     |   → 839/852: ✅ 0 взято | 🗑️ 0 мусор
2026-05-09 13:07:15,792 | INFO     |   → 840/852: ✅ 2 взято | 🗑️ 7 мусор
2026-05-09 13:07:15,792 | INFO     |   → 841/852: ✅ 2 взято | 🗑️ 14 мусор
2026-05-09 13:07:15,792 | INFO     |   → 842/852: ✅ 2 взято | 🗑️ 14 мусор
2026-05-09 13:07:15,792 | INFO     |   → 843/852: ✅ 0 взято | 🗑️ 0 мусор
2026-05-09 13:07:15,792 | INFO     |   → 844/852: ✅ 3 взято | 🗑️ 22 мусор
2026-05-09 13:07:15,792 | INFO     |   → 845/852: ✅ 0 взято | 🗑️ 0 мусор
2026-05-09 13:07:15,792 | INFO     |   → 846/852: ✅ 2 взято | 🗑️ 15 мусор
2026-05-09 13:07:15,792 | INFO     |   → 847/852: ✅ 3 взято | 🗑️ 12 мусор
2026-05-09 13:07:15,792 | INFO     |   → 848/852: ✅ 0 взято | 🗑️ 0 мусор
2026-05-09 13:07:15,792 | INFO     |   → 849/852: ✅ 0 взято | 🗑️ 0 мусор
2026-05-09 13:07:15,792 | INFO     |   → 850/852: ✅ 0 взято | 🗑️ 0 мусор
2026-05-09 13:07:15,792 | INFO     |   → 851/852: ✅ 4 взято | 🗑️ 11 мусор
2026-05-09 13:07:15,792 | INFO     |   → 852/852: ✅ 0 взято | 🗑️ 15 мусор
2026-05-09 13:07:15,792 | INFO     |   → ✅ ГОТОВО!
2026-05-09 13:07:15,792 | INFO     |   →    📥 Всего ключей после фильтра: 15754
2026-05-09 13:07:15,792 | INFO     |   →    🔗 Уникальных IP:PORT:SCHEME: 9684
2026-05-09 13:07:15,793 | INFO     |   →    🗑️ Выброшено мусора: 269981
2026-05-09 13:07:15,793 | INFO     |   → 📊 По протоколам:
2026-05-09 13:07:15,793 | INFO     |   →    vless: 3279
2026-05-09 13:07:15,793 | INFO     |   →    vmess: 3278
2026-05-09 13:07:15,793 | INFO     |   →    trojan: 1107
2026-05-09 13:07:15,793 | INFO     |   →    ss: 1865
2026-05-09 13:07:15,793 | INFO     |   →    hysteria: 13
2026-05-09 13:07:15,793 | INFO     |   →    hysteria2: 31
2026-05-09 13:07:15,793 | INFO     |   →    hy2: 59
2026-05-09 13:07:15,793 | INFO     |   →    tuic: 52
2026-05-09 13:07:15,793 | INFO     | ✅ mirror.py завершён успешно
2026-05-09 13:07:15,793 | INFO     | 
2026-05-09 13:07:15,793 | INFO     | 
2026-05-09 13:07:15,793 | INFO     | ──────────────────────────────────────────────────────────────────────
2026-05-09 13:07:15,793 | INFO     | 📌 ЭТАП: Фильтрация по реальному SNI
2026-05-09 13:07:15,793 | INFO     | ──────────────────────────────────────────────────────────────────────
2026-05-09 13:07:15,793 | INFO     | 🚀 Запуск filter_ru_sni.py (Фильтр по реальному SNI (CDN+RU))...
2026-05-09 13:07:15,963 | INFO     |   → hy2.txt: 59 → 19 (SNI-filtered)
2026-05-09 13:07:15,963 | INFO     |   →   hysteria.txt: 13 → 0 (SNI-filtered)
2026-05-09 13:07:15,963 | INFO     |   →   hysteria2.txt: 31 → 8 (SNI-filtered)
2026-05-09 13:07:15,963 | INFO     |   →   ss.txt: 1865 → 0 (SNI-filtered)
2026-05-09 13:07:15,963 | INFO     |   →   trojan.txt: 1107 → 3 (SNI-filtered)
2026-05-09 13:07:15,963 | INFO     |   →   tuic.txt: 52 → 0 (SNI-filtered)
2026-05-09 13:07:15,963 | INFO     |   →   vless.txt: 3279 → 373 (SNI-filtered)
2026-05-09 13:07:15,963 | INFO     |   →   vmess.txt: 3278 → 37 (SNI-filtered)
2026-05-09 13:07:15,963 | INFO     |   → ==================================================
2026-05-09 13:07:15,963 | INFO     |   →   Всего входных:  9684
2026-05-09 13:07:15,963 | INFO     |   →   Прошли фильтр:  440
2026-05-09 13:07:15,963 | INFO     |   →   Отброшено:      9244
2026-05-09 13:07:15,963 | INFO     |   → ==================================================
2026-05-09 13:07:15,963 | INFO     |   → Готово → /home/runner/work/vpn-vless-configs-russia/vpn-vless-configs-russia/githubmirror/ru-sni
2026-05-09 13:07:15,963 | INFO     | ✅ filter_ru_sni.py завершён успешно
2026-05-09 13:07:15,963 | INFO     | 
2026-05-09 13:07:15,963 | INFO     | 
2026-05-09 13:07:15,963 | INFO     | ──────────────────────────────────────────────────────────────────────
2026-05-09 13:07:15,963 | INFO     | 📌 ЭТАП: Экспериментальный RU-SNI фильтр
2026-05-09 13:07:15,963 | INFO     | ──────────────────────────────────────────────────────────────────────
2026-05-09 13:07:15,963 | INFO     | 🚀 Запуск filter_ru_sni_local.py (Экспериментальный фильтр по RU-SNI (локальные домены))...
2026-05-09 13:07:16,083 | INFO     |   → hy2.txt: 59 → 0 (RU-SNI)
2026-05-09 13:07:16,083 | INFO     |   → hysteria.txt: 13 → 0 (RU-SNI)
2026-05-09 13:07:16,083 | INFO     |   → hysteria2.txt: 31 → 0 (RU-SNI)
2026-05-09 13:07:16,083 | INFO     |   → ss.txt: 1865 → 0 (RU-SNI)
2026-05-09 13:07:16,083 | INFO     |   → trojan.txt: 1107 → 0 (RU-SNI)
2026-05-09 13:07:16,083 | INFO     |   → tuic.txt: 52 → 0 (RU-SNI)
2026-05-09 13:07:16,083 | INFO     |   → vless.txt: 3279 → 93 (RU-SNI)
2026-05-09 13:07:16,083 | INFO     |   → vmess.txt: 3278 → 0 (RU-SNI)
2026-05-09 13:07:16,083 | INFO     |   → ==================================================
2026-05-09 13:07:16,083 | INFO     |   → Всего входных:  9684
2026-05-09 13:07:16,083 | INFO     |   → Прошли RU-SNI:  93
2026-05-09 13:07:16,083 | INFO     |   → Отброшено:      9591
2026-05-09 13:07:16,083 | INFO     |   → ==================================================
2026-05-09 13:07:16,083 | INFO     |   → Готово → /home/runner/work/vpn-vless-configs-russia/vpn-vless-configs-russia/githubmirror/ru-sni-local
2026-05-09 13:07:16,083 | INFO     | ✅ filter_ru_sni_local.py завершён успешно
2026-05-09 13:07:16,083 | INFO     | 
2026-05-09 13:07:16,083 | INFO     | 
2026-05-09 13:07:16,084 | INFO     | ──────────────────────────────────────────────────────────────────────
2026-05-09 13:07:16,084 | INFO     | 📌 ЭТАП: Сбор статистики
2026-05-09 13:07:16,084 | INFO     | ──────────────────────────────────────────────────────────────────────
2026-05-09 13:07:16,084 | INFO     | 📊 Сбор статистики...
2026-05-09 13:07:16,084 | INFO     |   📁 githubmirror/clean:
2026-05-09 13:07:16,084 | INFO     |     • hy2         :    59 конфигов
2026-05-09 13:07:16,084 | INFO     |     • hysteria    :    13 конфигов
2026-05-09 13:07:16,084 | INFO     |     • hysteria2   :    31 конфигов
2026-05-09 13:07:16,085 | INFO     |     • ss          :  1865 конфигов
2026-05-09 13:07:16,086 | INFO     |     • trojan      :  1107 конфигов
2026-05-09 13:07:16,086 | INFO     |     • tuic        :    52 конфигов
2026-05-09 13:07:16,089 | INFO     |     • vless       :  3279 конфигов
2026-05-09 13:07:16,091 | INFO     |     • vmess       :  3278 конфигов
2026-05-09 13:07:16,091 | INFO     |   📁 githubmirror/ru-sni:
2026-05-09 13:07:16,091 | INFO     |     • hy2         :    19 конфигов ( 32.2% от clean)
2026-05-09 13:07:16,091 | INFO     |     • hysteria    :     0 конфигов (  0.0% от clean)
2026-05-09 13:07:16,092 | INFO     |     • hysteria2   :     8 конфигов ( 25.8% от clean)
2026-05-09 13:07:16,092 | INFO     |     • ss          :     0 конфигов (  0.0% от clean)
2026-05-09 13:07:16,092 | INFO     |     • trojan      :     3 конфигов (  0.3% от clean)
2026-05-09 13:07:16,092 | INFO     |     • tuic        :     0 конфигов (  0.0% от clean)
2026-05-09 13:07:16,092 | INFO     |     • vless       :   373 конфигов ( 11.4% от clean)
2026-05-09 13:07:16,092 | INFO     |     • vmess       :    37 конфигов (  1.1% от clean)
2026-05-09 13:07:16,092 | INFO     | 
2026-05-09 13:07:16,092 | INFO     |   ──────────────────────────────────────────────────
2026-05-09 13:07:16,092 | INFO     |   📈 ИТОГО:
2026-05-09 13:07:16,092 | INFO     |     Clean (после geo-фильтра):     9684
2026-05-09 13:07:16,092 | INFO     |     RU-SNI (после SNI-фильтра):     440
2026-05-09 13:07:16,092 | INFO     |     Прошло фильтр:                  4.5%
2026-05-09 13:07:16,092 | INFO     |   ──────────────────────────────────────────────────
2026-05-09 13:07:16,093 | INFO     | ✅ Статистика сохранена: /home/runner/work/vpn-vless-configs-russia/vpn-vless-configs-russia/stats.json
2026-05-09 13:07:16,093 | INFO     | 
2026-05-09 13:07:16,093 | INFO     | ======================================================================
2026-05-09 13:07:16,093 | INFO     | 📊 ИТОГОВЫЙ ОТЧЁТ
2026-05-09 13:07:16,093 | INFO     | ======================================================================
2026-05-09 13:07:16,093 | INFO     |   ✅ OK         | Загрузка и geo-фильтрация
2026-05-09 13:07:16,093 | INFO     |   ✅ OK         | Фильтрация по реальному SNI
2026-05-09 13:07:16,093 | INFO     |   ✅ OK         | Экспериментальный RU-SNI фильтр
2026-05-09 13:07:16,093 | INFO     |   ✅ OK         | Сбор статистики
2026-05-09 13:07:16,093 | INFO     | ──────────────────────────────────────────────────────────────────────
2026-05-09 13:07:16,093 | INFO     | ✅ ВСЕ ЭТАПЫ УСПЕШНЫ (4/4)
2026-05-09 13:07:16,093 | INFO     | ⏰ Время завершения: 2026-05-09 13:07:16
2026-05-09 13:07:16,093 | INFO     | ======================================================================
