2026-05-21 02:44:40,359 | INFO     | ======================================================================
2026-05-21 02:44:40,359 | INFO     | 🔍 VPN KEY CHECKER - Начало проверки
2026-05-21 02:44:40,359 | INFO     | ⏰ Время старта: 2026-05-21 02:44:40
2026-05-21 02:44:40,359 | INFO     | 📂 Рабочая директория: /home/runner/work/vpn-vless-configs-russia/vpn-vless-configs-russia
2026-05-21 02:44:40,359 | INFO     | ======================================================================
2026-05-21 02:44:40,359 | INFO     | 
2026-05-21 02:44:40,359 | INFO     | 🔍 Проверка наличия скриптов...
2026-05-21 02:44:40,359 | INFO     |   ✅ mirror.py
2026-05-21 02:44:40,359 | INFO     |   ✅ filter_ru_sni.py
2026-05-21 02:44:40,359 | INFO     |   ✅ filter_ru_sni_local.py
2026-05-21 02:44:40,359 | INFO     | 
2026-05-21 02:44:40,359 | INFO     | 
2026-05-21 02:44:40,359 | INFO     | ──────────────────────────────────────────────────────────────────────
2026-05-21 02:44:40,359 | INFO     | 📌 ЭТАП: Загрузка и geo-фильтрация
2026-05-21 02:44:40,359 | INFO     | ──────────────────────────────────────────────────────────────────────
2026-05-21 02:44:40,359 | INFO     | 🚀 Запуск mirror.py (Загрузка и фильтрация по РФ/СНГ/Европа)...
2026-05-21 02:48:13,282 | INFO     |   → 🚀 Старт: всего источников (старые + новые): 937
2026-05-21 02:48:13,282 | INFO     |   → 1/937: ✅ 13 взято | 🗑️ 242 мусор
2026-05-21 02:48:13,282 | INFO     |   → 2/937: ✅ 0 взято | 🗑️ 0 мусор
2026-05-21 02:48:13,282 | INFO     |   → 3/937 ❌ HTTP 404 — https://bitbucket.org/huwo1/proxy_nodes/raw/f31ca9ec67b84071515729ff45b011b6b09c10f2/clash.yaml
2026-05-21 02:48:13,282 | INFO     |   → 4/937 ❌ HTTP 404 — https://cdn.jsdelivr.net/gh/cry0ice/genode@main/public/all.txt
2026-05-21 02:48:13,282 | INFO     |   → 5/937 ❌ HTTP 404 — https://cdn.jsdelivr.net/gh/cry0ice/genode@main/public/ss.txt
2026-05-21 02:48:13,282 | INFO     |   → 6/937 ❌ HTTP 404 — https://cdn.jsdelivr.net/gh/cry0ice/genode@main/public/ssr.txt
2026-05-21 02:48:13,282 | INFO     |   → 7/937 ❌ HTTP 404 — https://cdn.jsdelivr.net/gh/cry0ice/genode@main/public/trojan.txt
2026-05-21 02:48:13,282 | INFO     |   → 8/937 ❌ HTTP 404 — https://cdn.jsdelivr.net/gh/cry0ice/genode@main/public/vless.txt
2026-05-21 02:48:13,282 | INFO     |   → 9/937 ❌ HTTP 404 — https://cdn.jsdelivr.net/gh/cry0ice/genode@main/public/vmess.txt
2026-05-21 02:48:13,282 | INFO     |   → 10/937: ✅ 0 взято | 🗑️ 0 мусор
2026-05-21 02:48:13,282 | INFO     |   → 11/937: ✅ 0 взято | 🗑️ 0 мусор
2026-05-21 02:48:13,282 | INFO     |   → 12/937: ✅ 0 взято | 🗑️ 0 мусор
2026-05-21 02:48:13,282 | INFO     |   → 13/937: ✅ 0 взято | 🗑️ 0 мусор
2026-05-21 02:48:13,282 | INFO     |   → 14/937: ✅ 0 взято | 🗑️ 0 мусор
2026-05-21 02:48:13,282 | INFO     |   → 15/937: ✅ 0 взято | 🗑️ 0 мусор
2026-05-21 02:48:13,282 | INFO     |   → 16/937: ✅ 0 взято | 🗑️ 0 мусор
2026-05-21 02:48:13,282 | INFO     |   → 17/937: ✅ 0 взято | 🗑️ 0 мусор
2026-05-21 02:48:13,282 | INFO     |   → 18/937: ✅ 0 взято | 🗑️ 0 мусор
2026-05-21 02:48:13,283 | INFO     |   → 19/937: ✅ 0 взято | 🗑️ 0 мусор
2026-05-21 02:48:13,283 | INFO     |   → 20/937: ✅ 0 взято | 🗑️ 0 мусор
2026-05-21 02:48:13,283 | INFO     |   → 21/937: ✅ 0 взято | 🗑️ 0 мусор
2026-05-21 02:48:13,283 | INFO     |   → 22/937: ✅ 0 взято | 🗑️ 0 мусор
2026-05-21 02:48:13,283 | INFO     |   → 23/937: ✅ 0 взято | 🗑️ 0 мусор
2026-05-21 02:48:13,283 | INFO     |   → 24/937: ✅ 0 взято | 🗑️ 0 мусор
2026-05-21 02:48:13,283 | INFO     |   → 25/937: ✅ 0 взято | 🗑️ 0 мусор
2026-05-21 02:48:13,283 | INFO     |   → 26/937: ✅ 0 взято | 🗑️ 0 мусор
2026-05-21 02:48:13,283 | INFO     |   → 27/937: ✅ 0 взято | 🗑️ 0 мусор
2026-05-21 02:48:13,283 | INFO     |   → 28/937: ✅ 0 взято | 🗑️ 0 мусор
2026-05-21 02:48:13,283 | INFO     |   → 29/937: ✅ 0 взято | 🗑️ 0 мусор
2026-05-21 02:48:13,283 | INFO     |   → 30/937: ✅ 0 взято | 🗑️ 0 мусор
2026-05-21 02:48:13,283 | INFO     |   → 31/937: ✅ 0 взято | 🗑️ 0 мусор
2026-05-21 02:48:13,283 | INFO     |   → 32/937: ✅ 0 взято | 🗑️ 0 мусор
2026-05-21 02:48:13,283 | INFO     |   → 33/937: ✅ 0 взято | 🗑️ 0 мусор
2026-05-21 02:48:13,283 | INFO     |   → 34/937: ✅ 0 взято | 🗑️ 0 мусор
2026-05-21 02:48:13,283 | INFO     |   → 35/937: ✅ 0 взято | 🗑️ 0 мусор
2026-05-21 02:48:13,283 | INFO     |   → 36/937: ✅ 0 взято | 🗑️ 0 мусор
2026-05-21 02:48:13,283 | INFO     |   → 37/937: ✅ 0 взято | 🗑️ 0 мусор
2026-05-21 02:48:13,283 | INFO     |   → 38/937: ✅ 0 взято | 🗑️ 0 мусор
2026-05-21 02:48:13,283 | INFO     |   → 39/937: ✅ 0 взято | 🗑️ 0 мусор
2026-05-21 02:48:13,283 | INFO     |   → 40/937: ✅ 0 взято | 🗑️ 0 мусор
2026-05-21 02:48:13,283 | INFO     |   → 41/937: ✅ 0 взято | 🗑️ 0 мусор
2026-05-21 02:48:13,283 | INFO     |   → 42/937: ✅ 0 взято | 🗑️ 0 мусор
2026-05-21 02:48:13,283 | INFO     |   → 43/937: ✅ 0 взято | 🗑️ 0 мусор
2026-05-21 02:48:13,283 | INFO     |   → 44/937: ✅ 0 взято | 🗑️ 0 мусор
2026-05-21 02:48:13,283 | INFO     |   → 45/937: ✅ 0 взято | 🗑️ 0 мусор
2026-05-21 02:48:13,283 | INFO     |   → 46/937: ✅ 0 взято | 🗑️ 0 мусор
2026-05-21 02:48:13,283 | INFO     |   → 47/937: ✅ 0 взято | 🗑️ 0 мусор
2026-05-21 02:48:13,284 | INFO     |   → 48/937: ✅ 0 взято | 🗑️ 0 мусор
2026-05-21 02:48:13,284 | INFO     |   → 49/937: ✅ 0 взято | 🗑️ 0 мусор
2026-05-21 02:48:13,284 | INFO     |   → 50/937: ✅ 0 взято | 🗑️ 0 мусор
2026-05-21 02:48:13,284 | INFO     |   → 51/937: ✅ 0 взято | 🗑️ 0 мусор
2026-05-21 02:48:13,284 | INFO     |   → 52/937: ✅ 0 взято | 🗑️ 0 мусор
2026-05-21 02:48:13,284 | INFO     |   → 53/937: ✅ 0 взято | 🗑️ 0 мусор
2026-05-21 02:48:13,284 | INFO     |   → 54/937: ✅ 0 взято | 🗑️ 0 мусор
2026-05-21 02:48:13,284 | INFO     |   → 55/937: ✅ 0 взято | 🗑️ 0 мусор
2026-05-21 02:48:13,284 | INFO     |   → 56/937: ✅ 0 взято | 🗑️ 0 мусор
2026-05-21 02:48:13,284 | INFO     |   → 57/937: ✅ 0 взято | 🗑️ 0 мусор
2026-05-21 02:48:13,284 | INFO     |   → 58/937: ✅ 0 взято | 🗑️ 0 мусор
2026-05-21 02:48:13,284 | INFO     |   → 59/937: ✅ 0 взято | 🗑️ 0 мусор
2026-05-21 02:48:13,284 | INFO     |   → 60/937: ✅ 0 взято | 🗑️ 0 мусор
2026-05-21 02:48:13,284 | INFO     |   → 61/937: ✅ 0 взято | 🗑️ 0 мусор
2026-05-21 02:48:13,284 | INFO     |   → 62/937: ✅ 0 взято | 🗑️ 0 мусор
2026-05-21 02:48:13,284 | INFO     |   → 63/937: ✅ 0 взято | 🗑️ 0 мусор
2026-05-21 02:48:13,284 | INFO     |   → 64/937: ✅ 0 взято | 🗑️ 0 мусор
2026-05-21 02:48:13,284 | INFO     |   → 65/937: ✅ 0 взято | 🗑️ 0 мусор
2026-05-21 02:48:13,284 | INFO     |   → 66/937: ✅ 0 взято | 🗑️ 0 мусор
2026-05-21 02:48:13,284 | INFO     |   → 67/937: ✅ 0 взято | 🗑️ 0 мусор
2026-05-21 02:48:13,284 | INFO     |   → 68/937: ✅ 0 взято | 🗑️ 0 мусор
2026-05-21 02:48:13,284 | INFO     |   → 69/937: ✅ 0 взято | 🗑️ 0 мусор
2026-05-21 02:48:13,284 | INFO     |   → 70/937: ✅ 0 взято | 🗑️ 0 мусор
2026-05-21 02:48:13,284 | INFO     |   → 71/937: ✅ 0 взято | 🗑️ 0 мусор
2026-05-21 02:48:13,284 | INFO     |   → 72/937: ✅ 0 взято | 🗑️ 0 мусор
2026-05-21 02:48:13,284 | INFO     |   → 73/937: ✅ 0 взято | 🗑️ 0 мусор
2026-05-21 02:48:13,285 | INFO     |   → 74/937: ✅ 0 взято | 🗑️ 0 мусор
2026-05-21 02:48:13,285 | INFO     |   → 75/937: ✅ 0 взято | 🗑️ 0 мусор
2026-05-21 02:48:13,285 | INFO     |   → 76/937: ✅ 0 взято | 🗑️ 0 мусор
2026-05-21 02:48:13,285 | INFO     |   → 77/937: ✅ 0 взято | 🗑️ 0 мусор
2026-05-21 02:48:13,285 | INFO     |   → 78/937: ✅ 0 взято | 🗑️ 0 мусор
2026-05-21 02:48:13,285 | INFO     |   → 79/937: ✅ 0 взято | 🗑️ 0 мусор
2026-05-21 02:48:13,285 | INFO     |   → 80/937: ✅ 0 взято | 🗑️ 0 мусор
2026-05-21 02:48:13,285 | INFO     |   → 81/937: ✅ 0 взято | 🗑️ 0 мусор
2026-05-21 02:48:13,285 | INFO     |   → 82/937: ✅ 0 взято | 🗑️ 0 мусор
2026-05-21 02:48:13,285 | INFO     |   → 83/937: ✅ 0 взято | 🗑️ 0 мусор
2026-05-21 02:48:13,285 | INFO     |   → 84/937: ✅ 0 взято | 🗑️ 0 мусор
2026-05-21 02:48:13,285 | INFO     |   → 85/937: ✅ 0 взято | 🗑️ 0 мусор
2026-05-21 02:48:13,285 | INFO     |   → 86/937: ✅ 0 взято | 🗑️ 0 мусор
2026-05-21 02:48:13,285 | INFO     |   → 87/937: ✅ 0 взято | 🗑️ 0 мусор
2026-05-21 02:48:13,285 | INFO     |   → 88/937: ✅ 0 взято | 🗑️ 0 мусор
2026-05-21 02:48:13,285 | INFO     |   → 89/937: ✅ 0 взято | 🗑️ 0 мусор
2026-05-21 02:48:13,285 | INFO     |   → 90/937: ✅ 0 взято | 🗑️ 0 мусор
2026-05-21 02:48:13,285 | INFO     |   → 91/937: ✅ 0 взято | 🗑️ 0 мусор
2026-05-21 02:48:13,285 | INFO     |   → 92/937: ✅ 0 взято | 🗑️ 0 мусор
2026-05-21 02:48:13,285 | INFO     |   → 93/937: ✅ 0 взято | 🗑️ 0 мусор
2026-05-21 02:48:13,285 | INFO     |   → 94/937 ❌ HTTP 404 — https://freessrnode.github.io/uploads/2024/08/0-20240822.txt
2026-05-21 02:48:13,285 | INFO     |   → 95/937 ❌ HTTP 404 — https://freessrnode.github.io/uploads/2024/08/1-20240822.txt
2026-05-21 02:48:13,285 | INFO     |   → 96/937 ❌ HTTP 404 — https://freessrnode.github.io/uploads/2024/08/2-20240822.txt
2026-05-21 02:48:13,285 | INFO     |   → 97/937 ❌ HTTP 404 — https://freessrnode.github.io/uploads/2024/08/3-20240822.txt
2026-05-21 02:48:13,285 | INFO     |   → 98/937 ❌ HTTP 404 — https://freessrnode.github.io/uploads/2024/08/4-20240822.txt
2026-05-21 02:48:13,285 | INFO     |   → 99/937 ⚠️ Ошибка: HTTPSConnectionPool(host='freevpnspy.githubrowcontent.com', port=443): Max retries exceeded with url: /2024/08/20240802_novless.yaml (Caused by NameResolutionError("HTTPSConnection(host='freevpnspy.githubrowcontent.com', port=443): Failed to resolve 'freevpnspy.githubrowcontent.com' ([Errno -2] Name or service not known)")) — https://freevpnspy.githubrowcontent.com/2024/08/20240802_novless.yaml
2026-05-21 02:48:13,285 | INFO     |   → 100/937 ⚠️ Ошибка: HTTPSConnectionPool(host='freevpnspy.githubrowcontent.com', port=443): Max retries exceeded with url: /2024/08/20240802_vless.yaml (Caused by NameResolutionError("HTTPSConnection(host='freevpnspy.githubrowcontent.com', port=443): Failed to resolve 'freevpnspy.githubrowcontent.com' ([Errno -2] Name or service not known)")) — https://freevpnspy.githubrowcontent.com/2024/08/20240802_vless.yaml
2026-05-21 02:48:13,285 | INFO     |   → 101/937: ✅ 20 взято | 🗑️ 218 мусор
2026-05-21 02:48:13,286 | INFO     |   → 102/937: ✅ 0 взято | 🗑️ 0 мусор
2026-05-21 02:48:13,286 | INFO     |   → 103/937: ✅ 4 взято | 🗑️ 193 мусор
2026-05-21 02:48:13,286 | INFO     |   → 104/937: ✅ 0 взято | 🗑️ 0 мусор
2026-05-21 02:48:13,286 | INFO     |   → 105/937: ✅ 0 взято | 🗑️ 0 мусор
2026-05-21 02:48:13,286 | INFO     |   → 106/937: ✅ 3 взято | 🗑️ 198 мусор
2026-05-21 02:48:13,286 | INFO     |   → 107/937 ❌ HTTP 404 — https://github.com/Epodonios/bulk-xray-v2ray-vless-vmess-...-configs/raw/main/sub/Albania/config.txt
2026-05-21 02:48:13,286 | INFO     |   → 108/937 ❌ HTTP 404 — https://github.com/Epodonios/bulk-xray-v2ray-vless-vmess-...-configs/raw/main/sub/Cura%C3%A7ao/config.txt
2026-05-21 02:48:13,286 | INFO     |   → 109/937 ❌ HTTP 404 — https://github.com/Epodonios/bulk-xray-v2ray-vless-vmess-...-configs/raw/main/sub/Finland/config.txt
2026-05-21 02:48:13,286 | INFO     |   → 110/937 ❌ HTTP 404 — https://github.com/Epodonios/bulk-xray-v2ray-vless-vmess-...-configs/raw/main/sub/Iran/config.txt
2026-05-21 02:48:13,286 | INFO     |   → 111/937 ❌ HTTP 404 — https://github.com/Epodonios/bulk-xray-v2ray-vless-vmess-...-configs/raw/main/sub/Netherlands/config.txt
2026-05-21 02:48:13,286 | INFO     |   → 112/937 ❌ HTTP 404 — https://github.com/Epodonios/bulk-xray-v2ray-vless-vmess-...-configs/raw/main/sub/Norway/config.txt
2026-05-21 02:48:13,286 | INFO     |   → 113/937 ❌ HTTP 404 — https://github.com/Epodonios/bulk-xray-v2ray-vless-vmess-...-configs/raw/main/sub/Russia/config.txt
2026-05-21 02:48:13,286 | INFO     |   → 114/937: ✅ 13 взято | 🗑️ 70 мусор
2026-05-21 02:48:13,286 | INFO     |   → 115/937: ✅ 0 взято | 🗑️ 4 мусор
2026-05-21 02:48:13,286 | INFO     |   → 116/937: ✅ 0 взято | 🗑️ 7 мусор
2026-05-21 02:48:13,286 | INFO     |   → 117/937: ✅ 0 взято | 🗑️ 51 мусор
2026-05-21 02:48:13,286 | INFO     |   → 118/937: ✅ 0 взято | 🗑️ 8 мусор
2026-05-21 02:48:13,286 | INFO     |   → 119/937: ✅ 0 взято | 🗑️ 0 мусор
2026-05-21 02:48:13,286 | INFO     |   → 120/937: ✅ 17 взято | 🗑️ 119 мусор
2026-05-21 02:48:13,286 | INFO     |   → 121/937 ❌ HTTP 404 — https://github.com/MrMohebi/xray-proxy-grabber-telegram/raw/master/collected-proxies/clash-meta/all.yaml
2026-05-21 02:48:13,286 | INFO     |   → 122/937 ❌ HTTP 404 — https://github.com/MrMohebi/xray-proxy-grabber-telegram/raw/master/collected-proxies/row-url/all.txt
2026-05-21 02:48:13,286 | INFO     |   → 123/937: ✅ 0 взято | 🗑️ 0 мусор
2026-05-21 02:48:13,286 | INFO     |   → 124/937: ✅ 0 взято | 🗑️ 113 мусор
2026-05-21 02:48:13,286 | INFO     |   → 125/937: ✅ 0 взято | 🗑️ 119 мусор
2026-05-21 02:48:13,286 | INFO     |   → 126/937 ❌ HTTP 404 — https://github.com/abbasdvd3/abbasdvd10/73ec60de7a6c6aa6df4c14b511c1da60686891ca/ppo.txt
2026-05-21 02:48:13,286 | INFO     |   → 127/937 ❌ HTTP 404 — https://github.com/acymz/AutoVPN/refs/heads/main/data/V2.txt
2026-05-21 02:48:13,286 | INFO     |   → 128/937: ✅ 0 взято | 🗑️ 0 мусор
2026-05-21 02:48:13,287 | INFO     |   → 129/937: ✅ 0 взято | 🗑️ 0 мусор
2026-05-21 02:48:13,287 | INFO     |   → 130/937: ✅ 0 взято | 🗑️ 0 мусор
2026-05-21 02:48:13,287 | INFO     |   → 131/937: ✅ 0 взято | 🗑️ 0 мусор
2026-05-21 02:48:13,287 | INFO     |   → 132/937: ✅ 0 взято | 🗑️ 0 мусор
2026-05-21 02:48:13,287 | INFO     |   → 133/937: ✅ 0 взято | 🗑️ 0 мусор
2026-05-21 02:48:13,287 | INFO     |   → 134/937: ✅ 0 взято | 🗑️ 0 мусор
2026-05-21 02:48:13,287 | INFO     |   → 135/937 ❌ HTTP 404 — https://github.com/mermeroo/V2RAY-FREE/raw/main/All_Configs_base64_Sub.txt
2026-05-21 02:48:13,287 | INFO     |   → 136/937 ❌ HTTP 404 — https://github.com/mermeroo/V2RAY-FREE/raw/main/Base64/Sub1_base64.txt
2026-05-21 02:48:13,287 | INFO     |   → 137/937 ❌ HTTP 404 — https://github.com/mermeroo/V2RAY-FREE/raw/main/Base64/Sub2_base64.txt
2026-05-21 02:48:13,287 | INFO     |   → 138/937 ❌ HTTP 404 — https://github.com/mermeroo/V2RAY-FREE/raw/main/Base64/Sub3_base64.txt
2026-05-21 02:48:13,287 | INFO     |   → 139/937 ❌ HTTP 404 — https://github.com/mermeroo/V2RAY-FREE/raw/main/Base64/Sub4_base64.txt
2026-05-21 02:48:13,287 | INFO     |   → 140/937 ❌ HTTP 404 — https://github.com/mermeroo/V2RAY-FREE/raw/main/Base64/Sub5_base64.txt
2026-05-21 02:48:13,287 | INFO     |   → 141/937 ❌ HTTP 404 — https://github.com/mermeroo/telegram-configs-collector/raw/main/protocols/hysteria
2026-05-21 02:48:13,287 | INFO     |   → 142/937 ❌ HTTP 404 — https://github.com/mermeroo/telegram-configs-collector/raw/main/protocols/juicity
2026-05-21 02:48:13,287 | INFO     |   → 143/937 ❌ HTTP 404 — https://github.com/mermeroo/telegram-configs-collector/raw/main/protocols/tuic
2026-05-21 02:48:13,287 | INFO     |   → 144/937: ✅ 5 взято | 🗑️ 16 мусор
2026-05-21 02:48:13,287 | INFO     |   → 145/937: ✅ 0 взято | 🗑️ 0 мусор
2026-05-21 02:48:13,287 | INFO     |   → 146/937: ✅ 0 взято | 🗑️ 0 мусор
2026-05-21 02:48:13,287 | INFO     |   → 147/937: ✅ 0 взято | 🗑️ 0 мусор
2026-05-21 02:48:13,287 | INFO     |   → 148/937: ✅ 3 взято | 🗑️ 238 мусор
2026-05-21 02:48:13,287 | INFO     |   → 149/937: ✅ 0 взято | 🗑️ 0 мусор
2026-05-21 02:48:13,287 | INFO     |   → 150/937: ✅ 3 взято | 🗑️ 239 мусор
2026-05-21 02:48:13,287 | INFO     |   → 151/937: ✅ 0 взято | 🗑️ 0 мусор
2026-05-21 02:48:13,287 | INFO     |   → 152/937: ✅ 0 взято | 🗑️ 255 мусор
2026-05-21 02:48:13,287 | INFO     |   → 153/937: ✅ 0 взято | 🗑️ 0 мусор
2026-05-21 02:48:13,287 | INFO     |   → 154/937: ✅ 1 взято | 🗑️ 249 мусор
2026-05-21 02:48:13,287 | INFO     |   → 155/937: ✅ 0 взято | 🗑️ 0 мусор
2026-05-21 02:48:13,288 | INFO     |   → 156/937: ✅ 0 взято | 🗑️ 207 мусор
2026-05-21 02:48:13,288 | INFO     |   → 157/937: ✅ 0 взято | 🗑️ 0 мусор
2026-05-21 02:48:13,288 | INFO     |   → 158/937: ✅ 0 взято | 🗑️ 228 мусор
2026-05-21 02:48:13,288 | INFO     |   → 159/937: ✅ 0 взято | 🗑️ 0 мусор
2026-05-21 02:48:13,288 | INFO     |   → 160/937: ✅ 1 взято | 🗑️ 291 мусор
2026-05-21 02:48:13,288 | INFO     |   → 161/937: ✅ 0 взято | 🗑️ 0 мусор
2026-05-21 02:48:13,288 | INFO     |   → 162/937: ✅ 3 взято | 🗑️ 221 мусор
2026-05-21 02:48:13,288 | INFO     |   → 163/937: ✅ 0 взято | 🗑️ 0 мусор
2026-05-21 02:48:13,288 | INFO     |   → 164/937: ✅ 1 взято | 🗑️ 222 мусор
2026-05-21 02:48:13,288 | INFO     |   → 165/937: ✅ 0 взято | 🗑️ 0 мусор
2026-05-21 02:48:13,288 | INFO     |   → 166/937: ✅ 1 взято | 🗑️ 218 мусор
2026-05-21 02:48:13,288 | INFO     |   → 167/937: ✅ 0 взято | 🗑️ 0 мусор
2026-05-21 02:48:13,288 | INFO     |   → 168/937: ✅ 0 взято | 🗑️ 193 мусор
2026-05-21 02:48:13,288 | INFO     |   → 169/937: ✅ 0 взято | 🗑️ 0 мусор
2026-05-21 02:48:13,288 | INFO     |   → 170/937: ✅ 0 взято | 🗑️ 290 мусор
2026-05-21 02:48:13,288 | INFO     |   → 171/937: ✅ 0 взято | 🗑️ 0 мусор
2026-05-21 02:48:13,288 | INFO     |   → 172/937: ✅ 0 взято | 🗑️ 238 мусор
2026-05-21 02:48:13,288 | INFO     |   → 173/937: ✅ 0 взято | 🗑️ 0 мусор
2026-05-21 02:48:13,288 | INFO     |   → 174/937: ✅ 0 взято | 🗑️ 221 мусор
2026-05-21 02:48:13,288 | INFO     |   → 175/937: ✅ 0 взято | 🗑️ 0 мусор
2026-05-21 02:48:13,288 | INFO     |   → 176/937: ✅ 0 взято | 🗑️ 248 мусор
2026-05-21 02:48:13,288 | INFO     |   → 177/937: ✅ 0 взято | 🗑️ 0 мусор
2026-05-21 02:48:13,288 | INFO     |   → 178/937: ✅ 0 взято | 🗑️ 203 мусор
2026-05-21 02:48:13,288 | INFO     |   → 179/937: ✅ 0 взято | 🗑️ 0 мусор
2026-05-21 02:48:13,288 | INFO     |   → 180/937: ✅ 0 взято | 🗑️ 208 мусор
2026-05-21 02:48:13,288 | INFO     |   → 181/937: ✅ 0 взято | 🗑️ 0 мусор
2026-05-21 02:48:13,289 | INFO     |   → 182/937: ✅ 2 взято | 🗑️ 209 мусор
2026-05-21 02:48:13,289 | INFO     |   → 183/937: ✅ 0 взято | 🗑️ 0 мусор
2026-05-21 02:48:13,289 | INFO     |   → 184/937: ✅ 0 взято | 🗑️ 258 мусор
2026-05-21 02:48:13,289 | INFO     |   → 185/937: ✅ 0 взято | 🗑️ 0 мусор
2026-05-21 02:48:13,289 | INFO     |   → 186/937: ✅ 0 взято | 🗑️ 296 мусор
2026-05-21 02:48:13,289 | INFO     |   → 187/937: ✅ 0 взято | 🗑️ 0 мусор
2026-05-21 02:48:13,289 | INFO     |   → 188/937: ✅ 1 взято | 🗑️ 286 мусор
2026-05-21 02:48:13,289 | INFO     |   → 189/937: ✅ 0 взято | 🗑️ 0 мусор
2026-05-21 02:48:13,289 | INFO     |   → 190/937: ✅ 0 взято | 🗑️ 195 мусор
2026-05-21 02:48:13,289 | INFO     |   → 191/937: ✅ 0 взято | 🗑️ 0 мусор
2026-05-21 02:48:13,289 | INFO     |   → 192/937: ✅ 0 взято | 🗑️ 170 мусор
2026-05-21 02:48:13,289 | INFO     |   → 193/937: ✅ 0 взято | 🗑️ 0 мусор
2026-05-21 02:48:13,289 | INFO     |   → 194/937: ✅ 0 взято | 🗑️ 160 мусор
2026-05-21 02:48:13,289 | INFO     |   → 195/937: ✅ 0 взято | 🗑️ 0 мусор
2026-05-21 02:48:13,289 | INFO     |   → 196/937: ✅ 0 взято | 🗑️ 121 мусор
2026-05-21 02:48:13,289 | INFO     |   → 197/937: ✅ 0 взято | 🗑️ 0 мусор
2026-05-21 02:48:13,289 | INFO     |   → 198/937: ✅ 0 взято | 🗑️ 135 мусор
2026-05-21 02:48:13,289 | INFO     |   → 199/937: ✅ 0 взято | 🗑️ 0 мусор
2026-05-21 02:48:13,289 | INFO     |   → 200/937: ✅ 1 взято | 🗑️ 129 мусор
2026-05-21 02:48:13,289 | INFO     |   → 201/937: ✅ 0 взято | 🗑️ 0 мусор
2026-05-21 02:48:13,289 | INFO     |   → 202/937: ✅ 0 взято | 🗑️ 189 мусор
2026-05-21 02:48:13,289 | INFO     |   → 203/937: ✅ 0 взято | 🗑️ 0 мусор
2026-05-21 02:48:13,289 | INFO     |   → 204/937: ✅ 3 взято | 🗑️ 147 мусор
2026-05-21 02:48:13,289 | INFO     |   → 205/937: ✅ 0 взято | 🗑️ 0 мусор
2026-05-21 02:48:13,289 | INFO     |   → 206/937: ✅ 1 взято | 🗑️ 183 мусор
2026-05-21 02:48:13,289 | INFO     |   → 207/937: ✅ 0 взято | 🗑️ 0 мусор
2026-05-21 02:48:13,289 | INFO     |   → 208/937: ✅ 0 взято | 🗑️ 155 мусор
2026-05-21 02:48:13,290 | INFO     |   → 209/937: ✅ 0 взято | 🗑️ 0 мусор
2026-05-21 02:48:13,290 | INFO     |   → 210/937: ✅ 0 взято | 🗑️ 114 мусор
2026-05-21 02:48:13,290 | INFO     |   → 211/937: ✅ 0 взято | 🗑️ 0 мусор
2026-05-21 02:48:13,290 | INFO     |   → 212/937: ✅ 0 взято | 🗑️ 239 мусор
2026-05-21 02:48:13,290 | INFO     |   → 213/937: ✅ 0 взято | 🗑️ 0 мусор
2026-05-21 02:48:13,290 | INFO     |   → 214/937: ✅ 0 взято | 🗑️ 204 мусор
2026-05-21 02:48:13,290 | INFO     |   → 215/937: ✅ 0 взято | 🗑️ 0 мусор
2026-05-21 02:48:13,290 | INFO     |   → 216/937: ✅ 0 взято | 🗑️ 232 мусор
2026-05-21 02:48:13,290 | INFO     |   → 217/937: ✅ 0 взято | 🗑️ 0 мусор
2026-05-21 02:48:13,290 | INFO     |   → 218/937: ✅ 0 взято | 🗑️ 192 мусор
2026-05-21 02:48:13,290 | INFO     |   → 219/937: ✅ 0 взято | 🗑️ 0 мусор
2026-05-21 02:48:13,290 | INFO     |   → 220/937: ✅ 0 взято | 🗑️ 183 мусор
2026-05-21 02:48:13,290 | INFO     |   → 221/937: ✅ 0 взято | 🗑️ 0 мусор
2026-05-21 02:48:13,290 | INFO     |   → 222/937: ✅ 0 взято | 🗑️ 169 мусор
2026-05-21 02:48:13,290 | INFO     |   → 223/937: ✅ 0 взято | 🗑️ 0 мусор
2026-05-21 02:48:13,290 | INFO     |   → 224/937: ✅ 0 взято | 🗑️ 167 мусор
2026-05-21 02:48:13,290 | INFO     |   → 225/937: ✅ 0 взято | 🗑️ 0 мусор
2026-05-21 02:48:13,290 | INFO     |   → 226/937: ✅ 0 взято | 🗑️ 193 мусор
2026-05-21 02:48:13,290 | INFO     |   → 227/937: ✅ 0 взято | 🗑️ 0 мусор
2026-05-21 02:48:13,290 | INFO     |   → 228/937: ✅ 1 взято | 🗑️ 161 мусор
2026-05-21 02:48:13,290 | INFO     |   → 229/937: ✅ 0 взято | 🗑️ 0 мусор
2026-05-21 02:48:13,290 | INFO     |   → 230/937: ✅ 0 взято | 🗑️ 171 мусор
2026-05-21 02:48:13,290 | INFO     |   → 231/937: ✅ 0 взято | 🗑️ 0 мусор
2026-05-21 02:48:13,290 | INFO     |   → 232/937 ⚠️ Ошибка: HTTPSConnectionPool(host='ivuxy.tech', port=443): Max retries exceeded with url: /v.txt (Caused by NameResolutionError("HTTPSConnection(host='ivuxy.tech', port=443): Failed to resolve 'ivuxy.tech' ([Errno -2] Name or service not known)")) — https://ivuxy.tech/v.txt
2026-05-21 02:48:13,290 | INFO     |   → 233/937 ⚠️ Ошибка: HTTPSConnectionPool(host='mirror.ghproxy.com', port=443): Max retries exceeded with url: /https://raw.githubusercontent.com/Barabama/FreeNodes/master/nodes/blues.txt (Caused by NameResolutionError("HTTPSConnection(host='mirror.ghproxy.com', port=443): Failed to resolve 'mirror.ghproxy.com' ([Errno -2] Name or service not known)")) — https://mirror.ghproxy.com/https://raw.githubusercontent.com/Barabama/FreeNodes/master/nodes/blues.txt
2026-05-21 02:48:13,290 | INFO     |   → 234/937 ⚠️ Ошибка: HTTPSConnectionPool(host='mirror.ghproxy.com', port=443): Max retries exceeded with url: /https://raw.githubusercontent.com/Barabama/FreeNodes/master/nodes/halekj.txt (Caused by NameResolutionError("HTTPSConnection(host='mirror.ghproxy.com', port=443): Failed to resolve 'mirror.ghproxy.com' ([Errno -2] Name or service not known)")) — https://mirror.ghproxy.com/https://raw.githubusercontent.com/Barabama/FreeNodes/master/nodes/halekj.txt
2026-05-21 02:48:13,290 | INFO     |   → 235/937 ⚠️ Ошибка: HTTPSConnectionPool(host='mirror.ghproxy.com', port=443): Max retries exceeded with url: /https://raw.githubusercontent.com/Barabama/FreeNodes/master/nodes/kkzui.txt (Caused by NameResolutionError("HTTPSConnection(host='mirror.ghproxy.com', port=443): Failed to resolve 'mirror.ghproxy.com' ([Errno -2] Name or service not known)")) — https://mirror.ghproxy.com/https://raw.githubusercontent.com/Barabama/FreeNodes/master/nodes/kkzui.txt
2026-05-21 02:48:13,290 | INFO     |   → 236/937 ⚠️ Ошибка: HTTPSConnectionPool(host='mirror.ghproxy.com', port=443): Max retries exceeded with url: /https://raw.githubusercontent.com/Barabama/FreeNodes/master/nodes/merged.txt (Caused by NameResolutionError("HTTPSConnection(host='mirror.ghproxy.com', port=443): Failed to resolve 'mirror.ghproxy.com' ([Errno -2] Name or service not known)")) — https://mirror.ghproxy.com/https://raw.githubusercontent.com/Barabama/FreeNodes/master/nodes/merged.txt
2026-05-21 02:48:13,291 | INFO     |   → 237/937 ⚠️ Ошибка: HTTPSConnectionPool(host='mirror.ghproxy.com', port=443): Max retries exceeded with url: /https://raw.githubusercontent.com/Barabama/FreeNodes/master/nodes/nodefree.txt (Caused by NameResolutionError("HTTPSConnection(host='mirror.ghproxy.com', port=443): Failed to resolve 'mirror.ghproxy.com' ([Errno -2] Name or service not known)")) — https://mirror.ghproxy.com/https://raw.githubusercontent.com/Barabama/FreeNodes/master/nodes/nodefree.txt
2026-05-21 02:48:13,291 | INFO     |   → 238/937 ⚠️ Ошибка: HTTPSConnectionPool(host='mirror.ghproxy.com', port=443): Max retries exceeded with url: /https://raw.githubusercontent.com/Barabama/FreeNodes/master/nodes/openrunner.txt (Caused by NameResolutionError("HTTPSConnection(host='mirror.ghproxy.com', port=443): Failed to resolve 'mirror.ghproxy.com' ([Errno -2] Name or service not known)")) — https://mirror.ghproxy.com/https://raw.githubusercontent.com/Barabama/FreeNodes/master/nodes/openrunner.txt
2026-05-21 02:48:13,291 | INFO     |   → 239/937 ⚠️ Ошибка: HTTPSConnectionPool(host='mirror.ghproxy.com', port=443): Max retries exceeded with url: /https://raw.githubusercontent.com/Barabama/FreeNodes/master/nodes/v2rayshare.txt (Caused by NameResolutionError("HTTPSConnection(host='mirror.ghproxy.com', port=443): Failed to resolve 'mirror.ghproxy.com' ([Errno -2] Name or service not known)")) — https://mirror.ghproxy.com/https://raw.githubusercontent.com/Barabama/FreeNodes/master/nodes/v2rayshare.txt
2026-05-21 02:48:13,291 | INFO     |   → 240/937 ⚠️ Ошибка: HTTPSConnectionPool(host='mirror.ghproxy.com', port=443): Max retries exceeded with url: /https://raw.githubusercontent.com/Barabama/FreeNodes/master/nodes/wenode.txt (Caused by NameResolutionError("HTTPSConnection(host='mirror.ghproxy.com', port=443): Failed to resolve 'mirror.ghproxy.com' ([Errno -2] Name or service not known)")) — https://mirror.ghproxy.com/https://raw.githubusercontent.com/Barabama/FreeNodes/master/nodes/wenode.txt
2026-05-21 02:48:13,291 | INFO     |   → 241/937 ⚠️ Ошибка: HTTPSConnectionPool(host='mirror.ghproxy.com', port=443): Max retries exceeded with url: /https://raw.githubusercontent.com/Barabama/FreeNodes/master/nodes/yudou66.txt (Caused by NameResolutionError("HTTPSConnection(host='mirror.ghproxy.com', port=443): Failed to resolve 'mirror.ghproxy.com' ([Errno -2] Name or service not known)")) — https://mirror.ghproxy.com/https://raw.githubusercontent.com/Barabama/FreeNodes/master/nodes/yudou66.txt
2026-05-21 02:48:13,291 | INFO     |   → 242/937: ✅ 7 взято | 🗑️ 17 мусор
2026-05-21 02:48:13,291 | INFO     |   → 243/937: ✅ 0 взято | 🗑️ 17 мусор
2026-05-21 02:48:13,291 | INFO     |   → 244/937: ✅ 14 взято | 🗑️ 14 мусор
2026-05-21 02:48:13,291 | INFO     |   → 245/937: ✅ 0 взято | 🗑️ 14 мусор
2026-05-21 02:48:13,291 | INFO     |   → 246/937: ✅ 0 взято | 🗑️ 14 мусор
2026-05-21 02:48:13,291 | INFO     |   → 247/937: ✅ 0 взято | 🗑️ 14 мусор
2026-05-21 02:48:13,291 | INFO     |   → 248/937: ✅ 0 взято | 🗑️ 14 мусор
2026-05-21 02:48:13,291 | INFO     |   → 249/937: ✅ 0 взято | 🗑️ 14 мусор
2026-05-21 02:48:13,291 | INFO     |   → 250/937: ✅ 0 взято | 🗑️ 14 мусор
2026-05-21 02:48:13,291 | INFO     |   → 251/937: ✅ 0 взято | 🗑️ 14 мусор
2026-05-21 02:48:13,291 | INFO     |   → 252/937: ✅ 0 взято | 🗑️ 14 мусор
2026-05-21 02:48:13,291 | INFO     |   → 253/937: ✅ 7 взято | 🗑️ 21 мусор
2026-05-21 02:48:13,291 | INFO     |   → 254/937: ✅ 0 взято | 🗑️ 21 мусор
2026-05-21 02:48:13,291 | INFO     |   → 255/937: ✅ 0 взято | 🗑️ 21 мусор
2026-05-21 02:48:13,291 | INFO     |   → 256/937: ✅ 0 взято | 🗑️ 21 мусор
2026-05-21 02:48:13,291 | INFO     |   → 257/937: ✅ 0 взято | 🗑️ 21 мусор
2026-05-21 02:48:13,291 | INFO     |   → 258/937: ✅ 0 взято | 🗑️ 21 мусор
2026-05-21 02:48:13,291 | INFO     |   → 259/937: ✅ 0 взято | 🗑️ 21 мусор
2026-05-21 02:48:13,291 | INFO     |   → 260/937: ✅ 0 взято | 🗑️ 21 мусор
2026-05-21 02:48:13,291 | INFO     |   → 261/937: ✅ 0 взято | 🗑️ 21 мусор
2026-05-21 02:48:13,291 | INFO     |   → 262/937: ✅ 0 взято | 🗑️ 21 мусор
2026-05-21 02:48:13,292 | INFO     |   → 263/937: ✅ 0 взято | 🗑️ 21 мусор
2026-05-21 02:48:13,292 | INFO     |   → 264/937: ✅ 5 взято | 🗑️ 15 мусор
2026-05-21 02:48:13,292 | INFO     |   → 265/937: ✅ 0 взято | 🗑️ 15 мусор
2026-05-21 02:48:13,292 | INFO     |   → 266/937: ✅ 0 взято | 🗑️ 15 мусор
2026-05-21 02:48:13,292 | INFO     |   → 267/937: ✅ 0 взято | 🗑️ 15 мусор
2026-05-21 02:48:13,292 | INFO     |   → 268/937: ✅ 0 взято | 🗑️ 15 мусор
2026-05-21 02:48:13,292 | INFO     |   → 269/937: ✅ 0 взято | 🗑️ 15 мусор
2026-05-21 02:48:13,292 | INFO     |   → 270/937: ✅ 0 взято | 🗑️ 15 мусор
2026-05-21 02:48:13,292 | INFO     |   → 271/937: ✅ 0 взято | 🗑️ 15 мусор
2026-05-21 02:48:13,292 | INFO     |   → 272/937: ✅ 0 взято | 🗑️ 15 мусор
2026-05-21 02:48:13,292 | INFO     |   → 273/937: ✅ 0 взято | 🗑️ 14 мусор
2026-05-21 02:48:13,292 | INFO     |   → 274/937: ✅ 0 взято | 🗑️ 14 мусор
2026-05-21 02:48:13,292 | INFO     |   → 275/937: ✅ 0 взято | 🗑️ 14 мусор
2026-05-21 02:48:13,292 | INFO     |   → 276/937: ✅ 0 взято | 🗑️ 14 мусор
2026-05-21 02:48:13,292 | INFO     |   → 277/937: ✅ 6 взято | 🗑️ 17 мусор
2026-05-21 02:48:13,292 | INFO     |   → 278/937: ✅ 0 взято | 🗑️ 17 мусор
2026-05-21 02:48:13,292 | INFO     |   → 279/937: ✅ 0 взято | 🗑️ 17 мусор
2026-05-21 02:48:13,292 | INFO     |   → 280/937: ✅ 0 взято | 🗑️ 17 мусор
2026-05-21 02:48:13,292 | INFO     |   → 281/937: ✅ 0 взято | 🗑️ 17 мусор
2026-05-21 02:48:13,292 | INFO     |   → 282/937: ✅ 0 взято | 🗑️ 17 мусор
2026-05-21 02:48:13,292 | INFO     |   → 283/937 ❌ HTTP 403 — https://nodefree.org/dy/2023/08/20230806.yaml
2026-05-21 02:48:13,292 | INFO     |   → 284/937 ❌ HTTP 403 — https://nodefree.org/dy/2023/12/20231221.txt
2026-05-21 02:48:13,292 | INFO     |   → 285/937: ✅ 0 взято | 🗑️ 17 мусор
2026-05-21 02:48:13,292 | INFO     |   → 286/937: ✅ 0 взято | 🗑️ 17 мусор
2026-05-21 02:48:13,292 | INFO     |   → 287/937: ✅ 0 взято | 🗑️ 14 мусор
2026-05-21 02:48:13,292 | INFO     |   → 288/937: ✅ 0 взято | 🗑️ 14 мусор
2026-05-21 02:48:13,292 | INFO     |   → 289/937: ✅ 0 взято | 🗑️ 14 мусор
2026-05-21 02:48:13,292 | INFO     |   → 290/937: ✅ 0 взято | 🗑️ 14 мусор
2026-05-21 02:48:13,292 | INFO     |   → 291/937: ✅ 0 взято | 🗑️ 14 мусор
2026-05-21 02:48:13,293 | INFO     |   → 292/937: ✅ 0 взято | 🗑️ 14 мусор
2026-05-21 02:48:13,293 | INFO     |   → 293/937: ✅ 0 взято | 🗑️ 14 мусор
2026-05-21 02:48:13,293 | INFO     |   → 294/937: ✅ 0 взято | 🗑️ 14 мусор
2026-05-21 02:48:13,293 | INFO     |   → 295/937: ✅ 0 взято | 🗑️ 14 мусор
2026-05-21 02:48:13,293 | INFO     |   → 296/937: ✅ 0 взято | 🗑️ 21 мусор
2026-05-21 02:48:13,293 | INFO     |   → 297/937: ✅ 0 взято | 🗑️ 21 мусор
2026-05-21 02:48:13,293 | INFO     |   → 298/937: ✅ 0 взято | 🗑️ 21 мусор
2026-05-21 02:48:13,293 | INFO     |   → 299/937: ✅ 0 взято | 🗑️ 21 мусор
2026-05-21 02:48:13,293 | INFO     |   → 300/937: ✅ 0 взято | 🗑️ 21 мусор
2026-05-21 02:48:13,293 | INFO     |   → 301/937: ✅ 0 взято | 🗑️ 21 мусор
2026-05-21 02:48:13,293 | INFO     |   → 302/937: ✅ 0 взято | 🗑️ 21 мусор
2026-05-21 02:48:13,293 | INFO     |   → 303/937: ✅ 0 взято | 🗑️ 21 мусор
2026-05-21 02:48:13,293 | INFO     |   → 304/937: ✅ 0 взято | 🗑️ 21 мусор
2026-05-21 02:48:13,293 | INFO     |   → 305/937: ✅ 0 взято | 🗑️ 21 мусор
2026-05-21 02:48:13,293 | INFO     |   → 306/937: ✅ 0 взято | 🗑️ 21 мусор
2026-05-21 02:48:13,293 | INFO     |   → 307/937: ✅ 0 взято | 🗑️ 15 мусор
2026-05-21 02:48:13,293 | INFO     |   → 308/937: ✅ 0 взято | 🗑️ 15 мусор
2026-05-21 02:48:13,293 | INFO     |   → 309/937: ✅ 0 взято | 🗑️ 15 мусор
2026-05-21 02:48:13,293 | INFO     |   → 310/937: ✅ 0 взято | 🗑️ 15 мусор
2026-05-21 02:48:13,293 | INFO     |   → 311/937: ✅ 0 взято | 🗑️ 15 мусор
2026-05-21 02:48:13,293 | INFO     |   → 312/937: ✅ 0 взято | 🗑️ 15 мусор
2026-05-21 02:48:13,293 | INFO     |   → 313/937: ✅ 0 взято | 🗑️ 15 мусор
2026-05-21 02:48:13,293 | INFO     |   → 314/937: ✅ 0 взято | 🗑️ 15 мусор
2026-05-21 02:48:13,293 | INFO     |   → 315/937: ✅ 0 взято | 🗑️ 15 мусор
2026-05-21 02:48:13,293 | INFO     |   → 316/937: ✅ 0 взято | 🗑️ 15 мусор
2026-05-21 02:48:13,293 | INFO     |   → 317/937: ✅ 0 взято | 🗑️ 14 мусор
2026-05-21 02:48:13,293 | INFO     |   → 318/937: ✅ 0 взято | 🗑️ 14 мусор
2026-05-21 02:48:13,293 | INFO     |   → 319/937: ✅ 0 взято | 🗑️ 14 мусор
2026-05-21 02:48:13,293 | INFO     |   → 320/937: ✅ 0 взято | 🗑️ 14 мусор
2026-05-21 02:48:13,293 | INFO     |   → 321/937: ✅ 0 взято | 🗑️ 17 мусор
2026-05-21 02:48:13,294 | INFO     |   → 322/937: ✅ 0 взято | 🗑️ 17 мусор
2026-05-21 02:48:13,294 | INFO     |   → 323/937: ✅ 0 взято | 🗑️ 17 мусор
2026-05-21 02:48:13,294 | INFO     |   → 324/937: ✅ 0 взято | 🗑️ 17 мусор
2026-05-21 02:48:13,294 | INFO     |   → 325/937: ✅ 0 взято | 🗑️ 17 мусор
2026-05-21 02:48:13,294 | INFO     |   → 326/937: ✅ 0 взято | 🗑️ 0 мусор
2026-05-21 02:48:13,294 | INFO     |   → 327/937: ✅ 0 взято | 🗑️ 0 мусор
2026-05-21 02:48:13,294 | INFO     |   → 328/937: ✅ 0 взято | 🗑️ 0 мусор
2026-05-21 02:48:13,294 | INFO     |   → 329/937: ✅ 0 взято | 🗑️ 0 мусор
2026-05-21 02:48:13,294 | INFO     |   → 330/937: ✅ 0 взято | 🗑️ 0 мусор
2026-05-21 02:48:13,294 | INFO     |   → 331/937: ✅ 0 взято | 🗑️ 0 мусор
2026-05-21 02:48:13,294 | INFO     |   → 332/937: ✅ 0 взято | 🗑️ 0 мусор
2026-05-21 02:48:13,294 | INFO     |   → 333/937: ✅ 0 взято | 🗑️ 0 мусор
2026-05-21 02:48:13,294 | INFO     |   → 334/937: ✅ 0 взято | 🗑️ 0 мусор
2026-05-21 02:48:13,294 | INFO     |   → 335/937: ✅ 0 взято | 🗑️ 0 мусор
2026-05-21 02:48:13,294 | INFO     |   → 336/937: ✅ 0 взято | 🗑️ 0 мусор
2026-05-21 02:48:13,294 | INFO     |   → 337/937: ✅ 0 взято | 🗑️ 0 мусор
2026-05-21 02:48:13,294 | INFO     |   → 338/937 ❌ HTTP 404 — https://raw.githubusercontent.com/10ium/MihomoSaz/main/Sublist/shatakvpn.yaml4_Sub.txt
2026-05-21 02:48:13,294 | INFO     |   → 339/937: ✅ 0 взято | 🗑️ 0 мусор
2026-05-21 02:48:13,294 | INFO     |   → 340/937: ✅ 0 взято | 🗑️ 0 мусор
2026-05-21 02:48:13,294 | INFO     |   → 341/937: ✅ 12 взято | 🗑️ 38 мусор
2026-05-21 02:48:13,294 | INFO     |   → 342/937: ✅ 0 взято | 🗑️ 0 мусор
2026-05-21 02:48:13,294 | INFO     |   → 343/937: ✅ 0 взято | 🗑️ 0 мусор
2026-05-21 02:48:13,294 | INFO     |   → 344/937: ✅ 11 взято | 🗑️ 399 мусор
2026-05-21 02:48:13,294 | INFO     |   → 345/937: ✅ 0 взято | 🗑️ 0 мусор
2026-05-21 02:48:13,294 | INFO     |   → 346/937 ❌ HTTP 404 — https://raw.githubusercontent.com/9Fork/openit/main/Clash.yaml
2026-05-21 02:48:13,294 | INFO     |   → 347/937: ✅ 100 взято | 🗑️ 381 мусор
2026-05-21 02:48:13,294 | INFO     |   → 348/937: ✅ 0 взято | 🗑️ 381 мусор
2026-05-21 02:48:13,294 | INFO     |   → 349/937: ✅ 19 взято | 🗑️ 81 мусор
2026-05-21 02:48:13,294 | INFO     |   → 350/937: ✅ 11 взято | 🗑️ 87 мусор
2026-05-21 02:48:13,294 | INFO     |   → 351/937: ✅ 27 взято | 🗑️ 73 мусор
2026-05-21 02:48:13,295 | INFO     |   → 352/937: ✅ 13 взято | 🗑️ 75 мусор
2026-05-21 02:48:13,295 | INFO     |   → 353/937: ✅ 10 взято | 🗑️ 83 мусор
2026-05-21 02:48:13,295 | INFO     |   → 354/937: ✅ 12 взято | 🗑️ 86 мусор
2026-05-21 02:48:13,295 | INFO     |   → 355/937: ✅ 11 взято | 🗑️ 87 мусор
2026-05-21 02:48:13,295 | INFO     |   → 356/937: ✅ 11 взято | 🗑️ 80 мусор
2026-05-21 02:48:13,295 | INFO     |   → 357/937: ✅ 9 взято | 🗑️ 82 мусор
2026-05-21 02:48:13,295 | INFO     |   → 358/937: ✅ 69 взято | 🗑️ 3 мусор
2026-05-21 02:48:13,295 | INFO     |   → 359/937: ✅ 3 взято | 🗑️ 75 мусор
2026-05-21 02:48:13,295 | INFO     |   → 360/937: ✅ 4 взято | 🗑️ 69 мусор
2026-05-21 02:48:13,295 | INFO     |   → 361/937: ✅ 4 взято | 🗑️ 80 мусор
2026-05-21 02:48:13,295 | INFO     |   → 362/937: ✅ 6 взято | 🗑️ 81 мусор
2026-05-21 02:48:13,295 | INFO     |   → 363/937: ✅ 5 взято | 🗑️ 79 мусор
2026-05-21 02:48:13,295 | INFO     |   → 364/937: ✅ 11 взято | 🗑️ 78 мусор
2026-05-21 02:48:13,295 | INFO     |   → 365/937: ✅ 3 взято | 🗑️ 83 мусор
2026-05-21 02:48:13,295 | INFO     |   → 366/937: ✅ 14 взято | 🗑️ 76 мусор
2026-05-21 02:48:13,295 | INFO     |   → 367/937: ✅ 12 взято | 🗑️ 78 мусор
2026-05-21 02:48:13,295 | INFO     |   → 368/937: ✅ 26 взято | 🗑️ 218 мусор
2026-05-21 02:48:13,295 | INFO     |   → 369/937: ✅ 44 взято | 🗑️ 141 мусор
2026-05-21 02:48:13,295 | INFO     |   → 370/937: ✅ 10 взято | 🗑️ 71 мусор
2026-05-21 02:48:13,295 | INFO     |   → 371/937: ✅ 2 взято | 🗑️ 88 мусор
2026-05-21 02:48:13,295 | INFO     |   → 372/937: ✅ 0 взято | 🗑️ 3 мусор
2026-05-21 02:48:13,295 | INFO     |   → 373/937: ✅ 14 взято | 🗑️ 4 мусор
2026-05-21 02:48:13,295 | INFO     |   → 374/937: ✅ 650 взято | 🗑️ 2588 мусор
2026-05-21 02:48:13,295 | INFO     |   → 375/937 ❌ HTTP 404 — https://raw.githubusercontent.com/Alvin9999/pac2/master/clash/1/config.yaml
2026-05-21 02:48:13,295 | INFO     |   → 376/937 ❌ HTTP 404 — https://raw.githubusercontent.com/AmirHDevo/temp2/7f15e7ddb311a6f8c5ab338bd1af0e1f2136a84b/configs.txt
2026-05-21 02:48:13,295 | INFO     |   → 377/937: ✅ 4 взято | 🗑️ 154 мусор
2026-05-21 02:48:13,295 | INFO     |   → 378/937: ✅ 1729 взято | 🗑️ 32182 мусор
2026-05-21 02:48:13,295 | INFO     |   → 379/937: ✅ 5 взято | 🗑️ 47 мусор
2026-05-21 02:48:13,295 | INFO     |   → 380/937: ✅ 4 взято | 🗑️ 57 мусор
2026-05-21 02:48:13,295 | INFO     |   → 381/937: ✅ 21 взято | 🗑️ 107 мусор
2026-05-21 02:48:13,296 | INFO     |   → 382/937: ✅ 78 взято | 🗑️ 347 мусор
2026-05-21 02:48:13,296 | INFO     |   → 383/937: ✅ 0 взято | 🗑️ 1373 мусор
2026-05-21 02:48:13,296 | INFO     |   → 384/937: ✅ 339 взято | 🗑️ 1542 мусор
2026-05-21 02:48:13,296 | INFO     |   → 385/937: ✅ 0 взято | 🗑️ 6 мусор
2026-05-21 02:48:13,296 | INFO     |   → 386/937: ✅ 0 взято | 🗑️ 0 мусор
2026-05-21 02:48:13,296 | INFO     |   → 387/937: ✅ 1 взято | 🗑️ 235 мусор
2026-05-21 02:48:13,296 | INFO     |   → 388/937: ✅ 0 взято | 🗑️ 16 мусор
2026-05-21 02:48:13,296 | INFO     |   → 389/937: ✅ 0 взято | 🗑️ 0 мусор
2026-05-21 02:48:13,296 | INFO     |   → 390/937: ✅ 0 взято | 🗑️ 14 мусор
2026-05-21 02:48:13,296 | INFO     |   → 391/937: ✅ 0 взято | 🗑️ 0 мусор
2026-05-21 02:48:13,296 | INFO     |   → 392/937: ✅ 0 взято | 🗑️ 17 мусор
2026-05-21 02:48:13,296 | INFO     |   → 393/937: ✅ 0 взято | 🗑️ 0 мусор
2026-05-21 02:48:13,296 | INFO     |   → 394/937: ✅ 1 взято | 🗑️ 12 мусор
2026-05-21 02:48:13,296 | INFO     |   → 395/937: ✅ 0 взято | 🗑️ 0 мусор
2026-05-21 02:48:13,296 | INFO     |   → 396/937: ✅ 0 взято | 🗑️ 17 мусор
2026-05-21 02:48:13,296 | INFO     |   → 397/937: ✅ 0 взято | 🗑️ 0 мусор
2026-05-21 02:48:13,296 | INFO     |   → 398/937: ✅ 0 взято | 🗑️ 17 мусор
2026-05-21 02:48:13,296 | INFO     |   → 399/937: ✅ 0 взято | 🗑️ 0 мусор
2026-05-21 02:48:13,296 | INFO     |   → 400/937: ✅ 0 взято | 🗑️ 161 мусор
2026-05-21 02:48:13,296 | INFO     |   → 401/937: ✅ 0 взято | 🗑️ 0 мусор
2026-05-21 02:48:13,296 | INFO     |   → 402/937: ✅ 5 взято | 🗑️ 76 мусор
2026-05-21 02:48:13,296 | INFO     |   → 403/937: ✅ 80 взято | 🗑️ 1110 мусор
2026-05-21 02:48:13,296 | INFO     |   → 404/937: ✅ 5 взято | 🗑️ 13 мусор
2026-05-21 02:48:13,296 | INFO     |   → 405/937 ❌ HTTP 404 — https://raw.githubusercontent.com/Epodonios/bulk-xray-v2ray-vless-vmess-...-configs/main/sub/Austria/config.txt
2026-05-21 02:48:13,296 | INFO     |   → 406/937 ❌ HTTP 404 — https://raw.githubusercontent.com/Epodonios/bulk-xray-v2ray-vless-vmess-...-configs/main/sub/Canada/config.txt
2026-05-21 02:48:13,296 | INFO     |   → 407/937 ❌ HTTP 404 — https://raw.githubusercontent.com/Epodonios/bulk-xray-v2ray-vless-vmess-...-configs/main/sub/Costa%20Rica/config.txt
2026-05-21 02:48:13,296 | INFO     |   → 408/937 ❌ HTTP 404 — https://raw.githubusercontent.com/Epodonios/bulk-xray-v2ray-vless-vmess-...-configs/main/sub/France/config.txt
2026-05-21 02:48:13,296 | INFO     |   → 409/937 ❌ HTTP 404 — https://raw.githubusercontent.com/Epodonios/bulk-xray-v2ray-vless-vmess-...-configs/main/sub/Germany/config.txt
2026-05-21 02:48:13,296 | INFO     |   → 410/937 ❌ HTTP 404 — https://raw.githubusercontent.com/Epodonios/bulk-xray-v2ray-vless-vmess-...-configs/main/sub/Indonesia/config.txt
2026-05-21 02:48:13,296 | INFO     |   → 411/937 ❌ HTTP 404 — https://raw.githubusercontent.com/Epodonios/bulk-xray-v2ray-vless-vmess-...-configs/main/sub/Ireland/config.txt
2026-05-21 02:48:13,297 | INFO     |   → 412/937 ❌ HTTP 404 — https://raw.githubusercontent.com/Epodonios/bulk-xray-v2ray-vless-vmess-...-configs/main/sub/Republic%20of%20Lithuania/config.txt
2026-05-21 02:48:13,297 | INFO     |   → 413/937 ❌ HTTP 404 — https://raw.githubusercontent.com/Epodonios/bulk-xray-v2ray-vless-vmess-...-configs/main/sub/South%20Africa/config.txt
2026-05-21 02:48:13,297 | INFO     |   → 414/937 ❌ HTTP 404 — https://raw.githubusercontent.com/Epodonios/bulk-xray-v2ray-vless-vmess-...-configs/main/sub/Sweden/config.txt
2026-05-21 02:48:13,297 | INFO     |   → 415/937 ❌ HTTP 404 — https://raw.githubusercontent.com/Epodonios/bulk-xray-v2ray-vless-vmess-...-configs/main/sub/Turkey/config.txt
2026-05-21 02:48:13,297 | INFO     |   → 416/937 ❌ HTTP 404 — https://raw.githubusercontent.com/Epodonios/bulk-xray-v2ray-vless-vmess-...-configs/main/sub/United%20Arab%20Emirates/config.txt
2026-05-21 02:48:13,297 | INFO     |   → 417/937 ❌ HTTP 404 — https://raw.githubusercontent.com/Epodonios/bulk-xray-v2ray-vless-vmess-...-configs/main/sub/United%20Kingdom/config.txt
2026-05-21 02:48:13,297 | INFO     |   → 418/937 ❌ HTTP 404 — https://raw.githubusercontent.com/Epodonios/bulk-xray-v2ray-vless-vmess-...-configs/main/sub/United%20States/config.txt
2026-05-21 02:48:13,297 | INFO     |   → 419/937: ✅ 329 взято | 🗑️ 3989 мусор
2026-05-21 02:48:13,297 | INFO     |   → 420/937 ❌ HTTP 404 — https://raw.githubusercontent.com/Epodonios/v2ray-configs/main/Splitted-By-Protocol/mix.txt
2026-05-21 02:48:13,297 | INFO     |   → 421/937: ✅ 0 взято | 🗑️ 330 мусор
2026-05-21 02:48:13,297 | INFO     |   → 422/937: ✅ 0 взято | 🗑️ 0 мусор
2026-05-21 02:48:13,297 | INFO     |   → 423/937: ✅ 0 взято | 🗑️ 329 мусор
2026-05-21 02:48:13,297 | INFO     |   → 424/937: ✅ 0 взято | 🗑️ 2830 мусор
2026-05-21 02:48:13,297 | INFO     |   → 425/937: ✅ 0 взято | 🗑️ 498 мусор
2026-05-21 02:48:13,297 | INFO     |   → 426/937 ❌ HTTP 404 — https://raw.githubusercontent.com/Epodonios/v2ray-configs/raw/main/Splitted-By-Protocol/trojan.txt
2026-05-21 02:48:13,297 | INFO     |   → 427/937 ❌ HTTP 404 — https://raw.githubusercontent.com/Epodonios/v2ray-configs/raw/main/Splitted-By-Protocol/vmess.txt
2026-05-21 02:48:13,297 | INFO     |   → 428/937: ✅ 0 взято | 🗑️ 330 мусор
2026-05-21 02:48:13,297 | INFO     |   → 429/937: ✅ 0 взято | 🗑️ 0 мусор
2026-05-21 02:48:13,297 | INFO     |   → 430/937: ✅ 0 взято | 🗑️ 329 мусор
2026-05-21 02:48:13,297 | INFO     |   → 431/937: ✅ 0 взято | 🗑️ 2830 мусор
2026-05-21 02:48:13,297 | INFO     |   → 432/937: ✅ 0 взято | 🗑️ 498 мусор
2026-05-21 02:48:13,297 | INFO     |   → 433/937 ❌ HTTP 404 — https://raw.githubusercontent.com/Fido6/FreeNodes/57221e59caddde55ffdda21d491ae952cd608049/nodes/halekj.txt
2026-05-21 02:48:13,297 | INFO     |   → 434/937 ❌ HTTP 404 — https://raw.githubusercontent.com/Fido6/FreeNodes/57221e59caddde55ffdda21d491ae952cd608049/nodes/kkzui.txt
2026-05-21 02:48:13,297 | INFO     |   → 435/937 ❌ HTTP 404 — https://raw.githubusercontent.com/Fido6/FreeNodes/57221e59caddde55ffdda21d491ae952cd608049/nodes/wenode.txt
2026-05-21 02:48:13,297 | INFO     |   → 436/937: ✅ 0 взято | 🗑️ 0 мусор
2026-05-21 02:48:13,297 | INFO     |   → 437/937: ✅ 0 взято | 🗑️ 17 мусор
2026-05-21 02:48:13,297 | INFO     |   → 438/937: ✅ 14 взято | 🗑️ 250 мусор
2026-05-21 02:48:13,297 | INFO     |   → 439/937: ✅ 0 взято | 🗑️ 5 мусор
2026-05-21 02:48:13,297 | INFO     |   → 440/937: ✅ 1 взято | 🗑️ 17 мусор
2026-05-21 02:48:13,297 | INFO     |   → 441/937: ✅ 4 взято | 🗑️ 11 мусор
2026-05-21 02:48:13,297 | INFO     |   → 442/937: ✅ 0 взято | 🗑️ 0 мусор
2026-05-21 02:48:13,298 | INFO     |   → 443/937: ✅ 0 взято | 🗑️ 137 мусор
2026-05-21 02:48:13,298 | INFO     |   → 444/937: ✅ 0 взято | 🗑️ 32 мусор
2026-05-21 02:48:13,298 | INFO     |   → 445/937: ✅ 2 взято | 🗑️ 19 мусор
2026-05-21 02:48:13,298 | INFO     |   → 446/937: ✅ 0 взято | 🗑️ 43 мусор
2026-05-21 02:48:13,298 | INFO     |   → 447/937: ✅ 0 взято | 🗑️ 43 мусор
2026-05-21 02:48:13,298 | INFO     |   → 448/937 ❌ HTTP 404 — https://raw.githubusercontent.com/Iran-v2ray/v2ray/main/v2ray
2026-05-21 02:48:13,298 | INFO     |   → 449/937: ✅ 0 взято | 🗑️ 1 мусор
2026-05-21 02:48:13,298 | INFO     |   → 450/937: ✅ 0 взято | 🗑️ 1 мусор
2026-05-21 02:48:13,298 | INFO     |   → 451/937: ✅ 0 взято | 🗑️ 28 мусор
2026-05-21 02:48:13,298 | INFO     |   → 452/937: ✅ 14 взято | 🗑️ 282 мусор
2026-05-21 02:48:13,298 | INFO     |   → 453/937: ✅ 0 взято | 🗑️ 94 мусор
2026-05-21 02:48:13,298 | INFO     |   → 454/937: ✅ 0 взято | 🗑️ 0 мусор
2026-05-21 02:48:13,298 | INFO     |   → 455/937: ✅ 0 взято | 🗑️ 0 мусор
2026-05-21 02:48:13,298 | INFO     |   → 456/937 ❌ HTTP 404 — https://raw.githubusercontent.com/Kwinshadow/TelegramV2rayCollector/raw/refs/heads/main/sublinks/mix.txt
2026-05-21 02:48:13,298 | INFO     |   → 457/937 ❌ HTTP 404 — https://raw.githubusercontent.com/LalatinaHub/Mineral/raw/refs/heads/master/result/nodes
2026-05-21 02:48:13,298 | INFO     |   → 458/937 ❌ HTTP 404 — https://raw.githubusercontent.com/Leon406/SubCrawler/main/sub/share/all3
2026-05-21 02:48:13,298 | INFO     |   → 459/937 ❌ HTTP 404 — https://raw.githubusercontent.com/Leon406/SubCrawler/main/sub/share/all4
2026-05-21 02:48:13,298 | INFO     |   → 460/937: ✅ 4 взято | 🗑️ 335 мусор
2026-05-21 02:48:13,298 | INFO     |   → 461/937: ✅ 0 взято | 🗑️ 33 мусор
2026-05-21 02:48:13,298 | INFO     |   → 462/937: ✅ 0 взято | 🗑️ 6 мусор
2026-05-21 02:48:13,298 | INFO     |   → 463/937: ✅ 0 взято | 🗑️ 147 мусор
2026-05-21 02:48:13,298 | INFO     |   → 464/937 ❌ HTTP 404 — https://raw.githubusercontent.com/M-Mashreghi/free-config-collector/main/Splitted-By-Protocol/ssr.txt
2026-05-21 02:48:13,298 | INFO     |   → 465/937: ✅ 139 взято | 🗑️ 114 мусор
2026-05-21 02:48:13,298 | INFO     |   → 466/937: ✅ 126 взято | 🗑️ 137 мусор
2026-05-21 02:48:13,298 | INFO     |   → 467/937: ✅ 0 взято | 🗑️ 12 мусор
2026-05-21 02:48:13,298 | INFO     |   → 468/937: ✅ 0 взято | 🗑️ 1 мусор
2026-05-21 02:48:13,298 | INFO     |   → 469/937: ✅ 15 взято | 🗑️ 424 мусор
2026-05-21 02:48:13,298 | INFO     |   → 470/937: ✅ 0 взято | 🗑️ 424 мусор
2026-05-21 02:48:13,298 | INFO     |   → 471/937 ❌ HTTP 404 — https://raw.githubusercontent.com/MatinGhanbari/v2ray-configs/main/subscriptions/filtered/subs/hy2.txt
2026-05-21 02:48:13,298 | INFO     |   → 472/937: ✅ 26 взято | 🗑️ 1556 мусор
2026-05-21 02:48:13,299 | INFO     |   → 473/937 ❌ HTTP 404 — https://raw.githubusercontent.com/MatinGhanbari/v2ray-configs/main/subscriptions/filtered/subs/ssr.txt
2026-05-21 02:48:13,299 | INFO     |   → 474/937: ✅ 57 взято | 🗑️ 507 мусор
2026-05-21 02:48:13,299 | INFO     |   → 475/937 ❌ HTTP 404 — https://raw.githubusercontent.com/MatinGhanbari/v2ray-configs/main/subscriptions/filtered/subs/tuic.txt
2026-05-21 02:48:13,299 | INFO     |   → 476/937: ✅ 16 взято | 🗑️ 241 мусор
2026-05-21 02:48:13,299 | INFO     |   → 477/937: ✅ 228 взято | 🗑️ 1301 мусор
2026-05-21 02:48:13,299 | INFO     |   → 478/937: ✅ 0 взято | 🗑️ 2 мусор
2026-05-21 02:48:13,299 | INFO     |   → 479/937: ✅ 73 взято | 🗑️ 704 мусор
2026-05-21 02:48:13,299 | INFO     |   → 480/937: ✅ 0 взято | 🗑️ 359 мусор
2026-05-21 02:48:13,299 | INFO     |   → 481/937: ✅ 0 взято | 🗑️ 359 мусор
2026-05-21 02:48:13,299 | INFO     |   → 482/937: ✅ 0 взято | 🗑️ 13 мусор
2026-05-21 02:48:13,299 | INFO     |   → 483/937: ✅ 0 взято | 🗑️ 2 мусор
2026-05-21 02:48:13,299 | INFO     |   → 484/937: ✅ 0 взято | 🗑️ 266 мусор
2026-05-21 02:48:13,299 | INFO     |   → 485/937: ✅ 0 взято | 🗑️ 72 мусор
2026-05-21 02:48:13,299 | INFO     |   → 486/937 ❌ HTTP 404 — https://raw.githubusercontent.com/MhdiTaheri/V2rayCollector/raw/refs/heads/main/sub/mix
2026-05-21 02:48:13,299 | INFO     |   → 487/937: ✅ 53 взято | 🗑️ 267 мусор
2026-05-21 02:48:13,299 | INFO     |   → 488/937 ❌ HTTP 404 — https://raw.githubusercontent.com/MhdiTaheri/V2rayCollector_Py/raw/refs/heads/main/sub/Mix/mix.txt
2026-05-21 02:48:13,299 | INFO     |   → 489/937: ✅ 0 взято | 🗑️ 0 мусор
2026-05-21 02:48:13,299 | INFO     |   → 490/937: ✅ 43 взято | 🗑️ 217 мусор
2026-05-21 02:48:13,299 | INFO     |   → 491/937: ✅ 0 взято | 🗑️ 31 мусор
2026-05-21 02:48:13,299 | INFO     |   → 492/937: ✅ 93 взято | 🗑️ 282 мусор
2026-05-21 02:48:13,299 | INFO     |   → 493/937: ✅ 0 взято | 🗑️ 26 мусор
2026-05-21 02:48:13,299 | INFO     |   → 494/937 ❌ HTTP 404 — https://raw.githubusercontent.com/MrMohebi/xray-proxy-grabber-telegram/master/collected-proxies/clash-meta/all.yaml
2026-05-21 02:48:13,299 | INFO     |   → 495/937 ❌ HTTP 404 — https://raw.githubusercontent.com/MrMohebi/xray-proxy-grabber-telegram/master/collected-proxies/row-url/actives.txt
2026-05-21 02:48:13,299 | INFO     |   → 496/937 ❌ HTTP 404 — https://raw.githubusercontent.com/MrMohebi/xray-proxy-grabber-telegram/master/collected-proxies/row-url/all.txt
2026-05-21 02:48:13,299 | INFO     |   → 497/937: ✅ 0 взято | 🗑️ 13 мусор
2026-05-21 02:48:13,299 | INFO     |   → 498/937: ✅ 0 взято | 🗑️ 13 мусор
2026-05-21 02:48:13,299 | INFO     |   → 499/937: ✅ 5 взято | 🗑️ 15 мусор
2026-05-21 02:48:13,299 | INFO     |   → 500/937: ✅ 0 взято | 🗑️ 30 мусор
2026-05-21 02:48:13,299 | INFO     |   → 501/937: ✅ 0 взято | 🗑️ 15 мусор
2026-05-21 02:48:13,299 | INFO     |   → 502/937: ✅ 66 взято | 🗑️ 123 мусор
2026-05-21 02:48:13,300 | INFO     |   → 503/937: ✅ 175 взято | 🗑️ 582 мусор
2026-05-21 02:48:13,300 | INFO     |   → 504/937: ✅ 0 взято | 🗑️ 0 мусор
2026-05-21 02:48:13,300 | INFO     |   → 505/937 ❌ HTTP 404 — https://raw.githubusercontent.com/OpenCNLink/freevpn/3cfcff048bfdd1493ccffa52ecf30ce7f9fc6b28/src/list/vmess.txt
2026-05-21 02:48:13,300 | INFO     |   → 506/937 ❌ HTTP 404 — https://raw.githubusercontent.com/Pawdro/Collection/main/sub
2026-05-21 02:48:13,300 | INFO     |   → 507/937: ✅ 0 взято | 🗑️ 20 мусор
2026-05-21 02:48:13,300 | INFO     |   → 508/937: ✅ 0 взято | 🗑️ 20 мусор
2026-05-21 02:48:13,300 | INFO     |   → 509/937: ✅ 0 взято | 🗑️ 0 мусор
2026-05-21 02:48:13,300 | INFO     |   → 510/937: ✅ 0 взято | 🗑️ 0 мусор
2026-05-21 02:48:13,300 | INFO     |   → 511/937: ✅ 0 взято | 🗑️ 50 мусор
2026-05-21 02:48:13,300 | INFO     |   → 512/937: ✅ 5 взято | 🗑️ 206 мусор
2026-05-21 02:48:13,300 | INFO     |   → 513/937: ✅ 21 взято | 🗑️ 138 мусор
2026-05-21 02:48:13,300 | INFO     |   → 514/937: ✅ 23 взято | 🗑️ 89 мусор
2026-05-21 02:48:13,300 | INFO     |   → 515/937: ✅ 9 взято | 🗑️ 85 мусор
2026-05-21 02:48:13,300 | INFO     |   → 516/937: ✅ 0 взято | 🗑️ 129 мусор
2026-05-21 02:48:13,300 | INFO     |   → 517/937: ✅ 0 взято | 🗑️ 81 мусор
2026-05-21 02:48:13,300 | INFO     |   → 518/937 ❌ HTTP 404 — https://raw.githubusercontent.com/STR97/STRUGOV/refs/heads/main/STR.BYPASS
2026-05-21 02:48:13,300 | INFO     |   → 519/937: ✅ 4 взято | 🗑️ 34 мусор
2026-05-21 02:48:13,300 | INFO     |   → 520/937: ✅ 11 взято | 🗑️ 16 мусор
2026-05-21 02:48:13,300 | INFO     |   → 521/937: ✅ 0 взято | 🗑️ 16 мусор
2026-05-21 02:48:13,300 | INFO     |   → 522/937: ✅ 0 взято | 🗑️ 27 мусор
2026-05-21 02:48:13,300 | INFO     |   → 523/937: ✅ 140 взято | 🗑️ 1153 мусор
2026-05-21 02:48:13,300 | INFO     |   → 524/937: ✅ 29 взято | 🗑️ 54 мусор
2026-05-21 02:48:13,300 | INFO     |   → 525/937: ✅ 0 взято | 🗑️ 0 мусор
2026-05-21 02:48:13,300 | INFO     |   → 526/937: ✅ 0 взято | 🗑️ 1 мусор
2026-05-21 02:48:13,300 | INFO     |   → 527/937: ✅ 2 взято | 🗑️ 9 мусор
2026-05-21 02:48:13,300 | INFO     |   → 528/937: ✅ 0 взято | 🗑️ 0 мусор
2026-05-21 02:48:13,300 | INFO     |   → 529/937: ✅ 0 взято | 🗑️ 9 мусор
2026-05-21 02:48:13,300 | INFO     |   → 530/937: ✅ 4 взято | 🗑️ 291 мусор
2026-05-21 02:48:13,300 | INFO     |   → 531/937: ✅ 0 взято | 🗑️ 119 мусор
2026-05-21 02:48:13,300 | INFO     |   → 532/937: ✅ 0 взято | 🗑️ 0 мусор
2026-05-21 02:48:13,301 | INFO     |   → 533/937 ❌ HTTP 404 — https://raw.githubusercontent.com/V2RAYCONFIGSPOOL/V2RAY_SUB/main/V2RAY_SUB.txt
2026-05-21 02:48:13,301 | INFO     |   → 534/937: ✅ 18 взято | 🗑️ 77 мусор
2026-05-21 02:48:13,301 | INFO     |   → 535/937: ✅ 19 взято | 🗑️ 76 мусор
2026-05-21 02:48:13,301 | INFO     |   → 536/937: ✅ 0 взято | 🗑️ 0 мусор
2026-05-21 02:48:13,301 | INFO     |   → 537/937: ✅ 0 взято | 🗑️ 76 мусор
2026-05-21 02:48:13,301 | INFO     |   → 538/937: ✅ 58 взято | 🗑️ 348 мусор
2026-05-21 02:48:13,301 | INFO     |   → 539/937: ✅ 0 взято | 🗑️ 0 мусор
2026-05-21 02:48:13,301 | INFO     |   → 540/937: ✅ 6 взято | 🗑️ 245 мусор
2026-05-21 02:48:13,301 | INFO     |   → 541/937: ✅ 1 взято | 🗑️ 231 мусор
2026-05-21 02:48:13,301 | INFO     |   → 542/937: ✅ 0 взято | 🗑️ 17 мусор
2026-05-21 02:48:13,301 | INFO     |   → 543/937: ✅ 1 взято | 🗑️ 83 мусор
2026-05-21 02:48:13,301 | INFO     |   → 544/937: ✅ 0 взято | 🗑️ 16 мусор
2026-05-21 02:48:13,301 | INFO     |   → 545/937: ✅ 0 взято | 🗑️ 16 мусор
2026-05-21 02:48:13,301 | INFO     |   → 546/937 ❌ HTTP 404 — https://raw.githubusercontent.com/aiboboxx/clashfree/main/clash.yml
2026-05-21 02:48:13,301 | INFO     |   → 547/937 ❌ HTTP 404 — https://raw.githubusercontent.com/aiboboxx/v2rayfree/main/v2
2026-05-21 02:48:13,301 | INFO     |   → 548/937 ❌ HTTP 404 — https://raw.githubusercontent.com/amirmohammad-mohammad-88/Sub-Reality-Azadi-config/Config/Azadi-Reality-Different
2026-05-21 02:48:13,301 | INFO     |   → 549/937 ❌ HTTP 404 — https://raw.githubusercontent.com/amirmohammad-mohammad-88/Sub-Reality-Azadi-config/Config/Azadi-Reality-Different-Base64
2026-05-21 02:48:13,301 | INFO     |   → 550/937: ✅ 1 взято | 🗑️ 17 мусор
2026-05-21 02:48:13,301 | INFO     |   → 551/937: ✅ 0 взято | 🗑️ 0 мусор
2026-05-21 02:48:13,301 | INFO     |   → 552/937: ✅ 4 взято | 🗑️ 114 мусор
2026-05-21 02:48:13,301 | INFO     |   → 553/937: ✅ 19 взято | 🗑️ 60 мусор
2026-05-21 02:48:13,301 | INFO     |   → 554/937 ❌ HTTP 404 — https://raw.githubusercontent.com/awesome-vpn/awesome-vpn/master/ss
2026-05-21 02:48:13,301 | INFO     |   → 555/937 ❌ HTTP 404 — https://raw.githubusercontent.com/awesome-vpn/awesome-vpn/master/ssr
2026-05-21 02:48:13,301 | INFO     |   → 556/937: ✅ 0 взято | 🗑️ 0 мусор
2026-05-21 02:48:13,301 | INFO     |   → 557/937: ✅ 1 взято | 🗑️ 22 мусор
2026-05-21 02:48:13,301 | INFO     |   → 558/937: ✅ 0 взято | 🗑️ 336 мусор
2026-05-21 02:48:13,301 | INFO     |   → 559/937 ❌ HTTP 404 — https://raw.githubusercontent.com/barry-far/V2ray-Configs/ced94ddfff48276ec365b40227561f36b1b64bc8/Sub5.txt
2026-05-21 02:48:13,301 | INFO     |   → 560/937 ❌ HTTP 404 — https://raw.githubusercontent.com/barry-far/V2ray-Configs/main/Splitted-By-Protocol/hysteria2.txt
2026-05-21 02:48:13,301 | INFO     |   → 561/937 ❌ HTTP 404 — https://raw.githubusercontent.com/barry-far/V2ray-Configs/main/Splitted-By-Protocol/vless.txt
2026-05-21 02:48:13,301 | INFO     |   → 562/937 ❌ HTTP 404 — https://raw.githubusercontent.com/barry-far/V2ray-Configs/main/Sub1.txt
2026-05-21 02:48:13,302 | INFO     |   → 563/937 ❌ HTTP 404 — https://raw.githubusercontent.com/barry-far/V2ray-Configs/refs/heads/main/All_Configs_Sub.txt
2026-05-21 02:48:13,302 | INFO     |   → 564/937: ✅ 0 взято | 🗑️ 0 мусор
2026-05-21 02:48:13,302 | INFO     |   → 565/937 ❌ HTTP 404 — https://raw.githubusercontent.com/budamu/clashconfig/main/v2ray.txt
2026-05-21 02:48:13,302 | INFO     |   → 566/937 ❌ HTTP 404 — https://raw.githubusercontent.com/budamu/clashconfig/main/v2ray2.txt
2026-05-21 02:48:13,302 | INFO     |   → 567/937: ✅ 0 взято | 🗑️ 0 мусор
2026-05-21 02:48:13,302 | INFO     |   → 568/937: ✅ 0 взято | 🗑️ 442 мусор
2026-05-21 02:48:13,302 | INFO     |   → 569/937: ✅ 0 взято | 🗑️ 0 мусор
2026-05-21 02:48:13,302 | INFO     |   → 570/937 ❌ HTTP 404 — https://raw.githubusercontent.com/chxxyz2004/zd/17fca23b73c46b5dd73e9be49b14d219b5e5f836/sub/2401/240110.txt
2026-05-21 02:48:13,302 | INFO     |   → 571/937: ✅ 0 взято | 🗑️ 44 мусор
2026-05-21 02:48:13,302 | INFO     |   → 572/937: ✅ 236 взято | 🗑️ 517 мусор
2026-05-21 02:48:13,302 | INFO     |   → 573/937 ❌ HTTP 404 — https://raw.githubusercontent.com/cxr9912/cxr2022/main/free.yaml
2026-05-21 02:48:13,302 | INFO     |   → 574/937 ❌ HTTP 404 — https://raw.githubusercontent.com/cxr9912/cxr2022/main/mix.yaml
2026-05-21 02:48:13,302 | INFO     |   → 575/937 ❌ HTTP 404 — https://raw.githubusercontent.com/cxr9912/cxr2022/main/ss.yaml
2026-05-21 02:48:13,302 | INFO     |   → 576/937 ❌ HTTP 404 — https://raw.githubusercontent.com/cxr9912/cxr2022/main/ssr.yaml
2026-05-21 02:48:13,302 | INFO     |   → 577/937 ❌ HTTP 404 — https://raw.githubusercontent.com/cxr9912/cxr2022/main/vmess.yaml
2026-05-21 02:48:13,302 | INFO     |   → 578/937 ❌ HTTP 404 — https://raw.githubusercontent.com/cxr9912/cxr2022/refs/heads/main/18cj.json
2026-05-21 02:48:13,302 | INFO     |   → 579/937 ❌ HTTP 404 — https://raw.githubusercontent.com/cxr9912/cxr2022/refs/heads/main/aaaaaaaa.yaml
2026-05-21 02:48:13,302 | INFO     |   → 580/937 ❌ HTTP 404 — https://raw.githubusercontent.com/cxr9912/cxr2022/refs/heads/main/free.yaml
2026-05-21 02:48:13,302 | INFO     |   → 581/937 ❌ HTTP 404 — https://raw.githubusercontent.com/cxr9912/cxr2022/refs/heads/main/ss2088.txt
2026-05-21 02:48:13,302 | INFO     |   → 582/937: ✅ 0 взято | 🗑️ 18 мусор
2026-05-21 02:48:13,302 | INFO     |   → 583/937: ✅ 0 взято | 🗑️ 18 мусор
2026-05-21 02:48:13,302 | INFO     |   → 584/937: ✅ 6 взято | 🗑️ 78 мусор
2026-05-21 02:48:13,302 | INFO     |   → 585/937: ✅ 6 взято | 🗑️ 4 мусор
2026-05-21 02:48:13,302 | INFO     |   → 586/937: ✅ 0 взято | 🗑️ 2 мусор
2026-05-21 02:48:13,302 | INFO     |   → 587/937: ✅ 0 взято | 🗑️ 2 мусор
2026-05-21 02:48:13,302 | INFO     |   → 588/937: ✅ 0 взято | 🗑️ 2 мусор
2026-05-21 02:48:13,302 | INFO     |   → 589/937: ✅ 0 взято | 🗑️ 3 мусор
2026-05-21 02:48:13,302 | INFO     |   → 590/937: ✅ 0 взято | 🗑️ 2 мусор
2026-05-21 02:48:13,302 | INFO     |   → 591/937: ✅ 0 взято | 🗑️ 9 мусор
2026-05-21 02:48:13,302 | INFO     |   → 592/937: ✅ 1 взято | 🗑️ 1 мусор
2026-05-21 02:48:13,303 | INFO     |   → 593/937: ✅ 0 взято | 🗑️ 10 мусор
2026-05-21 02:48:13,303 | INFO     |   → 594/937: ✅ 0 взято | 🗑️ 2 мусор
2026-05-21 02:48:13,303 | INFO     |   → 595/937: ✅ 0 взято | 🗑️ 0 мусор
2026-05-21 02:48:13,303 | INFO     |   → 596/937: ✅ 3123 взято | 🗑️ 69374 мусор
2026-05-21 02:48:13,303 | INFO     |   → 597/937: ✅ 73 взято | 🗑️ 1334 мусор
2026-05-21 02:48:13,303 | INFO     |   → 598/937: ✅ 6 взято | 🗑️ 113 мусор
2026-05-21 02:48:13,303 | INFO     |   → 599/937: ✅ 0 взято | 🗑️ 0 мусор
2026-05-21 02:48:13,303 | INFO     |   → 600/937: ✅ 1 взято | 🗑️ 25 мусор
2026-05-21 02:48:13,303 | INFO     |   → 601/937: ✅ 0 взято | 🗑️ 0 мусор
2026-05-21 02:48:13,303 | INFO     |   → 602/937: ✅ 13 взято | 🗑️ 19 мусор
2026-05-21 02:48:13,303 | INFO     |   → 603/937: ✅ 0 взято | 🗑️ 5 мусор
2026-05-21 02:48:13,303 | INFO     |   → 604/937: ✅ 2 взято | 🗑️ 80 мусор
2026-05-21 02:48:13,303 | INFO     |   → 605/937 ❌ HTTP 404 — https://raw.githubusercontent.com/free-nodes/v2rayfree/main/v2
2026-05-21 02:48:13,303 | INFO     |   → 606/937 ❌ HTTP 404 — https://raw.githubusercontent.com/free-v2ray-config/trojan/main/trojan.txt
2026-05-21 02:48:13,303 | INFO     |   → 607/937 ❌ HTTP 404 — https://raw.githubusercontent.com/free-v2ray-config/vless/main/vless.txt
2026-05-21 02:48:13,303 | INFO     |   → 608/937 ❌ HTTP 404 — https://raw.githubusercontent.com/free-v2ray-config/vmess/main/vmess.txt
2026-05-21 02:48:13,303 | INFO     |   → 609/937: ✅ 5 взято | 🗑️ 169 мусор
2026-05-21 02:48:13,303 | INFO     |   → 610/937: ✅ 34 взято | 🗑️ 121 мусор
2026-05-21 02:48:13,303 | INFO     |   → 611/937: ✅ 4 взято | 🗑️ 97 мусор
2026-05-21 02:48:13,303 | INFO     |   → 612/937 ❌ HTTP 404 — https://raw.githubusercontent.com/free18/v2ray/main/Clash.yaml
2026-05-21 02:48:13,303 | INFO     |   → 613/937: ✅ 0 взято | 🗑️ 0 мусор
2026-05-21 02:48:13,303 | INFO     |   → 614/937: ✅ 0 взято | 🗑️ 15 мусор
2026-05-21 02:48:13,303 | INFO     |   → 615/937: ✅ 0 взято | 🗑️ 0 мусор
2026-05-21 02:48:13,303 | INFO     |   → 616/937: ✅ 0 взято | 🗑️ 8 мусор
2026-05-21 02:48:13,303 | INFO     |   → 617/937: ✅ 0 взято | 🗑️ 8 мусор
2026-05-21 02:48:13,303 | INFO     |   → 618/937: ✅ 0 взято | 🗑️ 8 мусор
2026-05-21 02:48:13,303 | INFO     |   → 619/937: ✅ 0 взято | 🗑️ 8 мусор
2026-05-21 02:48:13,303 | INFO     |   → 620/937 ❌ HTTP 404 — https://raw.githubusercontent.com/freev2rayconfig/V2RAY_SUB/3e6a7786a1601ee3723e8d043ae79e70dbdfd9a8/v2rayconfigs.txt
2026-05-21 02:48:13,303 | INFO     |   → 621/937 ❌ HTTP 404 — https://raw.githubusercontent.com/freev2rayconfig/V2RAY_SUBSCRIPTION_LINK/main/v2rayconfigs.txt
2026-05-21 02:48:13,303 | INFO     |   → 622/937 ❌ HTTP 404 — https://raw.githubusercontent.com/gfpcom/free-proxy-list/main/list/http.txt
2026-05-21 02:48:13,304 | INFO     |   → 623/937 ❌ HTTP 404 — https://raw.githubusercontent.com/gfpcom/free-proxy-list/main/list/https.txt
2026-05-21 02:48:13,304 | INFO     |   → 624/937 ❌ HTTP 404 — https://raw.githubusercontent.com/gfpcom/free-proxy-list/main/list/socks4.txt
2026-05-21 02:48:13,304 | INFO     |   → 625/937 ❌ HTTP 404 — https://raw.githubusercontent.com/gfpcom/free-proxy-list/main/list/socks4a.txt
2026-05-21 02:48:13,304 | INFO     |   → 626/937 ❌ HTTP 404 — https://raw.githubusercontent.com/gfpcom/free-proxy-list/main/list/socks5.txt
2026-05-21 02:48:13,304 | INFO     |   → 627/937 ❌ HTTP 404 — https://raw.githubusercontent.com/gfpcom/free-proxy-list/main/list/socks5h.txt
2026-05-21 02:48:13,304 | INFO     |   → 628/937 ❌ HTTP 404 — https://raw.githubusercontent.com/gfpcom/free-proxy-list/main/list/ss.txt
2026-05-21 02:48:13,304 | INFO     |   → 629/937 ❌ HTTP 404 — https://raw.githubusercontent.com/gfpcom/free-proxy-list/main/list/ssr.txt
2026-05-21 02:48:13,304 | INFO     |   → 630/937 ❌ HTTP 404 — https://raw.githubusercontent.com/gfpcom/free-proxy-list/main/list/trojan.txt
2026-05-21 02:48:13,304 | INFO     |   → 631/937 ❌ HTTP 404 — https://raw.githubusercontent.com/gfpcom/free-proxy-list/main/list/vless.txt
2026-05-21 02:48:13,304 | INFO     |   → 632/937 ❌ HTTP 404 — https://raw.githubusercontent.com/gfpcom/free-proxy-list/main/list/vmess.txt
2026-05-21 02:48:13,304 | INFO     |   → 633/937: ✅ 0 взято | 🗑️ 17 мусор
2026-05-21 02:48:13,304 | INFO     |   → 634/937: ✅ 0 взято | 🗑️ 0 мусор
2026-05-21 02:48:13,304 | INFO     |   → 635/937: ✅ 4 взято | 🗑️ 63 мусор
2026-05-21 02:48:13,304 | INFO     |   → 636/937 ❌ HTTP 404 — https://raw.githubusercontent.com/hameed-maleki/TVC/89a4522969c57dcc22458cae9898426e5c4f2679/lite/config.txt
2026-05-21 02:48:13,304 | INFO     |   → 637/937: ✅ 5 взято | 🗑️ 132 мусор
2026-05-21 02:48:13,304 | INFO     |   → 638/937: ✅ 0 взято | 🗑️ 56 мусор
2026-05-21 02:48:13,304 | INFO     |   → 639/937 ❌ HTTP 404 — https://raw.githubusercontent.com/hkaa0/permalink/main/proxy/V2ray
2026-05-21 02:48:13,304 | INFO     |   → 640/937 ❌ HTTP 404 — https://raw.githubusercontent.com/hkaa0/permalink/main/proxy/clash
2026-05-21 02:48:13,304 | INFO     |   → 641/937 ❌ HTTP 404 — https://raw.githubusercontent.com/hkpc/Autoproxy/6cf946ddfc677a29062007e4b47d70674474baa7/sub/2401/240110.txt
2026-05-21 02:48:13,304 | INFO     |   → 642/937 ❌ HTTP 404 — https://raw.githubusercontent.com/hkpc/V2ray-Configs/7d9aa0dabf947af180a7dd6302818ed37950531a/Sub1.txt
2026-05-21 02:48:13,304 | INFO     |   → 643/937: ✅ 0 взято | 🗑️ 14 мусор
2026-05-21 02:48:13,304 | INFO     |   → 644/937: ✅ 16 взято | 🗑️ 16 мусор
2026-05-21 02:48:13,304 | INFO     |   → 645/937 ❌ HTTP 404 — https://raw.githubusercontent.com/iboxz/free-v2ray-collector/main/main
2026-05-21 02:48:13,304 | INFO     |   → 646/937: ✅ 8 взято | 🗑️ 14 мусор
2026-05-21 02:48:13,304 | INFO     |   → 647/937: ✅ 10 взято | 🗑️ 16 мусор
2026-05-21 02:48:13,304 | INFO     |   → 648/937: ✅ 61 взято | 🗑️ 216 мусор
2026-05-21 02:48:13,304 | INFO     |   → 649/937 ❌ HTTP 404 — https://raw.githubusercontent.com/igareck/vpn-configs-for-russia/refs/heads/main/Vless-Reality-White-Lists-Rus-Cable.txt
2026-05-21 02:48:13,304 | INFO     |   → 650/937: ✅ 53 взято | 🗑️ 96 мусор
2026-05-21 02:48:13,304 | INFO     |   → 651/937: ✅ 0 взято | 🗑️ 0 мусор
2026-05-21 02:48:13,305 | INFO     |   → 652/937: ✅ 0 взято | 🗑️ 0 мусор
2026-05-21 02:48:13,305 | INFO     |   → 653/937: ✅ 23 взято | 🗑️ 9 мусор
2026-05-21 02:48:13,305 | INFO     |   → 654/937: ✅ 0 взято | 🗑️ 0 мусор
2026-05-21 02:48:13,305 | INFO     |   → 655/937: ✅ 0 взято | 🗑️ 0 мусор
2026-05-21 02:48:13,305 | INFO     |   → 656/937: ✅ 0 взято | 🗑️ 12 мусор
2026-05-21 02:48:13,305 | INFO     |   → 657/937: ✅ 0 взято | 🗑️ 43 мусор
2026-05-21 02:48:13,305 | INFO     |   → 658/937 ❌ HTTP 404 — https://raw.githubusercontent.com/jw853355718/clash_233/master/config.yml
2026-05-21 02:48:13,305 | INFO     |   → 659/937: ✅ 0 взято | 🗑️ 210 мусор
2026-05-21 02:48:13,305 | INFO     |   → 660/937: ✅ 0 взято | 🗑️ 0 мусор
2026-05-21 02:48:13,305 | INFO     |   → 661/937: ✅ 0 взято | 🗑️ 0 мусор
2026-05-21 02:48:13,305 | INFO     |   → 662/937 ❌ HTTP 404 — https://raw.githubusercontent.com/lcx12901/v2ray-/master/sspool.herokuapp.com/yzcloud.yaml
2026-05-21 02:48:13,305 | INFO     |   → 663/937 ❌ HTTP 404 — https://raw.githubusercontent.com/lcx12901/v2ray-/master/sspool.herokuapp.com/yzcloud2.yaml
2026-05-21 02:48:13,305 | INFO     |   → 664/937: ✅ 0 взято | 🗑️ 0 мусор
2026-05-21 02:48:13,305 | INFO     |   → 665/937 ❌ HTTP 404 — https://raw.githubusercontent.com/learnhard-cn/free_proxy_ss/main/clash/config.yaml
2026-05-21 02:48:13,305 | INFO     |   → 666/937: ✅ 0 взято | 🗑️ 8 мусор
2026-05-21 02:48:13,305 | INFO     |   → 667/937: ✅ 0 взято | 🗑️ 4 мусор
2026-05-21 02:48:13,305 | INFO     |   → 668/937: ✅ 0 взято | 🗑️ 0 мусор
2026-05-21 02:48:13,305 | INFO     |   → 669/937: ✅ 0 взято | 🗑️ 4 мусор
2026-05-21 02:48:13,305 | INFO     |   → 670/937: ✅ 0 взято | 🗑️ 149 мусор
2026-05-21 02:48:13,305 | INFO     |   → 671/937: ✅ 0 взято | 🗑️ 421 мусор
2026-05-21 02:48:13,305 | INFO     |   → 672/937 ❌ HTTP 404 — https://raw.githubusercontent.com/lisylva-lee/v2dyku/main/ssr
2026-05-21 02:48:13,305 | INFO     |   → 673/937 ❌ HTTP 404 — https://raw.githubusercontent.com/lisylva-lee/v2dyku/main/v2dy
2026-05-21 02:48:13,305 | INFO     |   → 674/937: ✅ 0 взято | 🗑️ 53 мусор
2026-05-21 02:48:13,305 | INFO     |   → 675/937 ❌ HTTP 404 — https://raw.githubusercontent.com/luxl-1379/merge/77247d23def72b25226dfa741614e9b07a569c72/sub/sub_merge_base64.txt
2026-05-21 02:48:13,305 | INFO     |   → 676/937: ✅ 146 взято | 🗑️ 343 мусор
2026-05-21 02:48:13,305 | INFO     |   → 677/937: ✅ 0 взято | 🗑️ 119 мусор
2026-05-21 02:48:13,305 | INFO     |   → 678/937: ✅ 644 взято | 🗑️ 3933 мусор
2026-05-21 02:48:13,305 | INFO     |   → 679/937: ✅ 0 взято | 🗑️ 0 мусор
2026-05-21 02:48:13,305 | INFO     |   → 680/937: ✅ 0 взято | 🗑️ 3933 мусор
2026-05-21 02:48:13,305 | INFO     |   → 681/937: ✅ 20 взято | 🗑️ 370 мусор
2026-05-21 02:48:13,305 | INFO     |   → 682/937 ❌ HTTP 404 — https://raw.githubusercontent.com/mermeroo/Clash-V2ray/main/v2ray
2026-05-21 02:48:13,306 | INFO     |   → 683/937: ✅ 15 взято | 🗑️ 417 мусор
2026-05-21 02:48:13,306 | INFO     |   → 684/937: ✅ 6 взято | 🗑️ 102 мусор
2026-05-21 02:48:13,306 | INFO     |   → 685/937: ✅ 716 взято | 🗑️ 6258 мусор
2026-05-21 02:48:13,306 | INFO     |   → 686/937: ✅ 8 взято | 🗑️ 853 мусор
2026-05-21 02:48:13,306 | INFO     |   → 687/937: ✅ 32 взято | 🗑️ 69 мусор
2026-05-21 02:48:13,306 | INFO     |   → 688/937 ❌ HTTP 404 — https://raw.githubusercontent.com/mermeroo/free-v2ray-collector/main/main/mix
2026-05-21 02:48:13,306 | INFO     |   → 689/937 ❌ HTTP 404 — https://raw.githubusercontent.com/mermeroo/free-v2ray-collector/main/main/reality
2026-05-21 02:48:13,306 | INFO     |   → 690/937 ❌ HTTP 404 — https://raw.githubusercontent.com/mermeroo/free-v2ray-collector/main/main/shadowsocks
2026-05-21 02:48:13,306 | INFO     |   → 691/937 ❌ HTTP 404 — https://raw.githubusercontent.com/mermeroo/free-v2ray-collector/main/main/trojan
2026-05-21 02:48:13,306 | INFO     |   → 692/937 ❌ HTTP 404 — https://raw.githubusercontent.com/mermeroo/free-v2ray-collector/main/main/vless
2026-05-21 02:48:13,306 | INFO     |   → 693/937 ❌ HTTP 404 — https://raw.githubusercontent.com/mermeroo/free-v2ray-collector/main/main/vmess
2026-05-21 02:48:13,306 | INFO     |   → 694/937 ❌ HTTP 404 — https://raw.githubusercontent.com/mfuu/v2ray/master/merge/merge.txt
2026-05-21 02:48:13,306 | INFO     |   → 695/937: ✅ 0 взято | 🗑️ 73 мусор
2026-05-21 02:48:13,306 | INFO     |   → 696/937: ✅ 0 взято | 🗑️ 73 мусор
2026-05-21 02:48:13,306 | INFO     |   → 697/937: ✅ 553 взято | 🗑️ 14922 мусор
2026-05-21 02:48:13,306 | INFO     |   → 698/937: ✅ 0 взято | 🗑️ 14922 мусор
2026-05-21 02:48:13,306 | INFO     |   → 699/937: ✅ 0 взято | 🗑️ 3091 мусор
2026-05-21 02:48:13,306 | INFO     |   → 700/937: ✅ 0 взято | 🗑️ 1894 мусор
2026-05-21 02:48:13,306 | INFO     |   → 701/937: ✅ 0 взято | 🗑️ 5492 мусор
2026-05-21 02:48:13,306 | INFO     |   → 702/937: ✅ 0 взято | 🗑️ 4445 мусор
2026-05-21 02:48:13,306 | INFO     |   → 703/937 ❌ HTTP 404 — https://raw.githubusercontent.com/mianous/qiren/main/qiren.txt
2026-05-21 02:48:13,306 | INFO     |   → 704/937 ❌ HTTP 404 — https://raw.githubusercontent.com/miladtahanian/V2RayCFGDumper/refs/heads/main/config.txt
2026-05-21 02:48:13,306 | INFO     |   → 705/937 ❌ HTTP 404 — https://raw.githubusercontent.com/miladtahanian/multi-proxy-config-fetcher/refs/heads/main/configs/proxy_configs.txt
2026-05-21 02:48:13,306 | INFO     |   → 706/937: ✅ 0 взято | 🗑️ 0 мусор
2026-05-21 02:48:13,306 | INFO     |   → 707/937: ✅ 0 взято | 🗑️ 0 мусор
2026-05-21 02:48:13,306 | INFO     |   → 708/937: ✅ 0 взято | 🗑️ 0 мусор
2026-05-21 02:48:13,306 | INFO     |   → 709/937: ✅ 15 взято | 🗑️ 46 мусор
2026-05-21 02:48:13,306 | INFO     |   → 710/937: ✅ 0 взято | 🗑️ 216 мусор
2026-05-21 02:48:13,306 | INFO     |   → 711/937: ✅ 0 взято | 🗑️ 0 мусор
2026-05-21 02:48:13,306 | INFO     |   → 712/937: ✅ 28 взято | 🗑️ 93 мусор
2026-05-21 02:48:13,306 | INFO     |   → 713/937: ✅ 0 взято | 🗑️ 0 мусор
2026-05-21 02:48:13,307 | INFO     |   → 714/937: ✅ 15 взято | 🗑️ 70 мусор
2026-05-21 02:48:13,307 | INFO     |   → 715/937: ✅ 127 взято | 🗑️ 492 мусор
2026-05-21 02:48:13,307 | INFO     |   → 716/937: ✅ 331 взято | 🗑️ 190 мусор
2026-05-21 02:48:13,307 | INFO     |   → 717/937: ✅ 27 взято | 🗑️ 763 мусор
2026-05-21 02:48:13,307 | INFO     |   → 718/937 ❌ HTTP 404 — https://raw.githubusercontent.com/obscure1990/freeVM/master/snippets/nodes.yml
2026-05-21 02:48:13,307 | INFO     |   → 719/937 ❌ HTTP 404 — https://raw.githubusercontent.com/op30mmd/things/909b38024ba14d69dc0f95c238f63bc6e930a00f/eut.txt
2026-05-21 02:48:13,307 | INFO     |   → 720/937 ❌ HTTP 404 — https://raw.githubusercontent.com/openRunner/clash-freenode/main/v2ray.txt
2026-05-21 02:48:13,307 | INFO     |   → 721/937 ❌ HTTP 404 — https://raw.githubusercontent.com/oslook/clash-freenode/main/clash.yaml
2026-05-21 02:48:13,307 | INFO     |   → 722/937: ✅ 0 взято | 🗑️ 0 мусор
2026-05-21 02:48:13,307 | INFO     |   → 723/937: ✅ 4 взято | 🗑️ 1 мусор
2026-05-21 02:48:13,307 | INFO     |   → 724/937: ✅ 0 взято | 🗑️ 0 мусор
2026-05-21 02:48:13,307 | INFO     |   → 725/937: ✅ 22 взято | 🗑️ 202 мусор
2026-05-21 02:48:13,307 | INFO     |   → 726/937: ✅ 0 взято | 🗑️ 0 мусор
2026-05-21 02:48:13,307 | INFO     |   → 727/937: ✅ 0 взято | 🗑️ 0 мусор
2026-05-21 02:48:13,307 | INFO     |   → 728/937: ✅ 0 взято | 🗑️ 19 мусор
2026-05-21 02:48:13,307 | INFO     |   → 729/937: ✅ 0 взято | 🗑️ 44 мусор
2026-05-21 02:48:13,307 | INFO     |   → 730/937: ✅ 63 взято | 🗑️ 521 мусор
2026-05-21 02:48:13,307 | INFO     |   → 731/937: ✅ 165 взято | 🗑️ 273 мусор
2026-05-21 02:48:13,307 | INFO     |   → 732/937: ✅ 0 взято | 🗑️ 0 мусор
2026-05-21 02:48:13,307 | INFO     |   → 733/937: ✅ 28 взято | 🗑️ 211 мусор
2026-05-21 02:48:13,307 | INFO     |   → 734/937: ✅ 0 взято | 🗑️ 79 мусор
2026-05-21 02:48:13,307 | INFO     |   → 735/937: ✅ 13 взято | 🗑️ 32 мусор
2026-05-21 02:48:13,307 | INFO     |   → 736/937: ✅ 0 взято | 🗑️ 0 мусор
2026-05-21 02:48:13,307 | INFO     |   → 737/937: ✅ 2 взято | 🗑️ 9 мусор
2026-05-21 02:48:13,307 | INFO     |   → 738/937: ✅ 11 взято | 🗑️ 76 мусор
2026-05-21 02:48:13,307 | INFO     |   → 739/937: ✅ 0 взято | 🗑️ 168 мусор
2026-05-21 02:48:13,307 | INFO     |   → 740/937: ✅ 0 взято | 🗑️ 79 мусор
2026-05-21 02:48:13,307 | INFO     |   → 741/937: ✅ 0 взято | 🗑️ 16 мусор
2026-05-21 02:48:13,307 | INFO     |   → 742/937 ❌ HTTP 404 — https://raw.githubusercontent.com/ronghuaxueleng/get_v2/main/pub/changfengoss.yaml
2026-05-21 02:48:13,307 | INFO     |   → 743/937: ✅ 0 взято | 🗑️ 0 мусор
2026-05-21 02:48:13,308 | INFO     |   → 744/937: ✅ 30 взято | 🗑️ 119 мусор
2026-05-21 02:48:13,308 | INFO     |   → 745/937: ✅ 0 взято | 🗑️ 119 мусор
2026-05-21 02:48:13,308 | INFO     |   → 746/937 ❌ HTTP 404 — https://raw.githubusercontent.com/rxsweet/CM_Vmess/refs/heads/main/test.txt
2026-05-21 02:48:13,308 | INFO     |   → 747/937 ❌ HTTP 404 — https://raw.githubusercontent.com/rxsweet/proxies/main/sub/free.yaml
2026-05-21 02:48:13,308 | INFO     |   → 748/937 ❌ HTTP 404 — https://raw.githubusercontent.com/rxsweet/proxies/main/sub/rx.yaml
2026-05-21 02:48:13,308 | INFO     |   → 749/937 ❌ HTTP 404 — https://raw.githubusercontent.com/rxsweet/proxies/main/sub/sources/dynamicAll.yaml
2026-05-21 02:48:13,308 | INFO     |   → 750/937 ❌ HTTP 404 — https://raw.githubusercontent.com/rxsweet/proxies/main/sub/sources/miningAll.yaml
2026-05-21 02:48:13,308 | INFO     |   → 751/937 ❌ HTTP 404 — https://raw.githubusercontent.com/rxsweet/proxies/main/sub/srx.yaml
2026-05-21 02:48:13,308 | INFO     |   → 752/937 ❌ HTTP 404 — https://raw.githubusercontent.com/sajad-sajadi/V2ray-Collector/raw/main/output/protocols/vmess.txt
2026-05-21 02:48:13,308 | INFO     |   → 753/937 ❌ HTTP 404 — https://raw.githubusercontent.com/sakha1370/OpenRay/raw/refs/heads/main/output/all_valid_proxies.txt
2026-05-21 02:48:13,308 | INFO     |   → 754/937: ✅ 53 взято | 🗑️ 399 мусор
2026-05-21 02:48:13,308 | INFO     |   → 755/937: ✅ 0 взято | 🗑️ 399 мусор
2026-05-21 02:48:13,308 | INFO     |   → 756/937 ❌ HTTP 404 — https://raw.githubusercontent.com/samjoeyang/subscribe/main/fly
2026-05-21 02:48:13,308 | INFO     |   → 757/937: ✅ 0 взято | 🗑️ 0 мусор
2026-05-21 02:48:13,308 | INFO     |   → 758/937 ❌ HTTP 404 — https://raw.githubusercontent.com/sarina-ad/v2ray/main/v2ray
2026-05-21 02:48:13,308 | INFO     |   → 759/937 ❌ HTTP 404 — https://raw.githubusercontent.com/satrom/V2SSR/master/SSR/Sub.txt
2026-05-21 02:48:13,308 | INFO     |   → 760/937 ❌ HTTP 404 — https://raw.githubusercontent.com/satrom/V2SSR/master/V2RAY/Sub.txt
2026-05-21 02:48:13,308 | INFO     |   → 761/937: ✅ 2387 взято | 🗑️ 58418 мусор
2026-05-21 02:48:13,308 | INFO     |   → 762/937: ✅ 0 взято | 🗑️ 0 мусор
2026-05-21 02:48:13,308 | INFO     |   → 763/937: ✅ 0 взято | 🗑️ 0 мусор
2026-05-21 02:48:13,308 | INFO     |   → 764/937: ✅ 3 взято | 🗑️ 49 мусор
2026-05-21 02:48:13,308 | INFO     |   → 765/937: ✅ 128 взято | 🗑️ 1239 мусор
2026-05-21 02:48:13,308 | INFO     |   → 766/937: ✅ 0 взято | 🗑️ 618 мусор
2026-05-21 02:48:13,308 | INFO     |   → 767/937: ✅ 0 взято | 🗑️ 59 мусор
2026-05-21 02:48:13,308 | INFO     |   → 768/937: ✅ 0 взято | 🗑️ 545 мусор
2026-05-21 02:48:13,308 | INFO     |   → 769/937: ✅ 0 взято | 🗑️ 17 мусор
2026-05-21 02:48:13,308 | INFO     |   → 770/937: ✅ 0 взято | 🗑️ 1239 мусор
2026-05-21 02:48:13,308 | INFO     |   → 771/937: ✅ 0 взято | 🗑️ 0 мусор
2026-05-21 02:48:13,308 | INFO     |   → 772/937 ❌ HTTP 404 — https://raw.githubusercontent.com/shirkerboy/scp/main/sub
2026-05-21 02:48:13,308 | INFO     |   → 773/937 ❌ HTTP 404 — https://raw.githubusercontent.com/snakem982/proxypool/main/nodelist.txt
2026-05-21 02:48:13,308 | INFO     |   → 774/937: ✅ 13 взято | 🗑️ 27 мусор
2026-05-21 02:48:13,309 | INFO     |   → 775/937 ❌ HTTP 404 — https://raw.githubusercontent.com/snakem982/proxypool/main/source/v2ray.txt
2026-05-21 02:48:13,309 | INFO     |   → 776/937 ❌ HTTP 404 — https://raw.githubusercontent.com/soroushmirzaei/telegram-configs-collector/main/channels/protocols/hysteria
2026-05-21 02:48:13,309 | INFO     |   → 777/937 ❌ HTTP 404 — https://raw.githubusercontent.com/soroushmirzaei/telegram-configs-collector/main/channels/protocols/juicity
2026-05-21 02:48:13,309 | INFO     |   → 778/937 ❌ HTTP 404 — https://raw.githubusercontent.com/soroushmirzaei/telegram-configs-collector/main/channels/protocols/reality
2026-05-21 02:48:13,309 | INFO     |   → 779/937 ❌ HTTP 404 — https://raw.githubusercontent.com/soroushmirzaei/telegram-configs-collector/main/channels/protocols/shadowsocks
2026-05-21 02:48:13,309 | INFO     |   → 780/937 ❌ HTTP 404 — https://raw.githubusercontent.com/soroushmirzaei/telegram-configs-collector/main/channels/protocols/trojan
2026-05-21 02:48:13,309 | INFO     |   → 781/937 ❌ HTTP 404 — https://raw.githubusercontent.com/soroushmirzaei/telegram-configs-collector/main/channels/protocols/tuic
2026-05-21 02:48:13,309 | INFO     |   → 782/937 ❌ HTTP 404 — https://raw.githubusercontent.com/soroushmirzaei/telegram-configs-collector/main/channels/protocols/vless
2026-05-21 02:48:13,309 | INFO     |   → 783/937 ❌ HTTP 404 — https://raw.githubusercontent.com/soroushmirzaei/telegram-configs-collector/main/channels/protocols/vmess
2026-05-21 02:48:13,309 | INFO     |   → 784/937 ❌ HTTP 404 — https://raw.githubusercontent.com/soroushmirzaei/telegram-configs-collector/main/countries/jp/mixed
2026-05-21 02:48:13,309 | INFO     |   → 785/937 ❌ HTTP 404 — https://raw.githubusercontent.com/soroushmirzaei/telegram-configs-collector/main/protocols/hysteria
2026-05-21 02:48:13,309 | INFO     |   → 786/937 ❌ HTTP 404 — https://raw.githubusercontent.com/soroushmirzaei/telegram-configs-collector/main/protocols/juicity
2026-05-21 02:48:13,309 | INFO     |   → 787/937 ❌ HTTP 404 — https://raw.githubusercontent.com/soroushmirzaei/telegram-configs-collector/main/protocols/reality
2026-05-21 02:48:13,309 | INFO     |   → 788/937 ❌ HTTP 404 — https://raw.githubusercontent.com/soroushmirzaei/telegram-configs-collector/main/protocols/shadowsocks
2026-05-21 02:48:13,309 | INFO     |   → 789/937 ❌ HTTP 404 — https://raw.githubusercontent.com/soroushmirzaei/telegram-configs-collector/main/protocols/trojan
2026-05-21 02:48:13,309 | INFO     |   → 790/937 ❌ HTTP 404 — https://raw.githubusercontent.com/soroushmirzaei/telegram-configs-collector/main/protocols/tuic
2026-05-21 02:48:13,309 | INFO     |   → 791/937 ❌ HTTP 404 — https://raw.githubusercontent.com/soroushmirzaei/telegram-configs-collector/main/protocols/vless
2026-05-21 02:48:13,309 | INFO     |   → 792/937 ❌ HTTP 404 — https://raw.githubusercontent.com/soroushmirzaei/telegram-configs-collector/main/protocols/vmess
2026-05-21 02:48:13,309 | INFO     |   → 793/937 ❌ HTTP 404 — https://raw.githubusercontent.com/soroushmirzaei/telegram-configs-collector/main/splitted/subscribe
2026-05-21 02:48:13,309 | INFO     |   → 794/937 ❌ HTTP 404 — https://raw.githubusercontent.com/ssrsub/ssr/master/Clash.yml
2026-05-21 02:48:13,309 | INFO     |   → 795/937 ❌ HTTP 404 — https://raw.githubusercontent.com/ssrsub/ssr/master/V2Ray
2026-05-21 02:48:13,309 | INFO     |   → 796/937 ❌ HTTP 404 — https://raw.githubusercontent.com/ssrsub/ssr/master/ss-sub
2026-05-21 02:48:13,309 | INFO     |   → 797/937 ❌ HTTP 404 — https://raw.githubusercontent.com/ssrsub/ssr/master/ssrsub
2026-05-21 02:48:13,309 | INFO     |   → 798/937 ❌ HTTP 404 — https://raw.githubusercontent.com/ssrsub/ssr/master/trojan
2026-05-21 02:48:13,309 | INFO     |   → 799/937: ✅ 0 взято | 🗑️ 0 мусор
2026-05-21 02:48:13,309 | INFO     |   → 800/937: ✅ 2 взято | 🗑️ 12 мусор
2026-05-21 02:48:13,309 | INFO     |   → 801/937: ✅ 0 взято | 🗑️ 13 мусор
2026-05-21 02:48:13,309 | INFO     |   → 802/937: ✅ 0 взято | 🗑️ 13 мусор
2026-05-21 02:48:13,309 | INFO     |   → 803/937 ❌ HTTP 404 — https://raw.githubusercontent.com/tbbatbb/Proxy/master/dist/clash.config.yaml
2026-05-21 02:48:13,309 | INFO     |   → 804/937: ✅ 2 взято | 🗑️ 35 мусор
2026-05-21 02:48:13,310 | INFO     |   → 805/937: ✅ 0 взято | 🗑️ 0 мусор
2026-05-21 02:48:13,310 | INFO     |   → 806/937: ✅ 5 взято | 🗑️ 111 мусор
2026-05-21 02:48:13,310 | INFO     |   → 807/937: ✅ 0 взято | 🗑️ 0 мусор
2026-05-21 02:48:13,310 | INFO     |   → 808/937: ✅ 0 взято | 🗑️ 82 мусор
2026-05-21 02:48:13,310 | INFO     |   → 809/937 ❌ HTTP 404 — https://raw.githubusercontent.com/v2clash/Autoproxy/a81f840ab2364124133572ec94e4b81fb0d4e58d/sub/2401/240104.txt
2026-05-21 02:48:13,310 | INFO     |   → 810/937 ❌ HTTP 404 — https://raw.githubusercontent.com/v2clash/V2ray-Configs/31f493c584d0c7b56350f4a34d80c53ad82bcc18/Sub9.txt
2026-05-21 02:48:13,310 | INFO     |   → 811/937: ✅ 0 взято | 🗑️ 0 мусор
2026-05-21 02:48:13,310 | INFO     |   → 812/937: ✅ 0 взято | 🗑️ 0 мусор
2026-05-21 02:48:13,310 | INFO     |   → 813/937: ✅ 0 взято | 🗑️ 0 мусор
2026-05-21 02:48:13,310 | INFO     |   → 814/937: ✅ 283 взято | 🗑️ 9640 мусор
2026-05-21 02:48:13,310 | INFO     |   → 815/937: ✅ 281 взято | 🗑️ 10086 мусор
2026-05-21 02:48:13,310 | INFO     |   → 816/937: ✅ 280 взято | 🗑️ 9675 мусор
2026-05-21 02:48:13,310 | INFO     |   → 817/937: ✅ 334 взято | 🗑️ 9823 мусор
2026-05-21 02:48:13,310 | INFO     |   → 818/937: ✅ 350 взято | 🗑️ 9639 мусор
2026-05-21 02:48:13,310 | INFO     |   → 819/937: ✅ 125 взято | 🗑️ 7919 мусор
2026-05-21 02:48:13,310 | INFO     |   → 820/937: ✅ 135 взято | 🗑️ 4836 мусор
2026-05-21 02:48:13,310 | INFO     |   → 821/937: ✅ 502 взято | 🗑️ 7659 мусор
2026-05-21 02:48:13,310 | INFO     |   → 822/937: ✅ 631 взято | 🗑️ 8081 мусор
2026-05-21 02:48:13,310 | INFO     |   → 823/937: ✅ 202 взято | 🗑️ 5131 мусор
2026-05-21 02:48:13,310 | INFO     |   → 824/937 ❌ HTTP 404 — https://raw.githubusercontent.com/vveg26/chromego_merge/main/sub/merged_proxies.yaml
2026-05-21 02:48:13,310 | INFO     |   → 825/937 ❌ HTTP 404 — https://raw.githubusercontent.com/vveg26/get_proxy/main/dist/clash.config.yaml
2026-05-21 02:48:13,310 | INFO     |   → 826/937: ✅ 0 взято | 🗑️ 10 мусор
2026-05-21 02:48:13,310 | INFO     |   → 827/937: ✅ 0 взято | 🗑️ 10 мусор
2026-05-21 02:48:13,310 | INFO     |   → 828/937: ✅ 0 взято | 🗑️ 4 мусор
2026-05-21 02:48:13,310 | INFO     |   → 829/937: ✅ 0 взято | 🗑️ 0 мусор
2026-05-21 02:48:13,310 | INFO     |   → 830/937: ✅ 0 взято | 🗑️ 4 мусор
2026-05-21 02:48:13,310 | INFO     |   → 831/937: ✅ 106 взято | 🗑️ 689 мусор
2026-05-21 02:48:13,310 | INFO     |   → 832/937: ✅ 48 взято | 🗑️ 841 мусор
2026-05-21 02:48:13,310 | INFO     |   → 833/937: ✅ 21 взято | 🗑️ 789 мусор
2026-05-21 02:48:13,310 | INFO     |   → 834/937: ✅ 24 взято | 🗑️ 774 мусор
2026-05-21 02:48:13,310 | INFO     |   → 835/937: ✅ 52 взято | 🗑️ 756 мусор
2026-05-21 02:48:13,311 | INFO     |   → 836/937: ✅ 191 взято | 🗑️ 745 мусор
2026-05-21 02:48:13,311 | INFO     |   → 837/937: ✅ 9 взято | 🗑️ 651 мусор
2026-05-21 02:48:13,311 | INFO     |   → 838/937: ✅ 185 взято | 🗑️ 388 мусор
2026-05-21 02:48:13,311 | INFO     |   → 839/937: ✅ 130 взято | 🗑️ 523 мусор
2026-05-21 02:48:13,311 | INFO     |   → 840/937: ✅ 67 взято | 🗑️ 533 мусор
2026-05-21 02:48:13,311 | INFO     |   → 841/937: ✅ 98 взято | 🗑️ 444 мусор
2026-05-21 02:48:13,311 | INFO     |   → 842/937: ✅ 102 взято | 🗑️ 670 мусор
2026-05-21 02:48:13,311 | INFO     |   → 843/937: ✅ 86 взято | 🗑️ 476 мусор
2026-05-21 02:48:13,311 | INFO     |   → 844/937: ✅ 95 взято | 🗑️ 657 мусор
2026-05-21 02:48:13,311 | INFO     |   → 845/937: ✅ 105 взято | 🗑️ 645 мусор
2026-05-21 02:48:13,311 | INFO     |   → 846/937: ✅ 115 взято | 🗑️ 985 мусор
2026-05-21 02:48:13,311 | INFO     |   → 847/937: ✅ 6 взято | 🗑️ 63 мусор
2026-05-21 02:48:13,311 | INFO     |   → 848/937: ✅ 7 взято | 🗑️ 62 мусор
2026-05-21 02:48:13,311 | INFO     |   → 849/937: ✅ 39 взято | 🗑️ 489 мусор
2026-05-21 02:48:13,311 | INFO     |   → 850/937: ✅ 0 взято | 🗑️ 0 мусор
2026-05-21 02:48:13,311 | INFO     |   → 851/937: ✅ 0 взято | 🗑️ 0 мусор
2026-05-21 02:48:13,311 | INFO     |   → 852/937: ✅ 0 взято | 🗑️ 0 мусор
2026-05-21 02:48:13,311 | INFO     |   → 853/937: ✅ 0 взято | 🗑️ 0 мусор
2026-05-21 02:48:13,311 | INFO     |   → 854/937: ✅ 0 взято | 🗑️ 0 мусор
2026-05-21 02:48:13,311 | INFO     |   → 855/937: ✅ 0 взято | 🗑️ 52 мусор
2026-05-21 02:48:13,311 | INFO     |   → 856/937: ✅ 5 взято | 🗑️ 10 мусор
2026-05-21 02:48:13,311 | INFO     |   → 857/937: ✅ 1 взято | 🗑️ 124 мусор
2026-05-21 02:48:13,311 | INFO     |   → 858/937: ✅ 87 взято | 🗑️ 89 мусор
2026-05-21 02:48:13,311 | INFO     |   → 859/937: ✅ 0 взято | 🗑️ 9 мусор
2026-05-21 02:48:13,311 | INFO     |   → 860/937: ✅ 68 взято | 🗑️ 1329 мусор
2026-05-21 02:48:13,311 | INFO     |   → 861/937 ❌ HTTP 404 — https://raw.githubusercontent.com/xiaozhu2007/xiaozhu2007/61a755a044dbaeea678bc2d1e20f21a21c6d7170/docs/fxxk.txt
2026-05-21 02:48:13,311 | INFO     |   → 862/937: ✅ 1 взято | 🗑️ 159 мусор
2026-05-21 02:48:13,311 | INFO     |   → 863/937: ✅ 0 взято | 🗑️ 22 мусор
2026-05-21 02:48:13,311 | INFO     |   → 864/937: ✅ 0 взято | 🗑️ 0 мусор
2026-05-21 02:48:13,311 | INFO     |   → 865/937 ❌ HTTP 404 — https://raw.githubusercontent.com/yebekhe/TVC/0f745f92bf381e505f1245abbc7c145b19b11503/config.txt
2026-05-21 02:48:13,311 | INFO     |   → 866/937 ❌ HTTP 404 — https://raw.githubusercontent.com/yebekhe/TVC/9fac69239c69327fb7a61f5a8d79d107133889e1/lite/config.txt
2026-05-21 02:48:13,312 | INFO     |   → 867/937 ❌ HTTP 404 — https://raw.githubusercontent.com/yebekhe/TelegramV2rayCollector/main/sub/normal/donated
2026-05-21 02:48:13,312 | INFO     |   → 868/937 ❌ HTTP 404 — https://raw.githubusercontent.com/yebekhe/TelegramV2rayCollector/main/sub/normal/hysteria2
2026-05-21 02:48:13,312 | INFO     |   → 869/937 ❌ HTTP 404 — https://raw.githubusercontent.com/yebekhe/TelegramV2rayCollector/main/sub/normal/mix
2026-05-21 02:48:13,312 | INFO     |   → 870/937 ❌ HTTP 404 — https://raw.githubusercontent.com/yebekhe/TelegramV2rayCollector/main/sub/normal/reality
2026-05-21 02:48:13,312 | INFO     |   → 871/937 ❌ HTTP 404 — https://raw.githubusercontent.com/yebekhe/TelegramV2rayCollector/main/sub/normal/shadowsocks
2026-05-21 02:48:13,312 | INFO     |   → 872/937 ❌ HTTP 404 — https://raw.githubusercontent.com/yebekhe/TelegramV2rayCollector/main/sub/normal/trojan
2026-05-21 02:48:13,312 | INFO     |   → 873/937 ❌ HTTP 404 — https://raw.githubusercontent.com/yebekhe/TelegramV2rayCollector/main/sub/normal/tuic
2026-05-21 02:48:13,312 | INFO     |   → 874/937 ❌ HTTP 404 — https://raw.githubusercontent.com/yebekhe/TelegramV2rayCollector/main/sub/normal/vless
2026-05-21 02:48:13,312 | INFO     |   → 875/937 ❌ HTTP 404 — https://raw.githubusercontent.com/yebekhe/TelegramV2rayCollector/main/sub/normal/vmess
2026-05-21 02:48:13,312 | INFO     |   → 876/937 ❌ HTTP 404 — https://raw.githubusercontent.com/yebekhe/V2Hub/main/Split/Normal/shadowsocks
2026-05-21 02:48:13,312 | INFO     |   → 877/937 ❌ HTTP 404 — https://raw.githubusercontent.com/yebekhe/V2Hub/main/merged
2026-05-21 02:48:13,312 | INFO     |   → 878/937: ✅ 0 взято | 🗑️ 30 мусор
2026-05-21 02:48:13,312 | INFO     |   → 879/937: ✅ 931 взято | 🗑️ 7192 мусор
2026-05-21 02:48:13,312 | INFO     |   → 880/937: ✅ 8 взято | 🗑️ 341 мусор
2026-05-21 02:48:13,312 | INFO     |   → 881/937: ✅ 7 взято | 🗑️ 287 мусор
2026-05-21 02:48:13,312 | INFO     |   → 882/937: ✅ 305 взято | 🗑️ 293 мусор
2026-05-21 02:48:13,312 | INFO     |   → 883/937: ✅ 116 взято | 🗑️ 1491 мусор
2026-05-21 02:48:13,312 | INFO     |   → 884/937: ✅ 2 взято | 🗑️ 402 мусор
2026-05-21 02:48:13,312 | INFO     |   → 885/937 ❌ HTTP 404 — https://raw.githubusercontent.com/yyyr-otz/tele-providers-collector/019cb3e07ee52fddbc7caa54fc670c6b9bae6539/sub/proxies.txt
2026-05-21 02:48:13,312 | INFO     |   → 886/937 ❌ HTTP 404 — https://raw.githubusercontent.com/yyyr-otz/tele-providers-collector/b7a74ee98bcf02c5a507d688a1bed3aa9f7f4ed1/script/raw/protocols/mixed.txt
2026-05-21 02:48:13,312 | INFO     |   → 887/937: ✅ 0 взято | 🗑️ 0 мусор
2026-05-21 02:48:13,312 | INFO     |   → 888/937: ✅ 0 взято | 🗑️ 0 мусор
2026-05-21 02:48:13,312 | INFO     |   → 889/937: ✅ 1 взято | 🗑️ 18 мусор
2026-05-21 02:48:13,312 | INFO     |   → 890/937: ✅ 28 взято | 🗑️ 999 мусор
2026-05-21 02:48:13,312 | INFO     |   → 891/937: ✅ 0 взято | 🗑️ 5 мусор
2026-05-21 02:48:13,312 | INFO     |   → 892/937: ✅ 0 взято | 🗑️ 0 мусор
2026-05-21 02:48:13,312 | INFO     |   → 893/937 ⚠️ Ошибка: ('Connection aborted.', RemoteDisconnected('Remote end closed connection without response')) — https://sub.pmsub.me/clash.yaml
2026-05-21 02:48:13,312 | INFO     |   → 894/937: ✅ 0 взято | 🗑️ 1 мусор
2026-05-21 02:48:13,312 | INFO     |   → 895/937: ✅ 8 взято | 🗑️ 21 мусор
2026-05-21 02:48:13,312 | INFO     |   → 896/937: ✅ 0 взято | 🗑️ 0 мусор
2026-05-21 02:48:13,313 | INFO     |   → 897/937: ✅ 9 взято | 🗑️ 19 мусор
2026-05-21 02:48:13,313 | INFO     |   → 898/937: ✅ 0 взято | 🗑️ 0 мусор
2026-05-21 02:48:13,313 | INFO     |   → 899/937: ✅ 2 взято | 🗑️ 14 мусор
2026-05-21 02:48:13,313 | INFO     |   → 900/937: ✅ 4 взято | 🗑️ 22 мусор
2026-05-21 02:48:13,313 | INFO     |   → 901/937: ✅ 0 взято | 🗑️ 0 мусор
2026-05-21 02:48:13,313 | INFO     |   → 902/937: ✅ 0 взято | 🗑️ 0 мусор
2026-05-21 02:48:13,313 | INFO     |   → 903/937: ✅ 0 взято | 🗑️ 0 мусор
2026-05-21 02:48:13,313 | INFO     |   → 904/937: ✅ 2 взято | 🗑️ 16 мусор
2026-05-21 02:48:13,313 | INFO     |   → 905/937: ✅ 0 взято | 🗑️ 0 мусор
2026-05-21 02:48:13,313 | INFO     |   → 906/937: ✅ 4 взято | 🗑️ 7 мусор
2026-05-21 02:48:13,313 | INFO     |   → 907/937: ✅ 0 взято | 🗑️ 0 мусор
2026-05-21 02:48:13,313 | INFO     |   → 908/937: ✅ 6 взято | 🗑️ 14 мусор
2026-05-21 02:48:13,313 | INFO     |   → 909/937: ✅ 0 взято | 🗑️ 0 мусор
2026-05-21 02:48:13,313 | INFO     |   → 910/937: ✅ 2 взято | 🗑️ 13 мусор
2026-05-21 02:48:13,313 | INFO     |   → 911/937: ✅ 0 взято | 🗑️ 0 мусор
2026-05-21 02:48:13,313 | INFO     |   → 912/937: ✅ 0 взято | 🗑️ 0 мусор
2026-05-21 02:48:13,313 | INFO     |   → 913/937: ✅ 2 взято | 🗑️ 7 мусор
2026-05-21 02:48:13,313 | INFO     |   → 914/937: ✅ 2 взято | 🗑️ 14 мусор
2026-05-21 02:48:13,313 | INFO     |   → 915/937: ✅ 2 взято | 🗑️ 14 мусор
2026-05-21 02:48:13,313 | INFO     |   → 916/937: ✅ 0 взято | 🗑️ 0 мусор
2026-05-21 02:48:13,313 | INFO     |   → 917/937: ✅ 3 взято | 🗑️ 22 мусор
2026-05-21 02:48:13,313 | INFO     |   → 918/937: ✅ 0 взято | 🗑️ 0 мусор
2026-05-21 02:48:13,313 | INFO     |   → 919/937: ✅ 2 взято | 🗑️ 15 мусор
2026-05-21 02:48:13,313 | INFO     |   → 920/937: ✅ 3 взято | 🗑️ 12 мусор
2026-05-21 02:48:13,313 | INFO     |   → 921/937: ✅ 0 взято | 🗑️ 0 мусор
2026-05-21 02:48:13,313 | INFO     |   → 922/937: ✅ 0 взято | 🗑️ 0 мусор
2026-05-21 02:48:13,313 | INFO     |   → 923/937: ✅ 0 взято | 🗑️ 0 мусор
2026-05-21 02:48:13,313 | INFO     |   → 924/937: ✅ 4 взято | 🗑️ 11 мусор
2026-05-21 02:48:13,313 | INFO     |   → 925/937: ✅ 10 взято | 🗑️ 15 мусор
2026-05-21 02:48:13,313 | INFO     |   → 926/937: ✅ 0 взято | 🗑️ 0 мусор
2026-05-21 02:48:13,313 | INFO     |   → 927/937: ✅ 13 взято | 🗑️ 15 мусор
2026-05-21 02:48:13,313 | INFO     |   → 928/937: ✅ 0 взято | 🗑️ 0 мусор
2026-05-21 02:48:13,313 | INFO     |   → 929/937: ✅ 6 взято | 🗑️ 15 мусор
2026-05-21 02:48:13,313 | INFO     |   → 930/937: ✅ 0 взято | 🗑️ 0 мусор
2026-05-21 02:48:13,313 | INFO     |   → 931/937: ✅ 8 взято | 🗑️ 16 мусор
2026-05-21 02:48:13,313 | INFO     |   → 932/937: ✅ 0 взято | 🗑️ 0 мусор
2026-05-21 02:48:13,313 | INFO     |   → 933/937: ✅ 4 взято | 🗑️ 24 мусор
2026-05-21 02:48:13,313 | INFO     |   → 934/937: ✅ 0 взято | 🗑️ 0 мусор
2026-05-21 02:48:13,313 | INFO     |   → 935/937: ✅ 4 взято | 🗑️ 17 мусор
2026-05-21 02:48:13,313 | INFO     |   → 936/937: ✅ 0 взято | 🗑️ 0 мусор
2026-05-21 02:48:13,314 | INFO     |   → 937/937: ✅ 0 взято | 🗑️ 22 мусор
2026-05-21 02:48:13,314 | INFO     |   → ✅ ГОТОВО!
2026-05-21 02:48:13,314 | INFO     |   →    📥 Всего ключей после фильтра: 20963
2026-05-21 02:48:13,314 | INFO     |   →    🔗 Уникальных IP:PORT:SCHEME: 10389
2026-05-21 02:48:13,314 | INFO     |   →    🗑️ Выброшено мусора: 389863
2026-05-21 02:48:13,314 | INFO     |   → 📊 По протоколам:
2026-05-21 02:48:13,314 | INFO     |   →    vless: 3645
2026-05-21 02:48:13,314 | INFO     |   →    vmess: 3493
2026-05-21 02:48:13,314 | INFO     |   →    trojan: 1207
2026-05-21 02:48:13,314 | INFO     |   →    ss: 1881
2026-05-21 02:48:13,314 | INFO     |   →    hysteria: 13
2026-05-21 02:48:13,314 | INFO     |   →    hysteria2: 39
2026-05-21 02:48:13,314 | INFO     |   →    hy2: 59
2026-05-21 02:48:13,314 | INFO     |   →    tuic: 52
2026-05-21 02:48:13,314 | INFO     | ✅ mirror.py завершён успешно
2026-05-21 02:48:13,314 | INFO     | 
2026-05-21 02:48:13,314 | INFO     | 
2026-05-21 02:48:13,314 | INFO     | ──────────────────────────────────────────────────────────────────────
2026-05-21 02:48:13,314 | INFO     | 📌 ЭТАП: Фильтрация по реальному SNI
2026-05-21 02:48:13,314 | INFO     | ──────────────────────────────────────────────────────────────────────
2026-05-21 02:48:13,314 | INFO     | 🚀 Запуск filter_ru_sni.py (Фильтр по реальному SNI (CDN+RU))...
2026-05-21 02:48:13,549 | INFO     |   → hy2.txt: 59 → 19 (SNI-filtered)
2026-05-21 02:48:13,549 | INFO     |   →   hysteria.txt: 13 → 0 (SNI-filtered)
2026-05-21 02:48:13,549 | INFO     |   →   hysteria2.txt: 39 → 5 (SNI-filtered)
2026-05-21 02:48:13,549 | INFO     |   →   ss.txt: 1881 → 0 (SNI-filtered)
2026-05-21 02:48:13,549 | INFO     |   →   trojan.txt: 1207 → 3 (SNI-filtered)
2026-05-21 02:48:13,549 | INFO     |   →   tuic.txt: 52 → 0 (SNI-filtered)
2026-05-21 02:48:13,550 | INFO     |   →   vless.txt: 3645 → 475 (SNI-filtered)
2026-05-21 02:48:13,550 | INFO     |   →   vmess.txt: 3493 → 39 (SNI-filtered)
2026-05-21 02:48:13,550 | INFO     |   → ==================================================
2026-05-21 02:48:13,550 | INFO     |   →   Всего входных:  10389
2026-05-21 02:48:13,550 | INFO     |   →   Прошли фильтр:  541
2026-05-21 02:48:13,550 | INFO     |   →   Отброшено:      9848
2026-05-21 02:48:13,550 | INFO     |   → ==================================================
2026-05-21 02:48:13,550 | INFO     |   → Готово → /home/runner/work/vpn-vless-configs-russia/vpn-vless-configs-russia/githubmirror/ru-sni
2026-05-21 02:48:13,550 | INFO     | ✅ filter_ru_sni.py завершён успешно
2026-05-21 02:48:13,550 | INFO     | 
2026-05-21 02:48:13,550 | INFO     | 
2026-05-21 02:48:13,550 | INFO     | ──────────────────────────────────────────────────────────────────────
2026-05-21 02:48:13,550 | INFO     | 📌 ЭТАП: Экспериментальный RU-SNI фильтр
2026-05-21 02:48:13,550 | INFO     | ──────────────────────────────────────────────────────────────────────
2026-05-21 02:48:13,550 | INFO     | 🚀 Запуск filter_ru_sni_local.py (Экспериментальный фильтр по RU-SNI (локальные домены))...
2026-05-21 02:48:13,710 | INFO     |   → hy2.txt: 59 → 0 (RU-SNI)
2026-05-21 02:48:13,710 | INFO     |   → hysteria.txt: 13 → 0 (RU-SNI)
2026-05-21 02:48:13,710 | INFO     |   → hysteria2.txt: 39 → 0 (RU-SNI)
2026-05-21 02:48:13,710 | INFO     |   → ss.txt: 1881 → 0 (RU-SNI)
2026-05-21 02:48:13,710 | INFO     |   → trojan.txt: 1207 → 0 (RU-SNI)
2026-05-21 02:48:13,710 | INFO     |   → tuic.txt: 52 → 0 (RU-SNI)
2026-05-21 02:48:13,710 | INFO     |   → vless.txt: 3645 → 141 (RU-SNI)
2026-05-21 02:48:13,710 | INFO     |   → vmess.txt: 3493 → 0 (RU-SNI)
2026-05-21 02:48:13,710 | INFO     |   → ==================================================
2026-05-21 02:48:13,710 | INFO     |   → Всего входных:  10389
2026-05-21 02:48:13,710 | INFO     |   → Прошли RU-SNI:  141
2026-05-21 02:48:13,710 | INFO     |   → Отброшено:      10248
2026-05-21 02:48:13,710 | INFO     |   → ==================================================
2026-05-21 02:48:13,710 | INFO     |   → Готово → /home/runner/work/vpn-vless-configs-russia/vpn-vless-configs-russia/githubmirror/ru-sni-local
2026-05-21 02:48:13,710 | INFO     | ✅ filter_ru_sni_local.py завершён успешно
2026-05-21 02:48:13,710 | INFO     | 
2026-05-21 02:48:13,710 | INFO     | 
2026-05-21 02:48:13,710 | INFO     | ──────────────────────────────────────────────────────────────────────
2026-05-21 02:48:13,711 | INFO     | 📌 ЭТАП: Сбор статистики
2026-05-21 02:48:13,711 | INFO     | ──────────────────────────────────────────────────────────────────────
2026-05-21 02:48:13,711 | INFO     | 📊 Сбор статистики...
2026-05-21 02:48:13,711 | INFO     |   📁 githubmirror/clean:
2026-05-21 02:48:13,711 | INFO     |     • hy2         :    59 конфигов
2026-05-21 02:48:13,711 | INFO     |     • hysteria    :    13 конфигов
2026-05-21 02:48:13,711 | INFO     |     • hysteria2   :    39 конфигов
2026-05-21 02:48:13,713 | INFO     |     • ss          :  1881 конфигов
2026-05-21 02:48:13,714 | INFO     |     • trojan      :  1207 конфигов
2026-05-21 02:48:13,715 | INFO     |     • tuic        :    52 конфигов
2026-05-21 02:48:13,719 | INFO     |     • vless       :  3645 конфигов
2026-05-21 02:48:13,721 | INFO     |     • vmess       :  3493 конфигов
2026-05-21 02:48:13,722 | INFO     |   📁 githubmirror/ru-sni:
2026-05-21 02:48:13,722 | INFO     |     • hy2         :    19 конфигов ( 32.2% от clean)
2026-05-21 02:48:13,722 | INFO     |     • hysteria    :     0 конфигов (  0.0% от clean)
2026-05-21 02:48:13,722 | INFO     |     • hysteria2   :     5 конфигов ( 12.8% от clean)
2026-05-21 02:48:13,722 | INFO     |     • ss          :     0 конфигов (  0.0% от clean)
2026-05-21 02:48:13,722 | INFO     |     • trojan      :     3 конфигов (  0.2% от clean)
2026-05-21 02:48:13,722 | INFO     |     • tuic        :     0 конфигов (  0.0% от clean)
2026-05-21 02:48:13,723 | INFO     |     • vless       :   475 конфигов ( 13.0% от clean)
2026-05-21 02:48:13,723 | INFO     |     • vmess       :    39 конфигов (  1.1% от clean)
2026-05-21 02:48:13,723 | INFO     | 
2026-05-21 02:48:13,723 | INFO     |   ──────────────────────────────────────────────────
2026-05-21 02:48:13,723 | INFO     |   📈 ИТОГО:
2026-05-21 02:48:13,723 | INFO     |     Clean (после geo-фильтра):    10389
2026-05-21 02:48:13,723 | INFO     |     RU-SNI (после SNI-фильтра):     541
2026-05-21 02:48:13,723 | INFO     |     Прошло фильтр:                  5.2%
2026-05-21 02:48:13,724 | INFO     |   ──────────────────────────────────────────────────
2026-05-21 02:48:13,724 | INFO     | ✅ Статистика сохранена: /home/runner/work/vpn-vless-configs-russia/vpn-vless-configs-russia/stats.json
2026-05-21 02:48:13,724 | INFO     | 
2026-05-21 02:48:13,724 | INFO     | ======================================================================
2026-05-21 02:48:13,724 | INFO     | 📊 ИТОГОВЫЙ ОТЧЁТ
2026-05-21 02:48:13,724 | INFO     | ======================================================================
2026-05-21 02:48:13,724 | INFO     |   ✅ OK         | Загрузка и geo-фильтрация
2026-05-21 02:48:13,724 | INFO     |   ✅ OK         | Фильтрация по реальному SNI
2026-05-21 02:48:13,724 | INFO     |   ✅ OK         | Экспериментальный RU-SNI фильтр
2026-05-21 02:48:13,724 | INFO     |   ✅ OK         | Сбор статистики
2026-05-21 02:48:13,724 | INFO     | ──────────────────────────────────────────────────────────────────────
2026-05-21 02:48:13,724 | INFO     | ✅ ВСЕ ЭТАПЫ УСПЕШНЫ (4/4)
2026-05-21 02:48:13,724 | INFO     | ⏰ Время завершения: 2026-05-21 02:48:13
2026-05-21 02:48:13,724 | INFO     | ======================================================================
