2026-05-07 19:34:57,111 | INFO     | ======================================================================
2026-05-07 19:34:57,111 | INFO     | 🔍 VPN KEY CHECKER - Начало проверки
2026-05-07 19:34:57,112 | INFO     | ⏰ Время старта: 2026-05-07 19:34:57
2026-05-07 19:34:57,112 | INFO     | 📂 Рабочая директория: /home/runner/work/vpn-vless-configs-russia/vpn-vless-configs-russia
2026-05-07 19:34:57,112 | INFO     | ======================================================================
2026-05-07 19:34:57,112 | INFO     | 
2026-05-07 19:34:57,112 | INFO     | 🔍 Проверка наличия скриптов...
2026-05-07 19:34:57,112 | INFO     |   ✅ mirror.py
2026-05-07 19:34:57,112 | INFO     |   ✅ filter_ru_sni.py
2026-05-07 19:34:57,112 | INFO     |   ✅ filter_ru_sni_local.py
2026-05-07 19:34:57,112 | INFO     | 
2026-05-07 19:34:57,112 | INFO     | 
2026-05-07 19:34:57,112 | INFO     | ──────────────────────────────────────────────────────────────────────
2026-05-07 19:34:57,112 | INFO     | 📌 ЭТАП: Загрузка и geo-фильтрация
2026-05-07 19:34:57,112 | INFO     | ──────────────────────────────────────────────────────────────────────
2026-05-07 19:34:57,112 | INFO     | 🚀 Запуск mirror.py (Загрузка и фильтрация по РФ/СНГ/Европа)...
2026-05-07 19:36:59,779 | INFO     |   → 🚀 Старт: всего источников (старые + новые): 840
2026-05-07 19:36:59,780 | INFO     |   → 1/840: ✅ 13 взято | 🗑️ 242 мусор
2026-05-07 19:36:59,780 | INFO     |   → 2/840: ✅ 0 взято | 🗑️ 0 мусор
2026-05-07 19:36:59,780 | INFO     |   → 3/840: ✅ 0 взято | 🗑️ 0 мусор
2026-05-07 19:36:59,780 | INFO     |   → 4/840 ❌ HTTP 404 — https://cdn.jsdelivr.net/gh/cry0ice/genode@main/public/all.txt
2026-05-07 19:36:59,780 | INFO     |   → 5/840 ❌ HTTP 404 — https://cdn.jsdelivr.net/gh/cry0ice/genode@main/public/ss.txt
2026-05-07 19:36:59,780 | INFO     |   → 6/840 ❌ HTTP 404 — https://cdn.jsdelivr.net/gh/cry0ice/genode@main/public/ssr.txt
2026-05-07 19:36:59,780 | INFO     |   → 7/840 ❌ HTTP 404 — https://cdn.jsdelivr.net/gh/cry0ice/genode@main/public/trojan.txt
2026-05-07 19:36:59,780 | INFO     |   → 8/840 ❌ HTTP 404 — https://cdn.jsdelivr.net/gh/cry0ice/genode@main/public/vless.txt
2026-05-07 19:36:59,780 | INFO     |   → 9/840 ❌ HTTP 404 — https://cdn.jsdelivr.net/gh/cry0ice/genode@main/public/vmess.txt
2026-05-07 19:36:59,780 | INFO     |   → 10/840: ✅ 0 взято | 🗑️ 0 мусор
2026-05-07 19:36:59,780 | INFO     |   → 11/840: ✅ 0 взято | 🗑️ 0 мусор
2026-05-07 19:36:59,780 | INFO     |   → 12/840: ✅ 0 взято | 🗑️ 0 мусор
2026-05-07 19:36:59,780 | INFO     |   → 13/840: ✅ 0 взято | 🗑️ 0 мусор
2026-05-07 19:36:59,780 | INFO     |   → 14/840: ✅ 0 взято | 🗑️ 0 мусор
2026-05-07 19:36:59,780 | INFO     |   → 15/840: ✅ 0 взято | 🗑️ 0 мусор
2026-05-07 19:36:59,780 | INFO     |   → 16/840: ✅ 0 взято | 🗑️ 0 мусор
2026-05-07 19:36:59,780 | INFO     |   → 17/840: ✅ 0 взято | 🗑️ 0 мусор
2026-05-07 19:36:59,781 | INFO     |   → 18/840: ✅ 0 взято | 🗑️ 0 мусор
2026-05-07 19:36:59,781 | INFO     |   → 19/840: ✅ 0 взято | 🗑️ 0 мусор
2026-05-07 19:36:59,781 | INFO     |   → 20/840: ✅ 0 взято | 🗑️ 0 мусор
2026-05-07 19:36:59,781 | INFO     |   → 21/840: ✅ 0 взято | 🗑️ 0 мусор
2026-05-07 19:36:59,781 | INFO     |   → 22/840: ✅ 0 взято | 🗑️ 0 мусор
2026-05-07 19:36:59,781 | INFO     |   → 23/840: ✅ 0 взято | 🗑️ 0 мусор
2026-05-07 19:36:59,781 | INFO     |   → 24/840: ✅ 0 взято | 🗑️ 0 мусор
2026-05-07 19:36:59,781 | INFO     |   → 25/840: ✅ 0 взято | 🗑️ 0 мусор
2026-05-07 19:36:59,781 | INFO     |   → 26/840: ✅ 0 взято | 🗑️ 0 мусор
2026-05-07 19:36:59,781 | INFO     |   → 27/840: ✅ 0 взято | 🗑️ 0 мусор
2026-05-07 19:36:59,781 | INFO     |   → 28/840: ✅ 0 взято | 🗑️ 0 мусор
2026-05-07 19:36:59,781 | INFO     |   → 29/840: ✅ 0 взято | 🗑️ 0 мусор
2026-05-07 19:36:59,781 | INFO     |   → 30/840: ✅ 0 взято | 🗑️ 0 мусор
2026-05-07 19:36:59,781 | INFO     |   → 31/840: ✅ 0 взято | 🗑️ 0 мусор
2026-05-07 19:36:59,781 | INFO     |   → 32/840: ✅ 0 взято | 🗑️ 0 мусор
2026-05-07 19:36:59,781 | INFO     |   → 33/840: ✅ 0 взято | 🗑️ 0 мусор
2026-05-07 19:36:59,781 | INFO     |   → 34/840: ✅ 0 взято | 🗑️ 0 мусор
2026-05-07 19:36:59,781 | INFO     |   → 35/840: ✅ 0 взято | 🗑️ 0 мусор
2026-05-07 19:36:59,781 | INFO     |   → 36/840: ✅ 0 взято | 🗑️ 0 мусор
2026-05-07 19:36:59,782 | INFO     |   → 37/840: ✅ 0 взято | 🗑️ 0 мусор
2026-05-07 19:36:59,782 | INFO     |   → 38/840: ✅ 0 взято | 🗑️ 0 мусор
2026-05-07 19:36:59,782 | INFO     |   → 39/840: ✅ 0 взято | 🗑️ 0 мусор
2026-05-07 19:36:59,782 | INFO     |   → 40/840: ✅ 0 взято | 🗑️ 0 мусор
2026-05-07 19:36:59,782 | INFO     |   → 41/840: ✅ 0 взято | 🗑️ 0 мусор
2026-05-07 19:36:59,782 | INFO     |   → 42/840: ✅ 0 взято | 🗑️ 0 мусор
2026-05-07 19:36:59,782 | INFO     |   → 43/840: ✅ 0 взято | 🗑️ 0 мусор
2026-05-07 19:36:59,782 | INFO     |   → 44/840: ✅ 0 взято | 🗑️ 0 мусор
2026-05-07 19:36:59,782 | INFO     |   → 45/840: ✅ 0 взято | 🗑️ 0 мусор
2026-05-07 19:36:59,782 | INFO     |   → 46/840: ✅ 0 взято | 🗑️ 0 мусор
2026-05-07 19:36:59,782 | INFO     |   → 47/840: ✅ 0 взято | 🗑️ 0 мусор
2026-05-07 19:36:59,782 | INFO     |   → 48/840: ✅ 0 взято | 🗑️ 0 мусор
2026-05-07 19:36:59,782 | INFO     |   → 49/840: ✅ 0 взято | 🗑️ 0 мусор
2026-05-07 19:36:59,782 | INFO     |   → 50/840: ✅ 0 взято | 🗑️ 0 мусор
2026-05-07 19:36:59,782 | INFO     |   → 51/840: ✅ 0 взято | 🗑️ 0 мусор
2026-05-07 19:36:59,782 | INFO     |   → 52/840: ✅ 0 взято | 🗑️ 0 мусор
2026-05-07 19:36:59,782 | INFO     |   → 53/840: ✅ 0 взято | 🗑️ 0 мусор
2026-05-07 19:36:59,782 | INFO     |   → 54/840: ✅ 0 взято | 🗑️ 0 мусор
2026-05-07 19:36:59,782 | INFO     |   → 55/840: ✅ 0 взято | 🗑️ 0 мусор
2026-05-07 19:36:59,783 | INFO     |   → 56/840: ✅ 0 взято | 🗑️ 0 мусор
2026-05-07 19:36:59,783 | INFO     |   → 57/840: ✅ 0 взято | 🗑️ 0 мусор
2026-05-07 19:36:59,783 | INFO     |   → 58/840: ✅ 0 взято | 🗑️ 0 мусор
2026-05-07 19:36:59,783 | INFO     |   → 59/840: ✅ 0 взято | 🗑️ 0 мусор
2026-05-07 19:36:59,783 | INFO     |   → 60/840: ✅ 0 взято | 🗑️ 0 мусор
2026-05-07 19:36:59,783 | INFO     |   → 61/840: ✅ 0 взято | 🗑️ 0 мусор
2026-05-07 19:36:59,783 | INFO     |   → 62/840: ✅ 0 взято | 🗑️ 0 мусор
2026-05-07 19:36:59,783 | INFO     |   → 63/840: ✅ 0 взято | 🗑️ 0 мусор
2026-05-07 19:36:59,783 | INFO     |   → 64/840: ✅ 0 взято | 🗑️ 0 мусор
2026-05-07 19:36:59,783 | INFO     |   → 65/840: ✅ 0 взято | 🗑️ 0 мусор
2026-05-07 19:36:59,783 | INFO     |   → 66/840: ✅ 0 взято | 🗑️ 0 мусор
2026-05-07 19:36:59,783 | INFO     |   → 67/840: ✅ 0 взято | 🗑️ 0 мусор
2026-05-07 19:36:59,783 | INFO     |   → 68/840 ❌ HTTP 404 — https://freessrnode.github.io/uploads/2024/08/0-20240822.txt
2026-05-07 19:36:59,783 | INFO     |   → 69/840 ❌ HTTP 404 — https://freessrnode.github.io/uploads/2024/08/1-20240822.txt
2026-05-07 19:36:59,783 | INFO     |   → 70/840 ❌ HTTP 404 — https://freessrnode.github.io/uploads/2024/08/2-20240822.txt
2026-05-07 19:36:59,783 | INFO     |   → 71/840 ❌ HTTP 404 — https://freessrnode.github.io/uploads/2024/08/3-20240822.txt
2026-05-07 19:36:59,783 | INFO     |   → 72/840 ❌ HTTP 404 — https://freessrnode.github.io/uploads/2024/08/4-20240822.txt
2026-05-07 19:36:59,783 | INFO     |   → 73/840 ⚠️ Ошибка: HTTPSConnectionPool(host='freevpnspy.githubrowcontent.com', port=443): Max retries exceeded with url: /2024/08/20240802_novless.yaml (Caused by NameResolutionError("HTTPSConnection(host='freevpnspy.githubrowcontent.com', port=443): Failed to resolve 'freevpnspy.githubrowcontent.com' ([Errno -2] Name or service not known)")) — https://freevpnspy.githubrowcontent.com/2024/08/20240802_novless.yaml
2026-05-07 19:36:59,783 | INFO     |   → 74/840 ⚠️ Ошибка: HTTPSConnectionPool(host='freevpnspy.githubrowcontent.com', port=443): Max retries exceeded with url: /2024/08/20240802_vless.yaml (Caused by NameResolutionError("HTTPSConnection(host='freevpnspy.githubrowcontent.com', port=443): Failed to resolve 'freevpnspy.githubrowcontent.com' ([Errno -2] Name or service not known)")) — https://freevpnspy.githubrowcontent.com/2024/08/20240802_vless.yaml
2026-05-07 19:36:59,783 | INFO     |   → 75/840 ❌ HTTP 404 — https://github.com/Epodonios/bulk-xray-v2ray-vless-vmess-...-configs/raw/main/sub/Albania/config.txt
2026-05-07 19:36:59,784 | INFO     |   → 76/840 ❌ HTTP 404 — https://github.com/Epodonios/bulk-xray-v2ray-vless-vmess-...-configs/raw/main/sub/Cura%C3%A7ao/config.txt
2026-05-07 19:36:59,784 | INFO     |   → 77/840 ❌ HTTP 404 — https://github.com/Epodonios/bulk-xray-v2ray-vless-vmess-...-configs/raw/main/sub/Finland/config.txt
2026-05-07 19:36:59,784 | INFO     |   → 78/840 ❌ HTTP 404 — https://github.com/Epodonios/bulk-xray-v2ray-vless-vmess-...-configs/raw/main/sub/Iran/config.txt
2026-05-07 19:36:59,784 | INFO     |   → 79/840 ❌ HTTP 404 — https://github.com/Epodonios/bulk-xray-v2ray-vless-vmess-...-configs/raw/main/sub/Netherlands/config.txt
2026-05-07 19:36:59,784 | INFO     |   → 80/840 ❌ HTTP 404 — https://github.com/Epodonios/bulk-xray-v2ray-vless-vmess-...-configs/raw/main/sub/Norway/config.txt
2026-05-07 19:36:59,784 | INFO     |   → 81/840 ❌ HTTP 404 — https://github.com/Epodonios/bulk-xray-v2ray-vless-vmess-...-configs/raw/main/sub/Russia/config.txt
2026-05-07 19:36:59,784 | INFO     |   → 82/840: ✅ 13 взято | 🗑️ 70 мусор
2026-05-07 19:36:59,784 | INFO     |   → 83/840: ✅ 0 взято | 🗑️ 4 мусор
2026-05-07 19:36:59,784 | INFO     |   → 84/840: ✅ 0 взято | 🗑️ 7 мусор
2026-05-07 19:36:59,784 | INFO     |   → 85/840: ✅ 0 взято | 🗑️ 51 мусор
2026-05-07 19:36:59,784 | INFO     |   → 86/840: ✅ 0 взято | 🗑️ 8 мусор
2026-05-07 19:36:59,784 | INFO     |   → 87/840: ✅ 0 взято | 🗑️ 0 мусор
2026-05-07 19:36:59,784 | INFO     |   → 88/840: ✅ 17 взято | 🗑️ 119 мусор
2026-05-07 19:36:59,784 | INFO     |   → 89/840 ❌ HTTP 404 — https://github.com/MrMohebi/xray-proxy-grabber-telegram/raw/master/collected-proxies/clash-meta/all.yaml
2026-05-07 19:36:59,784 | INFO     |   → 90/840 ❌ HTTP 404 — https://github.com/MrMohebi/xray-proxy-grabber-telegram/raw/master/collected-proxies/row-url/all.txt
2026-05-07 19:36:59,784 | INFO     |   → 91/840: ✅ 0 взято | 🗑️ 0 мусор
2026-05-07 19:36:59,784 | INFO     |   → 92/840: ✅ 0 взято | 🗑️ 113 мусор
2026-05-07 19:36:59,784 | INFO     |   → 93/840: ✅ 0 взято | 🗑️ 119 мусор
2026-05-07 19:36:59,784 | INFO     |   → 94/840 ❌ HTTP 404 — https://github.com/abbasdvd3/abbasdvd10/73ec60de7a6c6aa6df4c14b511c1da60686891ca/ppo.txt
2026-05-07 19:36:59,784 | INFO     |   → 95/840 ❌ HTTP 404 — https://github.com/acymz/AutoVPN/refs/heads/main/data/V2.txt
2026-05-07 19:36:59,785 | INFO     |   → 96/840: ✅ 0 взято | 🗑️ 0 мусор
2026-05-07 19:36:59,785 | INFO     |   → 97/840: ✅ 0 взято | 🗑️ 0 мусор
2026-05-07 19:36:59,785 | INFO     |   → 98/840: ✅ 0 взято | 🗑️ 0 мусор
2026-05-07 19:36:59,785 | INFO     |   → 99/840: ✅ 0 взято | 🗑️ 0 мусор
2026-05-07 19:36:59,785 | INFO     |   → 100/840: ✅ 0 взято | 🗑️ 0 мусор
2026-05-07 19:36:59,785 | INFO     |   → 101/840: ✅ 0 взято | 🗑️ 0 мусор
2026-05-07 19:36:59,785 | INFO     |   → 102/840: ✅ 0 взято | 🗑️ 0 мусор
2026-05-07 19:36:59,785 | INFO     |   → 103/840 ❌ HTTP 404 — https://github.com/mermeroo/V2RAY-FREE/raw/main/All_Configs_base64_Sub.txt
2026-05-07 19:36:59,785 | INFO     |   → 104/840 ❌ HTTP 404 — https://github.com/mermeroo/V2RAY-FREE/raw/main/Base64/Sub1_base64.txt
2026-05-07 19:36:59,785 | INFO     |   → 105/840 ❌ HTTP 404 — https://github.com/mermeroo/V2RAY-FREE/raw/main/Base64/Sub2_base64.txt
2026-05-07 19:36:59,785 | INFO     |   → 106/840 ❌ HTTP 404 — https://github.com/mermeroo/V2RAY-FREE/raw/main/Base64/Sub3_base64.txt
2026-05-07 19:36:59,785 | INFO     |   → 107/840 ❌ HTTP 404 — https://github.com/mermeroo/V2RAY-FREE/raw/main/Base64/Sub4_base64.txt
2026-05-07 19:36:59,785 | INFO     |   → 108/840 ❌ HTTP 404 — https://github.com/mermeroo/V2RAY-FREE/raw/main/Base64/Sub5_base64.txt
2026-05-07 19:36:59,785 | INFO     |   → 109/840 ❌ HTTP 404 — https://github.com/mermeroo/telegram-configs-collector/raw/main/protocols/hysteria
2026-05-07 19:36:59,785 | INFO     |   → 110/840 ❌ HTTP 404 — https://github.com/mermeroo/telegram-configs-collector/raw/main/protocols/juicity
2026-05-07 19:36:59,785 | INFO     |   → 111/840 ❌ HTTP 404 — https://github.com/mermeroo/telegram-configs-collector/raw/main/protocols/tuic
2026-05-07 19:36:59,785 | INFO     |   → 112/840: ✅ 5 взято | 🗑️ 16 мусор
2026-05-07 19:36:59,785 | INFO     |   → 113/840: ✅ 0 взято | 🗑️ 0 мусор
2026-05-07 19:36:59,785 | INFO     |   → 114/840: ✅ 0 взято | 🗑️ 0 мусор
2026-05-07 19:36:59,785 | INFO     |   → 115/840: ✅ 0 взято | 🗑️ 0 мусор
2026-05-07 19:36:59,785 | INFO     |   → 116/840: ✅ 3 взято | 🗑️ 238 мусор
2026-05-07 19:36:59,786 | INFO     |   → 117/840: ✅ 0 взято | 🗑️ 0 мусор
2026-05-07 19:36:59,786 | INFO     |   → 118/840: ✅ 3 взято | 🗑️ 239 мусор
2026-05-07 19:36:59,786 | INFO     |   → 119/840: ✅ 0 взято | 🗑️ 0 мусор
2026-05-07 19:36:59,786 | INFO     |   → 120/840: ✅ 0 взято | 🗑️ 255 мусор
2026-05-07 19:36:59,786 | INFO     |   → 121/840: ✅ 0 взято | 🗑️ 0 мусор
2026-05-07 19:36:59,786 | INFO     |   → 122/840: ✅ 1 взято | 🗑️ 249 мусор
2026-05-07 19:36:59,786 | INFO     |   → 123/840: ✅ 0 взято | 🗑️ 0 мусор
2026-05-07 19:36:59,786 | INFO     |   → 124/840: ✅ 0 взято | 🗑️ 207 мусор
2026-05-07 19:36:59,786 | INFO     |   → 125/840: ✅ 0 взято | 🗑️ 0 мусор
2026-05-07 19:36:59,786 | INFO     |   → 126/840: ✅ 0 взято | 🗑️ 228 мусор
2026-05-07 19:36:59,786 | INFO     |   → 127/840: ✅ 0 взято | 🗑️ 0 мусор
2026-05-07 19:36:59,786 | INFO     |   → 128/840: ✅ 1 взято | 🗑️ 291 мусор
2026-05-07 19:36:59,786 | INFO     |   → 129/840: ✅ 0 взято | 🗑️ 0 мусор
2026-05-07 19:36:59,786 | INFO     |   → 130/840: ✅ 3 взято | 🗑️ 221 мусор
2026-05-07 19:36:59,786 | INFO     |   → 131/840: ✅ 0 взято | 🗑️ 0 мусор
2026-05-07 19:36:59,786 | INFO     |   → 132/840: ✅ 1 взято | 🗑️ 222 мусор
2026-05-07 19:36:59,786 | INFO     |   → 133/840: ✅ 0 взято | 🗑️ 0 мусор
2026-05-07 19:36:59,786 | INFO     |   → 134/840: ✅ 1 взято | 🗑️ 218 мусор
2026-05-07 19:36:59,786 | INFO     |   → 135/840: ✅ 0 взято | 🗑️ 0 мусор
2026-05-07 19:36:59,786 | INFO     |   → 136/840: ✅ 0 взято | 🗑️ 193 мусор
2026-05-07 19:36:59,787 | INFO     |   → 137/840: ✅ 0 взято | 🗑️ 0 мусор
2026-05-07 19:36:59,787 | INFO     |   → 138/840: ✅ 0 взято | 🗑️ 290 мусор
2026-05-07 19:36:59,787 | INFO     |   → 139/840: ✅ 0 взято | 🗑️ 0 мусор
2026-05-07 19:36:59,787 | INFO     |   → 140/840: ✅ 0 взято | 🗑️ 238 мусор
2026-05-07 19:36:59,787 | INFO     |   → 141/840: ✅ 0 взято | 🗑️ 0 мусор
2026-05-07 19:36:59,787 | INFO     |   → 142/840: ✅ 0 взято | 🗑️ 221 мусор
2026-05-07 19:36:59,787 | INFO     |   → 143/840: ✅ 0 взято | 🗑️ 0 мусор
2026-05-07 19:36:59,787 | INFO     |   → 144/840: ✅ 0 взято | 🗑️ 248 мусор
2026-05-07 19:36:59,787 | INFO     |   → 145/840: ✅ 0 взято | 🗑️ 0 мусор
2026-05-07 19:36:59,787 | INFO     |   → 146/840: ✅ 0 взято | 🗑️ 203 мусор
2026-05-07 19:36:59,787 | INFO     |   → 147/840: ✅ 0 взято | 🗑️ 0 мусор
2026-05-07 19:36:59,787 | INFO     |   → 148/840: ✅ 0 взято | 🗑️ 208 мусор
2026-05-07 19:36:59,787 | INFO     |   → 149/840: ✅ 0 взято | 🗑️ 0 мусор
2026-05-07 19:36:59,787 | INFO     |   → 150/840: ✅ 2 взято | 🗑️ 209 мусор
2026-05-07 19:36:59,787 | INFO     |   → 151/840: ✅ 0 взято | 🗑️ 0 мусор
2026-05-07 19:36:59,787 | INFO     |   → 152/840: ✅ 0 взято | 🗑️ 258 мусор
2026-05-07 19:36:59,788 | INFO     |   → 153/840: ✅ 0 взято | 🗑️ 0 мусор
2026-05-07 19:36:59,788 | INFO     |   → 154/840: ✅ 0 взято | 🗑️ 296 мусор
2026-05-07 19:36:59,788 | INFO     |   → 155/840: ✅ 0 взято | 🗑️ 0 мусор
2026-05-07 19:36:59,788 | INFO     |   → 156/840: ✅ 1 взято | 🗑️ 286 мусор
2026-05-07 19:36:59,788 | INFO     |   → 157/840: ✅ 0 взято | 🗑️ 0 мусор
2026-05-07 19:36:59,788 | INFO     |   → 158/840: ✅ 0 взято | 🗑️ 195 мусор
2026-05-07 19:36:59,788 | INFO     |   → 159/840: ✅ 0 взято | 🗑️ 0 мусор
2026-05-07 19:36:59,788 | INFO     |   → 160/840: ✅ 0 взято | 🗑️ 170 мусор
2026-05-07 19:36:59,788 | INFO     |   → 161/840: ✅ 0 взято | 🗑️ 0 мусор
2026-05-07 19:36:59,788 | INFO     |   → 162/840: ✅ 0 взято | 🗑️ 160 мусор
2026-05-07 19:36:59,788 | INFO     |   → 163/840: ✅ 0 взято | 🗑️ 0 мусор
2026-05-07 19:36:59,788 | INFO     |   → 164/840: ✅ 0 взято | 🗑️ 121 мусор
2026-05-07 19:36:59,788 | INFO     |   → 165/840: ✅ 0 взято | 🗑️ 0 мусор
2026-05-07 19:36:59,788 | INFO     |   → 166/840: ✅ 0 взято | 🗑️ 135 мусор
2026-05-07 19:36:59,788 | INFO     |   → 167/840: ✅ 0 взято | 🗑️ 0 мусор
2026-05-07 19:36:59,788 | INFO     |   → 168/840: ✅ 1 взято | 🗑️ 129 мусор
2026-05-07 19:36:59,788 | INFO     |   → 169/840: ✅ 0 взято | 🗑️ 0 мусор
2026-05-07 19:36:59,789 | INFO     |   → 170/840: ✅ 0 взято | 🗑️ 189 мусор
2026-05-07 19:36:59,789 | INFO     |   → 171/840: ✅ 0 взято | 🗑️ 0 мусор
2026-05-07 19:36:59,789 | INFO     |   → 172/840: ✅ 3 взято | 🗑️ 147 мусор
2026-05-07 19:36:59,789 | INFO     |   → 173/840: ✅ 0 взято | 🗑️ 0 мусор
2026-05-07 19:36:59,789 | INFO     |   → 174/840 ⚠️ Ошибка: HTTPSConnectionPool(host='ivuxy.tech', port=443): Max retries exceeded with url: /v.txt (Caused by NameResolutionError("HTTPSConnection(host='ivuxy.tech', port=443): Failed to resolve 'ivuxy.tech' ([Errno -2] Name or service not known)")) — https://ivuxy.tech/v.txt
2026-05-07 19:36:59,789 | INFO     |   → 175/840 ⚠️ Ошибка: HTTPSConnectionPool(host='mirror.ghproxy.com', port=443): Max retries exceeded with url: /https://raw.githubusercontent.com/Barabama/FreeNodes/master/nodes/blues.txt (Caused by NameResolutionError("HTTPSConnection(host='mirror.ghproxy.com', port=443): Failed to resolve 'mirror.ghproxy.com' ([Errno -2] Name or service not known)")) — https://mirror.ghproxy.com/https://raw.githubusercontent.com/Barabama/FreeNodes/master/nodes/blues.txt
2026-05-07 19:36:59,789 | INFO     |   → 176/840 ⚠️ Ошибка: HTTPSConnectionPool(host='mirror.ghproxy.com', port=443): Max retries exceeded with url: /https://raw.githubusercontent.com/Barabama/FreeNodes/master/nodes/halekj.txt (Caused by NameResolutionError("HTTPSConnection(host='mirror.ghproxy.com', port=443): Failed to resolve 'mirror.ghproxy.com' ([Errno -2] Name or service not known)")) — https://mirror.ghproxy.com/https://raw.githubusercontent.com/Barabama/FreeNodes/master/nodes/halekj.txt
2026-05-07 19:36:59,789 | INFO     |   → 177/840 ⚠️ Ошибка: HTTPSConnectionPool(host='mirror.ghproxy.com', port=443): Max retries exceeded with url: /https://raw.githubusercontent.com/Barabama/FreeNodes/master/nodes/kkzui.txt (Caused by NameResolutionError("HTTPSConnection(host='mirror.ghproxy.com', port=443): Failed to resolve 'mirror.ghproxy.com' ([Errno -2] Name or service not known)")) — https://mirror.ghproxy.com/https://raw.githubusercontent.com/Barabama/FreeNodes/master/nodes/kkzui.txt
2026-05-07 19:36:59,789 | INFO     |   → 178/840 ⚠️ Ошибка: HTTPSConnectionPool(host='mirror.ghproxy.com', port=443): Max retries exceeded with url: /https://raw.githubusercontent.com/Barabama/FreeNodes/master/nodes/merged.txt (Caused by NameResolutionError("HTTPSConnection(host='mirror.ghproxy.com', port=443): Failed to resolve 'mirror.ghproxy.com' ([Errno -2] Name or service not known)")) — https://mirror.ghproxy.com/https://raw.githubusercontent.com/Barabama/FreeNodes/master/nodes/merged.txt
2026-05-07 19:36:59,789 | INFO     |   → 179/840 ⚠️ Ошибка: HTTPSConnectionPool(host='mirror.ghproxy.com', port=443): Max retries exceeded with url: /https://raw.githubusercontent.com/Barabama/FreeNodes/master/nodes/nodefree.txt (Caused by NameResolutionError("HTTPSConnection(host='mirror.ghproxy.com', port=443): Failed to resolve 'mirror.ghproxy.com' ([Errno -2] Name or service not known)")) — https://mirror.ghproxy.com/https://raw.githubusercontent.com/Barabama/FreeNodes/master/nodes/nodefree.txt
2026-05-07 19:36:59,789 | INFO     |   → 180/840 ⚠️ Ошибка: HTTPSConnectionPool(host='mirror.ghproxy.com', port=443): Max retries exceeded with url: /https://raw.githubusercontent.com/Barabama/FreeNodes/master/nodes/openrunner.txt (Caused by NameResolutionError("HTTPSConnection(host='mirror.ghproxy.com', port=443): Failed to resolve 'mirror.ghproxy.com' ([Errno -2] Name or service not known)")) — https://mirror.ghproxy.com/https://raw.githubusercontent.com/Barabama/FreeNodes/master/nodes/openrunner.txt
2026-05-07 19:36:59,789 | INFO     |   → 181/840 ⚠️ Ошибка: HTTPSConnectionPool(host='mirror.ghproxy.com', port=443): Max retries exceeded with url: /https://raw.githubusercontent.com/Barabama/FreeNodes/master/nodes/v2rayshare.txt (Caused by NameResolutionError("HTTPSConnection(host='mirror.ghproxy.com', port=443): Failed to resolve 'mirror.ghproxy.com' ([Errno -2] Name or service not known)")) — https://mirror.ghproxy.com/https://raw.githubusercontent.com/Barabama/FreeNodes/master/nodes/v2rayshare.txt
2026-05-07 19:36:59,789 | INFO     |   → 182/840 ⚠️ Ошибка: HTTPSConnectionPool(host='mirror.ghproxy.com', port=443): Max retries exceeded with url: /https://raw.githubusercontent.com/Barabama/FreeNodes/master/nodes/wenode.txt (Caused by NameResolutionError("HTTPSConnection(host='mirror.ghproxy.com', port=443): Failed to resolve 'mirror.ghproxy.com' ([Errno -2] Name or service not known)")) — https://mirror.ghproxy.com/https://raw.githubusercontent.com/Barabama/FreeNodes/master/nodes/wenode.txt
2026-05-07 19:36:59,789 | INFO     |   → 183/840 ⚠️ Ошибка: HTTPSConnectionPool(host='mirror.ghproxy.com', port=443): Max retries exceeded with url: /https://raw.githubusercontent.com/Barabama/FreeNodes/master/nodes/yudou66.txt (Caused by NameResolutionError("HTTPSConnection(host='mirror.ghproxy.com', port=443): Failed to resolve 'mirror.ghproxy.com' ([Errno -2] Name or service not known)")) — https://mirror.ghproxy.com/https://raw.githubusercontent.com/Barabama/FreeNodes/master/nodes/yudou66.txt
2026-05-07 19:36:59,789 | INFO     |   → 184/840: ✅ 7 взято | 🗑️ 17 мусор
2026-05-07 19:36:59,789 | INFO     |   → 185/840: ✅ 0 взято | 🗑️ 17 мусор
2026-05-07 19:36:59,789 | INFO     |   → 186/840: ✅ 14 взято | 🗑️ 14 мусор
2026-05-07 19:36:59,789 | INFO     |   → 187/840: ✅ 0 взято | 🗑️ 14 мусор
2026-05-07 19:36:59,789 | INFO     |   → 188/840: ✅ 0 взято | 🗑️ 14 мусор
2026-05-07 19:36:59,789 | INFO     |   → 189/840: ✅ 0 взято | 🗑️ 14 мусор
2026-05-07 19:36:59,789 | INFO     |   → 190/840: ✅ 0 взято | 🗑️ 14 мусор
2026-05-07 19:36:59,789 | INFO     |   → 191/840: ✅ 0 взято | 🗑️ 14 мусор
2026-05-07 19:36:59,789 | INFO     |   → 192/840: ✅ 0 взято | 🗑️ 14 мусор
2026-05-07 19:36:59,789 | INFO     |   → 193/840: ✅ 0 взято | 🗑️ 14 мусор
2026-05-07 19:36:59,789 | INFO     |   → 194/840: ✅ 0 взято | 🗑️ 14 мусор
2026-05-07 19:36:59,789 | INFO     |   → 195/840: ✅ 7 взято | 🗑️ 21 мусор
2026-05-07 19:36:59,789 | INFO     |   → 196/840: ✅ 0 взято | 🗑️ 21 мусор
2026-05-07 19:36:59,789 | INFO     |   → 197/840: ✅ 0 взято | 🗑️ 21 мусор
2026-05-07 19:36:59,789 | INFO     |   → 198/840: ✅ 0 взято | 🗑️ 21 мусор
2026-05-07 19:36:59,789 | INFO     |   → 199/840: ✅ 0 взято | 🗑️ 21 мусор
2026-05-07 19:36:59,789 | INFO     |   → 200/840: ✅ 0 взято | 🗑️ 21 мусор
2026-05-07 19:36:59,789 | INFO     |   → 201/840: ✅ 0 взято | 🗑️ 21 мусор
2026-05-07 19:36:59,789 | INFO     |   → 202/840: ✅ 0 взято | 🗑️ 21 мусор
2026-05-07 19:36:59,789 | INFO     |   → 203/840: ✅ 0 взято | 🗑️ 21 мусор
2026-05-07 19:36:59,789 | INFO     |   → 204/840: ✅ 0 взято | 🗑️ 21 мусор
2026-05-07 19:36:59,789 | INFO     |   → 205/840: ✅ 0 взято | 🗑️ 21 мусор
2026-05-07 19:36:59,789 | INFO     |   → 206/840: ✅ 5 взято | 🗑️ 15 мусор
2026-05-07 19:36:59,789 | INFO     |   → 207/840: ✅ 0 взято | 🗑️ 15 мусор
2026-05-07 19:36:59,789 | INFO     |   → 208/840: ✅ 0 взято | 🗑️ 15 мусор
2026-05-07 19:36:59,789 | INFO     |   → 209/840: ✅ 0 взято | 🗑️ 15 мусор
2026-05-07 19:36:59,789 | INFO     |   → 210/840: ✅ 0 взято | 🗑️ 15 мусор
2026-05-07 19:36:59,790 | INFO     |   → 211/840: ✅ 0 взято | 🗑️ 15 мусор
2026-05-07 19:36:59,790 | INFO     |   → 212/840 ⚠️ Ошибка: HTTPSConnectionPool(host='nodefree.githubrowcontent.com', port=443): Max retries exceeded with url: /2024/07/20240705.yaml (Caused by NameResolutionError("HTTPSConnection(host='nodefree.githubrowcontent.com', port=443): Failed to resolve 'nodefree.githubrowcontent.com' ([Errno -2] Name or service not known)")) — https://nodefree.org/dy/2023/08/20230806.yaml
2026-05-07 19:36:59,790 | INFO     |   → 213/840 ⚠️ Ошибка: HTTPSConnectionPool(host='nodefree.githubrowcontent.com', port=443): Max retries exceeded with url: /2024/07/20240705.txt (Caused by NameResolutionError("HTTPSConnection(host='nodefree.githubrowcontent.com', port=443): Failed to resolve 'nodefree.githubrowcontent.com' ([Errno -2] Name or service not known)")) — https://nodefree.org/dy/2023/12/20231221.txt
2026-05-07 19:36:59,790 | INFO     |   → 214/840: ✅ 0 взято | 🗑️ 17 мусор
2026-05-07 19:36:59,790 | INFO     |   → 215/840: ✅ 0 взято | 🗑️ 17 мусор
2026-05-07 19:36:59,790 | INFO     |   → 216/840: ✅ 0 взято | 🗑️ 14 мусор
2026-05-07 19:36:59,790 | INFO     |   → 217/840: ✅ 0 взято | 🗑️ 14 мусор
2026-05-07 19:36:59,790 | INFO     |   → 218/840: ✅ 0 взято | 🗑️ 14 мусор
2026-05-07 19:36:59,790 | INFO     |   → 219/840: ✅ 0 взято | 🗑️ 14 мусор
2026-05-07 19:36:59,790 | INFO     |   → 220/840: ✅ 0 взято | 🗑️ 14 мусор
2026-05-07 19:36:59,790 | INFO     |   → 221/840: ✅ 0 взято | 🗑️ 14 мусор
2026-05-07 19:36:59,790 | INFO     |   → 222/840: ✅ 0 взято | 🗑️ 14 мусор
2026-05-07 19:36:59,790 | INFO     |   → 223/840: ✅ 0 взято | 🗑️ 14 мусор
2026-05-07 19:36:59,790 | INFO     |   → 224/840: ✅ 0 взято | 🗑️ 14 мусор
2026-05-07 19:36:59,790 | INFO     |   → 225/840: ✅ 0 взято | 🗑️ 21 мусор
2026-05-07 19:36:59,790 | INFO     |   → 226/840: ✅ 0 взято | 🗑️ 21 мусор
2026-05-07 19:36:59,790 | INFO     |   → 227/840: ✅ 0 взято | 🗑️ 21 мусор
2026-05-07 19:36:59,790 | INFO     |   → 228/840: ✅ 0 взято | 🗑️ 21 мусор
2026-05-07 19:36:59,790 | INFO     |   → 229/840: ✅ 0 взято | 🗑️ 21 мусор
2026-05-07 19:36:59,790 | INFO     |   → 230/840: ✅ 0 взято | 🗑️ 21 мусор
2026-05-07 19:36:59,790 | INFO     |   → 231/840: ✅ 0 взято | 🗑️ 21 мусор
2026-05-07 19:36:59,790 | INFO     |   → 232/840: ✅ 0 взято | 🗑️ 21 мусор
2026-05-07 19:36:59,790 | INFO     |   → 233/840: ✅ 0 взято | 🗑️ 21 мусор
2026-05-07 19:36:59,790 | INFO     |   → 234/840: ✅ 0 взято | 🗑️ 21 мусор
2026-05-07 19:36:59,790 | INFO     |   → 235/840: ✅ 0 взято | 🗑️ 21 мусор
2026-05-07 19:36:59,790 | INFO     |   → 236/840: ✅ 0 взято | 🗑️ 15 мусор
2026-05-07 19:36:59,790 | INFO     |   → 237/840: ✅ 0 взято | 🗑️ 15 мусор
2026-05-07 19:36:59,790 | INFO     |   → 238/840: ✅ 0 взято | 🗑️ 15 мусор
2026-05-07 19:36:59,790 | INFO     |   → 239/840: ✅ 0 взято | 🗑️ 15 мусор
2026-05-07 19:36:59,790 | INFO     |   → 240/840: ✅ 0 взято | 🗑️ 15 мусор
2026-05-07 19:36:59,790 | INFO     |   → 241/840: ✅ 0 взято | 🗑️ 15 мусор
2026-05-07 19:36:59,790 | INFO     |   → 242/840: ✅ 0 взято | 🗑️ 15 мусор
2026-05-07 19:36:59,790 | INFO     |   → 243/840: ✅ 0 взято | 🗑️ 0 мусор
2026-05-07 19:36:59,790 | INFO     |   → 244/840: ✅ 0 взято | 🗑️ 0 мусор
2026-05-07 19:36:59,790 | INFO     |   → 245/840: ✅ 0 взято | 🗑️ 0 мусор
2026-05-07 19:36:59,791 | INFO     |   → 246/840: ✅ 0 взято | 🗑️ 0 мусор
2026-05-07 19:36:59,791 | INFO     |   → 247/840: ✅ 0 взято | 🗑️ 0 мусор
2026-05-07 19:36:59,791 | INFO     |   → 248/840: ✅ 0 взято | 🗑️ 0 мусор
2026-05-07 19:36:59,791 | INFO     |   → 249/840: ✅ 0 взято | 🗑️ 0 мусор
2026-05-07 19:36:59,791 | INFO     |   → 250/840: ✅ 0 взято | 🗑️ 0 мусор
2026-05-07 19:36:59,791 | INFO     |   → 251/840: ✅ 0 взято | 🗑️ 0 мусор
2026-05-07 19:36:59,791 | INFO     |   → 252/840: ✅ 0 взято | 🗑️ 0 мусор
2026-05-07 19:36:59,791 | INFO     |   → 253/840: ✅ 0 взято | 🗑️ 0 мусор
2026-05-07 19:36:59,791 | INFO     |   → 254/840: ✅ 0 взято | 🗑️ 0 мусор
2026-05-07 19:36:59,791 | INFO     |   → 255/840 ❌ HTTP 404 — https://raw.githubusercontent.com/10ium/MihomoSaz/main/Sublist/shatakvpn.yaml4_Sub.txt
2026-05-07 19:36:59,791 | INFO     |   → 256/840: ✅ 0 взято | 🗑️ 0 мусор
2026-05-07 19:36:59,791 | INFO     |   → 257/840: ✅ 0 взято | 🗑️ 0 мусор
2026-05-07 19:36:59,791 | INFO     |   → 258/840: ✅ 12 взято | 🗑️ 38 мусор
2026-05-07 19:36:59,791 | INFO     |   → 259/840: ✅ 0 взято | 🗑️ 0 мусор
2026-05-07 19:36:59,791 | INFO     |   → 260/840: ✅ 0 взято | 🗑️ 0 мусор
2026-05-07 19:36:59,791 | INFO     |   → 261/840: ✅ 11 взято | 🗑️ 399 мусор
2026-05-07 19:36:59,791 | INFO     |   → 262/840: ✅ 0 взято | 🗑️ 0 мусор
2026-05-07 19:36:59,791 | INFO     |   → 263/840 ❌ HTTP 404 — https://raw.githubusercontent.com/9Fork/openit/main/Clash.yaml
2026-05-07 19:36:59,791 | INFO     |   → 264/840: ✅ 100 взято | 🗑️ 381 мусор
2026-05-07 19:36:59,791 | INFO     |   → 265/840: ✅ 0 взято | 🗑️ 381 мусор
2026-05-07 19:36:59,791 | INFO     |   → 266/840: ✅ 19 взято | 🗑️ 81 мусор
2026-05-07 19:36:59,791 | INFO     |   → 267/840: ✅ 11 взято | 🗑️ 87 мусор
2026-05-07 19:36:59,792 | INFO     |   → 268/840: ✅ 27 взято | 🗑️ 73 мусор
2026-05-07 19:36:59,792 | INFO     |   → 269/840: ✅ 13 взято | 🗑️ 75 мусор
2026-05-07 19:36:59,792 | INFO     |   → 270/840: ✅ 10 взято | 🗑️ 83 мусор
2026-05-07 19:36:59,792 | INFO     |   → 271/840: ✅ 12 взято | 🗑️ 86 мусор
2026-05-07 19:36:59,792 | INFO     |   → 272/840: ✅ 11 взято | 🗑️ 87 мусор
2026-05-07 19:36:59,792 | INFO     |   → 273/840: ✅ 11 взято | 🗑️ 80 мусор
2026-05-07 19:36:59,792 | INFO     |   → 274/840: ✅ 9 взято | 🗑️ 82 мусор
2026-05-07 19:36:59,792 | INFO     |   → 275/840: ✅ 69 взято | 🗑️ 3 мусор
2026-05-07 19:36:59,792 | INFO     |   → 276/840: ✅ 3 взято | 🗑️ 75 мусор
2026-05-07 19:36:59,792 | INFO     |   → 277/840: ✅ 4 взято | 🗑️ 69 мусор
2026-05-07 19:36:59,792 | INFO     |   → 278/840: ✅ 4 взято | 🗑️ 80 мусор
2026-05-07 19:36:59,792 | INFO     |   → 279/840: ✅ 6 взято | 🗑️ 81 мусор
2026-05-07 19:36:59,792 | INFO     |   → 280/840: ✅ 5 взято | 🗑️ 79 мусор
2026-05-07 19:36:59,792 | INFO     |   → 281/840: ✅ 11 взято | 🗑️ 78 мусор
2026-05-07 19:36:59,792 | INFO     |   → 282/840: ✅ 3 взято | 🗑️ 83 мусор
2026-05-07 19:36:59,792 | INFO     |   → 283/840: ✅ 14 взято | 🗑️ 76 мусор
2026-05-07 19:36:59,792 | INFO     |   → 284/840: ✅ 12 взято | 🗑️ 78 мусор
2026-05-07 19:36:59,792 | INFO     |   → 285/840: ✅ 26 взято | 🗑️ 218 мусор
2026-05-07 19:36:59,792 | INFO     |   → 286/840: ✅ 44 взято | 🗑️ 141 мусор
2026-05-07 19:36:59,792 | INFO     |   → 287/840: ✅ 10 взято | 🗑️ 71 мусор
2026-05-07 19:36:59,792 | INFO     |   → 288/840: ✅ 2 взято | 🗑️ 88 мусор
2026-05-07 19:36:59,792 | INFO     |   → 289/840: ✅ 0 взято | 🗑️ 3 мусор
2026-05-07 19:36:59,792 | INFO     |   → 290/840: ✅ 14 взято | 🗑️ 4 мусор
2026-05-07 19:36:59,792 | INFO     |   → 291/840: ✅ 662 взято | 🗑️ 2562 мусор
2026-05-07 19:36:59,792 | INFO     |   → 292/840 ❌ HTTP 404 — https://raw.githubusercontent.com/Alvin9999/pac2/master/clash/1/config.yaml
2026-05-07 19:36:59,792 | INFO     |   → 293/840 ❌ HTTP 404 — https://raw.githubusercontent.com/AmirHDevo/temp2/7f15e7ddb311a6f8c5ab338bd1af0e1f2136a84b/configs.txt
2026-05-07 19:36:59,792 | INFO     |   → 294/840: ✅ 25 взято | 🗑️ 53 мусор
2026-05-07 19:36:59,792 | INFO     |   → 295/840: ✅ 995 взято | 🗑️ 19327 мусор
2026-05-07 19:36:59,792 | INFO     |   → 296/840: ✅ 5 взято | 🗑️ 47 мусор
2026-05-07 19:36:59,792 | INFO     |   → 297/840: ✅ 4 взято | 🗑️ 57 мусор
2026-05-07 19:36:59,792 | INFO     |   → 298/840: ✅ 21 взято | 🗑️ 107 мусор
2026-05-07 19:36:59,792 | INFO     |   → 299/840: ✅ 78 взято | 🗑️ 347 мусор
2026-05-07 19:36:59,792 | INFO     |   → 300/840: ✅ 0 взято | 🗑️ 1373 мусор
2026-05-07 19:36:59,792 | INFO     |   → 301/840: ✅ 339 взято | 🗑️ 1542 мусор
2026-05-07 19:36:59,792 | INFO     |   → 302/840: ✅ 0 взято | 🗑️ 6 мусор
2026-05-07 19:36:59,792 | INFO     |   → 303/840: ✅ 0 взято | 🗑️ 0 мусор
2026-05-07 19:36:59,792 | INFO     |   → 304/840: ✅ 1 взято | 🗑️ 235 мусор
2026-05-07 19:36:59,792 | INFO     |   → 305/840: ✅ 0 взято | 🗑️ 16 мусор
2026-05-07 19:36:59,792 | INFO     |   → 306/840: ✅ 0 взято | 🗑️ 0 мусор
2026-05-07 19:36:59,792 | INFO     |   → 307/840: ✅ 0 взято | 🗑️ 14 мусор
2026-05-07 19:36:59,792 | INFO     |   → 308/840: ✅ 0 взято | 🗑️ 0 мусор
2026-05-07 19:36:59,792 | INFO     |   → 309/840: ✅ 0 взято | 🗑️ 15 мусор
2026-05-07 19:36:59,792 | INFO     |   → 310/840: ✅ 0 взято | 🗑️ 0 мусор
2026-05-07 19:36:59,792 | INFO     |   → 311/840: ✅ 4 взято | 🗑️ 164 мусор
2026-05-07 19:36:59,792 | INFO     |   → 312/840: ✅ 0 взято | 🗑️ 0 мусор
2026-05-07 19:36:59,793 | INFO     |   → 313/840: ✅ 0 взято | 🗑️ 15 мусор
2026-05-07 19:36:59,793 | INFO     |   → 314/840: ✅ 0 взято | 🗑️ 0 мусор
2026-05-07 19:36:59,793 | INFO     |   → 315/840: ✅ 0 взято | 🗑️ 15 мусор
2026-05-07 19:36:59,793 | INFO     |   → 316/840: ✅ 0 взято | 🗑️ 0 мусор
2026-05-07 19:36:59,793 | INFO     |   → 317/840: ✅ 0 взято | 🗑️ 147 мусор
2026-05-07 19:36:59,793 | INFO     |   → 318/840: ✅ 0 взято | 🗑️ 0 мусор
2026-05-07 19:36:59,793 | INFO     |   → 319/840: ✅ 5 взято | 🗑️ 76 мусор
2026-05-07 19:36:59,793 | INFO     |   → 320/840: ✅ 80 взято | 🗑️ 1110 мусор
2026-05-07 19:36:59,793 | INFO     |   → 321/840: ✅ 5 взято | 🗑️ 13 мусор
2026-05-07 19:36:59,793 | INFO     |   → 322/840 ❌ HTTP 404 — https://raw.githubusercontent.com/Epodonios/bulk-xray-v2ray-vless-vmess-...-configs/main/sub/Austria/config.txt
2026-05-07 19:36:59,793 | INFO     |   → 323/840 ❌ HTTP 404 — https://raw.githubusercontent.com/Epodonios/bulk-xray-v2ray-vless-vmess-...-configs/main/sub/Canada/config.txt
2026-05-07 19:36:59,793 | INFO     |   → 324/840 ❌ HTTP 404 — https://raw.githubusercontent.com/Epodonios/bulk-xray-v2ray-vless-vmess-...-configs/main/sub/Costa%20Rica/config.txt
2026-05-07 19:36:59,793 | INFO     |   → 325/840 ❌ HTTP 404 — https://raw.githubusercontent.com/Epodonios/bulk-xray-v2ray-vless-vmess-...-configs/main/sub/France/config.txt
2026-05-07 19:36:59,793 | INFO     |   → 326/840 ❌ HTTP 404 — https://raw.githubusercontent.com/Epodonios/bulk-xray-v2ray-vless-vmess-...-configs/main/sub/Germany/config.txt
2026-05-07 19:36:59,793 | INFO     |   → 327/840 ❌ HTTP 404 — https://raw.githubusercontent.com/Epodonios/bulk-xray-v2ray-vless-vmess-...-configs/main/sub/Indonesia/config.txt
2026-05-07 19:36:59,793 | INFO     |   → 328/840 ❌ HTTP 404 — https://raw.githubusercontent.com/Epodonios/bulk-xray-v2ray-vless-vmess-...-configs/main/sub/Ireland/config.txt
2026-05-07 19:36:59,793 | INFO     |   → 329/840 ❌ HTTP 404 — https://raw.githubusercontent.com/Epodonios/bulk-xray-v2ray-vless-vmess-...-configs/main/sub/Republic%20of%20Lithuania/config.txt
2026-05-07 19:36:59,793 | INFO     |   → 330/840 ❌ HTTP 404 — https://raw.githubusercontent.com/Epodonios/bulk-xray-v2ray-vless-vmess-...-configs/main/sub/South%20Africa/config.txt
2026-05-07 19:36:59,793 | INFO     |   → 331/840 ❌ HTTP 404 — https://raw.githubusercontent.com/Epodonios/bulk-xray-v2ray-vless-vmess-...-configs/main/sub/Sweden/config.txt
2026-05-07 19:36:59,793 | INFO     |   → 332/840 ❌ HTTP 404 — https://raw.githubusercontent.com/Epodonios/bulk-xray-v2ray-vless-vmess-...-configs/main/sub/Turkey/config.txt
2026-05-07 19:36:59,793 | INFO     |   → 333/840 ❌ HTTP 404 — https://raw.githubusercontent.com/Epodonios/bulk-xray-v2ray-vless-vmess-...-configs/main/sub/United%20Arab%20Emirates/config.txt
2026-05-07 19:36:59,793 | INFO     |   → 334/840 ❌ HTTP 404 — https://raw.githubusercontent.com/Epodonios/bulk-xray-v2ray-vless-vmess-...-configs/main/sub/United%20Kingdom/config.txt
2026-05-07 19:36:59,793 | INFO     |   → 335/840 ❌ HTTP 404 — https://raw.githubusercontent.com/Epodonios/bulk-xray-v2ray-vless-vmess-...-configs/main/sub/United%20States/config.txt
2026-05-07 19:36:59,793 | INFO     |   → 336/840: ✅ 367 взято | 🗑️ 3914 мусор
2026-05-07 19:36:59,793 | INFO     |   → 337/840 ❌ HTTP 404 — https://raw.githubusercontent.com/Epodonios/v2ray-configs/main/Splitted-By-Protocol/mix.txt
2026-05-07 19:36:59,793 | INFO     |   → 338/840: ✅ 7 взято | 🗑️ 389 мусор
2026-05-07 19:36:59,793 | INFO     |   → 339/840: ✅ 0 взято | 🗑️ 0 мусор
2026-05-07 19:36:59,793 | INFO     |   → 340/840: ✅ 20 взято | 🗑️ 286 мусор
2026-05-07 19:36:59,793 | INFO     |   → 341/840: ✅ 63 взято | 🗑️ 2655 мусор
2026-05-07 19:36:59,793 | INFO     |   → 342/840: ✅ 0 взято | 🗑️ 545 мусор
2026-05-07 19:36:59,793 | INFO     |   → 343/840 ❌ HTTP 404 — https://raw.githubusercontent.com/Epodonios/v2ray-configs/raw/main/Splitted-By-Protocol/trojan.txt
2026-05-07 19:36:59,793 | INFO     |   → 344/840 ❌ HTTP 404 — https://raw.githubusercontent.com/Epodonios/v2ray-configs/raw/main/Splitted-By-Protocol/vmess.txt
2026-05-07 19:36:59,793 | INFO     |   → 345/840: ✅ 0 взято | 🗑️ 389 мусор
2026-05-07 19:36:59,793 | INFO     |   → 346/840: ✅ 0 взято | 🗑️ 0 мусор
2026-05-07 19:36:59,793 | INFO     |   → 347/840: ✅ 0 взято | 🗑️ 286 мусор
2026-05-07 19:36:59,794 | INFO     |   → 348/840: ✅ 0 взято | 🗑️ 2655 мусор
2026-05-07 19:36:59,794 | INFO     |   → 349/840: ✅ 0 взято | 🗑️ 545 мусор
2026-05-07 19:36:59,794 | INFO     |   → 350/840 ❌ HTTP 404 — https://raw.githubusercontent.com/Fido6/FreeNodes/57221e59caddde55ffdda21d491ae952cd608049/nodes/halekj.txt
2026-05-07 19:36:59,794 | INFO     |   → 351/840 ❌ HTTP 404 — https://raw.githubusercontent.com/Fido6/FreeNodes/57221e59caddde55ffdda21d491ae952cd608049/nodes/kkzui.txt
2026-05-07 19:36:59,794 | INFO     |   → 352/840 ❌ HTTP 404 — https://raw.githubusercontent.com/Fido6/FreeNodes/57221e59caddde55ffdda21d491ae952cd608049/nodes/wenode.txt
2026-05-07 19:36:59,794 | INFO     |   → 353/840: ✅ 0 взято | 🗑️ 0 мусор
2026-05-07 19:36:59,794 | INFO     |   → 354/840: ✅ 0 взято | 🗑️ 0 мусор
2026-05-07 19:36:59,794 | INFO     |   → 355/840: ✅ 14 взято | 🗑️ 250 мусор
2026-05-07 19:36:59,794 | INFO     |   → 356/840: ✅ 4 взято | 🗑️ 9 мусор
2026-05-07 19:36:59,794 | INFO     |   → 357/840: ✅ 1 взято | 🗑️ 17 мусор
2026-05-07 19:36:59,794 | INFO     |   → 358/840: ✅ 4 взято | 🗑️ 11 мусор
2026-05-07 19:36:59,794 | INFO     |   → 359/840: ✅ 0 взято | 🗑️ 0 мусор
2026-05-07 19:36:59,794 | INFO     |   → 360/840: ✅ 0 взято | 🗑️ 137 мусор
2026-05-07 19:36:59,794 | INFO     |   → 361/840: ✅ 0 взято | 🗑️ 32 мусор
2026-05-07 19:36:59,794 | INFO     |   → 362/840: ✅ 2 взято | 🗑️ 19 мусор
2026-05-07 19:36:59,794 | INFO     |   → 363/840: ✅ 0 взято | 🗑️ 43 мусор
2026-05-07 19:36:59,794 | INFO     |   → 364/840: ✅ 0 взято | 🗑️ 43 мусор
2026-05-07 19:36:59,794 | INFO     |   → 365/840 ❌ HTTP 404 — https://raw.githubusercontent.com/Iran-v2ray/v2ray/main/v2ray
2026-05-07 19:36:59,794 | INFO     |   → 366/840: ✅ 0 взято | 🗑️ 1 мусор
2026-05-07 19:36:59,794 | INFO     |   → 367/840: ✅ 0 взято | 🗑️ 1 мусор
2026-05-07 19:36:59,794 | INFO     |   → 368/840: ✅ 0 взято | 🗑️ 28 мусор
2026-05-07 19:36:59,794 | INFO     |   → 369/840: ✅ 14 взято | 🗑️ 282 мусор
2026-05-07 19:36:59,794 | INFO     |   → 370/840: ✅ 0 взято | 🗑️ 94 мусор
2026-05-07 19:36:59,794 | INFO     |   → 371/840: ✅ 0 взято | 🗑️ 0 мусор
2026-05-07 19:36:59,794 | INFO     |   → 372/840: ✅ 0 взято | 🗑️ 0 мусор
2026-05-07 19:36:59,794 | INFO     |   → 373/840 ❌ HTTP 404 — https://raw.githubusercontent.com/Kwinshadow/TelegramV2rayCollector/raw/refs/heads/main/sublinks/mix.txt
2026-05-07 19:36:59,795 | INFO     |   → 374/840 ❌ HTTP 404 — https://raw.githubusercontent.com/LalatinaHub/Mineral/raw/refs/heads/master/result/nodes
2026-05-07 19:36:59,795 | INFO     |   → 375/840 ❌ HTTP 404 — https://raw.githubusercontent.com/Leon406/SubCrawler/main/sub/share/all3
2026-05-07 19:36:59,795 | INFO     |   → 376/840 ❌ HTTP 404 — https://raw.githubusercontent.com/Leon406/SubCrawler/main/sub/share/all4
2026-05-07 19:36:59,795 | INFO     |   → 377/840: ✅ 4 взято | 🗑️ 335 мусор
2026-05-07 19:36:59,795 | INFO     |   → 378/840: ✅ 0 взято | 🗑️ 33 мусор
2026-05-07 19:36:59,795 | INFO     |   → 379/840: ✅ 0 взято | 🗑️ 6 мусор
2026-05-07 19:36:59,795 | INFO     |   → 380/840: ✅ 0 взято | 🗑️ 147 мусор
2026-05-07 19:36:59,795 | INFO     |   → 381/840 ❌ HTTP 404 — https://raw.githubusercontent.com/M-Mashreghi/free-config-collector/main/Splitted-By-Protocol/ssr.txt
2026-05-07 19:36:59,795 | INFO     |   → 382/840: ✅ 139 взято | 🗑️ 114 мусор
2026-05-07 19:36:59,795 | INFO     |   → 383/840: ✅ 126 взято | 🗑️ 137 мусор
2026-05-07 19:36:59,795 | INFO     |   → 384/840: ✅ 0 взято | 🗑️ 12 мусор
2026-05-07 19:36:59,795 | INFO     |   → 385/840: ✅ 0 взято | 🗑️ 1 мусор
2026-05-07 19:36:59,795 | INFO     |   → 386/840: ✅ 24 взято | 🗑️ 25 мусор
2026-05-07 19:36:59,795 | INFO     |   → 387/840: ✅ 0 взято | 🗑️ 25 мусор
2026-05-07 19:36:59,795 | INFO     |   → 388/840 ❌ HTTP 404 — https://raw.githubusercontent.com/MatinGhanbari/v2ray-configs/main/subscriptions/filtered/subs/hy2.txt
2026-05-07 19:36:59,795 | INFO     |   → 389/840: ✅ 30 взято | 🗑️ 1584 мусор
2026-05-07 19:36:59,795 | INFO     |   → 390/840 ❌ HTTP 404 — https://raw.githubusercontent.com/MatinGhanbari/v2ray-configs/main/subscriptions/filtered/subs/ssr.txt
2026-05-07 19:36:59,795 | INFO     |   → 391/840: ✅ 56 взято | 🗑️ 551 мусор
2026-05-07 19:36:59,795 | INFO     |   → 392/840 ❌ HTTP 404 — https://raw.githubusercontent.com/MatinGhanbari/v2ray-configs/main/subscriptions/filtered/subs/tuic.txt
2026-05-07 19:36:59,795 | INFO     |   → 393/840: ✅ 16 взято | 🗑️ 239 мусор
2026-05-07 19:36:59,795 | INFO     |   → 394/840: ✅ 219 взято | 🗑️ 1232 мусор
2026-05-07 19:36:59,795 | INFO     |   → 395/840: ✅ 0 взято | 🗑️ 2 мусор
2026-05-07 19:36:59,795 | INFO     |   → 396/840: ✅ 157 взято | 🗑️ 881 мусор
2026-05-07 19:36:59,795 | INFO     |   → 397/840: ✅ 0 взято | 🗑️ 450 мусор
2026-05-07 19:36:59,795 | INFO     |   → 398/840: ✅ 0 взято | 🗑️ 450 мусор
2026-05-07 19:36:59,795 | INFO     |   → 399/840: ✅ 0 взято | 🗑️ 24 мусор
2026-05-07 19:36:59,795 | INFO     |   → 400/840: ✅ 0 взято | 🗑️ 2 мусор
2026-05-07 19:36:59,795 | INFO     |   → 401/840: ✅ 0 взято | 🗑️ 331 мусор
2026-05-07 19:36:59,795 | INFO     |   → 402/840: ✅ 0 взято | 🗑️ 82 мусор
2026-05-07 19:36:59,795 | INFO     |   → 403/840 ❌ HTTP 404 — https://raw.githubusercontent.com/MhdiTaheri/V2rayCollector/raw/refs/heads/main/sub/mix
2026-05-07 19:36:59,795 | INFO     |   → 404/840: ✅ 53 взято | 🗑️ 267 мусор
2026-05-07 19:36:59,795 | INFO     |   → 405/840 ❌ HTTP 404 — https://raw.githubusercontent.com/MhdiTaheri/V2rayCollector_Py/raw/refs/heads/main/sub/Mix/mix.txt
2026-05-07 19:36:59,795 | INFO     |   → 406/840: ✅ 0 взято | 🗑️ 0 мусор
2026-05-07 19:36:59,795 | INFO     |   → 407/840: ✅ 43 взято | 🗑️ 217 мусор
2026-05-07 19:36:59,795 | INFO     |   → 408/840: ✅ 0 взято | 🗑️ 31 мусор
2026-05-07 19:36:59,795 | INFO     |   → 409/840: ✅ 93 взято | 🗑️ 282 мусор
2026-05-07 19:36:59,795 | INFO     |   → 410/840: ✅ 0 взято | 🗑️ 26 мусор
2026-05-07 19:36:59,795 | INFO     |   → 411/840 ❌ HTTP 404 — https://raw.githubusercontent.com/MrMohebi/xray-proxy-grabber-telegram/master/collected-proxies/clash-meta/all.yaml
2026-05-07 19:36:59,795 | INFO     |   → 412/840 ❌ HTTP 404 — https://raw.githubusercontent.com/MrMohebi/xray-proxy-grabber-telegram/master/collected-proxies/row-url/actives.txt
2026-05-07 19:36:59,795 | INFO     |   → 413/840 ❌ HTTP 404 — https://raw.githubusercontent.com/MrMohebi/xray-proxy-grabber-telegram/master/collected-proxies/row-url/all.txt
2026-05-07 19:36:59,795 | INFO     |   → 414/840: ✅ 0 взято | 🗑️ 13 мусор
2026-05-07 19:36:59,795 | INFO     |   → 415/840: ✅ 0 взято | 🗑️ 13 мусор
2026-05-07 19:36:59,795 | INFO     |   → 416/840: ✅ 5 взято | 🗑️ 15 мусор
2026-05-07 19:36:59,795 | INFO     |   → 417/840: ✅ 0 взято | 🗑️ 30 мусор
2026-05-07 19:36:59,796 | INFO     |   → 418/840: ✅ 0 взято | 🗑️ 15 мусор
2026-05-07 19:36:59,796 | INFO     |   → 419/840: ✅ 66 взято | 🗑️ 123 мусор
2026-05-07 19:36:59,796 | INFO     |   → 420/840: ✅ 175 взято | 🗑️ 582 мусор
2026-05-07 19:36:59,796 | INFO     |   → 421/840: ✅ 0 взято | 🗑️ 0 мусор
2026-05-07 19:36:59,796 | INFO     |   → 422/840 ❌ HTTP 404 — https://raw.githubusercontent.com/OpenCNLink/freevpn/3cfcff048bfdd1493ccffa52ecf30ce7f9fc6b28/src/list/vmess.txt
2026-05-07 19:36:59,796 | INFO     |   → 423/840 ❌ HTTP 404 — https://raw.githubusercontent.com/Pawdro/Collection/main/sub
2026-05-07 19:36:59,796 | INFO     |   → 424/840: ✅ 2 взято | 🗑️ 8 мусор
2026-05-07 19:36:59,796 | INFO     |   → 425/840: ✅ 0 взято | 🗑️ 8 мусор
2026-05-07 19:36:59,796 | INFO     |   → 426/840: ✅ 0 взято | 🗑️ 0 мусор
2026-05-07 19:36:59,796 | INFO     |   → 427/840: ✅ 0 взято | 🗑️ 0 мусор
2026-05-07 19:36:59,796 | INFO     |   → 428/840: ✅ 0 взято | 🗑️ 50 мусор
2026-05-07 19:36:59,796 | INFO     |   → 429/840: ✅ 5 взято | 🗑️ 206 мусор
2026-05-07 19:36:59,796 | INFO     |   → 430/840: ✅ 21 взято | 🗑️ 138 мусор
2026-05-07 19:36:59,796 | INFO     |   → 431/840: ✅ 23 взято | 🗑️ 89 мусор
2026-05-07 19:36:59,796 | INFO     |   → 432/840: ✅ 9 взято | 🗑️ 85 мусор
2026-05-07 19:36:59,796 | INFO     |   → 433/840: ✅ 0 взято | 🗑️ 129 мусор
2026-05-07 19:36:59,796 | INFO     |   → 434/840: ✅ 0 взято | 🗑️ 81 мусор
2026-05-07 19:36:59,796 | INFO     |   → 435/840 ❌ HTTP 404 — https://raw.githubusercontent.com/STR97/STRUGOV/refs/heads/main/STR.BYPASS
2026-05-07 19:36:59,796 | INFO     |   → 436/840: ✅ 4 взято | 🗑️ 34 мусор
2026-05-07 19:36:59,796 | INFO     |   → 437/840: ✅ 11 взято | 🗑️ 16 мусор
2026-05-07 19:36:59,796 | INFO     |   → 438/840: ✅ 0 взято | 🗑️ 16 мусор
2026-05-07 19:36:59,796 | INFO     |   → 439/840: ✅ 0 взято | 🗑️ 27 мусор
2026-05-07 19:36:59,796 | INFO     |   → 440/840: ✅ 140 взято | 🗑️ 1153 мусор
2026-05-07 19:36:59,796 | INFO     |   → 441/840: ✅ 29 взято | 🗑️ 54 мусор
2026-05-07 19:36:59,796 | INFO     |   → 442/840: ✅ 0 взято | 🗑️ 2 мусор
2026-05-07 19:36:59,796 | INFO     |   → 443/840: ✅ 0 взято | 🗑️ 0 мусор
2026-05-07 19:36:59,796 | INFO     |   → 444/840: ✅ 6 взято | 🗑️ 4 мусор
2026-05-07 19:36:59,796 | INFO     |   → 445/840: ✅ 0 взято | 🗑️ 2 мусор
2026-05-07 19:36:59,796 | INFO     |   → 446/840: ✅ 0 взято | 🗑️ 4 мусор
2026-05-07 19:36:59,796 | INFO     |   → 447/840: ✅ 4 взято | 🗑️ 291 мусор
2026-05-07 19:36:59,796 | INFO     |   → 448/840: ✅ 0 взято | 🗑️ 119 мусор
2026-05-07 19:36:59,796 | INFO     |   → 449/840: ✅ 0 взято | 🗑️ 0 мусор
2026-05-07 19:36:59,796 | INFO     |   → 450/840 ❌ HTTP 404 — https://raw.githubusercontent.com/V2RAYCONFIGSPOOL/V2RAY_SUB/main/V2RAY_SUB.txt
2026-05-07 19:36:59,796 | INFO     |   → 451/840: ✅ 17 взято | 🗑️ 213 мусор
2026-05-07 19:36:59,796 | INFO     |   → 452/840: ✅ 19 взято | 🗑️ 76 мусор
2026-05-07 19:36:59,797 | INFO     |   → 453/840: ✅ 0 взято | 🗑️ 0 мусор
2026-05-07 19:36:59,797 | INFO     |   → 454/840: ✅ 0 взято | 🗑️ 76 мусор
2026-05-07 19:36:59,797 | INFO     |   → 455/840: ✅ 58 взято | 🗑️ 348 мусор
2026-05-07 19:36:59,797 | INFO     |   → 456/840: ✅ 1 взято | 🗑️ 231 мусор
2026-05-07 19:36:59,797 | INFO     |   → 457/840: ✅ 0 взято | 🗑️ 0 мусор
2026-05-07 19:36:59,797 | INFO     |   → 458/840: ✅ 1 взято | 🗑️ 83 мусор
2026-05-07 19:36:59,797 | INFO     |   → 459/840: ✅ 0 взято | 🗑️ 16 мусор
2026-05-07 19:36:59,797 | INFO     |   → 460/840: ✅ 0 взято | 🗑️ 16 мусор
2026-05-07 19:36:59,797 | INFO     |   → 461/840 ❌ HTTP 404 — https://raw.githubusercontent.com/aiboboxx/clashfree/main/clash.yml
2026-05-07 19:36:59,797 | INFO     |   → 462/840 ❌ HTTP 404 — https://raw.githubusercontent.com/aiboboxx/v2rayfree/main/v2
2026-05-07 19:36:59,797 | INFO     |   → 463/840 ❌ HTTP 404 — https://raw.githubusercontent.com/amirmohammad-mohammad-88/Sub-Reality-Azadi-config/Config/Azadi-Reality-Different
2026-05-07 19:36:59,797 | INFO     |   → 464/840 ❌ HTTP 404 — https://raw.githubusercontent.com/amirmohammad-mohammad-88/Sub-Reality-Azadi-config/Config/Azadi-Reality-Different-Base64
2026-05-07 19:36:59,797 | INFO     |   → 465/840: ✅ 1 взято | 🗑️ 17 мусор
2026-05-07 19:36:59,797 | INFO     |   → 466/840: ✅ 0 взято | 🗑️ 0 мусор
2026-05-07 19:36:59,797 | INFO     |   → 467/840: ✅ 4 взято | 🗑️ 114 мусор
2026-05-07 19:36:59,797 | INFO     |   → 468/840: ✅ 19 взято | 🗑️ 68 мусор
2026-05-07 19:36:59,797 | INFO     |   → 469/840 ❌ HTTP 404 — https://raw.githubusercontent.com/awesome-vpn/awesome-vpn/master/ss
2026-05-07 19:36:59,798 | INFO     |   → 470/840 ❌ HTTP 404 — https://raw.githubusercontent.com/awesome-vpn/awesome-vpn/master/ssr
2026-05-07 19:36:59,798 | INFO     |   → 471/840: ✅ 0 взято | 🗑️ 0 мусор
2026-05-07 19:36:59,798 | INFO     |   → 472/840: ✅ 1 взято | 🗑️ 22 мусор
2026-05-07 19:36:59,798 | INFO     |   → 473/840: ✅ 0 взято | 🗑️ 192 мусор
2026-05-07 19:36:59,798 | INFO     |   → 474/840 ❌ HTTP 404 — https://raw.githubusercontent.com/barry-far/V2ray-Configs/ced94ddfff48276ec365b40227561f36b1b64bc8/Sub5.txt
2026-05-07 19:36:59,798 | INFO     |   → 475/840 ❌ HTTP 404 — https://raw.githubusercontent.com/barry-far/V2ray-Configs/main/Splitted-By-Protocol/hysteria2.txt
2026-05-07 19:36:59,798 | INFO     |   → 476/840 ❌ HTTP 404 — https://raw.githubusercontent.com/barry-far/V2ray-Configs/main/Splitted-By-Protocol/vless.txt
2026-05-07 19:36:59,798 | INFO     |   → 477/840 ❌ HTTP 404 — https://raw.githubusercontent.com/barry-far/V2ray-Configs/main/Sub1.txt
2026-05-07 19:36:59,798 | INFO     |   → 478/840 ❌ HTTP 404 — https://raw.githubusercontent.com/barry-far/V2ray-Configs/refs/heads/main/All_Configs_Sub.txt
2026-05-07 19:36:59,798 | INFO     |   → 479/840: ✅ 0 взято | 🗑️ 0 мусор
2026-05-07 19:36:59,798 | INFO     |   → 480/840 ❌ HTTP 404 — https://raw.githubusercontent.com/budamu/clashconfig/main/v2ray.txt
2026-05-07 19:36:59,798 | INFO     |   → 481/840 ❌ HTTP 404 — https://raw.githubusercontent.com/budamu/clashconfig/main/v2ray2.txt
2026-05-07 19:36:59,798 | INFO     |   → 482/840: ✅ 0 взято | 🗑️ 0 мусор
2026-05-07 19:36:59,798 | INFO     |   → 483/840: ✅ 0 взято | 🗑️ 442 мусор
2026-05-07 19:36:59,798 | INFO     |   → 484/840: ✅ 0 взято | 🗑️ 0 мусор
2026-05-07 19:36:59,798 | INFO     |   → 485/840 ❌ HTTP 404 — https://raw.githubusercontent.com/chxxyz2004/zd/17fca23b73c46b5dd73e9be49b14d219b5e5f836/sub/2401/240110.txt
2026-05-07 19:36:59,798 | INFO     |   → 486/840: ✅ 0 взято | 🗑️ 44 мусор
2026-05-07 19:36:59,799 | INFO     |   → 487/840: ✅ 236 взято | 🗑️ 517 мусор
2026-05-07 19:36:59,799 | INFO     |   → 488/840 ❌ HTTP 404 — https://raw.githubusercontent.com/cxr9912/cxr2022/main/free.yaml
2026-05-07 19:36:59,799 | INFO     |   → 489/840 ❌ HTTP 404 — https://raw.githubusercontent.com/cxr9912/cxr2022/main/mix.yaml
2026-05-07 19:36:59,799 | INFO     |   → 490/840 ❌ HTTP 404 — https://raw.githubusercontent.com/cxr9912/cxr2022/main/ss.yaml
2026-05-07 19:36:59,799 | INFO     |   → 491/840 ❌ HTTP 404 — https://raw.githubusercontent.com/cxr9912/cxr2022/main/ssr.yaml
2026-05-07 19:36:59,799 | INFO     |   → 492/840 ❌ HTTP 404 — https://raw.githubusercontent.com/cxr9912/cxr2022/main/vmess.yaml
2026-05-07 19:36:59,799 | INFO     |   → 493/840 ❌ HTTP 404 — https://raw.githubusercontent.com/cxr9912/cxr2022/refs/heads/main/18cj.json
2026-05-07 19:36:59,799 | INFO     |   → 494/840 ❌ HTTP 404 — https://raw.githubusercontent.com/cxr9912/cxr2022/refs/heads/main/aaaaaaaa.yaml
2026-05-07 19:36:59,799 | INFO     |   → 495/840 ❌ HTTP 404 — https://raw.githubusercontent.com/cxr9912/cxr2022/refs/heads/main/free.yaml
2026-05-07 19:36:59,799 | INFO     |   → 496/840 ❌ HTTP 404 — https://raw.githubusercontent.com/cxr9912/cxr2022/refs/heads/main/ss2088.txt
2026-05-07 19:36:59,799 | INFO     |   → 497/840: ✅ 0 взято | 🗑️ 18 мусор
2026-05-07 19:36:59,799 | INFO     |   → 498/840: ✅ 0 взято | 🗑️ 18 мусор
2026-05-07 19:36:59,799 | INFO     |   → 499/840: ✅ 6 взято | 🗑️ 78 мусор
2026-05-07 19:36:59,799 | INFO     |   → 500/840: ✅ 6 взято | 🗑️ 4 мусор
2026-05-07 19:36:59,799 | INFO     |   → 501/840: ✅ 0 взято | 🗑️ 2 мусор
2026-05-07 19:36:59,799 | INFO     |   → 502/840: ✅ 0 взято | 🗑️ 2 мусор
2026-05-07 19:36:59,799 | INFO     |   → 503/840: ✅ 0 взято | 🗑️ 2 мусор
2026-05-07 19:36:59,799 | INFO     |   → 504/840: ✅ 0 взято | 🗑️ 3 мусор
2026-05-07 19:36:59,800 | INFO     |   → 505/840: ✅ 0 взято | 🗑️ 2 мусор
2026-05-07 19:36:59,800 | INFO     |   → 506/840: ✅ 0 взято | 🗑️ 9 мусор
2026-05-07 19:36:59,800 | INFO     |   → 507/840: ✅ 1 взято | 🗑️ 1 мусор
2026-05-07 19:36:59,800 | INFO     |   → 508/840: ✅ 0 взято | 🗑️ 10 мусор
2026-05-07 19:36:59,800 | INFO     |   → 509/840: ✅ 0 взято | 🗑️ 2 мусор
2026-05-07 19:36:59,800 | INFO     |   → 510/840: ✅ 0 взято | 🗑️ 0 мусор
2026-05-07 19:36:59,800 | INFO     |   → 511/840: ✅ 125 взято | 🗑️ 3529 мусор
2026-05-07 19:36:59,800 | INFO     |   → 512/840: ✅ 40 взято | 🗑️ 83 мусор
2026-05-07 19:36:59,800 | INFO     |   → 513/840: ✅ 6 взято | 🗑️ 113 мусор
2026-05-07 19:36:59,800 | INFO     |   → 514/840: ✅ 0 взято | 🗑️ 0 мусор
2026-05-07 19:36:59,800 | INFO     |   → 515/840: ✅ 1 взято | 🗑️ 25 мусор
2026-05-07 19:36:59,800 | INFO     |   → 516/840: ✅ 0 взято | 🗑️ 0 мусор
2026-05-07 19:36:59,800 | INFO     |   → 517/840: ✅ 13 взято | 🗑️ 19 мусор
2026-05-07 19:36:59,800 | INFO     |   → 518/840: ✅ 0 взято | 🗑️ 5 мусор
2026-05-07 19:36:59,800 | INFO     |   → 519/840: ✅ 2 взято | 🗑️ 80 мусор
2026-05-07 19:36:59,800 | INFO     |   → 520/840 ❌ HTTP 404 — https://raw.githubusercontent.com/free-nodes/v2rayfree/main/v2
2026-05-07 19:36:59,800 | INFO     |   → 521/840 ❌ HTTP 404 — https://raw.githubusercontent.com/free-v2ray-config/trojan/main/trojan.txt
2026-05-07 19:36:59,800 | INFO     |   → 522/840 ❌ HTTP 404 — https://raw.githubusercontent.com/free-v2ray-config/vless/main/vless.txt
2026-05-07 19:36:59,800 | INFO     |   → 523/840 ❌ HTTP 404 — https://raw.githubusercontent.com/free-v2ray-config/vmess/main/vmess.txt
2026-05-07 19:36:59,801 | INFO     |   → 524/840: ✅ 5 взято | 🗑️ 169 мусор
2026-05-07 19:36:59,801 | INFO     |   → 525/840: ✅ 34 взято | 🗑️ 121 мусор
2026-05-07 19:36:59,801 | INFO     |   → 526/840: ✅ 4 взято | 🗑️ 97 мусор
2026-05-07 19:36:59,801 | INFO     |   → 527/840 ❌ HTTP 404 — https://raw.githubusercontent.com/free18/v2ray/main/Clash.yaml
2026-05-07 19:36:59,801 | INFO     |   → 528/840: ✅ 0 взято | 🗑️ 0 мусор
2026-05-07 19:36:59,801 | INFO     |   → 529/840: ✅ 0 взято | 🗑️ 15 мусор
2026-05-07 19:36:59,801 | INFO     |   → 530/840: ✅ 0 взято | 🗑️ 0 мусор
2026-05-07 19:36:59,801 | INFO     |   → 531/840: ✅ 0 взято | 🗑️ 8 мусор
2026-05-07 19:36:59,801 | INFO     |   → 532/840: ✅ 0 взято | 🗑️ 8 мусор
2026-05-07 19:36:59,801 | INFO     |   → 533/840: ✅ 0 взято | 🗑️ 8 мусор
2026-05-07 19:36:59,801 | INFO     |   → 534/840: ✅ 0 взято | 🗑️ 8 мусор
2026-05-07 19:36:59,801 | INFO     |   → 535/840 ❌ HTTP 404 — https://raw.githubusercontent.com/freev2rayconfig/V2RAY_SUB/3e6a7786a1601ee3723e8d043ae79e70dbdfd9a8/v2rayconfigs.txt
2026-05-07 19:36:59,801 | INFO     |   → 536/840 ❌ HTTP 404 — https://raw.githubusercontent.com/freev2rayconfig/V2RAY_SUBSCRIPTION_LINK/main/v2rayconfigs.txt
2026-05-07 19:36:59,801 | INFO     |   → 537/840 ❌ HTTP 404 — https://raw.githubusercontent.com/gfpcom/free-proxy-list/main/list/http.txt
2026-05-07 19:36:59,801 | INFO     |   → 538/840 ❌ HTTP 404 — https://raw.githubusercontent.com/gfpcom/free-proxy-list/main/list/https.txt
2026-05-07 19:36:59,801 | INFO     |   → 539/840 ❌ HTTP 404 — https://raw.githubusercontent.com/gfpcom/free-proxy-list/main/list/socks4.txt
2026-05-07 19:36:59,801 | INFO     |   → 540/840 ❌ HTTP 404 — https://raw.githubusercontent.com/gfpcom/free-proxy-list/main/list/socks4a.txt
2026-05-07 19:36:59,801 | INFO     |   → 541/840 ❌ HTTP 404 — https://raw.githubusercontent.com/gfpcom/free-proxy-list/main/list/socks5.txt
2026-05-07 19:36:59,802 | INFO     |   → 542/840 ❌ HTTP 404 — https://raw.githubusercontent.com/gfpcom/free-proxy-list/main/list/socks5h.txt
2026-05-07 19:36:59,802 | INFO     |   → 543/840 ❌ HTTP 404 — https://raw.githubusercontent.com/gfpcom/free-proxy-list/main/list/ss.txt
2026-05-07 19:36:59,802 | INFO     |   → 544/840 ❌ HTTP 404 — https://raw.githubusercontent.com/gfpcom/free-proxy-list/main/list/ssr.txt
2026-05-07 19:36:59,802 | INFO     |   → 545/840 ❌ HTTP 404 — https://raw.githubusercontent.com/gfpcom/free-proxy-list/main/list/trojan.txt
2026-05-07 19:36:59,802 | INFO     |   → 546/840 ❌ HTTP 404 — https://raw.githubusercontent.com/gfpcom/free-proxy-list/main/list/vless.txt
2026-05-07 19:36:59,802 | INFO     |   → 547/840 ❌ HTTP 404 — https://raw.githubusercontent.com/gfpcom/free-proxy-list/main/list/vmess.txt
2026-05-07 19:36:59,802 | INFO     |   → 548/840: ✅ 0 взято | 🗑️ 17 мусор
2026-05-07 19:36:59,802 | INFO     |   → 549/840: ✅ 0 взято | 🗑️ 0 мусор
2026-05-07 19:36:59,802 | INFO     |   → 550/840: ✅ 4 взято | 🗑️ 63 мусор
2026-05-07 19:36:59,802 | INFO     |   → 551/840 ❌ HTTP 404 — https://raw.githubusercontent.com/hameed-maleki/TVC/89a4522969c57dcc22458cae9898426e5c4f2679/lite/config.txt
2026-05-07 19:36:59,802 | INFO     |   → 552/840: ✅ 5 взято | 🗑️ 132 мусор
2026-05-07 19:36:59,802 | INFO     |   → 553/840: ✅ 0 взято | 🗑️ 56 мусор
2026-05-07 19:36:59,802 | INFO     |   → 554/840 ❌ HTTP 404 — https://raw.githubusercontent.com/hkaa0/permalink/main/proxy/V2ray
2026-05-07 19:36:59,802 | INFO     |   → 555/840 ❌ HTTP 404 — https://raw.githubusercontent.com/hkaa0/permalink/main/proxy/clash
2026-05-07 19:36:59,803 | INFO     |   → 556/840 ❌ HTTP 404 — https://raw.githubusercontent.com/hkpc/Autoproxy/6cf946ddfc677a29062007e4b47d70674474baa7/sub/2401/240110.txt
2026-05-07 19:36:59,803 | INFO     |   → 557/840 ❌ HTTP 404 — https://raw.githubusercontent.com/hkpc/V2ray-Configs/7d9aa0dabf947af180a7dd6302818ed37950531a/Sub1.txt
2026-05-07 19:36:59,803 | INFO     |   → 558/840: ✅ 0 взято | 🗑️ 14 мусор
2026-05-07 19:36:59,803 | INFO     |   → 559/840: ✅ 16 взято | 🗑️ 16 мусор
2026-05-07 19:36:59,803 | INFO     |   → 560/840 ❌ HTTP 404 — https://raw.githubusercontent.com/iboxz/free-v2ray-collector/main/main
2026-05-07 19:36:59,803 | INFO     |   → 561/840: ✅ 12 взято | 🗑️ 18 мусор
2026-05-07 19:36:59,803 | INFO     |   → 562/840: ✅ 8 взято | 🗑️ 7 мусор
2026-05-07 19:36:59,803 | INFO     |   → 563/840: ✅ 58 взято | 🗑️ 252 мусор
2026-05-07 19:36:59,803 | INFO     |   → 564/840 ❌ HTTP 404 — https://raw.githubusercontent.com/igareck/vpn-configs-for-russia/refs/heads/main/Vless-Reality-White-Lists-Rus-Cable.txt
2026-05-07 19:36:59,803 | INFO     |   → 565/840: ✅ 143 взято | 🗑️ 7 мусор
2026-05-07 19:36:59,803 | INFO     |   → 566/840: ✅ 0 взято | 🗑️ 0 мусор
2026-05-07 19:36:59,803 | INFO     |   → 567/840: ✅ 0 взято | 🗑️ 0 мусор
2026-05-07 19:36:59,803 | INFO     |   → 568/840: ✅ 23 взято | 🗑️ 9 мусор
2026-05-07 19:36:59,803 | INFO     |   → 569/840: ✅ 0 взято | 🗑️ 0 мусор
2026-05-07 19:36:59,803 | INFO     |   → 570/840: ✅ 0 взято | 🗑️ 0 мусор
2026-05-07 19:36:59,803 | INFO     |   → 571/840: ✅ 0 взято | 🗑️ 12 мусор
2026-05-07 19:36:59,803 | INFO     |   → 572/840: ✅ 0 взято | 🗑️ 43 мусор
2026-05-07 19:36:59,803 | INFO     |   → 573/840 ❌ HTTP 404 — https://raw.githubusercontent.com/jw853355718/clash_233/master/config.yml
2026-05-07 19:36:59,803 | INFO     |   → 574/840: ✅ 0 взято | 🗑️ 210 мусор
2026-05-07 19:36:59,803 | INFO     |   → 575/840: ✅ 0 взято | 🗑️ 0 мусор
2026-05-07 19:36:59,803 | INFO     |   → 576/840: ✅ 0 взято | 🗑️ 0 мусор
2026-05-07 19:36:59,803 | INFO     |   → 577/840 ❌ HTTP 404 — https://raw.githubusercontent.com/lcx12901/v2ray-/master/sspool.herokuapp.com/yzcloud.yaml
2026-05-07 19:36:59,804 | INFO     |   → 578/840 ❌ HTTP 404 — https://raw.githubusercontent.com/lcx12901/v2ray-/master/sspool.herokuapp.com/yzcloud2.yaml
2026-05-07 19:36:59,804 | INFO     |   → 579/840: ✅ 0 взято | 🗑️ 0 мусор
2026-05-07 19:36:59,804 | INFO     |   → 580/840 ❌ HTTP 404 — https://raw.githubusercontent.com/learnhard-cn/free_proxy_ss/main/clash/config.yaml
2026-05-07 19:36:59,804 | INFO     |   → 581/840: ✅ 0 взято | 🗑️ 8 мусор
2026-05-07 19:36:59,804 | INFO     |   → 582/840: ✅ 0 взято | 🗑️ 4 мусор
2026-05-07 19:36:59,804 | INFO     |   → 583/840: ✅ 0 взято | 🗑️ 0 мусор
2026-05-07 19:36:59,804 | INFO     |   → 584/840: ✅ 0 взято | 🗑️ 4 мусор
2026-05-07 19:36:59,804 | INFO     |   → 585/840: ✅ 0 взято | 🗑️ 149 мусор
2026-05-07 19:36:59,804 | INFO     |   → 586/840: ✅ 0 взято | 🗑️ 421 мусор
2026-05-07 19:36:59,804 | INFO     |   → 587/840 ❌ HTTP 404 — https://raw.githubusercontent.com/lisylva-lee/v2dyku/main/ssr
2026-05-07 19:36:59,804 | INFO     |   → 588/840 ❌ HTTP 404 — https://raw.githubusercontent.com/lisylva-lee/v2dyku/main/v2dy
2026-05-07 19:36:59,804 | INFO     |   → 589/840: ✅ 0 взято | 🗑️ 53 мусор
2026-05-07 19:36:59,804 | INFO     |   → 590/840 ❌ HTTP 404 — https://raw.githubusercontent.com/luxl-1379/merge/77247d23def72b25226dfa741614e9b07a569c72/sub/sub_merge_base64.txt
2026-05-07 19:36:59,804 | INFO     |   → 591/840: ✅ 146 взято | 🗑️ 343 мусор
2026-05-07 19:36:59,804 | INFO     |   → 592/840: ✅ 0 взято | 🗑️ 131 мусор
2026-05-07 19:36:59,804 | INFO     |   → 593/840: ✅ 982 взято | 🗑️ 3984 мусор
2026-05-07 19:36:59,804 | INFO     |   → 594/840: ✅ 0 взято | 🗑️ 0 мусор
2026-05-07 19:36:59,804 | INFO     |   → 595/840: ✅ 0 взято | 🗑️ 3984 мусор
2026-05-07 19:36:59,804 | INFO     |   → 596/840: ✅ 20 взято | 🗑️ 370 мусор
2026-05-07 19:36:59,804 | INFO     |   → 597/840 ❌ HTTP 404 — https://raw.githubusercontent.com/mermeroo/Clash-V2ray/main/v2ray
2026-05-07 19:36:59,804 | INFO     |   → 598/840: ✅ 15 взято | 🗑️ 417 мусор
2026-05-07 19:36:59,804 | INFO     |   → 599/840: ✅ 6 взято | 🗑️ 102 мусор
2026-05-07 19:36:59,804 | INFO     |   → 600/840: ✅ 716 взято | 🗑️ 6258 мусор
2026-05-07 19:36:59,804 | INFO     |   → 601/840: ✅ 8 взято | 🗑️ 853 мусор
2026-05-07 19:36:59,805 | INFO     |   → 602/840: ✅ 32 взято | 🗑️ 69 мусор
2026-05-07 19:36:59,805 | INFO     |   → 603/840 ❌ HTTP 404 — https://raw.githubusercontent.com/mermeroo/free-v2ray-collector/main/main/mix
2026-05-07 19:36:59,805 | INFO     |   → 604/840 ❌ HTTP 404 — https://raw.githubusercontent.com/mermeroo/free-v2ray-collector/main/main/reality
2026-05-07 19:36:59,805 | INFO     |   → 605/840 ❌ HTTP 404 — https://raw.githubusercontent.com/mermeroo/free-v2ray-collector/main/main/shadowsocks
2026-05-07 19:36:59,805 | INFO     |   → 606/840 ❌ HTTP 404 — https://raw.githubusercontent.com/mermeroo/free-v2ray-collector/main/main/trojan
2026-05-07 19:36:59,805 | INFO     |   → 607/840 ❌ HTTP 404 — https://raw.githubusercontent.com/mermeroo/free-v2ray-collector/main/main/vless
2026-05-07 19:36:59,805 | INFO     |   → 608/840 ❌ HTTP 404 — https://raw.githubusercontent.com/mermeroo/free-v2ray-collector/main/main/vmess
2026-05-07 19:36:59,805 | INFO     |   → 609/840: ✅ 0 взято | 🗑️ 139 мусор
2026-05-07 19:36:59,805 | INFO     |   → 610/840: ✅ 0 взято | 🗑️ 139 мусор
2026-05-07 19:36:59,805 | INFO     |   → 611/840: ✅ 0 взято | 🗑️ 139 мусор
2026-05-07 19:36:59,805 | INFO     |   → 612/840: ✅ 500 взято | 🗑️ 13350 мусор
2026-05-07 19:36:59,805 | INFO     |   → 613/840: ✅ 0 взято | 🗑️ 13350 мусор
2026-05-07 19:36:59,805 | INFO     |   → 614/840: ✅ 0 взято | 🗑️ 3164 мусор
2026-05-07 19:36:59,805 | INFO     |   → 615/840: ✅ 0 взято | 🗑️ 1572 мусор
2026-05-07 19:36:59,805 | INFO     |   → 616/840: ✅ 0 взято | 🗑️ 4509 мусор
2026-05-07 19:36:59,805 | INFO     |   → 617/840: ✅ 0 взято | 🗑️ 4105 мусор
2026-05-07 19:36:59,805 | INFO     |   → 618/840 ❌ HTTP 404 — https://raw.githubusercontent.com/mianous/qiren/main/qiren.txt
2026-05-07 19:36:59,805 | INFO     |   → 619/840 ❌ HTTP 404 — https://raw.githubusercontent.com/miladtahanian/V2RayCFGDumper/refs/heads/main/config.txt
2026-05-07 19:36:59,805 | INFO     |   → 620/840 ❌ HTTP 404 — https://raw.githubusercontent.com/miladtahanian/multi-proxy-config-fetcher/refs/heads/main/configs/proxy_configs.txt
2026-05-07 19:36:59,805 | INFO     |   → 621/840: ✅ 0 взято | 🗑️ 0 мусор
2026-05-07 19:36:59,805 | INFO     |   → 622/840: ✅ 0 взято | 🗑️ 0 мусор
2026-05-07 19:36:59,805 | INFO     |   → 623/840: ✅ 0 взято | 🗑️ 0 мусор
2026-05-07 19:36:59,805 | INFO     |   → 624/840: ✅ 15 взято | 🗑️ 46 мусор
2026-05-07 19:36:59,805 | INFO     |   → 625/840: ✅ 0 взято | 🗑️ 252 мусор
2026-05-07 19:36:59,805 | INFO     |   → 626/840: ✅ 0 взято | 🗑️ 0 мусор
2026-05-07 19:36:59,806 | INFO     |   → 627/840: ✅ 28 взято | 🗑️ 93 мусор
2026-05-07 19:36:59,806 | INFO     |   → 628/840: ✅ 0 взято | 🗑️ 0 мусор
2026-05-07 19:36:59,806 | INFO     |   → 629/840: ✅ 15 взято | 🗑️ 70 мусор
2026-05-07 19:36:59,806 | INFO     |   → 630/840: ✅ 127 взято | 🗑️ 492 мусор
2026-05-07 19:36:59,806 | INFO     |   → 631/840: ✅ 331 взято | 🗑️ 190 мусор
2026-05-07 19:36:59,806 | INFO     |   → 632/840: ✅ 27 взято | 🗑️ 828 мусор
2026-05-07 19:36:59,806 | INFO     |   → 633/840 ❌ HTTP 404 — https://raw.githubusercontent.com/obscure1990/freeVM/master/snippets/nodes.yml
2026-05-07 19:36:59,806 | INFO     |   → 634/840 ❌ HTTP 404 — https://raw.githubusercontent.com/op30mmd/things/909b38024ba14d69dc0f95c238f63bc6e930a00f/eut.txt
2026-05-07 19:36:59,806 | INFO     |   → 635/840 ❌ HTTP 404 — https://raw.githubusercontent.com/openRunner/clash-freenode/main/v2ray.txt
2026-05-07 19:36:59,806 | INFO     |   → 636/840 ❌ HTTP 404 — https://raw.githubusercontent.com/oslook/clash-freenode/main/clash.yaml
2026-05-07 19:36:59,806 | INFO     |   → 637/840: ✅ 0 взято | 🗑️ 0 мусор
2026-05-07 19:36:59,806 | INFO     |   → 638/840: ✅ 4 взято | 🗑️ 1 мусор
2026-05-07 19:36:59,806 | INFO     |   → 639/840: ✅ 0 взято | 🗑️ 0 мусор
2026-05-07 19:36:59,806 | INFO     |   → 640/840: ✅ 3 взято | 🗑️ 172 мусор
2026-05-07 19:36:59,806 | INFO     |   → 641/840: ✅ 0 взято | 🗑️ 0 мусор
2026-05-07 19:36:59,806 | INFO     |   → 642/840: ✅ 0 взято | 🗑️ 0 мусор
2026-05-07 19:36:59,806 | INFO     |   → 643/840: ✅ 0 взято | 🗑️ 19 мусор
2026-05-07 19:36:59,806 | INFO     |   → 644/840: ✅ 0 взято | 🗑️ 44 мусор
2026-05-07 19:36:59,806 | INFO     |   → 645/840: ✅ 63 взято | 🗑️ 521 мусор
2026-05-07 19:36:59,806 | INFO     |   → 646/840: ✅ 165 взято | 🗑️ 273 мусор
2026-05-07 19:36:59,806 | INFO     |   → 647/840: ✅ 0 взято | 🗑️ 0 мусор
2026-05-07 19:36:59,806 | INFO     |   → 648/840: ✅ 28 взято | 🗑️ 211 мусор
2026-05-07 19:36:59,806 | INFO     |   → 649/840: ✅ 0 взято | 🗑️ 79 мусор
2026-05-07 19:36:59,806 | INFO     |   → 650/840: ✅ 13 взято | 🗑️ 32 мусор
2026-05-07 19:36:59,807 | INFO     |   → 651/840: ✅ 0 взято | 🗑️ 0 мусор
2026-05-07 19:36:59,807 | INFO     |   → 652/840: ✅ 2 взято | 🗑️ 9 мусор
2026-05-07 19:36:59,807 | INFO     |   → 653/840: ✅ 11 взято | 🗑️ 76 мусор
2026-05-07 19:36:59,807 | INFO     |   → 654/840: ✅ 0 взято | 🗑️ 168 мусор
2026-05-07 19:36:59,807 | INFO     |   → 655/840: ✅ 0 взято | 🗑️ 79 мусор
2026-05-07 19:36:59,807 | INFO     |   → 656/840: ✅ 0 взято | 🗑️ 16 мусор
2026-05-07 19:36:59,807 | INFO     |   → 657/840 ❌ HTTP 404 — https://raw.githubusercontent.com/ronghuaxueleng/get_v2/main/pub/changfengoss.yaml
2026-05-07 19:36:59,807 | INFO     |   → 658/840: ✅ 0 взято | 🗑️ 0 мусор
2026-05-07 19:36:59,807 | INFO     |   → 659/840: ✅ 40 взято | 🗑️ 107 мусор
2026-05-07 19:36:59,807 | INFO     |   → 660/840: ✅ 0 взято | 🗑️ 107 мусор
2026-05-07 19:36:59,807 | INFO     |   → 661/840 ❌ HTTP 404 — https://raw.githubusercontent.com/rxsweet/CM_Vmess/refs/heads/main/test.txt
2026-05-07 19:36:59,807 | INFO     |   → 662/840 ❌ HTTP 404 — https://raw.githubusercontent.com/rxsweet/proxies/main/sub/free.yaml
2026-05-07 19:36:59,807 | INFO     |   → 663/840 ❌ HTTP 404 — https://raw.githubusercontent.com/rxsweet/proxies/main/sub/rx.yaml
2026-05-07 19:36:59,807 | INFO     |   → 664/840 ❌ HTTP 404 — https://raw.githubusercontent.com/rxsweet/proxies/main/sub/sources/dynamicAll.yaml
2026-05-07 19:36:59,807 | INFO     |   → 665/840 ❌ HTTP 404 — https://raw.githubusercontent.com/rxsweet/proxies/main/sub/sources/miningAll.yaml
2026-05-07 19:36:59,807 | INFO     |   → 666/840 ❌ HTTP 404 — https://raw.githubusercontent.com/rxsweet/proxies/main/sub/srx.yaml
2026-05-07 19:36:59,807 | INFO     |   → 667/840 ❌ HTTP 404 — https://raw.githubusercontent.com/sajad-sajadi/V2ray-Collector/raw/main/output/protocols/vmess.txt
2026-05-07 19:36:59,807 | INFO     |   → 668/840 ❌ HTTP 404 — https://raw.githubusercontent.com/sakha1370/OpenRay/raw/refs/heads/main/output/all_valid_proxies.txt
2026-05-07 19:36:59,807 | INFO     |   → 669/840: ✅ 53 взято | 🗑️ 399 мусор
2026-05-07 19:36:59,807 | INFO     |   → 670/840: ✅ 0 взято | 🗑️ 399 мусор
2026-05-07 19:36:59,807 | INFO     |   → 671/840 ❌ HTTP 404 — https://raw.githubusercontent.com/samjoeyang/subscribe/main/fly
2026-05-07 19:36:59,807 | INFO     |   → 672/840: ✅ 0 взято | 🗑️ 0 мусор
2026-05-07 19:36:59,807 | INFO     |   → 673/840 ❌ HTTP 404 — https://raw.githubusercontent.com/sarina-ad/v2ray/main/v2ray
2026-05-07 19:36:59,807 | INFO     |   → 674/840 ❌ HTTP 404 — https://raw.githubusercontent.com/satrom/V2SSR/master/SSR/Sub.txt
2026-05-07 19:36:59,807 | INFO     |   → 675/840 ❌ HTTP 404 — https://raw.githubusercontent.com/satrom/V2SSR/master/V2RAY/Sub.txt
2026-05-07 19:36:59,808 | INFO     |   → 676/840: ✅ 831 взято | 🗑️ 23639 мусор
2026-05-07 19:36:59,808 | INFO     |   → 677/840: ✅ 0 взято | 🗑️ 0 мусор
2026-05-07 19:36:59,808 | INFO     |   → 678/840: ✅ 0 взято | 🗑️ 0 мусор
2026-05-07 19:36:59,808 | INFO     |   → 679/840: ✅ 3 взято | 🗑️ 49 мусор
2026-05-07 19:36:59,808 | INFO     |   → 680/840: ✅ 150 взято | 🗑️ 1485 мусор
2026-05-07 19:36:59,808 | INFO     |   → 681/840: ✅ 0 взято | 🗑️ 744 мусор
2026-05-07 19:36:59,808 | INFO     |   → 682/840: ✅ 0 взято | 🗑️ 48 мусор
2026-05-07 19:36:59,808 | INFO     |   → 683/840: ✅ 0 взято | 🗑️ 676 мусор
2026-05-07 19:36:59,808 | INFO     |   → 684/840: ✅ 0 взято | 🗑️ 17 мусор
2026-05-07 19:36:59,808 | INFO     |   → 685/840: ✅ 0 взято | 🗑️ 1485 мусор
2026-05-07 19:36:59,808 | INFO     |   → 686/840: ✅ 0 взято | 🗑️ 0 мусор
2026-05-07 19:36:59,808 | INFO     |   → 687/840 ❌ HTTP 404 — https://raw.githubusercontent.com/shirkerboy/scp/main/sub
2026-05-07 19:36:59,808 | INFO     |   → 688/840 ❌ HTTP 404 — https://raw.githubusercontent.com/snakem982/proxypool/main/nodelist.txt
2026-05-07 19:36:59,808 | INFO     |   → 689/840: ✅ 19 взято | 🗑️ 39 мусор
2026-05-07 19:36:59,808 | INFO     |   → 690/840 ❌ HTTP 404 — https://raw.githubusercontent.com/snakem982/proxypool/main/source/v2ray.txt
2026-05-07 19:36:59,808 | INFO     |   → 691/840 ❌ HTTP 404 — https://raw.githubusercontent.com/soroushmirzaei/telegram-configs-collector/main/channels/protocols/hysteria
2026-05-07 19:36:59,808 | INFO     |   → 692/840 ❌ HTTP 404 — https://raw.githubusercontent.com/soroushmirzaei/telegram-configs-collector/main/channels/protocols/juicity
2026-05-07 19:36:59,808 | INFO     |   → 693/840 ❌ HTTP 404 — https://raw.githubusercontent.com/soroushmirzaei/telegram-configs-collector/main/channels/protocols/reality
2026-05-07 19:36:59,808 | INFO     |   → 694/840 ❌ HTTP 404 — https://raw.githubusercontent.com/soroushmirzaei/telegram-configs-collector/main/channels/protocols/shadowsocks
2026-05-07 19:36:59,808 | INFO     |   → 695/840 ❌ HTTP 404 — https://raw.githubusercontent.com/soroushmirzaei/telegram-configs-collector/main/channels/protocols/trojan
2026-05-07 19:36:59,808 | INFO     |   → 696/840 ❌ HTTP 404 — https://raw.githubusercontent.com/soroushmirzaei/telegram-configs-collector/main/channels/protocols/tuic
2026-05-07 19:36:59,808 | INFO     |   → 697/840 ❌ HTTP 404 — https://raw.githubusercontent.com/soroushmirzaei/telegram-configs-collector/main/channels/protocols/vless
2026-05-07 19:36:59,808 | INFO     |   → 698/840 ❌ HTTP 404 — https://raw.githubusercontent.com/soroushmirzaei/telegram-configs-collector/main/channels/protocols/vmess
2026-05-07 19:36:59,809 | INFO     |   → 699/840 ❌ HTTP 404 — https://raw.githubusercontent.com/soroushmirzaei/telegram-configs-collector/main/countries/jp/mixed
2026-05-07 19:36:59,809 | INFO     |   → 700/840 ❌ HTTP 404 — https://raw.githubusercontent.com/soroushmirzaei/telegram-configs-collector/main/protocols/hysteria
2026-05-07 19:36:59,809 | INFO     |   → 701/840 ❌ HTTP 404 — https://raw.githubusercontent.com/soroushmirzaei/telegram-configs-collector/main/protocols/juicity
2026-05-07 19:36:59,809 | INFO     |   → 702/840 ❌ HTTP 404 — https://raw.githubusercontent.com/soroushmirzaei/telegram-configs-collector/main/protocols/reality
2026-05-07 19:36:59,809 | INFO     |   → 703/840 ❌ HTTP 404 — https://raw.githubusercontent.com/soroushmirzaei/telegram-configs-collector/main/protocols/shadowsocks
2026-05-07 19:36:59,809 | INFO     |   → 704/840 ❌ HTTP 404 — https://raw.githubusercontent.com/soroushmirzaei/telegram-configs-collector/main/protocols/trojan
2026-05-07 19:36:59,809 | INFO     |   → 705/840 ❌ HTTP 404 — https://raw.githubusercontent.com/soroushmirzaei/telegram-configs-collector/main/protocols/tuic
2026-05-07 19:36:59,809 | INFO     |   → 706/840 ❌ HTTP 404 — https://raw.githubusercontent.com/soroushmirzaei/telegram-configs-collector/main/protocols/vless
2026-05-07 19:36:59,809 | INFO     |   → 707/840 ❌ HTTP 404 — https://raw.githubusercontent.com/soroushmirzaei/telegram-configs-collector/main/protocols/vmess
2026-05-07 19:36:59,809 | INFO     |   → 708/840 ❌ HTTP 404 — https://raw.githubusercontent.com/soroushmirzaei/telegram-configs-collector/main/splitted/subscribe
2026-05-07 19:36:59,809 | INFO     |   → 709/840 ❌ HTTP 404 — https://raw.githubusercontent.com/ssrsub/ssr/master/Clash.yml
2026-05-07 19:36:59,809 | INFO     |   → 710/840 ❌ HTTP 404 — https://raw.githubusercontent.com/ssrsub/ssr/master/V2Ray
2026-05-07 19:36:59,809 | INFO     |   → 711/840 ❌ HTTP 404 — https://raw.githubusercontent.com/ssrsub/ssr/master/ss-sub
2026-05-07 19:36:59,809 | INFO     |   → 712/840 ❌ HTTP 404 — https://raw.githubusercontent.com/ssrsub/ssr/master/ssrsub
2026-05-07 19:36:59,809 | INFO     |   → 713/840 ❌ HTTP 404 — https://raw.githubusercontent.com/ssrsub/ssr/master/trojan
2026-05-07 19:36:59,809 | INFO     |   → 714/840: ✅ 0 взято | 🗑️ 0 мусор
2026-05-07 19:36:59,809 | INFO     |   → 715/840: ✅ 2 взято | 🗑️ 12 мусор
2026-05-07 19:36:59,809 | INFO     |   → 716/840: ✅ 0 взято | 🗑️ 13 мусор
2026-05-07 19:36:59,809 | INFO     |   → 717/840: ✅ 0 взято | 🗑️ 13 мусор
2026-05-07 19:36:59,809 | INFO     |   → 718/840 ❌ HTTP 404 — https://raw.githubusercontent.com/tbbatbb/Proxy/master/dist/clash.config.yaml
2026-05-07 19:36:59,809 | INFO     |   → 719/840: ✅ 2 взято | 🗑️ 35 мусор
2026-05-07 19:36:59,810 | INFO     |   → 720/840: ✅ 0 взято | 🗑️ 0 мусор
2026-05-07 19:36:59,810 | INFO     |   → 721/840: ✅ 5 взято | 🗑️ 111 мусор
2026-05-07 19:36:59,810 | INFO     |   → 722/840: ✅ 0 взято | 🗑️ 0 мусор
2026-05-07 19:36:59,810 | INFO     |   → 723/840: ✅ 0 взято | 🗑️ 69 мусор
2026-05-07 19:36:59,810 | INFO     |   → 724/840 ❌ HTTP 404 — https://raw.githubusercontent.com/v2clash/Autoproxy/a81f840ab2364124133572ec94e4b81fb0d4e58d/sub/2401/240104.txt
2026-05-07 19:36:59,810 | INFO     |   → 725/840 ❌ HTTP 404 — https://raw.githubusercontent.com/v2clash/V2ray-Configs/31f493c584d0c7b56350f4a34d80c53ad82bcc18/Sub9.txt
2026-05-07 19:36:59,810 | INFO     |   → 726/840: ✅ 0 взято | 🗑️ 0 мусор
2026-05-07 19:36:59,810 | INFO     |   → 727/840: ✅ 0 взято | 🗑️ 0 мусор
2026-05-07 19:36:59,810 | INFO     |   → 728/840: ✅ 0 взято | 🗑️ 0 мусор
2026-05-07 19:36:59,810 | INFO     |   → 729/840: ✅ 283 взято | 🗑️ 9640 мусор
2026-05-07 19:36:59,810 | INFO     |   → 730/840: ✅ 281 взято | 🗑️ 10086 мусор
2026-05-07 19:36:59,810 | INFO     |   → 731/840: ✅ 280 взято | 🗑️ 9675 мусор
2026-05-07 19:36:59,810 | INFO     |   → 732/840: ✅ 334 взято | 🗑️ 9823 мусор
2026-05-07 19:36:59,810 | INFO     |   → 733/840: ✅ 350 взято | 🗑️ 9639 мусор
2026-05-07 19:36:59,810 | INFO     |   → 734/840: ✅ 125 взято | 🗑️ 7919 мусор
2026-05-07 19:36:59,810 | INFO     |   → 735/840: ✅ 135 взято | 🗑️ 4836 мусор
2026-05-07 19:36:59,810 | INFO     |   → 736/840: ✅ 502 взято | 🗑️ 7659 мусор
2026-05-07 19:36:59,810 | INFO     |   → 737/840: ✅ 631 взято | 🗑️ 8081 мусор
2026-05-07 19:36:59,810 | INFO     |   → 738/840: ✅ 202 взято | 🗑️ 5131 мусор
2026-05-07 19:36:59,810 | INFO     |   → 739/840 ❌ HTTP 404 — https://raw.githubusercontent.com/vveg26/chromego_merge/main/sub/merged_proxies.yaml
2026-05-07 19:36:59,811 | INFO     |   → 740/840 ❌ HTTP 404 — https://raw.githubusercontent.com/vveg26/get_proxy/main/dist/clash.config.yaml
2026-05-07 19:36:59,811 | INFO     |   → 741/840: ✅ 0 взято | 🗑️ 10 мусор
2026-05-07 19:36:59,811 | INFO     |   → 742/840: ✅ 0 взято | 🗑️ 10 мусор
2026-05-07 19:36:59,811 | INFO     |   → 743/840: ✅ 0 взято | 🗑️ 4 мусор
2026-05-07 19:36:59,811 | INFO     |   → 744/840: ✅ 0 взято | 🗑️ 0 мусор
2026-05-07 19:36:59,811 | INFO     |   → 745/840: ✅ 0 взято | 🗑️ 4 мусор
2026-05-07 19:36:59,811 | INFO     |   → 746/840: ✅ 106 взято | 🗑️ 689 мусор
2026-05-07 19:36:59,811 | INFO     |   → 747/840: ✅ 48 взято | 🗑️ 841 мусор
2026-05-07 19:36:59,811 | INFO     |   → 748/840: ✅ 21 взято | 🗑️ 789 мусор
2026-05-07 19:36:59,811 | INFO     |   → 749/840: ✅ 24 взято | 🗑️ 774 мусор
2026-05-07 19:36:59,811 | INFO     |   → 750/840: ✅ 52 взято | 🗑️ 756 мусор
2026-05-07 19:36:59,811 | INFO     |   → 751/840: ✅ 191 взято | 🗑️ 745 мусор
2026-05-07 19:36:59,811 | INFO     |   → 752/840: ✅ 9 взято | 🗑️ 651 мусор
2026-05-07 19:36:59,811 | INFO     |   → 753/840: ✅ 185 взято | 🗑️ 388 мусор
2026-05-07 19:36:59,811 | INFO     |   → 754/840: ✅ 130 взято | 🗑️ 523 мусор
2026-05-07 19:36:59,811 | INFO     |   → 755/840: ✅ 67 взято | 🗑️ 533 мусор
2026-05-07 19:36:59,811 | INFO     |   → 756/840: ✅ 98 взято | 🗑️ 444 мусор
2026-05-07 19:36:59,811 | INFO     |   → 757/840: ✅ 102 взято | 🗑️ 670 мусор
2026-05-07 19:36:59,811 | INFO     |   → 758/840: ✅ 86 взято | 🗑️ 476 мусор
2026-05-07 19:36:59,811 | INFO     |   → 759/840: ✅ 95 взято | 🗑️ 657 мусор
2026-05-07 19:36:59,811 | INFO     |   → 760/840: ✅ 105 взято | 🗑️ 645 мусор
2026-05-07 19:36:59,812 | INFO     |   → 761/840: ✅ 115 взято | 🗑️ 985 мусор
2026-05-07 19:36:59,812 | INFO     |   → 762/840: ✅ 6 взято | 🗑️ 63 мусор
2026-05-07 19:36:59,812 | INFO     |   → 763/840: ✅ 7 взято | 🗑️ 62 мусор
2026-05-07 19:36:59,812 | INFO     |   → 764/840: ✅ 39 взято | 🗑️ 489 мусор
2026-05-07 19:36:59,812 | INFO     |   → 765/840: ✅ 0 взято | 🗑️ 0 мусор
2026-05-07 19:36:59,812 | INFO     |   → 766/840: ✅ 0 взято | 🗑️ 0 мусор
2026-05-07 19:36:59,812 | INFO     |   → 767/840: ✅ 0 взято | 🗑️ 0 мусор
2026-05-07 19:36:59,812 | INFO     |   → 768/840: ✅ 0 взято | 🗑️ 0 мусор
2026-05-07 19:36:59,812 | INFO     |   → 769/840: ✅ 0 взято | 🗑️ 0 мусор
2026-05-07 19:36:59,812 | INFO     |   → 770/840: ✅ 0 взято | 🗑️ 52 мусор
2026-05-07 19:36:59,812 | INFO     |   → 771/840: ✅ 5 взято | 🗑️ 10 мусор
2026-05-07 19:36:59,812 | INFO     |   → 772/840: ✅ 1 взято | 🗑️ 124 мусор
2026-05-07 19:36:59,812 | INFO     |   → 773/840: ✅ 103 взято | 🗑️ 90 мусор
2026-05-07 19:36:59,812 | INFO     |   → 774/840: ✅ 0 взято | 🗑️ 9 мусор
2026-05-07 19:36:59,812 | INFO     |   → 775/840: ✅ 45 взято | 🗑️ 473 мусор
2026-05-07 19:36:59,812 | INFO     |   → 776/840 ❌ HTTP 404 — https://raw.githubusercontent.com/xiaozhu2007/xiaozhu2007/61a755a044dbaeea678bc2d1e20f21a21c6d7170/docs/fxxk.txt
2026-05-07 19:36:59,812 | INFO     |   → 777/840: ✅ 1 взято | 🗑️ 159 мусор
2026-05-07 19:36:59,812 | INFO     |   → 778/840: ✅ 0 взято | 🗑️ 22 мусор
2026-05-07 19:36:59,812 | INFO     |   → 779/840: ✅ 0 взято | 🗑️ 0 мусор
2026-05-07 19:36:59,812 | INFO     |   → 780/840 ❌ HTTP 404 — https://raw.githubusercontent.com/yebekhe/TVC/0f745f92bf381e505f1245abbc7c145b19b11503/config.txt
2026-05-07 19:36:59,812 | INFO     |   → 781/840 ❌ HTTP 404 — https://raw.githubusercontent.com/yebekhe/TVC/9fac69239c69327fb7a61f5a8d79d107133889e1/lite/config.txt
2026-05-07 19:36:59,813 | INFO     |   → 782/840 ❌ HTTP 404 — https://raw.githubusercontent.com/yebekhe/TelegramV2rayCollector/main/sub/normal/donated
2026-05-07 19:36:59,813 | INFO     |   → 783/840 ❌ HTTP 404 — https://raw.githubusercontent.com/yebekhe/TelegramV2rayCollector/main/sub/normal/hysteria2
2026-05-07 19:36:59,813 | INFO     |   → 784/840 ❌ HTTP 404 — https://raw.githubusercontent.com/yebekhe/TelegramV2rayCollector/main/sub/normal/mix
2026-05-07 19:36:59,813 | INFO     |   → 785/840 ❌ HTTP 404 — https://raw.githubusercontent.com/yebekhe/TelegramV2rayCollector/main/sub/normal/reality
2026-05-07 19:36:59,813 | INFO     |   → 786/840 ❌ HTTP 404 — https://raw.githubusercontent.com/yebekhe/TelegramV2rayCollector/main/sub/normal/shadowsocks
2026-05-07 19:36:59,813 | INFO     |   → 787/840 ❌ HTTP 404 — https://raw.githubusercontent.com/yebekhe/TelegramV2rayCollector/main/sub/normal/trojan
2026-05-07 19:36:59,813 | INFO     |   → 788/840 ❌ HTTP 404 — https://raw.githubusercontent.com/yebekhe/TelegramV2rayCollector/main/sub/normal/tuic
2026-05-07 19:36:59,813 | INFO     |   → 789/840 ❌ HTTP 404 — https://raw.githubusercontent.com/yebekhe/TelegramV2rayCollector/main/sub/normal/vless
2026-05-07 19:36:59,813 | INFO     |   → 790/840 ❌ HTTP 404 — https://raw.githubusercontent.com/yebekhe/TelegramV2rayCollector/main/sub/normal/vmess
2026-05-07 19:36:59,813 | INFO     |   → 791/840 ❌ HTTP 404 — https://raw.githubusercontent.com/yebekhe/V2Hub/main/Split/Normal/shadowsocks
2026-05-07 19:36:59,813 | INFO     |   → 792/840 ❌ HTTP 404 — https://raw.githubusercontent.com/yebekhe/V2Hub/main/merged
2026-05-07 19:36:59,813 | INFO     |   → 793/840: ✅ 0 взято | 🗑️ 30 мусор
2026-05-07 19:36:59,813 | INFO     |   → 794/840: ✅ 1004 взято | 🗑️ 7614 мусор
2026-05-07 19:36:59,813 | INFO     |   → 795/840: ✅ 6 взято | 🗑️ 338 мусор
2026-05-07 19:36:59,813 | INFO     |   → 796/840: ✅ 7 взято | 🗑️ 274 мусор
2026-05-07 19:36:59,813 | INFO     |   → 797/840: ✅ 307 взято | 🗑️ 206 мусор
2026-05-07 19:36:59,813 | INFO     |   → 798/840: ✅ 0 взято | 🗑️ 1536 мусор
2026-05-07 19:36:59,813 | INFO     |   → 799/840: ✅ 2 взято | 🗑️ 400 мусор
2026-05-07 19:36:59,813 | INFO     |   → 800/840 ❌ HTTP 404 — https://raw.githubusercontent.com/yyyr-otz/tele-providers-collector/019cb3e07ee52fddbc7caa54fc670c6b9bae6539/sub/proxies.txt
2026-05-07 19:36:59,813 | INFO     |   → 801/840 ❌ HTTP 404 — https://raw.githubusercontent.com/yyyr-otz/tele-providers-collector/b7a74ee98bcf02c5a507d688a1bed3aa9f7f4ed1/script/raw/protocols/mixed.txt
2026-05-07 19:36:59,813 | INFO     |   → 802/840: ✅ 0 взято | 🗑️ 0 мусор
2026-05-07 19:36:59,814 | INFO     |   → 803/840: ✅ 0 взято | 🗑️ 0 мусор
2026-05-07 19:36:59,814 | INFO     |   → 804/840: ✅ 1 взято | 🗑️ 18 мусор
2026-05-07 19:36:59,814 | INFO     |   → 805/840: ✅ 0 взято | 🗑️ 22 мусор
2026-05-07 19:36:59,814 | INFO     |   → 806/840: ✅ 0 взято | 🗑️ 5 мусор
2026-05-07 19:36:59,814 | INFO     |   → 807/840: ✅ 0 взято | 🗑️ 0 мусор
2026-05-07 19:36:59,814 | INFO     |   → 808/840 ⚠️ Ошибка: ('Connection aborted.', RemoteDisconnected('Remote end closed connection without response')) — https://sub.pmsub.me/clash.yaml
2026-05-07 19:36:59,814 | INFO     |   → 809/840: ✅ 0 взято | 🗑️ 1 мусор
2026-05-07 19:36:59,814 | INFO     |   → 810/840: ✅ 8 взято | 🗑️ 21 мусор
2026-05-07 19:36:59,814 | INFO     |   → 811/840: ✅ 0 взято | 🗑️ 0 мусор
2026-05-07 19:36:59,814 | INFO     |   → 812/840: ✅ 9 взято | 🗑️ 19 мусор
2026-05-07 19:36:59,814 | INFO     |   → 813/840: ✅ 0 взято | 🗑️ 0 мусор
2026-05-07 19:36:59,814 | INFO     |   → 814/840: ✅ 2 взято | 🗑️ 14 мусор
2026-05-07 19:36:59,814 | INFO     |   → 815/840: ✅ 4 взято | 🗑️ 22 мусор
2026-05-07 19:36:59,814 | INFO     |   → 816/840: ✅ 0 взято | 🗑️ 0 мусор
2026-05-07 19:36:59,814 | INFO     |   → 817/840: ✅ 0 взято | 🗑️ 0 мусор
2026-05-07 19:36:59,814 | INFO     |   → 818/840: ✅ 0 взято | 🗑️ 0 мусор
2026-05-07 19:36:59,814 | INFO     |   → 819/840: ✅ 2 взято | 🗑️ 16 мусор
2026-05-07 19:36:59,814 | INFO     |   → 820/840: ✅ 0 взято | 🗑️ 0 мусор
2026-05-07 19:36:59,814 | INFO     |   → 821/840: ✅ 4 взято | 🗑️ 7 мусор
2026-05-07 19:36:59,814 | INFO     |   → 822/840: ✅ 0 взято | 🗑️ 0 мусор
2026-05-07 19:36:59,815 | INFO     |   → 823/840: ✅ 6 взято | 🗑️ 14 мусор
2026-05-07 19:36:59,815 | INFO     |   → 824/840: ✅ 0 взято | 🗑️ 0 мусор
2026-05-07 19:36:59,815 | INFO     |   → 825/840: ✅ 2 взято | 🗑️ 13 мусор
2026-05-07 19:36:59,815 | INFO     |   → 826/840: ✅ 0 взято | 🗑️ 0 мусор
2026-05-07 19:36:59,815 | INFO     |   → 827/840: ✅ 0 взято | 🗑️ 0 мусор
2026-05-07 19:36:59,815 | INFO     |   → 828/840: ✅ 2 взято | 🗑️ 7 мусор
2026-05-07 19:36:59,815 | INFO     |   → 829/840: ✅ 2 взято | 🗑️ 14 мусор
2026-05-07 19:36:59,815 | INFO     |   → 830/840: ✅ 2 взято | 🗑️ 14 мусор
2026-05-07 19:36:59,815 | INFO     |   → 831/840: ✅ 0 взято | 🗑️ 0 мусор
2026-05-07 19:36:59,815 | INFO     |   → 832/840: ✅ 3 взято | 🗑️ 22 мусор
2026-05-07 19:36:59,815 | INFO     |   → 833/840: ✅ 0 взято | 🗑️ 0 мусор
2026-05-07 19:36:59,815 | INFO     |   → 834/840: ✅ 2 взято | 🗑️ 15 мусор
2026-05-07 19:36:59,815 | INFO     |   → 835/840: ✅ 3 взято | 🗑️ 12 мусор
2026-05-07 19:36:59,815 | INFO     |   → 836/840: ✅ 0 взято | 🗑️ 0 мусор
2026-05-07 19:36:59,815 | INFO     |   → 837/840: ✅ 0 взято | 🗑️ 0 мусор
2026-05-07 19:36:59,815 | INFO     |   → 838/840: ✅ 0 взято | 🗑️ 0 мусор
2026-05-07 19:36:59,815 | INFO     |   → 839/840: ✅ 4 взято | 🗑️ 11 мусор
2026-05-07 19:36:59,815 | INFO     |   → 840/840: ✅ 0 взято | 🗑️ 8 мусор
2026-05-07 19:36:59,815 | INFO     |   → ✅ ГОТОВО!
2026-05-07 19:36:59,815 | INFO     |   →    📥 Всего ключей после фильтра: 16131
2026-05-07 19:36:59,815 | INFO     |   →    🔗 Уникальных IP:PORT:SCHEME: 9890
2026-05-07 19:36:59,816 | INFO     |   →    🗑️ Выброшено мусора: 265629
2026-05-07 19:36:59,816 | INFO     |   → 📊 По протоколам:
2026-05-07 19:36:59,816 | INFO     |   →    vless: 3289
2026-05-07 19:36:59,816 | INFO     |   →    vmess: 3503
2026-05-07 19:36:59,816 | INFO     |   →    trojan: 1072
2026-05-07 19:36:59,816 | INFO     |   →    ss: 1866
2026-05-07 19:36:59,816 | INFO     |   →    hysteria: 13
2026-05-07 19:36:59,816 | INFO     |   →    hysteria2: 36
2026-05-07 19:36:59,816 | INFO     |   →    hy2: 59
2026-05-07 19:36:59,816 | INFO     |   →    tuic: 52
2026-05-07 19:36:59,816 | INFO     | ✅ mirror.py завершён успешно
2026-05-07 19:36:59,816 | INFO     | 
2026-05-07 19:36:59,816 | INFO     | 
2026-05-07 19:36:59,816 | INFO     | ──────────────────────────────────────────────────────────────────────
2026-05-07 19:36:59,816 | INFO     | 📌 ЭТАП: Фильтрация по реальному SNI
2026-05-07 19:36:59,816 | INFO     | ──────────────────────────────────────────────────────────────────────
2026-05-07 19:36:59,816 | INFO     | 🚀 Запуск filter_ru_sni.py (Фильтр по реальному SNI (CDN+RU))...
2026-05-07 19:37:00,053 | INFO     |   → hy2.txt: 59 → 19 (SNI-filtered)
2026-05-07 19:37:00,053 | INFO     |   →   hysteria.txt: 13 → 0 (SNI-filtered)
2026-05-07 19:37:00,053 | INFO     |   →   hysteria2.txt: 36 → 13 (SNI-filtered)
2026-05-07 19:37:00,053 | INFO     |   →   ss.txt: 1866 → 0 (SNI-filtered)
2026-05-07 19:37:00,053 | INFO     |   →   trojan.txt: 1072 → 4 (SNI-filtered)
2026-05-07 19:37:00,053 | INFO     |   →   tuic.txt: 52 → 0 (SNI-filtered)
2026-05-07 19:37:00,053 | INFO     |   →   vless.txt: 3289 → 364 (SNI-filtered)
2026-05-07 19:37:00,053 | INFO     |   →   vmess.txt: 3503 → 39 (SNI-filtered)
2026-05-07 19:37:00,053 | INFO     |   → ==================================================
2026-05-07 19:37:00,053 | INFO     |   →   Всего входных:  9890
2026-05-07 19:37:00,054 | INFO     |   →   Прошли фильтр:  439
2026-05-07 19:37:00,054 | INFO     |   →   Отброшено:      9451
2026-05-07 19:37:00,054 | INFO     |   → ==================================================
2026-05-07 19:37:00,054 | INFO     |   → Готово → /home/runner/work/vpn-vless-configs-russia/vpn-vless-configs-russia/githubmirror/ru-sni
2026-05-07 19:37:00,054 | INFO     | ✅ filter_ru_sni.py завершён успешно
2026-05-07 19:37:00,054 | INFO     | 
2026-05-07 19:37:00,054 | INFO     | 
2026-05-07 19:37:00,054 | INFO     | ──────────────────────────────────────────────────────────────────────
2026-05-07 19:37:00,054 | INFO     | 📌 ЭТАП: Экспериментальный RU-SNI фильтр
2026-05-07 19:37:00,054 | INFO     | ──────────────────────────────────────────────────────────────────────
2026-05-07 19:37:00,054 | INFO     | 🚀 Запуск filter_ru_sni_local.py (Экспериментальный фильтр по RU-SNI (локальные домены))...
2026-05-07 19:37:00,212 | INFO     |   → hy2.txt: 59 → 0 (RU-SNI)
2026-05-07 19:37:00,212 | INFO     |   → hysteria.txt: 13 → 0 (RU-SNI)
2026-05-07 19:37:00,213 | INFO     |   → hysteria2.txt: 36 → 0 (RU-SNI)
2026-05-07 19:37:00,213 | INFO     |   → ss.txt: 1866 → 0 (RU-SNI)
2026-05-07 19:37:00,213 | INFO     |   → trojan.txt: 1072 → 0 (RU-SNI)
2026-05-07 19:37:00,213 | INFO     |   → tuic.txt: 52 → 0 (RU-SNI)
2026-05-07 19:37:00,213 | INFO     |   → vless.txt: 3289 → 87 (RU-SNI)
2026-05-07 19:37:00,213 | INFO     |   → vmess.txt: 3503 → 0 (RU-SNI)
2026-05-07 19:37:00,213 | INFO     |   → ==================================================
2026-05-07 19:37:00,213 | INFO     |   → Всего входных:  9890
2026-05-07 19:37:00,213 | INFO     |   → Прошли RU-SNI:  87
2026-05-07 19:37:00,213 | INFO     |   → Отброшено:      9803
2026-05-07 19:37:00,213 | INFO     |   → ==================================================
2026-05-07 19:37:00,213 | INFO     |   → Готово → /home/runner/work/vpn-vless-configs-russia/vpn-vless-configs-russia/githubmirror/ru-sni-local
2026-05-07 19:37:00,213 | INFO     | ✅ filter_ru_sni_local.py завершён успешно
2026-05-07 19:37:00,213 | INFO     | 
2026-05-07 19:37:00,213 | INFO     | 
2026-05-07 19:37:00,213 | INFO     | ──────────────────────────────────────────────────────────────────────
2026-05-07 19:37:00,213 | INFO     | 📌 ЭТАП: Сбор статистики
2026-05-07 19:37:00,213 | INFO     | ──────────────────────────────────────────────────────────────────────
2026-05-07 19:37:00,213 | INFO     | 📊 Сбор статистики...
2026-05-07 19:37:00,213 | INFO     |   📁 githubmirror/clean:
2026-05-07 19:37:00,214 | INFO     |     • hy2         :    59 конфигов
2026-05-07 19:37:00,214 | INFO     |     • hysteria    :    13 конфигов
2026-05-07 19:37:00,214 | INFO     |     • hysteria2   :    36 конфигов
2026-05-07 19:37:00,215 | INFO     |     • ss          :  1866 конфигов
2026-05-07 19:37:00,216 | INFO     |     • trojan      :  1072 конфигов
2026-05-07 19:37:00,216 | INFO     |     • tuic        :    52 конфигов
2026-05-07 19:37:00,220 | INFO     |     • vless       :  3289 конфигов
2026-05-07 19:37:00,222 | INFO     |     • vmess       :  3503 конфигов
2026-05-07 19:37:00,222 | INFO     |   📁 githubmirror/ru-sni:
2026-05-07 19:37:00,222 | INFO     |     • hy2         :    19 конфигов ( 32.2% от clean)
2026-05-07 19:37:00,223 | INFO     |     • hysteria    :     0 конфигов (  0.0% от clean)
2026-05-07 19:37:00,223 | INFO     |     • hysteria2   :    13 конфигов ( 36.1% от clean)
2026-05-07 19:37:00,223 | INFO     |     • ss          :     0 конфигов (  0.0% от clean)
2026-05-07 19:37:00,223 | INFO     |     • trojan      :     4 конфигов (  0.4% от clean)
2026-05-07 19:37:00,223 | INFO     |     • tuic        :     0 конфигов (  0.0% от clean)
2026-05-07 19:37:00,223 | INFO     |     • vless       :   364 конфигов ( 11.1% от clean)
2026-05-07 19:37:00,224 | INFO     |     • vmess       :    39 конфигов (  1.1% от clean)
2026-05-07 19:37:00,224 | INFO     | 
2026-05-07 19:37:00,224 | INFO     |   ──────────────────────────────────────────────────
2026-05-07 19:37:00,224 | INFO     |   📈 ИТОГО:
2026-05-07 19:37:00,224 | INFO     |     Clean (после geo-фильтра):     9890
2026-05-07 19:37:00,224 | INFO     |     RU-SNI (после SNI-фильтра):     439
2026-05-07 19:37:00,224 | INFO     |     Прошло фильтр:                  4.4%
2026-05-07 19:37:00,224 | INFO     |   ──────────────────────────────────────────────────
2026-05-07 19:37:00,224 | INFO     | ✅ Статистика сохранена: /home/runner/work/vpn-vless-configs-russia/vpn-vless-configs-russia/stats.json
2026-05-07 19:37:00,224 | INFO     | 
2026-05-07 19:37:00,224 | INFO     | ======================================================================
2026-05-07 19:37:00,224 | INFO     | 📊 ИТОГОВЫЙ ОТЧЁТ
2026-05-07 19:37:00,224 | INFO     | ======================================================================
2026-05-07 19:37:00,224 | INFO     |   ✅ OK         | Загрузка и geo-фильтрация
2026-05-07 19:37:00,224 | INFO     |   ✅ OK         | Фильтрация по реальному SNI
2026-05-07 19:37:00,224 | INFO     |   ✅ OK         | Экспериментальный RU-SNI фильтр
2026-05-07 19:37:00,225 | INFO     |   ✅ OK         | Сбор статистики
2026-05-07 19:37:00,225 | INFO     | ──────────────────────────────────────────────────────────────────────
2026-05-07 19:37:00,225 | INFO     | ✅ ВСЕ ЭТАПЫ УСПЕШНЫ (4/4)
2026-05-07 19:37:00,225 | INFO     | ⏰ Время завершения: 2026-05-07 19:37:00
2026-05-07 19:37:00,225 | INFO     | ======================================================================
