2026-05-18 15:02:47,430 | INFO     | ======================================================================
2026-05-18 15:02:47,430 | INFO     | 🔍 VPN KEY CHECKER - Начало проверки
2026-05-18 15:02:47,430 | INFO     | ⏰ Время старта: 2026-05-18 15:02:47
2026-05-18 15:02:47,430 | INFO     | 📂 Рабочая директория: /home/runner/work/vpn-vless-configs-russia/vpn-vless-configs-russia
2026-05-18 15:02:47,430 | INFO     | ======================================================================
2026-05-18 15:02:47,431 | INFO     | 
2026-05-18 15:02:47,431 | INFO     | 🔍 Проверка наличия скриптов...
2026-05-18 15:02:47,431 | INFO     |   ✅ mirror.py
2026-05-18 15:02:47,431 | INFO     |   ✅ filter_ru_sni.py
2026-05-18 15:02:47,431 | INFO     |   ✅ filter_ru_sni_local.py
2026-05-18 15:02:47,431 | INFO     | 
2026-05-18 15:02:47,431 | INFO     | 
2026-05-18 15:02:47,431 | INFO     | ──────────────────────────────────────────────────────────────────────
2026-05-18 15:02:47,431 | INFO     | 📌 ЭТАП: Загрузка и geo-фильтрация
2026-05-18 15:02:47,431 | INFO     | ──────────────────────────────────────────────────────────────────────
2026-05-18 15:02:47,431 | INFO     | 🚀 Запуск mirror.py (Загрузка и фильтрация по РФ/СНГ/Европа)...
2026-05-18 15:05:32,685 | INFO     |   → 🚀 Старт: всего источников (старые + новые): 909
2026-05-18 15:05:32,685 | INFO     |   → 1/909: ✅ 13 взято | 🗑️ 242 мусор
2026-05-18 15:05:32,685 | INFO     |   → 2/909: ✅ 0 взято | 🗑️ 0 мусор
2026-05-18 15:05:32,685 | INFO     |   → 3/909 ❌ HTTP 404 — https://bitbucket.org/huwo1/proxy_nodes/raw/f31ca9ec67b84071515729ff45b011b6b09c10f2/clash.yaml
2026-05-18 15:05:32,685 | INFO     |   → 4/909 ❌ HTTP 404 — https://cdn.jsdelivr.net/gh/cry0ice/genode@main/public/all.txt
2026-05-18 15:05:32,685 | INFO     |   → 5/909 ❌ HTTP 404 — https://cdn.jsdelivr.net/gh/cry0ice/genode@main/public/ss.txt
2026-05-18 15:05:32,685 | INFO     |   → 6/909 ❌ HTTP 404 — https://cdn.jsdelivr.net/gh/cry0ice/genode@main/public/ssr.txt
2026-05-18 15:05:32,685 | INFO     |   → 7/909 ❌ HTTP 404 — https://cdn.jsdelivr.net/gh/cry0ice/genode@main/public/trojan.txt
2026-05-18 15:05:32,685 | INFO     |   → 8/909 ❌ HTTP 404 — https://cdn.jsdelivr.net/gh/cry0ice/genode@main/public/vless.txt
2026-05-18 15:05:32,686 | INFO     |   → 9/909 ❌ HTTP 404 — https://cdn.jsdelivr.net/gh/cry0ice/genode@main/public/vmess.txt
2026-05-18 15:05:32,686 | INFO     |   → 10/909: ✅ 0 взято | 🗑️ 0 мусор
2026-05-18 15:05:32,686 | INFO     |   → 11/909: ✅ 0 взято | 🗑️ 0 мусор
2026-05-18 15:05:32,686 | INFO     |   → 12/909: ✅ 0 взято | 🗑️ 0 мусор
2026-05-18 15:05:32,686 | INFO     |   → 13/909: ✅ 0 взято | 🗑️ 0 мусор
2026-05-18 15:05:32,686 | INFO     |   → 14/909: ✅ 0 взято | 🗑️ 0 мусор
2026-05-18 15:05:32,686 | INFO     |   → 15/909: ✅ 0 взято | 🗑️ 0 мусор
2026-05-18 15:05:32,686 | INFO     |   → 16/909: ✅ 0 взято | 🗑️ 0 мусор
2026-05-18 15:05:32,686 | INFO     |   → 17/909: ✅ 0 взято | 🗑️ 0 мусор
2026-05-18 15:05:32,686 | INFO     |   → 18/909: ✅ 0 взято | 🗑️ 0 мусор
2026-05-18 15:05:32,686 | INFO     |   → 19/909: ✅ 0 взято | 🗑️ 0 мусор
2026-05-18 15:05:32,686 | INFO     |   → 20/909: ✅ 0 взято | 🗑️ 0 мусор
2026-05-18 15:05:32,686 | INFO     |   → 21/909: ✅ 0 взято | 🗑️ 0 мусор
2026-05-18 15:05:32,686 | INFO     |   → 22/909: ✅ 0 взято | 🗑️ 0 мусор
2026-05-18 15:05:32,686 | INFO     |   → 23/909: ✅ 0 взято | 🗑️ 0 мусор
2026-05-18 15:05:32,686 | INFO     |   → 24/909: ✅ 0 взято | 🗑️ 0 мусор
2026-05-18 15:05:32,686 | INFO     |   → 25/909: ✅ 0 взято | 🗑️ 0 мусор
2026-05-18 15:05:32,686 | INFO     |   → 26/909: ✅ 0 взято | 🗑️ 0 мусор
2026-05-18 15:05:32,686 | INFO     |   → 27/909: ✅ 0 взято | 🗑️ 0 мусор
2026-05-18 15:05:32,686 | INFO     |   → 28/909: ✅ 0 взято | 🗑️ 0 мусор
2026-05-18 15:05:32,686 | INFO     |   → 29/909: ✅ 0 взято | 🗑️ 0 мусор
2026-05-18 15:05:32,686 | INFO     |   → 30/909: ✅ 0 взято | 🗑️ 0 мусор
2026-05-18 15:05:32,686 | INFO     |   → 31/909: ✅ 0 взято | 🗑️ 0 мусор
2026-05-18 15:05:32,686 | INFO     |   → 32/909: ✅ 0 взято | 🗑️ 0 мусор
2026-05-18 15:05:32,686 | INFO     |   → 33/909: ✅ 0 взято | 🗑️ 0 мусор
2026-05-18 15:05:32,687 | INFO     |   → 34/909: ✅ 0 взято | 🗑️ 0 мусор
2026-05-18 15:05:32,687 | INFO     |   → 35/909: ✅ 0 взято | 🗑️ 0 мусор
2026-05-18 15:05:32,687 | INFO     |   → 36/909: ✅ 0 взято | 🗑️ 0 мусор
2026-05-18 15:05:32,687 | INFO     |   → 37/909: ✅ 0 взято | 🗑️ 0 мусор
2026-05-18 15:05:32,687 | INFO     |   → 38/909: ✅ 0 взято | 🗑️ 0 мусор
2026-05-18 15:05:32,687 | INFO     |   → 39/909: ✅ 0 взято | 🗑️ 0 мусор
2026-05-18 15:05:32,687 | INFO     |   → 40/909: ✅ 0 взято | 🗑️ 0 мусор
2026-05-18 15:05:32,687 | INFO     |   → 41/909: ✅ 0 взято | 🗑️ 0 мусор
2026-05-18 15:05:32,687 | INFO     |   → 42/909: ✅ 0 взято | 🗑️ 0 мусор
2026-05-18 15:05:32,687 | INFO     |   → 43/909: ✅ 0 взято | 🗑️ 0 мусор
2026-05-18 15:05:32,687 | INFO     |   → 44/909: ✅ 0 взято | 🗑️ 0 мусор
2026-05-18 15:05:32,687 | INFO     |   → 45/909: ✅ 0 взято | 🗑️ 0 мусор
2026-05-18 15:05:32,687 | INFO     |   → 46/909: ✅ 0 взято | 🗑️ 0 мусор
2026-05-18 15:05:32,687 | INFO     |   → 47/909: ✅ 0 взято | 🗑️ 0 мусор
2026-05-18 15:05:32,687 | INFO     |   → 48/909: ✅ 0 взято | 🗑️ 0 мусор
2026-05-18 15:05:32,687 | INFO     |   → 49/909: ✅ 0 взято | 🗑️ 0 мусор
2026-05-18 15:05:32,687 | INFO     |   → 50/909: ✅ 0 взято | 🗑️ 0 мусор
2026-05-18 15:05:32,687 | INFO     |   → 51/909: ✅ 0 взято | 🗑️ 0 мусор
2026-05-18 15:05:32,687 | INFO     |   → 52/909: ✅ 0 взято | 🗑️ 0 мусор
2026-05-18 15:05:32,687 | INFO     |   → 53/909: ✅ 0 взято | 🗑️ 0 мусор
2026-05-18 15:05:32,687 | INFO     |   → 54/909: ✅ 0 взято | 🗑️ 0 мусор
2026-05-18 15:05:32,687 | INFO     |   → 55/909: ✅ 0 взято | 🗑️ 0 мусор
2026-05-18 15:05:32,687 | INFO     |   → 56/909: ✅ 0 взято | 🗑️ 0 мусор
2026-05-18 15:05:32,687 | INFO     |   → 57/909: ✅ 0 взято | 🗑️ 0 мусор
2026-05-18 15:05:32,687 | INFO     |   → 58/909: ✅ 0 взято | 🗑️ 0 мусор
2026-05-18 15:05:32,688 | INFO     |   → 59/909: ✅ 0 взято | 🗑️ 0 мусор
2026-05-18 15:05:32,688 | INFO     |   → 60/909: ✅ 0 взято | 🗑️ 0 мусор
2026-05-18 15:05:32,688 | INFO     |   → 61/909: ✅ 0 взято | 🗑️ 0 мусор
2026-05-18 15:05:32,688 | INFO     |   → 62/909: ✅ 0 взято | 🗑️ 0 мусор
2026-05-18 15:05:32,688 | INFO     |   → 63/909: ✅ 0 взято | 🗑️ 0 мусор
2026-05-18 15:05:32,688 | INFO     |   → 64/909: ✅ 0 взято | 🗑️ 0 мусор
2026-05-18 15:05:32,688 | INFO     |   → 65/909: ✅ 0 взято | 🗑️ 0 мусор
2026-05-18 15:05:32,688 | INFO     |   → 66/909: ✅ 0 взято | 🗑️ 0 мусор
2026-05-18 15:05:32,688 | INFO     |   → 67/909: ✅ 0 взято | 🗑️ 0 мусор
2026-05-18 15:05:32,688 | INFO     |   → 68/909: ✅ 0 взято | 🗑️ 0 мусор
2026-05-18 15:05:32,688 | INFO     |   → 69/909: ✅ 0 взято | 🗑️ 0 мусор
2026-05-18 15:05:32,688 | INFO     |   → 70/909: ✅ 0 взято | 🗑️ 0 мусор
2026-05-18 15:05:32,688 | INFO     |   → 71/909: ✅ 0 взято | 🗑️ 0 мусор
2026-05-18 15:05:32,688 | INFO     |   → 72/909: ✅ 0 взято | 🗑️ 0 мусор
2026-05-18 15:05:32,688 | INFO     |   → 73/909: ✅ 0 взято | 🗑️ 0 мусор
2026-05-18 15:05:32,688 | INFO     |   → 74/909: ✅ 0 взято | 🗑️ 0 мусор
2026-05-18 15:05:32,688 | INFO     |   → 75/909: ✅ 0 взято | 🗑️ 0 мусор
2026-05-18 15:05:32,688 | INFO     |   → 76/909: ✅ 0 взято | 🗑️ 0 мусор
2026-05-18 15:05:32,688 | INFO     |   → 77/909: ✅ 0 взято | 🗑️ 0 мусор
2026-05-18 15:05:32,688 | INFO     |   → 78/909: ✅ 0 взято | 🗑️ 0 мусор
2026-05-18 15:05:32,688 | INFO     |   → 79/909: ✅ 0 взято | 🗑️ 0 мусор
2026-05-18 15:05:32,688 | INFO     |   → 80/909: ✅ 0 взято | 🗑️ 0 мусор
2026-05-18 15:05:32,688 | INFO     |   → 81/909: ✅ 0 взято | 🗑️ 0 мусор
2026-05-18 15:05:32,688 | INFO     |   → 82/909: ✅ 0 взято | 🗑️ 0 мусор
2026-05-18 15:05:32,688 | INFO     |   → 83/909: ✅ 0 взято | 🗑️ 0 мусор
2026-05-18 15:05:32,688 | INFO     |   → 84/909: ✅ 0 взято | 🗑️ 0 мусор
2026-05-18 15:05:32,688 | INFO     |   → 85/909: ✅ 0 взято | 🗑️ 0 мусор
2026-05-18 15:05:32,689 | INFO     |   → 86/909: ✅ 0 взято | 🗑️ 0 мусор
2026-05-18 15:05:32,689 | INFO     |   → 87/909: ✅ 0 взято | 🗑️ 0 мусор
2026-05-18 15:05:32,689 | INFO     |   → 88/909: ✅ 0 взято | 🗑️ 0 мусор
2026-05-18 15:05:32,689 | INFO     |   → 89/909: ✅ 0 взято | 🗑️ 0 мусор
2026-05-18 15:05:32,689 | INFO     |   → 90/909 ❌ HTTP 404 — https://freessrnode.github.io/uploads/2024/08/0-20240822.txt
2026-05-18 15:05:32,689 | INFO     |   → 91/909 ❌ HTTP 404 — https://freessrnode.github.io/uploads/2024/08/1-20240822.txt
2026-05-18 15:05:32,689 | INFO     |   → 92/909 ❌ HTTP 404 — https://freessrnode.github.io/uploads/2024/08/2-20240822.txt
2026-05-18 15:05:32,689 | INFO     |   → 93/909 ❌ HTTP 404 — https://freessrnode.github.io/uploads/2024/08/3-20240822.txt
2026-05-18 15:05:32,689 | INFO     |   → 94/909 ❌ HTTP 404 — https://freessrnode.github.io/uploads/2024/08/4-20240822.txt
2026-05-18 15:05:32,689 | INFO     |   → 95/909 ⚠️ Ошибка: HTTPSConnectionPool(host='freevpnspy.githubrowcontent.com', port=443): Max retries exceeded with url: /2024/08/20240802_novless.yaml (Caused by NameResolutionError("HTTPSConnection(host='freevpnspy.githubrowcontent.com', port=443): Failed to resolve 'freevpnspy.githubrowcontent.com' ([Errno -2] Name or service not known)")) — https://freevpnspy.githubrowcontent.com/2024/08/20240802_novless.yaml
2026-05-18 15:05:32,689 | INFO     |   → 96/909 ⚠️ Ошибка: HTTPSConnectionPool(host='freevpnspy.githubrowcontent.com', port=443): Max retries exceeded with url: /2024/08/20240802_vless.yaml (Caused by NameResolutionError("HTTPSConnection(host='freevpnspy.githubrowcontent.com', port=443): Failed to resolve 'freevpnspy.githubrowcontent.com' ([Errno -2] Name or service not known)")) — https://freevpnspy.githubrowcontent.com/2024/08/20240802_vless.yaml
2026-05-18 15:05:32,689 | INFO     |   → 97/909: ✅ 20 взято | 🗑️ 218 мусор
2026-05-18 15:05:32,689 | INFO     |   → 98/909: ✅ 0 взято | 🗑️ 0 мусор
2026-05-18 15:05:32,689 | INFO     |   → 99/909 ❌ HTTP 404 — https://github.com/Epodonios/bulk-xray-v2ray-vless-vmess-...-configs/raw/main/sub/Albania/config.txt
2026-05-18 15:05:32,689 | INFO     |   → 100/909 ❌ HTTP 404 — https://github.com/Epodonios/bulk-xray-v2ray-vless-vmess-...-configs/raw/main/sub/Cura%C3%A7ao/config.txt
2026-05-18 15:05:32,689 | INFO     |   → 101/909 ❌ HTTP 404 — https://github.com/Epodonios/bulk-xray-v2ray-vless-vmess-...-configs/raw/main/sub/Finland/config.txt
2026-05-18 15:05:32,689 | INFO     |   → 102/909 ❌ HTTP 404 — https://github.com/Epodonios/bulk-xray-v2ray-vless-vmess-...-configs/raw/main/sub/Iran/config.txt
2026-05-18 15:05:32,689 | INFO     |   → 103/909 ❌ HTTP 404 — https://github.com/Epodonios/bulk-xray-v2ray-vless-vmess-...-configs/raw/main/sub/Netherlands/config.txt
2026-05-18 15:05:32,689 | INFO     |   → 104/909 ❌ HTTP 404 — https://github.com/Epodonios/bulk-xray-v2ray-vless-vmess-...-configs/raw/main/sub/Norway/config.txt
2026-05-18 15:05:32,689 | INFO     |   → 105/909 ❌ HTTP 404 — https://github.com/Epodonios/bulk-xray-v2ray-vless-vmess-...-configs/raw/main/sub/Russia/config.txt
2026-05-18 15:05:32,689 | INFO     |   → 106/909: ✅ 13 взято | 🗑️ 70 мусор
2026-05-18 15:05:32,689 | INFO     |   → 107/909: ✅ 0 взято | 🗑️ 4 мусор
2026-05-18 15:05:32,689 | INFO     |   → 108/909: ✅ 0 взято | 🗑️ 7 мусор
2026-05-18 15:05:32,689 | INFO     |   → 109/909: ✅ 0 взято | 🗑️ 51 мусор
2026-05-18 15:05:32,689 | INFO     |   → 110/909: ✅ 0 взято | 🗑️ 8 мусор
2026-05-18 15:05:32,689 | INFO     |   → 111/909: ✅ 0 взято | 🗑️ 0 мусор
2026-05-18 15:05:32,690 | INFO     |   → 112/909: ✅ 17 взято | 🗑️ 119 мусор
2026-05-18 15:05:32,690 | INFO     |   → 113/909 ❌ HTTP 404 — https://github.com/MrMohebi/xray-proxy-grabber-telegram/raw/master/collected-proxies/clash-meta/all.yaml
2026-05-18 15:05:32,690 | INFO     |   → 114/909 ❌ HTTP 404 — https://github.com/MrMohebi/xray-proxy-grabber-telegram/raw/master/collected-proxies/row-url/all.txt
2026-05-18 15:05:32,690 | INFO     |   → 115/909: ✅ 0 взято | 🗑️ 0 мусор
2026-05-18 15:05:32,690 | INFO     |   → 116/909: ✅ 0 взято | 🗑️ 113 мусор
2026-05-18 15:05:32,690 | INFO     |   → 117/909: ✅ 0 взято | 🗑️ 119 мусор
2026-05-18 15:05:32,690 | INFO     |   → 118/909 ❌ HTTP 404 — https://github.com/abbasdvd3/abbasdvd10/73ec60de7a6c6aa6df4c14b511c1da60686891ca/ppo.txt
2026-05-18 15:05:32,690 | INFO     |   → 119/909 ❌ HTTP 404 — https://github.com/acymz/AutoVPN/refs/heads/main/data/V2.txt
2026-05-18 15:05:32,690 | INFO     |   → 120/909: ✅ 0 взято | 🗑️ 0 мусор
2026-05-18 15:05:32,690 | INFO     |   → 121/909: ✅ 0 взято | 🗑️ 0 мусор
2026-05-18 15:05:32,690 | INFO     |   → 122/909: ✅ 0 взято | 🗑️ 0 мусор
2026-05-18 15:05:32,690 | INFO     |   → 123/909: ✅ 0 взято | 🗑️ 0 мусор
2026-05-18 15:05:32,690 | INFO     |   → 124/909: ✅ 0 взято | 🗑️ 0 мусор
2026-05-18 15:05:32,690 | INFO     |   → 125/909: ✅ 0 взято | 🗑️ 0 мусор
2026-05-18 15:05:32,690 | INFO     |   → 126/909: ✅ 0 взято | 🗑️ 0 мусор
2026-05-18 15:05:32,690 | INFO     |   → 127/909 ❌ HTTP 404 — https://github.com/mermeroo/V2RAY-FREE/raw/main/All_Configs_base64_Sub.txt
2026-05-18 15:05:32,690 | INFO     |   → 128/909 ❌ HTTP 404 — https://github.com/mermeroo/V2RAY-FREE/raw/main/Base64/Sub1_base64.txt
2026-05-18 15:05:32,690 | INFO     |   → 129/909 ❌ HTTP 404 — https://github.com/mermeroo/V2RAY-FREE/raw/main/Base64/Sub2_base64.txt
2026-05-18 15:05:32,690 | INFO     |   → 130/909 ❌ HTTP 404 — https://github.com/mermeroo/V2RAY-FREE/raw/main/Base64/Sub3_base64.txt
2026-05-18 15:05:32,690 | INFO     |   → 131/909 ❌ HTTP 404 — https://github.com/mermeroo/V2RAY-FREE/raw/main/Base64/Sub4_base64.txt
2026-05-18 15:05:32,690 | INFO     |   → 132/909 ❌ HTTP 404 — https://github.com/mermeroo/V2RAY-FREE/raw/main/Base64/Sub5_base64.txt
2026-05-18 15:05:32,690 | INFO     |   → 133/909 ❌ HTTP 404 — https://github.com/mermeroo/telegram-configs-collector/raw/main/protocols/hysteria
2026-05-18 15:05:32,690 | INFO     |   → 134/909 ❌ HTTP 404 — https://github.com/mermeroo/telegram-configs-collector/raw/main/protocols/juicity
2026-05-18 15:05:32,690 | INFO     |   → 135/909 ❌ HTTP 404 — https://github.com/mermeroo/telegram-configs-collector/raw/main/protocols/tuic
2026-05-18 15:05:32,690 | INFO     |   → 136/909: ✅ 5 взято | 🗑️ 16 мусор
2026-05-18 15:05:32,690 | INFO     |   → 137/909: ✅ 0 взято | 🗑️ 0 мусор
2026-05-18 15:05:32,690 | INFO     |   → 138/909: ✅ 0 взято | 🗑️ 0 мусор
2026-05-18 15:05:32,691 | INFO     |   → 139/909: ✅ 0 взято | 🗑️ 0 мусор
2026-05-18 15:05:32,691 | INFO     |   → 140/909: ✅ 3 взято | 🗑️ 238 мусор
2026-05-18 15:05:32,691 | INFO     |   → 141/909: ✅ 0 взято | 🗑️ 0 мусор
2026-05-18 15:05:32,691 | INFO     |   → 142/909: ✅ 3 взято | 🗑️ 239 мусор
2026-05-18 15:05:32,691 | INFO     |   → 143/909: ✅ 0 взято | 🗑️ 0 мусор
2026-05-18 15:05:32,691 | INFO     |   → 144/909: ✅ 0 взято | 🗑️ 255 мусор
2026-05-18 15:05:32,691 | INFO     |   → 145/909: ✅ 0 взято | 🗑️ 0 мусор
2026-05-18 15:05:32,691 | INFO     |   → 146/909: ✅ 1 взято | 🗑️ 249 мусор
2026-05-18 15:05:32,691 | INFO     |   → 147/909: ✅ 0 взято | 🗑️ 0 мусор
2026-05-18 15:05:32,691 | INFO     |   → 148/909: ✅ 0 взято | 🗑️ 207 мусор
2026-05-18 15:05:32,691 | INFO     |   → 149/909: ✅ 0 взято | 🗑️ 0 мусор
2026-05-18 15:05:32,691 | INFO     |   → 150/909: ✅ 0 взято | 🗑️ 228 мусор
2026-05-18 15:05:32,691 | INFO     |   → 151/909: ✅ 0 взято | 🗑️ 0 мусор
2026-05-18 15:05:32,691 | INFO     |   → 152/909: ✅ 1 взято | 🗑️ 291 мусор
2026-05-18 15:05:32,691 | INFO     |   → 153/909: ✅ 0 взято | 🗑️ 0 мусор
2026-05-18 15:05:32,691 | INFO     |   → 154/909: ✅ 3 взято | 🗑️ 221 мусор
2026-05-18 15:05:32,691 | INFO     |   → 155/909: ✅ 0 взято | 🗑️ 0 мусор
2026-05-18 15:05:32,691 | INFO     |   → 156/909: ✅ 1 взято | 🗑️ 222 мусор
2026-05-18 15:05:32,691 | INFO     |   → 157/909: ✅ 0 взято | 🗑️ 0 мусор
2026-05-18 15:05:32,691 | INFO     |   → 158/909: ✅ 1 взято | 🗑️ 218 мусор
2026-05-18 15:05:32,691 | INFO     |   → 159/909: ✅ 0 взято | 🗑️ 0 мусор
2026-05-18 15:05:32,691 | INFO     |   → 160/909: ✅ 0 взято | 🗑️ 193 мусор
2026-05-18 15:05:32,691 | INFO     |   → 161/909: ✅ 0 взято | 🗑️ 0 мусор
2026-05-18 15:05:32,691 | INFO     |   → 162/909: ✅ 0 взято | 🗑️ 290 мусор
2026-05-18 15:05:32,691 | INFO     |   → 163/909: ✅ 0 взято | 🗑️ 0 мусор
2026-05-18 15:05:32,691 | INFO     |   → 164/909: ✅ 0 взято | 🗑️ 238 мусор
2026-05-18 15:05:32,691 | INFO     |   → 165/909: ✅ 0 взято | 🗑️ 0 мусор
2026-05-18 15:05:32,691 | INFO     |   → 166/909: ✅ 0 взято | 🗑️ 221 мусор
2026-05-18 15:05:32,692 | INFO     |   → 167/909: ✅ 0 взято | 🗑️ 0 мусор
2026-05-18 15:05:32,692 | INFO     |   → 168/909: ✅ 0 взято | 🗑️ 248 мусор
2026-05-18 15:05:32,692 | INFO     |   → 169/909: ✅ 0 взято | 🗑️ 0 мусор
2026-05-18 15:05:32,692 | INFO     |   → 170/909: ✅ 0 взято | 🗑️ 203 мусор
2026-05-18 15:05:32,692 | INFO     |   → 171/909: ✅ 0 взято | 🗑️ 0 мусор
2026-05-18 15:05:32,692 | INFO     |   → 172/909: ✅ 0 взято | 🗑️ 208 мусор
2026-05-18 15:05:32,692 | INFO     |   → 173/909: ✅ 0 взято | 🗑️ 0 мусор
2026-05-18 15:05:32,692 | INFO     |   → 174/909: ✅ 2 взято | 🗑️ 209 мусор
2026-05-18 15:05:32,692 | INFO     |   → 175/909: ✅ 0 взято | 🗑️ 0 мусор
2026-05-18 15:05:32,692 | INFO     |   → 176/909: ✅ 0 взято | 🗑️ 258 мусор
2026-05-18 15:05:32,692 | INFO     |   → 177/909: ✅ 0 взято | 🗑️ 0 мусор
2026-05-18 15:05:32,692 | INFO     |   → 178/909: ✅ 0 взято | 🗑️ 296 мусор
2026-05-18 15:05:32,692 | INFO     |   → 179/909: ✅ 0 взято | 🗑️ 0 мусор
2026-05-18 15:05:32,692 | INFO     |   → 180/909: ✅ 1 взято | 🗑️ 286 мусор
2026-05-18 15:05:32,692 | INFO     |   → 181/909: ✅ 0 взято | 🗑️ 0 мусор
2026-05-18 15:05:32,692 | INFO     |   → 182/909: ✅ 0 взято | 🗑️ 195 мусор
2026-05-18 15:05:32,692 | INFO     |   → 183/909: ✅ 0 взято | 🗑️ 0 мусор
2026-05-18 15:05:32,692 | INFO     |   → 184/909: ✅ 0 взято | 🗑️ 170 мусор
2026-05-18 15:05:32,692 | INFO     |   → 185/909: ✅ 0 взято | 🗑️ 0 мусор
2026-05-18 15:05:32,692 | INFO     |   → 186/909: ✅ 0 взято | 🗑️ 160 мусор
2026-05-18 15:05:32,692 | INFO     |   → 187/909: ✅ 0 взято | 🗑️ 0 мусор
2026-05-18 15:05:32,692 | INFO     |   → 188/909: ✅ 0 взято | 🗑️ 121 мусор
2026-05-18 15:05:32,692 | INFO     |   → 189/909: ✅ 0 взято | 🗑️ 0 мусор
2026-05-18 15:05:32,692 | INFO     |   → 190/909: ✅ 0 взято | 🗑️ 135 мусор
2026-05-18 15:05:32,692 | INFO     |   → 191/909: ✅ 0 взято | 🗑️ 0 мусор
2026-05-18 15:05:32,692 | INFO     |   → 192/909: ✅ 1 взято | 🗑️ 129 мусор
2026-05-18 15:05:32,692 | INFO     |   → 193/909: ✅ 0 взято | 🗑️ 0 мусор
2026-05-18 15:05:32,693 | INFO     |   → 194/909: ✅ 0 взято | 🗑️ 189 мусор
2026-05-18 15:05:32,693 | INFO     |   → 195/909: ✅ 0 взято | 🗑️ 0 мусор
2026-05-18 15:05:32,693 | INFO     |   → 196/909: ✅ 3 взято | 🗑️ 147 мусор
2026-05-18 15:05:32,693 | INFO     |   → 197/909: ✅ 0 взято | 🗑️ 0 мусор
2026-05-18 15:05:32,693 | INFO     |   → 198/909: ✅ 1 взято | 🗑️ 183 мусор
2026-05-18 15:05:32,693 | INFO     |   → 199/909: ✅ 0 взято | 🗑️ 0 мусор
2026-05-18 15:05:32,693 | INFO     |   → 200/909: ✅ 0 взято | 🗑️ 155 мусор
2026-05-18 15:05:32,693 | INFO     |   → 201/909: ✅ 0 взято | 🗑️ 0 мусор
2026-05-18 15:05:32,693 | INFO     |   → 202/909: ✅ 0 взято | 🗑️ 114 мусор
2026-05-18 15:05:32,693 | INFO     |   → 203/909: ✅ 0 взято | 🗑️ 0 мусор
2026-05-18 15:05:32,693 | INFO     |   → 204/909: ✅ 0 взято | 🗑️ 239 мусор
2026-05-18 15:05:32,693 | INFO     |   → 205/909: ✅ 0 взято | 🗑️ 0 мусор
2026-05-18 15:05:32,693 | INFO     |   → 206/909: ✅ 0 взято | 🗑️ 204 мусор
2026-05-18 15:05:32,693 | INFO     |   → 207/909: ✅ 0 взято | 🗑️ 0 мусор
2026-05-18 15:05:32,693 | INFO     |   → 208/909: ✅ 0 взято | 🗑️ 232 мусор
2026-05-18 15:05:32,693 | INFO     |   → 209/909: ✅ 0 взято | 🗑️ 0 мусор
2026-05-18 15:05:32,693 | INFO     |   → 210/909: ✅ 0 взято | 🗑️ 192 мусор
2026-05-18 15:05:32,693 | INFO     |   → 211/909: ✅ 0 взято | 🗑️ 0 мусор
2026-05-18 15:05:32,693 | INFO     |   → 212/909: ✅ 0 взято | 🗑️ 183 мусор
2026-05-18 15:05:32,693 | INFO     |   → 213/909: ✅ 0 взято | 🗑️ 0 мусор
2026-05-18 15:05:32,693 | INFO     |   → 214/909: ✅ 0 взято | 🗑️ 169 мусор
2026-05-18 15:05:32,693 | INFO     |   → 215/909: ✅ 0 взято | 🗑️ 0 мусор
2026-05-18 15:05:32,693 | INFO     |   → 216/909: ✅ 0 взято | 🗑️ 167 мусор
2026-05-18 15:05:32,693 | INFO     |   → 217/909: ✅ 0 взято | 🗑️ 0 мусор
2026-05-18 15:05:32,693 | INFO     |   → 218/909: ✅ 0 взято | 🗑️ 193 мусор
2026-05-18 15:05:32,693 | INFO     |   → 219/909: ✅ 0 взято | 🗑️ 0 мусор
2026-05-18 15:05:32,693 | INFO     |   → 220/909 ⚠️ Ошибка: HTTPSConnectionPool(host='ivuxy.tech', port=443): Max retries exceeded with url: /v.txt (Caused by NameResolutionError("HTTPSConnection(host='ivuxy.tech', port=443): Failed to resolve 'ivuxy.tech' ([Errno -2] Name or service not known)")) — https://ivuxy.tech/v.txt
2026-05-18 15:05:32,694 | INFO     |   → 221/909 ⚠️ Ошибка: HTTPSConnectionPool(host='mirror.ghproxy.com', port=443): Max retries exceeded with url: /https://raw.githubusercontent.com/Barabama/FreeNodes/master/nodes/blues.txt (Caused by NameResolutionError("HTTPSConnection(host='mirror.ghproxy.com', port=443): Failed to resolve 'mirror.ghproxy.com' ([Errno -2] Name or service not known)")) — https://mirror.ghproxy.com/https://raw.githubusercontent.com/Barabama/FreeNodes/master/nodes/blues.txt
2026-05-18 15:05:32,694 | INFO     |   → 222/909 ⚠️ Ошибка: HTTPSConnectionPool(host='mirror.ghproxy.com', port=443): Max retries exceeded with url: /https://raw.githubusercontent.com/Barabama/FreeNodes/master/nodes/halekj.txt (Caused by NameResolutionError("HTTPSConnection(host='mirror.ghproxy.com', port=443): Failed to resolve 'mirror.ghproxy.com' ([Errno -2] Name or service not known)")) — https://mirror.ghproxy.com/https://raw.githubusercontent.com/Barabama/FreeNodes/master/nodes/halekj.txt
2026-05-18 15:05:32,694 | INFO     |   → 223/909 ⚠️ Ошибка: HTTPSConnectionPool(host='mirror.ghproxy.com', port=443): Max retries exceeded with url: /https://raw.githubusercontent.com/Barabama/FreeNodes/master/nodes/kkzui.txt (Caused by NameResolutionError("HTTPSConnection(host='mirror.ghproxy.com', port=443): Failed to resolve 'mirror.ghproxy.com' ([Errno -2] Name or service not known)")) — https://mirror.ghproxy.com/https://raw.githubusercontent.com/Barabama/FreeNodes/master/nodes/kkzui.txt
2026-05-18 15:05:32,694 | INFO     |   → 224/909 ⚠️ Ошибка: HTTPSConnectionPool(host='mirror.ghproxy.com', port=443): Max retries exceeded with url: /https://raw.githubusercontent.com/Barabama/FreeNodes/master/nodes/merged.txt (Caused by NameResolutionError("HTTPSConnection(host='mirror.ghproxy.com', port=443): Failed to resolve 'mirror.ghproxy.com' ([Errno -2] Name or service not known)")) — https://mirror.ghproxy.com/https://raw.githubusercontent.com/Barabama/FreeNodes/master/nodes/merged.txt
2026-05-18 15:05:32,694 | INFO     |   → 225/909 ⚠️ Ошибка: HTTPSConnectionPool(host='mirror.ghproxy.com', port=443): Max retries exceeded with url: /https://raw.githubusercontent.com/Barabama/FreeNodes/master/nodes/nodefree.txt (Caused by NameResolutionError("HTTPSConnection(host='mirror.ghproxy.com', port=443): Failed to resolve 'mirror.ghproxy.com' ([Errno -2] Name or service not known)")) — https://mirror.ghproxy.com/https://raw.githubusercontent.com/Barabama/FreeNodes/master/nodes/nodefree.txt
2026-05-18 15:05:32,694 | INFO     |   → 226/909 ⚠️ Ошибка: HTTPSConnectionPool(host='mirror.ghproxy.com', port=443): Max retries exceeded with url: /https://raw.githubusercontent.com/Barabama/FreeNodes/master/nodes/openrunner.txt (Caused by NameResolutionError("HTTPSConnection(host='mirror.ghproxy.com', port=443): Failed to resolve 'mirror.ghproxy.com' ([Errno -2] Name or service not known)")) — https://mirror.ghproxy.com/https://raw.githubusercontent.com/Barabama/FreeNodes/master/nodes/openrunner.txt
2026-05-18 15:05:32,694 | INFO     |   → 227/909 ⚠️ Ошибка: HTTPSConnectionPool(host='mirror.ghproxy.com', port=443): Max retries exceeded with url: /https://raw.githubusercontent.com/Barabama/FreeNodes/master/nodes/v2rayshare.txt (Caused by NameResolutionError("HTTPSConnection(host='mirror.ghproxy.com', port=443): Failed to resolve 'mirror.ghproxy.com' ([Errno -2] Name or service not known)")) — https://mirror.ghproxy.com/https://raw.githubusercontent.com/Barabama/FreeNodes/master/nodes/v2rayshare.txt
2026-05-18 15:05:32,694 | INFO     |   → 228/909 ⚠️ Ошибка: HTTPSConnectionPool(host='mirror.ghproxy.com', port=443): Max retries exceeded with url: /https://raw.githubusercontent.com/Barabama/FreeNodes/master/nodes/wenode.txt (Caused by NameResolutionError("HTTPSConnection(host='mirror.ghproxy.com', port=443): Failed to resolve 'mirror.ghproxy.com' ([Errno -2] Name or service not known)")) — https://mirror.ghproxy.com/https://raw.githubusercontent.com/Barabama/FreeNodes/master/nodes/wenode.txt
2026-05-18 15:05:32,694 | INFO     |   → 229/909 ⚠️ Ошибка: HTTPSConnectionPool(host='mirror.ghproxy.com', port=443): Max retries exceeded with url: /https://raw.githubusercontent.com/Barabama/FreeNodes/master/nodes/yudou66.txt (Caused by NameResolutionError("HTTPSConnection(host='mirror.ghproxy.com', port=443): Failed to resolve 'mirror.ghproxy.com' ([Errno -2] Name or service not known)")) — https://mirror.ghproxy.com/https://raw.githubusercontent.com/Barabama/FreeNodes/master/nodes/yudou66.txt
2026-05-18 15:05:32,694 | INFO     |   → 230/909: ✅ 7 взято | 🗑️ 17 мусор
2026-05-18 15:05:32,694 | INFO     |   → 231/909: ✅ 0 взято | 🗑️ 17 мусор
2026-05-18 15:05:32,694 | INFO     |   → 232/909: ✅ 14 взято | 🗑️ 14 мусор
2026-05-18 15:05:32,694 | INFO     |   → 233/909: ✅ 0 взято | 🗑️ 14 мусор
2026-05-18 15:05:32,694 | INFO     |   → 234/909: ✅ 0 взято | 🗑️ 14 мусор
2026-05-18 15:05:32,694 | INFO     |   → 235/909: ✅ 0 взято | 🗑️ 14 мусор
2026-05-18 15:05:32,694 | INFO     |   → 236/909: ✅ 0 взято | 🗑️ 14 мусор
2026-05-18 15:05:32,694 | INFO     |   → 237/909: ✅ 0 взято | 🗑️ 14 мусор
2026-05-18 15:05:32,694 | INFO     |   → 238/909: ✅ 0 взято | 🗑️ 14 мусор
2026-05-18 15:05:32,694 | INFO     |   → 239/909: ✅ 0 взято | 🗑️ 14 мусор
2026-05-18 15:05:32,694 | INFO     |   → 240/909: ✅ 0 взято | 🗑️ 14 мусор
2026-05-18 15:05:32,694 | INFO     |   → 241/909: ✅ 7 взято | 🗑️ 21 мусор
2026-05-18 15:05:32,694 | INFO     |   → 242/909: ✅ 0 взято | 🗑️ 21 мусор
2026-05-18 15:05:32,694 | INFO     |   → 243/909: ✅ 0 взято | 🗑️ 21 мусор
2026-05-18 15:05:32,694 | INFO     |   → 244/909: ✅ 0 взято | 🗑️ 21 мусор
2026-05-18 15:05:32,694 | INFO     |   → 245/909: ✅ 0 взято | 🗑️ 21 мусор
2026-05-18 15:05:32,694 | INFO     |   → 246/909: ✅ 0 взято | 🗑️ 21 мусор
2026-05-18 15:05:32,694 | INFO     |   → 247/909: ✅ 0 взято | 🗑️ 21 мусор
2026-05-18 15:05:32,695 | INFO     |   → 248/909: ✅ 0 взято | 🗑️ 21 мусор
2026-05-18 15:05:32,695 | INFO     |   → 249/909: ✅ 0 взято | 🗑️ 21 мусор
2026-05-18 15:05:32,695 | INFO     |   → 250/909: ✅ 0 взято | 🗑️ 21 мусор
2026-05-18 15:05:32,695 | INFO     |   → 251/909: ✅ 0 взято | 🗑️ 21 мусор
2026-05-18 15:05:32,695 | INFO     |   → 252/909: ✅ 5 взято | 🗑️ 15 мусор
2026-05-18 15:05:32,695 | INFO     |   → 253/909: ✅ 0 взято | 🗑️ 15 мусор
2026-05-18 15:05:32,695 | INFO     |   → 254/909: ✅ 0 взято | 🗑️ 15 мусор
2026-05-18 15:05:32,695 | INFO     |   → 255/909: ✅ 0 взято | 🗑️ 15 мусор
2026-05-18 15:05:32,695 | INFO     |   → 256/909: ✅ 0 взято | 🗑️ 15 мусор
2026-05-18 15:05:32,695 | INFO     |   → 257/909: ✅ 0 взято | 🗑️ 15 мусор
2026-05-18 15:05:32,695 | INFO     |   → 258/909: ✅ 0 взято | 🗑️ 15 мусор
2026-05-18 15:05:32,695 | INFO     |   → 259/909: ✅ 0 взято | 🗑️ 15 мусор
2026-05-18 15:05:32,695 | INFO     |   → 260/909: ✅ 0 взято | 🗑️ 15 мусор
2026-05-18 15:05:32,695 | INFO     |   → 261/909: ✅ 0 взято | 🗑️ 14 мусор
2026-05-18 15:05:32,695 | INFO     |   → 262/909: ✅ 0 взято | 🗑️ 14 мусор
2026-05-18 15:05:32,695 | INFO     |   → 263/909: ✅ 0 взято | 🗑️ 14 мусор
2026-05-18 15:05:32,695 | INFO     |   → 264/909: ✅ 0 взято | 🗑️ 14 мусор
2026-05-18 15:05:32,695 | INFO     |   → 265/909: ✅ 6 взято | 🗑️ 17 мусор
2026-05-18 15:05:32,695 | INFO     |   → 266/909: ✅ 0 взято | 🗑️ 17 мусор
2026-05-18 15:05:32,695 | INFO     |   → 267/909: ✅ 0 взято | 🗑️ 17 мусор
2026-05-18 15:05:32,695 | INFO     |   → 268/909: ✅ 0 взято | 🗑️ 17 мусор
2026-05-18 15:05:32,695 | INFO     |   → 269/909 ❌ HTTP 403 — https://nodefree.org/dy/2023/08/20230806.yaml
2026-05-18 15:05:32,695 | INFO     |   → 270/909 ❌ HTTP 403 — https://nodefree.org/dy/2023/12/20231221.txt
2026-05-18 15:05:32,695 | INFO     |   → 271/909: ✅ 0 взято | 🗑️ 17 мусор
2026-05-18 15:05:32,695 | INFO     |   → 272/909: ✅ 0 взято | 🗑️ 17 мусор
2026-05-18 15:05:32,695 | INFO     |   → 273/909: ✅ 0 взято | 🗑️ 14 мусор
2026-05-18 15:05:32,695 | INFO     |   → 274/909: ✅ 0 взято | 🗑️ 14 мусор
2026-05-18 15:05:32,696 | INFO     |   → 275/909: ✅ 0 взято | 🗑️ 14 мусор
2026-05-18 15:05:32,696 | INFO     |   → 276/909: ✅ 0 взято | 🗑️ 14 мусор
2026-05-18 15:05:32,696 | INFO     |   → 277/909: ✅ 0 взято | 🗑️ 14 мусор
2026-05-18 15:05:32,696 | INFO     |   → 278/909: ✅ 0 взято | 🗑️ 14 мусор
2026-05-18 15:05:32,696 | INFO     |   → 279/909: ✅ 0 взято | 🗑️ 14 мусор
2026-05-18 15:05:32,696 | INFO     |   → 280/909: ✅ 0 взято | 🗑️ 14 мусор
2026-05-18 15:05:32,696 | INFO     |   → 281/909: ✅ 0 взято | 🗑️ 14 мусор
2026-05-18 15:05:32,696 | INFO     |   → 282/909: ✅ 0 взято | 🗑️ 21 мусор
2026-05-18 15:05:32,696 | INFO     |   → 283/909: ✅ 0 взято | 🗑️ 21 мусор
2026-05-18 15:05:32,696 | INFO     |   → 284/909: ✅ 0 взято | 🗑️ 21 мусор
2026-05-18 15:05:32,696 | INFO     |   → 285/909: ✅ 0 взято | 🗑️ 21 мусор
2026-05-18 15:05:32,696 | INFO     |   → 286/909: ✅ 0 взято | 🗑️ 21 мусор
2026-05-18 15:05:32,696 | INFO     |   → 287/909: ✅ 0 взято | 🗑️ 21 мусор
2026-05-18 15:05:32,696 | INFO     |   → 288/909: ✅ 0 взято | 🗑️ 21 мусор
2026-05-18 15:05:32,696 | INFO     |   → 289/909: ✅ 0 взято | 🗑️ 21 мусор
2026-05-18 15:05:32,696 | INFO     |   → 290/909: ✅ 0 взято | 🗑️ 21 мусор
2026-05-18 15:05:32,696 | INFO     |   → 291/909: ✅ 0 взято | 🗑️ 21 мусор
2026-05-18 15:05:32,696 | INFO     |   → 292/909: ✅ 0 взято | 🗑️ 21 мусор
2026-05-18 15:05:32,696 | INFO     |   → 293/909: ✅ 0 взято | 🗑️ 15 мусор
2026-05-18 15:05:32,696 | INFO     |   → 294/909: ✅ 0 взято | 🗑️ 15 мусор
2026-05-18 15:05:32,696 | INFO     |   → 295/909: ✅ 0 взято | 🗑️ 15 мусор
2026-05-18 15:05:32,696 | INFO     |   → 296/909: ✅ 0 взято | 🗑️ 15 мусор
2026-05-18 15:05:32,696 | INFO     |   → 297/909: ✅ 0 взято | 🗑️ 15 мусор
2026-05-18 15:05:32,696 | INFO     |   → 298/909: ✅ 0 взято | 🗑️ 15 мусор
2026-05-18 15:05:32,696 | INFO     |   → 299/909: ✅ 0 взято | 🗑️ 15 мусор
2026-05-18 15:05:32,696 | INFO     |   → 300/909: ✅ 0 взято | 🗑️ 15 мусор
2026-05-18 15:05:32,696 | INFO     |   → 301/909: ✅ 0 взято | 🗑️ 15 мусор
2026-05-18 15:05:32,696 | INFO     |   → 302/909: ✅ 0 взято | 🗑️ 15 мусор
2026-05-18 15:05:32,697 | INFO     |   → 303/909: ✅ 0 взято | 🗑️ 14 мусор
2026-05-18 15:05:32,697 | INFO     |   → 304/909: ✅ 0 взято | 🗑️ 14 мусор
2026-05-18 15:05:32,697 | INFO     |   → 305/909: ✅ 0 взято | 🗑️ 14 мусор
2026-05-18 15:05:32,697 | INFO     |   → 306/909: ✅ 0 взято | 🗑️ 14 мусор
2026-05-18 15:05:32,697 | INFO     |   → 307/909: ✅ 0 взято | 🗑️ 17 мусор
2026-05-18 15:05:32,697 | INFO     |   → 308/909: ✅ 0 взято | 🗑️ 17 мусор
2026-05-18 15:05:32,697 | INFO     |   → 309/909: ✅ 0 взято | 🗑️ 17 мусор
2026-05-18 15:05:32,697 | INFO     |   → 310/909: ✅ 0 взято | 🗑️ 0 мусор
2026-05-18 15:05:32,697 | INFO     |   → 311/909: ✅ 0 взято | 🗑️ 0 мусор
2026-05-18 15:05:32,697 | INFO     |   → 312/909: ✅ 0 взято | 🗑️ 0 мусор
2026-05-18 15:05:32,697 | INFO     |   → 313/909: ✅ 0 взято | 🗑️ 0 мусор
2026-05-18 15:05:32,697 | INFO     |   → 314/909: ✅ 0 взято | 🗑️ 0 мусор
2026-05-18 15:05:32,697 | INFO     |   → 315/909: ✅ 0 взято | 🗑️ 0 мусор
2026-05-18 15:05:32,697 | INFO     |   → 316/909: ✅ 0 взято | 🗑️ 0 мусор
2026-05-18 15:05:32,697 | INFO     |   → 317/909: ✅ 0 взято | 🗑️ 0 мусор
2026-05-18 15:05:32,697 | INFO     |   → 318/909: ✅ 0 взято | 🗑️ 0 мусор
2026-05-18 15:05:32,697 | INFO     |   → 319/909: ✅ 0 взято | 🗑️ 0 мусор
2026-05-18 15:05:32,697 | INFO     |   → 320/909: ✅ 0 взято | 🗑️ 0 мусор
2026-05-18 15:05:32,697 | INFO     |   → 321/909: ✅ 0 взято | 🗑️ 0 мусор
2026-05-18 15:05:32,697 | INFO     |   → 322/909 ❌ HTTP 404 — https://raw.githubusercontent.com/10ium/MihomoSaz/main/Sublist/shatakvpn.yaml4_Sub.txt
2026-05-18 15:05:32,697 | INFO     |   → 323/909: ✅ 0 взято | 🗑️ 0 мусор
2026-05-18 15:05:32,697 | INFO     |   → 324/909: ✅ 0 взято | 🗑️ 0 мусор
2026-05-18 15:05:32,697 | INFO     |   → 325/909: ✅ 12 взято | 🗑️ 38 мусор
2026-05-18 15:05:32,697 | INFO     |   → 326/909: ✅ 0 взято | 🗑️ 0 мусор
2026-05-18 15:05:32,697 | INFO     |   → 327/909: ✅ 0 взято | 🗑️ 0 мусор
2026-05-18 15:05:32,697 | INFO     |   → 328/909: ✅ 11 взято | 🗑️ 399 мусор
2026-05-18 15:05:32,697 | INFO     |   → 329/909: ✅ 0 взято | 🗑️ 0 мусор
2026-05-18 15:05:32,698 | INFO     |   → 330/909 ❌ HTTP 404 — https://raw.githubusercontent.com/9Fork/openit/main/Clash.yaml
2026-05-18 15:05:32,698 | INFO     |   → 331/909: ✅ 100 взято | 🗑️ 381 мусор
2026-05-18 15:05:32,698 | INFO     |   → 332/909: ✅ 0 взято | 🗑️ 381 мусор
2026-05-18 15:05:32,698 | INFO     |   → 333/909: ✅ 19 взято | 🗑️ 81 мусор
2026-05-18 15:05:32,698 | INFO     |   → 334/909: ✅ 11 взято | 🗑️ 87 мусор
2026-05-18 15:05:32,698 | INFO     |   → 335/909: ✅ 27 взято | 🗑️ 73 мусор
2026-05-18 15:05:32,698 | INFO     |   → 336/909: ✅ 13 взято | 🗑️ 75 мусор
2026-05-18 15:05:32,698 | INFO     |   → 337/909: ✅ 10 взято | 🗑️ 83 мусор
2026-05-18 15:05:32,698 | INFO     |   → 338/909: ✅ 12 взято | 🗑️ 86 мусор
2026-05-18 15:05:32,698 | INFO     |   → 339/909: ✅ 11 взято | 🗑️ 87 мусор
2026-05-18 15:05:32,698 | INFO     |   → 340/909: ✅ 11 взято | 🗑️ 80 мусор
2026-05-18 15:05:32,698 | INFO     |   → 341/909: ✅ 9 взято | 🗑️ 82 мусор
2026-05-18 15:05:32,698 | INFO     |   → 342/909: ✅ 69 взято | 🗑️ 3 мусор
2026-05-18 15:05:32,698 | INFO     |   → 343/909: ✅ 3 взято | 🗑️ 75 мусор
2026-05-18 15:05:32,698 | INFO     |   → 344/909: ✅ 4 взято | 🗑️ 69 мусор
2026-05-18 15:05:32,698 | INFO     |   → 345/909: ✅ 4 взято | 🗑️ 80 мусор
2026-05-18 15:05:32,698 | INFO     |   → 346/909: ✅ 6 взято | 🗑️ 81 мусор
2026-05-18 15:05:32,698 | INFO     |   → 347/909: ✅ 5 взято | 🗑️ 79 мусор
2026-05-18 15:05:32,698 | INFO     |   → 348/909: ✅ 11 взято | 🗑️ 78 мусор
2026-05-18 15:05:32,698 | INFO     |   → 349/909: ✅ 3 взято | 🗑️ 83 мусор
2026-05-18 15:05:32,698 | INFO     |   → 350/909: ✅ 14 взято | 🗑️ 76 мусор
2026-05-18 15:05:32,698 | INFO     |   → 351/909: ✅ 12 взято | 🗑️ 78 мусор
2026-05-18 15:05:32,698 | INFO     |   → 352/909: ✅ 26 взято | 🗑️ 218 мусор
2026-05-18 15:05:32,698 | INFO     |   → 353/909: ✅ 44 взято | 🗑️ 141 мусор
2026-05-18 15:05:32,698 | INFO     |   → 354/909: ✅ 10 взято | 🗑️ 71 мусор
2026-05-18 15:05:32,698 | INFO     |   → 355/909: ✅ 2 взято | 🗑️ 88 мусор
2026-05-18 15:05:32,698 | INFO     |   → 356/909: ✅ 0 взято | 🗑️ 3 мусор
2026-05-18 15:05:32,698 | INFO     |   → 357/909: ✅ 14 взято | 🗑️ 4 мусор
2026-05-18 15:05:32,699 | INFO     |   → 358/909: ✅ 623 взято | 🗑️ 2545 мусор
2026-05-18 15:05:32,699 | INFO     |   → 359/909 ❌ HTTP 404 — https://raw.githubusercontent.com/Alvin9999/pac2/master/clash/1/config.yaml
2026-05-18 15:05:32,699 | INFO     |   → 360/909 ❌ HTTP 404 — https://raw.githubusercontent.com/AmirHDevo/temp2/7f15e7ddb311a6f8c5ab338bd1af0e1f2136a84b/configs.txt
2026-05-18 15:05:32,699 | INFO     |   → 361/909: ✅ 10 взято | 🗑️ 129 мусор
2026-05-18 15:05:32,699 | INFO     |   → 362/909: ✅ 1710 взято | 🗑️ 29647 мусор
2026-05-18 15:05:32,699 | INFO     |   → 363/909: ✅ 5 взято | 🗑️ 47 мусор
2026-05-18 15:05:32,699 | INFO     |   → 364/909: ✅ 4 взято | 🗑️ 57 мусор
2026-05-18 15:05:32,699 | INFO     |   → 365/909: ✅ 21 взято | 🗑️ 107 мусор
2026-05-18 15:05:32,699 | INFO     |   → 366/909: ✅ 78 взято | 🗑️ 347 мусор
2026-05-18 15:05:32,699 | INFO     |   → 367/909: ✅ 0 взято | 🗑️ 1373 мусор
2026-05-18 15:05:32,699 | INFO     |   → 368/909: ✅ 339 взято | 🗑️ 1542 мусор
2026-05-18 15:05:32,699 | INFO     |   → 369/909: ✅ 0 взято | 🗑️ 6 мусор
2026-05-18 15:05:32,699 | INFO     |   → 370/909: ✅ 0 взято | 🗑️ 0 мусор
2026-05-18 15:05:32,699 | INFO     |   → 371/909: ✅ 1 взято | 🗑️ 235 мусор
2026-05-18 15:05:32,699 | INFO     |   → 372/909: ✅ 0 взято | 🗑️ 16 мусор
2026-05-18 15:05:32,699 | INFO     |   → 373/909: ✅ 0 взято | 🗑️ 0 мусор
2026-05-18 15:05:32,699 | INFO     |   → 374/909: ✅ 0 взято | 🗑️ 14 мусор
2026-05-18 15:05:32,699 | INFO     |   → 375/909: ✅ 0 взято | 🗑️ 0 мусор
2026-05-18 15:05:32,699 | INFO     |   → 376/909: ✅ 0 взято | 🗑️ 17 мусор
2026-05-18 15:05:32,699 | INFO     |   → 377/909: ✅ 0 взято | 🗑️ 0 мусор
2026-05-18 15:05:32,699 | INFO     |   → 378/909: ✅ 0 взято | 🗑️ 17 мусор
2026-05-18 15:05:32,699 | INFO     |   → 379/909: ✅ 0 взято | 🗑️ 0 мусор
2026-05-18 15:05:32,699 | INFO     |   → 380/909: ✅ 0 взято | 🗑️ 17 мусор
2026-05-18 15:05:32,699 | INFO     |   → 381/909: ✅ 0 взято | 🗑️ 0 мусор
2026-05-18 15:05:32,699 | INFO     |   → 382/909: ✅ 0 взято | 🗑️ 17 мусор
2026-05-18 15:05:32,699 | INFO     |   → 383/909: ✅ 0 взято | 🗑️ 0 мусор
2026-05-18 15:05:32,699 | INFO     |   → 384/909: ✅ 0 взято | 🗑️ 193 мусор
2026-05-18 15:05:32,700 | INFO     |   → 385/909: ✅ 0 взято | 🗑️ 0 мусор
2026-05-18 15:05:32,700 | INFO     |   → 386/909: ✅ 5 взято | 🗑️ 76 мусор
2026-05-18 15:05:32,700 | INFO     |   → 387/909: ✅ 80 взято | 🗑️ 1110 мусор
2026-05-18 15:05:32,700 | INFO     |   → 388/909: ✅ 5 взято | 🗑️ 13 мусор
2026-05-18 15:05:32,700 | INFO     |   → 389/909 ❌ HTTP 404 — https://raw.githubusercontent.com/Epodonios/bulk-xray-v2ray-vless-vmess-...-configs/main/sub/Austria/config.txt
2026-05-18 15:05:32,700 | INFO     |   → 390/909 ❌ HTTP 404 — https://raw.githubusercontent.com/Epodonios/bulk-xray-v2ray-vless-vmess-...-configs/main/sub/Canada/config.txt
2026-05-18 15:05:32,700 | INFO     |   → 391/909 ❌ HTTP 404 — https://raw.githubusercontent.com/Epodonios/bulk-xray-v2ray-vless-vmess-...-configs/main/sub/Costa%20Rica/config.txt
2026-05-18 15:05:32,700 | INFO     |   → 392/909 ❌ HTTP 404 — https://raw.githubusercontent.com/Epodonios/bulk-xray-v2ray-vless-vmess-...-configs/main/sub/France/config.txt
2026-05-18 15:05:32,700 | INFO     |   → 393/909 ❌ HTTP 404 — https://raw.githubusercontent.com/Epodonios/bulk-xray-v2ray-vless-vmess-...-configs/main/sub/Germany/config.txt
2026-05-18 15:05:32,700 | INFO     |   → 394/909 ❌ HTTP 404 — https://raw.githubusercontent.com/Epodonios/bulk-xray-v2ray-vless-vmess-...-configs/main/sub/Indonesia/config.txt
2026-05-18 15:05:32,700 | INFO     |   → 395/909 ❌ HTTP 404 — https://raw.githubusercontent.com/Epodonios/bulk-xray-v2ray-vless-vmess-...-configs/main/sub/Ireland/config.txt
2026-05-18 15:05:32,700 | INFO     |   → 396/909 ❌ HTTP 404 — https://raw.githubusercontent.com/Epodonios/bulk-xray-v2ray-vless-vmess-...-configs/main/sub/Republic%20of%20Lithuania/config.txt
2026-05-18 15:05:32,700 | INFO     |   → 397/909 ❌ HTTP 404 — https://raw.githubusercontent.com/Epodonios/bulk-xray-v2ray-vless-vmess-...-configs/main/sub/South%20Africa/config.txt
2026-05-18 15:05:32,700 | INFO     |   → 398/909 ❌ HTTP 404 — https://raw.githubusercontent.com/Epodonios/bulk-xray-v2ray-vless-vmess-...-configs/main/sub/Sweden/config.txt
2026-05-18 15:05:32,700 | INFO     |   → 399/909 ❌ HTTP 404 — https://raw.githubusercontent.com/Epodonios/bulk-xray-v2ray-vless-vmess-...-configs/main/sub/Turkey/config.txt
2026-05-18 15:05:32,700 | INFO     |   → 400/909 ❌ HTTP 404 — https://raw.githubusercontent.com/Epodonios/bulk-xray-v2ray-vless-vmess-...-configs/main/sub/United%20Arab%20Emirates/config.txt
2026-05-18 15:05:32,700 | INFO     |   → 401/909 ❌ HTTP 404 — https://raw.githubusercontent.com/Epodonios/bulk-xray-v2ray-vless-vmess-...-configs/main/sub/United%20Kingdom/config.txt
2026-05-18 15:05:32,700 | INFO     |   → 402/909 ❌ HTTP 404 — https://raw.githubusercontent.com/Epodonios/bulk-xray-v2ray-vless-vmess-...-configs/main/sub/United%20States/config.txt
2026-05-18 15:05:32,700 | INFO     |   → 403/909: ✅ 408 взято | 🗑️ 3777 мусор
2026-05-18 15:05:32,700 | INFO     |   → 404/909 ❌ HTTP 404 — https://raw.githubusercontent.com/Epodonios/v2ray-configs/main/Splitted-By-Protocol/mix.txt
2026-05-18 15:05:32,700 | INFO     |   → 405/909: ✅ 9 взято | 🗑️ 368 мусор
2026-05-18 15:05:32,700 | INFO     |   → 406/909: ✅ 0 взято | 🗑️ 0 мусор
2026-05-18 15:05:32,700 | INFO     |   → 407/909: ✅ 15 взято | 🗑️ 227 мусор
2026-05-18 15:05:32,700 | INFO     |   → 408/909: ✅ 34 взято | 🗑️ 2581 мусор
2026-05-18 15:05:32,700 | INFO     |   → 409/909: ✅ 1 взято | 🗑️ 462 мусор
2026-05-18 15:05:32,700 | INFO     |   → 410/909 ❌ HTTP 404 — https://raw.githubusercontent.com/Epodonios/v2ray-configs/raw/main/Splitted-By-Protocol/trojan.txt
2026-05-18 15:05:32,700 | INFO     |   → 411/909 ❌ HTTP 404 — https://raw.githubusercontent.com/Epodonios/v2ray-configs/raw/main/Splitted-By-Protocol/vmess.txt
2026-05-18 15:05:32,701 | INFO     |   → 412/909: ✅ 0 взято | 🗑️ 368 мусор
2026-05-18 15:05:32,701 | INFO     |   → 413/909: ✅ 0 взято | 🗑️ 0 мусор
2026-05-18 15:05:32,701 | INFO     |   → 414/909: ✅ 0 взято | 🗑️ 227 мусор
2026-05-18 15:05:32,701 | INFO     |   → 415/909: ✅ 0 взято | 🗑️ 2581 мусор
2026-05-18 15:05:32,701 | INFO     |   → 416/909: ✅ 0 взято | 🗑️ 462 мусор
2026-05-18 15:05:32,701 | INFO     |   → 417/909 ❌ HTTP 404 — https://raw.githubusercontent.com/Fido6/FreeNodes/57221e59caddde55ffdda21d491ae952cd608049/nodes/halekj.txt
2026-05-18 15:05:32,701 | INFO     |   → 418/909 ❌ HTTP 404 — https://raw.githubusercontent.com/Fido6/FreeNodes/57221e59caddde55ffdda21d491ae952cd608049/nodes/kkzui.txt
2026-05-18 15:05:32,701 | INFO     |   → 419/909 ❌ HTTP 404 — https://raw.githubusercontent.com/Fido6/FreeNodes/57221e59caddde55ffdda21d491ae952cd608049/nodes/wenode.txt
2026-05-18 15:05:32,701 | INFO     |   → 420/909: ✅ 0 взято | 🗑️ 0 мусор
2026-05-18 15:05:32,701 | INFO     |   → 421/909: ✅ 0 взято | 🗑️ 0 мусор
2026-05-18 15:05:32,701 | INFO     |   → 422/909: ✅ 14 взято | 🗑️ 250 мусор
2026-05-18 15:05:32,701 | INFO     |   → 423/909: ✅ 0 взято | 🗑️ 16 мусор
2026-05-18 15:05:32,701 | INFO     |   → 424/909: ✅ 1 взято | 🗑️ 17 мусор
2026-05-18 15:05:32,701 | INFO     |   → 425/909: ✅ 4 взято | 🗑️ 11 мусор
2026-05-18 15:05:32,701 | INFO     |   → 426/909: ✅ 0 взято | 🗑️ 0 мусор
2026-05-18 15:05:32,701 | INFO     |   → 427/909: ✅ 0 взято | 🗑️ 137 мусор
2026-05-18 15:05:32,701 | INFO     |   → 428/909: ✅ 0 взято | 🗑️ 32 мусор
2026-05-18 15:05:32,701 | INFO     |   → 429/909: ✅ 2 взято | 🗑️ 19 мусор
2026-05-18 15:05:32,701 | INFO     |   → 430/909: ✅ 0 взято | 🗑️ 43 мусор
2026-05-18 15:05:32,701 | INFO     |   → 431/909: ✅ 0 взято | 🗑️ 43 мусор
2026-05-18 15:05:32,701 | INFO     |   → 432/909 ❌ HTTP 404 — https://raw.githubusercontent.com/Iran-v2ray/v2ray/main/v2ray
2026-05-18 15:05:32,701 | INFO     |   → 433/909: ✅ 0 взято | 🗑️ 1 мусор
2026-05-18 15:05:32,701 | INFO     |   → 434/909: ✅ 0 взято | 🗑️ 1 мусор
2026-05-18 15:05:32,701 | INFO     |   → 435/909: ✅ 0 взято | 🗑️ 28 мусор
2026-05-18 15:05:32,701 | INFO     |   → 436/909: ✅ 14 взято | 🗑️ 282 мусор
2026-05-18 15:05:32,701 | INFO     |   → 437/909: ✅ 0 взято | 🗑️ 94 мусор
2026-05-18 15:05:32,701 | INFO     |   → 438/909: ✅ 0 взято | 🗑️ 0 мусор
2026-05-18 15:05:32,701 | INFO     |   → 439/909: ✅ 0 взято | 🗑️ 0 мусор
2026-05-18 15:05:32,702 | INFO     |   → 440/909 ❌ HTTP 404 — https://raw.githubusercontent.com/Kwinshadow/TelegramV2rayCollector/raw/refs/heads/main/sublinks/mix.txt
2026-05-18 15:05:32,702 | INFO     |   → 441/909 ❌ HTTP 404 — https://raw.githubusercontent.com/LalatinaHub/Mineral/raw/refs/heads/master/result/nodes
2026-05-18 15:05:32,702 | INFO     |   → 442/909 ❌ HTTP 404 — https://raw.githubusercontent.com/Leon406/SubCrawler/main/sub/share/all3
2026-05-18 15:05:32,702 | INFO     |   → 443/909 ❌ HTTP 404 — https://raw.githubusercontent.com/Leon406/SubCrawler/main/sub/share/all4
2026-05-18 15:05:32,702 | INFO     |   → 444/909: ✅ 4 взято | 🗑️ 335 мусор
2026-05-18 15:05:32,702 | INFO     |   → 445/909: ✅ 0 взято | 🗑️ 33 мусор
2026-05-18 15:05:32,702 | INFO     |   → 446/909: ✅ 0 взято | 🗑️ 6 мусор
2026-05-18 15:05:32,702 | INFO     |   → 447/909: ✅ 0 взято | 🗑️ 147 мусор
2026-05-18 15:05:32,702 | INFO     |   → 448/909 ❌ HTTP 404 — https://raw.githubusercontent.com/M-Mashreghi/free-config-collector/main/Splitted-By-Protocol/ssr.txt
2026-05-18 15:05:32,702 | INFO     |   → 449/909: ✅ 139 взято | 🗑️ 114 мусор
2026-05-18 15:05:32,702 | INFO     |   → 450/909: ✅ 126 взято | 🗑️ 137 мусор
2026-05-18 15:05:32,702 | INFO     |   → 451/909: ✅ 0 взято | 🗑️ 12 мусор
2026-05-18 15:05:32,702 | INFO     |   → 452/909: ✅ 0 взято | 🗑️ 1 мусор
2026-05-18 15:05:32,702 | INFO     |   → 453/909: ✅ 108 взято | 🗑️ 468 мусор
2026-05-18 15:05:32,702 | INFO     |   → 454/909: ✅ 0 взято | 🗑️ 468 мусор
2026-05-18 15:05:32,702 | INFO     |   → 455/909 ❌ HTTP 404 — https://raw.githubusercontent.com/MatinGhanbari/v2ray-configs/main/subscriptions/filtered/subs/hy2.txt
2026-05-18 15:05:32,702 | INFO     |   → 456/909: ✅ 32 взято | 🗑️ 1559 мусор
2026-05-18 15:05:32,702 | INFO     |   → 457/909 ❌ HTTP 404 — https://raw.githubusercontent.com/MatinGhanbari/v2ray-configs/main/subscriptions/filtered/subs/ssr.txt
2026-05-18 15:05:32,702 | INFO     |   → 458/909: ✅ 56 взято | 🗑️ 486 мусор
2026-05-18 15:05:32,702 | INFO     |   → 459/909 ❌ HTTP 404 — https://raw.githubusercontent.com/MatinGhanbari/v2ray-configs/main/subscriptions/filtered/subs/tuic.txt
2026-05-18 15:05:32,702 | INFO     |   → 460/909: ✅ 19 взято | 🗑️ 247 мусор
2026-05-18 15:05:32,702 | INFO     |   → 461/909: ✅ 222 взято | 🗑️ 1317 мусор
2026-05-18 15:05:32,702 | INFO     |   → 462/909: ✅ 0 взято | 🗑️ 2 мусор
2026-05-18 15:05:32,702 | INFO     |   → 463/909: ✅ 73 взято | 🗑️ 716 мусор
2026-05-18 15:05:32,702 | INFO     |   → 464/909: ✅ 0 взято | 🗑️ 367 мусор
2026-05-18 15:05:32,702 | INFO     |   → 465/909: ✅ 0 взято | 🗑️ 367 мусор
2026-05-18 15:05:32,702 | INFO     |   → 466/909: ✅ 0 взято | 🗑️ 11 мусор
2026-05-18 15:05:32,702 | INFO     |   → 467/909: ✅ 0 взято | 🗑️ 2 мусор
2026-05-18 15:05:32,703 | INFO     |   → 468/909: ✅ 0 взято | 🗑️ 272 мусор
2026-05-18 15:05:32,703 | INFO     |   → 469/909: ✅ 0 взято | 🗑️ 72 мусор
2026-05-18 15:05:32,703 | INFO     |   → 470/909 ❌ HTTP 404 — https://raw.githubusercontent.com/MhdiTaheri/V2rayCollector/raw/refs/heads/main/sub/mix
2026-05-18 15:05:32,703 | INFO     |   → 471/909: ✅ 53 взято | 🗑️ 267 мусор
2026-05-18 15:05:32,703 | INFO     |   → 472/909 ❌ HTTP 404 — https://raw.githubusercontent.com/MhdiTaheri/V2rayCollector_Py/raw/refs/heads/main/sub/Mix/mix.txt
2026-05-18 15:05:32,703 | INFO     |   → 473/909: ✅ 0 взято | 🗑️ 0 мусор
2026-05-18 15:05:32,703 | INFO     |   → 474/909: ✅ 43 взято | 🗑️ 217 мусор
2026-05-18 15:05:32,703 | INFO     |   → 475/909: ✅ 0 взято | 🗑️ 31 мусор
2026-05-18 15:05:32,703 | INFO     |   → 476/909: ✅ 93 взято | 🗑️ 282 мусор
2026-05-18 15:05:32,703 | INFO     |   → 477/909: ✅ 0 взято | 🗑️ 26 мусор
2026-05-18 15:05:32,703 | INFO     |   → 478/909 ❌ HTTP 404 — https://raw.githubusercontent.com/MrMohebi/xray-proxy-grabber-telegram/master/collected-proxies/clash-meta/all.yaml
2026-05-18 15:05:32,703 | INFO     |   → 479/909 ❌ HTTP 404 — https://raw.githubusercontent.com/MrMohebi/xray-proxy-grabber-telegram/master/collected-proxies/row-url/actives.txt
2026-05-18 15:05:32,703 | INFO     |   → 480/909 ❌ HTTP 404 — https://raw.githubusercontent.com/MrMohebi/xray-proxy-grabber-telegram/master/collected-proxies/row-url/all.txt
2026-05-18 15:05:32,703 | INFO     |   → 481/909: ✅ 0 взято | 🗑️ 13 мусор
2026-05-18 15:05:32,703 | INFO     |   → 482/909: ✅ 0 взято | 🗑️ 13 мусор
2026-05-18 15:05:32,703 | INFO     |   → 483/909: ✅ 5 взято | 🗑️ 15 мусор
2026-05-18 15:05:32,703 | INFO     |   → 484/909: ✅ 0 взято | 🗑️ 30 мусор
2026-05-18 15:05:32,703 | INFO     |   → 485/909: ✅ 0 взято | 🗑️ 15 мусор
2026-05-18 15:05:32,703 | INFO     |   → 486/909: ✅ 66 взято | 🗑️ 123 мусор
2026-05-18 15:05:32,703 | INFO     |   → 487/909: ✅ 175 взято | 🗑️ 582 мусор
2026-05-18 15:05:32,703 | INFO     |   → 488/909: ✅ 0 взято | 🗑️ 0 мусор
2026-05-18 15:05:32,703 | INFO     |   → 489/909 ❌ HTTP 404 — https://raw.githubusercontent.com/OpenCNLink/freevpn/3cfcff048bfdd1493ccffa52ecf30ce7f9fc6b28/src/list/vmess.txt
2026-05-18 15:05:32,703 | INFO     |   → 490/909 ❌ HTTP 404 — https://raw.githubusercontent.com/Pawdro/Collection/main/sub
2026-05-18 15:05:32,703 | INFO     |   → 491/909: ✅ 0 взято | 🗑️ 20 мусор
2026-05-18 15:05:32,703 | INFO     |   → 492/909: ✅ 0 взято | 🗑️ 20 мусор
2026-05-18 15:05:32,703 | INFO     |   → 493/909: ✅ 0 взято | 🗑️ 0 мусор
2026-05-18 15:05:32,703 | INFO     |   → 494/909: ✅ 0 взято | 🗑️ 0 мусор
2026-05-18 15:05:32,703 | INFO     |   → 495/909: ✅ 0 взято | 🗑️ 50 мусор
2026-05-18 15:05:32,703 | INFO     |   → 496/909: ✅ 5 взято | 🗑️ 206 мусор
2026-05-18 15:05:32,704 | INFO     |   → 497/909: ✅ 21 взято | 🗑️ 138 мусор
2026-05-18 15:05:32,704 | INFO     |   → 498/909: ✅ 23 взято | 🗑️ 89 мусор
2026-05-18 15:05:32,704 | INFO     |   → 499/909: ✅ 9 взято | 🗑️ 85 мусор
2026-05-18 15:05:32,704 | INFO     |   → 500/909: ✅ 0 взято | 🗑️ 129 мусор
2026-05-18 15:05:32,704 | INFO     |   → 501/909: ✅ 0 взято | 🗑️ 81 мусор
2026-05-18 15:05:32,704 | INFO     |   → 502/909 ❌ HTTP 404 — https://raw.githubusercontent.com/STR97/STRUGOV/refs/heads/main/STR.BYPASS
2026-05-18 15:05:32,704 | INFO     |   → 503/909: ✅ 4 взято | 🗑️ 34 мусор
2026-05-18 15:05:32,704 | INFO     |   → 504/909: ✅ 11 взято | 🗑️ 16 мусор
2026-05-18 15:05:32,704 | INFO     |   → 505/909: ✅ 0 взято | 🗑️ 16 мусор
2026-05-18 15:05:32,704 | INFO     |   → 506/909: ✅ 0 взято | 🗑️ 27 мусор
2026-05-18 15:05:32,704 | INFO     |   → 507/909: ✅ 140 взято | 🗑️ 1153 мусор
2026-05-18 15:05:32,704 | INFO     |   → 508/909: ✅ 29 взято | 🗑️ 54 мусор
2026-05-18 15:05:32,704 | INFO     |   → 509/909: ✅ 0 взято | 🗑️ 10 мусор
2026-05-18 15:05:32,704 | INFO     |   → 510/909: ✅ 0 взято | 🗑️ 0 мусор
2026-05-18 15:05:32,704 | INFO     |   → 511/909: ✅ 2 взято | 🗑️ 1 мусор
2026-05-18 15:05:32,704 | INFO     |   → 512/909: ✅ 0 взято | 🗑️ 10 мусор
2026-05-18 15:05:32,704 | INFO     |   → 513/909: ✅ 0 взято | 🗑️ 1 мусор
2026-05-18 15:05:32,704 | INFO     |   → 514/909: ✅ 4 взято | 🗑️ 291 мусор
2026-05-18 15:05:32,704 | INFO     |   → 515/909: ✅ 0 взято | 🗑️ 119 мусор
2026-05-18 15:05:32,704 | INFO     |   → 516/909: ✅ 0 взято | 🗑️ 0 мусор
2026-05-18 15:05:32,704 | INFO     |   → 517/909 ❌ HTTP 404 — https://raw.githubusercontent.com/V2RAYCONFIGSPOOL/V2RAY_SUB/main/V2RAY_SUB.txt
2026-05-18 15:05:32,704 | INFO     |   → 518/909: ✅ 15 взято | 🗑️ 98 мусор
2026-05-18 15:05:32,704 | INFO     |   → 519/909: ✅ 19 взято | 🗑️ 76 мусор
2026-05-18 15:05:32,704 | INFO     |   → 520/909: ✅ 0 взято | 🗑️ 0 мусор
2026-05-18 15:05:32,704 | INFO     |   → 521/909: ✅ 0 взято | 🗑️ 76 мусор
2026-05-18 15:05:32,704 | INFO     |   → 522/909: ✅ 58 взято | 🗑️ 348 мусор
2026-05-18 15:05:32,704 | INFO     |   → 523/909: ✅ 1 взято | 🗑️ 231 мусор
2026-05-18 15:05:32,704 | INFO     |   → 524/909: ✅ 0 взято | 🗑️ 0 мусор
2026-05-18 15:05:32,705 | INFO     |   → 525/909: ✅ 1 взято | 🗑️ 83 мусор
2026-05-18 15:05:32,705 | INFO     |   → 526/909: ✅ 0 взято | 🗑️ 16 мусор
2026-05-18 15:05:32,705 | INFO     |   → 527/909: ✅ 0 взято | 🗑️ 16 мусор
2026-05-18 15:05:32,705 | INFO     |   → 528/909 ❌ HTTP 404 — https://raw.githubusercontent.com/aiboboxx/clashfree/main/clash.yml
2026-05-18 15:05:32,705 | INFO     |   → 529/909 ❌ HTTP 404 — https://raw.githubusercontent.com/aiboboxx/v2rayfree/main/v2
2026-05-18 15:05:32,705 | INFO     |   → 530/909 ❌ HTTP 404 — https://raw.githubusercontent.com/amirmohammad-mohammad-88/Sub-Reality-Azadi-config/Config/Azadi-Reality-Different
2026-05-18 15:05:32,705 | INFO     |   → 531/909 ❌ HTTP 404 — https://raw.githubusercontent.com/amirmohammad-mohammad-88/Sub-Reality-Azadi-config/Config/Azadi-Reality-Different-Base64
2026-05-18 15:05:32,705 | INFO     |   → 532/909: ✅ 1 взято | 🗑️ 17 мусор
2026-05-18 15:05:32,705 | INFO     |   → 533/909: ✅ 0 взято | 🗑️ 0 мусор
2026-05-18 15:05:32,705 | INFO     |   → 534/909: ✅ 4 взято | 🗑️ 114 мусор
2026-05-18 15:05:32,705 | INFO     |   → 535/909: ✅ 20 взято | 🗑️ 71 мусор
2026-05-18 15:05:32,705 | INFO     |   → 536/909 ❌ HTTP 404 — https://raw.githubusercontent.com/awesome-vpn/awesome-vpn/master/ss
2026-05-18 15:05:32,705 | INFO     |   → 537/909 ❌ HTTP 404 — https://raw.githubusercontent.com/awesome-vpn/awesome-vpn/master/ssr
2026-05-18 15:05:32,705 | INFO     |   → 538/909: ✅ 0 взято | 🗑️ 0 мусор
2026-05-18 15:05:32,705 | INFO     |   → 539/909: ✅ 1 взято | 🗑️ 22 мусор
2026-05-18 15:05:32,705 | INFO     |   → 540/909: ✅ 0 взято | 🗑️ 111 мусор
2026-05-18 15:05:32,705 | INFO     |   → 541/909 ❌ HTTP 404 — https://raw.githubusercontent.com/barry-far/V2ray-Configs/ced94ddfff48276ec365b40227561f36b1b64bc8/Sub5.txt
2026-05-18 15:05:32,705 | INFO     |   → 542/909 ❌ HTTP 404 — https://raw.githubusercontent.com/barry-far/V2ray-Configs/main/Splitted-By-Protocol/hysteria2.txt
2026-05-18 15:05:32,705 | INFO     |   → 543/909 ❌ HTTP 404 — https://raw.githubusercontent.com/barry-far/V2ray-Configs/main/Splitted-By-Protocol/vless.txt
2026-05-18 15:05:32,705 | INFO     |   → 544/909 ❌ HTTP 404 — https://raw.githubusercontent.com/barry-far/V2ray-Configs/main/Sub1.txt
2026-05-18 15:05:32,705 | INFO     |   → 545/909 ❌ HTTP 404 — https://raw.githubusercontent.com/barry-far/V2ray-Configs/refs/heads/main/All_Configs_Sub.txt
2026-05-18 15:05:32,705 | INFO     |   → 546/909: ✅ 0 взято | 🗑️ 0 мусор
2026-05-18 15:05:32,705 | INFO     |   → 547/909 ❌ HTTP 404 — https://raw.githubusercontent.com/budamu/clashconfig/main/v2ray.txt
2026-05-18 15:05:32,705 | INFO     |   → 548/909 ❌ HTTP 404 — https://raw.githubusercontent.com/budamu/clashconfig/main/v2ray2.txt
2026-05-18 15:05:32,705 | INFO     |   → 549/909: ✅ 0 взято | 🗑️ 0 мусор
2026-05-18 15:05:32,705 | INFO     |   → 550/909: ✅ 0 взято | 🗑️ 442 мусор
2026-05-18 15:05:32,705 | INFO     |   → 551/909: ✅ 0 взято | 🗑️ 0 мусор
2026-05-18 15:05:32,705 | INFO     |   → 552/909 ❌ HTTP 404 — https://raw.githubusercontent.com/chxxyz2004/zd/17fca23b73c46b5dd73e9be49b14d219b5e5f836/sub/2401/240110.txt
2026-05-18 15:05:32,705 | INFO     |   → 553/909: ✅ 0 взято | 🗑️ 44 мусор
2026-05-18 15:05:32,706 | INFO     |   → 554/909: ✅ 236 взято | 🗑️ 517 мусор
2026-05-18 15:05:32,706 | INFO     |   → 555/909 ❌ HTTP 404 — https://raw.githubusercontent.com/cxr9912/cxr2022/main/free.yaml
2026-05-18 15:05:32,706 | INFO     |   → 556/909 ❌ HTTP 404 — https://raw.githubusercontent.com/cxr9912/cxr2022/main/mix.yaml
2026-05-18 15:05:32,706 | INFO     |   → 557/909 ❌ HTTP 404 — https://raw.githubusercontent.com/cxr9912/cxr2022/main/ss.yaml
2026-05-18 15:05:32,706 | INFO     |   → 558/909 ❌ HTTP 404 — https://raw.githubusercontent.com/cxr9912/cxr2022/main/ssr.yaml
2026-05-18 15:05:32,706 | INFO     |   → 559/909 ❌ HTTP 404 — https://raw.githubusercontent.com/cxr9912/cxr2022/main/vmess.yaml
2026-05-18 15:05:32,706 | INFO     |   → 560/909 ❌ HTTP 404 — https://raw.githubusercontent.com/cxr9912/cxr2022/refs/heads/main/18cj.json
2026-05-18 15:05:32,706 | INFO     |   → 561/909 ❌ HTTP 404 — https://raw.githubusercontent.com/cxr9912/cxr2022/refs/heads/main/aaaaaaaa.yaml
2026-05-18 15:05:32,706 | INFO     |   → 562/909 ❌ HTTP 404 — https://raw.githubusercontent.com/cxr9912/cxr2022/refs/heads/main/free.yaml
2026-05-18 15:05:32,706 | INFO     |   → 563/909 ❌ HTTP 404 — https://raw.githubusercontent.com/cxr9912/cxr2022/refs/heads/main/ss2088.txt
2026-05-18 15:05:32,706 | INFO     |   → 564/909: ✅ 0 взято | 🗑️ 18 мусор
2026-05-18 15:05:32,706 | INFO     |   → 565/909: ✅ 0 взято | 🗑️ 18 мусор
2026-05-18 15:05:32,706 | INFO     |   → 566/909: ✅ 6 взято | 🗑️ 78 мусор
2026-05-18 15:05:32,706 | INFO     |   → 567/909: ✅ 6 взято | 🗑️ 4 мусор
2026-05-18 15:05:32,706 | INFO     |   → 568/909: ✅ 0 взято | 🗑️ 2 мусор
2026-05-18 15:05:32,706 | INFO     |   → 569/909: ✅ 0 взято | 🗑️ 2 мусор
2026-05-18 15:05:32,706 | INFO     |   → 570/909: ✅ 0 взято | 🗑️ 2 мусор
2026-05-18 15:05:32,706 | INFO     |   → 571/909: ✅ 0 взято | 🗑️ 3 мусор
2026-05-18 15:05:32,706 | INFO     |   → 572/909: ✅ 0 взято | 🗑️ 2 мусор
2026-05-18 15:05:32,706 | INFO     |   → 573/909: ✅ 0 взято | 🗑️ 9 мусор
2026-05-18 15:05:32,706 | INFO     |   → 574/909: ✅ 1 взято | 🗑️ 1 мусор
2026-05-18 15:05:32,706 | INFO     |   → 575/909: ✅ 0 взято | 🗑️ 10 мусор
2026-05-18 15:05:32,706 | INFO     |   → 576/909: ✅ 0 взято | 🗑️ 2 мусор
2026-05-18 15:05:32,706 | INFO     |   → 577/909: ✅ 0 взято | 🗑️ 0 мусор
2026-05-18 15:05:32,706 | INFO     |   → 578/909: ✅ 1886 взято | 🗑️ 38839 мусор
2026-05-18 15:05:32,706 | INFO     |   → 579/909: ✅ 64 взято | 🗑️ 961 мусор
2026-05-18 15:05:32,706 | INFO     |   → 580/909: ✅ 6 взято | 🗑️ 113 мусор
2026-05-18 15:05:32,706 | INFO     |   → 581/909: ✅ 0 взято | 🗑️ 0 мусор
2026-05-18 15:05:32,706 | INFO     |   → 582/909: ✅ 1 взято | 🗑️ 25 мусор
2026-05-18 15:05:32,707 | INFO     |   → 583/909: ✅ 0 взято | 🗑️ 0 мусор
2026-05-18 15:05:32,707 | INFO     |   → 584/909: ✅ 13 взято | 🗑️ 19 мусор
2026-05-18 15:05:32,707 | INFO     |   → 585/909: ✅ 0 взято | 🗑️ 5 мусор
2026-05-18 15:05:32,707 | INFO     |   → 586/909: ✅ 2 взято | 🗑️ 80 мусор
2026-05-18 15:05:32,707 | INFO     |   → 587/909 ❌ HTTP 404 — https://raw.githubusercontent.com/free-nodes/v2rayfree/main/v2
2026-05-18 15:05:32,707 | INFO     |   → 588/909 ❌ HTTP 404 — https://raw.githubusercontent.com/free-v2ray-config/trojan/main/trojan.txt
2026-05-18 15:05:32,707 | INFO     |   → 589/909 ❌ HTTP 404 — https://raw.githubusercontent.com/free-v2ray-config/vless/main/vless.txt
2026-05-18 15:05:32,707 | INFO     |   → 590/909 ❌ HTTP 404 — https://raw.githubusercontent.com/free-v2ray-config/vmess/main/vmess.txt
2026-05-18 15:05:32,707 | INFO     |   → 591/909: ✅ 5 взято | 🗑️ 169 мусор
2026-05-18 15:05:32,707 | INFO     |   → 592/909: ✅ 34 взято | 🗑️ 121 мусор
2026-05-18 15:05:32,707 | INFO     |   → 593/909: ✅ 4 взято | 🗑️ 97 мусор
2026-05-18 15:05:32,707 | INFO     |   → 594/909 ❌ HTTP 404 — https://raw.githubusercontent.com/free18/v2ray/main/Clash.yaml
2026-05-18 15:05:32,707 | INFO     |   → 595/909: ✅ 0 взято | 🗑️ 0 мусор
2026-05-18 15:05:32,707 | INFO     |   → 596/909: ✅ 0 взято | 🗑️ 15 мусор
2026-05-18 15:05:32,707 | INFO     |   → 597/909: ✅ 0 взято | 🗑️ 0 мусор
2026-05-18 15:05:32,707 | INFO     |   → 598/909: ✅ 0 взято | 🗑️ 8 мусор
2026-05-18 15:05:32,707 | INFO     |   → 599/909: ✅ 0 взято | 🗑️ 8 мусор
2026-05-18 15:05:32,707 | INFO     |   → 600/909: ✅ 0 взято | 🗑️ 8 мусор
2026-05-18 15:05:32,707 | INFO     |   → 601/909: ✅ 0 взято | 🗑️ 8 мусор
2026-05-18 15:05:32,707 | INFO     |   → 602/909 ❌ HTTP 404 — https://raw.githubusercontent.com/freev2rayconfig/V2RAY_SUB/3e6a7786a1601ee3723e8d043ae79e70dbdfd9a8/v2rayconfigs.txt
2026-05-18 15:05:32,707 | INFO     |   → 603/909 ❌ HTTP 404 — https://raw.githubusercontent.com/freev2rayconfig/V2RAY_SUBSCRIPTION_LINK/main/v2rayconfigs.txt
2026-05-18 15:05:32,707 | INFO     |   → 604/909 ❌ HTTP 404 — https://raw.githubusercontent.com/gfpcom/free-proxy-list/main/list/http.txt
2026-05-18 15:05:32,707 | INFO     |   → 605/909 ❌ HTTP 404 — https://raw.githubusercontent.com/gfpcom/free-proxy-list/main/list/https.txt
2026-05-18 15:05:32,707 | INFO     |   → 606/909 ❌ HTTP 404 — https://raw.githubusercontent.com/gfpcom/free-proxy-list/main/list/socks4.txt
2026-05-18 15:05:32,707 | INFO     |   → 607/909 ❌ HTTP 404 — https://raw.githubusercontent.com/gfpcom/free-proxy-list/main/list/socks4a.txt
2026-05-18 15:05:32,707 | INFO     |   → 608/909 ❌ HTTP 404 — https://raw.githubusercontent.com/gfpcom/free-proxy-list/main/list/socks5.txt
2026-05-18 15:05:32,707 | INFO     |   → 609/909 ❌ HTTP 404 — https://raw.githubusercontent.com/gfpcom/free-proxy-list/main/list/socks5h.txt
2026-05-18 15:05:32,707 | INFO     |   → 610/909 ❌ HTTP 404 — https://raw.githubusercontent.com/gfpcom/free-proxy-list/main/list/ss.txt
2026-05-18 15:05:32,708 | INFO     |   → 611/909 ❌ HTTP 404 — https://raw.githubusercontent.com/gfpcom/free-proxy-list/main/list/ssr.txt
2026-05-18 15:05:32,708 | INFO     |   → 612/909 ❌ HTTP 404 — https://raw.githubusercontent.com/gfpcom/free-proxy-list/main/list/trojan.txt
2026-05-18 15:05:32,708 | INFO     |   → 613/909 ❌ HTTP 404 — https://raw.githubusercontent.com/gfpcom/free-proxy-list/main/list/vless.txt
2026-05-18 15:05:32,708 | INFO     |   → 614/909 ❌ HTTP 404 — https://raw.githubusercontent.com/gfpcom/free-proxy-list/main/list/vmess.txt
2026-05-18 15:05:32,708 | INFO     |   → 615/909: ✅ 0 взято | 🗑️ 17 мусор
2026-05-18 15:05:32,708 | INFO     |   → 616/909: ✅ 0 взято | 🗑️ 0 мусор
2026-05-18 15:05:32,708 | INFO     |   → 617/909: ✅ 4 взято | 🗑️ 63 мусор
2026-05-18 15:05:32,708 | INFO     |   → 618/909 ❌ HTTP 404 — https://raw.githubusercontent.com/hameed-maleki/TVC/89a4522969c57dcc22458cae9898426e5c4f2679/lite/config.txt
2026-05-18 15:05:32,708 | INFO     |   → 619/909: ✅ 5 взято | 🗑️ 132 мусор
2026-05-18 15:05:32,708 | INFO     |   → 620/909: ✅ 0 взято | 🗑️ 56 мусор
2026-05-18 15:05:32,708 | INFO     |   → 621/909 ❌ HTTP 404 — https://raw.githubusercontent.com/hkaa0/permalink/main/proxy/V2ray
2026-05-18 15:05:32,708 | INFO     |   → 622/909 ❌ HTTP 404 — https://raw.githubusercontent.com/hkaa0/permalink/main/proxy/clash
2026-05-18 15:05:32,708 | INFO     |   → 623/909 ❌ HTTP 404 — https://raw.githubusercontent.com/hkpc/Autoproxy/6cf946ddfc677a29062007e4b47d70674474baa7/sub/2401/240110.txt
2026-05-18 15:05:32,708 | INFO     |   → 624/909 ❌ HTTP 404 — https://raw.githubusercontent.com/hkpc/V2ray-Configs/7d9aa0dabf947af180a7dd6302818ed37950531a/Sub1.txt
2026-05-18 15:05:32,708 | INFO     |   → 625/909: ✅ 0 взято | 🗑️ 14 мусор
2026-05-18 15:05:32,708 | INFO     |   → 626/909: ✅ 16 взято | 🗑️ 16 мусор
2026-05-18 15:05:32,708 | INFO     |   → 627/909 ❌ HTTP 404 — https://raw.githubusercontent.com/iboxz/free-v2ray-collector/main/main
2026-05-18 15:05:32,708 | INFO     |   → 628/909: ✅ 10 взято | 🗑️ 20 мусор
2026-05-18 15:05:32,708 | INFO     |   → 629/909: ✅ 9 взято | 🗑️ 6 мусор
2026-05-18 15:05:32,708 | INFO     |   → 630/909: ✅ 56 взято | 🗑️ 217 мусор
2026-05-18 15:05:32,708 | INFO     |   → 631/909 ❌ HTTP 404 — https://raw.githubusercontent.com/igareck/vpn-configs-for-russia/refs/heads/main/Vless-Reality-White-Lists-Rus-Cable.txt
2026-05-18 15:05:32,708 | INFO     |   → 632/909: ✅ 31 взято | 🗑️ 119 мусор
2026-05-18 15:05:32,708 | INFO     |   → 633/909: ✅ 0 взято | 🗑️ 0 мусор
2026-05-18 15:05:32,708 | INFO     |   → 634/909: ✅ 0 взято | 🗑️ 0 мусор
2026-05-18 15:05:32,708 | INFO     |   → 635/909: ✅ 23 взято | 🗑️ 9 мусор
2026-05-18 15:05:32,708 | INFO     |   → 636/909: ✅ 0 взято | 🗑️ 0 мусор
2026-05-18 15:05:32,708 | INFO     |   → 637/909: ✅ 0 взято | 🗑️ 0 мусор
2026-05-18 15:05:32,708 | INFO     |   → 638/909: ✅ 0 взято | 🗑️ 12 мусор
2026-05-18 15:05:32,708 | INFO     |   → 639/909: ✅ 0 взято | 🗑️ 43 мусор
2026-05-18 15:05:32,709 | INFO     |   → 640/909 ❌ HTTP 404 — https://raw.githubusercontent.com/jw853355718/clash_233/master/config.yml
2026-05-18 15:05:32,709 | INFO     |   → 641/909: ✅ 0 взято | 🗑️ 210 мусор
2026-05-18 15:05:32,709 | INFO     |   → 642/909: ✅ 0 взято | 🗑️ 0 мусор
2026-05-18 15:05:32,709 | INFO     |   → 643/909: ✅ 0 взято | 🗑️ 0 мусор
2026-05-18 15:05:32,709 | INFO     |   → 644/909 ❌ HTTP 404 — https://raw.githubusercontent.com/lcx12901/v2ray-/master/sspool.herokuapp.com/yzcloud.yaml
2026-05-18 15:05:32,709 | INFO     |   → 645/909 ❌ HTTP 404 — https://raw.githubusercontent.com/lcx12901/v2ray-/master/sspool.herokuapp.com/yzcloud2.yaml
2026-05-18 15:05:32,709 | INFO     |   → 646/909: ✅ 0 взято | 🗑️ 0 мусор
2026-05-18 15:05:32,709 | INFO     |   → 647/909 ❌ HTTP 404 — https://raw.githubusercontent.com/learnhard-cn/free_proxy_ss/main/clash/config.yaml
2026-05-18 15:05:32,709 | INFO     |   → 648/909: ✅ 0 взято | 🗑️ 8 мусор
2026-05-18 15:05:32,709 | INFO     |   → 649/909: ✅ 0 взято | 🗑️ 4 мусор
2026-05-18 15:05:32,709 | INFO     |   → 650/909: ✅ 0 взято | 🗑️ 0 мусор
2026-05-18 15:05:32,709 | INFO     |   → 651/909: ✅ 0 взято | 🗑️ 4 мусор
2026-05-18 15:05:32,709 | INFO     |   → 652/909: ✅ 0 взято | 🗑️ 149 мусор
2026-05-18 15:05:32,709 | INFO     |   → 653/909: ✅ 0 взято | 🗑️ 421 мусор
2026-05-18 15:05:32,709 | INFO     |   → 654/909 ❌ HTTP 404 — https://raw.githubusercontent.com/lisylva-lee/v2dyku/main/ssr
2026-05-18 15:05:32,709 | INFO     |   → 655/909 ❌ HTTP 404 — https://raw.githubusercontent.com/lisylva-lee/v2dyku/main/v2dy
2026-05-18 15:05:32,709 | INFO     |   → 656/909: ✅ 0 взято | 🗑️ 53 мусор
2026-05-18 15:05:32,709 | INFO     |   → 657/909 ❌ HTTP 404 — https://raw.githubusercontent.com/luxl-1379/merge/77247d23def72b25226dfa741614e9b07a569c72/sub/sub_merge_base64.txt
2026-05-18 15:05:32,709 | INFO     |   → 658/909: ✅ 146 взято | 🗑️ 343 мусор
2026-05-18 15:05:32,709 | INFO     |   → 659/909: ✅ 0 взято | 🗑️ 120 мусор
2026-05-18 15:05:32,709 | INFO     |   → 660/909: ✅ 653 взято | 🗑️ 3936 мусор
2026-05-18 15:05:32,709 | INFO     |   → 661/909: ✅ 0 взято | 🗑️ 0 мусор
2026-05-18 15:05:32,709 | INFO     |   → 662/909: ✅ 0 взято | 🗑️ 3936 мусор
2026-05-18 15:05:32,709 | INFO     |   → 663/909: ✅ 20 взято | 🗑️ 370 мусор
2026-05-18 15:05:32,709 | INFO     |   → 664/909 ❌ HTTP 404 — https://raw.githubusercontent.com/mermeroo/Clash-V2ray/main/v2ray
2026-05-18 15:05:32,709 | INFO     |   → 665/909: ✅ 15 взято | 🗑️ 417 мусор
2026-05-18 15:05:32,709 | INFO     |   → 666/909: ✅ 6 взято | 🗑️ 102 мусор
2026-05-18 15:05:32,709 | INFO     |   → 667/909: ✅ 716 взято | 🗑️ 6258 мусор
2026-05-18 15:05:32,709 | INFO     |   → 668/909: ✅ 8 взято | 🗑️ 853 мусор
2026-05-18 15:05:32,710 | INFO     |   → 669/909: ✅ 32 взято | 🗑️ 69 мусор
2026-05-18 15:05:32,710 | INFO     |   → 670/909 ❌ HTTP 404 — https://raw.githubusercontent.com/mermeroo/free-v2ray-collector/main/main/mix
2026-05-18 15:05:32,710 | INFO     |   → 671/909 ❌ HTTP 404 — https://raw.githubusercontent.com/mermeroo/free-v2ray-collector/main/main/reality
2026-05-18 15:05:32,710 | INFO     |   → 672/909 ❌ HTTP 404 — https://raw.githubusercontent.com/mermeroo/free-v2ray-collector/main/main/shadowsocks
2026-05-18 15:05:32,710 | INFO     |   → 673/909 ❌ HTTP 404 — https://raw.githubusercontent.com/mermeroo/free-v2ray-collector/main/main/trojan
2026-05-18 15:05:32,710 | INFO     |   → 674/909 ❌ HTTP 404 — https://raw.githubusercontent.com/mermeroo/free-v2ray-collector/main/main/vless
2026-05-18 15:05:32,710 | INFO     |   → 675/909 ❌ HTTP 404 — https://raw.githubusercontent.com/mermeroo/free-v2ray-collector/main/main/vmess
2026-05-18 15:05:32,710 | INFO     |   → 676/909 ❌ HTTP 404 — https://raw.githubusercontent.com/mfuu/v2ray/master/merge/merge.txt
2026-05-18 15:05:32,710 | INFO     |   → 677/909: ✅ 0 взято | 🗑️ 204 мусор
2026-05-18 15:05:32,710 | INFO     |   → 678/909: ✅ 0 взято | 🗑️ 204 мусор
2026-05-18 15:05:32,710 | INFO     |   → 679/909: ✅ 551 взято | 🗑️ 14267 мусор
2026-05-18 15:05:32,710 | INFO     |   → 680/909: ✅ 0 взято | 🗑️ 14267 мусор
2026-05-18 15:05:32,710 | INFO     |   → 681/909: ✅ 0 взято | 🗑️ 3098 мусор
2026-05-18 15:05:32,710 | INFO     |   → 682/909: ✅ 0 взято | 🗑️ 1783 мусор
2026-05-18 15:05:32,710 | INFO     |   → 683/909: ✅ 0 взято | 🗑️ 5077 мусор
2026-05-18 15:05:32,710 | INFO     |   → 684/909: ✅ 0 взято | 🗑️ 4309 мусор
2026-05-18 15:05:32,710 | INFO     |   → 685/909 ❌ HTTP 404 — https://raw.githubusercontent.com/mianous/qiren/main/qiren.txt
2026-05-18 15:05:32,710 | INFO     |   → 686/909 ❌ HTTP 404 — https://raw.githubusercontent.com/miladtahanian/V2RayCFGDumper/refs/heads/main/config.txt
2026-05-18 15:05:32,710 | INFO     |   → 687/909 ❌ HTTP 404 — https://raw.githubusercontent.com/miladtahanian/multi-proxy-config-fetcher/refs/heads/main/configs/proxy_configs.txt
2026-05-18 15:05:32,710 | INFO     |   → 688/909: ✅ 0 взято | 🗑️ 0 мусор
2026-05-18 15:05:32,710 | INFO     |   → 689/909: ✅ 0 взято | 🗑️ 0 мусор
2026-05-18 15:05:32,710 | INFO     |   → 690/909: ✅ 0 взято | 🗑️ 0 мусор
2026-05-18 15:05:32,710 | INFO     |   → 691/909: ✅ 15 взято | 🗑️ 46 мусор
2026-05-18 15:05:32,710 | INFO     |   → 692/909: ✅ 0 взято | 🗑️ 217 мусор
2026-05-18 15:05:32,710 | INFO     |   → 693/909: ✅ 0 взято | 🗑️ 0 мусор
2026-05-18 15:05:32,710 | INFO     |   → 694/909: ✅ 28 взято | 🗑️ 93 мусор
2026-05-18 15:05:32,710 | INFO     |   → 695/909: ✅ 0 взято | 🗑️ 0 мусор
2026-05-18 15:05:32,710 | INFO     |   → 696/909: ✅ 15 взято | 🗑️ 70 мусор
2026-05-18 15:05:32,711 | INFO     |   → 697/909: ✅ 127 взято | 🗑️ 492 мусор
2026-05-18 15:05:32,711 | INFO     |   → 698/909: ✅ 331 взято | 🗑️ 190 мусор
2026-05-18 15:05:32,711 | INFO     |   → 699/909: ✅ 27 взято | 🗑️ 905 мусор
2026-05-18 15:05:32,711 | INFO     |   → 700/909 ❌ HTTP 404 — https://raw.githubusercontent.com/obscure1990/freeVM/master/snippets/nodes.yml
2026-05-18 15:05:32,711 | INFO     |   → 701/909 ❌ HTTP 404 — https://raw.githubusercontent.com/op30mmd/things/909b38024ba14d69dc0f95c238f63bc6e930a00f/eut.txt
2026-05-18 15:05:32,711 | INFO     |   → 702/909 ❌ HTTP 404 — https://raw.githubusercontent.com/openRunner/clash-freenode/main/v2ray.txt
2026-05-18 15:05:32,711 | INFO     |   → 703/909 ❌ HTTP 404 — https://raw.githubusercontent.com/oslook/clash-freenode/main/clash.yaml
2026-05-18 15:05:32,711 | INFO     |   → 704/909: ✅ 0 взято | 🗑️ 0 мусор
2026-05-18 15:05:32,711 | INFO     |   → 705/909: ✅ 4 взято | 🗑️ 1 мусор
2026-05-18 15:05:32,711 | INFO     |   → 706/909: ✅ 0 взято | 🗑️ 0 мусор
2026-05-18 15:05:32,711 | INFO     |   → 707/909: ✅ 21 взято | 🗑️ 203 мусор
2026-05-18 15:05:32,711 | INFO     |   → 708/909: ✅ 0 взято | 🗑️ 0 мусор
2026-05-18 15:05:32,711 | INFO     |   → 709/909: ✅ 0 взято | 🗑️ 0 мусор
2026-05-18 15:05:32,711 | INFO     |   → 710/909: ✅ 0 взято | 🗑️ 19 мусор
2026-05-18 15:05:32,711 | INFO     |   → 711/909: ✅ 0 взято | 🗑️ 44 мусор
2026-05-18 15:05:32,711 | INFO     |   → 712/909: ✅ 63 взято | 🗑️ 521 мусор
2026-05-18 15:05:32,711 | INFO     |   → 713/909: ✅ 165 взято | 🗑️ 273 мусор
2026-05-18 15:05:32,711 | INFO     |   → 714/909: ✅ 0 взято | 🗑️ 0 мусор
2026-05-18 15:05:32,711 | INFO     |   → 715/909: ✅ 28 взято | 🗑️ 211 мусор
2026-05-18 15:05:32,711 | INFO     |   → 716/909: ✅ 0 взято | 🗑️ 79 мусор
2026-05-18 15:05:32,711 | INFO     |   → 717/909: ✅ 13 взято | 🗑️ 32 мусор
2026-05-18 15:05:32,711 | INFO     |   → 718/909: ✅ 0 взято | 🗑️ 0 мусор
2026-05-18 15:05:32,711 | INFO     |   → 719/909: ✅ 2 взято | 🗑️ 9 мусор
2026-05-18 15:05:32,711 | INFO     |   → 720/909: ✅ 11 взято | 🗑️ 76 мусор
2026-05-18 15:05:32,711 | INFO     |   → 721/909: ✅ 0 взято | 🗑️ 168 мусор
2026-05-18 15:05:32,711 | INFO     |   → 722/909: ✅ 0 взято | 🗑️ 79 мусор
2026-05-18 15:05:32,711 | INFO     |   → 723/909: ✅ 0 взято | 🗑️ 16 мусор
2026-05-18 15:05:32,711 | INFO     |   → 724/909 ❌ HTTP 404 — https://raw.githubusercontent.com/ronghuaxueleng/get_v2/main/pub/changfengoss.yaml
2026-05-18 15:05:32,711 | INFO     |   → 725/909: ✅ 0 взято | 🗑️ 0 мусор
2026-05-18 15:05:32,712 | INFO     |   → 726/909: ✅ 46 взято | 🗑️ 102 мусор
2026-05-18 15:05:32,712 | INFO     |   → 727/909: ✅ 0 взято | 🗑️ 102 мусор
2026-05-18 15:05:32,712 | INFO     |   → 728/909 ❌ HTTP 404 — https://raw.githubusercontent.com/rxsweet/CM_Vmess/refs/heads/main/test.txt
2026-05-18 15:05:32,712 | INFO     |   → 729/909 ❌ HTTP 404 — https://raw.githubusercontent.com/rxsweet/proxies/main/sub/free.yaml
2026-05-18 15:05:32,712 | INFO     |   → 730/909 ❌ HTTP 404 — https://raw.githubusercontent.com/rxsweet/proxies/main/sub/rx.yaml
2026-05-18 15:05:32,712 | INFO     |   → 731/909 ❌ HTTP 404 — https://raw.githubusercontent.com/rxsweet/proxies/main/sub/sources/dynamicAll.yaml
2026-05-18 15:05:32,712 | INFO     |   → 732/909 ❌ HTTP 404 — https://raw.githubusercontent.com/rxsweet/proxies/main/sub/sources/miningAll.yaml
2026-05-18 15:05:32,712 | INFO     |   → 733/909 ❌ HTTP 404 — https://raw.githubusercontent.com/rxsweet/proxies/main/sub/srx.yaml
2026-05-18 15:05:32,712 | INFO     |   → 734/909 ❌ HTTP 404 — https://raw.githubusercontent.com/sajad-sajadi/V2ray-Collector/raw/main/output/protocols/vmess.txt
2026-05-18 15:05:32,712 | INFO     |   → 735/909 ❌ HTTP 404 — https://raw.githubusercontent.com/sakha1370/OpenRay/raw/refs/heads/main/output/all_valid_proxies.txt
2026-05-18 15:05:32,712 | INFO     |   → 736/909: ✅ 53 взято | 🗑️ 399 мусор
2026-05-18 15:05:32,712 | INFO     |   → 737/909: ✅ 0 взято | 🗑️ 399 мусор
2026-05-18 15:05:32,712 | INFO     |   → 738/909 ❌ HTTP 404 — https://raw.githubusercontent.com/samjoeyang/subscribe/main/fly
2026-05-18 15:05:32,712 | INFO     |   → 739/909: ✅ 0 взято | 🗑️ 0 мусор
2026-05-18 15:05:32,712 | INFO     |   → 740/909 ❌ HTTP 404 — https://raw.githubusercontent.com/sarina-ad/v2ray/main/v2ray
2026-05-18 15:05:32,712 | INFO     |   → 741/909 ❌ HTTP 404 — https://raw.githubusercontent.com/satrom/V2SSR/master/SSR/Sub.txt
2026-05-18 15:05:32,712 | INFO     |   → 742/909 ❌ HTTP 404 — https://raw.githubusercontent.com/satrom/V2SSR/master/V2RAY/Sub.txt
2026-05-18 15:05:32,712 | INFO     |   → 743/909: ✅ 1813 взято | 🗑️ 42890 мусор
2026-05-18 15:05:32,712 | INFO     |   → 744/909: ✅ 0 взято | 🗑️ 0 мусор
2026-05-18 15:05:32,712 | INFO     |   → 745/909: ✅ 0 взято | 🗑️ 0 мусор
2026-05-18 15:05:32,712 | INFO     |   → 746/909: ✅ 3 взято | 🗑️ 49 мусор
2026-05-18 15:05:32,712 | INFO     |   → 747/909: ✅ 116 взято | 🗑️ 1239 мусор
2026-05-18 15:05:32,712 | INFO     |   → 748/909: ✅ 0 взято | 🗑️ 618 мусор
2026-05-18 15:05:32,712 | INFO     |   → 749/909: ✅ 0 взято | 🗑️ 59 мусор
2026-05-18 15:05:32,712 | INFO     |   → 750/909: ✅ 0 взято | 🗑️ 545 мусор
2026-05-18 15:05:32,712 | INFO     |   → 751/909: ✅ 0 взято | 🗑️ 17 мусор
2026-05-18 15:05:32,712 | INFO     |   → 752/909: ✅ 0 взято | 🗑️ 1239 мусор
2026-05-18 15:05:32,712 | INFO     |   → 753/909: ✅ 0 взято | 🗑️ 0 мусор
2026-05-18 15:05:32,713 | INFO     |   → 754/909 ❌ HTTP 404 — https://raw.githubusercontent.com/shirkerboy/scp/main/sub
2026-05-18 15:05:32,713 | INFO     |   → 755/909 ❌ HTTP 404 — https://raw.githubusercontent.com/snakem982/proxypool/main/nodelist.txt
2026-05-18 15:05:32,713 | INFO     |   → 756/909: ✅ 13 взято | 🗑️ 27 мусор
2026-05-18 15:05:32,713 | INFO     |   → 757/909 ❌ HTTP 404 — https://raw.githubusercontent.com/snakem982/proxypool/main/source/v2ray.txt
2026-05-18 15:05:32,713 | INFO     |   → 758/909 ❌ HTTP 404 — https://raw.githubusercontent.com/soroushmirzaei/telegram-configs-collector/main/channels/protocols/hysteria
2026-05-18 15:05:32,713 | INFO     |   → 759/909 ❌ HTTP 404 — https://raw.githubusercontent.com/soroushmirzaei/telegram-configs-collector/main/channels/protocols/juicity
2026-05-18 15:05:32,713 | INFO     |   → 760/909 ❌ HTTP 404 — https://raw.githubusercontent.com/soroushmirzaei/telegram-configs-collector/main/channels/protocols/reality
2026-05-18 15:05:32,713 | INFO     |   → 761/909 ❌ HTTP 404 — https://raw.githubusercontent.com/soroushmirzaei/telegram-configs-collector/main/channels/protocols/shadowsocks
2026-05-18 15:05:32,713 | INFO     |   → 762/909 ❌ HTTP 404 — https://raw.githubusercontent.com/soroushmirzaei/telegram-configs-collector/main/channels/protocols/trojan
2026-05-18 15:05:32,713 | INFO     |   → 763/909 ❌ HTTP 404 — https://raw.githubusercontent.com/soroushmirzaei/telegram-configs-collector/main/channels/protocols/tuic
2026-05-18 15:05:32,713 | INFO     |   → 764/909 ❌ HTTP 404 — https://raw.githubusercontent.com/soroushmirzaei/telegram-configs-collector/main/channels/protocols/vless
2026-05-18 15:05:32,713 | INFO     |   → 765/909 ❌ HTTP 404 — https://raw.githubusercontent.com/soroushmirzaei/telegram-configs-collector/main/channels/protocols/vmess
2026-05-18 15:05:32,713 | INFO     |   → 766/909 ❌ HTTP 404 — https://raw.githubusercontent.com/soroushmirzaei/telegram-configs-collector/main/countries/jp/mixed
2026-05-18 15:05:32,713 | INFO     |   → 767/909 ❌ HTTP 404 — https://raw.githubusercontent.com/soroushmirzaei/telegram-configs-collector/main/protocols/hysteria
2026-05-18 15:05:32,713 | INFO     |   → 768/909 ❌ HTTP 404 — https://raw.githubusercontent.com/soroushmirzaei/telegram-configs-collector/main/protocols/juicity
2026-05-18 15:05:32,713 | INFO     |   → 769/909 ❌ HTTP 404 — https://raw.githubusercontent.com/soroushmirzaei/telegram-configs-collector/main/protocols/reality
2026-05-18 15:05:32,713 | INFO     |   → 770/909 ❌ HTTP 404 — https://raw.githubusercontent.com/soroushmirzaei/telegram-configs-collector/main/protocols/shadowsocks
2026-05-18 15:05:32,713 | INFO     |   → 771/909 ❌ HTTP 404 — https://raw.githubusercontent.com/soroushmirzaei/telegram-configs-collector/main/protocols/trojan
2026-05-18 15:05:32,713 | INFO     |   → 772/909 ❌ HTTP 404 — https://raw.githubusercontent.com/soroushmirzaei/telegram-configs-collector/main/protocols/tuic
2026-05-18 15:05:32,713 | INFO     |   → 773/909 ❌ HTTP 404 — https://raw.githubusercontent.com/soroushmirzaei/telegram-configs-collector/main/protocols/vless
2026-05-18 15:05:32,713 | INFO     |   → 774/909 ❌ HTTP 404 — https://raw.githubusercontent.com/soroushmirzaei/telegram-configs-collector/main/protocols/vmess
2026-05-18 15:05:32,713 | INFO     |   → 775/909 ❌ HTTP 404 — https://raw.githubusercontent.com/soroushmirzaei/telegram-configs-collector/main/splitted/subscribe
2026-05-18 15:05:32,713 | INFO     |   → 776/909 ❌ HTTP 404 — https://raw.githubusercontent.com/ssrsub/ssr/master/Clash.yml
2026-05-18 15:05:32,713 | INFO     |   → 777/909 ❌ HTTP 404 — https://raw.githubusercontent.com/ssrsub/ssr/master/V2Ray
2026-05-18 15:05:32,713 | INFO     |   → 778/909 ❌ HTTP 404 — https://raw.githubusercontent.com/ssrsub/ssr/master/ss-sub
2026-05-18 15:05:32,713 | INFO     |   → 779/909 ❌ HTTP 404 — https://raw.githubusercontent.com/ssrsub/ssr/master/ssrsub
2026-05-18 15:05:32,713 | INFO     |   → 780/909 ❌ HTTP 404 — https://raw.githubusercontent.com/ssrsub/ssr/master/trojan
2026-05-18 15:05:32,713 | INFO     |   → 781/909: ✅ 0 взято | 🗑️ 0 мусор
2026-05-18 15:05:32,713 | INFO     |   → 782/909: ✅ 2 взято | 🗑️ 12 мусор
2026-05-18 15:05:32,714 | INFO     |   → 783/909: ✅ 0 взято | 🗑️ 13 мусор
2026-05-18 15:05:32,714 | INFO     |   → 784/909: ✅ 0 взято | 🗑️ 13 мусор
2026-05-18 15:05:32,714 | INFO     |   → 785/909 ❌ HTTP 404 — https://raw.githubusercontent.com/tbbatbb/Proxy/master/dist/clash.config.yaml
2026-05-18 15:05:32,714 | INFO     |   → 786/909: ✅ 2 взято | 🗑️ 35 мусор
2026-05-18 15:05:32,714 | INFO     |   → 787/909: ✅ 0 взято | 🗑️ 0 мусор
2026-05-18 15:05:32,714 | INFO     |   → 788/909: ✅ 5 взято | 🗑️ 111 мусор
2026-05-18 15:05:32,714 | INFO     |   → 789/909: ✅ 0 взято | 🗑️ 0 мусор
2026-05-18 15:05:32,714 | INFO     |   → 790/909: ✅ 0 взято | 🗑️ 92 мусор
2026-05-18 15:05:32,714 | INFO     |   → 791/909 ❌ HTTP 404 — https://raw.githubusercontent.com/v2clash/Autoproxy/a81f840ab2364124133572ec94e4b81fb0d4e58d/sub/2401/240104.txt
2026-05-18 15:05:32,714 | INFO     |   → 792/909 ❌ HTTP 404 — https://raw.githubusercontent.com/v2clash/V2ray-Configs/31f493c584d0c7b56350f4a34d80c53ad82bcc18/Sub9.txt
2026-05-18 15:05:32,714 | INFO     |   → 793/909: ✅ 0 взято | 🗑️ 0 мусор
2026-05-18 15:05:32,714 | INFO     |   → 794/909: ✅ 0 взято | 🗑️ 0 мусор
2026-05-18 15:05:32,714 | INFO     |   → 795/909: ✅ 0 взято | 🗑️ 0 мусор
2026-05-18 15:05:32,714 | INFO     |   → 796/909: ✅ 283 взято | 🗑️ 9640 мусор
2026-05-18 15:05:32,714 | INFO     |   → 797/909: ✅ 281 взято | 🗑️ 10086 мусор
2026-05-18 15:05:32,714 | INFO     |   → 798/909: ✅ 280 взято | 🗑️ 9675 мусор
2026-05-18 15:05:32,714 | INFO     |   → 799/909: ✅ 334 взято | 🗑️ 9823 мусор
2026-05-18 15:05:32,714 | INFO     |   → 800/909: ✅ 350 взято | 🗑️ 9639 мусор
2026-05-18 15:05:32,714 | INFO     |   → 801/909: ✅ 125 взято | 🗑️ 7919 мусор
2026-05-18 15:05:32,714 | INFO     |   → 802/909: ✅ 135 взято | 🗑️ 4836 мусор
2026-05-18 15:05:32,714 | INFO     |   → 803/909: ✅ 502 взято | 🗑️ 7659 мусор
2026-05-18 15:05:32,714 | INFO     |   → 804/909: ✅ 631 взято | 🗑️ 8081 мусор
2026-05-18 15:05:32,714 | INFO     |   → 805/909: ✅ 202 взято | 🗑️ 5131 мусор
2026-05-18 15:05:32,714 | INFO     |   → 806/909 ❌ HTTP 404 — https://raw.githubusercontent.com/vveg26/chromego_merge/main/sub/merged_proxies.yaml
2026-05-18 15:05:32,714 | INFO     |   → 807/909 ❌ HTTP 404 — https://raw.githubusercontent.com/vveg26/get_proxy/main/dist/clash.config.yaml
2026-05-18 15:05:32,714 | INFO     |   → 808/909: ✅ 0 взято | 🗑️ 10 мусор
2026-05-18 15:05:32,714 | INFO     |   → 809/909: ✅ 0 взято | 🗑️ 10 мусор
2026-05-18 15:05:32,714 | INFO     |   → 810/909: ✅ 0 взято | 🗑️ 4 мусор
2026-05-18 15:05:32,714 | INFO     |   → 811/909: ✅ 0 взято | 🗑️ 0 мусор
2026-05-18 15:05:32,715 | INFO     |   → 812/909: ✅ 0 взято | 🗑️ 4 мусор
2026-05-18 15:05:32,715 | INFO     |   → 813/909: ✅ 106 взято | 🗑️ 689 мусор
2026-05-18 15:05:32,715 | INFO     |   → 814/909: ✅ 48 взято | 🗑️ 841 мусор
2026-05-18 15:05:32,715 | INFO     |   → 815/909: ✅ 21 взято | 🗑️ 789 мусор
2026-05-18 15:05:32,715 | INFO     |   → 816/909: ✅ 24 взято | 🗑️ 774 мусор
2026-05-18 15:05:32,715 | INFO     |   → 817/909: ✅ 52 взято | 🗑️ 756 мусор
2026-05-18 15:05:32,715 | INFO     |   → 818/909: ✅ 191 взято | 🗑️ 745 мусор
2026-05-18 15:05:32,715 | INFO     |   → 819/909: ✅ 9 взято | 🗑️ 651 мусор
2026-05-18 15:05:32,715 | INFO     |   → 820/909: ✅ 185 взято | 🗑️ 388 мусор
2026-05-18 15:05:32,715 | INFO     |   → 821/909: ✅ 130 взято | 🗑️ 523 мусор
2026-05-18 15:05:32,715 | INFO     |   → 822/909: ✅ 67 взято | 🗑️ 533 мусор
2026-05-18 15:05:32,715 | INFO     |   → 823/909: ✅ 98 взято | 🗑️ 444 мусор
2026-05-18 15:05:32,715 | INFO     |   → 824/909: ✅ 102 взято | 🗑️ 670 мусор
2026-05-18 15:05:32,715 | INFO     |   → 825/909: ✅ 86 взято | 🗑️ 476 мусор
2026-05-18 15:05:32,715 | INFO     |   → 826/909: ✅ 95 взято | 🗑️ 657 мусор
2026-05-18 15:05:32,715 | INFO     |   → 827/909: ✅ 105 взято | 🗑️ 645 мусор
2026-05-18 15:05:32,715 | INFO     |   → 828/909: ✅ 115 взято | 🗑️ 985 мусор
2026-05-18 15:05:32,715 | INFO     |   → 829/909: ✅ 6 взято | 🗑️ 63 мусор
2026-05-18 15:05:32,715 | INFO     |   → 830/909: ✅ 7 взято | 🗑️ 62 мусор
2026-05-18 15:05:32,715 | INFO     |   → 831/909: ✅ 39 взято | 🗑️ 489 мусор
2026-05-18 15:05:32,715 | INFO     |   → 832/909: ✅ 0 взято | 🗑️ 0 мусор
2026-05-18 15:05:32,715 | INFO     |   → 833/909: ✅ 0 взято | 🗑️ 0 мусор
2026-05-18 15:05:32,715 | INFO     |   → 834/909: ✅ 0 взято | 🗑️ 0 мусор
2026-05-18 15:05:32,715 | INFO     |   → 835/909: ✅ 0 взято | 🗑️ 0 мусор
2026-05-18 15:05:32,715 | INFO     |   → 836/909: ✅ 0 взято | 🗑️ 0 мусор
2026-05-18 15:05:32,715 | INFO     |   → 837/909: ✅ 0 взято | 🗑️ 52 мусор
2026-05-18 15:05:32,715 | INFO     |   → 838/909: ✅ 5 взято | 🗑️ 10 мусор
2026-05-18 15:05:32,715 | INFO     |   → 839/909: ✅ 1 взято | 🗑️ 124 мусор
2026-05-18 15:05:32,715 | INFO     |   → 840/909: ✅ 106 взято | 🗑️ 94 мусор
2026-05-18 15:05:32,716 | INFO     |   → 841/909: ✅ 0 взято | 🗑️ 9 мусор
2026-05-18 15:05:32,716 | INFO     |   → 842/909: ✅ 44 взято | 🗑️ 468 мусор
2026-05-18 15:05:32,716 | INFO     |   → 843/909 ❌ HTTP 404 — https://raw.githubusercontent.com/xiaozhu2007/xiaozhu2007/61a755a044dbaeea678bc2d1e20f21a21c6d7170/docs/fxxk.txt
2026-05-18 15:05:32,716 | INFO     |   → 844/909: ✅ 1 взято | 🗑️ 159 мусор
2026-05-18 15:05:32,716 | INFO     |   → 845/909: ✅ 0 взято | 🗑️ 22 мусор
2026-05-18 15:05:32,716 | INFO     |   → 846/909: ✅ 0 взято | 🗑️ 0 мусор
2026-05-18 15:05:32,716 | INFO     |   → 847/909 ❌ HTTP 404 — https://raw.githubusercontent.com/yebekhe/TVC/0f745f92bf381e505f1245abbc7c145b19b11503/config.txt
2026-05-18 15:05:32,716 | INFO     |   → 848/909 ❌ HTTP 404 — https://raw.githubusercontent.com/yebekhe/TVC/9fac69239c69327fb7a61f5a8d79d107133889e1/lite/config.txt
2026-05-18 15:05:32,716 | INFO     |   → 849/909 ❌ HTTP 404 — https://raw.githubusercontent.com/yebekhe/TelegramV2rayCollector/main/sub/normal/donated
2026-05-18 15:05:32,716 | INFO     |   → 850/909 ❌ HTTP 404 — https://raw.githubusercontent.com/yebekhe/TelegramV2rayCollector/main/sub/normal/hysteria2
2026-05-18 15:05:32,716 | INFO     |   → 851/909 ❌ HTTP 404 — https://raw.githubusercontent.com/yebekhe/TelegramV2rayCollector/main/sub/normal/mix
2026-05-18 15:05:32,716 | INFO     |   → 852/909 ❌ HTTP 404 — https://raw.githubusercontent.com/yebekhe/TelegramV2rayCollector/main/sub/normal/reality
2026-05-18 15:05:32,716 | INFO     |   → 853/909 ❌ HTTP 404 — https://raw.githubusercontent.com/yebekhe/TelegramV2rayCollector/main/sub/normal/shadowsocks
2026-05-18 15:05:32,716 | INFO     |   → 854/909 ❌ HTTP 404 — https://raw.githubusercontent.com/yebekhe/TelegramV2rayCollector/main/sub/normal/trojan
2026-05-18 15:05:32,716 | INFO     |   → 855/909 ❌ HTTP 404 — https://raw.githubusercontent.com/yebekhe/TelegramV2rayCollector/main/sub/normal/tuic
2026-05-18 15:05:32,716 | INFO     |   → 856/909 ❌ HTTP 404 — https://raw.githubusercontent.com/yebekhe/TelegramV2rayCollector/main/sub/normal/vless
2026-05-18 15:05:32,716 | INFO     |   → 857/909 ❌ HTTP 404 — https://raw.githubusercontent.com/yebekhe/TelegramV2rayCollector/main/sub/normal/vmess
2026-05-18 15:05:32,716 | INFO     |   → 858/909 ❌ HTTP 404 — https://raw.githubusercontent.com/yebekhe/V2Hub/main/Split/Normal/shadowsocks
2026-05-18 15:05:32,716 | INFO     |   → 859/909 ❌ HTTP 404 — https://raw.githubusercontent.com/yebekhe/V2Hub/main/merged
2026-05-18 15:05:32,716 | INFO     |   → 860/909: ✅ 0 взято | 🗑️ 30 мусор
2026-05-18 15:05:32,716 | INFO     |   → 861/909: ✅ 930 взято | 🗑️ 7059 мусор
2026-05-18 15:05:32,716 | INFO     |   → 862/909: ✅ 7 взято | 🗑️ 337 мусор
2026-05-18 15:05:32,716 | INFO     |   → 863/909: ✅ 7 взято | 🗑️ 274 мусор
2026-05-18 15:05:32,716 | INFO     |   → 864/909: ✅ 304 взято | 🗑️ 217 мусор
2026-05-18 15:05:32,716 | INFO     |   → 865/909: ✅ 122 взято | 🗑️ 1417 мусор
2026-05-18 15:05:32,716 | INFO     |   → 866/909: ✅ 2 взято | 🗑️ 384 мусор
2026-05-18 15:05:32,716 | INFO     |   → 867/909 ❌ HTTP 404 — https://raw.githubusercontent.com/yyyr-otz/tele-providers-collector/019cb3e07ee52fddbc7caa54fc670c6b9bae6539/sub/proxies.txt
2026-05-18 15:05:32,716 | INFO     |   → 868/909 ❌ HTTP 404 — https://raw.githubusercontent.com/yyyr-otz/tele-providers-collector/b7a74ee98bcf02c5a507d688a1bed3aa9f7f4ed1/script/raw/protocols/mixed.txt
2026-05-18 15:05:32,717 | INFO     |   → 869/909: ✅ 0 взято | 🗑️ 0 мусор
2026-05-18 15:05:32,717 | INFO     |   → 870/909: ✅ 0 взято | 🗑️ 0 мусор
2026-05-18 15:05:32,717 | INFO     |   → 871/909: ✅ 1 взято | 🗑️ 18 мусор
2026-05-18 15:05:32,717 | INFO     |   → 872/909: ✅ 0 взято | 🗑️ 14 мусор
2026-05-18 15:05:32,717 | INFO     |   → 873/909: ✅ 0 взято | 🗑️ 5 мусор
2026-05-18 15:05:32,717 | INFO     |   → 874/909: ✅ 0 взято | 🗑️ 0 мусор
2026-05-18 15:05:32,717 | INFO     |   → 875/909 ⚠️ Ошибка: ('Connection aborted.', RemoteDisconnected('Remote end closed connection without response')) — https://sub.pmsub.me/clash.yaml
2026-05-18 15:05:32,717 | INFO     |   → 876/909: ✅ 0 взято | 🗑️ 1 мусор
2026-05-18 15:05:32,717 | INFO     |   → 877/909: ✅ 8 взято | 🗑️ 21 мусор
2026-05-18 15:05:32,717 | INFO     |   → 878/909: ✅ 0 взято | 🗑️ 0 мусор
2026-05-18 15:05:32,717 | INFO     |   → 879/909: ✅ 9 взято | 🗑️ 19 мусор
2026-05-18 15:05:32,717 | INFO     |   → 880/909: ✅ 0 взято | 🗑️ 0 мусор
2026-05-18 15:05:32,717 | INFO     |   → 881/909: ✅ 2 взято | 🗑️ 14 мусор
2026-05-18 15:05:32,717 | INFO     |   → 882/909: ✅ 4 взято | 🗑️ 22 мусор
2026-05-18 15:05:32,717 | INFO     |   → 883/909: ✅ 0 взято | 🗑️ 0 мусор
2026-05-18 15:05:32,717 | INFO     |   → 884/909: ✅ 0 взято | 🗑️ 0 мусор
2026-05-18 15:05:32,717 | INFO     |   → 885/909: ✅ 0 взято | 🗑️ 0 мусор
2026-05-18 15:05:32,717 | INFO     |   → 886/909: ✅ 2 взято | 🗑️ 16 мусор
2026-05-18 15:05:32,717 | INFO     |   → 887/909: ✅ 0 взято | 🗑️ 0 мусор
2026-05-18 15:05:32,717 | INFO     |   → 888/909: ✅ 4 взято | 🗑️ 7 мусор
2026-05-18 15:05:32,717 | INFO     |   → 889/909: ✅ 0 взято | 🗑️ 0 мусор
2026-05-18 15:05:32,717 | INFO     |   → 890/909: ✅ 6 взято | 🗑️ 14 мусор
2026-05-18 15:05:32,717 | INFO     |   → 891/909: ✅ 0 взято | 🗑️ 0 мусор
2026-05-18 15:05:32,717 | INFO     |   → 892/909: ✅ 2 взято | 🗑️ 13 мусор
2026-05-18 15:05:32,717 | INFO     |   → 893/909: ✅ 0 взято | 🗑️ 0 мусор
2026-05-18 15:05:32,717 | INFO     |   → 894/909: ✅ 0 взято | 🗑️ 0 мусор
2026-05-18 15:05:32,718 | INFO     |   → 895/909: ✅ 2 взято | 🗑️ 7 мусор
2026-05-18 15:05:32,718 | INFO     |   → 896/909: ✅ 2 взято | 🗑️ 14 мусор
2026-05-18 15:05:32,718 | INFO     |   → 897/909: ✅ 2 взято | 🗑️ 14 мусор
2026-05-18 15:05:32,718 | INFO     |   → 898/909: ✅ 0 взято | 🗑️ 0 мусор
2026-05-18 15:05:32,718 | INFO     |   → 899/909: ✅ 3 взято | 🗑️ 22 мусор
2026-05-18 15:05:32,718 | INFO     |   → 900/909: ✅ 0 взято | 🗑️ 0 мусор
2026-05-18 15:05:32,718 | INFO     |   → 901/909: ✅ 2 взято | 🗑️ 15 мусор
2026-05-18 15:05:32,718 | INFO     |   → 902/909: ✅ 3 взято | 🗑️ 12 мусор
2026-05-18 15:05:32,718 | INFO     |   → 903/909: ✅ 0 взято | 🗑️ 0 мусор
2026-05-18 15:05:32,718 | INFO     |   → 904/909: ✅ 0 взято | 🗑️ 0 мусор
2026-05-18 15:05:32,718 | INFO     |   → 905/909: ✅ 0 взято | 🗑️ 0 мусор
2026-05-18 15:05:32,718 | INFO     |   → 906/909: ✅ 4 взято | 🗑️ 11 мусор
2026-05-18 15:05:32,718 | INFO     |   → 907/909: ✅ 13 взято | 🗑️ 15 мусор
2026-05-18 15:05:32,718 | INFO     |   → 908/909: ✅ 0 взято | 🗑️ 0 мусор
2026-05-18 15:05:32,718 | INFO     |   → 909/909: ✅ 0 взято | 🗑️ 8 мусор
2026-05-18 15:05:32,718 | INFO     |   → ✅ ГОТОВО!
2026-05-18 15:05:32,718 | INFO     |   →    📥 Всего ключей после фильтра: 19241
2026-05-18 15:05:32,718 | INFO     |   →    🔗 Уникальных IP:PORT:SCHEME: 10271
2026-05-18 15:05:32,718 | INFO     |   →    🗑️ Выброшено мусора: 335010
2026-05-18 15:05:32,718 | INFO     |   → 📊 По протоколам:
2026-05-18 15:05:32,718 | INFO     |   →    vless: 3552
2026-05-18 15:05:32,718 | INFO     |   →    vmess: 3454
2026-05-18 15:05:32,718 | INFO     |   →    trojan: 1220
2026-05-18 15:05:32,718 | INFO     |   →    ss: 1886
2026-05-18 15:05:32,718 | INFO     |   →    hysteria: 13
2026-05-18 15:05:32,718 | INFO     |   →    hysteria2: 34
2026-05-18 15:05:32,718 | INFO     |   →    hy2: 60
2026-05-18 15:05:32,718 | INFO     |   →    tuic: 52
2026-05-18 15:05:32,718 | INFO     | ✅ mirror.py завершён успешно
2026-05-18 15:05:32,719 | INFO     | 
2026-05-18 15:05:32,719 | INFO     | 
2026-05-18 15:05:32,719 | INFO     | ──────────────────────────────────────────────────────────────────────
2026-05-18 15:05:32,719 | INFO     | 📌 ЭТАП: Фильтрация по реальному SNI
2026-05-18 15:05:32,719 | INFO     | ──────────────────────────────────────────────────────────────────────
2026-05-18 15:05:32,719 | INFO     | 🚀 Запуск filter_ru_sni.py (Фильтр по реальному SNI (CDN+RU))...
2026-05-18 15:05:32,953 | INFO     |   → hy2.txt: 60 → 19 (SNI-filtered)
2026-05-18 15:05:32,953 | INFO     |   →   hysteria.txt: 13 → 0 (SNI-filtered)
2026-05-18 15:05:32,953 | INFO     |   →   hysteria2.txt: 34 → 4 (SNI-filtered)
2026-05-18 15:05:32,953 | INFO     |   →   ss.txt: 1886 → 0 (SNI-filtered)
2026-05-18 15:05:32,953 | INFO     |   →   trojan.txt: 1220 → 3 (SNI-filtered)
2026-05-18 15:05:32,953 | INFO     |   →   tuic.txt: 52 → 0 (SNI-filtered)
2026-05-18 15:05:32,953 | INFO     |   →   vless.txt: 3552 → 456 (SNI-filtered)
2026-05-18 15:05:32,953 | INFO     |   →   vmess.txt: 3454 → 37 (SNI-filtered)
2026-05-18 15:05:32,953 | INFO     |   → ==================================================
2026-05-18 15:05:32,953 | INFO     |   →   Всего входных:  10271
2026-05-18 15:05:32,953 | INFO     |   →   Прошли фильтр:  519
2026-05-18 15:05:32,953 | INFO     |   →   Отброшено:      9752
2026-05-18 15:05:32,953 | INFO     |   → ==================================================
2026-05-18 15:05:32,953 | INFO     |   → Готово → /home/runner/work/vpn-vless-configs-russia/vpn-vless-configs-russia/githubmirror/ru-sni
2026-05-18 15:05:32,954 | INFO     | ✅ filter_ru_sni.py завершён успешно
2026-05-18 15:05:32,954 | INFO     | 
2026-05-18 15:05:32,954 | INFO     | 
2026-05-18 15:05:32,954 | INFO     | ──────────────────────────────────────────────────────────────────────
2026-05-18 15:05:32,954 | INFO     | 📌 ЭТАП: Экспериментальный RU-SNI фильтр
2026-05-18 15:05:32,954 | INFO     | ──────────────────────────────────────────────────────────────────────
2026-05-18 15:05:32,954 | INFO     | 🚀 Запуск filter_ru_sni_local.py (Экспериментальный фильтр по RU-SNI (локальные домены))...
2026-05-18 15:05:33,110 | INFO     |   → hy2.txt: 60 → 0 (RU-SNI)
2026-05-18 15:05:33,110 | INFO     |   → hysteria.txt: 13 → 0 (RU-SNI)
2026-05-18 15:05:33,110 | INFO     |   → hysteria2.txt: 34 → 0 (RU-SNI)
2026-05-18 15:05:33,110 | INFO     |   → ss.txt: 1886 → 0 (RU-SNI)
2026-05-18 15:05:33,110 | INFO     |   → trojan.txt: 1220 → 0 (RU-SNI)
2026-05-18 15:05:33,110 | INFO     |   → tuic.txt: 52 → 0 (RU-SNI)
2026-05-18 15:05:33,110 | INFO     |   → vless.txt: 3552 → 133 (RU-SNI)
2026-05-18 15:05:33,111 | INFO     |   → vmess.txt: 3454 → 0 (RU-SNI)
2026-05-18 15:05:33,111 | INFO     |   → ==================================================
2026-05-18 15:05:33,111 | INFO     |   → Всего входных:  10271
2026-05-18 15:05:33,111 | INFO     |   → Прошли RU-SNI:  133
2026-05-18 15:05:33,111 | INFO     |   → Отброшено:      10138
2026-05-18 15:05:33,111 | INFO     |   → ==================================================
2026-05-18 15:05:33,111 | INFO     |   → Готово → /home/runner/work/vpn-vless-configs-russia/vpn-vless-configs-russia/githubmirror/ru-sni-local
2026-05-18 15:05:33,111 | INFO     | ✅ filter_ru_sni_local.py завершён успешно
2026-05-18 15:05:33,111 | INFO     | 
2026-05-18 15:05:33,111 | INFO     | 
2026-05-18 15:05:33,111 | INFO     | ──────────────────────────────────────────────────────────────────────
2026-05-18 15:05:33,111 | INFO     | 📌 ЭТАП: Сбор статистики
2026-05-18 15:05:33,111 | INFO     | ──────────────────────────────────────────────────────────────────────
2026-05-18 15:05:33,111 | INFO     | 📊 Сбор статистики...
2026-05-18 15:05:33,111 | INFO     |   📁 githubmirror/clean:
2026-05-18 15:05:33,111 | INFO     |     • hy2         :    60 конфигов
2026-05-18 15:05:33,112 | INFO     |     • hysteria    :    13 конфигов
2026-05-18 15:05:33,112 | INFO     |     • hysteria2   :    34 конфигов
2026-05-18 15:05:33,113 | INFO     |     • ss          :  1886 конфигов
2026-05-18 15:05:33,114 | INFO     |     • trojan      :  1220 конфигов
2026-05-18 15:05:33,115 | INFO     |     • tuic        :    52 конфигов
2026-05-18 15:05:33,118 | INFO     |     • vless       :  3552 конфигов
2026-05-18 15:05:33,121 | INFO     |     • vmess       :  3454 конфигов
2026-05-18 15:05:33,121 | INFO     |   📁 githubmirror/ru-sni:
2026-05-18 15:05:33,122 | INFO     |     • hy2         :    19 конфигов ( 31.7% от clean)
2026-05-18 15:05:33,122 | INFO     |     • hysteria    :     0 конфигов (  0.0% от clean)
2026-05-18 15:05:33,122 | INFO     |     • hysteria2   :     4 конфигов ( 11.8% от clean)
2026-05-18 15:05:33,122 | INFO     |     • ss          :     0 конфигов (  0.0% от clean)
2026-05-18 15:05:33,122 | INFO     |     • trojan      :     3 конфигов (  0.2% от clean)
2026-05-18 15:05:33,122 | INFO     |     • tuic        :     0 конфигов (  0.0% от clean)
2026-05-18 15:05:33,123 | INFO     |     • vless       :   456 конфигов ( 12.8% от clean)
2026-05-18 15:05:33,123 | INFO     |     • vmess       :    37 конфигов (  1.1% от clean)
2026-05-18 15:05:33,123 | INFO     | 
2026-05-18 15:05:33,123 | INFO     |   ──────────────────────────────────────────────────
2026-05-18 15:05:33,123 | INFO     |   📈 ИТОГО:
2026-05-18 15:05:33,123 | INFO     |     Clean (после geo-фильтра):    10271
2026-05-18 15:05:33,123 | INFO     |     RU-SNI (после SNI-фильтра):     519
2026-05-18 15:05:33,123 | INFO     |     Прошло фильтр:                  5.0%
2026-05-18 15:05:33,123 | INFO     |   ──────────────────────────────────────────────────
2026-05-18 15:05:33,123 | INFO     | ✅ Статистика сохранена: /home/runner/work/vpn-vless-configs-russia/vpn-vless-configs-russia/stats.json
2026-05-18 15:05:33,123 | INFO     | 
2026-05-18 15:05:33,123 | INFO     | ======================================================================
2026-05-18 15:05:33,124 | INFO     | 📊 ИТОГОВЫЙ ОТЧЁТ
2026-05-18 15:05:33,124 | INFO     | ======================================================================
2026-05-18 15:05:33,124 | INFO     |   ✅ OK         | Загрузка и geo-фильтрация
2026-05-18 15:05:33,124 | INFO     |   ✅ OK         | Фильтрация по реальному SNI
2026-05-18 15:05:33,124 | INFO     |   ✅ OK         | Экспериментальный RU-SNI фильтр
2026-05-18 15:05:33,124 | INFO     |   ✅ OK         | Сбор статистики
2026-05-18 15:05:33,124 | INFO     | ──────────────────────────────────────────────────────────────────────
2026-05-18 15:05:33,124 | INFO     | ✅ ВСЕ ЭТАПЫ УСПЕШНЫ (4/4)
2026-05-18 15:05:33,124 | INFO     | ⏰ Время завершения: 2026-05-18 15:05:33
2026-05-18 15:05:33,124 | INFO     | ======================================================================
