2026-05-17 02:34:39,528 | INFO     | ======================================================================
2026-05-17 02:34:39,528 | INFO     | 🔍 VPN KEY CHECKER - Начало проверки
2026-05-17 02:34:39,528 | INFO     | ⏰ Время старта: 2026-05-17 02:34:39
2026-05-17 02:34:39,528 | INFO     | 📂 Рабочая директория: /home/runner/work/vpn-vless-configs-russia/vpn-vless-configs-russia
2026-05-17 02:34:39,528 | INFO     | ======================================================================
2026-05-17 02:34:39,528 | INFO     | 
2026-05-17 02:34:39,528 | INFO     | 🔍 Проверка наличия скриптов...
2026-05-17 02:34:39,528 | INFO     |   ✅ mirror.py
2026-05-17 02:34:39,528 | INFO     |   ✅ filter_ru_sni.py
2026-05-17 02:34:39,528 | INFO     |   ✅ filter_ru_sni_local.py
2026-05-17 02:34:39,528 | INFO     | 
2026-05-17 02:34:39,528 | INFO     | 
2026-05-17 02:34:39,528 | INFO     | ──────────────────────────────────────────────────────────────────────
2026-05-17 02:34:39,529 | INFO     | 📌 ЭТАП: Загрузка и geo-фильтрация
2026-05-17 02:34:39,529 | INFO     | ──────────────────────────────────────────────────────────────────────
2026-05-17 02:34:39,529 | INFO     | 🚀 Запуск mirror.py (Загрузка и фильтрация по РФ/СНГ/Европа)...
2026-05-17 02:37:07,922 | INFO     |   → 🚀 Старт: всего источников (старые + новые): 896
2026-05-17 02:37:07,923 | INFO     |   → 1/896: ✅ 13 взято | 🗑️ 242 мусор
2026-05-17 02:37:07,923 | INFO     |   → 2/896: ✅ 0 взято | 🗑️ 0 мусор
2026-05-17 02:37:07,923 | INFO     |   → 3/896 ❌ HTTP 404 — https://bitbucket.org/huwo1/proxy_nodes/raw/f31ca9ec67b84071515729ff45b011b6b09c10f2/clash.yaml
2026-05-17 02:37:07,923 | INFO     |   → 4/896 ❌ HTTP 404 — https://cdn.jsdelivr.net/gh/cry0ice/genode@main/public/all.txt
2026-05-17 02:37:07,923 | INFO     |   → 5/896 ❌ HTTP 404 — https://cdn.jsdelivr.net/gh/cry0ice/genode@main/public/ss.txt
2026-05-17 02:37:07,923 | INFO     |   → 6/896 ❌ HTTP 404 — https://cdn.jsdelivr.net/gh/cry0ice/genode@main/public/ssr.txt
2026-05-17 02:37:07,923 | INFO     |   → 7/896 ❌ HTTP 404 — https://cdn.jsdelivr.net/gh/cry0ice/genode@main/public/trojan.txt
2026-05-17 02:37:07,923 | INFO     |   → 8/896 ❌ HTTP 404 — https://cdn.jsdelivr.net/gh/cry0ice/genode@main/public/vless.txt
2026-05-17 02:37:07,923 | INFO     |   → 9/896 ❌ HTTP 404 — https://cdn.jsdelivr.net/gh/cry0ice/genode@main/public/vmess.txt
2026-05-17 02:37:07,923 | INFO     |   → 10/896: ✅ 0 взято | 🗑️ 0 мусор
2026-05-17 02:37:07,923 | INFO     |   → 11/896: ✅ 0 взято | 🗑️ 0 мусор
2026-05-17 02:37:07,923 | INFO     |   → 12/896: ✅ 0 взято | 🗑️ 0 мусор
2026-05-17 02:37:07,923 | INFO     |   → 13/896: ✅ 0 взято | 🗑️ 0 мусор
2026-05-17 02:37:07,923 | INFO     |   → 14/896: ✅ 0 взято | 🗑️ 0 мусор
2026-05-17 02:37:07,923 | INFO     |   → 15/896: ✅ 0 взято | 🗑️ 0 мусор
2026-05-17 02:37:07,924 | INFO     |   → 16/896: ✅ 0 взято | 🗑️ 0 мусор
2026-05-17 02:37:07,924 | INFO     |   → 17/896: ✅ 0 взято | 🗑️ 0 мусор
2026-05-17 02:37:07,924 | INFO     |   → 18/896: ✅ 0 взято | 🗑️ 0 мусор
2026-05-17 02:37:07,924 | INFO     |   → 19/896: ✅ 0 взято | 🗑️ 0 мусор
2026-05-17 02:37:07,924 | INFO     |   → 20/896: ✅ 0 взято | 🗑️ 0 мусор
2026-05-17 02:37:07,924 | INFO     |   → 21/896: ✅ 0 взято | 🗑️ 0 мусор
2026-05-17 02:37:07,924 | INFO     |   → 22/896: ✅ 0 взято | 🗑️ 0 мусор
2026-05-17 02:37:07,924 | INFO     |   → 23/896: ✅ 0 взято | 🗑️ 0 мусор
2026-05-17 02:37:07,924 | INFO     |   → 24/896: ✅ 0 взято | 🗑️ 0 мусор
2026-05-17 02:37:07,924 | INFO     |   → 25/896: ✅ 0 взято | 🗑️ 0 мусор
2026-05-17 02:37:07,924 | INFO     |   → 26/896: ✅ 0 взято | 🗑️ 0 мусор
2026-05-17 02:37:07,924 | INFO     |   → 27/896: ✅ 0 взято | 🗑️ 0 мусор
2026-05-17 02:37:07,924 | INFO     |   → 28/896: ✅ 0 взято | 🗑️ 0 мусор
2026-05-17 02:37:07,924 | INFO     |   → 29/896: ✅ 0 взято | 🗑️ 0 мусор
2026-05-17 02:37:07,924 | INFO     |   → 30/896: ✅ 0 взято | 🗑️ 0 мусор
2026-05-17 02:37:07,924 | INFO     |   → 31/896: ✅ 0 взято | 🗑️ 0 мусор
2026-05-17 02:37:07,924 | INFO     |   → 32/896: ✅ 0 взято | 🗑️ 0 мусор
2026-05-17 02:37:07,924 | INFO     |   → 33/896: ✅ 0 взято | 🗑️ 0 мусор
2026-05-17 02:37:07,924 | INFO     |   → 34/896: ✅ 0 взято | 🗑️ 0 мусор
2026-05-17 02:37:07,924 | INFO     |   → 35/896: ✅ 0 взято | 🗑️ 0 мусор
2026-05-17 02:37:07,924 | INFO     |   → 36/896: ✅ 0 взято | 🗑️ 0 мусор
2026-05-17 02:37:07,924 | INFO     |   → 37/896: ✅ 0 взято | 🗑️ 0 мусор
2026-05-17 02:37:07,924 | INFO     |   → 38/896: ✅ 0 взято | 🗑️ 0 мусор
2026-05-17 02:37:07,925 | INFO     |   → 39/896: ✅ 0 взято | 🗑️ 0 мусор
2026-05-17 02:37:07,925 | INFO     |   → 40/896: ✅ 0 взято | 🗑️ 0 мусор
2026-05-17 02:37:07,925 | INFO     |   → 41/896: ✅ 0 взято | 🗑️ 0 мусор
2026-05-17 02:37:07,925 | INFO     |   → 42/896: ✅ 0 взято | 🗑️ 0 мусор
2026-05-17 02:37:07,925 | INFO     |   → 43/896: ✅ 0 взято | 🗑️ 0 мусор
2026-05-17 02:37:07,925 | INFO     |   → 44/896: ✅ 0 взято | 🗑️ 0 мусор
2026-05-17 02:37:07,925 | INFO     |   → 45/896: ✅ 0 взято | 🗑️ 0 мусор
2026-05-17 02:37:07,925 | INFO     |   → 46/896: ✅ 0 взято | 🗑️ 0 мусор
2026-05-17 02:37:07,925 | INFO     |   → 47/896: ✅ 0 взято | 🗑️ 0 мусор
2026-05-17 02:37:07,925 | INFO     |   → 48/896: ✅ 0 взято | 🗑️ 0 мусор
2026-05-17 02:37:07,925 | INFO     |   → 49/896: ✅ 0 взято | 🗑️ 0 мусор
2026-05-17 02:37:07,925 | INFO     |   → 50/896: ✅ 0 взято | 🗑️ 0 мусор
2026-05-17 02:37:07,925 | INFO     |   → 51/896: ✅ 0 взято | 🗑️ 0 мусор
2026-05-17 02:37:07,925 | INFO     |   → 52/896: ✅ 0 взято | 🗑️ 0 мусор
2026-05-17 02:37:07,925 | INFO     |   → 53/896: ✅ 0 взято | 🗑️ 0 мусор
2026-05-17 02:37:07,925 | INFO     |   → 54/896: ✅ 0 взято | 🗑️ 0 мусор
2026-05-17 02:37:07,925 | INFO     |   → 55/896: ✅ 0 взято | 🗑️ 0 мусор
2026-05-17 02:37:07,925 | INFO     |   → 56/896: ✅ 0 взято | 🗑️ 0 мусор
2026-05-17 02:37:07,926 | INFO     |   → 57/896: ✅ 0 взято | 🗑️ 0 мусор
2026-05-17 02:37:07,926 | INFO     |   → 58/896: ✅ 0 взято | 🗑️ 0 мусор
2026-05-17 02:37:07,926 | INFO     |   → 59/896: ✅ 0 взято | 🗑️ 0 мусор
2026-05-17 02:37:07,926 | INFO     |   → 60/896: ✅ 0 взято | 🗑️ 0 мусор
2026-05-17 02:37:07,926 | INFO     |   → 61/896: ✅ 0 взято | 🗑️ 0 мусор
2026-05-17 02:37:07,926 | INFO     |   → 62/896: ✅ 0 взято | 🗑️ 0 мусор
2026-05-17 02:37:07,926 | INFO     |   → 63/896: ✅ 0 взято | 🗑️ 0 мусор
2026-05-17 02:37:07,926 | INFO     |   → 64/896: ✅ 0 взято | 🗑️ 0 мусор
2026-05-17 02:37:07,926 | INFO     |   → 65/896: ✅ 0 взято | 🗑️ 0 мусор
2026-05-17 02:37:07,926 | INFO     |   → 66/896: ✅ 0 взято | 🗑️ 0 мусор
2026-05-17 02:37:07,926 | INFO     |   → 67/896: ✅ 0 взято | 🗑️ 0 мусор
2026-05-17 02:37:07,926 | INFO     |   → 68/896: ✅ 0 взято | 🗑️ 0 мусор
2026-05-17 02:37:07,926 | INFO     |   → 69/896: ✅ 0 взято | 🗑️ 0 мусор
2026-05-17 02:37:07,926 | INFO     |   → 70/896: ✅ 0 взято | 🗑️ 0 мусор
2026-05-17 02:37:07,926 | INFO     |   → 71/896: ✅ 0 взято | 🗑️ 0 мусор
2026-05-17 02:37:07,926 | INFO     |   → 72/896: ✅ 0 взято | 🗑️ 0 мусор
2026-05-17 02:37:07,926 | INFO     |   → 73/896: ✅ 0 взято | 🗑️ 0 мусор
2026-05-17 02:37:07,926 | INFO     |   → 74/896: ✅ 0 взято | 🗑️ 0 мусор
2026-05-17 02:37:07,927 | INFO     |   → 75/896: ✅ 0 взято | 🗑️ 0 мусор
2026-05-17 02:37:07,927 | INFO     |   → 76/896: ✅ 0 взято | 🗑️ 0 мусор
2026-05-17 02:37:07,927 | INFO     |   → 77/896: ✅ 0 взято | 🗑️ 0 мусор
2026-05-17 02:37:07,927 | INFO     |   → 78/896: ✅ 0 взято | 🗑️ 0 мусор
2026-05-17 02:37:07,927 | INFO     |   → 79/896: ✅ 0 взято | 🗑️ 0 мусор
2026-05-17 02:37:07,927 | INFO     |   → 80/896: ✅ 0 взято | 🗑️ 0 мусор
2026-05-17 02:37:07,927 | INFO     |   → 81/896: ✅ 0 взято | 🗑️ 0 мусор
2026-05-17 02:37:07,927 | INFO     |   → 82/896: ✅ 0 взято | 🗑️ 0 мусор
2026-05-17 02:37:07,927 | INFO     |   → 83/896: ✅ 0 взято | 🗑️ 0 мусор
2026-05-17 02:37:07,927 | INFO     |   → 84/896: ✅ 0 взято | 🗑️ 0 мусор
2026-05-17 02:37:07,927 | INFO     |   → 85/896: ✅ 0 взято | 🗑️ 0 мусор
2026-05-17 02:37:07,927 | INFO     |   → 86/896: ✅ 0 взято | 🗑️ 0 мусор
2026-05-17 02:37:07,927 | INFO     |   → 87/896: ✅ 0 взято | 🗑️ 0 мусор
2026-05-17 02:37:07,927 | INFO     |   → 88/896 ❌ HTTP 404 — https://freessrnode.github.io/uploads/2024/08/0-20240822.txt
2026-05-17 02:37:07,927 | INFO     |   → 89/896 ❌ HTTP 404 — https://freessrnode.github.io/uploads/2024/08/1-20240822.txt
2026-05-17 02:37:07,927 | INFO     |   → 90/896 ❌ HTTP 404 — https://freessrnode.github.io/uploads/2024/08/2-20240822.txt
2026-05-17 02:37:07,927 | INFO     |   → 91/896 ❌ HTTP 404 — https://freessrnode.github.io/uploads/2024/08/3-20240822.txt
2026-05-17 02:37:07,927 | INFO     |   → 92/896 ❌ HTTP 404 — https://freessrnode.github.io/uploads/2024/08/4-20240822.txt
2026-05-17 02:37:07,927 | INFO     |   → 93/896 ⚠️ Ошибка: HTTPSConnectionPool(host='freevpnspy.githubrowcontent.com', port=443): Max retries exceeded with url: /2024/08/20240802_novless.yaml (Caused by NameResolutionError("HTTPSConnection(host='freevpnspy.githubrowcontent.com', port=443): Failed to resolve 'freevpnspy.githubrowcontent.com' ([Errno -2] Name or service not known)")) — https://freevpnspy.githubrowcontent.com/2024/08/20240802_novless.yaml
2026-05-17 02:37:07,927 | INFO     |   → 94/896 ⚠️ Ошибка: HTTPSConnectionPool(host='freevpnspy.githubrowcontent.com', port=443): Max retries exceeded with url: /2024/08/20240802_vless.yaml (Caused by NameResolutionError("HTTPSConnection(host='freevpnspy.githubrowcontent.com', port=443): Failed to resolve 'freevpnspy.githubrowcontent.com' ([Errno -2] Name or service not known)")) — https://freevpnspy.githubrowcontent.com/2024/08/20240802_vless.yaml
2026-05-17 02:37:07,928 | INFO     |   → 95/896 ❌ HTTP 404 — https://github.com/Epodonios/bulk-xray-v2ray-vless-vmess-...-configs/raw/main/sub/Albania/config.txt
2026-05-17 02:37:07,928 | INFO     |   → 96/896 ❌ HTTP 404 — https://github.com/Epodonios/bulk-xray-v2ray-vless-vmess-...-configs/raw/main/sub/Cura%C3%A7ao/config.txt
2026-05-17 02:37:07,928 | INFO     |   → 97/896 ❌ HTTP 404 — https://github.com/Epodonios/bulk-xray-v2ray-vless-vmess-...-configs/raw/main/sub/Finland/config.txt
2026-05-17 02:37:07,928 | INFO     |   → 98/896 ❌ HTTP 404 — https://github.com/Epodonios/bulk-xray-v2ray-vless-vmess-...-configs/raw/main/sub/Iran/config.txt
2026-05-17 02:37:07,928 | INFO     |   → 99/896 ❌ HTTP 404 — https://github.com/Epodonios/bulk-xray-v2ray-vless-vmess-...-configs/raw/main/sub/Netherlands/config.txt
2026-05-17 02:37:07,928 | INFO     |   → 100/896 ❌ HTTP 404 — https://github.com/Epodonios/bulk-xray-v2ray-vless-vmess-...-configs/raw/main/sub/Norway/config.txt
2026-05-17 02:37:07,928 | INFO     |   → 101/896 ❌ HTTP 404 — https://github.com/Epodonios/bulk-xray-v2ray-vless-vmess-...-configs/raw/main/sub/Russia/config.txt
2026-05-17 02:37:07,928 | INFO     |   → 102/896: ✅ 13 взято | 🗑️ 70 мусор
2026-05-17 02:37:07,928 | INFO     |   → 103/896: ✅ 0 взято | 🗑️ 4 мусор
2026-05-17 02:37:07,928 | INFO     |   → 104/896: ✅ 0 взято | 🗑️ 7 мусор
2026-05-17 02:37:07,928 | INFO     |   → 105/896: ✅ 0 взято | 🗑️ 51 мусор
2026-05-17 02:37:07,928 | INFO     |   → 106/896: ✅ 0 взято | 🗑️ 8 мусор
2026-05-17 02:37:07,928 | INFO     |   → 107/896: ✅ 0 взято | 🗑️ 0 мусор
2026-05-17 02:37:07,928 | INFO     |   → 108/896: ✅ 17 взято | 🗑️ 119 мусор
2026-05-17 02:37:07,928 | INFO     |   → 109/896 ❌ HTTP 404 — https://github.com/MrMohebi/xray-proxy-grabber-telegram/raw/master/collected-proxies/clash-meta/all.yaml
2026-05-17 02:37:07,928 | INFO     |   → 110/896 ❌ HTTP 404 — https://github.com/MrMohebi/xray-proxy-grabber-telegram/raw/master/collected-proxies/row-url/all.txt
2026-05-17 02:37:07,928 | INFO     |   → 111/896: ✅ 0 взято | 🗑️ 0 мусор
2026-05-17 02:37:07,928 | INFO     |   → 112/896: ✅ 0 взято | 🗑️ 113 мусор
2026-05-17 02:37:07,928 | INFO     |   → 113/896: ✅ 0 взято | 🗑️ 119 мусор
2026-05-17 02:37:07,928 | INFO     |   → 114/896 ❌ HTTP 404 — https://github.com/abbasdvd3/abbasdvd10/73ec60de7a6c6aa6df4c14b511c1da60686891ca/ppo.txt
2026-05-17 02:37:07,928 | INFO     |   → 115/896 ❌ HTTP 404 — https://github.com/acymz/AutoVPN/refs/heads/main/data/V2.txt
2026-05-17 02:37:07,928 | INFO     |   → 116/896: ✅ 0 взято | 🗑️ 0 мусор
2026-05-17 02:37:07,928 | INFO     |   → 117/896: ✅ 0 взято | 🗑️ 0 мусор
2026-05-17 02:37:07,929 | INFO     |   → 118/896: ✅ 0 взято | 🗑️ 0 мусор
2026-05-17 02:37:07,929 | INFO     |   → 119/896: ✅ 0 взято | 🗑️ 0 мусор
2026-05-17 02:37:07,929 | INFO     |   → 120/896: ✅ 0 взято | 🗑️ 0 мусор
2026-05-17 02:37:07,929 | INFO     |   → 121/896: ✅ 0 взято | 🗑️ 0 мусор
2026-05-17 02:37:07,929 | INFO     |   → 122/896: ✅ 0 взято | 🗑️ 0 мусор
2026-05-17 02:37:07,929 | INFO     |   → 123/896 ❌ HTTP 404 — https://github.com/mermeroo/V2RAY-FREE/raw/main/All_Configs_base64_Sub.txt
2026-05-17 02:37:07,929 | INFO     |   → 124/896 ❌ HTTP 404 — https://github.com/mermeroo/V2RAY-FREE/raw/main/Base64/Sub1_base64.txt
2026-05-17 02:37:07,929 | INFO     |   → 125/896 ❌ HTTP 404 — https://github.com/mermeroo/V2RAY-FREE/raw/main/Base64/Sub2_base64.txt
2026-05-17 02:37:07,929 | INFO     |   → 126/896 ❌ HTTP 404 — https://github.com/mermeroo/V2RAY-FREE/raw/main/Base64/Sub3_base64.txt
2026-05-17 02:37:07,929 | INFO     |   → 127/896 ❌ HTTP 404 — https://github.com/mermeroo/V2RAY-FREE/raw/main/Base64/Sub4_base64.txt
2026-05-17 02:37:07,929 | INFO     |   → 128/896 ❌ HTTP 404 — https://github.com/mermeroo/V2RAY-FREE/raw/main/Base64/Sub5_base64.txt
2026-05-17 02:37:07,929 | INFO     |   → 129/896 ❌ HTTP 404 — https://github.com/mermeroo/telegram-configs-collector/raw/main/protocols/hysteria
2026-05-17 02:37:07,929 | INFO     |   → 130/896 ❌ HTTP 404 — https://github.com/mermeroo/telegram-configs-collector/raw/main/protocols/juicity
2026-05-17 02:37:07,929 | INFO     |   → 131/896 ❌ HTTP 404 — https://github.com/mermeroo/telegram-configs-collector/raw/main/protocols/tuic
2026-05-17 02:37:07,929 | INFO     |   → 132/896: ✅ 5 взято | 🗑️ 16 мусор
2026-05-17 02:37:07,929 | INFO     |   → 133/896: ✅ 0 взято | 🗑️ 0 мусор
2026-05-17 02:37:07,929 | INFO     |   → 134/896: ✅ 0 взято | 🗑️ 0 мусор
2026-05-17 02:37:07,929 | INFO     |   → 135/896: ✅ 0 взято | 🗑️ 0 мусор
2026-05-17 02:37:07,929 | INFO     |   → 136/896: ✅ 3 взято | 🗑️ 238 мусор
2026-05-17 02:37:07,929 | INFO     |   → 137/896: ✅ 0 взято | 🗑️ 0 мусор
2026-05-17 02:37:07,929 | INFO     |   → 138/896: ✅ 3 взято | 🗑️ 239 мусор
2026-05-17 02:37:07,929 | INFO     |   → 139/896: ✅ 0 взято | 🗑️ 0 мусор
2026-05-17 02:37:07,930 | INFO     |   → 140/896: ✅ 0 взято | 🗑️ 255 мусор
2026-05-17 02:37:07,930 | INFO     |   → 141/896: ✅ 0 взято | 🗑️ 0 мусор
2026-05-17 02:37:07,930 | INFO     |   → 142/896: ✅ 1 взято | 🗑️ 249 мусор
2026-05-17 02:37:07,930 | INFO     |   → 143/896: ✅ 0 взято | 🗑️ 0 мусор
2026-05-17 02:37:07,930 | INFO     |   → 144/896: ✅ 0 взято | 🗑️ 207 мусор
2026-05-17 02:37:07,930 | INFO     |   → 145/896: ✅ 0 взято | 🗑️ 0 мусор
2026-05-17 02:37:07,930 | INFO     |   → 146/896: ✅ 0 взято | 🗑️ 228 мусор
2026-05-17 02:37:07,930 | INFO     |   → 147/896: ✅ 0 взято | 🗑️ 0 мусор
2026-05-17 02:37:07,930 | INFO     |   → 148/896: ✅ 1 взято | 🗑️ 291 мусор
2026-05-17 02:37:07,930 | INFO     |   → 149/896: ✅ 0 взято | 🗑️ 0 мусор
2026-05-17 02:37:07,930 | INFO     |   → 150/896: ✅ 3 взято | 🗑️ 221 мусор
2026-05-17 02:37:07,930 | INFO     |   → 151/896: ✅ 0 взято | 🗑️ 0 мусор
2026-05-17 02:37:07,930 | INFO     |   → 152/896: ✅ 1 взято | 🗑️ 222 мусор
2026-05-17 02:37:07,930 | INFO     |   → 153/896: ✅ 0 взято | 🗑️ 0 мусор
2026-05-17 02:37:07,930 | INFO     |   → 154/896: ✅ 1 взято | 🗑️ 218 мусор
2026-05-17 02:37:07,930 | INFO     |   → 155/896: ✅ 0 взято | 🗑️ 0 мусор
2026-05-17 02:37:07,930 | INFO     |   → 156/896: ✅ 0 взято | 🗑️ 193 мусор
2026-05-17 02:37:07,930 | INFO     |   → 157/896: ✅ 0 взято | 🗑️ 0 мусор
2026-05-17 02:37:07,930 | INFO     |   → 158/896: ✅ 0 взято | 🗑️ 290 мусор
2026-05-17 02:37:07,930 | INFO     |   → 159/896: ✅ 0 взято | 🗑️ 0 мусор
2026-05-17 02:37:07,930 | INFO     |   → 160/896: ✅ 0 взято | 🗑️ 238 мусор
2026-05-17 02:37:07,930 | INFO     |   → 161/896: ✅ 0 взято | 🗑️ 0 мусор
2026-05-17 02:37:07,930 | INFO     |   → 162/896: ✅ 0 взято | 🗑️ 221 мусор
2026-05-17 02:37:07,931 | INFO     |   → 163/896: ✅ 0 взято | 🗑️ 0 мусор
2026-05-17 02:37:07,931 | INFO     |   → 164/896: ✅ 0 взято | 🗑️ 248 мусор
2026-05-17 02:37:07,931 | INFO     |   → 165/896: ✅ 0 взято | 🗑️ 0 мусор
2026-05-17 02:37:07,931 | INFO     |   → 166/896: ✅ 0 взято | 🗑️ 203 мусор
2026-05-17 02:37:07,931 | INFO     |   → 167/896: ✅ 0 взято | 🗑️ 0 мусор
2026-05-17 02:37:07,931 | INFO     |   → 168/896: ✅ 0 взято | 🗑️ 208 мусор
2026-05-17 02:37:07,931 | INFO     |   → 169/896: ✅ 0 взято | 🗑️ 0 мусор
2026-05-17 02:37:07,931 | INFO     |   → 170/896: ✅ 2 взято | 🗑️ 209 мусор
2026-05-17 02:37:07,931 | INFO     |   → 171/896: ✅ 0 взято | 🗑️ 0 мусор
2026-05-17 02:37:07,931 | INFO     |   → 172/896: ✅ 0 взято | 🗑️ 258 мусор
2026-05-17 02:37:07,931 | INFO     |   → 173/896: ✅ 0 взято | 🗑️ 0 мусор
2026-05-17 02:37:07,931 | INFO     |   → 174/896: ✅ 0 взято | 🗑️ 296 мусор
2026-05-17 02:37:07,931 | INFO     |   → 175/896: ✅ 0 взято | 🗑️ 0 мусор
2026-05-17 02:37:07,931 | INFO     |   → 176/896: ✅ 1 взято | 🗑️ 286 мусор
2026-05-17 02:37:07,931 | INFO     |   → 177/896: ✅ 0 взято | 🗑️ 0 мусор
2026-05-17 02:37:07,931 | INFO     |   → 178/896: ✅ 0 взято | 🗑️ 195 мусор
2026-05-17 02:37:07,931 | INFO     |   → 179/896: ✅ 0 взято | 🗑️ 0 мусор
2026-05-17 02:37:07,931 | INFO     |   → 180/896: ✅ 0 взято | 🗑️ 170 мусор
2026-05-17 02:37:07,931 | INFO     |   → 181/896: ✅ 0 взято | 🗑️ 0 мусор
2026-05-17 02:37:07,931 | INFO     |   → 182/896: ✅ 0 взято | 🗑️ 160 мусор
2026-05-17 02:37:07,931 | INFO     |   → 183/896: ✅ 0 взято | 🗑️ 0 мусор
2026-05-17 02:37:07,931 | INFO     |   → 184/896: ✅ 0 взято | 🗑️ 121 мусор
2026-05-17 02:37:07,931 | INFO     |   → 185/896: ✅ 0 взято | 🗑️ 0 мусор
2026-05-17 02:37:07,931 | INFO     |   → 186/896: ✅ 0 взято | 🗑️ 135 мусор
2026-05-17 02:37:07,932 | INFO     |   → 187/896: ✅ 0 взято | 🗑️ 0 мусор
2026-05-17 02:37:07,932 | INFO     |   → 188/896: ✅ 1 взято | 🗑️ 129 мусор
2026-05-17 02:37:07,932 | INFO     |   → 189/896: ✅ 0 взято | 🗑️ 0 мусор
2026-05-17 02:37:07,932 | INFO     |   → 190/896: ✅ 0 взято | 🗑️ 189 мусор
2026-05-17 02:37:07,932 | INFO     |   → 191/896: ✅ 0 взято | 🗑️ 0 мусор
2026-05-17 02:37:07,932 | INFO     |   → 192/896: ✅ 3 взято | 🗑️ 147 мусор
2026-05-17 02:37:07,932 | INFO     |   → 193/896: ✅ 0 взято | 🗑️ 0 мусор
2026-05-17 02:37:07,932 | INFO     |   → 194/896: ✅ 1 взято | 🗑️ 183 мусор
2026-05-17 02:37:07,932 | INFO     |   → 195/896: ✅ 0 взято | 🗑️ 0 мусор
2026-05-17 02:37:07,932 | INFO     |   → 196/896: ✅ 0 взято | 🗑️ 155 мусор
2026-05-17 02:37:07,932 | INFO     |   → 197/896: ✅ 0 взято | 🗑️ 0 мусор
2026-05-17 02:37:07,932 | INFO     |   → 198/896: ✅ 0 взято | 🗑️ 114 мусор
2026-05-17 02:37:07,932 | INFO     |   → 199/896: ✅ 0 взято | 🗑️ 0 мусор
2026-05-17 02:37:07,932 | INFO     |   → 200/896: ✅ 0 взято | 🗑️ 239 мусор
2026-05-17 02:37:07,932 | INFO     |   → 201/896: ✅ 0 взято | 🗑️ 0 мусор
2026-05-17 02:37:07,932 | INFO     |   → 202/896: ✅ 0 взято | 🗑️ 204 мусор
2026-05-17 02:37:07,932 | INFO     |   → 203/896: ✅ 0 взято | 🗑️ 0 мусор
2026-05-17 02:37:07,932 | INFO     |   → 204/896: ✅ 0 взято | 🗑️ 232 мусор
2026-05-17 02:37:07,932 | INFO     |   → 205/896: ✅ 0 взято | 🗑️ 0 мусор
2026-05-17 02:37:07,932 | INFO     |   → 206/896: ✅ 0 взято | 🗑️ 192 мусор
2026-05-17 02:37:07,932 | INFO     |   → 207/896: ✅ 0 взято | 🗑️ 0 мусор
2026-05-17 02:37:07,932 | INFO     |   → 208/896: ✅ 0 взято | 🗑️ 183 мусор
2026-05-17 02:37:07,932 | INFO     |   → 209/896: ✅ 0 взято | 🗑️ 0 мусор
2026-05-17 02:37:07,932 | INFO     |   → 210/896: ✅ 0 взято | 🗑️ 169 мусор
2026-05-17 02:37:07,933 | INFO     |   → 211/896: ✅ 0 взято | 🗑️ 0 мусор
2026-05-17 02:37:07,933 | INFO     |   → 212/896 ⚠️ Ошибка: HTTPSConnectionPool(host='ivuxy.tech', port=443): Max retries exceeded with url: /v.txt (Caused by NameResolutionError("HTTPSConnection(host='ivuxy.tech', port=443): Failed to resolve 'ivuxy.tech' ([Errno -2] Name or service not known)")) — https://ivuxy.tech/v.txt
2026-05-17 02:37:07,933 | INFO     |   → 213/896 ⚠️ Ошибка: HTTPSConnectionPool(host='mirror.ghproxy.com', port=443): Max retries exceeded with url: /https://raw.githubusercontent.com/Barabama/FreeNodes/master/nodes/blues.txt (Caused by NameResolutionError("HTTPSConnection(host='mirror.ghproxy.com', port=443): Failed to resolve 'mirror.ghproxy.com' ([Errno -2] Name or service not known)")) — https://mirror.ghproxy.com/https://raw.githubusercontent.com/Barabama/FreeNodes/master/nodes/blues.txt
2026-05-17 02:37:07,933 | INFO     |   → 214/896 ⚠️ Ошибка: HTTPSConnectionPool(host='mirror.ghproxy.com', port=443): Max retries exceeded with url: /https://raw.githubusercontent.com/Barabama/FreeNodes/master/nodes/halekj.txt (Caused by NameResolutionError("HTTPSConnection(host='mirror.ghproxy.com', port=443): Failed to resolve 'mirror.ghproxy.com' ([Errno -2] Name or service not known)")) — https://mirror.ghproxy.com/https://raw.githubusercontent.com/Barabama/FreeNodes/master/nodes/halekj.txt
2026-05-17 02:37:07,933 | INFO     |   → 215/896 ⚠️ Ошибка: HTTPSConnectionPool(host='mirror.ghproxy.com', port=443): Max retries exceeded with url: /https://raw.githubusercontent.com/Barabama/FreeNodes/master/nodes/kkzui.txt (Caused by NameResolutionError("HTTPSConnection(host='mirror.ghproxy.com', port=443): Failed to resolve 'mirror.ghproxy.com' ([Errno -2] Name or service not known)")) — https://mirror.ghproxy.com/https://raw.githubusercontent.com/Barabama/FreeNodes/master/nodes/kkzui.txt
2026-05-17 02:37:07,933 | INFO     |   → 216/896 ⚠️ Ошибка: HTTPSConnectionPool(host='mirror.ghproxy.com', port=443): Max retries exceeded with url: /https://raw.githubusercontent.com/Barabama/FreeNodes/master/nodes/merged.txt (Caused by NameResolutionError("HTTPSConnection(host='mirror.ghproxy.com', port=443): Failed to resolve 'mirror.ghproxy.com' ([Errno -2] Name or service not known)")) — https://mirror.ghproxy.com/https://raw.githubusercontent.com/Barabama/FreeNodes/master/nodes/merged.txt
2026-05-17 02:37:07,933 | INFO     |   → 217/896 ⚠️ Ошибка: HTTPSConnectionPool(host='mirror.ghproxy.com', port=443): Max retries exceeded with url: /https://raw.githubusercontent.com/Barabama/FreeNodes/master/nodes/nodefree.txt (Caused by NameResolutionError("HTTPSConnection(host='mirror.ghproxy.com', port=443): Failed to resolve 'mirror.ghproxy.com' ([Errno -2] Name or service not known)")) — https://mirror.ghproxy.com/https://raw.githubusercontent.com/Barabama/FreeNodes/master/nodes/nodefree.txt
2026-05-17 02:37:07,933 | INFO     |   → 218/896 ⚠️ Ошибка: HTTPSConnectionPool(host='mirror.ghproxy.com', port=443): Max retries exceeded with url: /https://raw.githubusercontent.com/Barabama/FreeNodes/master/nodes/openrunner.txt (Caused by NameResolutionError("HTTPSConnection(host='mirror.ghproxy.com', port=443): Failed to resolve 'mirror.ghproxy.com' ([Errno -2] Name or service not known)")) — https://mirror.ghproxy.com/https://raw.githubusercontent.com/Barabama/FreeNodes/master/nodes/openrunner.txt
2026-05-17 02:37:07,933 | INFO     |   → 219/896 ⚠️ Ошибка: HTTPSConnectionPool(host='mirror.ghproxy.com', port=443): Max retries exceeded with url: /https://raw.githubusercontent.com/Barabama/FreeNodes/master/nodes/v2rayshare.txt (Caused by NameResolutionError("HTTPSConnection(host='mirror.ghproxy.com', port=443): Failed to resolve 'mirror.ghproxy.com' ([Errno -2] Name or service not known)")) — https://mirror.ghproxy.com/https://raw.githubusercontent.com/Barabama/FreeNodes/master/nodes/v2rayshare.txt
2026-05-17 02:37:07,933 | INFO     |   → 220/896 ⚠️ Ошибка: HTTPSConnectionPool(host='mirror.ghproxy.com', port=443): Max retries exceeded with url: /https://raw.githubusercontent.com/Barabama/FreeNodes/master/nodes/wenode.txt (Caused by NameResolutionError("HTTPSConnection(host='mirror.ghproxy.com', port=443): Failed to resolve 'mirror.ghproxy.com' ([Errno -2] Name or service not known)")) — https://mirror.ghproxy.com/https://raw.githubusercontent.com/Barabama/FreeNodes/master/nodes/wenode.txt
2026-05-17 02:37:07,933 | INFO     |   → 221/896 ⚠️ Ошибка: HTTPSConnectionPool(host='mirror.ghproxy.com', port=443): Max retries exceeded with url: /https://raw.githubusercontent.com/Barabama/FreeNodes/master/nodes/yudou66.txt (Caused by NameResolutionError("HTTPSConnection(host='mirror.ghproxy.com', port=443): Failed to resolve 'mirror.ghproxy.com' ([Errno -2] Name or service not known)")) — https://mirror.ghproxy.com/https://raw.githubusercontent.com/Barabama/FreeNodes/master/nodes/yudou66.txt
2026-05-17 02:37:07,933 | INFO     |   → 222/896: ✅ 7 взято | 🗑️ 17 мусор
2026-05-17 02:37:07,933 | INFO     |   → 223/896: ✅ 0 взято | 🗑️ 17 мусор
2026-05-17 02:37:07,933 | INFO     |   → 224/896: ✅ 14 взято | 🗑️ 14 мусор
2026-05-17 02:37:07,933 | INFO     |   → 225/896: ✅ 0 взято | 🗑️ 14 мусор
2026-05-17 02:37:07,933 | INFO     |   → 226/896: ✅ 0 взято | 🗑️ 14 мусор
2026-05-17 02:37:07,933 | INFO     |   → 227/896: ✅ 0 взято | 🗑️ 14 мусор
2026-05-17 02:37:07,933 | INFO     |   → 228/896: ✅ 0 взято | 🗑️ 14 мусор
2026-05-17 02:37:07,933 | INFO     |   → 229/896: ✅ 0 взято | 🗑️ 14 мусор
2026-05-17 02:37:07,933 | INFO     |   → 230/896: ✅ 0 взято | 🗑️ 14 мусор
2026-05-17 02:37:07,933 | INFO     |   → 231/896: ✅ 0 взято | 🗑️ 14 мусор
2026-05-17 02:37:07,933 | INFO     |   → 232/896: ✅ 0 взято | 🗑️ 14 мусор
2026-05-17 02:37:07,933 | INFO     |   → 233/896: ✅ 7 взято | 🗑️ 21 мусор
2026-05-17 02:37:07,933 | INFO     |   → 234/896: ✅ 0 взято | 🗑️ 21 мусор
2026-05-17 02:37:07,934 | INFO     |   → 235/896: ✅ 0 взято | 🗑️ 21 мусор
2026-05-17 02:37:07,934 | INFO     |   → 236/896: ✅ 0 взято | 🗑️ 21 мусор
2026-05-17 02:37:07,934 | INFO     |   → 237/896: ✅ 0 взято | 🗑️ 21 мусор
2026-05-17 02:37:07,934 | INFO     |   → 238/896: ✅ 0 взято | 🗑️ 21 мусор
2026-05-17 02:37:07,934 | INFO     |   → 239/896: ✅ 0 взято | 🗑️ 21 мусор
2026-05-17 02:37:07,934 | INFO     |   → 240/896: ✅ 0 взято | 🗑️ 21 мусор
2026-05-17 02:37:07,934 | INFO     |   → 241/896: ✅ 0 взято | 🗑️ 21 мусор
2026-05-17 02:37:07,934 | INFO     |   → 242/896: ✅ 0 взято | 🗑️ 21 мусор
2026-05-17 02:37:07,934 | INFO     |   → 243/896: ✅ 0 взято | 🗑️ 21 мусор
2026-05-17 02:37:07,934 | INFO     |   → 244/896: ✅ 5 взято | 🗑️ 15 мусор
2026-05-17 02:37:07,934 | INFO     |   → 245/896: ✅ 0 взято | 🗑️ 15 мусор
2026-05-17 02:37:07,934 | INFO     |   → 246/896: ✅ 0 взято | 🗑️ 15 мусор
2026-05-17 02:37:07,934 | INFO     |   → 247/896: ✅ 0 взято | 🗑️ 15 мусор
2026-05-17 02:37:07,934 | INFO     |   → 248/896: ✅ 0 взято | 🗑️ 15 мусор
2026-05-17 02:37:07,934 | INFO     |   → 249/896: ✅ 0 взято | 🗑️ 15 мусор
2026-05-17 02:37:07,934 | INFO     |   → 250/896: ✅ 0 взято | 🗑️ 15 мусор
2026-05-17 02:37:07,934 | INFO     |   → 251/896: ✅ 0 взято | 🗑️ 15 мусор
2026-05-17 02:37:07,934 | INFO     |   → 252/896: ✅ 0 взято | 🗑️ 15 мусор
2026-05-17 02:37:07,934 | INFO     |   → 253/896: ✅ 0 взято | 🗑️ 14 мусор
2026-05-17 02:37:07,934 | INFO     |   → 254/896: ✅ 0 взято | 🗑️ 14 мусор
2026-05-17 02:37:07,934 | INFO     |   → 255/896: ✅ 0 взято | 🗑️ 14 мусор
2026-05-17 02:37:07,935 | INFO     |   → 256/896: ✅ 0 взято | 🗑️ 14 мусор
2026-05-17 02:37:07,935 | INFO     |   → 257/896: ✅ 6 взято | 🗑️ 17 мусор
2026-05-17 02:37:07,935 | INFO     |   → 258/896: ✅ 0 взято | 🗑️ 17 мусор
2026-05-17 02:37:07,935 | INFO     |   → 259/896 ❌ HTTP 403 — https://nodefree.org/dy/2023/08/20230806.yaml
2026-05-17 02:37:07,935 | INFO     |   → 260/896 ❌ HTTP 403 — https://nodefree.org/dy/2023/12/20231221.txt
2026-05-17 02:37:07,935 | INFO     |   → 261/896: ✅ 0 взято | 🗑️ 17 мусор
2026-05-17 02:37:07,935 | INFO     |   → 262/896: ✅ 0 взято | 🗑️ 17 мусор
2026-05-17 02:37:07,935 | INFO     |   → 263/896: ✅ 0 взято | 🗑️ 14 мусор
2026-05-17 02:37:07,935 | INFO     |   → 264/896: ✅ 0 взято | 🗑️ 14 мусор
2026-05-17 02:37:07,935 | INFO     |   → 265/896: ✅ 0 взято | 🗑️ 14 мусор
2026-05-17 02:37:07,935 | INFO     |   → 266/896: ✅ 0 взято | 🗑️ 14 мусор
2026-05-17 02:37:07,935 | INFO     |   → 267/896: ✅ 0 взято | 🗑️ 14 мусор
2026-05-17 02:37:07,935 | INFO     |   → 268/896: ✅ 0 взято | 🗑️ 14 мусор
2026-05-17 02:37:07,935 | INFO     |   → 269/896: ✅ 0 взято | 🗑️ 14 мусор
2026-05-17 02:37:07,935 | INFO     |   → 270/896: ✅ 0 взято | 🗑️ 14 мусор
2026-05-17 02:37:07,935 | INFO     |   → 271/896: ✅ 0 взято | 🗑️ 14 мусор
2026-05-17 02:37:07,935 | INFO     |   → 272/896: ✅ 0 взято | 🗑️ 21 мусор
2026-05-17 02:37:07,935 | INFO     |   → 273/896: ✅ 0 взято | 🗑️ 21 мусор
2026-05-17 02:37:07,935 | INFO     |   → 274/896: ✅ 0 взято | 🗑️ 21 мусор
2026-05-17 02:37:07,935 | INFO     |   → 275/896: ✅ 0 взято | 🗑️ 21 мусор
2026-05-17 02:37:07,935 | INFO     |   → 276/896: ✅ 0 взято | 🗑️ 21 мусор
2026-05-17 02:37:07,936 | INFO     |   → 277/896: ✅ 0 взято | 🗑️ 21 мусор
2026-05-17 02:37:07,936 | INFO     |   → 278/896: ✅ 0 взято | 🗑️ 21 мусор
2026-05-17 02:37:07,936 | INFO     |   → 279/896: ✅ 0 взято | 🗑️ 21 мусор
2026-05-17 02:37:07,936 | INFO     |   → 280/896: ✅ 0 взято | 🗑️ 21 мусор
2026-05-17 02:37:07,936 | INFO     |   → 281/896: ✅ 0 взято | 🗑️ 21 мусор
2026-05-17 02:37:07,936 | INFO     |   → 282/896: ✅ 0 взято | 🗑️ 21 мусор
2026-05-17 02:37:07,936 | INFO     |   → 283/896: ✅ 0 взято | 🗑️ 15 мусор
2026-05-17 02:37:07,936 | INFO     |   → 284/896: ✅ 0 взято | 🗑️ 15 мусор
2026-05-17 02:37:07,936 | INFO     |   → 285/896: ✅ 0 взято | 🗑️ 15 мусор
2026-05-17 02:37:07,936 | INFO     |   → 286/896: ✅ 0 взято | 🗑️ 15 мусор
2026-05-17 02:37:07,936 | INFO     |   → 287/896: ✅ 0 взято | 🗑️ 15 мусор
2026-05-17 02:37:07,936 | INFO     |   → 288/896: ✅ 0 взято | 🗑️ 15 мусор
2026-05-17 02:37:07,936 | INFO     |   → 289/896: ✅ 0 взято | 🗑️ 15 мусор
2026-05-17 02:37:07,936 | INFO     |   → 290/896: ✅ 0 взято | 🗑️ 15 мусор
2026-05-17 02:37:07,936 | INFO     |   → 291/896: ✅ 0 взято | 🗑️ 15 мусор
2026-05-17 02:37:07,936 | INFO     |   → 292/896: ✅ 0 взято | 🗑️ 15 мусор
2026-05-17 02:37:07,936 | INFO     |   → 293/896: ✅ 0 взято | 🗑️ 14 мусор
2026-05-17 02:37:07,936 | INFO     |   → 294/896: ✅ 0 взято | 🗑️ 14 мусор
2026-05-17 02:37:07,936 | INFO     |   → 295/896: ✅ 0 взято | 🗑️ 14 мусор
2026-05-17 02:37:07,936 | INFO     |   → 296/896: ✅ 0 взято | 🗑️ 14 мусор
2026-05-17 02:37:07,936 | INFO     |   → 297/896: ✅ 0 взято | 🗑️ 17 мусор
2026-05-17 02:37:07,936 | INFO     |   → 298/896: ✅ 0 взято | 🗑️ 17 мусор
2026-05-17 02:37:07,936 | INFO     |   → 299/896: ✅ 0 взято | 🗑️ 0 мусор
2026-05-17 02:37:07,936 | INFO     |   → 300/896: ✅ 0 взято | 🗑️ 0 мусор
2026-05-17 02:37:07,936 | INFO     |   → 301/896: ✅ 0 взято | 🗑️ 0 мусор
2026-05-17 02:37:07,937 | INFO     |   → 302/896: ✅ 0 взято | 🗑️ 0 мусор
2026-05-17 02:37:07,937 | INFO     |   → 303/896: ✅ 0 взято | 🗑️ 0 мусор
2026-05-17 02:37:07,937 | INFO     |   → 304/896: ✅ 0 взято | 🗑️ 0 мусор
2026-05-17 02:37:07,937 | INFO     |   → 305/896: ✅ 0 взято | 🗑️ 0 мусор
2026-05-17 02:37:07,937 | INFO     |   → 306/896: ✅ 0 взято | 🗑️ 0 мусор
2026-05-17 02:37:07,937 | INFO     |   → 307/896: ✅ 0 взято | 🗑️ 0 мусор
2026-05-17 02:37:07,937 | INFO     |   → 308/896: ✅ 0 взято | 🗑️ 0 мусор
2026-05-17 02:37:07,937 | INFO     |   → 309/896: ✅ 0 взято | 🗑️ 0 мусор
2026-05-17 02:37:07,937 | INFO     |   → 310/896: ✅ 0 взято | 🗑️ 0 мусор
2026-05-17 02:37:07,937 | INFO     |   → 311/896 ❌ HTTP 404 — https://raw.githubusercontent.com/10ium/MihomoSaz/main/Sublist/shatakvpn.yaml4_Sub.txt
2026-05-17 02:37:07,937 | INFO     |   → 312/896: ✅ 0 взято | 🗑️ 0 мусор
2026-05-17 02:37:07,937 | INFO     |   → 313/896: ✅ 0 взято | 🗑️ 0 мусор
2026-05-17 02:37:07,937 | INFO     |   → 314/896: ✅ 12 взято | 🗑️ 38 мусор
2026-05-17 02:37:07,937 | INFO     |   → 315/896: ✅ 0 взято | 🗑️ 0 мусор
2026-05-17 02:37:07,937 | INFO     |   → 316/896: ✅ 0 взято | 🗑️ 0 мусор
2026-05-17 02:37:07,937 | INFO     |   → 317/896: ✅ 11 взято | 🗑️ 399 мусор
2026-05-17 02:37:07,937 | INFO     |   → 318/896: ✅ 0 взято | 🗑️ 0 мусор
2026-05-17 02:37:07,937 | INFO     |   → 319/896 ❌ HTTP 404 — https://raw.githubusercontent.com/9Fork/openit/main/Clash.yaml
2026-05-17 02:37:07,937 | INFO     |   → 320/896: ✅ 100 взято | 🗑️ 381 мусор
2026-05-17 02:37:07,937 | INFO     |   → 321/896: ✅ 0 взято | 🗑️ 381 мусор
2026-05-17 02:37:07,937 | INFO     |   → 322/896: ✅ 19 взято | 🗑️ 81 мусор
2026-05-17 02:37:07,937 | INFO     |   → 323/896: ✅ 11 взято | 🗑️ 87 мусор
2026-05-17 02:37:07,937 | INFO     |   → 324/896: ✅ 27 взято | 🗑️ 73 мусор
2026-05-17 02:37:07,938 | INFO     |   → 325/896: ✅ 13 взято | 🗑️ 75 мусор
2026-05-17 02:37:07,938 | INFO     |   → 326/896: ✅ 10 взято | 🗑️ 83 мусор
2026-05-17 02:37:07,938 | INFO     |   → 327/896: ✅ 12 взято | 🗑️ 86 мусор
2026-05-17 02:37:07,938 | INFO     |   → 328/896: ✅ 11 взято | 🗑️ 87 мусор
2026-05-17 02:37:07,938 | INFO     |   → 329/896: ✅ 11 взято | 🗑️ 80 мусор
2026-05-17 02:37:07,938 | INFO     |   → 330/896: ✅ 9 взято | 🗑️ 82 мусор
2026-05-17 02:37:07,938 | INFO     |   → 331/896: ✅ 69 взято | 🗑️ 3 мусор
2026-05-17 02:37:07,938 | INFO     |   → 332/896: ✅ 3 взято | 🗑️ 75 мусор
2026-05-17 02:37:07,938 | INFO     |   → 333/896: ✅ 4 взято | 🗑️ 69 мусор
2026-05-17 02:37:07,938 | INFO     |   → 334/896: ✅ 4 взято | 🗑️ 80 мусор
2026-05-17 02:37:07,938 | INFO     |   → 335/896: ✅ 6 взято | 🗑️ 81 мусор
2026-05-17 02:37:07,938 | INFO     |   → 336/896: ✅ 5 взято | 🗑️ 79 мусор
2026-05-17 02:37:07,938 | INFO     |   → 337/896: ✅ 11 взято | 🗑️ 78 мусор
2026-05-17 02:37:07,938 | INFO     |   → 338/896: ✅ 3 взято | 🗑️ 83 мусор
2026-05-17 02:37:07,938 | INFO     |   → 339/896: ✅ 14 взято | 🗑️ 76 мусор
2026-05-17 02:37:07,938 | INFO     |   → 340/896: ✅ 12 взято | 🗑️ 78 мусор
2026-05-17 02:37:07,938 | INFO     |   → 341/896: ✅ 26 взято | 🗑️ 218 мусор
2026-05-17 02:37:07,938 | INFO     |   → 342/896: ✅ 44 взято | 🗑️ 141 мусор
2026-05-17 02:37:07,938 | INFO     |   → 343/896: ✅ 10 взято | 🗑️ 71 мусор
2026-05-17 02:37:07,938 | INFO     |   → 344/896: ✅ 2 взято | 🗑️ 88 мусор
2026-05-17 02:37:07,938 | INFO     |   → 345/896: ✅ 0 взято | 🗑️ 3 мусор
2026-05-17 02:37:07,938 | INFO     |   → 346/896: ✅ 14 взято | 🗑️ 4 мусор
2026-05-17 02:37:07,938 | INFO     |   → 347/896: ✅ 645 взято | 🗑️ 2530 мусор
2026-05-17 02:37:07,938 | INFO     |   → 348/896 ❌ HTTP 404 — https://raw.githubusercontent.com/Alvin9999/pac2/master/clash/1/config.yaml
2026-05-17 02:37:07,939 | INFO     |   → 349/896 ❌ HTTP 404 — https://raw.githubusercontent.com/AmirHDevo/temp2/7f15e7ddb311a6f8c5ab338bd1af0e1f2136a84b/configs.txt
2026-05-17 02:37:07,939 | INFO     |   → 350/896: ✅ 5 взято | 🗑️ 123 мусор
2026-05-17 02:37:07,939 | INFO     |   → 351/896: ✅ 1261 взято | 🗑️ 17848 мусор
2026-05-17 02:37:07,939 | INFO     |   → 352/896: ✅ 5 взято | 🗑️ 47 мусор
2026-05-17 02:37:07,939 | INFO     |   → 353/896: ✅ 4 взято | 🗑️ 57 мусор
2026-05-17 02:37:07,939 | INFO     |   → 354/896: ✅ 21 взято | 🗑️ 107 мусор
2026-05-17 02:37:07,939 | INFO     |   → 355/896: ✅ 78 взято | 🗑️ 347 мусор
2026-05-17 02:37:07,939 | INFO     |   → 356/896: ✅ 0 взято | 🗑️ 1373 мусор
2026-05-17 02:37:07,939 | INFO     |   → 357/896: ✅ 339 взято | 🗑️ 1542 мусор
2026-05-17 02:37:07,939 | INFO     |   → 358/896: ✅ 0 взято | 🗑️ 6 мусор
2026-05-17 02:37:07,939 | INFO     |   → 359/896: ✅ 0 взято | 🗑️ 0 мусор
2026-05-17 02:37:07,939 | INFO     |   → 360/896: ✅ 1 взято | 🗑️ 235 мусор
2026-05-17 02:37:07,939 | INFO     |   → 361/896: ✅ 0 взято | 🗑️ 16 мусор
2026-05-17 02:37:07,939 | INFO     |   → 362/896: ✅ 0 взято | 🗑️ 0 мусор
2026-05-17 02:37:07,939 | INFO     |   → 363/896: ✅ 0 взято | 🗑️ 14 мусор
2026-05-17 02:37:07,939 | INFO     |   → 364/896: ✅ 0 взято | 🗑️ 0 мусор
2026-05-17 02:37:07,939 | INFO     |   → 365/896: ✅ 0 взято | 🗑️ 17 мусор
2026-05-17 02:37:07,939 | INFO     |   → 366/896: ✅ 0 взято | 🗑️ 0 мусор
2026-05-17 02:37:07,939 | INFO     |   → 367/896: ✅ 3 взято | 🗑️ 211 мусор
2026-05-17 02:37:07,939 | INFO     |   → 368/896: ✅ 0 взято | 🗑️ 0 мусор
2026-05-17 02:37:07,939 | INFO     |   → 369/896: ✅ 0 взято | 🗑️ 17 мусор
2026-05-17 02:37:07,939 | INFO     |   → 370/896: ✅ 0 взято | 🗑️ 0 мусор
2026-05-17 02:37:07,939 | INFO     |   → 371/896: ✅ 0 взято | 🗑️ 17 мусор
2026-05-17 02:37:07,939 | INFO     |   → 372/896: ✅ 0 взято | 🗑️ 0 мусор
2026-05-17 02:37:07,940 | INFO     |   → 373/896: ✅ 0 взято | 🗑️ 169 мусор
2026-05-17 02:37:07,940 | INFO     |   → 374/896: ✅ 0 взято | 🗑️ 0 мусор
2026-05-17 02:37:07,940 | INFO     |   → 375/896: ✅ 5 взято | 🗑️ 76 мусор
2026-05-17 02:37:07,940 | INFO     |   → 376/896: ✅ 80 взято | 🗑️ 1110 мусор
2026-05-17 02:37:07,940 | INFO     |   → 377/896: ✅ 5 взято | 🗑️ 13 мусор
2026-05-17 02:37:07,940 | INFO     |   → 378/896 ❌ HTTP 404 — https://raw.githubusercontent.com/Epodonios/bulk-xray-v2ray-vless-vmess-...-configs/main/sub/Austria/config.txt
2026-05-17 02:37:07,940 | INFO     |   → 379/896 ❌ HTTP 404 — https://raw.githubusercontent.com/Epodonios/bulk-xray-v2ray-vless-vmess-...-configs/main/sub/Canada/config.txt
2026-05-17 02:37:07,940 | INFO     |   → 380/896 ❌ HTTP 404 — https://raw.githubusercontent.com/Epodonios/bulk-xray-v2ray-vless-vmess-...-configs/main/sub/Costa%20Rica/config.txt
2026-05-17 02:37:07,940 | INFO     |   → 381/896 ❌ HTTP 404 — https://raw.githubusercontent.com/Epodonios/bulk-xray-v2ray-vless-vmess-...-configs/main/sub/France/config.txt
2026-05-17 02:37:07,940 | INFO     |   → 382/896 ❌ HTTP 404 — https://raw.githubusercontent.com/Epodonios/bulk-xray-v2ray-vless-vmess-...-configs/main/sub/Germany/config.txt
2026-05-17 02:37:07,940 | INFO     |   → 383/896 ❌ HTTP 404 — https://raw.githubusercontent.com/Epodonios/bulk-xray-v2ray-vless-vmess-...-configs/main/sub/Indonesia/config.txt
2026-05-17 02:37:07,940 | INFO     |   → 384/896 ❌ HTTP 404 — https://raw.githubusercontent.com/Epodonios/bulk-xray-v2ray-vless-vmess-...-configs/main/sub/Ireland/config.txt
2026-05-17 02:37:07,940 | INFO     |   → 385/896 ❌ HTTP 404 — https://raw.githubusercontent.com/Epodonios/bulk-xray-v2ray-vless-vmess-...-configs/main/sub/Republic%20of%20Lithuania/config.txt
2026-05-17 02:37:07,940 | INFO     |   → 386/896 ❌ HTTP 404 — https://raw.githubusercontent.com/Epodonios/bulk-xray-v2ray-vless-vmess-...-configs/main/sub/South%20Africa/config.txt
2026-05-17 02:37:07,940 | INFO     |   → 387/896 ❌ HTTP 404 — https://raw.githubusercontent.com/Epodonios/bulk-xray-v2ray-vless-vmess-...-configs/main/sub/Sweden/config.txt
2026-05-17 02:37:07,940 | INFO     |   → 388/896 ❌ HTTP 404 — https://raw.githubusercontent.com/Epodonios/bulk-xray-v2ray-vless-vmess-...-configs/main/sub/Turkey/config.txt
2026-05-17 02:37:07,940 | INFO     |   → 389/896 ❌ HTTP 404 — https://raw.githubusercontent.com/Epodonios/bulk-xray-v2ray-vless-vmess-...-configs/main/sub/United%20Arab%20Emirates/config.txt
2026-05-17 02:37:07,940 | INFO     |   → 390/896 ❌ HTTP 404 — https://raw.githubusercontent.com/Epodonios/bulk-xray-v2ray-vless-vmess-...-configs/main/sub/United%20Kingdom/config.txt
2026-05-17 02:37:07,940 | INFO     |   → 391/896 ❌ HTTP 404 — https://raw.githubusercontent.com/Epodonios/bulk-xray-v2ray-vless-vmess-...-configs/main/sub/United%20States/config.txt
2026-05-17 02:37:07,940 | INFO     |   → 392/896: ✅ 409 взято | 🗑️ 3995 мусор
2026-05-17 02:37:07,940 | INFO     |   → 393/896 ❌ HTTP 404 — https://raw.githubusercontent.com/Epodonios/v2ray-configs/main/Splitted-By-Protocol/mix.txt
2026-05-17 02:37:07,940 | INFO     |   → 394/896: ✅ 9 взято | 🗑️ 352 мусор
2026-05-17 02:37:07,941 | INFO     |   → 395/896: ✅ 0 взято | 🗑️ 0 мусор
2026-05-17 02:37:07,941 | INFO     |   → 396/896: ✅ 2 взято | 🗑️ 346 мусор
2026-05-17 02:37:07,941 | INFO     |   → 397/896: ✅ 20 взято | 🗑️ 2650 мусор
2026-05-17 02:37:07,941 | INFO     |   → 398/896: ✅ 1 взято | 🗑️ 620 мусор
2026-05-17 02:37:07,941 | INFO     |   → 399/896 ❌ HTTP 404 — https://raw.githubusercontent.com/Epodonios/v2ray-configs/raw/main/Splitted-By-Protocol/trojan.txt
2026-05-17 02:37:07,941 | INFO     |   → 400/896 ❌ HTTP 404 — https://raw.githubusercontent.com/Epodonios/v2ray-configs/raw/main/Splitted-By-Protocol/vmess.txt
2026-05-17 02:37:07,941 | INFO     |   → 401/896: ✅ 0 взято | 🗑️ 352 мусор
2026-05-17 02:37:07,941 | INFO     |   → 402/896: ✅ 0 взято | 🗑️ 0 мусор
2026-05-17 02:37:07,941 | INFO     |   → 403/896: ✅ 0 взято | 🗑️ 346 мусор
2026-05-17 02:37:07,941 | INFO     |   → 404/896: ✅ 0 взято | 🗑️ 2650 мусор
2026-05-17 02:37:07,941 | INFO     |   → 405/896: ✅ 0 взято | 🗑️ 620 мусор
2026-05-17 02:37:07,941 | INFO     |   → 406/896 ❌ HTTP 404 — https://raw.githubusercontent.com/Fido6/FreeNodes/57221e59caddde55ffdda21d491ae952cd608049/nodes/halekj.txt
2026-05-17 02:37:07,941 | INFO     |   → 407/896 ❌ HTTP 404 — https://raw.githubusercontent.com/Fido6/FreeNodes/57221e59caddde55ffdda21d491ae952cd608049/nodes/kkzui.txt
2026-05-17 02:37:07,941 | INFO     |   → 408/896 ❌ HTTP 404 — https://raw.githubusercontent.com/Fido6/FreeNodes/57221e59caddde55ffdda21d491ae952cd608049/nodes/wenode.txt
2026-05-17 02:37:07,941 | INFO     |   → 409/896: ✅ 0 взято | 🗑️ 0 мусор
2026-05-17 02:37:07,941 | INFO     |   → 410/896: ✅ 0 взято | 🗑️ 0 мусор
2026-05-17 02:37:07,941 | INFO     |   → 411/896: ✅ 14 взято | 🗑️ 250 мусор
2026-05-17 02:37:07,941 | INFO     |   → 412/896: ✅ 1 взято | 🗑️ 13 мусор
2026-05-17 02:37:07,941 | INFO     |   → 413/896: ✅ 1 взято | 🗑️ 17 мусор
2026-05-17 02:37:07,941 | INFO     |   → 414/896: ✅ 4 взято | 🗑️ 11 мусор
2026-05-17 02:37:07,941 | INFO     |   → 415/896: ✅ 0 взято | 🗑️ 0 мусор
2026-05-17 02:37:07,941 | INFO     |   → 416/896: ✅ 0 взято | 🗑️ 137 мусор
2026-05-17 02:37:07,941 | INFO     |   → 417/896: ✅ 0 взято | 🗑️ 32 мусор
2026-05-17 02:37:07,941 | INFO     |   → 418/896: ✅ 2 взято | 🗑️ 19 мусор
2026-05-17 02:37:07,942 | INFO     |   → 419/896: ✅ 0 взято | 🗑️ 43 мусор
2026-05-17 02:37:07,942 | INFO     |   → 420/896: ✅ 0 взято | 🗑️ 43 мусор
2026-05-17 02:37:07,942 | INFO     |   → 421/896 ❌ HTTP 404 — https://raw.githubusercontent.com/Iran-v2ray/v2ray/main/v2ray
2026-05-17 02:37:07,942 | INFO     |   → 422/896: ✅ 0 взято | 🗑️ 1 мусор
2026-05-17 02:37:07,942 | INFO     |   → 423/896: ✅ 0 взято | 🗑️ 1 мусор
2026-05-17 02:37:07,942 | INFO     |   → 424/896: ✅ 0 взято | 🗑️ 28 мусор
2026-05-17 02:37:07,942 | INFO     |   → 425/896: ✅ 14 взято | 🗑️ 282 мусор
2026-05-17 02:37:07,942 | INFO     |   → 426/896: ✅ 0 взято | 🗑️ 94 мусор
2026-05-17 02:37:07,942 | INFO     |   → 427/896: ✅ 0 взято | 🗑️ 0 мусор
2026-05-17 02:37:07,942 | INFO     |   → 428/896: ✅ 0 взято | 🗑️ 0 мусор
2026-05-17 02:37:07,942 | INFO     |   → 429/896 ❌ HTTP 404 — https://raw.githubusercontent.com/Kwinshadow/TelegramV2rayCollector/raw/refs/heads/main/sublinks/mix.txt
2026-05-17 02:37:07,942 | INFO     |   → 430/896 ❌ HTTP 404 — https://raw.githubusercontent.com/LalatinaHub/Mineral/raw/refs/heads/master/result/nodes
2026-05-17 02:37:07,942 | INFO     |   → 431/896 ❌ HTTP 404 — https://raw.githubusercontent.com/Leon406/SubCrawler/main/sub/share/all3
2026-05-17 02:37:07,942 | INFO     |   → 432/896 ❌ HTTP 404 — https://raw.githubusercontent.com/Leon406/SubCrawler/main/sub/share/all4
2026-05-17 02:37:07,942 | INFO     |   → 433/896: ✅ 4 взято | 🗑️ 335 мусор
2026-05-17 02:37:07,942 | INFO     |   → 434/896: ✅ 0 взято | 🗑️ 33 мусор
2026-05-17 02:37:07,942 | INFO     |   → 435/896: ✅ 0 взято | 🗑️ 6 мусор
2026-05-17 02:37:07,942 | INFO     |   → 436/896: ✅ 0 взято | 🗑️ 147 мусор
2026-05-17 02:37:07,942 | INFO     |   → 437/896 ❌ HTTP 404 — https://raw.githubusercontent.com/M-Mashreghi/free-config-collector/main/Splitted-By-Protocol/ssr.txt
2026-05-17 02:37:07,942 | INFO     |   → 438/896: ✅ 139 взято | 🗑️ 114 мусор
2026-05-17 02:37:07,942 | INFO     |   → 439/896: ✅ 126 взято | 🗑️ 137 мусор
2026-05-17 02:37:07,942 | INFO     |   → 440/896: ✅ 0 взято | 🗑️ 12 мусор
2026-05-17 02:37:07,942 | INFO     |   → 441/896: ✅ 0 взято | 🗑️ 1 мусор
2026-05-17 02:37:07,943 | INFO     |   → 442/896: ✅ 96 взято | 🗑️ 411 мусор
2026-05-17 02:37:07,943 | INFO     |   → 443/896: ✅ 0 взято | 🗑️ 411 мусор
2026-05-17 02:37:07,943 | INFO     |   → 444/896 ❌ HTTP 404 — https://raw.githubusercontent.com/MatinGhanbari/v2ray-configs/main/subscriptions/filtered/subs/hy2.txt
2026-05-17 02:37:07,943 | INFO     |   → 445/896: ✅ 28 взято | 🗑️ 1489 мусор
2026-05-17 02:37:07,943 | INFO     |   → 446/896 ❌ HTTP 404 — https://raw.githubusercontent.com/MatinGhanbari/v2ray-configs/main/subscriptions/filtered/subs/ssr.txt
2026-05-17 02:37:07,943 | INFO     |   → 447/896: ✅ 55 взято | 🗑️ 559 мусор
2026-05-17 02:37:07,943 | INFO     |   → 448/896 ❌ HTTP 404 — https://raw.githubusercontent.com/MatinGhanbari/v2ray-configs/main/subscriptions/filtered/subs/tuic.txt
2026-05-17 02:37:07,943 | INFO     |   → 449/896: ✅ 16 взято | 🗑️ 238 мусор
2026-05-17 02:37:07,943 | INFO     |   → 450/896: ✅ 209 взято | 🗑️ 1334 мусор
2026-05-17 02:37:07,943 | INFO     |   → 451/896: ✅ 0 взято | 🗑️ 2 мусор
2026-05-17 02:37:07,943 | INFO     |   → 452/896: ✅ 95 взято | 🗑️ 719 мусор
2026-05-17 02:37:07,943 | INFO     |   → 453/896: ✅ 0 взято | 🗑️ 371 мусор
2026-05-17 02:37:07,943 | INFO     |   → 454/896: ✅ 0 взято | 🗑️ 371 мусор
2026-05-17 02:37:07,943 | INFO     |   → 455/896: ✅ 0 взято | 🗑️ 11 мусор
2026-05-17 02:37:07,943 | INFO     |   → 456/896: ✅ 0 взято | 🗑️ 2 мусор
2026-05-17 02:37:07,943 | INFO     |   → 457/896: ✅ 0 взято | 🗑️ 270 мусор
2026-05-17 02:37:07,943 | INFO     |   → 458/896: ✅ 0 взято | 🗑️ 73 мусор
2026-05-17 02:37:07,943 | INFO     |   → 459/896 ❌ HTTP 404 — https://raw.githubusercontent.com/MhdiTaheri/V2rayCollector/raw/refs/heads/main/sub/mix
2026-05-17 02:37:07,943 | INFO     |   → 460/896: ✅ 53 взято | 🗑️ 267 мусор
2026-05-17 02:37:07,943 | INFO     |   → 461/896 ❌ HTTP 404 — https://raw.githubusercontent.com/MhdiTaheri/V2rayCollector_Py/raw/refs/heads/main/sub/Mix/mix.txt
2026-05-17 02:37:07,943 | INFO     |   → 462/896: ✅ 0 взято | 🗑️ 0 мусор
2026-05-17 02:37:07,943 | INFO     |   → 463/896: ✅ 43 взято | 🗑️ 217 мусор
2026-05-17 02:37:07,943 | INFO     |   → 464/896: ✅ 0 взято | 🗑️ 31 мусор
2026-05-17 02:37:07,944 | INFO     |   → 465/896: ✅ 93 взято | 🗑️ 282 мусор
2026-05-17 02:37:07,944 | INFO     |   → 466/896: ✅ 0 взято | 🗑️ 26 мусор
2026-05-17 02:37:07,944 | INFO     |   → 467/896 ❌ HTTP 404 — https://raw.githubusercontent.com/MrMohebi/xray-proxy-grabber-telegram/master/collected-proxies/clash-meta/all.yaml
2026-05-17 02:37:07,944 | INFO     |   → 468/896 ❌ HTTP 404 — https://raw.githubusercontent.com/MrMohebi/xray-proxy-grabber-telegram/master/collected-proxies/row-url/actives.txt
2026-05-17 02:37:07,944 | INFO     |   → 469/896 ❌ HTTP 404 — https://raw.githubusercontent.com/MrMohebi/xray-proxy-grabber-telegram/master/collected-proxies/row-url/all.txt
2026-05-17 02:37:07,944 | INFO     |   → 470/896: ✅ 0 взято | 🗑️ 13 мусор
2026-05-17 02:37:07,944 | INFO     |   → 471/896: ✅ 0 взято | 🗑️ 13 мусор
2026-05-17 02:37:07,944 | INFO     |   → 472/896: ✅ 5 взято | 🗑️ 15 мусор
2026-05-17 02:37:07,944 | INFO     |   → 473/896: ✅ 0 взято | 🗑️ 30 мусор
2026-05-17 02:37:07,944 | INFO     |   → 474/896: ✅ 0 взято | 🗑️ 15 мусор
2026-05-17 02:37:07,944 | INFO     |   → 475/896: ✅ 66 взято | 🗑️ 123 мусор
2026-05-17 02:37:07,944 | INFO     |   → 476/896: ✅ 175 взято | 🗑️ 582 мусор
2026-05-17 02:37:07,944 | INFO     |   → 477/896: ✅ 0 взято | 🗑️ 0 мусор
2026-05-17 02:37:07,944 | INFO     |   → 478/896 ❌ HTTP 404 — https://raw.githubusercontent.com/OpenCNLink/freevpn/3cfcff048bfdd1493ccffa52ecf30ce7f9fc6b28/src/list/vmess.txt
2026-05-17 02:37:07,944 | INFO     |   → 479/896 ❌ HTTP 404 — https://raw.githubusercontent.com/Pawdro/Collection/main/sub
2026-05-17 02:37:07,944 | INFO     |   → 480/896: ✅ 0 взято | 🗑️ 20 мусор
2026-05-17 02:37:07,944 | INFO     |   → 481/896: ✅ 0 взято | 🗑️ 20 мусор
2026-05-17 02:37:07,944 | INFO     |   → 482/896: ✅ 0 взято | 🗑️ 0 мусор
2026-05-17 02:37:07,944 | INFO     |   → 483/896: ✅ 0 взято | 🗑️ 0 мусор
2026-05-17 02:37:07,944 | INFO     |   → 484/896: ✅ 0 взято | 🗑️ 50 мусор
2026-05-17 02:37:07,944 | INFO     |   → 485/896: ✅ 5 взято | 🗑️ 206 мусор
2026-05-17 02:37:07,944 | INFO     |   → 486/896: ✅ 21 взято | 🗑️ 138 мусор
2026-05-17 02:37:07,944 | INFO     |   → 487/896: ✅ 23 взято | 🗑️ 89 мусор
2026-05-17 02:37:07,944 | INFO     |   → 488/896: ✅ 9 взято | 🗑️ 85 мусор
2026-05-17 02:37:07,945 | INFO     |   → 489/896: ✅ 0 взято | 🗑️ 129 мусор
2026-05-17 02:37:07,945 | INFO     |   → 490/896: ✅ 0 взято | 🗑️ 81 мусор
2026-05-17 02:37:07,945 | INFO     |   → 491/896 ❌ HTTP 404 — https://raw.githubusercontent.com/STR97/STRUGOV/refs/heads/main/STR.BYPASS
2026-05-17 02:37:07,945 | INFO     |   → 492/896: ✅ 4 взято | 🗑️ 34 мусор
2026-05-17 02:37:07,945 | INFO     |   → 493/896: ✅ 11 взято | 🗑️ 16 мусор
2026-05-17 02:37:07,945 | INFO     |   → 494/896: ✅ 0 взято | 🗑️ 16 мусор
2026-05-17 02:37:07,945 | INFO     |   → 495/896: ✅ 0 взято | 🗑️ 27 мусор
2026-05-17 02:37:07,945 | INFO     |   → 496/896: ✅ 140 взято | 🗑️ 1153 мусор
2026-05-17 02:37:07,945 | INFO     |   → 497/896: ✅ 29 взято | 🗑️ 54 мусор
2026-05-17 02:37:07,945 | INFO     |   → 498/896: ✅ 0 взято | 🗑️ 15 мусор
2026-05-17 02:37:07,945 | INFO     |   → 499/896: ✅ 0 взято | 🗑️ 0 мусор
2026-05-17 02:37:07,945 | INFO     |   → 500/896: ✅ 2 взято | 🗑️ 3 мусор
2026-05-17 02:37:07,945 | INFO     |   → 501/896: ✅ 0 взято | 🗑️ 15 мусор
2026-05-17 02:37:07,945 | INFO     |   → 502/896: ✅ 0 взято | 🗑️ 3 мусор
2026-05-17 02:37:07,945 | INFO     |   → 503/896: ✅ 4 взято | 🗑️ 291 мусор
2026-05-17 02:37:07,945 | INFO     |   → 504/896: ✅ 0 взято | 🗑️ 119 мусор
2026-05-17 02:37:07,945 | INFO     |   → 505/896: ✅ 0 взято | 🗑️ 0 мусор
2026-05-17 02:37:07,945 | INFO     |   → 506/896 ❌ HTTP 404 — https://raw.githubusercontent.com/V2RAYCONFIGSPOOL/V2RAY_SUB/main/V2RAY_SUB.txt
2026-05-17 02:37:07,945 | INFO     |   → 507/896: ✅ 48 взято | 🗑️ 90 мусор
2026-05-17 02:37:07,945 | INFO     |   → 508/896: ✅ 19 взято | 🗑️ 76 мусор
2026-05-17 02:37:07,945 | INFO     |   → 509/896: ✅ 0 взято | 🗑️ 0 мусор
2026-05-17 02:37:07,945 | INFO     |   → 510/896: ✅ 0 взято | 🗑️ 76 мусор
2026-05-17 02:37:07,945 | INFO     |   → 511/896: ✅ 58 взято | 🗑️ 348 мусор
2026-05-17 02:37:07,946 | INFO     |   → 512/896: ✅ 1 взято | 🗑️ 231 мусор
2026-05-17 02:37:07,946 | INFO     |   → 513/896: ✅ 0 взято | 🗑️ 0 мусор
2026-05-17 02:37:07,946 | INFO     |   → 514/896: ✅ 1 взято | 🗑️ 83 мусор
2026-05-17 02:37:07,946 | INFO     |   → 515/896: ✅ 0 взято | 🗑️ 16 мусор
2026-05-17 02:37:07,946 | INFO     |   → 516/896: ✅ 0 взято | 🗑️ 16 мусор
2026-05-17 02:37:07,946 | INFO     |   → 517/896 ❌ HTTP 404 — https://raw.githubusercontent.com/aiboboxx/clashfree/main/clash.yml
2026-05-17 02:37:07,946 | INFO     |   → 518/896 ❌ HTTP 404 — https://raw.githubusercontent.com/aiboboxx/v2rayfree/main/v2
2026-05-17 02:37:07,946 | INFO     |   → 519/896 ❌ HTTP 404 — https://raw.githubusercontent.com/amirmohammad-mohammad-88/Sub-Reality-Azadi-config/Config/Azadi-Reality-Different
2026-05-17 02:37:07,946 | INFO     |   → 520/896 ❌ HTTP 404 — https://raw.githubusercontent.com/amirmohammad-mohammad-88/Sub-Reality-Azadi-config/Config/Azadi-Reality-Different-Base64
2026-05-17 02:37:07,946 | INFO     |   → 521/896: ✅ 1 взято | 🗑️ 17 мусор
2026-05-17 02:37:07,946 | INFO     |   → 522/896: ✅ 0 взято | 🗑️ 0 мусор
2026-05-17 02:37:07,946 | INFO     |   → 523/896: ✅ 4 взято | 🗑️ 114 мусор
2026-05-17 02:37:07,946 | INFO     |   → 524/896: ✅ 19 взято | 🗑️ 74 мусор
2026-05-17 02:37:07,946 | INFO     |   → 525/896 ❌ HTTP 404 — https://raw.githubusercontent.com/awesome-vpn/awesome-vpn/master/ss
2026-05-17 02:37:07,946 | INFO     |   → 526/896 ❌ HTTP 404 — https://raw.githubusercontent.com/awesome-vpn/awesome-vpn/master/ssr
2026-05-17 02:37:07,946 | INFO     |   → 527/896: ✅ 0 взято | 🗑️ 0 мусор
2026-05-17 02:37:07,946 | INFO     |   → 528/896: ✅ 1 взято | 🗑️ 22 мусор
2026-05-17 02:37:07,946 | INFO     |   → 529/896: ✅ 0 взято | 🗑️ 151 мусор
2026-05-17 02:37:07,946 | INFO     |   → 530/896 ❌ HTTP 404 — https://raw.githubusercontent.com/barry-far/V2ray-Configs/ced94ddfff48276ec365b40227561f36b1b64bc8/Sub5.txt
2026-05-17 02:37:07,946 | INFO     |   → 531/896 ❌ HTTP 404 — https://raw.githubusercontent.com/barry-far/V2ray-Configs/main/Splitted-By-Protocol/hysteria2.txt
2026-05-17 02:37:07,946 | INFO     |   → 532/896 ❌ HTTP 404 — https://raw.githubusercontent.com/barry-far/V2ray-Configs/main/Splitted-By-Protocol/vless.txt
2026-05-17 02:37:07,946 | INFO     |   → 533/896 ❌ HTTP 404 — https://raw.githubusercontent.com/barry-far/V2ray-Configs/main/Sub1.txt
2026-05-17 02:37:07,946 | INFO     |   → 534/896 ❌ HTTP 404 — https://raw.githubusercontent.com/barry-far/V2ray-Configs/refs/heads/main/All_Configs_Sub.txt
2026-05-17 02:37:07,946 | INFO     |   → 535/896: ✅ 0 взято | 🗑️ 0 мусор
2026-05-17 02:37:07,946 | INFO     |   → 536/896 ❌ HTTP 404 — https://raw.githubusercontent.com/budamu/clashconfig/main/v2ray.txt
2026-05-17 02:37:07,947 | INFO     |   → 537/896 ❌ HTTP 404 — https://raw.githubusercontent.com/budamu/clashconfig/main/v2ray2.txt
2026-05-17 02:37:07,947 | INFO     |   → 538/896: ✅ 0 взято | 🗑️ 0 мусор
2026-05-17 02:37:07,947 | INFO     |   → 539/896: ✅ 0 взято | 🗑️ 442 мусор
2026-05-17 02:37:07,947 | INFO     |   → 540/896: ✅ 0 взято | 🗑️ 0 мусор
2026-05-17 02:37:07,947 | INFO     |   → 541/896 ❌ HTTP 404 — https://raw.githubusercontent.com/chxxyz2004/zd/17fca23b73c46b5dd73e9be49b14d219b5e5f836/sub/2401/240110.txt
2026-05-17 02:37:07,947 | INFO     |   → 542/896: ✅ 0 взято | 🗑️ 44 мусор
2026-05-17 02:37:07,947 | INFO     |   → 543/896: ✅ 236 взято | 🗑️ 517 мусор
2026-05-17 02:37:07,947 | INFO     |   → 544/896 ❌ HTTP 404 — https://raw.githubusercontent.com/cxr9912/cxr2022/main/free.yaml
2026-05-17 02:37:07,947 | INFO     |   → 545/896 ❌ HTTP 404 — https://raw.githubusercontent.com/cxr9912/cxr2022/main/mix.yaml
2026-05-17 02:37:07,947 | INFO     |   → 546/896 ❌ HTTP 404 — https://raw.githubusercontent.com/cxr9912/cxr2022/main/ss.yaml
2026-05-17 02:37:07,947 | INFO     |   → 547/896 ❌ HTTP 404 — https://raw.githubusercontent.com/cxr9912/cxr2022/main/ssr.yaml
2026-05-17 02:37:07,947 | INFO     |   → 548/896 ❌ HTTP 404 — https://raw.githubusercontent.com/cxr9912/cxr2022/main/vmess.yaml
2026-05-17 02:37:07,947 | INFO     |   → 549/896 ❌ HTTP 404 — https://raw.githubusercontent.com/cxr9912/cxr2022/refs/heads/main/18cj.json
2026-05-17 02:37:07,947 | INFO     |   → 550/896 ❌ HTTP 404 — https://raw.githubusercontent.com/cxr9912/cxr2022/refs/heads/main/aaaaaaaa.yaml
2026-05-17 02:37:07,947 | INFO     |   → 551/896 ❌ HTTP 404 — https://raw.githubusercontent.com/cxr9912/cxr2022/refs/heads/main/free.yaml
2026-05-17 02:37:07,947 | INFO     |   → 552/896 ❌ HTTP 404 — https://raw.githubusercontent.com/cxr9912/cxr2022/refs/heads/main/ss2088.txt
2026-05-17 02:37:07,947 | INFO     |   → 553/896: ✅ 0 взято | 🗑️ 18 мусор
2026-05-17 02:37:07,947 | INFO     |   → 554/896: ✅ 0 взято | 🗑️ 18 мусор
2026-05-17 02:37:07,947 | INFO     |   → 555/896: ✅ 6 взято | 🗑️ 78 мусор
2026-05-17 02:37:07,947 | INFO     |   → 556/896: ✅ 6 взято | 🗑️ 4 мусор
2026-05-17 02:37:07,947 | INFO     |   → 557/896: ✅ 0 взято | 🗑️ 2 мусор
2026-05-17 02:37:07,947 | INFO     |   → 558/896: ✅ 0 взято | 🗑️ 2 мусор
2026-05-17 02:37:07,947 | INFO     |   → 559/896: ✅ 0 взято | 🗑️ 2 мусор
2026-05-17 02:37:07,947 | INFO     |   → 560/896: ✅ 0 взято | 🗑️ 3 мусор
2026-05-17 02:37:07,947 | INFO     |   → 561/896: ✅ 0 взято | 🗑️ 2 мусор
2026-05-17 02:37:07,947 | INFO     |   → 562/896: ✅ 0 взято | 🗑️ 9 мусор
2026-05-17 02:37:07,948 | INFO     |   → 563/896: ✅ 1 взято | 🗑️ 1 мусор
2026-05-17 02:37:07,948 | INFO     |   → 564/896: ✅ 0 взято | 🗑️ 10 мусор
2026-05-17 02:37:07,948 | INFO     |   → 565/896: ✅ 0 взято | 🗑️ 2 мусор
2026-05-17 02:37:07,948 | INFO     |   → 566/896: ✅ 0 взято | 🗑️ 0 мусор
2026-05-17 02:37:07,948 | INFO     |   → 567/896: ✅ 150 взято | 🗑️ 3986 мусор
2026-05-17 02:37:07,948 | INFO     |   → 568/896: ✅ 52 взято | 🗑️ 95 мусор
2026-05-17 02:37:07,948 | INFO     |   → 569/896: ✅ 6 взято | 🗑️ 113 мусор
2026-05-17 02:37:07,948 | INFO     |   → 570/896: ✅ 0 взято | 🗑️ 0 мусор
2026-05-17 02:37:07,948 | INFO     |   → 571/896: ✅ 1 взято | 🗑️ 25 мусор
2026-05-17 02:37:07,948 | INFO     |   → 572/896: ✅ 0 взято | 🗑️ 0 мусор
2026-05-17 02:37:07,948 | INFO     |   → 573/896: ✅ 13 взято | 🗑️ 19 мусор
2026-05-17 02:37:07,948 | INFO     |   → 574/896: ✅ 0 взято | 🗑️ 5 мусор
2026-05-17 02:37:07,948 | INFO     |   → 575/896: ✅ 2 взято | 🗑️ 80 мусор
2026-05-17 02:37:07,948 | INFO     |   → 576/896 ❌ HTTP 404 — https://raw.githubusercontent.com/free-nodes/v2rayfree/main/v2
2026-05-17 02:37:07,948 | INFO     |   → 577/896 ❌ HTTP 404 — https://raw.githubusercontent.com/free-v2ray-config/trojan/main/trojan.txt
2026-05-17 02:37:07,948 | INFO     |   → 578/896 ❌ HTTP 404 — https://raw.githubusercontent.com/free-v2ray-config/vless/main/vless.txt
2026-05-17 02:37:07,948 | INFO     |   → 579/896 ❌ HTTP 404 — https://raw.githubusercontent.com/free-v2ray-config/vmess/main/vmess.txt
2026-05-17 02:37:07,948 | INFO     |   → 580/896: ✅ 5 взято | 🗑️ 169 мусор
2026-05-17 02:37:07,948 | INFO     |   → 581/896: ✅ 34 взято | 🗑️ 121 мусор
2026-05-17 02:37:07,948 | INFO     |   → 582/896: ✅ 4 взято | 🗑️ 97 мусор
2026-05-17 02:37:07,948 | INFO     |   → 583/896 ❌ HTTP 404 — https://raw.githubusercontent.com/free18/v2ray/main/Clash.yaml
2026-05-17 02:37:07,948 | INFO     |   → 584/896: ✅ 0 взято | 🗑️ 0 мусор
2026-05-17 02:37:07,948 | INFO     |   → 585/896: ✅ 0 взято | 🗑️ 15 мусор
2026-05-17 02:37:07,948 | INFO     |   → 586/896: ✅ 0 взято | 🗑️ 0 мусор
2026-05-17 02:37:07,948 | INFO     |   → 587/896: ✅ 0 взято | 🗑️ 8 мусор
2026-05-17 02:37:07,948 | INFO     |   → 588/896: ✅ 0 взято | 🗑️ 8 мусор
2026-05-17 02:37:07,948 | INFO     |   → 589/896: ✅ 0 взято | 🗑️ 8 мусор
2026-05-17 02:37:07,949 | INFO     |   → 590/896: ✅ 0 взято | 🗑️ 8 мусор
2026-05-17 02:37:07,949 | INFO     |   → 591/896 ❌ HTTP 404 — https://raw.githubusercontent.com/freev2rayconfig/V2RAY_SUB/3e6a7786a1601ee3723e8d043ae79e70dbdfd9a8/v2rayconfigs.txt
2026-05-17 02:37:07,949 | INFO     |   → 592/896 ❌ HTTP 404 — https://raw.githubusercontent.com/freev2rayconfig/V2RAY_SUBSCRIPTION_LINK/main/v2rayconfigs.txt
2026-05-17 02:37:07,949 | INFO     |   → 593/896 ❌ HTTP 404 — https://raw.githubusercontent.com/gfpcom/free-proxy-list/main/list/http.txt
2026-05-17 02:37:07,949 | INFO     |   → 594/896 ❌ HTTP 404 — https://raw.githubusercontent.com/gfpcom/free-proxy-list/main/list/https.txt
2026-05-17 02:37:07,949 | INFO     |   → 595/896 ❌ HTTP 404 — https://raw.githubusercontent.com/gfpcom/free-proxy-list/main/list/socks4.txt
2026-05-17 02:37:07,949 | INFO     |   → 596/896 ❌ HTTP 404 — https://raw.githubusercontent.com/gfpcom/free-proxy-list/main/list/socks4a.txt
2026-05-17 02:37:07,949 | INFO     |   → 597/896 ❌ HTTP 404 — https://raw.githubusercontent.com/gfpcom/free-proxy-list/main/list/socks5.txt
2026-05-17 02:37:07,949 | INFO     |   → 598/896 ❌ HTTP 404 — https://raw.githubusercontent.com/gfpcom/free-proxy-list/main/list/socks5h.txt
2026-05-17 02:37:07,949 | INFO     |   → 599/896 ❌ HTTP 404 — https://raw.githubusercontent.com/gfpcom/free-proxy-list/main/list/ss.txt
2026-05-17 02:37:07,949 | INFO     |   → 600/896 ❌ HTTP 404 — https://raw.githubusercontent.com/gfpcom/free-proxy-list/main/list/ssr.txt
2026-05-17 02:37:07,949 | INFO     |   → 601/896 ❌ HTTP 404 — https://raw.githubusercontent.com/gfpcom/free-proxy-list/main/list/trojan.txt
2026-05-17 02:37:07,949 | INFO     |   → 602/896 ❌ HTTP 404 — https://raw.githubusercontent.com/gfpcom/free-proxy-list/main/list/vless.txt
2026-05-17 02:37:07,949 | INFO     |   → 603/896 ❌ HTTP 404 — https://raw.githubusercontent.com/gfpcom/free-proxy-list/main/list/vmess.txt
2026-05-17 02:37:07,949 | INFO     |   → 604/896: ✅ 0 взято | 🗑️ 17 мусор
2026-05-17 02:37:07,949 | INFO     |   → 605/896: ✅ 0 взято | 🗑️ 0 мусор
2026-05-17 02:37:07,949 | INFO     |   → 606/896: ✅ 4 взято | 🗑️ 63 мусор
2026-05-17 02:37:07,949 | INFO     |   → 607/896 ❌ HTTP 404 — https://raw.githubusercontent.com/hameed-maleki/TVC/89a4522969c57dcc22458cae9898426e5c4f2679/lite/config.txt
2026-05-17 02:37:07,949 | INFO     |   → 608/896: ✅ 5 взято | 🗑️ 132 мусор
2026-05-17 02:37:07,949 | INFO     |   → 609/896: ✅ 0 взято | 🗑️ 56 мусор
2026-05-17 02:37:07,949 | INFO     |   → 610/896 ❌ HTTP 404 — https://raw.githubusercontent.com/hkaa0/permalink/main/proxy/V2ray
2026-05-17 02:37:07,949 | INFO     |   → 611/896 ❌ HTTP 404 — https://raw.githubusercontent.com/hkaa0/permalink/main/proxy/clash
2026-05-17 02:37:07,949 | INFO     |   → 612/896 ❌ HTTP 404 — https://raw.githubusercontent.com/hkpc/Autoproxy/6cf946ddfc677a29062007e4b47d70674474baa7/sub/2401/240110.txt
2026-05-17 02:37:07,949 | INFO     |   → 613/896 ❌ HTTP 404 — https://raw.githubusercontent.com/hkpc/V2ray-Configs/7d9aa0dabf947af180a7dd6302818ed37950531a/Sub1.txt
2026-05-17 02:37:07,949 | INFO     |   → 614/896: ✅ 0 взято | 🗑️ 14 мусор
2026-05-17 02:37:07,949 | INFO     |   → 615/896: ✅ 16 взято | 🗑️ 16 мусор
2026-05-17 02:37:07,950 | INFO     |   → 616/896 ❌ HTTP 404 — https://raw.githubusercontent.com/iboxz/free-v2ray-collector/main/main
2026-05-17 02:37:07,950 | INFO     |   → 617/896: ✅ 12 взято | 🗑️ 16 мусор
2026-05-17 02:37:07,950 | INFO     |   → 618/896: ✅ 8 взято | 🗑️ 7 мусор
2026-05-17 02:37:07,950 | INFO     |   → 619/896: ✅ 60 взято | 🗑️ 211 мусор
2026-05-17 02:37:07,950 | INFO     |   → 620/896 ❌ HTTP 404 — https://raw.githubusercontent.com/igareck/vpn-configs-for-russia/refs/heads/main/Vless-Reality-White-Lists-Rus-Cable.txt
2026-05-17 02:37:07,950 | INFO     |   → 621/896: ✅ 60 взято | 🗑️ 89 мусор
2026-05-17 02:37:07,950 | INFO     |   → 622/896: ✅ 0 взято | 🗑️ 0 мусор
2026-05-17 02:37:07,950 | INFO     |   → 623/896: ✅ 0 взято | 🗑️ 0 мусор
2026-05-17 02:37:07,950 | INFO     |   → 624/896: ✅ 23 взято | 🗑️ 9 мусор
2026-05-17 02:37:07,950 | INFO     |   → 625/896: ✅ 0 взято | 🗑️ 0 мусор
2026-05-17 02:37:07,950 | INFO     |   → 626/896: ✅ 0 взято | 🗑️ 0 мусор
2026-05-17 02:37:07,950 | INFO     |   → 627/896: ✅ 0 взято | 🗑️ 12 мусор
2026-05-17 02:37:07,950 | INFO     |   → 628/896: ✅ 0 взято | 🗑️ 43 мусор
2026-05-17 02:37:07,950 | INFO     |   → 629/896 ❌ HTTP 404 — https://raw.githubusercontent.com/jw853355718/clash_233/master/config.yml
2026-05-17 02:37:07,950 | INFO     |   → 630/896: ✅ 0 взято | 🗑️ 210 мусор
2026-05-17 02:37:07,950 | INFO     |   → 631/896: ✅ 0 взято | 🗑️ 0 мусор
2026-05-17 02:37:07,950 | INFO     |   → 632/896: ✅ 0 взято | 🗑️ 0 мусор
2026-05-17 02:37:07,950 | INFO     |   → 633/896 ❌ HTTP 404 — https://raw.githubusercontent.com/lcx12901/v2ray-/master/sspool.herokuapp.com/yzcloud.yaml
2026-05-17 02:37:07,950 | INFO     |   → 634/896 ❌ HTTP 404 — https://raw.githubusercontent.com/lcx12901/v2ray-/master/sspool.herokuapp.com/yzcloud2.yaml
2026-05-17 02:37:07,950 | INFO     |   → 635/896: ✅ 0 взято | 🗑️ 0 мусор
2026-05-17 02:37:07,950 | INFO     |   → 636/896 ❌ HTTP 404 — https://raw.githubusercontent.com/learnhard-cn/free_proxy_ss/main/clash/config.yaml
2026-05-17 02:37:07,950 | INFO     |   → 637/896: ✅ 0 взято | 🗑️ 8 мусор
2026-05-17 02:37:07,950 | INFO     |   → 638/896: ✅ 0 взято | 🗑️ 4 мусор
2026-05-17 02:37:07,950 | INFO     |   → 639/896: ✅ 0 взято | 🗑️ 0 мусор
2026-05-17 02:37:07,950 | INFO     |   → 640/896: ✅ 0 взято | 🗑️ 4 мусор
2026-05-17 02:37:07,950 | INFO     |   → 641/896: ✅ 0 взято | 🗑️ 149 мусор
2026-05-17 02:37:07,951 | INFO     |   → 642/896: ✅ 0 взято | 🗑️ 421 мусор
2026-05-17 02:37:07,951 | INFO     |   → 643/896 ❌ HTTP 404 — https://raw.githubusercontent.com/lisylva-lee/v2dyku/main/ssr
2026-05-17 02:37:07,951 | INFO     |   → 644/896 ❌ HTTP 404 — https://raw.githubusercontent.com/lisylva-lee/v2dyku/main/v2dy
2026-05-17 02:37:07,951 | INFO     |   → 645/896: ✅ 0 взято | 🗑️ 53 мусор
2026-05-17 02:37:07,951 | INFO     |   → 646/896 ❌ HTTP 404 — https://raw.githubusercontent.com/luxl-1379/merge/77247d23def72b25226dfa741614e9b07a569c72/sub/sub_merge_base64.txt
2026-05-17 02:37:07,951 | INFO     |   → 647/896: ✅ 146 взято | 🗑️ 343 мусор
2026-05-17 02:37:07,951 | INFO     |   → 648/896: ✅ 0 взято | 🗑️ 123 мусор
2026-05-17 02:37:07,951 | INFO     |   → 649/896: ✅ 658 взято | 🗑️ 3950 мусор
2026-05-17 02:37:07,951 | INFO     |   → 650/896: ✅ 0 взято | 🗑️ 0 мусор
2026-05-17 02:37:07,951 | INFO     |   → 651/896: ✅ 0 взято | 🗑️ 3950 мусор
2026-05-17 02:37:07,951 | INFO     |   → 652/896: ✅ 20 взято | 🗑️ 370 мусор
2026-05-17 02:37:07,951 | INFO     |   → 653/896 ❌ HTTP 404 — https://raw.githubusercontent.com/mermeroo/Clash-V2ray/main/v2ray
2026-05-17 02:37:07,951 | INFO     |   → 654/896: ✅ 15 взято | 🗑️ 417 мусор
2026-05-17 02:37:07,951 | INFO     |   → 655/896: ✅ 6 взято | 🗑️ 102 мусор
2026-05-17 02:37:07,951 | INFO     |   → 656/896: ✅ 716 взято | 🗑️ 6258 мусор
2026-05-17 02:37:07,951 | INFO     |   → 657/896: ✅ 8 взято | 🗑️ 853 мусор
2026-05-17 02:37:07,951 | INFO     |   → 658/896: ✅ 32 взято | 🗑️ 69 мусор
2026-05-17 02:37:07,951 | INFO     |   → 659/896 ❌ HTTP 404 — https://raw.githubusercontent.com/mermeroo/free-v2ray-collector/main/main/mix
2026-05-17 02:37:07,951 | INFO     |   → 660/896 ❌ HTTP 404 — https://raw.githubusercontent.com/mermeroo/free-v2ray-collector/main/main/reality
2026-05-17 02:37:07,951 | INFO     |   → 661/896 ❌ HTTP 404 — https://raw.githubusercontent.com/mermeroo/free-v2ray-collector/main/main/shadowsocks
2026-05-17 02:37:07,951 | INFO     |   → 662/896 ❌ HTTP 404 — https://raw.githubusercontent.com/mermeroo/free-v2ray-collector/main/main/trojan
2026-05-17 02:37:07,951 | INFO     |   → 663/896 ❌ HTTP 404 — https://raw.githubusercontent.com/mermeroo/free-v2ray-collector/main/main/vless
2026-05-17 02:37:07,951 | INFO     |   → 664/896 ❌ HTTP 404 — https://raw.githubusercontent.com/mermeroo/free-v2ray-collector/main/main/vmess
2026-05-17 02:37:07,951 | INFO     |   → 665/896 ❌ HTTP 404 — https://raw.githubusercontent.com/mfuu/v2ray/master/merge/merge.txt
2026-05-17 02:37:07,951 | INFO     |   → 666/896: ✅ 0 взято | 🗑️ 298 мусор
2026-05-17 02:37:07,951 | INFO     |   → 667/896: ✅ 0 взято | 🗑️ 298 мусор
2026-05-17 02:37:07,952 | INFO     |   → 668/896: ✅ 505 взято | 🗑️ 13595 мусор
2026-05-17 02:37:07,952 | INFO     |   → 669/896: ✅ 0 взято | 🗑️ 13595 мусор
2026-05-17 02:37:07,952 | INFO     |   → 670/896: ✅ 0 взято | 🗑️ 3065 мусор
2026-05-17 02:37:07,952 | INFO     |   → 671/896: ✅ 0 взято | 🗑️ 1741 мусор
2026-05-17 02:37:07,952 | INFO     |   → 672/896: ✅ 0 взято | 🗑️ 4567 мусор
2026-05-17 02:37:07,952 | INFO     |   → 673/896: ✅ 0 взято | 🗑️ 4222 мусор
2026-05-17 02:37:07,952 | INFO     |   → 674/896 ❌ HTTP 404 — https://raw.githubusercontent.com/mianous/qiren/main/qiren.txt
2026-05-17 02:37:07,952 | INFO     |   → 675/896 ❌ HTTP 404 — https://raw.githubusercontent.com/miladtahanian/V2RayCFGDumper/refs/heads/main/config.txt
2026-05-17 02:37:07,952 | INFO     |   → 676/896 ❌ HTTP 404 — https://raw.githubusercontent.com/miladtahanian/multi-proxy-config-fetcher/refs/heads/main/configs/proxy_configs.txt
2026-05-17 02:37:07,952 | INFO     |   → 677/896: ✅ 0 взято | 🗑️ 0 мусор
2026-05-17 02:37:07,952 | INFO     |   → 678/896: ✅ 0 взято | 🗑️ 0 мусор
2026-05-17 02:37:07,952 | INFO     |   → 679/896: ✅ 0 взято | 🗑️ 0 мусор
2026-05-17 02:37:07,952 | INFO     |   → 680/896: ✅ 15 взято | 🗑️ 46 мусор
2026-05-17 02:37:07,952 | INFO     |   → 681/896: ✅ 0 взято | 🗑️ 211 мусор
2026-05-17 02:37:07,952 | INFO     |   → 682/896: ✅ 0 взято | 🗑️ 0 мусор
2026-05-17 02:37:07,952 | INFO     |   → 683/896: ✅ 28 взято | 🗑️ 93 мусор
2026-05-17 02:37:07,952 | INFO     |   → 684/896: ✅ 0 взято | 🗑️ 0 мусор
2026-05-17 02:37:07,952 | INFO     |   → 685/896: ✅ 15 взято | 🗑️ 70 мусор
2026-05-17 02:37:07,952 | INFO     |   → 686/896: ✅ 127 взято | 🗑️ 492 мусор
2026-05-17 02:37:07,952 | INFO     |   → 687/896: ✅ 331 взято | 🗑️ 190 мусор
2026-05-17 02:37:07,952 | INFO     |   → 688/896: ✅ 27 взято | 🗑️ 1040 мусор
2026-05-17 02:37:07,952 | INFO     |   → 689/896 ❌ HTTP 404 — https://raw.githubusercontent.com/obscure1990/freeVM/master/snippets/nodes.yml
2026-05-17 02:37:07,952 | INFO     |   → 690/896 ❌ HTTP 404 — https://raw.githubusercontent.com/op30mmd/things/909b38024ba14d69dc0f95c238f63bc6e930a00f/eut.txt
2026-05-17 02:37:07,952 | INFO     |   → 691/896 ❌ HTTP 404 — https://raw.githubusercontent.com/openRunner/clash-freenode/main/v2ray.txt
2026-05-17 02:37:07,952 | INFO     |   → 692/896 ❌ HTTP 404 — https://raw.githubusercontent.com/oslook/clash-freenode/main/clash.yaml
2026-05-17 02:37:07,953 | INFO     |   → 693/896: ✅ 0 взято | 🗑️ 0 мусор
2026-05-17 02:37:07,953 | INFO     |   → 694/896: ✅ 4 взято | 🗑️ 1 мусор
2026-05-17 02:37:07,953 | INFO     |   → 695/896: ✅ 0 взято | 🗑️ 0 мусор
2026-05-17 02:37:07,953 | INFO     |   → 696/896: ✅ 26 взято | 🗑️ 202 мусор
2026-05-17 02:37:07,953 | INFO     |   → 697/896: ✅ 0 взято | 🗑️ 0 мусор
2026-05-17 02:37:07,953 | INFO     |   → 698/896: ✅ 0 взято | 🗑️ 0 мусор
2026-05-17 02:37:07,953 | INFO     |   → 699/896: ✅ 0 взято | 🗑️ 19 мусор
2026-05-17 02:37:07,953 | INFO     |   → 700/896: ✅ 0 взято | 🗑️ 44 мусор
2026-05-17 02:37:07,953 | INFO     |   → 701/896: ✅ 63 взято | 🗑️ 521 мусор
2026-05-17 02:37:07,953 | INFO     |   → 702/896: ✅ 165 взято | 🗑️ 273 мусор
2026-05-17 02:37:07,953 | INFO     |   → 703/896: ✅ 0 взято | 🗑️ 0 мусор
2026-05-17 02:37:07,953 | INFO     |   → 704/896: ✅ 28 взято | 🗑️ 211 мусор
2026-05-17 02:37:07,953 | INFO     |   → 705/896: ✅ 0 взято | 🗑️ 79 мусор
2026-05-17 02:37:07,953 | INFO     |   → 706/896: ✅ 13 взято | 🗑️ 32 мусор
2026-05-17 02:37:07,953 | INFO     |   → 707/896: ✅ 0 взято | 🗑️ 0 мусор
2026-05-17 02:37:07,953 | INFO     |   → 708/896: ✅ 2 взято | 🗑️ 9 мусор
2026-05-17 02:37:07,953 | INFO     |   → 709/896: ✅ 11 взято | 🗑️ 76 мусор
2026-05-17 02:37:07,953 | INFO     |   → 710/896: ✅ 0 взято | 🗑️ 168 мусор
2026-05-17 02:37:07,953 | INFO     |   → 711/896: ✅ 0 взято | 🗑️ 79 мусор
2026-05-17 02:37:07,953 | INFO     |   → 712/896: ✅ 0 взято | 🗑️ 16 мусор
2026-05-17 02:37:07,953 | INFO     |   → 713/896 ❌ HTTP 404 — https://raw.githubusercontent.com/ronghuaxueleng/get_v2/main/pub/changfengoss.yaml
2026-05-17 02:37:07,953 | INFO     |   → 714/896: ✅ 0 взято | 🗑️ 0 мусор
2026-05-17 02:37:07,953 | INFO     |   → 715/896: ✅ 52 взято | 🗑️ 97 мусор
2026-05-17 02:37:07,954 | INFO     |   → 716/896: ✅ 0 взято | 🗑️ 97 мусор
2026-05-17 02:37:07,954 | INFO     |   → 717/896 ❌ HTTP 404 — https://raw.githubusercontent.com/rxsweet/CM_Vmess/refs/heads/main/test.txt
2026-05-17 02:37:07,954 | INFO     |   → 718/896 ❌ HTTP 404 — https://raw.githubusercontent.com/rxsweet/proxies/main/sub/free.yaml
2026-05-17 02:37:07,954 | INFO     |   → 719/896 ❌ HTTP 404 — https://raw.githubusercontent.com/rxsweet/proxies/main/sub/rx.yaml
2026-05-17 02:37:07,954 | INFO     |   → 720/896 ❌ HTTP 404 — https://raw.githubusercontent.com/rxsweet/proxies/main/sub/sources/dynamicAll.yaml
2026-05-17 02:37:07,954 | INFO     |   → 721/896 ❌ HTTP 404 — https://raw.githubusercontent.com/rxsweet/proxies/main/sub/sources/miningAll.yaml
2026-05-17 02:37:07,954 | INFO     |   → 722/896 ❌ HTTP 404 — https://raw.githubusercontent.com/rxsweet/proxies/main/sub/srx.yaml
2026-05-17 02:37:07,954 | INFO     |   → 723/896 ❌ HTTP 404 — https://raw.githubusercontent.com/sajad-sajadi/V2ray-Collector/raw/main/output/protocols/vmess.txt
2026-05-17 02:37:07,954 | INFO     |   → 724/896 ❌ HTTP 404 — https://raw.githubusercontent.com/sakha1370/OpenRay/raw/refs/heads/main/output/all_valid_proxies.txt
2026-05-17 02:37:07,954 | INFO     |   → 725/896: ✅ 53 взято | 🗑️ 399 мусор
2026-05-17 02:37:07,954 | INFO     |   → 726/896: ✅ 0 взято | 🗑️ 399 мусор
2026-05-17 02:37:07,954 | INFO     |   → 727/896 ❌ HTTP 404 — https://raw.githubusercontent.com/samjoeyang/subscribe/main/fly
2026-05-17 02:37:07,954 | INFO     |   → 728/896: ✅ 0 взято | 🗑️ 0 мусор
2026-05-17 02:37:07,954 | INFO     |   → 729/896 ❌ HTTP 404 — https://raw.githubusercontent.com/sarina-ad/v2ray/main/v2ray
2026-05-17 02:37:07,954 | INFO     |   → 730/896 ❌ HTTP 404 — https://raw.githubusercontent.com/satrom/V2SSR/master/SSR/Sub.txt
2026-05-17 02:37:07,954 | INFO     |   → 731/896 ❌ HTTP 404 — https://raw.githubusercontent.com/satrom/V2SSR/master/V2RAY/Sub.txt
2026-05-17 02:37:07,954 | INFO     |   → 732/896: ✅ 870 взято | 🗑️ 23615 мусор
2026-05-17 02:37:07,954 | INFO     |   → 733/896: ✅ 0 взято | 🗑️ 0 мусор
2026-05-17 02:37:07,954 | INFO     |   → 734/896: ✅ 0 взято | 🗑️ 0 мусор
2026-05-17 02:37:07,954 | INFO     |   → 735/896: ✅ 3 взято | 🗑️ 49 мусор
2026-05-17 02:37:07,954 | INFO     |   → 736/896: ✅ 175 взято | 🗑️ 1361 мусор
2026-05-17 02:37:07,954 | INFO     |   → 737/896: ✅ 0 взято | 🗑️ 684 мусор
2026-05-17 02:37:07,954 | INFO     |   → 738/896: ✅ 0 взято | 🗑️ 48 мусор
2026-05-17 02:37:07,954 | INFO     |   → 739/896: ✅ 0 взято | 🗑️ 613 мусор
2026-05-17 02:37:07,955 | INFO     |   → 740/896: ✅ 0 взято | 🗑️ 16 мусор
2026-05-17 02:37:07,955 | INFO     |   → 741/896: ✅ 0 взято | 🗑️ 1361 мусор
2026-05-17 02:37:07,955 | INFO     |   → 742/896: ✅ 0 взято | 🗑️ 0 мусор
2026-05-17 02:37:07,955 | INFO     |   → 743/896 ❌ HTTP 404 — https://raw.githubusercontent.com/shirkerboy/scp/main/sub
2026-05-17 02:37:07,955 | INFO     |   → 744/896 ❌ HTTP 404 — https://raw.githubusercontent.com/snakem982/proxypool/main/nodelist.txt
2026-05-17 02:37:07,955 | INFO     |   → 745/896: ✅ 13 взято | 🗑️ 27 мусор
2026-05-17 02:37:07,955 | INFO     |   → 746/896 ❌ HTTP 404 — https://raw.githubusercontent.com/snakem982/proxypool/main/source/v2ray.txt
2026-05-17 02:37:07,955 | INFO     |   → 747/896 ❌ HTTP 404 — https://raw.githubusercontent.com/soroushmirzaei/telegram-configs-collector/main/channels/protocols/hysteria
2026-05-17 02:37:07,955 | INFO     |   → 748/896 ❌ HTTP 404 — https://raw.githubusercontent.com/soroushmirzaei/telegram-configs-collector/main/channels/protocols/juicity
2026-05-17 02:37:07,955 | INFO     |   → 749/896 ❌ HTTP 404 — https://raw.githubusercontent.com/soroushmirzaei/telegram-configs-collector/main/channels/protocols/reality
2026-05-17 02:37:07,955 | INFO     |   → 750/896 ❌ HTTP 404 — https://raw.githubusercontent.com/soroushmirzaei/telegram-configs-collector/main/channels/protocols/shadowsocks
2026-05-17 02:37:07,955 | INFO     |   → 751/896 ❌ HTTP 404 — https://raw.githubusercontent.com/soroushmirzaei/telegram-configs-collector/main/channels/protocols/trojan
2026-05-17 02:37:07,955 | INFO     |   → 752/896 ❌ HTTP 404 — https://raw.githubusercontent.com/soroushmirzaei/telegram-configs-collector/main/channels/protocols/tuic
2026-05-17 02:37:07,955 | INFO     |   → 753/896 ❌ HTTP 404 — https://raw.githubusercontent.com/soroushmirzaei/telegram-configs-collector/main/channels/protocols/vless
2026-05-17 02:37:07,955 | INFO     |   → 754/896 ❌ HTTP 404 — https://raw.githubusercontent.com/soroushmirzaei/telegram-configs-collector/main/channels/protocols/vmess
2026-05-17 02:37:07,955 | INFO     |   → 755/896 ❌ HTTP 404 — https://raw.githubusercontent.com/soroushmirzaei/telegram-configs-collector/main/countries/jp/mixed
2026-05-17 02:37:07,955 | INFO     |   → 756/896 ❌ HTTP 404 — https://raw.githubusercontent.com/soroushmirzaei/telegram-configs-collector/main/protocols/hysteria
2026-05-17 02:37:07,955 | INFO     |   → 757/896 ❌ HTTP 404 — https://raw.githubusercontent.com/soroushmirzaei/telegram-configs-collector/main/protocols/juicity
2026-05-17 02:37:07,955 | INFO     |   → 758/896 ❌ HTTP 404 — https://raw.githubusercontent.com/soroushmirzaei/telegram-configs-collector/main/protocols/reality
2026-05-17 02:37:07,955 | INFO     |   → 759/896 ❌ HTTP 404 — https://raw.githubusercontent.com/soroushmirzaei/telegram-configs-collector/main/protocols/shadowsocks
2026-05-17 02:37:07,955 | INFO     |   → 760/896 ❌ HTTP 404 — https://raw.githubusercontent.com/soroushmirzaei/telegram-configs-collector/main/protocols/trojan
2026-05-17 02:37:07,955 | INFO     |   → 761/896 ❌ HTTP 404 — https://raw.githubusercontent.com/soroushmirzaei/telegram-configs-collector/main/protocols/tuic
2026-05-17 02:37:07,955 | INFO     |   → 762/896 ❌ HTTP 404 — https://raw.githubusercontent.com/soroushmirzaei/telegram-configs-collector/main/protocols/vless
2026-05-17 02:37:07,955 | INFO     |   → 763/896 ❌ HTTP 404 — https://raw.githubusercontent.com/soroushmirzaei/telegram-configs-collector/main/protocols/vmess
2026-05-17 02:37:07,956 | INFO     |   → 764/896 ❌ HTTP 404 — https://raw.githubusercontent.com/soroushmirzaei/telegram-configs-collector/main/splitted/subscribe
2026-05-17 02:37:07,956 | INFO     |   → 765/896 ❌ HTTP 404 — https://raw.githubusercontent.com/ssrsub/ssr/master/Clash.yml
2026-05-17 02:37:07,956 | INFO     |   → 766/896 ❌ HTTP 404 — https://raw.githubusercontent.com/ssrsub/ssr/master/V2Ray
2026-05-17 02:37:07,956 | INFO     |   → 767/896 ❌ HTTP 404 — https://raw.githubusercontent.com/ssrsub/ssr/master/ss-sub
2026-05-17 02:37:07,956 | INFO     |   → 768/896 ❌ HTTP 404 — https://raw.githubusercontent.com/ssrsub/ssr/master/ssrsub
2026-05-17 02:37:07,956 | INFO     |   → 769/896 ❌ HTTP 404 — https://raw.githubusercontent.com/ssrsub/ssr/master/trojan
2026-05-17 02:37:07,956 | INFO     |   → 770/896: ✅ 0 взято | 🗑️ 0 мусор
2026-05-17 02:37:07,956 | INFO     |   → 771/896: ✅ 2 взято | 🗑️ 12 мусор
2026-05-17 02:37:07,956 | INFO     |   → 772/896: ✅ 0 взято | 🗑️ 13 мусор
2026-05-17 02:37:07,956 | INFO     |   → 773/896: ✅ 0 взято | 🗑️ 13 мусор
2026-05-17 02:37:07,956 | INFO     |   → 774/896 ❌ HTTP 404 — https://raw.githubusercontent.com/tbbatbb/Proxy/master/dist/clash.config.yaml
2026-05-17 02:37:07,956 | INFO     |   → 775/896: ✅ 2 взято | 🗑️ 35 мусор
2026-05-17 02:37:07,956 | INFO     |   → 776/896: ✅ 0 взято | 🗑️ 0 мусор
2026-05-17 02:37:07,956 | INFO     |   → 777/896: ✅ 5 взято | 🗑️ 111 мусор
2026-05-17 02:37:07,956 | INFO     |   → 778/896: ✅ 0 взято | 🗑️ 0 мусор
2026-05-17 02:37:07,956 | INFO     |   → 779/896: ✅ 0 взято | 🗑️ 130 мусор
2026-05-17 02:37:07,956 | INFO     |   → 780/896 ❌ HTTP 404 — https://raw.githubusercontent.com/v2clash/Autoproxy/a81f840ab2364124133572ec94e4b81fb0d4e58d/sub/2401/240104.txt
2026-05-17 02:37:07,956 | INFO     |   → 781/896 ❌ HTTP 404 — https://raw.githubusercontent.com/v2clash/V2ray-Configs/31f493c584d0c7b56350f4a34d80c53ad82bcc18/Sub9.txt
2026-05-17 02:37:07,956 | INFO     |   → 782/896: ✅ 0 взято | 🗑️ 0 мусор
2026-05-17 02:37:07,956 | INFO     |   → 783/896: ✅ 0 взято | 🗑️ 0 мусор
2026-05-17 02:37:07,956 | INFO     |   → 784/896: ✅ 0 взято | 🗑️ 0 мусор
2026-05-17 02:37:07,956 | INFO     |   → 785/896: ✅ 283 взято | 🗑️ 9640 мусор
2026-05-17 02:37:07,956 | INFO     |   → 786/896: ✅ 281 взято | 🗑️ 10086 мусор
2026-05-17 02:37:07,956 | INFO     |   → 787/896: ✅ 280 взято | 🗑️ 9675 мусор
2026-05-17 02:37:07,957 | INFO     |   → 788/896: ✅ 334 взято | 🗑️ 9823 мусор
2026-05-17 02:37:07,957 | INFO     |   → 789/896: ✅ 350 взято | 🗑️ 9639 мусор
2026-05-17 02:37:07,957 | INFO     |   → 790/896: ✅ 125 взято | 🗑️ 7919 мусор
2026-05-17 02:37:07,957 | INFO     |   → 791/896: ✅ 135 взято | 🗑️ 4836 мусор
2026-05-17 02:37:07,957 | INFO     |   → 792/896: ✅ 502 взято | 🗑️ 7659 мусор
2026-05-17 02:37:07,957 | INFO     |   → 793/896: ✅ 631 взято | 🗑️ 8081 мусор
2026-05-17 02:37:07,957 | INFO     |   → 794/896: ✅ 202 взято | 🗑️ 5131 мусор
2026-05-17 02:37:07,957 | INFO     |   → 795/896 ❌ HTTP 404 — https://raw.githubusercontent.com/vveg26/chromego_merge/main/sub/merged_proxies.yaml
2026-05-17 02:37:07,957 | INFO     |   → 796/896 ❌ HTTP 404 — https://raw.githubusercontent.com/vveg26/get_proxy/main/dist/clash.config.yaml
2026-05-17 02:37:07,957 | INFO     |   → 797/896: ✅ 0 взято | 🗑️ 10 мусор
2026-05-17 02:37:07,957 | INFO     |   → 798/896: ✅ 0 взято | 🗑️ 10 мусор
2026-05-17 02:37:07,957 | INFO     |   → 799/896: ✅ 0 взято | 🗑️ 4 мусор
2026-05-17 02:37:07,957 | INFO     |   → 800/896: ✅ 0 взято | 🗑️ 0 мусор
2026-05-17 02:37:07,957 | INFO     |   → 801/896: ✅ 0 взято | 🗑️ 4 мусор
2026-05-17 02:37:07,957 | INFO     |   → 802/896: ✅ 106 взято | 🗑️ 689 мусор
2026-05-17 02:37:07,957 | INFO     |   → 803/896: ✅ 48 взято | 🗑️ 841 мусор
2026-05-17 02:37:07,957 | INFO     |   → 804/896: ✅ 21 взято | 🗑️ 789 мусор
2026-05-17 02:37:07,957 | INFO     |   → 805/896: ✅ 24 взято | 🗑️ 774 мусор
2026-05-17 02:37:07,957 | INFO     |   → 806/896: ✅ 52 взято | 🗑️ 756 мусор
2026-05-17 02:37:07,957 | INFO     |   → 807/896: ✅ 191 взято | 🗑️ 745 мусор
2026-05-17 02:37:07,957 | INFO     |   → 808/896: ✅ 9 взято | 🗑️ 651 мусор
2026-05-17 02:37:07,957 | INFO     |   → 809/896: ✅ 185 взято | 🗑️ 388 мусор
2026-05-17 02:37:07,957 | INFO     |   → 810/896: ✅ 130 взято | 🗑️ 523 мусор
2026-05-17 02:37:07,958 | INFO     |   → 811/896: ✅ 67 взято | 🗑️ 533 мусор
2026-05-17 02:37:07,958 | INFO     |   → 812/896: ✅ 98 взято | 🗑️ 444 мусор
2026-05-17 02:37:07,958 | INFO     |   → 813/896: ✅ 102 взято | 🗑️ 670 мусор
2026-05-17 02:37:07,958 | INFO     |   → 814/896: ✅ 86 взято | 🗑️ 476 мусор
2026-05-17 02:37:07,958 | INFO     |   → 815/896: ✅ 95 взято | 🗑️ 657 мусор
2026-05-17 02:37:07,958 | INFO     |   → 816/896: ✅ 105 взято | 🗑️ 645 мусор
2026-05-17 02:37:07,958 | INFO     |   → 817/896: ✅ 115 взято | 🗑️ 985 мусор
2026-05-17 02:37:07,958 | INFO     |   → 818/896: ✅ 6 взято | 🗑️ 63 мусор
2026-05-17 02:37:07,958 | INFO     |   → 819/896: ✅ 7 взято | 🗑️ 62 мусор
2026-05-17 02:37:07,958 | INFO     |   → 820/896: ✅ 39 взято | 🗑️ 489 мусор
2026-05-17 02:37:07,958 | INFO     |   → 821/896: ✅ 0 взято | 🗑️ 0 мусор
2026-05-17 02:37:07,958 | INFO     |   → 822/896: ✅ 0 взято | 🗑️ 0 мусор
2026-05-17 02:37:07,958 | INFO     |   → 823/896: ✅ 0 взято | 🗑️ 0 мусор
2026-05-17 02:37:07,958 | INFO     |   → 824/896: ✅ 0 взято | 🗑️ 0 мусор
2026-05-17 02:37:07,958 | INFO     |   → 825/896: ✅ 0 взято | 🗑️ 0 мусор
2026-05-17 02:37:07,958 | INFO     |   → 826/896: ✅ 0 взято | 🗑️ 52 мусор
2026-05-17 02:37:07,958 | INFO     |   → 827/896: ✅ 5 взято | 🗑️ 10 мусор
2026-05-17 02:37:07,958 | INFO     |   → 828/896: ✅ 1 взято | 🗑️ 124 мусор
2026-05-17 02:37:07,958 | INFO     |   → 829/896: ✅ 84 взято | 🗑️ 77 мусор
2026-05-17 02:37:07,958 | INFO     |   → 830/896: ✅ 0 взято | 🗑️ 9 мусор
2026-05-17 02:37:07,958 | INFO     |   → 831/896: ✅ 36 взято | 🗑️ 447 мусор
2026-05-17 02:37:07,958 | INFO     |   → 832/896 ❌ HTTP 404 — https://raw.githubusercontent.com/xiaozhu2007/xiaozhu2007/61a755a044dbaeea678bc2d1e20f21a21c6d7170/docs/fxxk.txt
2026-05-17 02:37:07,958 | INFO     |   → 833/896: ✅ 1 взято | 🗑️ 159 мусор
2026-05-17 02:37:07,959 | INFO     |   → 834/896: ✅ 0 взято | 🗑️ 22 мусор
2026-05-17 02:37:07,959 | INFO     |   → 835/896: ✅ 0 взято | 🗑️ 0 мусор
2026-05-17 02:37:07,959 | INFO     |   → 836/896 ❌ HTTP 404 — https://raw.githubusercontent.com/yebekhe/TVC/0f745f92bf381e505f1245abbc7c145b19b11503/config.txt
2026-05-17 02:37:07,959 | INFO     |   → 837/896 ❌ HTTP 404 — https://raw.githubusercontent.com/yebekhe/TVC/9fac69239c69327fb7a61f5a8d79d107133889e1/lite/config.txt
2026-05-17 02:37:07,959 | INFO     |   → 838/896 ❌ HTTP 404 — https://raw.githubusercontent.com/yebekhe/TelegramV2rayCollector/main/sub/normal/donated
2026-05-17 02:37:07,959 | INFO     |   → 839/896 ❌ HTTP 404 — https://raw.githubusercontent.com/yebekhe/TelegramV2rayCollector/main/sub/normal/hysteria2
2026-05-17 02:37:07,959 | INFO     |   → 840/896 ❌ HTTP 404 — https://raw.githubusercontent.com/yebekhe/TelegramV2rayCollector/main/sub/normal/mix
2026-05-17 02:37:07,959 | INFO     |   → 841/896 ❌ HTTP 404 — https://raw.githubusercontent.com/yebekhe/TelegramV2rayCollector/main/sub/normal/reality
2026-05-17 02:37:07,959 | INFO     |   → 842/896 ❌ HTTP 404 — https://raw.githubusercontent.com/yebekhe/TelegramV2rayCollector/main/sub/normal/shadowsocks
2026-05-17 02:37:07,959 | INFO     |   → 843/896 ❌ HTTP 404 — https://raw.githubusercontent.com/yebekhe/TelegramV2rayCollector/main/sub/normal/trojan
2026-05-17 02:37:07,959 | INFO     |   → 844/896 ❌ HTTP 404 — https://raw.githubusercontent.com/yebekhe/TelegramV2rayCollector/main/sub/normal/tuic
2026-05-17 02:37:07,959 | INFO     |   → 845/896 ❌ HTTP 404 — https://raw.githubusercontent.com/yebekhe/TelegramV2rayCollector/main/sub/normal/vless
2026-05-17 02:37:07,959 | INFO     |   → 846/896 ❌ HTTP 404 — https://raw.githubusercontent.com/yebekhe/TelegramV2rayCollector/main/sub/normal/vmess
2026-05-17 02:37:07,959 | INFO     |   → 847/896 ❌ HTTP 404 — https://raw.githubusercontent.com/yebekhe/V2Hub/main/Split/Normal/shadowsocks
2026-05-17 02:37:07,959 | INFO     |   → 848/896 ❌ HTTP 404 — https://raw.githubusercontent.com/yebekhe/V2Hub/main/merged
2026-05-17 02:37:07,959 | INFO     |   → 849/896: ✅ 0 взято | 🗑️ 30 мусор
2026-05-17 02:37:07,959 | INFO     |   → 850/896: ✅ 947 взято | 🗑️ 7123 мусор
2026-05-17 02:37:07,959 | INFO     |   → 851/896: ✅ 8 взято | 🗑️ 340 мусор
2026-05-17 02:37:07,959 | INFO     |   → 852/896: ✅ 7 взято | 🗑️ 273 мусор
2026-05-17 02:37:07,959 | INFO     |   → 853/896: ✅ 304 взято | 🗑️ 197 мусор
2026-05-17 02:37:07,959 | INFO     |   → 854/896: ✅ 107 взято | 🗑️ 1446 мусор
2026-05-17 02:37:07,959 | INFO     |   → 855/896: ✅ 2 взято | 🗑️ 384 мусор
2026-05-17 02:37:07,959 | INFO     |   → 856/896 ❌ HTTP 404 — https://raw.githubusercontent.com/yyyr-otz/tele-providers-collector/019cb3e07ee52fddbc7caa54fc670c6b9bae6539/sub/proxies.txt
2026-05-17 02:37:07,959 | INFO     |   → 857/896 ❌ HTTP 404 — https://raw.githubusercontent.com/yyyr-otz/tele-providers-collector/b7a74ee98bcf02c5a507d688a1bed3aa9f7f4ed1/script/raw/protocols/mixed.txt
2026-05-17 02:37:07,960 | INFO     |   → 858/896: ✅ 0 взято | 🗑️ 0 мусор
2026-05-17 02:37:07,960 | INFO     |   → 859/896: ✅ 0 взято | 🗑️ 0 мусор
2026-05-17 02:37:07,960 | INFO     |   → 860/896: ✅ 1 взято | 🗑️ 18 мусор
2026-05-17 02:37:07,960 | INFO     |   → 861/896: ✅ 28 взято | 🗑️ 1025 мусор
2026-05-17 02:37:07,960 | INFO     |   → 862/896: ✅ 0 взято | 🗑️ 5 мусор
2026-05-17 02:37:07,960 | INFO     |   → 863/896: ✅ 0 взято | 🗑️ 0 мусор
2026-05-17 02:37:07,960 | INFO     |   → 864/896 ⚠️ Ошибка: ('Connection aborted.', RemoteDisconnected('Remote end closed connection without response')) — https://sub.pmsub.me/clash.yaml
2026-05-17 02:37:07,960 | INFO     |   → 865/896: ✅ 0 взято | 🗑️ 1 мусор
2026-05-17 02:37:07,960 | INFO     |   → 866/896: ✅ 8 взято | 🗑️ 21 мусор
2026-05-17 02:37:07,960 | INFO     |   → 867/896: ✅ 0 взято | 🗑️ 0 мусор
2026-05-17 02:37:07,960 | INFO     |   → 868/896: ✅ 9 взято | 🗑️ 19 мусор
2026-05-17 02:37:07,960 | INFO     |   → 869/896: ✅ 0 взято | 🗑️ 0 мусор
2026-05-17 02:37:07,960 | INFO     |   → 870/896: ✅ 2 взято | 🗑️ 14 мусор
2026-05-17 02:37:07,960 | INFO     |   → 871/896: ✅ 4 взято | 🗑️ 22 мусор
2026-05-17 02:37:07,960 | INFO     |   → 872/896: ✅ 0 взято | 🗑️ 0 мусор
2026-05-17 02:37:07,960 | INFO     |   → 873/896: ✅ 0 взято | 🗑️ 0 мусор
2026-05-17 02:37:07,960 | INFO     |   → 874/896: ✅ 0 взято | 🗑️ 0 мусор
2026-05-17 02:37:07,960 | INFO     |   → 875/896: ✅ 2 взято | 🗑️ 16 мусор
2026-05-17 02:37:07,960 | INFO     |   → 876/896: ✅ 0 взято | 🗑️ 0 мусор
2026-05-17 02:37:07,960 | INFO     |   → 877/896: ✅ 4 взято | 🗑️ 7 мусор
2026-05-17 02:37:07,960 | INFO     |   → 878/896: ✅ 0 взято | 🗑️ 0 мусор
2026-05-17 02:37:07,960 | INFO     |   → 879/896: ✅ 6 взято | 🗑️ 14 мусор
2026-05-17 02:37:07,960 | INFO     |   → 880/896: ✅ 0 взято | 🗑️ 0 мусор
2026-05-17 02:37:07,961 | INFO     |   → 881/896: ✅ 2 взято | 🗑️ 13 мусор
2026-05-17 02:37:07,961 | INFO     |   → 882/896: ✅ 0 взято | 🗑️ 0 мусор
2026-05-17 02:37:07,961 | INFO     |   → 883/896: ✅ 0 взято | 🗑️ 0 мусор
2026-05-17 02:37:07,961 | INFO     |   → 884/896: ✅ 2 взято | 🗑️ 7 мусор
2026-05-17 02:37:07,961 | INFO     |   → 885/896: ✅ 2 взято | 🗑️ 14 мусор
2026-05-17 02:37:07,961 | INFO     |   → 886/896: ✅ 2 взято | 🗑️ 14 мусор
2026-05-17 02:37:07,961 | INFO     |   → 887/896: ✅ 0 взято | 🗑️ 0 мусор
2026-05-17 02:37:07,961 | INFO     |   → 888/896: ✅ 3 взято | 🗑️ 22 мусор
2026-05-17 02:37:07,961 | INFO     |   → 889/896: ✅ 0 взято | 🗑️ 0 мусор
2026-05-17 02:37:07,961 | INFO     |   → 890/896: ✅ 2 взято | 🗑️ 15 мусор
2026-05-17 02:37:07,961 | INFO     |   → 891/896: ✅ 3 взято | 🗑️ 12 мусор
2026-05-17 02:37:07,961 | INFO     |   → 892/896: ✅ 0 взято | 🗑️ 0 мусор
2026-05-17 02:37:07,961 | INFO     |   → 893/896: ✅ 0 взято | 🗑️ 0 мусор
2026-05-17 02:37:07,961 | INFO     |   → 894/896: ✅ 0 взято | 🗑️ 0 мусор
2026-05-17 02:37:07,961 | INFO     |   → 895/896: ✅ 4 взято | 🗑️ 11 мусор
2026-05-17 02:37:07,961 | INFO     |   → 896/896: ✅ 0 взято | 🗑️ 12 мусор
2026-05-17 02:37:07,961 | INFO     |   → ✅ ГОТОВО!
2026-05-17 02:37:07,961 | INFO     |   →    📥 Всего ключей после фильтра: 16148
2026-05-17 02:37:07,961 | INFO     |   →    🔗 Уникальных IP:PORT:SCHEME: 9723
2026-05-17 02:37:07,961 | INFO     |   →    🗑️ Выброшено мусора: 268291
2026-05-17 02:37:07,961 | INFO     |   → 📊 По протоколам:
2026-05-17 02:37:07,961 | INFO     |   →    vless: 3353
2026-05-17 02:37:07,961 | INFO     |   →    vmess: 3335
2026-05-17 02:37:07,961 | INFO     |   →    trojan: 1059
2026-05-17 02:37:07,962 | INFO     |   →    ss: 1821
2026-05-17 02:37:07,962 | INFO     |   →    hysteria: 13
2026-05-17 02:37:07,962 | INFO     |   →    hysteria2: 31
2026-05-17 02:37:07,962 | INFO     |   →    hy2: 59
2026-05-17 02:37:07,962 | INFO     |   →    tuic: 52
2026-05-17 02:37:07,962 | INFO     | ✅ mirror.py завершён успешно
2026-05-17 02:37:07,962 | INFO     | 
2026-05-17 02:37:07,962 | INFO     | 
2026-05-17 02:37:07,962 | INFO     | ──────────────────────────────────────────────────────────────────────
2026-05-17 02:37:07,962 | INFO     | 📌 ЭТАП: Фильтрация по реальному SNI
2026-05-17 02:37:07,962 | INFO     | ──────────────────────────────────────────────────────────────────────
2026-05-17 02:37:07,962 | INFO     | 🚀 Запуск filter_ru_sni.py (Фильтр по реальному SNI (CDN+RU))...
2026-05-17 02:37:08,201 | INFO     |   → hy2.txt: 59 → 19 (SNI-filtered)
2026-05-17 02:37:08,201 | INFO     |   →   hysteria.txt: 13 → 0 (SNI-filtered)
2026-05-17 02:37:08,201 | INFO     |   →   hysteria2.txt: 31 → 5 (SNI-filtered)
2026-05-17 02:37:08,201 | INFO     |   →   ss.txt: 1821 → 0 (SNI-filtered)
2026-05-17 02:37:08,202 | INFO     |   →   trojan.txt: 1059 → 3 (SNI-filtered)
2026-05-17 02:37:08,202 | INFO     |   →   tuic.txt: 52 → 0 (SNI-filtered)
2026-05-17 02:37:08,202 | INFO     |   →   vless.txt: 3353 → 392 (SNI-filtered)
2026-05-17 02:37:08,202 | INFO     |   →   vmess.txt: 3335 → 38 (SNI-filtered)
2026-05-17 02:37:08,202 | INFO     |   → ==================================================
2026-05-17 02:37:08,202 | INFO     |   →   Всего входных:  9723
2026-05-17 02:37:08,202 | INFO     |   →   Прошли фильтр:  457
2026-05-17 02:37:08,202 | INFO     |   →   Отброшено:      9266
2026-05-17 02:37:08,202 | INFO     |   → ==================================================
2026-05-17 02:37:08,202 | INFO     |   → Готово → /home/runner/work/vpn-vless-configs-russia/vpn-vless-configs-russia/githubmirror/ru-sni
2026-05-17 02:37:08,202 | INFO     | ✅ filter_ru_sni.py завершён успешно
2026-05-17 02:37:08,202 | INFO     | 
2026-05-17 02:37:08,202 | INFO     | 
2026-05-17 02:37:08,202 | INFO     | ──────────────────────────────────────────────────────────────────────
2026-05-17 02:37:08,202 | INFO     | 📌 ЭТАП: Экспериментальный RU-SNI фильтр
2026-05-17 02:37:08,202 | INFO     | ──────────────────────────────────────────────────────────────────────
2026-05-17 02:37:08,202 | INFO     | 🚀 Запуск filter_ru_sni_local.py (Экспериментальный фильтр по RU-SNI (локальные домены))...
2026-05-17 02:37:08,363 | INFO     |   → hy2.txt: 59 → 0 (RU-SNI)
2026-05-17 02:37:08,363 | INFO     |   → hysteria.txt: 13 → 0 (RU-SNI)
2026-05-17 02:37:08,363 | INFO     |   → hysteria2.txt: 31 → 0 (RU-SNI)
2026-05-17 02:37:08,363 | INFO     |   → ss.txt: 1821 → 0 (RU-SNI)
2026-05-17 02:37:08,363 | INFO     |   → trojan.txt: 1059 → 0 (RU-SNI)
2026-05-17 02:37:08,363 | INFO     |   → tuic.txt: 52 → 0 (RU-SNI)
2026-05-17 02:37:08,363 | INFO     |   → vless.txt: 3353 → 93 (RU-SNI)
2026-05-17 02:37:08,363 | INFO     |   → vmess.txt: 3335 → 0 (RU-SNI)
2026-05-17 02:37:08,363 | INFO     |   → ==================================================
2026-05-17 02:37:08,363 | INFO     |   → Всего входных:  9723
2026-05-17 02:37:08,363 | INFO     |   → Прошли RU-SNI:  93
2026-05-17 02:37:08,363 | INFO     |   → Отброшено:      9630
2026-05-17 02:37:08,363 | INFO     |   → ==================================================
2026-05-17 02:37:08,363 | INFO     |   → Готово → /home/runner/work/vpn-vless-configs-russia/vpn-vless-configs-russia/githubmirror/ru-sni-local
2026-05-17 02:37:08,363 | INFO     | ✅ filter_ru_sni_local.py завершён успешно
2026-05-17 02:37:08,363 | INFO     | 
2026-05-17 02:37:08,363 | INFO     | 
2026-05-17 02:37:08,364 | INFO     | ──────────────────────────────────────────────────────────────────────
2026-05-17 02:37:08,364 | INFO     | 📌 ЭТАП: Сбор статистики
2026-05-17 02:37:08,364 | INFO     | ──────────────────────────────────────────────────────────────────────
2026-05-17 02:37:08,364 | INFO     | 📊 Сбор статистики...
2026-05-17 02:37:08,364 | INFO     |   📁 githubmirror/clean:
2026-05-17 02:37:08,364 | INFO     |     • hy2         :    59 конфигов
2026-05-17 02:37:08,364 | INFO     |     • hysteria    :    13 конфигов
2026-05-17 02:37:08,365 | INFO     |     • hysteria2   :    31 конфигов
2026-05-17 02:37:08,366 | INFO     |     • ss          :  1821 конфигов
2026-05-17 02:37:08,367 | INFO     |     • trojan      :  1059 конфигов
2026-05-17 02:37:08,367 | INFO     |     • tuic        :    52 конфигов
2026-05-17 02:37:08,370 | INFO     |     • vless       :  3353 конфигов
2026-05-17 02:37:08,372 | INFO     |     • vmess       :  3335 конфигов
2026-05-17 02:37:08,372 | INFO     |   📁 githubmirror/ru-sni:
2026-05-17 02:37:08,373 | INFO     |     • hy2         :    19 конфигов ( 32.2% от clean)
2026-05-17 02:37:08,373 | INFO     |     • hysteria    :     0 конфигов (  0.0% от clean)
2026-05-17 02:37:08,373 | INFO     |     • hysteria2   :     5 конфигов ( 16.1% от clean)
2026-05-17 02:37:08,373 | INFO     |     • ss          :     0 конфигов (  0.0% от clean)
2026-05-17 02:37:08,373 | INFO     |     • trojan      :     3 конфигов (  0.3% от clean)
2026-05-17 02:37:08,373 | INFO     |     • tuic        :     0 конфигов (  0.0% от clean)
2026-05-17 02:37:08,374 | INFO     |     • vless       :   392 конфигов ( 11.7% от clean)
2026-05-17 02:37:08,374 | INFO     |     • vmess       :    38 конфигов (  1.1% от clean)
2026-05-17 02:37:08,374 | INFO     | 
2026-05-17 02:37:08,374 | INFO     |   ──────────────────────────────────────────────────
2026-05-17 02:37:08,374 | INFO     |   📈 ИТОГО:
2026-05-17 02:37:08,374 | INFO     |     Clean (после geo-фильтра):     9723
2026-05-17 02:37:08,374 | INFO     |     RU-SNI (после SNI-фильтра):     457
2026-05-17 02:37:08,374 | INFO     |     Прошло фильтр:                  4.7%
2026-05-17 02:37:08,374 | INFO     |   ──────────────────────────────────────────────────
2026-05-17 02:37:08,375 | INFO     | ✅ Статистика сохранена: /home/runner/work/vpn-vless-configs-russia/vpn-vless-configs-russia/stats.json
2026-05-17 02:37:08,375 | INFO     | 
2026-05-17 02:37:08,375 | INFO     | ======================================================================
2026-05-17 02:37:08,375 | INFO     | 📊 ИТОГОВЫЙ ОТЧЁТ
2026-05-17 02:37:08,375 | INFO     | ======================================================================
2026-05-17 02:37:08,375 | INFO     |   ✅ OK         | Загрузка и geo-фильтрация
2026-05-17 02:37:08,375 | INFO     |   ✅ OK         | Фильтрация по реальному SNI
2026-05-17 02:37:08,375 | INFO     |   ✅ OK         | Экспериментальный RU-SNI фильтр
2026-05-17 02:37:08,375 | INFO     |   ✅ OK         | Сбор статистики
2026-05-17 02:37:08,375 | INFO     | ──────────────────────────────────────────────────────────────────────
2026-05-17 02:37:08,375 | INFO     | ✅ ВСЕ ЭТАПЫ УСПЕШНЫ (4/4)
2026-05-17 02:37:08,375 | INFO     | ⏰ Время завершения: 2026-05-17 02:37:08
2026-05-17 02:37:08,376 | INFO     | ======================================================================
