2026-05-21 09:30:17,286 | INFO     | ======================================================================
2026-05-21 09:30:17,286 | INFO     | 🔍 VPN KEY CHECKER - Начало проверки
2026-05-21 09:30:17,286 | INFO     | ⏰ Время старта: 2026-05-21 09:30:17
2026-05-21 09:30:17,286 | INFO     | 📂 Рабочая директория: /home/runner/work/vpn-vless-configs-russia/vpn-vless-configs-russia
2026-05-21 09:30:17,287 | INFO     | ======================================================================
2026-05-21 09:30:17,287 | INFO     | 
2026-05-21 09:30:17,287 | INFO     | 🔍 Проверка наличия скриптов...
2026-05-21 09:30:17,287 | INFO     |   ✅ mirror.py
2026-05-21 09:30:17,287 | INFO     |   ✅ filter_ru_sni.py
2026-05-21 09:30:17,287 | INFO     |   ✅ filter_ru_sni_local.py
2026-05-21 09:30:17,287 | INFO     | 
2026-05-21 09:30:17,287 | INFO     | 
2026-05-21 09:30:17,287 | INFO     | ──────────────────────────────────────────────────────────────────────
2026-05-21 09:30:17,287 | INFO     | 📌 ЭТАП: Загрузка и geo-фильтрация
2026-05-21 09:30:17,287 | INFO     | ──────────────────────────────────────────────────────────────────────
2026-05-21 09:30:17,287 | INFO     | 🚀 Запуск mirror.py (Загрузка и фильтрация по РФ/СНГ/Европа)...
2026-05-21 09:33:14,016 | INFO     |   → 🚀 Старт: всего источников (старые + новые): 945
2026-05-21 09:33:14,016 | INFO     |   → 1/945: ✅ 13 взято | 🗑️ 242 мусор
2026-05-21 09:33:14,016 | INFO     |   → 2/945: ✅ 0 взято | 🗑️ 0 мусор
2026-05-21 09:33:14,016 | INFO     |   → 3/945 ❌ HTTP 404 — https://bitbucket.org/huwo1/proxy_nodes/raw/f31ca9ec67b84071515729ff45b011b6b09c10f2/clash.yaml
2026-05-21 09:33:14,016 | INFO     |   → 4/945 ❌ HTTP 404 — https://cdn.jsdelivr.net/gh/cry0ice/genode@main/public/all.txt
2026-05-21 09:33:14,016 | INFO     |   → 5/945 ❌ HTTP 404 — https://cdn.jsdelivr.net/gh/cry0ice/genode@main/public/ss.txt
2026-05-21 09:33:14,016 | INFO     |   → 6/945 ❌ HTTP 404 — https://cdn.jsdelivr.net/gh/cry0ice/genode@main/public/ssr.txt
2026-05-21 09:33:14,016 | INFO     |   → 7/945 ❌ HTTP 404 — https://cdn.jsdelivr.net/gh/cry0ice/genode@main/public/trojan.txt
2026-05-21 09:33:14,016 | INFO     |   → 8/945 ❌ HTTP 404 — https://cdn.jsdelivr.net/gh/cry0ice/genode@main/public/vless.txt
2026-05-21 09:33:14,016 | INFO     |   → 9/945 ❌ HTTP 404 — https://cdn.jsdelivr.net/gh/cry0ice/genode@main/public/vmess.txt
2026-05-21 09:33:14,016 | INFO     |   → 10/945: ✅ 0 взято | 🗑️ 0 мусор
2026-05-21 09:33:14,016 | INFO     |   → 11/945: ✅ 0 взято | 🗑️ 0 мусор
2026-05-21 09:33:14,016 | INFO     |   → 12/945: ✅ 0 взято | 🗑️ 0 мусор
2026-05-21 09:33:14,016 | INFO     |   → 13/945: ✅ 0 взято | 🗑️ 0 мусор
2026-05-21 09:33:14,017 | INFO     |   → 14/945: ✅ 0 взято | 🗑️ 0 мусор
2026-05-21 09:33:14,017 | INFO     |   → 15/945: ✅ 0 взято | 🗑️ 0 мусор
2026-05-21 09:33:14,017 | INFO     |   → 16/945: ✅ 0 взято | 🗑️ 0 мусор
2026-05-21 09:33:14,017 | INFO     |   → 17/945: ✅ 0 взято | 🗑️ 0 мусор
2026-05-21 09:33:14,017 | INFO     |   → 18/945: ✅ 0 взято | 🗑️ 0 мусор
2026-05-21 09:33:14,017 | INFO     |   → 19/945: ✅ 0 взято | 🗑️ 0 мусор
2026-05-21 09:33:14,017 | INFO     |   → 20/945: ✅ 0 взято | 🗑️ 0 мусор
2026-05-21 09:33:14,017 | INFO     |   → 21/945: ✅ 0 взято | 🗑️ 0 мусор
2026-05-21 09:33:14,017 | INFO     |   → 22/945: ✅ 0 взято | 🗑️ 0 мусор
2026-05-21 09:33:14,017 | INFO     |   → 23/945: ✅ 0 взято | 🗑️ 0 мусор
2026-05-21 09:33:14,017 | INFO     |   → 24/945: ✅ 0 взято | 🗑️ 0 мусор
2026-05-21 09:33:14,017 | INFO     |   → 25/945: ✅ 0 взято | 🗑️ 0 мусор
2026-05-21 09:33:14,017 | INFO     |   → 26/945: ✅ 0 взято | 🗑️ 0 мусор
2026-05-21 09:33:14,017 | INFO     |   → 27/945: ✅ 0 взято | 🗑️ 0 мусор
2026-05-21 09:33:14,017 | INFO     |   → 28/945: ✅ 0 взято | 🗑️ 0 мусор
2026-05-21 09:33:14,017 | INFO     |   → 29/945: ✅ 0 взято | 🗑️ 0 мусор
2026-05-21 09:33:14,017 | INFO     |   → 30/945: ✅ 0 взято | 🗑️ 0 мусор
2026-05-21 09:33:14,017 | INFO     |   → 31/945: ✅ 0 взято | 🗑️ 0 мусор
2026-05-21 09:33:14,017 | INFO     |   → 32/945: ✅ 0 взято | 🗑️ 0 мусор
2026-05-21 09:33:14,017 | INFO     |   → 33/945: ✅ 0 взято | 🗑️ 0 мусор
2026-05-21 09:33:14,017 | INFO     |   → 34/945: ✅ 0 взято | 🗑️ 0 мусор
2026-05-21 09:33:14,017 | INFO     |   → 35/945: ✅ 0 взято | 🗑️ 0 мусор
2026-05-21 09:33:14,017 | INFO     |   → 36/945: ✅ 0 взято | 🗑️ 0 мусор
2026-05-21 09:33:14,017 | INFO     |   → 37/945: ✅ 0 взято | 🗑️ 0 мусор
2026-05-21 09:33:14,017 | INFO     |   → 38/945: ✅ 0 взято | 🗑️ 0 мусор
2026-05-21 09:33:14,017 | INFO     |   → 39/945: ✅ 0 взято | 🗑️ 0 мусор
2026-05-21 09:33:14,017 | INFO     |   → 40/945: ✅ 0 взято | 🗑️ 0 мусор
2026-05-21 09:33:14,018 | INFO     |   → 41/945: ✅ 0 взято | 🗑️ 0 мусор
2026-05-21 09:33:14,018 | INFO     |   → 42/945: ✅ 0 взято | 🗑️ 0 мусор
2026-05-21 09:33:14,018 | INFO     |   → 43/945: ✅ 0 взято | 🗑️ 0 мусор
2026-05-21 09:33:14,018 | INFO     |   → 44/945: ✅ 0 взято | 🗑️ 0 мусор
2026-05-21 09:33:14,018 | INFO     |   → 45/945: ✅ 0 взято | 🗑️ 0 мусор
2026-05-21 09:33:14,018 | INFO     |   → 46/945: ✅ 0 взято | 🗑️ 0 мусор
2026-05-21 09:33:14,018 | INFO     |   → 47/945: ✅ 0 взято | 🗑️ 0 мусор
2026-05-21 09:33:14,018 | INFO     |   → 48/945: ✅ 0 взято | 🗑️ 0 мусор
2026-05-21 09:33:14,018 | INFO     |   → 49/945: ✅ 0 взято | 🗑️ 0 мусор
2026-05-21 09:33:14,018 | INFO     |   → 50/945: ✅ 0 взято | 🗑️ 0 мусор
2026-05-21 09:33:14,018 | INFO     |   → 51/945: ✅ 0 взято | 🗑️ 0 мусор
2026-05-21 09:33:14,018 | INFO     |   → 52/945: ✅ 0 взято | 🗑️ 0 мусор
2026-05-21 09:33:14,018 | INFO     |   → 53/945: ✅ 0 взято | 🗑️ 0 мусор
2026-05-21 09:33:14,018 | INFO     |   → 54/945: ✅ 0 взято | 🗑️ 0 мусор
2026-05-21 09:33:14,018 | INFO     |   → 55/945: ✅ 0 взято | 🗑️ 0 мусор
2026-05-21 09:33:14,018 | INFO     |   → 56/945: ✅ 0 взято | 🗑️ 0 мусор
2026-05-21 09:33:14,018 | INFO     |   → 57/945: ✅ 0 взято | 🗑️ 0 мусор
2026-05-21 09:33:14,018 | INFO     |   → 58/945: ✅ 0 взято | 🗑️ 0 мусор
2026-05-21 09:33:14,018 | INFO     |   → 59/945: ✅ 0 взято | 🗑️ 0 мусор
2026-05-21 09:33:14,018 | INFO     |   → 60/945: ✅ 0 взято | 🗑️ 0 мусор
2026-05-21 09:33:14,018 | INFO     |   → 61/945: ✅ 0 взято | 🗑️ 0 мусор
2026-05-21 09:33:14,018 | INFO     |   → 62/945: ✅ 0 взято | 🗑️ 0 мусор
2026-05-21 09:33:14,018 | INFO     |   → 63/945: ✅ 0 взято | 🗑️ 0 мусор
2026-05-21 09:33:14,018 | INFO     |   → 64/945: ✅ 0 взято | 🗑️ 0 мусор
2026-05-21 09:33:14,018 | INFO     |   → 65/945: ✅ 0 взято | 🗑️ 0 мусор
2026-05-21 09:33:14,018 | INFO     |   → 66/945: ✅ 0 взято | 🗑️ 0 мусор
2026-05-21 09:33:14,018 | INFO     |   → 67/945: ✅ 0 взято | 🗑️ 0 мусор
2026-05-21 09:33:14,018 | INFO     |   → 68/945: ✅ 0 взято | 🗑️ 0 мусор
2026-05-21 09:33:14,018 | INFO     |   → 69/945: ✅ 0 взято | 🗑️ 0 мусор
2026-05-21 09:33:14,019 | INFO     |   → 70/945: ✅ 0 взято | 🗑️ 0 мусор
2026-05-21 09:33:14,019 | INFO     |   → 71/945: ✅ 0 взято | 🗑️ 0 мусор
2026-05-21 09:33:14,019 | INFO     |   → 72/945: ✅ 0 взято | 🗑️ 0 мусор
2026-05-21 09:33:14,019 | INFO     |   → 73/945: ✅ 0 взято | 🗑️ 0 мусор
2026-05-21 09:33:14,019 | INFO     |   → 74/945: ✅ 0 взято | 🗑️ 0 мусор
2026-05-21 09:33:14,019 | INFO     |   → 75/945: ✅ 0 взято | 🗑️ 0 мусор
2026-05-21 09:33:14,019 | INFO     |   → 76/945: ✅ 0 взято | 🗑️ 0 мусор
2026-05-21 09:33:14,019 | INFO     |   → 77/945: ✅ 0 взято | 🗑️ 0 мусор
2026-05-21 09:33:14,019 | INFO     |   → 78/945: ✅ 0 взято | 🗑️ 0 мусор
2026-05-21 09:33:14,019 | INFO     |   → 79/945: ✅ 0 взято | 🗑️ 0 мусор
2026-05-21 09:33:14,019 | INFO     |   → 80/945: ✅ 0 взято | 🗑️ 0 мусор
2026-05-21 09:33:14,019 | INFO     |   → 81/945: ✅ 0 взято | 🗑️ 0 мусор
2026-05-21 09:33:14,019 | INFO     |   → 82/945: ✅ 0 взято | 🗑️ 0 мусор
2026-05-21 09:33:14,019 | INFO     |   → 83/945: ✅ 0 взято | 🗑️ 0 мусор
2026-05-21 09:33:14,019 | INFO     |   → 84/945: ✅ 0 взято | 🗑️ 0 мусор
2026-05-21 09:33:14,019 | INFO     |   → 85/945: ✅ 0 взято | 🗑️ 0 мусор
2026-05-21 09:33:14,019 | INFO     |   → 86/945: ✅ 0 взято | 🗑️ 0 мусор
2026-05-21 09:33:14,019 | INFO     |   → 87/945: ✅ 0 взято | 🗑️ 0 мусор
2026-05-21 09:33:14,019 | INFO     |   → 88/945: ✅ 0 взято | 🗑️ 0 мусор
2026-05-21 09:33:14,019 | INFO     |   → 89/945: ✅ 0 взято | 🗑️ 0 мусор
2026-05-21 09:33:14,019 | INFO     |   → 90/945: ✅ 0 взято | 🗑️ 0 мусор
2026-05-21 09:33:14,019 | INFO     |   → 91/945: ✅ 0 взято | 🗑️ 0 мусор
2026-05-21 09:33:14,019 | INFO     |   → 92/945: ✅ 0 взято | 🗑️ 0 мусор
2026-05-21 09:33:14,019 | INFO     |   → 93/945: ✅ 0 взято | 🗑️ 0 мусор
2026-05-21 09:33:14,019 | INFO     |   → 94/945 ❌ HTTP 404 — https://freessrnode.github.io/uploads/2024/08/0-20240822.txt
2026-05-21 09:33:14,019 | INFO     |   → 95/945 ❌ HTTP 404 — https://freessrnode.github.io/uploads/2024/08/1-20240822.txt
2026-05-21 09:33:14,019 | INFO     |   → 96/945 ❌ HTTP 404 — https://freessrnode.github.io/uploads/2024/08/2-20240822.txt
2026-05-21 09:33:14,019 | INFO     |   → 97/945 ❌ HTTP 404 — https://freessrnode.github.io/uploads/2024/08/3-20240822.txt
2026-05-21 09:33:14,019 | INFO     |   → 98/945 ❌ HTTP 404 — https://freessrnode.github.io/uploads/2024/08/4-20240822.txt
2026-05-21 09:33:14,019 | INFO     |   → 99/945 ⚠️ Ошибка: HTTPSConnectionPool(host='freevpnspy.githubrowcontent.com', port=443): Max retries exceeded with url: /2024/08/20240802_novless.yaml (Caused by NameResolutionError("HTTPSConnection(host='freevpnspy.githubrowcontent.com', port=443): Failed to resolve 'freevpnspy.githubrowcontent.com' ([Errno -2] Name or service not known)")) — https://freevpnspy.githubrowcontent.com/2024/08/20240802_novless.yaml
2026-05-21 09:33:14,019 | INFO     |   → 100/945 ⚠️ Ошибка: HTTPSConnectionPool(host='freevpnspy.githubrowcontent.com', port=443): Max retries exceeded with url: /2024/08/20240802_vless.yaml (Caused by NameResolutionError("HTTPSConnection(host='freevpnspy.githubrowcontent.com', port=443): Failed to resolve 'freevpnspy.githubrowcontent.com' ([Errno -2] Name or service not known)")) — https://freevpnspy.githubrowcontent.com/2024/08/20240802_vless.yaml
2026-05-21 09:33:14,019 | INFO     |   → 101/945: ✅ 20 взято | 🗑️ 218 мусор
2026-05-21 09:33:14,019 | INFO     |   → 102/945: ✅ 0 взято | 🗑️ 0 мусор
2026-05-21 09:33:14,020 | INFO     |   → 103/945: ✅ 4 взято | 🗑️ 193 мусор
2026-05-21 09:33:14,020 | INFO     |   → 104/945: ✅ 0 взято | 🗑️ 0 мусор
2026-05-21 09:33:14,020 | INFO     |   → 105/945: ✅ 0 взято | 🗑️ 0 мусор
2026-05-21 09:33:14,020 | INFO     |   → 106/945: ✅ 3 взято | 🗑️ 198 мусор
2026-05-21 09:33:14,020 | INFO     |   → 107/945 ❌ HTTP 404 — https://github.com/Epodonios/bulk-xray-v2ray-vless-vmess-...-configs/raw/main/sub/Albania/config.txt
2026-05-21 09:33:14,020 | INFO     |   → 108/945 ❌ HTTP 404 — https://github.com/Epodonios/bulk-xray-v2ray-vless-vmess-...-configs/raw/main/sub/Cura%C3%A7ao/config.txt
2026-05-21 09:33:14,020 | INFO     |   → 109/945 ❌ HTTP 404 — https://github.com/Epodonios/bulk-xray-v2ray-vless-vmess-...-configs/raw/main/sub/Finland/config.txt
2026-05-21 09:33:14,020 | INFO     |   → 110/945 ❌ HTTP 404 — https://github.com/Epodonios/bulk-xray-v2ray-vless-vmess-...-configs/raw/main/sub/Iran/config.txt
2026-05-21 09:33:14,020 | INFO     |   → 111/945 ❌ HTTP 404 — https://github.com/Epodonios/bulk-xray-v2ray-vless-vmess-...-configs/raw/main/sub/Netherlands/config.txt
2026-05-21 09:33:14,020 | INFO     |   → 112/945 ❌ HTTP 404 — https://github.com/Epodonios/bulk-xray-v2ray-vless-vmess-...-configs/raw/main/sub/Norway/config.txt
2026-05-21 09:33:14,020 | INFO     |   → 113/945 ❌ HTTP 404 — https://github.com/Epodonios/bulk-xray-v2ray-vless-vmess-...-configs/raw/main/sub/Russia/config.txt
2026-05-21 09:33:14,020 | INFO     |   → 114/945: ✅ 13 взято | 🗑️ 70 мусор
2026-05-21 09:33:14,020 | INFO     |   → 115/945: ✅ 0 взято | 🗑️ 4 мусор
2026-05-21 09:33:14,020 | INFO     |   → 116/945: ✅ 0 взято | 🗑️ 7 мусор
2026-05-21 09:33:14,020 | INFO     |   → 117/945: ✅ 0 взято | 🗑️ 51 мусор
2026-05-21 09:33:14,020 | INFO     |   → 118/945: ✅ 0 взято | 🗑️ 8 мусор
2026-05-21 09:33:14,020 | INFO     |   → 119/945: ✅ 0 взято | 🗑️ 0 мусор
2026-05-21 09:33:14,020 | INFO     |   → 120/945: ✅ 17 взято | 🗑️ 119 мусор
2026-05-21 09:33:14,020 | INFO     |   → 121/945 ❌ HTTP 404 — https://github.com/MrMohebi/xray-proxy-grabber-telegram/raw/master/collected-proxies/clash-meta/all.yaml
2026-05-21 09:33:14,020 | INFO     |   → 122/945 ❌ HTTP 404 — https://github.com/MrMohebi/xray-proxy-grabber-telegram/raw/master/collected-proxies/row-url/all.txt
2026-05-21 09:33:14,020 | INFO     |   → 123/945: ✅ 0 взято | 🗑️ 0 мусор
2026-05-21 09:33:14,020 | INFO     |   → 124/945: ✅ 0 взято | 🗑️ 113 мусор
2026-05-21 09:33:14,020 | INFO     |   → 125/945: ✅ 0 взято | 🗑️ 119 мусор
2026-05-21 09:33:14,020 | INFO     |   → 126/945 ❌ HTTP 404 — https://github.com/abbasdvd3/abbasdvd10/73ec60de7a6c6aa6df4c14b511c1da60686891ca/ppo.txt
2026-05-21 09:33:14,020 | INFO     |   → 127/945 ❌ HTTP 404 — https://github.com/acymz/AutoVPN/refs/heads/main/data/V2.txt
2026-05-21 09:33:14,020 | INFO     |   → 128/945: ✅ 0 взято | 🗑️ 0 мусор
2026-05-21 09:33:14,020 | INFO     |   → 129/945: ✅ 0 взято | 🗑️ 0 мусор
2026-05-21 09:33:14,020 | INFO     |   → 130/945: ✅ 0 взято | 🗑️ 0 мусор
2026-05-21 09:33:14,020 | INFO     |   → 131/945: ✅ 0 взято | 🗑️ 0 мусор
2026-05-21 09:33:14,021 | INFO     |   → 132/945: ✅ 0 взято | 🗑️ 0 мусор
2026-05-21 09:33:14,021 | INFO     |   → 133/945: ✅ 0 взято | 🗑️ 0 мусор
2026-05-21 09:33:14,021 | INFO     |   → 134/945: ✅ 0 взято | 🗑️ 0 мусор
2026-05-21 09:33:14,021 | INFO     |   → 135/945 ❌ HTTP 404 — https://github.com/mermeroo/V2RAY-FREE/raw/main/All_Configs_base64_Sub.txt
2026-05-21 09:33:14,021 | INFO     |   → 136/945 ❌ HTTP 404 — https://github.com/mermeroo/V2RAY-FREE/raw/main/Base64/Sub1_base64.txt
2026-05-21 09:33:14,021 | INFO     |   → 137/945 ❌ HTTP 404 — https://github.com/mermeroo/V2RAY-FREE/raw/main/Base64/Sub2_base64.txt
2026-05-21 09:33:14,021 | INFO     |   → 138/945 ❌ HTTP 404 — https://github.com/mermeroo/V2RAY-FREE/raw/main/Base64/Sub3_base64.txt
2026-05-21 09:33:14,021 | INFO     |   → 139/945 ❌ HTTP 404 — https://github.com/mermeroo/V2RAY-FREE/raw/main/Base64/Sub4_base64.txt
2026-05-21 09:33:14,021 | INFO     |   → 140/945 ❌ HTTP 404 — https://github.com/mermeroo/V2RAY-FREE/raw/main/Base64/Sub5_base64.txt
2026-05-21 09:33:14,021 | INFO     |   → 141/945 ❌ HTTP 404 — https://github.com/mermeroo/telegram-configs-collector/raw/main/protocols/hysteria
2026-05-21 09:33:14,021 | INFO     |   → 142/945 ❌ HTTP 404 — https://github.com/mermeroo/telegram-configs-collector/raw/main/protocols/juicity
2026-05-21 09:33:14,021 | INFO     |   → 143/945 ❌ HTTP 404 — https://github.com/mermeroo/telegram-configs-collector/raw/main/protocols/tuic
2026-05-21 09:33:14,021 | INFO     |   → 144/945: ✅ 5 взято | 🗑️ 16 мусор
2026-05-21 09:33:14,021 | INFO     |   → 145/945: ✅ 0 взято | 🗑️ 0 мусор
2026-05-21 09:33:14,021 | INFO     |   → 146/945: ✅ 0 взято | 🗑️ 0 мусор
2026-05-21 09:33:14,021 | INFO     |   → 147/945: ✅ 0 взято | 🗑️ 0 мусор
2026-05-21 09:33:14,021 | INFO     |   → 148/945: ✅ 3 взято | 🗑️ 238 мусор
2026-05-21 09:33:14,021 | INFO     |   → 149/945: ✅ 0 взято | 🗑️ 0 мусор
2026-05-21 09:33:14,021 | INFO     |   → 150/945: ✅ 3 взято | 🗑️ 239 мусор
2026-05-21 09:33:14,021 | INFO     |   → 151/945: ✅ 0 взято | 🗑️ 0 мусор
2026-05-21 09:33:14,021 | INFO     |   → 152/945: ✅ 0 взято | 🗑️ 255 мусор
2026-05-21 09:33:14,021 | INFO     |   → 153/945: ✅ 0 взято | 🗑️ 0 мусор
2026-05-21 09:33:14,021 | INFO     |   → 154/945: ✅ 1 взято | 🗑️ 249 мусор
2026-05-21 09:33:14,021 | INFO     |   → 155/945: ✅ 0 взято | 🗑️ 0 мусор
2026-05-21 09:33:14,021 | INFO     |   → 156/945: ✅ 0 взято | 🗑️ 207 мусор
2026-05-21 09:33:14,021 | INFO     |   → 157/945: ✅ 0 взято | 🗑️ 0 мусор
2026-05-21 09:33:14,021 | INFO     |   → 158/945: ✅ 0 взято | 🗑️ 228 мусор
2026-05-21 09:33:14,022 | INFO     |   → 159/945: ✅ 0 взято | 🗑️ 0 мусор
2026-05-21 09:33:14,022 | INFO     |   → 160/945: ✅ 1 взято | 🗑️ 291 мусор
2026-05-21 09:33:14,022 | INFO     |   → 161/945: ✅ 0 взято | 🗑️ 0 мусор
2026-05-21 09:33:14,022 | INFO     |   → 162/945: ✅ 3 взято | 🗑️ 221 мусор
2026-05-21 09:33:14,022 | INFO     |   → 163/945: ✅ 0 взято | 🗑️ 0 мусор
2026-05-21 09:33:14,022 | INFO     |   → 164/945: ✅ 1 взято | 🗑️ 222 мусор
2026-05-21 09:33:14,022 | INFO     |   → 165/945: ✅ 0 взято | 🗑️ 0 мусор
2026-05-21 09:33:14,022 | INFO     |   → 166/945: ✅ 1 взято | 🗑️ 218 мусор
2026-05-21 09:33:14,022 | INFO     |   → 167/945: ✅ 0 взято | 🗑️ 0 мусор
2026-05-21 09:33:14,022 | INFO     |   → 168/945: ✅ 0 взято | 🗑️ 193 мусор
2026-05-21 09:33:14,022 | INFO     |   → 169/945: ✅ 0 взято | 🗑️ 0 мусор
2026-05-21 09:33:14,022 | INFO     |   → 170/945: ✅ 0 взято | 🗑️ 290 мусор
2026-05-21 09:33:14,022 | INFO     |   → 171/945: ✅ 0 взято | 🗑️ 0 мусор
2026-05-21 09:33:14,022 | INFO     |   → 172/945: ✅ 0 взято | 🗑️ 238 мусор
2026-05-21 09:33:14,022 | INFO     |   → 173/945: ✅ 0 взято | 🗑️ 0 мусор
2026-05-21 09:33:14,022 | INFO     |   → 174/945: ✅ 0 взято | 🗑️ 221 мусор
2026-05-21 09:33:14,022 | INFO     |   → 175/945: ✅ 0 взято | 🗑️ 0 мусор
2026-05-21 09:33:14,022 | INFO     |   → 176/945: ✅ 0 взято | 🗑️ 248 мусор
2026-05-21 09:33:14,022 | INFO     |   → 177/945: ✅ 0 взято | 🗑️ 0 мусор
2026-05-21 09:33:14,022 | INFO     |   → 178/945: ✅ 0 взято | 🗑️ 203 мусор
2026-05-21 09:33:14,022 | INFO     |   → 179/945: ✅ 0 взято | 🗑️ 0 мусор
2026-05-21 09:33:14,022 | INFO     |   → 180/945: ✅ 0 взято | 🗑️ 208 мусор
2026-05-21 09:33:14,022 | INFO     |   → 181/945: ✅ 0 взято | 🗑️ 0 мусор
2026-05-21 09:33:14,022 | INFO     |   → 182/945: ✅ 2 взято | 🗑️ 209 мусор
2026-05-21 09:33:14,022 | INFO     |   → 183/945: ✅ 0 взято | 🗑️ 0 мусор
2026-05-21 09:33:14,022 | INFO     |   → 184/945: ✅ 0 взято | 🗑️ 258 мусор
2026-05-21 09:33:14,022 | INFO     |   → 185/945: ✅ 0 взято | 🗑️ 0 мусор
2026-05-21 09:33:14,022 | INFO     |   → 186/945: ✅ 0 взято | 🗑️ 296 мусор
2026-05-21 09:33:14,022 | INFO     |   → 187/945: ✅ 0 взято | 🗑️ 0 мусор
2026-05-21 09:33:14,022 | INFO     |   → 188/945: ✅ 1 взято | 🗑️ 286 мусор
2026-05-21 09:33:14,022 | INFO     |   → 189/945: ✅ 0 взято | 🗑️ 0 мусор
2026-05-21 09:33:14,022 | INFO     |   → 190/945: ✅ 0 взято | 🗑️ 195 мусор
2026-05-21 09:33:14,022 | INFO     |   → 191/945: ✅ 0 взято | 🗑️ 0 мусор
2026-05-21 09:33:14,023 | INFO     |   → 192/945: ✅ 0 взято | 🗑️ 170 мусор
2026-05-21 09:33:14,023 | INFO     |   → 193/945: ✅ 0 взято | 🗑️ 0 мусор
2026-05-21 09:33:14,023 | INFO     |   → 194/945: ✅ 0 взято | 🗑️ 160 мусор
2026-05-21 09:33:14,023 | INFO     |   → 195/945: ✅ 0 взято | 🗑️ 0 мусор
2026-05-21 09:33:14,023 | INFO     |   → 196/945: ✅ 0 взято | 🗑️ 121 мусор
2026-05-21 09:33:14,023 | INFO     |   → 197/945: ✅ 0 взято | 🗑️ 0 мусор
2026-05-21 09:33:14,023 | INFO     |   → 198/945: ✅ 0 взято | 🗑️ 135 мусор
2026-05-21 09:33:14,023 | INFO     |   → 199/945: ✅ 0 взято | 🗑️ 0 мусор
2026-05-21 09:33:14,023 | INFO     |   → 200/945: ✅ 1 взято | 🗑️ 129 мусор
2026-05-21 09:33:14,023 | INFO     |   → 201/945: ✅ 0 взято | 🗑️ 0 мусор
2026-05-21 09:33:14,023 | INFO     |   → 202/945: ✅ 0 взято | 🗑️ 189 мусор
2026-05-21 09:33:14,023 | INFO     |   → 203/945: ✅ 0 взято | 🗑️ 0 мусор
2026-05-21 09:33:14,023 | INFO     |   → 204/945: ✅ 3 взято | 🗑️ 147 мусор
2026-05-21 09:33:14,023 | INFO     |   → 205/945: ✅ 0 взято | 🗑️ 0 мусор
2026-05-21 09:33:14,023 | INFO     |   → 206/945: ✅ 1 взято | 🗑️ 183 мусор
2026-05-21 09:33:14,023 | INFO     |   → 207/945: ✅ 0 взято | 🗑️ 0 мусор
2026-05-21 09:33:14,023 | INFO     |   → 208/945: ✅ 0 взято | 🗑️ 155 мусор
2026-05-21 09:33:14,023 | INFO     |   → 209/945: ✅ 0 взято | 🗑️ 0 мусор
2026-05-21 09:33:14,023 | INFO     |   → 210/945: ✅ 0 взято | 🗑️ 114 мусор
2026-05-21 09:33:14,023 | INFO     |   → 211/945: ✅ 0 взято | 🗑️ 0 мусор
2026-05-21 09:33:14,023 | INFO     |   → 212/945: ✅ 0 взято | 🗑️ 239 мусор
2026-05-21 09:33:14,023 | INFO     |   → 213/945: ✅ 0 взято | 🗑️ 0 мусор
2026-05-21 09:33:14,023 | INFO     |   → 214/945: ✅ 0 взято | 🗑️ 204 мусор
2026-05-21 09:33:14,023 | INFO     |   → 215/945: ✅ 0 взято | 🗑️ 0 мусор
2026-05-21 09:33:14,023 | INFO     |   → 216/945: ✅ 0 взято | 🗑️ 232 мусор
2026-05-21 09:33:14,023 | INFO     |   → 217/945: ✅ 0 взято | 🗑️ 0 мусор
2026-05-21 09:33:14,023 | INFO     |   → 218/945: ✅ 0 взято | 🗑️ 192 мусор
2026-05-21 09:33:14,023 | INFO     |   → 219/945: ✅ 0 взято | 🗑️ 0 мусор
2026-05-21 09:33:14,023 | INFO     |   → 220/945: ✅ 0 взято | 🗑️ 183 мусор
2026-05-21 09:33:14,023 | INFO     |   → 221/945: ✅ 0 взято | 🗑️ 0 мусор
2026-05-21 09:33:14,023 | INFO     |   → 222/945: ✅ 0 взято | 🗑️ 169 мусор
2026-05-21 09:33:14,024 | INFO     |   → 223/945: ✅ 0 взято | 🗑️ 0 мусор
2026-05-21 09:33:14,024 | INFO     |   → 224/945: ✅ 0 взято | 🗑️ 167 мусор
2026-05-21 09:33:14,024 | INFO     |   → 225/945: ✅ 0 взято | 🗑️ 0 мусор
2026-05-21 09:33:14,024 | INFO     |   → 226/945: ✅ 0 взято | 🗑️ 193 мусор
2026-05-21 09:33:14,024 | INFO     |   → 227/945: ✅ 0 взято | 🗑️ 0 мусор
2026-05-21 09:33:14,024 | INFO     |   → 228/945: ✅ 1 взято | 🗑️ 161 мусор
2026-05-21 09:33:14,024 | INFO     |   → 229/945: ✅ 0 взято | 🗑️ 0 мусор
2026-05-21 09:33:14,024 | INFO     |   → 230/945: ✅ 0 взято | 🗑️ 171 мусор
2026-05-21 09:33:14,024 | INFO     |   → 231/945: ✅ 0 взято | 🗑️ 0 мусор
2026-05-21 09:33:14,024 | INFO     |   → 232/945: ✅ 0 взято | 🗑️ 174 мусор
2026-05-21 09:33:14,024 | INFO     |   → 233/945: ✅ 0 взято | 🗑️ 0 мусор
2026-05-21 09:33:14,024 | INFO     |   → 234/945 ⚠️ Ошибка: HTTPSConnectionPool(host='ivuxy.tech', port=443): Max retries exceeded with url: /v.txt (Caused by NameResolutionError("HTTPSConnection(host='ivuxy.tech', port=443): Failed to resolve 'ivuxy.tech' ([Errno -2] Name or service not known)")) — https://ivuxy.tech/v.txt
2026-05-21 09:33:14,024 | INFO     |   → 235/945 ⚠️ Ошибка: HTTPSConnectionPool(host='mirror.ghproxy.com', port=443): Max retries exceeded with url: /https://raw.githubusercontent.com/Barabama/FreeNodes/master/nodes/blues.txt (Caused by NameResolutionError("HTTPSConnection(host='mirror.ghproxy.com', port=443): Failed to resolve 'mirror.ghproxy.com' ([Errno -2] Name or service not known)")) — https://mirror.ghproxy.com/https://raw.githubusercontent.com/Barabama/FreeNodes/master/nodes/blues.txt
2026-05-21 09:33:14,024 | INFO     |   → 236/945 ⚠️ Ошибка: HTTPSConnectionPool(host='mirror.ghproxy.com', port=443): Max retries exceeded with url: /https://raw.githubusercontent.com/Barabama/FreeNodes/master/nodes/halekj.txt (Caused by NameResolutionError("HTTPSConnection(host='mirror.ghproxy.com', port=443): Failed to resolve 'mirror.ghproxy.com' ([Errno -2] Name or service not known)")) — https://mirror.ghproxy.com/https://raw.githubusercontent.com/Barabama/FreeNodes/master/nodes/halekj.txt
2026-05-21 09:33:14,024 | INFO     |   → 237/945 ⚠️ Ошибка: HTTPSConnectionPool(host='mirror.ghproxy.com', port=443): Max retries exceeded with url: /https://raw.githubusercontent.com/Barabama/FreeNodes/master/nodes/kkzui.txt (Caused by NameResolutionError("HTTPSConnection(host='mirror.ghproxy.com', port=443): Failed to resolve 'mirror.ghproxy.com' ([Errno -2] Name or service not known)")) — https://mirror.ghproxy.com/https://raw.githubusercontent.com/Barabama/FreeNodes/master/nodes/kkzui.txt
2026-05-21 09:33:14,024 | INFO     |   → 238/945 ⚠️ Ошибка: HTTPSConnectionPool(host='mirror.ghproxy.com', port=443): Max retries exceeded with url: /https://raw.githubusercontent.com/Barabama/FreeNodes/master/nodes/merged.txt (Caused by NameResolutionError("HTTPSConnection(host='mirror.ghproxy.com', port=443): Failed to resolve 'mirror.ghproxy.com' ([Errno -2] Name or service not known)")) — https://mirror.ghproxy.com/https://raw.githubusercontent.com/Barabama/FreeNodes/master/nodes/merged.txt
2026-05-21 09:33:14,024 | INFO     |   → 239/945 ⚠️ Ошибка: HTTPSConnectionPool(host='mirror.ghproxy.com', port=443): Max retries exceeded with url: /https://raw.githubusercontent.com/Barabama/FreeNodes/master/nodes/nodefree.txt (Caused by NameResolutionError("HTTPSConnection(host='mirror.ghproxy.com', port=443): Failed to resolve 'mirror.ghproxy.com' ([Errno -2] Name or service not known)")) — https://mirror.ghproxy.com/https://raw.githubusercontent.com/Barabama/FreeNodes/master/nodes/nodefree.txt
2026-05-21 09:33:14,024 | INFO     |   → 240/945 ⚠️ Ошибка: HTTPSConnectionPool(host='mirror.ghproxy.com', port=443): Max retries exceeded with url: /https://raw.githubusercontent.com/Barabama/FreeNodes/master/nodes/openrunner.txt (Caused by NameResolutionError("HTTPSConnection(host='mirror.ghproxy.com', port=443): Failed to resolve 'mirror.ghproxy.com' ([Errno -2] Name or service not known)")) — https://mirror.ghproxy.com/https://raw.githubusercontent.com/Barabama/FreeNodes/master/nodes/openrunner.txt
2026-05-21 09:33:14,024 | INFO     |   → 241/945 ⚠️ Ошибка: HTTPSConnectionPool(host='mirror.ghproxy.com', port=443): Max retries exceeded with url: /https://raw.githubusercontent.com/Barabama/FreeNodes/master/nodes/v2rayshare.txt (Caused by NameResolutionError("HTTPSConnection(host='mirror.ghproxy.com', port=443): Failed to resolve 'mirror.ghproxy.com' ([Errno -2] Name or service not known)")) — https://mirror.ghproxy.com/https://raw.githubusercontent.com/Barabama/FreeNodes/master/nodes/v2rayshare.txt
2026-05-21 09:33:14,024 | INFO     |   → 242/945 ⚠️ Ошибка: HTTPSConnectionPool(host='mirror.ghproxy.com', port=443): Max retries exceeded with url: /https://raw.githubusercontent.com/Barabama/FreeNodes/master/nodes/wenode.txt (Caused by NameResolutionError("HTTPSConnection(host='mirror.ghproxy.com', port=443): Failed to resolve 'mirror.ghproxy.com' ([Errno -2] Name or service not known)")) — https://mirror.ghproxy.com/https://raw.githubusercontent.com/Barabama/FreeNodes/master/nodes/wenode.txt
2026-05-21 09:33:14,024 | INFO     |   → 243/945 ⚠️ Ошибка: HTTPSConnectionPool(host='mirror.ghproxy.com', port=443): Max retries exceeded with url: /https://raw.githubusercontent.com/Barabama/FreeNodes/master/nodes/yudou66.txt (Caused by NameResolutionError("HTTPSConnection(host='mirror.ghproxy.com', port=443): Failed to resolve 'mirror.ghproxy.com' ([Errno -2] Name or service not known)")) — https://mirror.ghproxy.com/https://raw.githubusercontent.com/Barabama/FreeNodes/master/nodes/yudou66.txt
2026-05-21 09:33:14,024 | INFO     |   → 244/945: ✅ 7 взято | 🗑️ 17 мусор
2026-05-21 09:33:14,024 | INFO     |   → 245/945: ✅ 0 взято | 🗑️ 17 мусор
2026-05-21 09:33:14,024 | INFO     |   → 246/945: ✅ 14 взято | 🗑️ 14 мусор
2026-05-21 09:33:14,024 | INFO     |   → 247/945: ✅ 0 взято | 🗑️ 14 мусор
2026-05-21 09:33:14,024 | INFO     |   → 248/945: ✅ 0 взято | 🗑️ 14 мусор
2026-05-21 09:33:14,024 | INFO     |   → 249/945: ✅ 0 взято | 🗑️ 14 мусор
2026-05-21 09:33:14,024 | INFO     |   → 250/945: ✅ 0 взято | 🗑️ 14 мусор
2026-05-21 09:33:14,024 | INFO     |   → 251/945: ✅ 0 взято | 🗑️ 14 мусор
2026-05-21 09:33:14,024 | INFO     |   → 252/945: ✅ 0 взято | 🗑️ 14 мусор
2026-05-21 09:33:14,025 | INFO     |   → 253/945: ✅ 0 взято | 🗑️ 14 мусор
2026-05-21 09:33:14,025 | INFO     |   → 254/945: ✅ 0 взято | 🗑️ 14 мусор
2026-05-21 09:33:14,025 | INFO     |   → 255/945: ✅ 7 взято | 🗑️ 21 мусор
2026-05-21 09:33:14,025 | INFO     |   → 256/945: ✅ 0 взято | 🗑️ 21 мусор
2026-05-21 09:33:14,025 | INFO     |   → 257/945: ✅ 0 взято | 🗑️ 21 мусор
2026-05-21 09:33:14,025 | INFO     |   → 258/945: ✅ 0 взято | 🗑️ 21 мусор
2026-05-21 09:33:14,025 | INFO     |   → 259/945: ✅ 0 взято | 🗑️ 21 мусор
2026-05-21 09:33:14,025 | INFO     |   → 260/945: ✅ 0 взято | 🗑️ 21 мусор
2026-05-21 09:33:14,025 | INFO     |   → 261/945: ✅ 0 взято | 🗑️ 21 мусор
2026-05-21 09:33:14,025 | INFO     |   → 262/945: ✅ 0 взято | 🗑️ 21 мусор
2026-05-21 09:33:14,025 | INFO     |   → 263/945: ✅ 0 взято | 🗑️ 21 мусор
2026-05-21 09:33:14,025 | INFO     |   → 264/945: ✅ 0 взято | 🗑️ 21 мусор
2026-05-21 09:33:14,025 | INFO     |   → 265/945: ✅ 0 взято | 🗑️ 21 мусор
2026-05-21 09:33:14,025 | INFO     |   → 266/945: ✅ 5 взято | 🗑️ 15 мусор
2026-05-21 09:33:14,025 | INFO     |   → 267/945: ✅ 0 взято | 🗑️ 15 мусор
2026-05-21 09:33:14,025 | INFO     |   → 268/945: ✅ 0 взято | 🗑️ 15 мусор
2026-05-21 09:33:14,025 | INFO     |   → 269/945: ✅ 0 взято | 🗑️ 15 мусор
2026-05-21 09:33:14,025 | INFO     |   → 270/945: ✅ 0 взято | 🗑️ 15 мусор
2026-05-21 09:33:14,025 | INFO     |   → 271/945: ✅ 0 взято | 🗑️ 15 мусор
2026-05-21 09:33:14,025 | INFO     |   → 272/945: ✅ 0 взято | 🗑️ 15 мусор
2026-05-21 09:33:14,025 | INFO     |   → 273/945: ✅ 0 взято | 🗑️ 15 мусор
2026-05-21 09:33:14,025 | INFO     |   → 274/945: ✅ 0 взято | 🗑️ 15 мусор
2026-05-21 09:33:14,025 | INFO     |   → 275/945: ✅ 0 взято | 🗑️ 14 мусор
2026-05-21 09:33:14,025 | INFO     |   → 276/945: ✅ 0 взято | 🗑️ 14 мусор
2026-05-21 09:33:14,025 | INFO     |   → 277/945: ✅ 0 взято | 🗑️ 14 мусор
2026-05-21 09:33:14,025 | INFO     |   → 278/945: ✅ 0 взято | 🗑️ 14 мусор
2026-05-21 09:33:14,025 | INFO     |   → 279/945: ✅ 6 взято | 🗑️ 17 мусор
2026-05-21 09:33:14,025 | INFO     |   → 280/945: ✅ 0 взято | 🗑️ 17 мусор
2026-05-21 09:33:14,025 | INFO     |   → 281/945: ✅ 0 взято | 🗑️ 17 мусор
2026-05-21 09:33:14,025 | INFO     |   → 282/945: ✅ 0 взято | 🗑️ 17 мусор
2026-05-21 09:33:14,025 | INFO     |   → 283/945: ✅ 0 взято | 🗑️ 17 мусор
2026-05-21 09:33:14,026 | INFO     |   → 284/945: ✅ 0 взято | 🗑️ 17 мусор
2026-05-21 09:33:14,026 | INFO     |   → 285/945: ✅ 6 взято | 🗑️ 24 мусор
2026-05-21 09:33:14,026 | INFO     |   → 286/945 ❌ HTTP 403 — https://nodefree.org/dy/2023/08/20230806.yaml
2026-05-21 09:33:14,026 | INFO     |   → 287/945 ❌ HTTP 403 — https://nodefree.org/dy/2023/12/20231221.txt
2026-05-21 09:33:14,026 | INFO     |   → 288/945: ✅ 0 взято | 🗑️ 17 мусор
2026-05-21 09:33:14,026 | INFO     |   → 289/945: ✅ 0 взято | 🗑️ 17 мусор
2026-05-21 09:33:14,026 | INFO     |   → 290/945: ✅ 0 взято | 🗑️ 14 мусор
2026-05-21 09:33:14,026 | INFO     |   → 291/945: ✅ 0 взято | 🗑️ 14 мусор
2026-05-21 09:33:14,026 | INFO     |   → 292/945: ✅ 0 взято | 🗑️ 14 мусор
2026-05-21 09:33:14,026 | INFO     |   → 293/945: ✅ 0 взято | 🗑️ 14 мусор
2026-05-21 09:33:14,026 | INFO     |   → 294/945: ✅ 0 взято | 🗑️ 14 мусор
2026-05-21 09:33:14,026 | INFO     |   → 295/945: ✅ 0 взято | 🗑️ 14 мусор
2026-05-21 09:33:14,026 | INFO     |   → 296/945: ✅ 0 взято | 🗑️ 14 мусор
2026-05-21 09:33:14,026 | INFO     |   → 297/945: ✅ 0 взято | 🗑️ 14 мусор
2026-05-21 09:33:14,026 | INFO     |   → 298/945: ✅ 0 взято | 🗑️ 14 мусор
2026-05-21 09:33:14,026 | INFO     |   → 299/945: ✅ 0 взято | 🗑️ 21 мусор
2026-05-21 09:33:14,026 | INFO     |   → 300/945: ✅ 0 взято | 🗑️ 21 мусор
2026-05-21 09:33:14,026 | INFO     |   → 301/945: ✅ 0 взято | 🗑️ 21 мусор
2026-05-21 09:33:14,026 | INFO     |   → 302/945: ✅ 0 взято | 🗑️ 21 мусор
2026-05-21 09:33:14,026 | INFO     |   → 303/945: ✅ 0 взято | 🗑️ 21 мусор
2026-05-21 09:33:14,026 | INFO     |   → 304/945: ✅ 0 взято | 🗑️ 21 мусор
2026-05-21 09:33:14,026 | INFO     |   → 305/945: ✅ 0 взято | 🗑️ 21 мусор
2026-05-21 09:33:14,026 | INFO     |   → 306/945: ✅ 0 взято | 🗑️ 21 мусор
2026-05-21 09:33:14,026 | INFO     |   → 307/945: ✅ 0 взято | 🗑️ 21 мусор
2026-05-21 09:33:14,026 | INFO     |   → 308/945: ✅ 0 взято | 🗑️ 21 мусор
2026-05-21 09:33:14,026 | INFO     |   → 309/945: ✅ 0 взято | 🗑️ 21 мусор
2026-05-21 09:33:14,026 | INFO     |   → 310/945: ✅ 0 взято | 🗑️ 15 мусор
2026-05-21 09:33:14,026 | INFO     |   → 311/945: ✅ 0 взято | 🗑️ 15 мусор
2026-05-21 09:33:14,026 | INFO     |   → 312/945: ✅ 0 взято | 🗑️ 15 мусор
2026-05-21 09:33:14,026 | INFO     |   → 313/945: ✅ 0 взято | 🗑️ 15 мусор
2026-05-21 09:33:14,026 | INFO     |   → 314/945: ✅ 0 взято | 🗑️ 15 мусор
2026-05-21 09:33:14,027 | INFO     |   → 315/945: ✅ 0 взято | 🗑️ 15 мусор
2026-05-21 09:33:14,027 | INFO     |   → 316/945: ✅ 0 взято | 🗑️ 15 мусор
2026-05-21 09:33:14,027 | INFO     |   → 317/945: ✅ 0 взято | 🗑️ 15 мусор
2026-05-21 09:33:14,027 | INFO     |   → 318/945: ✅ 0 взято | 🗑️ 15 мусор
2026-05-21 09:33:14,027 | INFO     |   → 319/945: ✅ 0 взято | 🗑️ 15 мусор
2026-05-21 09:33:14,027 | INFO     |   → 320/945: ✅ 0 взято | 🗑️ 14 мусор
2026-05-21 09:33:14,027 | INFO     |   → 321/945: ✅ 0 взято | 🗑️ 14 мусор
2026-05-21 09:33:14,027 | INFO     |   → 322/945: ✅ 0 взято | 🗑️ 14 мусор
2026-05-21 09:33:14,027 | INFO     |   → 323/945: ✅ 0 взято | 🗑️ 14 мусор
2026-05-21 09:33:14,027 | INFO     |   → 324/945: ✅ 0 взято | 🗑️ 17 мусор
2026-05-21 09:33:14,027 | INFO     |   → 325/945: ✅ 0 взято | 🗑️ 17 мусор
2026-05-21 09:33:14,027 | INFO     |   → 326/945: ✅ 0 взято | 🗑️ 17 мусор
2026-05-21 09:33:14,027 | INFO     |   → 327/945: ✅ 0 взято | 🗑️ 17 мусор
2026-05-21 09:33:14,027 | INFO     |   → 328/945: ✅ 0 взято | 🗑️ 17 мусор
2026-05-21 09:33:14,027 | INFO     |   → 329/945: ✅ 0 взято | 🗑️ 24 мусор
2026-05-21 09:33:14,027 | INFO     |   → 330/945: ✅ 0 взято | 🗑️ 0 мусор
2026-05-21 09:33:14,027 | INFO     |   → 331/945: ✅ 0 взято | 🗑️ 0 мусор
2026-05-21 09:33:14,027 | INFO     |   → 332/945: ✅ 0 взято | 🗑️ 0 мусор
2026-05-21 09:33:14,027 | INFO     |   → 333/945: ✅ 0 взято | 🗑️ 0 мусор
2026-05-21 09:33:14,027 | INFO     |   → 334/945: ✅ 0 взято | 🗑️ 0 мусор
2026-05-21 09:33:14,027 | INFO     |   → 335/945: ✅ 0 взято | 🗑️ 0 мусор
2026-05-21 09:33:14,027 | INFO     |   → 336/945: ✅ 0 взято | 🗑️ 0 мусор
2026-05-21 09:33:14,027 | INFO     |   → 337/945: ✅ 0 взято | 🗑️ 0 мусор
2026-05-21 09:33:14,027 | INFO     |   → 338/945: ✅ 0 взято | 🗑️ 0 мусор
2026-05-21 09:33:14,027 | INFO     |   → 339/945: ✅ 0 взято | 🗑️ 0 мусор
2026-05-21 09:33:14,027 | INFO     |   → 340/945: ✅ 0 взято | 🗑️ 0 мусор
2026-05-21 09:33:14,027 | INFO     |   → 341/945: ✅ 0 взято | 🗑️ 0 мусор
2026-05-21 09:33:14,027 | INFO     |   → 342/945 ❌ HTTP 404 — https://raw.githubusercontent.com/10ium/MihomoSaz/main/Sublist/shatakvpn.yaml4_Sub.txt
2026-05-21 09:33:14,027 | INFO     |   → 343/945: ✅ 0 взято | 🗑️ 0 мусор
2026-05-21 09:33:14,027 | INFO     |   → 344/945: ✅ 0 взято | 🗑️ 0 мусор
2026-05-21 09:33:14,028 | INFO     |   → 345/945: ✅ 12 взято | 🗑️ 38 мусор
2026-05-21 09:33:14,028 | INFO     |   → 346/945: ✅ 0 взято | 🗑️ 0 мусор
2026-05-21 09:33:14,028 | INFO     |   → 347/945: ✅ 0 взято | 🗑️ 0 мусор
2026-05-21 09:33:14,028 | INFO     |   → 348/945: ✅ 11 взято | 🗑️ 399 мусор
2026-05-21 09:33:14,028 | INFO     |   → 349/945: ✅ 0 взято | 🗑️ 0 мусор
2026-05-21 09:33:14,028 | INFO     |   → 350/945 ❌ HTTP 404 — https://raw.githubusercontent.com/9Fork/openit/main/Clash.yaml
2026-05-21 09:33:14,028 | INFO     |   → 351/945: ✅ 100 взято | 🗑️ 381 мусор
2026-05-21 09:33:14,028 | INFO     |   → 352/945: ✅ 0 взято | 🗑️ 381 мусор
2026-05-21 09:33:14,028 | INFO     |   → 353/945: ✅ 19 взято | 🗑️ 81 мусор
2026-05-21 09:33:14,028 | INFO     |   → 354/945: ✅ 11 взято | 🗑️ 87 мусор
2026-05-21 09:33:14,028 | INFO     |   → 355/945: ✅ 27 взято | 🗑️ 73 мусор
2026-05-21 09:33:14,028 | INFO     |   → 356/945: ✅ 13 взято | 🗑️ 75 мусор
2026-05-21 09:33:14,028 | INFO     |   → 357/945: ✅ 10 взято | 🗑️ 83 мусор
2026-05-21 09:33:14,028 | INFO     |   → 358/945: ✅ 12 взято | 🗑️ 86 мусор
2026-05-21 09:33:14,028 | INFO     |   → 359/945: ✅ 11 взято | 🗑️ 87 мусор
2026-05-21 09:33:14,028 | INFO     |   → 360/945: ✅ 11 взято | 🗑️ 80 мусор
2026-05-21 09:33:14,028 | INFO     |   → 361/945: ✅ 9 взято | 🗑️ 82 мусор
2026-05-21 09:33:14,028 | INFO     |   → 362/945: ✅ 69 взято | 🗑️ 3 мусор
2026-05-21 09:33:14,028 | INFO     |   → 363/945: ✅ 3 взято | 🗑️ 75 мусор
2026-05-21 09:33:14,028 | INFO     |   → 364/945: ✅ 4 взято | 🗑️ 69 мусор
2026-05-21 09:33:14,028 | INFO     |   → 365/945: ✅ 4 взято | 🗑️ 80 мусор
2026-05-21 09:33:14,028 | INFO     |   → 366/945: ✅ 6 взято | 🗑️ 81 мусор
2026-05-21 09:33:14,028 | INFO     |   → 367/945: ✅ 5 взято | 🗑️ 79 мусор
2026-05-21 09:33:14,028 | INFO     |   → 368/945: ✅ 11 взято | 🗑️ 78 мусор
2026-05-21 09:33:14,028 | INFO     |   → 369/945: ✅ 3 взято | 🗑️ 83 мусор
2026-05-21 09:33:14,028 | INFO     |   → 370/945: ✅ 14 взято | 🗑️ 76 мусор
2026-05-21 09:33:14,028 | INFO     |   → 371/945: ✅ 12 взято | 🗑️ 78 мусор
2026-05-21 09:33:14,028 | INFO     |   → 372/945: ✅ 26 взято | 🗑️ 218 мусор
2026-05-21 09:33:14,029 | INFO     |   → 373/945: ✅ 44 взято | 🗑️ 141 мусор
2026-05-21 09:33:14,029 | INFO     |   → 374/945: ✅ 10 взято | 🗑️ 71 мусор
2026-05-21 09:33:14,029 | INFO     |   → 375/945: ✅ 2 взято | 🗑️ 88 мусор
2026-05-21 09:33:14,029 | INFO     |   → 376/945: ✅ 0 взято | 🗑️ 3 мусор
2026-05-21 09:33:14,029 | INFO     |   → 377/945: ✅ 14 взято | 🗑️ 4 мусор
2026-05-21 09:33:14,029 | INFO     |   → 378/945: ✅ 620 взято | 🗑️ 2622 мусор
2026-05-21 09:33:14,029 | INFO     |   → 379/945 ❌ HTTP 404 — https://raw.githubusercontent.com/Alvin9999/pac2/master/clash/1/config.yaml
2026-05-21 09:33:14,029 | INFO     |   → 380/945 ❌ HTTP 404 — https://raw.githubusercontent.com/AmirHDevo/temp2/7f15e7ddb311a6f8c5ab338bd1af0e1f2136a84b/configs.txt
2026-05-21 09:33:14,029 | INFO     |   → 381/945: ✅ 8 взято | 🗑️ 156 мусор
2026-05-21 09:33:14,029 | INFO     |   → 382/945: ✅ 1747 взято | 🗑️ 32679 мусор
2026-05-21 09:33:14,029 | INFO     |   → 383/945: ✅ 5 взято | 🗑️ 47 мусор
2026-05-21 09:33:14,029 | INFO     |   → 384/945: ✅ 4 взято | 🗑️ 57 мусор
2026-05-21 09:33:14,029 | INFO     |   → 385/945: ✅ 21 взято | 🗑️ 107 мусор
2026-05-21 09:33:14,029 | INFO     |   → 386/945: ✅ 78 взято | 🗑️ 347 мусор
2026-05-21 09:33:14,029 | INFO     |   → 387/945: ✅ 0 взято | 🗑️ 1373 мусор
2026-05-21 09:33:14,029 | INFO     |   → 388/945: ✅ 339 взято | 🗑️ 1542 мусор
2026-05-21 09:33:14,029 | INFO     |   → 389/945: ✅ 0 взято | 🗑️ 6 мусор
2026-05-21 09:33:14,029 | INFO     |   → 390/945: ✅ 0 взято | 🗑️ 0 мусор
2026-05-21 09:33:14,029 | INFO     |   → 391/945: ✅ 1 взято | 🗑️ 235 мусор
2026-05-21 09:33:14,029 | INFO     |   → 392/945: ✅ 0 взято | 🗑️ 16 мусор
2026-05-21 09:33:14,029 | INFO     |   → 393/945: ✅ 0 взято | 🗑️ 0 мусор
2026-05-21 09:33:14,029 | INFO     |   → 394/945: ✅ 0 взято | 🗑️ 14 мусор
2026-05-21 09:33:14,029 | INFO     |   → 395/945: ✅ 0 взято | 🗑️ 0 мусор
2026-05-21 09:33:14,029 | INFO     |   → 396/945: ✅ 0 взято | 🗑️ 17 мусор
2026-05-21 09:33:14,029 | INFO     |   → 397/945: ✅ 0 взято | 🗑️ 0 мусор
2026-05-21 09:33:14,029 | INFO     |   → 398/945: ✅ 1 взято | 🗑️ 12 мусор
2026-05-21 09:33:14,029 | INFO     |   → 399/945: ✅ 0 взято | 🗑️ 0 мусор
2026-05-21 09:33:14,029 | INFO     |   → 400/945: ✅ 0 взято | 🗑️ 17 мусор
2026-05-21 09:33:14,030 | INFO     |   → 401/945: ✅ 0 взято | 🗑️ 0 мусор
2026-05-21 09:33:14,030 | INFO     |   → 402/945: ✅ 0 взято | 🗑️ 17 мусор
2026-05-21 09:33:14,030 | INFO     |   → 403/945: ✅ 0 взято | 🗑️ 0 мусор
2026-05-21 09:33:14,030 | INFO     |   → 404/945: ✅ 0 взято | 🗑️ 161 мусор
2026-05-21 09:33:14,030 | INFO     |   → 405/945: ✅ 0 взято | 🗑️ 0 мусор
2026-05-21 09:33:14,030 | INFO     |   → 406/945: ✅ 5 взято | 🗑️ 76 мусор
2026-05-21 09:33:14,030 | INFO     |   → 407/945: ✅ 80 взято | 🗑️ 1110 мусор
2026-05-21 09:33:14,030 | INFO     |   → 408/945: ✅ 5 взято | 🗑️ 13 мусор
2026-05-21 09:33:14,030 | INFO     |   → 409/945 ❌ HTTP 404 — https://raw.githubusercontent.com/Epodonios/bulk-xray-v2ray-vless-vmess-...-configs/main/sub/Austria/config.txt
2026-05-21 09:33:14,030 | INFO     |   → 410/945 ❌ HTTP 404 — https://raw.githubusercontent.com/Epodonios/bulk-xray-v2ray-vless-vmess-...-configs/main/sub/Canada/config.txt
2026-05-21 09:33:14,030 | INFO     |   → 411/945 ❌ HTTP 404 — https://raw.githubusercontent.com/Epodonios/bulk-xray-v2ray-vless-vmess-...-configs/main/sub/Costa%20Rica/config.txt
2026-05-21 09:33:14,030 | INFO     |   → 412/945 ❌ HTTP 404 — https://raw.githubusercontent.com/Epodonios/bulk-xray-v2ray-vless-vmess-...-configs/main/sub/France/config.txt
2026-05-21 09:33:14,030 | INFO     |   → 413/945 ❌ HTTP 404 — https://raw.githubusercontent.com/Epodonios/bulk-xray-v2ray-vless-vmess-...-configs/main/sub/Germany/config.txt
2026-05-21 09:33:14,030 | INFO     |   → 414/945 ❌ HTTP 404 — https://raw.githubusercontent.com/Epodonios/bulk-xray-v2ray-vless-vmess-...-configs/main/sub/Indonesia/config.txt
2026-05-21 09:33:14,030 | INFO     |   → 415/945 ❌ HTTP 404 — https://raw.githubusercontent.com/Epodonios/bulk-xray-v2ray-vless-vmess-...-configs/main/sub/Ireland/config.txt
2026-05-21 09:33:14,030 | INFO     |   → 416/945 ❌ HTTP 404 — https://raw.githubusercontent.com/Epodonios/bulk-xray-v2ray-vless-vmess-...-configs/main/sub/Republic%20of%20Lithuania/config.txt
2026-05-21 09:33:14,030 | INFO     |   → 417/945 ❌ HTTP 404 — https://raw.githubusercontent.com/Epodonios/bulk-xray-v2ray-vless-vmess-...-configs/main/sub/South%20Africa/config.txt
2026-05-21 09:33:14,030 | INFO     |   → 418/945 ❌ HTTP 404 — https://raw.githubusercontent.com/Epodonios/bulk-xray-v2ray-vless-vmess-...-configs/main/sub/Sweden/config.txt
2026-05-21 09:33:14,030 | INFO     |   → 419/945 ❌ HTTP 404 — https://raw.githubusercontent.com/Epodonios/bulk-xray-v2ray-vless-vmess-...-configs/main/sub/Turkey/config.txt
2026-05-21 09:33:14,030 | INFO     |   → 420/945 ❌ HTTP 404 — https://raw.githubusercontent.com/Epodonios/bulk-xray-v2ray-vless-vmess-...-configs/main/sub/United%20Arab%20Emirates/config.txt
2026-05-21 09:33:14,030 | INFO     |   → 421/945 ❌ HTTP 404 — https://raw.githubusercontent.com/Epodonios/bulk-xray-v2ray-vless-vmess-...-configs/main/sub/United%20Kingdom/config.txt
2026-05-21 09:33:14,030 | INFO     |   → 422/945 ❌ HTTP 404 — https://raw.githubusercontent.com/Epodonios/bulk-xray-v2ray-vless-vmess-...-configs/main/sub/United%20States/config.txt
2026-05-21 09:33:14,030 | INFO     |   → 423/945: ✅ 337 взято | 🗑️ 3998 мусор
2026-05-21 09:33:14,030 | INFO     |   → 424/945 ❌ HTTP 404 — https://raw.githubusercontent.com/Epodonios/v2ray-configs/main/Splitted-By-Protocol/mix.txt
2026-05-21 09:33:14,030 | INFO     |   → 425/945: ✅ 76 взято | 🗑️ 316 мусор
2026-05-21 09:33:14,030 | INFO     |   → 426/945: ✅ 0 взято | 🗑️ 0 мусор
2026-05-21 09:33:14,030 | INFO     |   → 427/945: ✅ 6 взято | 🗑️ 331 мусор
2026-05-21 09:33:14,030 | INFO     |   → 428/945: ✅ 13 взято | 🗑️ 2841 мусор
2026-05-21 09:33:14,030 | INFO     |   → 429/945: ✅ 4 взято | 🗑️ 502 мусор
2026-05-21 09:33:14,031 | INFO     |   → 430/945 ❌ HTTP 404 — https://raw.githubusercontent.com/Epodonios/v2ray-configs/raw/main/Splitted-By-Protocol/trojan.txt
2026-05-21 09:33:14,031 | INFO     |   → 431/945 ❌ HTTP 404 — https://raw.githubusercontent.com/Epodonios/v2ray-configs/raw/main/Splitted-By-Protocol/vmess.txt
2026-05-21 09:33:14,031 | INFO     |   → 432/945: ✅ 0 взято | 🗑️ 316 мусор
2026-05-21 09:33:14,031 | INFO     |   → 433/945: ✅ 0 взято | 🗑️ 0 мусор
2026-05-21 09:33:14,031 | INFO     |   → 434/945: ✅ 0 взято | 🗑️ 331 мусор
2026-05-21 09:33:14,031 | INFO     |   → 435/945: ✅ 0 взято | 🗑️ 2841 мусор
2026-05-21 09:33:14,031 | INFO     |   → 436/945: ✅ 0 взято | 🗑️ 502 мусор
2026-05-21 09:33:14,031 | INFO     |   → 437/945 ❌ HTTP 404 — https://raw.githubusercontent.com/Fido6/FreeNodes/57221e59caddde55ffdda21d491ae952cd608049/nodes/halekj.txt
2026-05-21 09:33:14,031 | INFO     |   → 438/945 ❌ HTTP 404 — https://raw.githubusercontent.com/Fido6/FreeNodes/57221e59caddde55ffdda21d491ae952cd608049/nodes/kkzui.txt
2026-05-21 09:33:14,031 | INFO     |   → 439/945 ❌ HTTP 404 — https://raw.githubusercontent.com/Fido6/FreeNodes/57221e59caddde55ffdda21d491ae952cd608049/nodes/wenode.txt
2026-05-21 09:33:14,031 | INFO     |   → 440/945: ✅ 0 взято | 🗑️ 0 мусор
2026-05-21 09:33:14,031 | INFO     |   → 441/945: ✅ 0 взято | 🗑️ 16 мусор
2026-05-21 09:33:14,031 | INFO     |   → 442/945: ✅ 14 взято | 🗑️ 250 мусор
2026-05-21 09:33:14,031 | INFO     |   → 443/945: ✅ 3 взято | 🗑️ 31 мусор
2026-05-21 09:33:14,031 | INFO     |   → 444/945: ✅ 1 взято | 🗑️ 17 мусор
2026-05-21 09:33:14,031 | INFO     |   → 445/945: ✅ 4 взято | 🗑️ 11 мусор
2026-05-21 09:33:14,031 | INFO     |   → 446/945: ✅ 0 взято | 🗑️ 0 мусор
2026-05-21 09:33:14,031 | INFO     |   → 447/945: ✅ 0 взято | 🗑️ 137 мусор
2026-05-21 09:33:14,031 | INFO     |   → 448/945: ✅ 0 взято | 🗑️ 32 мусор
2026-05-21 09:33:14,031 | INFO     |   → 449/945: ✅ 2 взято | 🗑️ 19 мусор
2026-05-21 09:33:14,031 | INFO     |   → 450/945: ✅ 0 взято | 🗑️ 43 мусор
2026-05-21 09:33:14,031 | INFO     |   → 451/945: ✅ 0 взято | 🗑️ 43 мусор
2026-05-21 09:33:14,031 | INFO     |   → 452/945 ❌ HTTP 404 — https://raw.githubusercontent.com/Iran-v2ray/v2ray/main/v2ray
2026-05-21 09:33:14,031 | INFO     |   → 453/945: ✅ 0 взято | 🗑️ 1 мусор
2026-05-21 09:33:14,031 | INFO     |   → 454/945: ✅ 0 взято | 🗑️ 1 мусор
2026-05-21 09:33:14,031 | INFO     |   → 455/945: ✅ 0 взято | 🗑️ 28 мусор
2026-05-21 09:33:14,031 | INFO     |   → 456/945: ✅ 14 взято | 🗑️ 282 мусор
2026-05-21 09:33:14,031 | INFO     |   → 457/945: ✅ 0 взято | 🗑️ 94 мусор
2026-05-21 09:33:14,031 | INFO     |   → 458/945: ✅ 0 взято | 🗑️ 0 мусор
2026-05-21 09:33:14,032 | INFO     |   → 459/945: ✅ 0 взято | 🗑️ 0 мусор
2026-05-21 09:33:14,032 | INFO     |   → 460/945 ❌ HTTP 404 — https://raw.githubusercontent.com/Kwinshadow/TelegramV2rayCollector/raw/refs/heads/main/sublinks/mix.txt
2026-05-21 09:33:14,032 | INFO     |   → 461/945 ❌ HTTP 404 — https://raw.githubusercontent.com/LalatinaHub/Mineral/raw/refs/heads/master/result/nodes
2026-05-21 09:33:14,032 | INFO     |   → 462/945 ❌ HTTP 404 — https://raw.githubusercontent.com/Leon406/SubCrawler/main/sub/share/all3
2026-05-21 09:33:14,032 | INFO     |   → 463/945 ❌ HTTP 404 — https://raw.githubusercontent.com/Leon406/SubCrawler/main/sub/share/all4
2026-05-21 09:33:14,032 | INFO     |   → 464/945: ✅ 4 взято | 🗑️ 335 мусор
2026-05-21 09:33:14,032 | INFO     |   → 465/945: ✅ 0 взято | 🗑️ 33 мусор
2026-05-21 09:33:14,032 | INFO     |   → 466/945: ✅ 0 взято | 🗑️ 6 мусор
2026-05-21 09:33:14,032 | INFO     |   → 467/945: ✅ 0 взято | 🗑️ 147 мусор
2026-05-21 09:33:14,032 | INFO     |   → 468/945 ❌ HTTP 404 — https://raw.githubusercontent.com/M-Mashreghi/free-config-collector/main/Splitted-By-Protocol/ssr.txt
2026-05-21 09:33:14,032 | INFO     |   → 469/945: ✅ 139 взято | 🗑️ 114 мусор
2026-05-21 09:33:14,032 | INFO     |   → 470/945: ✅ 126 взято | 🗑️ 137 мусор
2026-05-21 09:33:14,032 | INFO     |   → 471/945: ✅ 0 взято | 🗑️ 12 мусор
2026-05-21 09:33:14,032 | INFO     |   → 472/945: ✅ 0 взято | 🗑️ 1 мусор
2026-05-21 09:33:14,032 | INFO     |   → 473/945: ✅ 15 взято | 🗑️ 424 мусор
2026-05-21 09:33:14,032 | INFO     |   → 474/945: ✅ 0 взято | 🗑️ 424 мусор
2026-05-21 09:33:14,032 | INFO     |   → 475/945 ❌ HTTP 404 — https://raw.githubusercontent.com/MatinGhanbari/v2ray-configs/main/subscriptions/filtered/subs/hy2.txt
2026-05-21 09:33:14,032 | INFO     |   → 476/945: ✅ 32 взято | 🗑️ 1580 мусор
2026-05-21 09:33:14,032 | INFO     |   → 477/945 ❌ HTTP 404 — https://raw.githubusercontent.com/MatinGhanbari/v2ray-configs/main/subscriptions/filtered/subs/ssr.txt
2026-05-21 09:33:14,032 | INFO     |   → 478/945: ✅ 59 взято | 🗑️ 484 мусор
2026-05-21 09:33:14,032 | INFO     |   → 479/945 ❌ HTTP 404 — https://raw.githubusercontent.com/MatinGhanbari/v2ray-configs/main/subscriptions/filtered/subs/tuic.txt
2026-05-21 09:33:14,032 | INFO     |   → 480/945: ✅ 16 взято | 🗑️ 242 мусор
2026-05-21 09:33:14,032 | INFO     |   → 481/945: ✅ 230 взято | 🗑️ 1288 мусор
2026-05-21 09:33:14,032 | INFO     |   → 482/945: ✅ 0 взято | 🗑️ 2 мусор
2026-05-21 09:33:14,032 | INFO     |   → 483/945: ✅ 73 взято | 🗑️ 704 мусор
2026-05-21 09:33:14,032 | INFO     |   → 484/945: ✅ 0 взято | 🗑️ 359 мусор
2026-05-21 09:33:14,032 | INFO     |   → 485/945: ✅ 0 взято | 🗑️ 359 мусор
2026-05-21 09:33:14,032 | INFO     |   → 486/945: ✅ 0 взято | 🗑️ 13 мусор
2026-05-21 09:33:14,032 | INFO     |   → 487/945: ✅ 0 взято | 🗑️ 2 мусор
2026-05-21 09:33:14,032 | INFO     |   → 488/945: ✅ 0 взято | 🗑️ 266 мусор
2026-05-21 09:33:14,033 | INFO     |   → 489/945: ✅ 0 взято | 🗑️ 72 мусор
2026-05-21 09:33:14,033 | INFO     |   → 490/945 ❌ HTTP 404 — https://raw.githubusercontent.com/MhdiTaheri/V2rayCollector/raw/refs/heads/main/sub/mix
2026-05-21 09:33:14,033 | INFO     |   → 491/945: ✅ 53 взято | 🗑️ 267 мусор
2026-05-21 09:33:14,033 | INFO     |   → 492/945 ❌ HTTP 404 — https://raw.githubusercontent.com/MhdiTaheri/V2rayCollector_Py/raw/refs/heads/main/sub/Mix/mix.txt
2026-05-21 09:33:14,033 | INFO     |   → 493/945: ✅ 0 взято | 🗑️ 0 мусор
2026-05-21 09:33:14,033 | INFO     |   → 494/945: ✅ 43 взято | 🗑️ 217 мусор
2026-05-21 09:33:14,033 | INFO     |   → 495/945: ✅ 0 взято | 🗑️ 31 мусор
2026-05-21 09:33:14,033 | INFO     |   → 496/945: ✅ 93 взято | 🗑️ 282 мусор
2026-05-21 09:33:14,033 | INFO     |   → 497/945: ✅ 0 взято | 🗑️ 26 мусор
2026-05-21 09:33:14,033 | INFO     |   → 498/945 ❌ HTTP 404 — https://raw.githubusercontent.com/MrMohebi/xray-proxy-grabber-telegram/master/collected-proxies/clash-meta/all.yaml
2026-05-21 09:33:14,033 | INFO     |   → 499/945 ❌ HTTP 404 — https://raw.githubusercontent.com/MrMohebi/xray-proxy-grabber-telegram/master/collected-proxies/row-url/actives.txt
2026-05-21 09:33:14,033 | INFO     |   → 500/945 ❌ HTTP 404 — https://raw.githubusercontent.com/MrMohebi/xray-proxy-grabber-telegram/master/collected-proxies/row-url/all.txt
2026-05-21 09:33:14,033 | INFO     |   → 501/945: ✅ 0 взято | 🗑️ 13 мусор
2026-05-21 09:33:14,033 | INFO     |   → 502/945: ✅ 0 взято | 🗑️ 13 мусор
2026-05-21 09:33:14,033 | INFO     |   → 503/945: ✅ 5 взято | 🗑️ 15 мусор
2026-05-21 09:33:14,033 | INFO     |   → 504/945: ✅ 0 взято | 🗑️ 30 мусор
2026-05-21 09:33:14,033 | INFO     |   → 505/945: ✅ 0 взято | 🗑️ 15 мусор
2026-05-21 09:33:14,033 | INFO     |   → 506/945: ✅ 66 взято | 🗑️ 123 мусор
2026-05-21 09:33:14,033 | INFO     |   → 507/945: ✅ 175 взято | 🗑️ 582 мусор
2026-05-21 09:33:14,033 | INFO     |   → 508/945: ✅ 0 взято | 🗑️ 0 мусор
2026-05-21 09:33:14,033 | INFO     |   → 509/945 ❌ HTTP 404 — https://raw.githubusercontent.com/OpenCNLink/freevpn/3cfcff048bfdd1493ccffa52ecf30ce7f9fc6b28/src/list/vmess.txt
2026-05-21 09:33:14,033 | INFO     |   → 510/945 ❌ HTTP 404 — https://raw.githubusercontent.com/Pawdro/Collection/main/sub
2026-05-21 09:33:14,033 | INFO     |   → 511/945: ✅ 0 взято | 🗑️ 20 мусор
2026-05-21 09:33:14,033 | INFO     |   → 512/945: ✅ 0 взято | 🗑️ 20 мусор
2026-05-21 09:33:14,033 | INFO     |   → 513/945: ✅ 0 взято | 🗑️ 0 мусор
2026-05-21 09:33:14,033 | INFO     |   → 514/945: ✅ 0 взято | 🗑️ 0 мусор
2026-05-21 09:33:14,033 | INFO     |   → 515/945: ✅ 0 взято | 🗑️ 50 мусор
2026-05-21 09:33:14,033 | INFO     |   → 516/945: ✅ 5 взято | 🗑️ 206 мусор
2026-05-21 09:33:14,033 | INFO     |   → 517/945: ✅ 21 взято | 🗑️ 138 мусор
2026-05-21 09:33:14,034 | INFO     |   → 518/945: ✅ 23 взято | 🗑️ 89 мусор
2026-05-21 09:33:14,034 | INFO     |   → 519/945: ✅ 9 взято | 🗑️ 85 мусор
2026-05-21 09:33:14,034 | INFO     |   → 520/945: ✅ 0 взято | 🗑️ 129 мусор
2026-05-21 09:33:14,034 | INFO     |   → 521/945: ✅ 0 взято | 🗑️ 81 мусор
2026-05-21 09:33:14,034 | INFO     |   → 522/945 ❌ HTTP 404 — https://raw.githubusercontent.com/STR97/STRUGOV/refs/heads/main/STR.BYPASS
2026-05-21 09:33:14,034 | INFO     |   → 523/945: ✅ 4 взято | 🗑️ 34 мусор
2026-05-21 09:33:14,034 | INFO     |   → 524/945: ✅ 11 взято | 🗑️ 16 мусор
2026-05-21 09:33:14,034 | INFO     |   → 525/945: ✅ 0 взято | 🗑️ 16 мусор
2026-05-21 09:33:14,034 | INFO     |   → 526/945: ✅ 0 взято | 🗑️ 27 мусор
2026-05-21 09:33:14,034 | INFO     |   → 527/945: ✅ 140 взято | 🗑️ 1153 мусор
2026-05-21 09:33:14,034 | INFO     |   → 528/945: ✅ 29 взято | 🗑️ 54 мусор
2026-05-21 09:33:14,034 | INFO     |   → 529/945: ✅ 0 взято | 🗑️ 0 мусор
2026-05-21 09:33:14,034 | INFO     |   → 530/945: ✅ 0 взято | 🗑️ 0 мусор
2026-05-21 09:33:14,034 | INFO     |   → 531/945: ✅ 2 взято | 🗑️ 9 мусор
2026-05-21 09:33:14,034 | INFO     |   → 532/945: ✅ 0 взято | 🗑️ 0 мусор
2026-05-21 09:33:14,034 | INFO     |   → 533/945: ✅ 0 взято | 🗑️ 9 мусор
2026-05-21 09:33:14,034 | INFO     |   → 534/945: ✅ 4 взято | 🗑️ 291 мусор
2026-05-21 09:33:14,034 | INFO     |   → 535/945: ✅ 0 взято | 🗑️ 119 мусор
2026-05-21 09:33:14,034 | INFO     |   → 536/945: ✅ 0 взято | 🗑️ 0 мусор
2026-05-21 09:33:14,034 | INFO     |   → 537/945 ❌ HTTP 404 — https://raw.githubusercontent.com/V2RAYCONFIGSPOOL/V2RAY_SUB/main/V2RAY_SUB.txt
2026-05-21 09:33:14,034 | INFO     |   → 538/945: ✅ 44 взято | 🗑️ 84 мусор
2026-05-21 09:33:14,034 | INFO     |   → 539/945: ✅ 19 взято | 🗑️ 76 мусор
2026-05-21 09:33:14,034 | INFO     |   → 540/945: ✅ 0 взято | 🗑️ 0 мусор
2026-05-21 09:33:14,034 | INFO     |   → 541/945: ✅ 0 взято | 🗑️ 76 мусор
2026-05-21 09:33:14,034 | INFO     |   → 542/945: ✅ 58 взято | 🗑️ 348 мусор
2026-05-21 09:33:14,034 | INFO     |   → 543/945: ✅ 0 взято | 🗑️ 0 мусор
2026-05-21 09:33:14,034 | INFO     |   → 544/945: ✅ 6 взято | 🗑️ 245 мусор
2026-05-21 09:33:14,034 | INFO     |   → 545/945: ✅ 0 взято | 🗑️ 0 мусор
2026-05-21 09:33:14,034 | INFO     |   → 546/945: ✅ 3 взято | 🗑️ 263 мусор
2026-05-21 09:33:14,035 | INFO     |   → 547/945: ✅ 1 взято | 🗑️ 231 мусор
2026-05-21 09:33:14,035 | INFO     |   → 548/945: ✅ 0 взято | 🗑️ 16 мусор
2026-05-21 09:33:14,035 | INFO     |   → 549/945: ✅ 1 взято | 🗑️ 83 мусор
2026-05-21 09:33:14,035 | INFO     |   → 550/945: ✅ 0 взято | 🗑️ 16 мусор
2026-05-21 09:33:14,035 | INFO     |   → 551/945: ✅ 0 взято | 🗑️ 16 мусор
2026-05-21 09:33:14,035 | INFO     |   → 552/945 ❌ HTTP 404 — https://raw.githubusercontent.com/aiboboxx/clashfree/main/clash.yml
2026-05-21 09:33:14,035 | INFO     |   → 553/945 ❌ HTTP 404 — https://raw.githubusercontent.com/aiboboxx/v2rayfree/main/v2
2026-05-21 09:33:14,035 | INFO     |   → 554/945 ❌ HTTP 404 — https://raw.githubusercontent.com/amirmohammad-mohammad-88/Sub-Reality-Azadi-config/Config/Azadi-Reality-Different
2026-05-21 09:33:14,035 | INFO     |   → 555/945 ❌ HTTP 404 — https://raw.githubusercontent.com/amirmohammad-mohammad-88/Sub-Reality-Azadi-config/Config/Azadi-Reality-Different-Base64
2026-05-21 09:33:14,035 | INFO     |   → 556/945: ✅ 1 взято | 🗑️ 17 мусор
2026-05-21 09:33:14,035 | INFO     |   → 557/945: ✅ 0 взято | 🗑️ 0 мусор
2026-05-21 09:33:14,035 | INFO     |   → 558/945: ✅ 4 взято | 🗑️ 114 мусор
2026-05-21 09:33:14,035 | INFO     |   → 559/945: ✅ 19 взято | 🗑️ 60 мусор
2026-05-21 09:33:14,035 | INFO     |   → 560/945 ❌ HTTP 404 — https://raw.githubusercontent.com/awesome-vpn/awesome-vpn/master/ss
2026-05-21 09:33:14,035 | INFO     |   → 561/945 ❌ HTTP 404 — https://raw.githubusercontent.com/awesome-vpn/awesome-vpn/master/ssr
2026-05-21 09:33:14,035 | INFO     |   → 562/945: ✅ 0 взято | 🗑️ 0 мусор
2026-05-21 09:33:14,035 | INFO     |   → 563/945: ✅ 1 взято | 🗑️ 22 мусор
2026-05-21 09:33:14,035 | INFO     |   → 564/945: ✅ 0 взято | 🗑️ 329 мусор
2026-05-21 09:33:14,035 | INFO     |   → 565/945 ❌ HTTP 404 — https://raw.githubusercontent.com/barry-far/V2ray-Configs/ced94ddfff48276ec365b40227561f36b1b64bc8/Sub5.txt
2026-05-21 09:33:14,035 | INFO     |   → 566/945 ❌ HTTP 404 — https://raw.githubusercontent.com/barry-far/V2ray-Configs/main/Splitted-By-Protocol/hysteria2.txt
2026-05-21 09:33:14,035 | INFO     |   → 567/945 ❌ HTTP 404 — https://raw.githubusercontent.com/barry-far/V2ray-Configs/main/Splitted-By-Protocol/vless.txt
2026-05-21 09:33:14,035 | INFO     |   → 568/945 ❌ HTTP 404 — https://raw.githubusercontent.com/barry-far/V2ray-Configs/main/Sub1.txt
2026-05-21 09:33:14,035 | INFO     |   → 569/945 ❌ HTTP 404 — https://raw.githubusercontent.com/barry-far/V2ray-Configs/refs/heads/main/All_Configs_Sub.txt
2026-05-21 09:33:14,035 | INFO     |   → 570/945: ✅ 0 взято | 🗑️ 0 мусор
2026-05-21 09:33:14,035 | INFO     |   → 571/945 ❌ HTTP 404 — https://raw.githubusercontent.com/budamu/clashconfig/main/v2ray.txt
2026-05-21 09:33:14,035 | INFO     |   → 572/945 ❌ HTTP 404 — https://raw.githubusercontent.com/budamu/clashconfig/main/v2ray2.txt
2026-05-21 09:33:14,035 | INFO     |   → 573/945: ✅ 0 взято | 🗑️ 0 мусор
2026-05-21 09:33:14,035 | INFO     |   → 574/945: ✅ 0 взято | 🗑️ 442 мусор
2026-05-21 09:33:14,035 | INFO     |   → 575/945: ✅ 0 взято | 🗑️ 0 мусор
2026-05-21 09:33:14,035 | INFO     |   → 576/945 ❌ HTTP 404 — https://raw.githubusercontent.com/chxxyz2004/zd/17fca23b73c46b5dd73e9be49b14d219b5e5f836/sub/2401/240110.txt
2026-05-21 09:33:14,036 | INFO     |   → 577/945: ✅ 0 взято | 🗑️ 44 мусор
2026-05-21 09:33:14,036 | INFO     |   → 578/945: ✅ 236 взято | 🗑️ 517 мусор
2026-05-21 09:33:14,036 | INFO     |   → 579/945 ❌ HTTP 404 — https://raw.githubusercontent.com/cxr9912/cxr2022/main/free.yaml
2026-05-21 09:33:14,036 | INFO     |   → 580/945 ❌ HTTP 404 — https://raw.githubusercontent.com/cxr9912/cxr2022/main/mix.yaml
2026-05-21 09:33:14,036 | INFO     |   → 581/945 ❌ HTTP 404 — https://raw.githubusercontent.com/cxr9912/cxr2022/main/ss.yaml
2026-05-21 09:33:14,036 | INFO     |   → 582/945 ❌ HTTP 404 — https://raw.githubusercontent.com/cxr9912/cxr2022/main/ssr.yaml
2026-05-21 09:33:14,036 | INFO     |   → 583/945 ❌ HTTP 404 — https://raw.githubusercontent.com/cxr9912/cxr2022/main/vmess.yaml
2026-05-21 09:33:14,036 | INFO     |   → 584/945 ❌ HTTP 404 — https://raw.githubusercontent.com/cxr9912/cxr2022/refs/heads/main/18cj.json
2026-05-21 09:33:14,036 | INFO     |   → 585/945 ❌ HTTP 404 — https://raw.githubusercontent.com/cxr9912/cxr2022/refs/heads/main/aaaaaaaa.yaml
2026-05-21 09:33:14,036 | INFO     |   → 586/945 ❌ HTTP 404 — https://raw.githubusercontent.com/cxr9912/cxr2022/refs/heads/main/free.yaml
2026-05-21 09:33:14,036 | INFO     |   → 587/945 ❌ HTTP 404 — https://raw.githubusercontent.com/cxr9912/cxr2022/refs/heads/main/ss2088.txt
2026-05-21 09:33:14,036 | INFO     |   → 588/945: ✅ 0 взято | 🗑️ 18 мусор
2026-05-21 09:33:14,036 | INFO     |   → 589/945: ✅ 0 взято | 🗑️ 18 мусор
2026-05-21 09:33:14,036 | INFO     |   → 590/945: ✅ 6 взято | 🗑️ 78 мусор
2026-05-21 09:33:14,036 | INFO     |   → 591/945: ✅ 6 взято | 🗑️ 4 мусор
2026-05-21 09:33:14,036 | INFO     |   → 592/945: ✅ 0 взято | 🗑️ 2 мусор
2026-05-21 09:33:14,036 | INFO     |   → 593/945: ✅ 0 взято | 🗑️ 2 мусор
2026-05-21 09:33:14,036 | INFO     |   → 594/945: ✅ 0 взято | 🗑️ 2 мусор
2026-05-21 09:33:14,036 | INFO     |   → 595/945: ✅ 0 взято | 🗑️ 3 мусор
2026-05-21 09:33:14,036 | INFO     |   → 596/945: ✅ 0 взято | 🗑️ 2 мусор
2026-05-21 09:33:14,036 | INFO     |   → 597/945: ✅ 0 взято | 🗑️ 9 мусор
2026-05-21 09:33:14,036 | INFO     |   → 598/945: ✅ 1 взято | 🗑️ 1 мусор
2026-05-21 09:33:14,036 | INFO     |   → 599/945: ✅ 0 взято | 🗑️ 10 мусор
2026-05-21 09:33:14,036 | INFO     |   → 600/945: ✅ 0 взято | 🗑️ 2 мусор
2026-05-21 09:33:14,036 | INFO     |   → 601/945: ✅ 0 взято | 🗑️ 0 мусор
2026-05-21 09:33:14,036 | INFO     |   → 602/945: ✅ 3134 взято | 🗑️ 70784 мусор
2026-05-21 09:33:14,036 | INFO     |   → 603/945: ✅ 79 взято | 🗑️ 1394 мусор
2026-05-21 09:33:14,036 | INFO     |   → 604/945: ✅ 6 взято | 🗑️ 113 мусор
2026-05-21 09:33:14,036 | INFO     |   → 605/945: ✅ 0 взято | 🗑️ 0 мусор
2026-05-21 09:33:14,037 | INFO     |   → 606/945: ✅ 1 взято | 🗑️ 25 мусор
2026-05-21 09:33:14,037 | INFO     |   → 607/945: ✅ 0 взято | 🗑️ 0 мусор
2026-05-21 09:33:14,037 | INFO     |   → 608/945: ✅ 13 взято | 🗑️ 19 мусор
2026-05-21 09:33:14,037 | INFO     |   → 609/945: ✅ 0 взято | 🗑️ 5 мусор
2026-05-21 09:33:14,037 | INFO     |   → 610/945: ✅ 2 взято | 🗑️ 80 мусор
2026-05-21 09:33:14,037 | INFO     |   → 611/945 ❌ HTTP 404 — https://raw.githubusercontent.com/free-nodes/v2rayfree/main/v2
2026-05-21 09:33:14,037 | INFO     |   → 612/945 ❌ HTTP 404 — https://raw.githubusercontent.com/free-v2ray-config/trojan/main/trojan.txt
2026-05-21 09:33:14,037 | INFO     |   → 613/945 ❌ HTTP 404 — https://raw.githubusercontent.com/free-v2ray-config/vless/main/vless.txt
2026-05-21 09:33:14,037 | INFO     |   → 614/945 ❌ HTTP 404 — https://raw.githubusercontent.com/free-v2ray-config/vmess/main/vmess.txt
2026-05-21 09:33:14,037 | INFO     |   → 615/945: ✅ 5 взято | 🗑️ 169 мусор
2026-05-21 09:33:14,037 | INFO     |   → 616/945: ✅ 34 взято | 🗑️ 121 мусор
2026-05-21 09:33:14,037 | INFO     |   → 617/945: ✅ 4 взято | 🗑️ 97 мусор
2026-05-21 09:33:14,037 | INFO     |   → 618/945 ❌ HTTP 404 — https://raw.githubusercontent.com/free18/v2ray/main/Clash.yaml
2026-05-21 09:33:14,037 | INFO     |   → 619/945: ✅ 0 взято | 🗑️ 0 мусор
2026-05-21 09:33:14,037 | INFO     |   → 620/945: ✅ 0 взято | 🗑️ 15 мусор
2026-05-21 09:33:14,037 | INFO     |   → 621/945: ✅ 0 взято | 🗑️ 0 мусор
2026-05-21 09:33:14,037 | INFO     |   → 622/945: ✅ 0 взято | 🗑️ 8 мусор
2026-05-21 09:33:14,037 | INFO     |   → 623/945: ✅ 0 взято | 🗑️ 8 мусор
2026-05-21 09:33:14,037 | INFO     |   → 624/945: ✅ 0 взято | 🗑️ 8 мусор
2026-05-21 09:33:14,037 | INFO     |   → 625/945: ✅ 0 взято | 🗑️ 8 мусор
2026-05-21 09:33:14,037 | INFO     |   → 626/945 ❌ HTTP 404 — https://raw.githubusercontent.com/freev2rayconfig/V2RAY_SUB/3e6a7786a1601ee3723e8d043ae79e70dbdfd9a8/v2rayconfigs.txt
2026-05-21 09:33:14,037 | INFO     |   → 627/945 ❌ HTTP 404 — https://raw.githubusercontent.com/freev2rayconfig/V2RAY_SUBSCRIPTION_LINK/main/v2rayconfigs.txt
2026-05-21 09:33:14,037 | INFO     |   → 628/945 ❌ HTTP 404 — https://raw.githubusercontent.com/gfpcom/free-proxy-list/main/list/http.txt
2026-05-21 09:33:14,037 | INFO     |   → 629/945 ❌ HTTP 404 — https://raw.githubusercontent.com/gfpcom/free-proxy-list/main/list/https.txt
2026-05-21 09:33:14,038 | INFO     |   → 630/945 ❌ HTTP 404 — https://raw.githubusercontent.com/gfpcom/free-proxy-list/main/list/socks4.txt
2026-05-21 09:33:14,038 | INFO     |   → 631/945 ❌ HTTP 404 — https://raw.githubusercontent.com/gfpcom/free-proxy-list/main/list/socks4a.txt
2026-05-21 09:33:14,038 | INFO     |   → 632/945 ❌ HTTP 404 — https://raw.githubusercontent.com/gfpcom/free-proxy-list/main/list/socks5.txt
2026-05-21 09:33:14,038 | INFO     |   → 633/945 ❌ HTTP 404 — https://raw.githubusercontent.com/gfpcom/free-proxy-list/main/list/socks5h.txt
2026-05-21 09:33:14,038 | INFO     |   → 634/945 ❌ HTTP 404 — https://raw.githubusercontent.com/gfpcom/free-proxy-list/main/list/ss.txt
2026-05-21 09:33:14,038 | INFO     |   → 635/945 ❌ HTTP 404 — https://raw.githubusercontent.com/gfpcom/free-proxy-list/main/list/ssr.txt
2026-05-21 09:33:14,038 | INFO     |   → 636/945 ❌ HTTP 404 — https://raw.githubusercontent.com/gfpcom/free-proxy-list/main/list/trojan.txt
2026-05-21 09:33:14,038 | INFO     |   → 637/945 ❌ HTTP 404 — https://raw.githubusercontent.com/gfpcom/free-proxy-list/main/list/vless.txt
2026-05-21 09:33:14,038 | INFO     |   → 638/945 ❌ HTTP 404 — https://raw.githubusercontent.com/gfpcom/free-proxy-list/main/list/vmess.txt
2026-05-21 09:33:14,038 | INFO     |   → 639/945: ✅ 0 взято | 🗑️ 17 мусор
2026-05-21 09:33:14,038 | INFO     |   → 640/945: ✅ 0 взято | 🗑️ 0 мусор
2026-05-21 09:33:14,038 | INFO     |   → 641/945: ✅ 4 взято | 🗑️ 63 мусор
2026-05-21 09:33:14,038 | INFO     |   → 642/945 ❌ HTTP 404 — https://raw.githubusercontent.com/hameed-maleki/TVC/89a4522969c57dcc22458cae9898426e5c4f2679/lite/config.txt
2026-05-21 09:33:14,038 | INFO     |   → 643/945: ✅ 5 взято | 🗑️ 132 мусор
2026-05-21 09:33:14,038 | INFO     |   → 644/945: ✅ 0 взято | 🗑️ 56 мусор
2026-05-21 09:33:14,038 | INFO     |   → 645/945 ❌ HTTP 404 — https://raw.githubusercontent.com/hkaa0/permalink/main/proxy/V2ray
2026-05-21 09:33:14,038 | INFO     |   → 646/945 ❌ HTTP 404 — https://raw.githubusercontent.com/hkaa0/permalink/main/proxy/clash
2026-05-21 09:33:14,038 | INFO     |   → 647/945 ❌ HTTP 404 — https://raw.githubusercontent.com/hkpc/Autoproxy/6cf946ddfc677a29062007e4b47d70674474baa7/sub/2401/240110.txt
2026-05-21 09:33:14,038 | INFO     |   → 648/945 ❌ HTTP 404 — https://raw.githubusercontent.com/hkpc/V2ray-Configs/7d9aa0dabf947af180a7dd6302818ed37950531a/Sub1.txt
2026-05-21 09:33:14,038 | INFO     |   → 649/945: ✅ 0 взято | 🗑️ 14 мусор
2026-05-21 09:33:14,038 | INFO     |   → 650/945: ✅ 16 взято | 🗑️ 16 мусор
2026-05-21 09:33:14,038 | INFO     |   → 651/945 ❌ HTTP 404 — https://raw.githubusercontent.com/iboxz/free-v2ray-collector/main/main
2026-05-21 09:33:14,038 | INFO     |   → 652/945: ✅ 8 взято | 🗑️ 16 мусор
2026-05-21 09:33:14,038 | INFO     |   → 653/945: ✅ 8 взято | 🗑️ 19 мусор
2026-05-21 09:33:14,038 | INFO     |   → 654/945: ✅ 57 взято | 🗑️ 216 мусор
2026-05-21 09:33:14,038 | INFO     |   → 655/945 ❌ HTTP 404 — https://raw.githubusercontent.com/igareck/vpn-configs-for-russia/refs/heads/main/Vless-Reality-White-Lists-Rus-Cable.txt
2026-05-21 09:33:14,038 | INFO     |   → 656/945: ✅ 32 взято | 🗑️ 110 мусор
2026-05-21 09:33:14,038 | INFO     |   → 657/945: ✅ 0 взято | 🗑️ 0 мусор
2026-05-21 09:33:14,039 | INFO     |   → 658/945: ✅ 0 взято | 🗑️ 0 мусор
2026-05-21 09:33:14,039 | INFO     |   → 659/945: ✅ 23 взято | 🗑️ 9 мусор
2026-05-21 09:33:14,039 | INFO     |   → 660/945: ✅ 0 взято | 🗑️ 0 мусор
2026-05-21 09:33:14,039 | INFO     |   → 661/945: ✅ 0 взято | 🗑️ 0 мусор
2026-05-21 09:33:14,039 | INFO     |   → 662/945: ✅ 0 взято | 🗑️ 12 мусор
2026-05-21 09:33:14,039 | INFO     |   → 663/945: ✅ 0 взято | 🗑️ 43 мусор
2026-05-21 09:33:14,039 | INFO     |   → 664/945 ❌ HTTP 404 — https://raw.githubusercontent.com/jw853355718/clash_233/master/config.yml
2026-05-21 09:33:14,039 | INFO     |   → 665/945: ✅ 0 взято | 🗑️ 210 мусор
2026-05-21 09:33:14,039 | INFO     |   → 666/945: ✅ 0 взято | 🗑️ 0 мусор
2026-05-21 09:33:14,039 | INFO     |   → 667/945: ✅ 0 взято | 🗑️ 0 мусор
2026-05-21 09:33:14,039 | INFO     |   → 668/945 ❌ HTTP 404 — https://raw.githubusercontent.com/lcx12901/v2ray-/master/sspool.herokuapp.com/yzcloud.yaml
2026-05-21 09:33:14,039 | INFO     |   → 669/945 ❌ HTTP 404 — https://raw.githubusercontent.com/lcx12901/v2ray-/master/sspool.herokuapp.com/yzcloud2.yaml
2026-05-21 09:33:14,039 | INFO     |   → 670/945: ✅ 0 взято | 🗑️ 0 мусор
2026-05-21 09:33:14,039 | INFO     |   → 671/945 ❌ HTTP 404 — https://raw.githubusercontent.com/learnhard-cn/free_proxy_ss/main/clash/config.yaml
2026-05-21 09:33:14,039 | INFO     |   → 672/945: ✅ 0 взято | 🗑️ 8 мусор
2026-05-21 09:33:14,039 | INFO     |   → 673/945: ✅ 0 взято | 🗑️ 4 мусор
2026-05-21 09:33:14,039 | INFO     |   → 674/945: ✅ 0 взято | 🗑️ 0 мусор
2026-05-21 09:33:14,039 | INFO     |   → 675/945: ✅ 0 взято | 🗑️ 4 мусор
2026-05-21 09:33:14,039 | INFO     |   → 676/945: ✅ 0 взято | 🗑️ 149 мусор
2026-05-21 09:33:14,039 | INFO     |   → 677/945: ✅ 0 взято | 🗑️ 421 мусор
2026-05-21 09:33:14,039 | INFO     |   → 678/945 ❌ HTTP 404 — https://raw.githubusercontent.com/lisylva-lee/v2dyku/main/ssr
2026-05-21 09:33:14,039 | INFO     |   → 679/945 ❌ HTTP 404 — https://raw.githubusercontent.com/lisylva-lee/v2dyku/main/v2dy
2026-05-21 09:33:14,039 | INFO     |   → 680/945: ✅ 0 взято | 🗑️ 53 мусор
2026-05-21 09:33:14,039 | INFO     |   → 681/945 ❌ HTTP 404 — https://raw.githubusercontent.com/luxl-1379/merge/77247d23def72b25226dfa741614e9b07a569c72/sub/sub_merge_base64.txt
2026-05-21 09:33:14,039 | INFO     |   → 682/945: ✅ 146 взято | 🗑️ 343 мусор
2026-05-21 09:33:14,039 | INFO     |   → 683/945: ✅ 0 взято | 🗑️ 121 мусор
2026-05-21 09:33:14,039 | INFO     |   → 684/945: ✅ 1002 взято | 🗑️ 3949 мусор
2026-05-21 09:33:14,039 | INFO     |   → 685/945: ✅ 0 взято | 🗑️ 0 мусор
2026-05-21 09:33:14,039 | INFO     |   → 686/945: ✅ 0 взято | 🗑️ 3949 мусор
2026-05-21 09:33:14,040 | INFO     |   → 687/945: ✅ 20 взято | 🗑️ 370 мусор
2026-05-21 09:33:14,040 | INFO     |   → 688/945 ❌ HTTP 404 — https://raw.githubusercontent.com/mermeroo/Clash-V2ray/main/v2ray
2026-05-21 09:33:14,040 | INFO     |   → 689/945: ✅ 15 взято | 🗑️ 417 мусор
2026-05-21 09:33:14,040 | INFO     |   → 690/945: ✅ 6 взято | 🗑️ 102 мусор
2026-05-21 09:33:14,040 | INFO     |   → 691/945: ✅ 716 взято | 🗑️ 6258 мусор
2026-05-21 09:33:14,040 | INFO     |   → 692/945: ✅ 8 взято | 🗑️ 853 мусор
2026-05-21 09:33:14,040 | INFO     |   → 693/945: ✅ 32 взято | 🗑️ 69 мусор
2026-05-21 09:33:14,040 | INFO     |   → 694/945 ❌ HTTP 404 — https://raw.githubusercontent.com/mermeroo/free-v2ray-collector/main/main/mix
2026-05-21 09:33:14,040 | INFO     |   → 695/945 ❌ HTTP 404 — https://raw.githubusercontent.com/mermeroo/free-v2ray-collector/main/main/reality
2026-05-21 09:33:14,040 | INFO     |   → 696/945 ❌ HTTP 404 — https://raw.githubusercontent.com/mermeroo/free-v2ray-collector/main/main/shadowsocks
2026-05-21 09:33:14,040 | INFO     |   → 697/945 ❌ HTTP 404 — https://raw.githubusercontent.com/mermeroo/free-v2ray-collector/main/main/trojan
2026-05-21 09:33:14,040 | INFO     |   → 698/945 ❌ HTTP 404 — https://raw.githubusercontent.com/mermeroo/free-v2ray-collector/main/main/vless
2026-05-21 09:33:14,040 | INFO     |   → 699/945 ❌ HTTP 404 — https://raw.githubusercontent.com/mermeroo/free-v2ray-collector/main/main/vmess
2026-05-21 09:33:14,040 | INFO     |   → 700/945 ❌ HTTP 404 — https://raw.githubusercontent.com/mfuu/v2ray/master/merge/merge.txt
2026-05-21 09:33:14,040 | INFO     |   → 701/945: ✅ 16 взято | 🗑️ 201 мусор
2026-05-21 09:33:14,040 | INFO     |   → 702/945: ✅ 0 взято | 🗑️ 201 мусор
2026-05-21 09:33:14,040 | INFO     |   → 703/945: ✅ 551 взято | 🗑️ 15173 мусор
2026-05-21 09:33:14,040 | INFO     |   → 704/945: ✅ 0 взято | 🗑️ 15173 мусор
2026-05-21 09:33:14,040 | INFO     |   → 705/945: ✅ 0 взято | 🗑️ 3089 мусор
2026-05-21 09:33:14,040 | INFO     |   → 706/945: ✅ 0 взято | 🗑️ 2102 мусор
2026-05-21 09:33:14,040 | INFO     |   → 707/945: ✅ 0 взято | 🗑️ 5506 мусор
2026-05-21 09:33:14,040 | INFO     |   → 708/945: ✅ 0 взято | 🗑️ 4476 мусор
2026-05-21 09:33:14,040 | INFO     |   → 709/945 ❌ HTTP 404 — https://raw.githubusercontent.com/mianous/qiren/main/qiren.txt
2026-05-21 09:33:14,040 | INFO     |   → 710/945 ❌ HTTP 404 — https://raw.githubusercontent.com/miladtahanian/V2RayCFGDumper/refs/heads/main/config.txt
2026-05-21 09:33:14,040 | INFO     |   → 711/945 ❌ HTTP 404 — https://raw.githubusercontent.com/miladtahanian/multi-proxy-config-fetcher/refs/heads/main/configs/proxy_configs.txt
2026-05-21 09:33:14,040 | INFO     |   → 712/945: ✅ 0 взято | 🗑️ 0 мусор
2026-05-21 09:33:14,040 | INFO     |   → 713/945: ✅ 0 взято | 🗑️ 0 мусор
2026-05-21 09:33:14,040 | INFO     |   → 714/945: ✅ 0 взято | 🗑️ 0 мусор
2026-05-21 09:33:14,040 | INFO     |   → 715/945: ✅ 15 взято | 🗑️ 46 мусор
2026-05-21 09:33:14,040 | INFO     |   → 716/945: ✅ 0 взято | 🗑️ 216 мусор
2026-05-21 09:33:14,041 | INFO     |   → 717/945: ✅ 0 взято | 🗑️ 0 мусор
2026-05-21 09:33:14,041 | INFO     |   → 718/945: ✅ 28 взято | 🗑️ 93 мусор
2026-05-21 09:33:14,041 | INFO     |   → 719/945: ✅ 0 взято | 🗑️ 0 мусор
2026-05-21 09:33:14,041 | INFO     |   → 720/945: ✅ 15 взято | 🗑️ 70 мусор
2026-05-21 09:33:14,041 | INFO     |   → 721/945: ✅ 127 взято | 🗑️ 492 мусор
2026-05-21 09:33:14,041 | INFO     |   → 722/945: ✅ 331 взято | 🗑️ 190 мусор
2026-05-21 09:33:14,041 | INFO     |   → 723/945: ✅ 27 взято | 🗑️ 776 мусор
2026-05-21 09:33:14,041 | INFO     |   → 724/945 ❌ HTTP 404 — https://raw.githubusercontent.com/obscure1990/freeVM/master/snippets/nodes.yml
2026-05-21 09:33:14,041 | INFO     |   → 725/945 ❌ HTTP 404 — https://raw.githubusercontent.com/op30mmd/things/909b38024ba14d69dc0f95c238f63bc6e930a00f/eut.txt
2026-05-21 09:33:14,041 | INFO     |   → 726/945 ❌ HTTP 404 — https://raw.githubusercontent.com/openRunner/clash-freenode/main/v2ray.txt
2026-05-21 09:33:14,041 | INFO     |   → 727/945 ❌ HTTP 404 — https://raw.githubusercontent.com/oslook/clash-freenode/main/clash.yaml
2026-05-21 09:33:14,041 | INFO     |   → 728/945: ✅ 0 взято | 🗑️ 0 мусор
2026-05-21 09:33:14,041 | INFO     |   → 729/945: ✅ 4 взято | 🗑️ 1 мусор
2026-05-21 09:33:14,041 | INFO     |   → 730/945: ✅ 0 взято | 🗑️ 0 мусор
2026-05-21 09:33:14,041 | INFO     |   → 731/945: ✅ 11 взято | 🗑️ 205 мусор
2026-05-21 09:33:14,041 | INFO     |   → 732/945: ✅ 0 взято | 🗑️ 0 мусор
2026-05-21 09:33:14,041 | INFO     |   → 733/945: ✅ 0 взято | 🗑️ 0 мусор
2026-05-21 09:33:14,041 | INFO     |   → 734/945: ✅ 0 взято | 🗑️ 19 мусор
2026-05-21 09:33:14,041 | INFO     |   → 735/945: ✅ 0 взято | 🗑️ 44 мусор
2026-05-21 09:33:14,041 | INFO     |   → 736/945: ✅ 63 взято | 🗑️ 521 мусор
2026-05-21 09:33:14,041 | INFO     |   → 737/945: ✅ 165 взято | 🗑️ 273 мусор
2026-05-21 09:33:14,041 | INFO     |   → 738/945: ✅ 0 взято | 🗑️ 0 мусор
2026-05-21 09:33:14,041 | INFO     |   → 739/945: ✅ 28 взято | 🗑️ 211 мусор
2026-05-21 09:33:14,041 | INFO     |   → 740/945: ✅ 0 взято | 🗑️ 79 мусор
2026-05-21 09:33:14,041 | INFO     |   → 741/945: ✅ 13 взято | 🗑️ 32 мусор
2026-05-21 09:33:14,041 | INFO     |   → 742/945: ✅ 0 взято | 🗑️ 0 мусор
2026-05-21 09:33:14,041 | INFO     |   → 743/945: ✅ 2 взято | 🗑️ 9 мусор
2026-05-21 09:33:14,041 | INFO     |   → 744/945: ✅ 11 взято | 🗑️ 76 мусор
2026-05-21 09:33:14,041 | INFO     |   → 745/945: ✅ 0 взято | 🗑️ 168 мусор
2026-05-21 09:33:14,041 | INFO     |   → 746/945: ✅ 0 взято | 🗑️ 79 мусор
2026-05-21 09:33:14,042 | INFO     |   → 747/945: ✅ 0 взято | 🗑️ 16 мусор
2026-05-21 09:33:14,042 | INFO     |   → 748/945 ❌ HTTP 404 — https://raw.githubusercontent.com/ronghuaxueleng/get_v2/main/pub/changfengoss.yaml
2026-05-21 09:33:14,042 | INFO     |   → 749/945: ✅ 0 взято | 🗑️ 0 мусор
2026-05-21 09:33:14,042 | INFO     |   → 750/945: ✅ 34 взято | 🗑️ 116 мусор
2026-05-21 09:33:14,042 | INFO     |   → 751/945: ✅ 0 взято | 🗑️ 116 мусор
2026-05-21 09:33:14,042 | INFO     |   → 752/945 ❌ HTTP 404 — https://raw.githubusercontent.com/rxsweet/CM_Vmess/refs/heads/main/test.txt
2026-05-21 09:33:14,042 | INFO     |   → 753/945 ❌ HTTP 404 — https://raw.githubusercontent.com/rxsweet/proxies/main/sub/free.yaml
2026-05-21 09:33:14,042 | INFO     |   → 754/945 ❌ HTTP 404 — https://raw.githubusercontent.com/rxsweet/proxies/main/sub/rx.yaml
2026-05-21 09:33:14,042 | INFO     |   → 755/945 ❌ HTTP 404 — https://raw.githubusercontent.com/rxsweet/proxies/main/sub/sources/dynamicAll.yaml
2026-05-21 09:33:14,042 | INFO     |   → 756/945 ❌ HTTP 404 — https://raw.githubusercontent.com/rxsweet/proxies/main/sub/sources/miningAll.yaml
2026-05-21 09:33:14,042 | INFO     |   → 757/945 ❌ HTTP 404 — https://raw.githubusercontent.com/rxsweet/proxies/main/sub/srx.yaml
2026-05-21 09:33:14,042 | INFO     |   → 758/945 ❌ HTTP 404 — https://raw.githubusercontent.com/sajad-sajadi/V2ray-Collector/raw/main/output/protocols/vmess.txt
2026-05-21 09:33:14,042 | INFO     |   → 759/945 ❌ HTTP 404 — https://raw.githubusercontent.com/sakha1370/OpenRay/raw/refs/heads/main/output/all_valid_proxies.txt
2026-05-21 09:33:14,042 | INFO     |   → 760/945: ✅ 53 взято | 🗑️ 399 мусор
2026-05-21 09:33:14,042 | INFO     |   → 761/945: ✅ 0 взято | 🗑️ 399 мусор
2026-05-21 09:33:14,042 | INFO     |   → 762/945 ❌ HTTP 404 — https://raw.githubusercontent.com/samjoeyang/subscribe/main/fly
2026-05-21 09:33:14,042 | INFO     |   → 763/945: ✅ 0 взято | 🗑️ 0 мусор
2026-05-21 09:33:14,042 | INFO     |   → 764/945 ❌ HTTP 404 — https://raw.githubusercontent.com/sarina-ad/v2ray/main/v2ray
2026-05-21 09:33:14,042 | INFO     |   → 765/945 ❌ HTTP 404 — https://raw.githubusercontent.com/satrom/V2SSR/master/SSR/Sub.txt
2026-05-21 09:33:14,042 | INFO     |   → 766/945 ❌ HTTP 404 — https://raw.githubusercontent.com/satrom/V2SSR/master/V2RAY/Sub.txt
2026-05-21 09:33:14,042 | INFO     |   → 767/945: ✅ 2120 взято | 🗑️ 57867 мусор
2026-05-21 09:33:14,042 | INFO     |   → 768/945: ✅ 0 взято | 🗑️ 0 мусор
2026-05-21 09:33:14,042 | INFO     |   → 769/945: ✅ 0 взято | 🗑️ 0 мусор
2026-05-21 09:33:14,042 | INFO     |   → 770/945: ✅ 3 взято | 🗑️ 49 мусор
2026-05-21 09:33:14,042 | INFO     |   → 771/945: ✅ 128 взято | 🗑️ 1239 мусор
2026-05-21 09:33:14,042 | INFO     |   → 772/945: ✅ 0 взято | 🗑️ 618 мусор
2026-05-21 09:33:14,042 | INFO     |   → 773/945: ✅ 0 взято | 🗑️ 59 мусор
2026-05-21 09:33:14,042 | INFO     |   → 774/945: ✅ 0 взято | 🗑️ 545 мусор
2026-05-21 09:33:14,042 | INFO     |   → 775/945: ✅ 0 взято | 🗑️ 17 мусор
2026-05-21 09:33:14,042 | INFO     |   → 776/945: ✅ 0 взято | 🗑️ 1239 мусор
2026-05-21 09:33:14,043 | INFO     |   → 777/945: ✅ 0 взято | 🗑️ 0 мусор
2026-05-21 09:33:14,043 | INFO     |   → 778/945 ❌ HTTP 404 — https://raw.githubusercontent.com/shirkerboy/scp/main/sub
2026-05-21 09:33:14,043 | INFO     |   → 779/945 ❌ HTTP 404 — https://raw.githubusercontent.com/snakem982/proxypool/main/nodelist.txt
2026-05-21 09:33:14,043 | INFO     |   → 780/945: ✅ 13 взято | 🗑️ 27 мусор
2026-05-21 09:33:14,043 | INFO     |   → 781/945 ❌ HTTP 404 — https://raw.githubusercontent.com/snakem982/proxypool/main/source/v2ray.txt
2026-05-21 09:33:14,043 | INFO     |   → 782/945 ❌ HTTP 404 — https://raw.githubusercontent.com/soroushmirzaei/telegram-configs-collector/main/channels/protocols/hysteria
2026-05-21 09:33:14,043 | INFO     |   → 783/945 ❌ HTTP 404 — https://raw.githubusercontent.com/soroushmirzaei/telegram-configs-collector/main/channels/protocols/juicity
2026-05-21 09:33:14,043 | INFO     |   → 784/945 ❌ HTTP 404 — https://raw.githubusercontent.com/soroushmirzaei/telegram-configs-collector/main/channels/protocols/reality
2026-05-21 09:33:14,043 | INFO     |   → 785/945 ❌ HTTP 404 — https://raw.githubusercontent.com/soroushmirzaei/telegram-configs-collector/main/channels/protocols/shadowsocks
2026-05-21 09:33:14,043 | INFO     |   → 786/945 ❌ HTTP 404 — https://raw.githubusercontent.com/soroushmirzaei/telegram-configs-collector/main/channels/protocols/trojan
2026-05-21 09:33:14,043 | INFO     |   → 787/945 ❌ HTTP 404 — https://raw.githubusercontent.com/soroushmirzaei/telegram-configs-collector/main/channels/protocols/tuic
2026-05-21 09:33:14,043 | INFO     |   → 788/945 ❌ HTTP 404 — https://raw.githubusercontent.com/soroushmirzaei/telegram-configs-collector/main/channels/protocols/vless
2026-05-21 09:33:14,043 | INFO     |   → 789/945 ❌ HTTP 404 — https://raw.githubusercontent.com/soroushmirzaei/telegram-configs-collector/main/channels/protocols/vmess
2026-05-21 09:33:14,043 | INFO     |   → 790/945 ❌ HTTP 404 — https://raw.githubusercontent.com/soroushmirzaei/telegram-configs-collector/main/countries/jp/mixed
2026-05-21 09:33:14,043 | INFO     |   → 791/945 ❌ HTTP 404 — https://raw.githubusercontent.com/soroushmirzaei/telegram-configs-collector/main/protocols/hysteria
2026-05-21 09:33:14,043 | INFO     |   → 792/945 ❌ HTTP 404 — https://raw.githubusercontent.com/soroushmirzaei/telegram-configs-collector/main/protocols/juicity
2026-05-21 09:33:14,043 | INFO     |   → 793/945 ❌ HTTP 404 — https://raw.githubusercontent.com/soroushmirzaei/telegram-configs-collector/main/protocols/reality
2026-05-21 09:33:14,043 | INFO     |   → 794/945 ❌ HTTP 404 — https://raw.githubusercontent.com/soroushmirzaei/telegram-configs-collector/main/protocols/shadowsocks
2026-05-21 09:33:14,043 | INFO     |   → 795/945 ❌ HTTP 404 — https://raw.githubusercontent.com/soroushmirzaei/telegram-configs-collector/main/protocols/trojan
2026-05-21 09:33:14,043 | INFO     |   → 796/945 ❌ HTTP 404 — https://raw.githubusercontent.com/soroushmirzaei/telegram-configs-collector/main/protocols/tuic
2026-05-21 09:33:14,043 | INFO     |   → 797/945 ❌ HTTP 404 — https://raw.githubusercontent.com/soroushmirzaei/telegram-configs-collector/main/protocols/vless
2026-05-21 09:33:14,043 | INFO     |   → 798/945 ❌ HTTP 404 — https://raw.githubusercontent.com/soroushmirzaei/telegram-configs-collector/main/protocols/vmess
2026-05-21 09:33:14,043 | INFO     |   → 799/945 ❌ HTTP 404 — https://raw.githubusercontent.com/soroushmirzaei/telegram-configs-collector/main/splitted/subscribe
2026-05-21 09:33:14,043 | INFO     |   → 800/945 ❌ HTTP 404 — https://raw.githubusercontent.com/ssrsub/ssr/master/Clash.yml
2026-05-21 09:33:14,043 | INFO     |   → 801/945 ❌ HTTP 404 — https://raw.githubusercontent.com/ssrsub/ssr/master/V2Ray
2026-05-21 09:33:14,043 | INFO     |   → 802/945 ❌ HTTP 404 — https://raw.githubusercontent.com/ssrsub/ssr/master/ss-sub
2026-05-21 09:33:14,043 | INFO     |   → 803/945 ❌ HTTP 404 — https://raw.githubusercontent.com/ssrsub/ssr/master/ssrsub
2026-05-21 09:33:14,043 | INFO     |   → 804/945 ❌ HTTP 404 — https://raw.githubusercontent.com/ssrsub/ssr/master/trojan
2026-05-21 09:33:14,043 | INFO     |   → 805/945: ✅ 0 взято | 🗑️ 0 мусор
2026-05-21 09:33:14,044 | INFO     |   → 806/945: ✅ 2 взято | 🗑️ 12 мусор
2026-05-21 09:33:14,044 | INFO     |   → 807/945: ✅ 0 взято | 🗑️ 13 мусор
2026-05-21 09:33:14,044 | INFO     |   → 808/945: ✅ 0 взято | 🗑️ 13 мусор
2026-05-21 09:33:14,044 | INFO     |   → 809/945 ❌ HTTP 404 — https://raw.githubusercontent.com/tbbatbb/Proxy/master/dist/clash.config.yaml
2026-05-21 09:33:14,044 | INFO     |   → 810/945: ✅ 2 взято | 🗑️ 35 мусор
2026-05-21 09:33:14,044 | INFO     |   → 811/945: ✅ 0 взято | 🗑️ 0 мусор
2026-05-21 09:33:14,044 | INFO     |   → 812/945: ✅ 5 взято | 🗑️ 111 мусор
2026-05-21 09:33:14,044 | INFO     |   → 813/945: ✅ 0 взято | 🗑️ 0 мусор
2026-05-21 09:33:14,044 | INFO     |   → 814/945: ✅ 0 взято | 🗑️ 93 мусор
2026-05-21 09:33:14,044 | INFO     |   → 815/945 ❌ HTTP 404 — https://raw.githubusercontent.com/v2clash/Autoproxy/a81f840ab2364124133572ec94e4b81fb0d4e58d/sub/2401/240104.txt
2026-05-21 09:33:14,044 | INFO     |   → 816/945 ❌ HTTP 404 — https://raw.githubusercontent.com/v2clash/V2ray-Configs/31f493c584d0c7b56350f4a34d80c53ad82bcc18/Sub9.txt
2026-05-21 09:33:14,044 | INFO     |   → 817/945: ✅ 0 взято | 🗑️ 0 мусор
2026-05-21 09:33:14,044 | INFO     |   → 818/945: ✅ 0 взято | 🗑️ 0 мусор
2026-05-21 09:33:14,044 | INFO     |   → 819/945: ✅ 0 взято | 🗑️ 0 мусор
2026-05-21 09:33:14,044 | INFO     |   → 820/945: ✅ 283 взято | 🗑️ 9640 мусор
2026-05-21 09:33:14,044 | INFO     |   → 821/945: ✅ 281 взято | 🗑️ 10086 мусор
2026-05-21 09:33:14,044 | INFO     |   → 822/945: ✅ 280 взято | 🗑️ 9675 мусор
2026-05-21 09:33:14,044 | INFO     |   → 823/945: ✅ 334 взято | 🗑️ 9823 мусор
2026-05-21 09:33:14,044 | INFO     |   → 824/945: ✅ 350 взято | 🗑️ 9639 мусор
2026-05-21 09:33:14,044 | INFO     |   → 825/945: ✅ 125 взято | 🗑️ 7919 мусор
2026-05-21 09:33:14,044 | INFO     |   → 826/945: ✅ 135 взято | 🗑️ 4836 мусор
2026-05-21 09:33:14,044 | INFO     |   → 827/945: ✅ 502 взято | 🗑️ 7659 мусор
2026-05-21 09:33:14,044 | INFO     |   → 828/945: ✅ 631 взято | 🗑️ 8081 мусор
2026-05-21 09:33:14,044 | INFO     |   → 829/945: ✅ 202 взято | 🗑️ 5131 мусор
2026-05-21 09:33:14,044 | INFO     |   → 830/945 ❌ HTTP 404 — https://raw.githubusercontent.com/vveg26/chromego_merge/main/sub/merged_proxies.yaml
2026-05-21 09:33:14,044 | INFO     |   → 831/945 ❌ HTTP 404 — https://raw.githubusercontent.com/vveg26/get_proxy/main/dist/clash.config.yaml
2026-05-21 09:33:14,044 | INFO     |   → 832/945: ✅ 0 взято | 🗑️ 10 мусор
2026-05-21 09:33:14,044 | INFO     |   → 833/945: ✅ 0 взято | 🗑️ 10 мусор
2026-05-21 09:33:14,044 | INFO     |   → 834/945: ✅ 0 взято | 🗑️ 4 мусор
2026-05-21 09:33:14,045 | INFO     |   → 835/945: ✅ 0 взято | 🗑️ 0 мусор
2026-05-21 09:33:14,045 | INFO     |   → 836/945: ✅ 0 взято | 🗑️ 4 мусор
2026-05-21 09:33:14,045 | INFO     |   → 837/945: ✅ 106 взято | 🗑️ 689 мусор
2026-05-21 09:33:14,045 | INFO     |   → 838/945: ✅ 48 взято | 🗑️ 841 мусор
2026-05-21 09:33:14,045 | INFO     |   → 839/945: ✅ 21 взято | 🗑️ 789 мусор
2026-05-21 09:33:14,045 | INFO     |   → 840/945: ✅ 24 взято | 🗑️ 774 мусор
2026-05-21 09:33:14,045 | INFO     |   → 841/945: ✅ 52 взято | 🗑️ 756 мусор
2026-05-21 09:33:14,045 | INFO     |   → 842/945: ✅ 191 взято | 🗑️ 745 мусор
2026-05-21 09:33:14,045 | INFO     |   → 843/945: ✅ 9 взято | 🗑️ 651 мусор
2026-05-21 09:33:14,045 | INFO     |   → 844/945: ✅ 185 взято | 🗑️ 388 мусор
2026-05-21 09:33:14,045 | INFO     |   → 845/945: ✅ 130 взято | 🗑️ 523 мусор
2026-05-21 09:33:14,045 | INFO     |   → 846/945: ✅ 67 взято | 🗑️ 533 мусор
2026-05-21 09:33:14,045 | INFO     |   → 847/945: ✅ 98 взято | 🗑️ 444 мусор
2026-05-21 09:33:14,045 | INFO     |   → 848/945: ✅ 102 взято | 🗑️ 670 мусор
2026-05-21 09:33:14,045 | INFO     |   → 849/945: ✅ 86 взято | 🗑️ 476 мусор
2026-05-21 09:33:14,045 | INFO     |   → 850/945: ✅ 95 взято | 🗑️ 657 мусор
2026-05-21 09:33:14,045 | INFO     |   → 851/945: ✅ 105 взято | 🗑️ 645 мусор
2026-05-21 09:33:14,045 | INFO     |   → 852/945: ✅ 115 взято | 🗑️ 985 мусор
2026-05-21 09:33:14,045 | INFO     |   → 853/945: ✅ 6 взято | 🗑️ 63 мусор
2026-05-21 09:33:14,045 | INFO     |   → 854/945: ✅ 7 взято | 🗑️ 62 мусор
2026-05-21 09:33:14,045 | INFO     |   → 855/945: ✅ 39 взято | 🗑️ 489 мусор
2026-05-21 09:33:14,045 | INFO     |   → 856/945: ✅ 0 взято | 🗑️ 0 мусор
2026-05-21 09:33:14,045 | INFO     |   → 857/945: ✅ 0 взято | 🗑️ 0 мусор
2026-05-21 09:33:14,045 | INFO     |   → 858/945: ✅ 0 взято | 🗑️ 0 мусор
2026-05-21 09:33:14,045 | INFO     |   → 859/945: ✅ 0 взято | 🗑️ 0 мусор
2026-05-21 09:33:14,045 | INFO     |   → 860/945: ✅ 0 взято | 🗑️ 0 мусор
2026-05-21 09:33:14,045 | INFO     |   → 861/945: ✅ 0 взято | 🗑️ 52 мусор
2026-05-21 09:33:14,045 | INFO     |   → 862/945: ✅ 5 взято | 🗑️ 10 мусор
2026-05-21 09:33:14,045 | INFO     |   → 863/945: ✅ 1 взято | 🗑️ 124 мусор
2026-05-21 09:33:14,045 | INFO     |   → 864/945: ✅ 124 взято | 🗑️ 121 мусор
2026-05-21 09:33:14,046 | INFO     |   → 865/945: ✅ 0 взято | 🗑️ 9 мусор
2026-05-21 09:33:14,046 | INFO     |   → 866/945: ✅ 69 взято | 🗑️ 1313 мусор
2026-05-21 09:33:14,046 | INFO     |   → 867/945 ❌ HTTP 404 — https://raw.githubusercontent.com/xiaozhu2007/xiaozhu2007/61a755a044dbaeea678bc2d1e20f21a21c6d7170/docs/fxxk.txt
2026-05-21 09:33:14,046 | INFO     |   → 868/945: ✅ 1 взято | 🗑️ 159 мусор
2026-05-21 09:33:14,046 | INFO     |   → 869/945: ✅ 0 взято | 🗑️ 22 мусор
2026-05-21 09:33:14,046 | INFO     |   → 870/945: ✅ 0 взято | 🗑️ 0 мусор
2026-05-21 09:33:14,046 | INFO     |   → 871/945 ❌ HTTP 404 — https://raw.githubusercontent.com/yebekhe/TVC/0f745f92bf381e505f1245abbc7c145b19b11503/config.txt
2026-05-21 09:33:14,046 | INFO     |   → 872/945 ❌ HTTP 404 — https://raw.githubusercontent.com/yebekhe/TVC/9fac69239c69327fb7a61f5a8d79d107133889e1/lite/config.txt
2026-05-21 09:33:14,046 | INFO     |   → 873/945 ❌ HTTP 404 — https://raw.githubusercontent.com/yebekhe/TelegramV2rayCollector/main/sub/normal/donated
2026-05-21 09:33:14,046 | INFO     |   → 874/945 ❌ HTTP 404 — https://raw.githubusercontent.com/yebekhe/TelegramV2rayCollector/main/sub/normal/hysteria2
2026-05-21 09:33:14,046 | INFO     |   → 875/945 ❌ HTTP 404 — https://raw.githubusercontent.com/yebekhe/TelegramV2rayCollector/main/sub/normal/mix
2026-05-21 09:33:14,046 | INFO     |   → 876/945 ❌ HTTP 404 — https://raw.githubusercontent.com/yebekhe/TelegramV2rayCollector/main/sub/normal/reality
2026-05-21 09:33:14,046 | INFO     |   → 877/945 ❌ HTTP 404 — https://raw.githubusercontent.com/yebekhe/TelegramV2rayCollector/main/sub/normal/shadowsocks
2026-05-21 09:33:14,046 | INFO     |   → 878/945 ❌ HTTP 404 — https://raw.githubusercontent.com/yebekhe/TelegramV2rayCollector/main/sub/normal/trojan
2026-05-21 09:33:14,046 | INFO     |   → 879/945 ❌ HTTP 404 — https://raw.githubusercontent.com/yebekhe/TelegramV2rayCollector/main/sub/normal/tuic
2026-05-21 09:33:14,046 | INFO     |   → 880/945 ❌ HTTP 404 — https://raw.githubusercontent.com/yebekhe/TelegramV2rayCollector/main/sub/normal/vless
2026-05-21 09:33:14,046 | INFO     |   → 881/945 ❌ HTTP 404 — https://raw.githubusercontent.com/yebekhe/TelegramV2rayCollector/main/sub/normal/vmess
2026-05-21 09:33:14,046 | INFO     |   → 882/945 ❌ HTTP 404 — https://raw.githubusercontent.com/yebekhe/V2Hub/main/Split/Normal/shadowsocks
2026-05-21 09:33:14,046 | INFO     |   → 883/945 ❌ HTTP 404 — https://raw.githubusercontent.com/yebekhe/V2Hub/main/merged
2026-05-21 09:33:14,046 | INFO     |   → 884/945: ✅ 0 взято | 🗑️ 30 мусор
2026-05-21 09:33:14,046 | INFO     |   → 885/945: ✅ 930 взято | 🗑️ 7218 мусор
2026-05-21 09:33:14,046 | INFO     |   → 886/945: ✅ 8 взято | 🗑️ 340 мусор
2026-05-21 09:33:14,046 | INFO     |   → 887/945: ✅ 7 взято | 🗑️ 286 мусор
2026-05-21 09:33:14,046 | INFO     |   → 888/945: ✅ 305 взято | 🗑️ 288 мусор
2026-05-21 09:33:14,046 | INFO     |   → 889/945: ✅ 128 взято | 🗑️ 1432 мусор
2026-05-21 09:33:14,046 | INFO     |   → 890/945: ✅ 2 взято | 🗑️ 402 мусор
2026-05-21 09:33:14,046 | INFO     |   → 891/945 ❌ HTTP 404 — https://raw.githubusercontent.com/yyyr-otz/tele-providers-collector/019cb3e07ee52fddbc7caa54fc670c6b9bae6539/sub/proxies.txt
2026-05-21 09:33:14,046 | INFO     |   → 892/945 ❌ HTTP 404 — https://raw.githubusercontent.com/yyyr-otz/tele-providers-collector/b7a74ee98bcf02c5a507d688a1bed3aa9f7f4ed1/script/raw/protocols/mixed.txt
2026-05-21 09:33:14,046 | INFO     |   → 893/945: ✅ 0 взято | 🗑️ 0 мусор
2026-05-21 09:33:14,047 | INFO     |   → 894/945: ✅ 0 взято | 🗑️ 0 мусор
2026-05-21 09:33:14,047 | INFO     |   → 895/945: ✅ 1 взято | 🗑️ 18 мусор
2026-05-21 09:33:14,047 | INFO     |   → 896/945: ✅ 28 взято | 🗑️ 999 мусор
2026-05-21 09:33:14,047 | INFO     |   → 897/945: ✅ 0 взято | 🗑️ 5 мусор
2026-05-21 09:33:14,047 | INFO     |   → 898/945: ✅ 0 взято | 🗑️ 0 мусор
2026-05-21 09:33:14,047 | INFO     |   → 899/945 ⚠️ Ошибка: ('Connection aborted.', RemoteDisconnected('Remote end closed connection without response')) — https://sub.pmsub.me/clash.yaml
2026-05-21 09:33:14,047 | INFO     |   → 900/945: ✅ 0 взято | 🗑️ 1 мусор
2026-05-21 09:33:14,047 | INFO     |   → 901/945: ✅ 8 взято | 🗑️ 21 мусор
2026-05-21 09:33:14,047 | INFO     |   → 902/945: ✅ 0 взято | 🗑️ 0 мусор
2026-05-21 09:33:14,047 | INFO     |   → 903/945: ✅ 9 взято | 🗑️ 19 мусор
2026-05-21 09:33:14,047 | INFO     |   → 904/945: ✅ 0 взято | 🗑️ 0 мусор
2026-05-21 09:33:14,047 | INFO     |   → 905/945: ✅ 2 взято | 🗑️ 14 мусор
2026-05-21 09:33:14,047 | INFO     |   → 906/945: ✅ 4 взято | 🗑️ 22 мусор
2026-05-21 09:33:14,047 | INFO     |   → 907/945: ✅ 0 взято | 🗑️ 0 мусор
2026-05-21 09:33:14,047 | INFO     |   → 908/945: ✅ 0 взято | 🗑️ 0 мусор
2026-05-21 09:33:14,047 | INFO     |   → 909/945: ✅ 0 взято | 🗑️ 0 мусор
2026-05-21 09:33:14,047 | INFO     |   → 910/945: ✅ 2 взято | 🗑️ 16 мусор
2026-05-21 09:33:14,047 | INFO     |   → 911/945: ✅ 0 взято | 🗑️ 0 мусор
2026-05-21 09:33:14,047 | INFO     |   → 912/945: ✅ 4 взято | 🗑️ 7 мусор
2026-05-21 09:33:14,047 | INFO     |   → 913/945: ✅ 0 взято | 🗑️ 0 мусор
2026-05-21 09:33:14,047 | INFO     |   → 914/945: ✅ 6 взято | 🗑️ 14 мусор
2026-05-21 09:33:14,047 | INFO     |   → 915/945: ✅ 0 взято | 🗑️ 0 мусор
2026-05-21 09:33:14,047 | INFO     |   → 916/945: ✅ 2 взято | 🗑️ 13 мусор
2026-05-21 09:33:14,047 | INFO     |   → 917/945: ✅ 0 взято | 🗑️ 0 мусор
2026-05-21 09:33:14,047 | INFO     |   → 918/945: ✅ 0 взято | 🗑️ 0 мусор
2026-05-21 09:33:14,047 | INFO     |   → 919/945: ✅ 2 взято | 🗑️ 7 мусор
2026-05-21 09:33:14,047 | INFO     |   → 920/945: ✅ 1 взято | 🗑️ 14 мусор
2026-05-21 09:33:14,047 | INFO     |   → 921/945: ✅ 2 взято | 🗑️ 14 мусор
2026-05-21 09:33:14,047 | INFO     |   → 922/945: ✅ 0 взято | 🗑️ 0 мусор
2026-05-21 09:33:14,047 | INFO     |   → 923/945: ✅ 3 взято | 🗑️ 22 мусор
2026-05-21 09:33:14,048 | INFO     |   → 924/945: ✅ 0 взято | 🗑️ 0 мусор
2026-05-21 09:33:14,048 | INFO     |   → 925/945: ✅ 2 взято | 🗑️ 15 мусор
2026-05-21 09:33:14,048 | INFO     |   → 926/945: ✅ 3 взято | 🗑️ 12 мусор
2026-05-21 09:33:14,048 | INFO     |   → 927/945: ✅ 0 взято | 🗑️ 0 мусор
2026-05-21 09:33:14,048 | INFO     |   → 928/945: ✅ 0 взято | 🗑️ 0 мусор
2026-05-21 09:33:14,048 | INFO     |   → 929/945: ✅ 0 взято | 🗑️ 0 мусор
2026-05-21 09:33:14,048 | INFO     |   → 930/945: ✅ 4 взято | 🗑️ 11 мусор
2026-05-21 09:33:14,048 | INFO     |   → 931/945: ✅ 10 взято | 🗑️ 15 мусор
2026-05-21 09:33:14,048 | INFO     |   → 932/945: ✅ 0 взято | 🗑️ 0 мусор
2026-05-21 09:33:14,048 | INFO     |   → 933/945: ✅ 13 взято | 🗑️ 15 мусор
2026-05-21 09:33:14,048 | INFO     |   → 934/945: ✅ 0 взято | 🗑️ 0 мусор
2026-05-21 09:33:14,048 | INFO     |   → 935/945: ✅ 5 взято | 🗑️ 15 мусор
2026-05-21 09:33:14,048 | INFO     |   → 936/945: ✅ 0 взято | 🗑️ 0 мусор
2026-05-21 09:33:14,048 | INFO     |   → 937/945: ✅ 8 взято | 🗑️ 16 мусор
2026-05-21 09:33:14,048 | INFO     |   → 938/945: ✅ 0 взято | 🗑️ 0 мусор
2026-05-21 09:33:14,048 | INFO     |   → 939/945: ✅ 0 взято | 🗑️ 24 мусор
2026-05-21 09:33:14,048 | INFO     |   → 940/945: ✅ 0 взято | 🗑️ 0 мусор
2026-05-21 09:33:14,048 | INFO     |   → 941/945: ✅ 4 взято | 🗑️ 17 мусор
2026-05-21 09:33:14,048 | INFO     |   → 942/945: ✅ 0 взято | 🗑️ 0 мусор
2026-05-21 09:33:14,048 | INFO     |   → 943/945: ✅ 12 взято | 🗑️ 18 мусор
2026-05-21 09:33:14,048 | INFO     |   → 944/945: ✅ 0 взято | 🗑️ 0 мусор
2026-05-21 09:33:14,048 | INFO     |   → 945/945: ✅ 0 взято | 🗑️ 22 мусор
2026-05-21 09:33:14,048 | INFO     |   → ✅ ГОТОВО!
2026-05-21 09:33:14,048 | INFO     |   →    📥 Всего ключей после фильтра: 21253
2026-05-21 09:33:14,048 | INFO     |   →    🔗 Уникальных IP:PORT:SCHEME: 10767
2026-05-21 09:33:14,048 | INFO     |   →    🗑️ Выброшено мусора: 392904
2026-05-21 09:33:14,048 | INFO     |   → 📊 По протоколам:
2026-05-21 09:33:14,048 | INFO     |   →    vless: 3664
2026-05-21 09:33:14,048 | INFO     |   →    vmess: 3736
2026-05-21 09:33:14,048 | INFO     |   →    trojan: 1328
2026-05-21 09:33:14,048 | INFO     |   →    ss: 1876
2026-05-21 09:33:14,048 | INFO     |   →    hysteria: 13
2026-05-21 09:33:14,048 | INFO     |   →    hysteria2: 39
2026-05-21 09:33:14,048 | INFO     |   →    hy2: 59
2026-05-21 09:33:14,048 | INFO     |   →    tuic: 52
2026-05-21 09:33:14,048 | INFO     | ✅ mirror.py завершён успешно
2026-05-21 09:33:14,049 | INFO     | 
2026-05-21 09:33:14,049 | INFO     | 
2026-05-21 09:33:14,049 | INFO     | ──────────────────────────────────────────────────────────────────────
2026-05-21 09:33:14,049 | INFO     | 📌 ЭТАП: Фильтрация по реальному SNI
2026-05-21 09:33:14,049 | INFO     | ──────────────────────────────────────────────────────────────────────
2026-05-21 09:33:14,049 | INFO     | 🚀 Запуск filter_ru_sni.py (Фильтр по реальному SNI (CDN+RU))...
2026-05-21 09:33:14,288 | INFO     |   → hy2.txt: 59 → 19 (SNI-filtered)
2026-05-21 09:33:14,288 | INFO     |   →   hysteria.txt: 13 → 0 (SNI-filtered)
2026-05-21 09:33:14,288 | INFO     |   →   hysteria2.txt: 39 → 5 (SNI-filtered)
2026-05-21 09:33:14,289 | INFO     |   →   ss.txt: 1876 → 1 (SNI-filtered)
2026-05-21 09:33:14,289 | INFO     |   →   trojan.txt: 1328 → 3 (SNI-filtered)
2026-05-21 09:33:14,289 | INFO     |   →   tuic.txt: 52 → 0 (SNI-filtered)
2026-05-21 09:33:14,289 | INFO     |   →   vless.txt: 3664 → 464 (SNI-filtered)
2026-05-21 09:33:14,289 | INFO     |   →   vmess.txt: 3736 → 39 (SNI-filtered)
2026-05-21 09:33:14,289 | INFO     |   → ==================================================
2026-05-21 09:33:14,289 | INFO     |   →   Всего входных:  10767
2026-05-21 09:33:14,289 | INFO     |   →   Прошли фильтр:  531
2026-05-21 09:33:14,289 | INFO     |   →   Отброшено:      10236
2026-05-21 09:33:14,289 | INFO     |   → ==================================================
2026-05-21 09:33:14,289 | INFO     |   → Готово → /home/runner/work/vpn-vless-configs-russia/vpn-vless-configs-russia/githubmirror/ru-sni
2026-05-21 09:33:14,289 | INFO     | ✅ filter_ru_sni.py завершён успешно
2026-05-21 09:33:14,289 | INFO     | 
2026-05-21 09:33:14,289 | INFO     | 
2026-05-21 09:33:14,289 | INFO     | ──────────────────────────────────────────────────────────────────────
2026-05-21 09:33:14,289 | INFO     | 📌 ЭТАП: Экспериментальный RU-SNI фильтр
2026-05-21 09:33:14,289 | INFO     | ──────────────────────────────────────────────────────────────────────
2026-05-21 09:33:14,289 | INFO     | 🚀 Запуск filter_ru_sni_local.py (Экспериментальный фильтр по RU-SNI (локальные домены))...
2026-05-21 09:33:14,451 | INFO     |   → hy2.txt: 59 → 0 (RU-SNI)
2026-05-21 09:33:14,451 | INFO     |   → hysteria.txt: 13 → 0 (RU-SNI)
2026-05-21 09:33:14,451 | INFO     |   → hysteria2.txt: 39 → 0 (RU-SNI)
2026-05-21 09:33:14,451 | INFO     |   → ss.txt: 1876 → 0 (RU-SNI)
2026-05-21 09:33:14,451 | INFO     |   → trojan.txt: 1328 → 0 (RU-SNI)
2026-05-21 09:33:14,451 | INFO     |   → tuic.txt: 52 → 0 (RU-SNI)
2026-05-21 09:33:14,451 | INFO     |   → vless.txt: 3664 → 129 (RU-SNI)
2026-05-21 09:33:14,451 | INFO     |   → vmess.txt: 3736 → 0 (RU-SNI)
2026-05-21 09:33:14,451 | INFO     |   → ==================================================
2026-05-21 09:33:14,451 | INFO     |   → Всего входных:  10767
2026-05-21 09:33:14,451 | INFO     |   → Прошли RU-SNI:  129
2026-05-21 09:33:14,451 | INFO     |   → Отброшено:      10638
2026-05-21 09:33:14,451 | INFO     |   → ==================================================
2026-05-21 09:33:14,451 | INFO     |   → Готово → /home/runner/work/vpn-vless-configs-russia/vpn-vless-configs-russia/githubmirror/ru-sni-local
2026-05-21 09:33:14,451 | INFO     | ✅ filter_ru_sni_local.py завершён успешно
2026-05-21 09:33:14,451 | INFO     | 
2026-05-21 09:33:14,451 | INFO     | 
2026-05-21 09:33:14,451 | INFO     | ──────────────────────────────────────────────────────────────────────
2026-05-21 09:33:14,451 | INFO     | 📌 ЭТАП: Сбор статистики
2026-05-21 09:33:14,451 | INFO     | ──────────────────────────────────────────────────────────────────────
2026-05-21 09:33:14,451 | INFO     | 📊 Сбор статистики...
2026-05-21 09:33:14,452 | INFO     |   📁 githubmirror/clean:
2026-05-21 09:33:14,452 | INFO     |     • hy2         :    59 конфигов
2026-05-21 09:33:14,452 | INFO     |     • hysteria    :    13 конфигов
2026-05-21 09:33:14,452 | INFO     |     • hysteria2   :    39 конфигов
2026-05-21 09:33:14,454 | INFO     |     • ss          :  1876 конфигов
2026-05-21 09:33:14,455 | INFO     |     • trojan      :  1328 конфигов
2026-05-21 09:33:14,455 | INFO     |     • tuic        :    52 конфигов
2026-05-21 09:33:14,459 | INFO     |     • vless       :  3664 конфигов
2026-05-21 09:33:14,462 | INFO     |     • vmess       :  3736 конфигов
2026-05-21 09:33:14,462 | INFO     |   📁 githubmirror/ru-sni:
2026-05-21 09:33:14,462 | INFO     |     • hy2         :    19 конфигов ( 32.2% от clean)
2026-05-21 09:33:14,462 | INFO     |     • hysteria    :     0 конфигов (  0.0% от clean)
2026-05-21 09:33:14,462 | INFO     |     • hysteria2   :     5 конфигов ( 12.8% от clean)
2026-05-21 09:33:14,463 | INFO     |     • ss          :     1 конфигов (  0.1% от clean)
2026-05-21 09:33:14,463 | INFO     |     • trojan      :     3 конфигов (  0.2% от clean)
2026-05-21 09:33:14,463 | INFO     |     • tuic        :     0 конфигов (  0.0% от clean)
2026-05-21 09:33:14,463 | INFO     |     • vless       :   464 конфигов ( 12.7% от clean)
2026-05-21 09:33:14,463 | INFO     |     • vmess       :    39 конфигов (  1.0% от clean)
2026-05-21 09:33:14,463 | INFO     | 
2026-05-21 09:33:14,464 | INFO     |   ──────────────────────────────────────────────────
2026-05-21 09:33:14,464 | INFO     |   📈 ИТОГО:
2026-05-21 09:33:14,464 | INFO     |     Clean (после geo-фильтра):    10767
2026-05-21 09:33:14,464 | INFO     |     RU-SNI (после SNI-фильтра):     531
2026-05-21 09:33:14,464 | INFO     |     Прошло фильтр:                  4.9%
2026-05-21 09:33:14,464 | INFO     |   ──────────────────────────────────────────────────
2026-05-21 09:33:14,464 | INFO     | ✅ Статистика сохранена: /home/runner/work/vpn-vless-configs-russia/vpn-vless-configs-russia/stats.json
2026-05-21 09:33:14,464 | INFO     | 
2026-05-21 09:33:14,464 | INFO     | ======================================================================
2026-05-21 09:33:14,464 | INFO     | 📊 ИТОГОВЫЙ ОТЧЁТ
2026-05-21 09:33:14,464 | INFO     | ======================================================================
2026-05-21 09:33:14,464 | INFO     |   ✅ OK         | Загрузка и geo-фильтрация
2026-05-21 09:33:14,464 | INFO     |   ✅ OK         | Фильтрация по реальному SNI
2026-05-21 09:33:14,464 | INFO     |   ✅ OK         | Экспериментальный RU-SNI фильтр
2026-05-21 09:33:14,464 | INFO     |   ✅ OK         | Сбор статистики
2026-05-21 09:33:14,464 | INFO     | ──────────────────────────────────────────────────────────────────────
2026-05-21 09:33:14,464 | INFO     | ✅ ВСЕ ЭТАПЫ УСПЕШНЫ (4/4)
2026-05-21 09:33:14,465 | INFO     | ⏰ Время завершения: 2026-05-21 09:33:14
2026-05-21 09:33:14,465 | INFO     | ======================================================================
